Traceback (most recent call last):
  File "/home/ubuntu/miniconda3/envs/openvoice/lib/python3.9/site-packages/librosa/core/audio.py", line 155, in load
    context = sf.SoundFile(path)
  File "/home/ubuntu/miniconda3/envs/openvoice/lib/python3.9/site-packages/soundfile.py", line 658, in __init__
    self._file = self._open(file, mode_int, closefd)
  File "/home/ubuntu/miniconda3/envs/openvoice/lib/python3.9/site-packages/soundfile.py", line 1216, in _open
    raise LibsndfileError(err, prefix="Error opening {0!r}: ".format(self.name))
soundfile.LibsndfileError: Error opening './projects/3f3df074-7497-4750-a13c-97f6376ca572/0/22_clone_Instant#kn-IN-GaganNeural.mp3': File does not exist or is not a regular file (possibly a pipe?).

During handling of the above exception, another exception occurred:

Traceback (most recent call last):
  File "/home/ubuntu/OpenVoice/job.py", line 334, in <module>
    clone_voice(f"./projects/{i}/{j}")
  File "/home/ubuntu/OpenVoice/job.py", line 201, in clone_voice
    return(convert_color(projectfolder))
  File "/home/ubuntu/OpenVoice/job.py", line 314, in convert_color
    tone_color_converter.convert(
  File "/home/ubuntu/OpenVoice/openvoice/api.py", line 144, in convert
    audio, sample_rate = librosa.load(audio_src_path, sr=hps.data.sampling_rate)
  File "/home/ubuntu/miniconda3/envs/openvoice/lib/python3.9/site-packages/librosa/util/decorators.py", line 88, in inner_f
    return f(*args, **kwargs)
  File "/home/ubuntu/miniconda3/envs/openvoice/lib/python3.9/site-packages/librosa/core/audio.py", line 174, in load
    y, sr_native = __audioread_load(path, offset, duration, dtype)
  File "/home/ubuntu/miniconda3/envs/openvoice/lib/python3.9/site-packages/librosa/core/audio.py", line 198, in __audioread_load
    with audioread.audio_open(path) as input_file:
  File "/home/ubuntu/miniconda3/envs/openvoice/lib/python3.9/site-packages/audioread/__init__.py", line 127, in audio_open
    return BackendClass(path)
  File "/home/ubuntu/miniconda3/envs/openvoice/lib/python3.9/site-packages/audioread/rawread.py", line 62, in __init__
    self._file = aifc.open(self._fh)
  File "/home/ubuntu/miniconda3/envs/openvoice/lib/python3.9/aifc.py", line 917, in open
    return Aifc_read(f)
  File "/home/ubuntu/miniconda3/envs/openvoice/lib/python3.9/aifc.py", line 358, in __init__
    self.initfp(f)
  File "/home/ubuntu/miniconda3/envs/openvoice/lib/python3.9/aifc.py", line 314, in initfp
    chunk = Chunk(file)
  File "/home/ubuntu/miniconda3/envs/openvoice/lib/python3.9/chunk.py", line 63, in __init__
    raise EOFError
EOFError
Traceback (most recent call last):
  File "/home/ubuntu/OpenVoice/job.py", line 334, in <module>
    clone_voice(f"./projects/{i}/{j}")
  File "/home/ubuntu/OpenVoice/job.py", line 201, in clone_voice
    return(convert_color(projectfolder))
  File "/home/ubuntu/OpenVoice/job.py", line 277, in convert_color
    target_se, audio_name = se_extractor.get_se(ref_audio_path, tone_color_converter, vad=False)
  File "/home/ubuntu/OpenVoice/openvoice/se_extractor.py", line 150, in get_se
    raise NotImplementedError('No audio segments found!')
NotImplementedError: No audio segments found!
Traceback (most recent call last):
  File "/home/ubuntu/OpenVoice/job.py", line 334, in <module>
    clone_voice(f"./projects/{i}/{j}")
  File "/home/ubuntu/OpenVoice/job.py", line 201, in clone_voice
    return(convert_color(projectfolder))
  File "/home/ubuntu/OpenVoice/job.py", line 277, in convert_color
    target_se, audio_name = se_extractor.get_se(ref_audio_path, tone_color_converter, vad=False)
  File "/home/ubuntu/OpenVoice/openvoice/se_extractor.py", line 150, in get_se
    raise NotImplementedError('No audio segments found!')
NotImplementedError: No audio segments found!
Traceback (most recent call last):
  File "/home/ubuntu/OpenVoice/job.py", line 334, in <module>
    clone_voice(f"./projects/{i}/{j}")
  File "/home/ubuntu/OpenVoice/job.py", line 201, in clone_voice
    return(convert_color(projectfolder))
  File "/home/ubuntu/OpenVoice/job.py", line 277, in convert_color
    target_se, audio_name = se_extractor.get_se(ref_audio_path, tone_color_converter, vad=False)
  File "/home/ubuntu/OpenVoice/openvoice/se_extractor.py", line 150, in get_se
    raise NotImplementedError('No audio segments found!')
NotImplementedError: No audio segments found!
Traceback (most recent call last):
  File "/home/ubuntu/OpenVoice/job.py", line 334, in <module>
    clone_voice(f"./projects/{i}/{j}")
  File "/home/ubuntu/OpenVoice/job.py", line 201, in clone_voice
    return(convert_color(projectfolder))
  File "/home/ubuntu/OpenVoice/job.py", line 277, in convert_color
    target_se, audio_name = se_extractor.get_se(ref_audio_path, tone_color_converter, vad=False)
  File "/home/ubuntu/OpenVoice/openvoice/se_extractor.py", line 150, in get_se
    raise NotImplementedError('No audio segments found!')
NotImplementedError: No audio segments found!
Traceback (most recent call last):
  File "/home/ubuntu/OpenVoice/job.py", line 334, in <module>
    clone_voice(f"./projects/{i}/{j}")
  File "/home/ubuntu/OpenVoice/job.py", line 201, in clone_voice
    return(convert_color(projectfolder))
  File "/home/ubuntu/OpenVoice/job.py", line 277, in convert_color
    target_se, audio_name = se_extractor.get_se(ref_audio_path, tone_color_converter, vad=False)
  File "/home/ubuntu/OpenVoice/openvoice/se_extractor.py", line 150, in get_se
    raise NotImplementedError('No audio segments found!')
NotImplementedError: No audio segments found!
Traceback (most recent call last):
  File "/home/ubuntu/miniconda3/envs/openvoice/lib/python3.9/site-packages/librosa/core/audio.py", line 155, in load
    context = sf.SoundFile(path)
  File "/home/ubuntu/miniconda3/envs/openvoice/lib/python3.9/site-packages/soundfile.py", line 658, in __init__
    self._file = self._open(file, mode_int, closefd)
  File "/home/ubuntu/miniconda3/envs/openvoice/lib/python3.9/site-packages/soundfile.py", line 1216, in _open
    raise LibsndfileError(err, prefix="Error opening {0!r}: ".format(self.name))
soundfile.LibsndfileError: Error opening './projects/d672f130-4a9c-47be-b6b0-4430ba648380/0/22_clone_Instant#de-DE-FlorianMultilingualNeural.mp3': File does not exist or is not a regular file (possibly a pipe?).

During handling of the above exception, another exception occurred:

Traceback (most recent call last):
  File "/home/ubuntu/OpenVoice/job.py", line 334, in <module>
    clone_voice(f"./projects/{i}/{j}")
  File "/home/ubuntu/OpenVoice/job.py", line 201, in clone_voice
    return(convert_color(projectfolder))
  File "/home/ubuntu/OpenVoice/job.py", line 314, in convert_color
    tone_color_converter.convert(
  File "/home/ubuntu/OpenVoice/openvoice/api.py", line 144, in convert
    audio, sample_rate = librosa.load(audio_src_path, sr=hps.data.sampling_rate)
  File "/home/ubuntu/miniconda3/envs/openvoice/lib/python3.9/site-packages/librosa/util/decorators.py", line 88, in inner_f
    return f(*args, **kwargs)
  File "/home/ubuntu/miniconda3/envs/openvoice/lib/python3.9/site-packages/librosa/core/audio.py", line 174, in load
    y, sr_native = __audioread_load(path, offset, duration, dtype)
  File "/home/ubuntu/miniconda3/envs/openvoice/lib/python3.9/site-packages/librosa/core/audio.py", line 198, in __audioread_load
    with audioread.audio_open(path) as input_file:
  File "/home/ubuntu/miniconda3/envs/openvoice/lib/python3.9/site-packages/audioread/__init__.py", line 127, in audio_open
    return BackendClass(path)
  File "/home/ubuntu/miniconda3/envs/openvoice/lib/python3.9/site-packages/audioread/rawread.py", line 62, in __init__
    self._file = aifc.open(self._fh)
  File "/home/ubuntu/miniconda3/envs/openvoice/lib/python3.9/aifc.py", line 917, in open
    return Aifc_read(f)
  File "/home/ubuntu/miniconda3/envs/openvoice/lib/python3.9/aifc.py", line 358, in __init__
    self.initfp(f)
  File "/home/ubuntu/miniconda3/envs/openvoice/lib/python3.9/aifc.py", line 314, in initfp
    chunk = Chunk(file)
  File "/home/ubuntu/miniconda3/envs/openvoice/lib/python3.9/chunk.py", line 63, in __init__
    raise EOFError
EOFError
Traceback (most recent call last):
  File "/home/ubuntu/miniconda3/envs/openvoice/lib/python3.9/site-packages/librosa/core/audio.py", line 155, in load
    context = sf.SoundFile(path)
  File "/home/ubuntu/miniconda3/envs/openvoice/lib/python3.9/site-packages/soundfile.py", line 658, in __init__
    self._file = self._open(file, mode_int, closefd)
  File "/home/ubuntu/miniconda3/envs/openvoice/lib/python3.9/site-packages/soundfile.py", line 1216, in _open
    raise LibsndfileError(err, prefix="Error opening {0!r}: ".format(self.name))
soundfile.LibsndfileError: Error opening './projects/f88d3ab1-149a-4e34-b51f-f0440266d45a/0/5_clone_Instant#bn-BD-NabanitaNeural.mp3': File does not exist or is not a regular file (possibly a pipe?).

During handling of the above exception, another exception occurred:

Traceback (most recent call last):
  File "/home/ubuntu/OpenVoice/job.py", line 334, in <module>
    clone_voice(f"./projects/{i}/{j}")
  File "/home/ubuntu/OpenVoice/job.py", line 201, in clone_voice
    return(convert_color(projectfolder))
  File "/home/ubuntu/OpenVoice/job.py", line 314, in convert_color
    tone_color_converter.convert(
  File "/home/ubuntu/OpenVoice/openvoice/api.py", line 144, in convert
    audio, sample_rate = librosa.load(audio_src_path, sr=hps.data.sampling_rate)
  File "/home/ubuntu/miniconda3/envs/openvoice/lib/python3.9/site-packages/librosa/util/decorators.py", line 88, in inner_f
    return f(*args, **kwargs)
  File "/home/ubuntu/miniconda3/envs/openvoice/lib/python3.9/site-packages/librosa/core/audio.py", line 174, in load
    y, sr_native = __audioread_load(path, offset, duration, dtype)
  File "/home/ubuntu/miniconda3/envs/openvoice/lib/python3.9/site-packages/librosa/core/audio.py", line 198, in __audioread_load
    with audioread.audio_open(path) as input_file:
  File "/home/ubuntu/miniconda3/envs/openvoice/lib/python3.9/site-packages/audioread/__init__.py", line 127, in audio_open
    return BackendClass(path)
  File "/home/ubuntu/miniconda3/envs/openvoice/lib/python3.9/site-packages/audioread/rawread.py", line 62, in __init__
    self._file = aifc.open(self._fh)
  File "/home/ubuntu/miniconda3/envs/openvoice/lib/python3.9/aifc.py", line 917, in open
    return Aifc_read(f)
  File "/home/ubuntu/miniconda3/envs/openvoice/lib/python3.9/aifc.py", line 358, in __init__
    self.initfp(f)
  File "/home/ubuntu/miniconda3/envs/openvoice/lib/python3.9/aifc.py", line 314, in initfp
    chunk = Chunk(file)
  File "/home/ubuntu/miniconda3/envs/openvoice/lib/python3.9/chunk.py", line 63, in __init__
    raise EOFError
EOFError
Traceback (most recent call last):
  File "/home/ubuntu/miniconda3/envs/openvoice/lib/python3.9/site-packages/librosa/core/audio.py", line 155, in load
    context = sf.SoundFile(path)
  File "/home/ubuntu/miniconda3/envs/openvoice/lib/python3.9/site-packages/soundfile.py", line 658, in __init__
    self._file = self._open(file, mode_int, closefd)
  File "/home/ubuntu/miniconda3/envs/openvoice/lib/python3.9/site-packages/soundfile.py", line 1216, in _open
    raise LibsndfileError(err, prefix="Error opening {0!r}: ".format(self.name))
soundfile.LibsndfileError: Error opening './projects/919de7dd-4f1a-4fcd-b87d-9eed4b00e91a/0/3_clone_Instant#te-IN-MohanNeural.mp3': File does not exist or is not a regular file (possibly a pipe?).

During handling of the above exception, another exception occurred:

Traceback (most recent call last):
  File "/home/ubuntu/OpenVoice/job.py", line 334, in <module>
    clone_voice(f"./projects/{i}/{j}")
  File "/home/ubuntu/OpenVoice/job.py", line 201, in clone_voice
    return(convert_color(projectfolder))
  File "/home/ubuntu/OpenVoice/job.py", line 314, in convert_color
    tone_color_converter.convert(
  File "/home/ubuntu/OpenVoice/openvoice/api.py", line 144, in convert
    audio, sample_rate = librosa.load(audio_src_path, sr=hps.data.sampling_rate)
  File "/home/ubuntu/miniconda3/envs/openvoice/lib/python3.9/site-packages/librosa/util/decorators.py", line 88, in inner_f
    return f(*args, **kwargs)
  File "/home/ubuntu/miniconda3/envs/openvoice/lib/python3.9/site-packages/librosa/core/audio.py", line 174, in load
    y, sr_native = __audioread_load(path, offset, duration, dtype)
  File "/home/ubuntu/miniconda3/envs/openvoice/lib/python3.9/site-packages/librosa/core/audio.py", line 198, in __audioread_load
    with audioread.audio_open(path) as input_file:
  File "/home/ubuntu/miniconda3/envs/openvoice/lib/python3.9/site-packages/audioread/__init__.py", line 127, in audio_open
    return BackendClass(path)
  File "/home/ubuntu/miniconda3/envs/openvoice/lib/python3.9/site-packages/audioread/rawread.py", line 62, in __init__
    self._file = aifc.open(self._fh)
  File "/home/ubuntu/miniconda3/envs/openvoice/lib/python3.9/aifc.py", line 917, in open
    return Aifc_read(f)
  File "/home/ubuntu/miniconda3/envs/openvoice/lib/python3.9/aifc.py", line 358, in __init__
    self.initfp(f)
  File "/home/ubuntu/miniconda3/envs/openvoice/lib/python3.9/aifc.py", line 314, in initfp
    chunk = Chunk(file)
  File "/home/ubuntu/miniconda3/envs/openvoice/lib/python3.9/chunk.py", line 63, in __init__
    raise EOFError
EOFError
Traceback (most recent call last):
  File "/home/ubuntu/miniconda3/envs/openvoice/lib/python3.9/site-packages/librosa/core/audio.py", line 155, in load
    context = sf.SoundFile(path)
  File "/home/ubuntu/miniconda3/envs/openvoice/lib/python3.9/site-packages/soundfile.py", line 658, in __init__
    self._file = self._open(file, mode_int, closefd)
  File "/home/ubuntu/miniconda3/envs/openvoice/lib/python3.9/site-packages/soundfile.py", line 1216, in _open
    raise LibsndfileError(err, prefix="Error opening {0!r}: ".format(self.name))
soundfile.LibsndfileError: Error opening './projects/439d190e-8047-40c5-81f0-b7bdaf5692f7/0/4_clone_Instant#te-IN-MohanNeural.mp3': File does not exist or is not a regular file (possibly a pipe?).

During handling of the above exception, another exception occurred:

Traceback (most recent call last):
  File "/home/ubuntu/OpenVoice/job.py", line 334, in <module>
    clone_voice(f"./projects/{i}/{j}")
  File "/home/ubuntu/OpenVoice/job.py", line 201, in clone_voice
    return(convert_color(projectfolder))
  File "/home/ubuntu/OpenVoice/job.py", line 314, in convert_color
    tone_color_converter.convert(
  File "/home/ubuntu/OpenVoice/openvoice/api.py", line 144, in convert
    audio, sample_rate = librosa.load(audio_src_path, sr=hps.data.sampling_rate)
  File "/home/ubuntu/miniconda3/envs/openvoice/lib/python3.9/site-packages/librosa/util/decorators.py", line 88, in inner_f
    return f(*args, **kwargs)
  File "/home/ubuntu/miniconda3/envs/openvoice/lib/python3.9/site-packages/librosa/core/audio.py", line 174, in load
    y, sr_native = __audioread_load(path, offset, duration, dtype)
  File "/home/ubuntu/miniconda3/envs/openvoice/lib/python3.9/site-packages/librosa/core/audio.py", line 198, in __audioread_load
    with audioread.audio_open(path) as input_file:
  File "/home/ubuntu/miniconda3/envs/openvoice/lib/python3.9/site-packages/audioread/__init__.py", line 127, in audio_open
    return BackendClass(path)
  File "/home/ubuntu/miniconda3/envs/openvoice/lib/python3.9/site-packages/audioread/rawread.py", line 62, in __init__
    self._file = aifc.open(self._fh)
  File "/home/ubuntu/miniconda3/envs/openvoice/lib/python3.9/aifc.py", line 917, in open
    return Aifc_read(f)
  File "/home/ubuntu/miniconda3/envs/openvoice/lib/python3.9/aifc.py", line 358, in __init__
    self.initfp(f)
  File "/home/ubuntu/miniconda3/envs/openvoice/lib/python3.9/aifc.py", line 314, in initfp
    chunk = Chunk(file)
  File "/home/ubuntu/miniconda3/envs/openvoice/lib/python3.9/chunk.py", line 63, in __init__
    raise EOFError
EOFError
Traceback (most recent call last):
  File "/home/ubuntu/miniconda3/envs/openvoice/lib/python3.9/site-packages/librosa/core/audio.py", line 155, in load
    context = sf.SoundFile(path)
  File "/home/ubuntu/miniconda3/envs/openvoice/lib/python3.9/site-packages/soundfile.py", line 658, in __init__
    self._file = self._open(file, mode_int, closefd)
  File "/home/ubuntu/miniconda3/envs/openvoice/lib/python3.9/site-packages/soundfile.py", line 1216, in _open
    raise LibsndfileError(err, prefix="Error opening {0!r}: ".format(self.name))
soundfile.LibsndfileError: Error opening './projects/dd634130-efd7-487a-99df-6d8e93b757f4/0/4_clone_Instant#hi-IN-KunalNeural.mp3': File does not exist or is not a regular file (possibly a pipe?).

During handling of the above exception, another exception occurred:

Traceback (most recent call last):
  File "/home/ubuntu/OpenVoice/job.py", line 334, in <module>
    clone_voice(f"./projects/{i}/{j}")
  File "/home/ubuntu/OpenVoice/job.py", line 201, in clone_voice
    return(convert_color(projectfolder))
  File "/home/ubuntu/OpenVoice/job.py", line 314, in convert_color
    tone_color_converter.convert(
  File "/home/ubuntu/OpenVoice/openvoice/api.py", line 144, in convert
    audio, sample_rate = librosa.load(audio_src_path, sr=hps.data.sampling_rate)
  File "/home/ubuntu/miniconda3/envs/openvoice/lib/python3.9/site-packages/librosa/util/decorators.py", line 88, in inner_f
    return f(*args, **kwargs)
  File "/home/ubuntu/miniconda3/envs/openvoice/lib/python3.9/site-packages/librosa/core/audio.py", line 174, in load
    y, sr_native = __audioread_load(path, offset, duration, dtype)
  File "/home/ubuntu/miniconda3/envs/openvoice/lib/python3.9/site-packages/librosa/core/audio.py", line 198, in __audioread_load
    with audioread.audio_open(path) as input_file:
  File "/home/ubuntu/miniconda3/envs/openvoice/lib/python3.9/site-packages/audioread/__init__.py", line 127, in audio_open
    return BackendClass(path)
  File "/home/ubuntu/miniconda3/envs/openvoice/lib/python3.9/site-packages/audioread/rawread.py", line 62, in __init__
    self._file = aifc.open(self._fh)
  File "/home/ubuntu/miniconda3/envs/openvoice/lib/python3.9/aifc.py", line 917, in open
    return Aifc_read(f)
  File "/home/ubuntu/miniconda3/envs/openvoice/lib/python3.9/aifc.py", line 358, in __init__
    self.initfp(f)
  File "/home/ubuntu/miniconda3/envs/openvoice/lib/python3.9/aifc.py", line 314, in initfp
    chunk = Chunk(file)
  File "/home/ubuntu/miniconda3/envs/openvoice/lib/python3.9/chunk.py", line 63, in __init__
    raise EOFError
EOFError
Traceback (most recent call last):
  File "/home/ubuntu/miniconda3/envs/openvoice/lib/python3.9/site-packages/librosa/core/audio.py", line 155, in load
    context = sf.SoundFile(path)
  File "/home/ubuntu/miniconda3/envs/openvoice/lib/python3.9/site-packages/soundfile.py", line 658, in __init__
    self._file = self._open(file, mode_int, closefd)
  File "/home/ubuntu/miniconda3/envs/openvoice/lib/python3.9/site-packages/soundfile.py", line 1216, in _open
    raise LibsndfileError(err, prefix="Error opening {0!r}: ".format(self.name))
soundfile.LibsndfileError: Error opening './projects/10a9057e-7f72-43d2-ae1b-459856814591/0/0_clone_Instant#bn-IN-BashkarNeural.mp3': File does not exist or is not a regular file (possibly a pipe?).

During handling of the above exception, another exception occurred:

Traceback (most recent call last):
  File "/home/ubuntu/OpenVoice/job.py", line 334, in <module>
    clone_voice(f"./projects/{i}/{j}")
  File "/home/ubuntu/OpenVoice/job.py", line 201, in clone_voice
    return(convert_color(projectfolder))
  File "/home/ubuntu/OpenVoice/job.py", line 314, in convert_color
    tone_color_converter.convert(
  File "/home/ubuntu/OpenVoice/openvoice/api.py", line 144, in convert
    audio, sample_rate = librosa.load(audio_src_path, sr=hps.data.sampling_rate)
  File "/home/ubuntu/miniconda3/envs/openvoice/lib/python3.9/site-packages/librosa/util/decorators.py", line 88, in inner_f
    return f(*args, **kwargs)
  File "/home/ubuntu/miniconda3/envs/openvoice/lib/python3.9/site-packages/librosa/core/audio.py", line 174, in load
    y, sr_native = __audioread_load(path, offset, duration, dtype)
  File "/home/ubuntu/miniconda3/envs/openvoice/lib/python3.9/site-packages/librosa/core/audio.py", line 198, in __audioread_load
    with audioread.audio_open(path) as input_file:
  File "/home/ubuntu/miniconda3/envs/openvoice/lib/python3.9/site-packages/audioread/__init__.py", line 127, in audio_open
    return BackendClass(path)
  File "/home/ubuntu/miniconda3/envs/openvoice/lib/python3.9/site-packages/audioread/rawread.py", line 62, in __init__
    self._file = aifc.open(self._fh)
  File "/home/ubuntu/miniconda3/envs/openvoice/lib/python3.9/aifc.py", line 917, in open
    return Aifc_read(f)
  File "/home/ubuntu/miniconda3/envs/openvoice/lib/python3.9/aifc.py", line 358, in __init__
    self.initfp(f)
  File "/home/ubuntu/miniconda3/envs/openvoice/lib/python3.9/aifc.py", line 314, in initfp
    chunk = Chunk(file)
  File "/home/ubuntu/miniconda3/envs/openvoice/lib/python3.9/chunk.py", line 63, in __init__
    raise EOFError
EOFError
Traceback (most recent call last):
  File "/home/ubuntu/OpenVoice/job.py", line 334, in <module>
    clone_voice(f"./projects/{i}/{j}")
  File "/home/ubuntu/OpenVoice/job.py", line 201, in clone_voice
    return(convert_color(projectfolder))
  File "/home/ubuntu/OpenVoice/job.py", line 277, in convert_color
    target_se, audio_name = se_extractor.get_se(ref_audio_path, tone_color_converter, vad=False)
  File "/home/ubuntu/OpenVoice/openvoice/se_extractor.py", line 150, in get_se
    raise NotImplementedError('No audio segments found!')
NotImplementedError: No audio segments found!
Traceback (most recent call last):
  File "/home/ubuntu/OpenVoice/job.py", line 334, in <module>
    clone_voice(f"./projects/{i}/{j}")
  File "/home/ubuntu/OpenVoice/job.py", line 201, in clone_voice
    return(convert_color(projectfolder))
  File "/home/ubuntu/OpenVoice/job.py", line 277, in convert_color
    target_se, audio_name = se_extractor.get_se(ref_audio_path, tone_color_converter, vad=False)
  File "/home/ubuntu/OpenVoice/openvoice/se_extractor.py", line 150, in get_se
    raise NotImplementedError('No audio segments found!')
NotImplementedError: No audio segments found!
Traceback (most recent call last):
  File "/home/ubuntu/OpenVoice/job.py", line 334, in <module>
    clone_voice(f"./projects/{i}/{j}")
  File "/home/ubuntu/OpenVoice/job.py", line 201, in clone_voice
    return(convert_color(projectfolder))
  File "/home/ubuntu/OpenVoice/job.py", line 277, in convert_color
    target_se, audio_name = se_extractor.get_se(ref_audio_path, tone_color_converter, vad=False)
  File "/home/ubuntu/OpenVoice/openvoice/se_extractor.py", line 150, in get_se
    raise NotImplementedError('No audio segments found!')
NotImplementedError: No audio segments found!
Traceback (most recent call last):
  File "/home/ubuntu/OpenVoice/job.py", line 334, in <module>
    clone_voice(f"./projects/{i}/{j}")
  File "/home/ubuntu/OpenVoice/job.py", line 201, in clone_voice
    return(convert_color(projectfolder))
  File "/home/ubuntu/OpenVoice/job.py", line 277, in convert_color
    target_se, audio_name = se_extractor.get_se(ref_audio_path, tone_color_converter, vad=False)
  File "/home/ubuntu/OpenVoice/openvoice/se_extractor.py", line 150, in get_se
    raise NotImplementedError('No audio segments found!')
NotImplementedError: No audio segments found!
Traceback (most recent call last):
  File "/home/ubuntu/OpenVoice/job.py", line 334, in <module>
    clone_voice(f"./projects/{i}/{j}")
  File "/home/ubuntu/OpenVoice/job.py", line 201, in clone_voice
    return(convert_color(projectfolder))
  File "/home/ubuntu/OpenVoice/job.py", line 277, in convert_color
    target_se, audio_name = se_extractor.get_se(ref_audio_path, tone_color_converter, vad=False)
  File "/home/ubuntu/OpenVoice/openvoice/se_extractor.py", line 150, in get_se
    raise NotImplementedError('No audio segments found!')
NotImplementedError: No audio segments found!
Traceback (most recent call last):
  File "/home/ubuntu/OpenVoice/job.py", line 334, in <module>
    clone_voice(f"./projects/{i}/{j}")
  File "/home/ubuntu/OpenVoice/job.py", line 201, in clone_voice
    return(convert_color(projectfolder))
  File "/home/ubuntu/OpenVoice/job.py", line 277, in convert_color
    target_se, audio_name = se_extractor.get_se(ref_audio_path, tone_color_converter, vad=False)
  File "/home/ubuntu/OpenVoice/openvoice/se_extractor.py", line 150, in get_se
    raise NotImplementedError('No audio segments found!')
NotImplementedError: No audio segments found!
Traceback (most recent call last):
  File "/home/ubuntu/OpenVoice/job.py", line 334, in <module>
    clone_voice(f"./projects/{i}/{j}")
  File "/home/ubuntu/OpenVoice/job.py", line 201, in clone_voice
    return(convert_color(projectfolder))
  File "/home/ubuntu/OpenVoice/job.py", line 277, in convert_color
    target_se, audio_name = se_extractor.get_se(ref_audio_path, tone_color_converter, vad=False)
  File "/home/ubuntu/OpenVoice/openvoice/se_extractor.py", line 150, in get_se
    raise NotImplementedError('No audio segments found!')
NotImplementedError: No audio segments found!
Traceback (most recent call last):
  File "/home/ubuntu/OpenVoice/job.py", line 334, in <module>
    clone_voice(f"./projects/{i}/{j}")
  File "/home/ubuntu/OpenVoice/job.py", line 201, in clone_voice
    return(convert_color(projectfolder))
  File "/home/ubuntu/OpenVoice/job.py", line 277, in convert_color
    target_se, audio_name = se_extractor.get_se(ref_audio_path, tone_color_converter, vad=False)
  File "/home/ubuntu/OpenVoice/openvoice/se_extractor.py", line 150, in get_se
    raise NotImplementedError('No audio segments found!')
NotImplementedError: No audio segments found!
Traceback (most recent call last):
  File "/home/ubuntu/OpenVoice/job.py", line 334, in <module>
    clone_voice(f"./projects/{i}/{j}")
  File "/home/ubuntu/OpenVoice/job.py", line 201, in clone_voice
    return(convert_color(projectfolder))
  File "/home/ubuntu/OpenVoice/job.py", line 277, in convert_color
    target_se, audio_name = se_extractor.get_se(ref_audio_path, tone_color_converter, vad=False)
  File "/home/ubuntu/OpenVoice/openvoice/se_extractor.py", line 150, in get_se
    raise NotImplementedError('No audio segments found!')
NotImplementedError: No audio segments found!
Traceback (most recent call last):
  File "/home/ubuntu/OpenVoice/job.py", line 279, in convert_color
    source_se = torch.load(f'checkpoints_v2/google_base_speakers/models/{voicecode}.pth', map_location=device)
  File "/home/ubuntu/miniconda3/envs/openvoice/lib/python3.9/site-packages/torch/serialization.py", line 997, in load
    with _open_file_like(f, 'rb') as opened_file:
  File "/home/ubuntu/miniconda3/envs/openvoice/lib/python3.9/site-packages/torch/serialization.py", line 444, in _open_file_like
    return _open_file(name_or_buffer, mode)
  File "/home/ubuntu/miniconda3/envs/openvoice/lib/python3.9/site-packages/torch/serialization.py", line 425, in __init__
    super().__init__(open(name, mode))
FileNotFoundError: [Errno 2] No such file or directory: 'checkpoints_v2/google_base_speakers/models/en-US-OnyxMultilingualNeuralHD.pth'

During handling of the above exception, another exception occurred:

Traceback (most recent call last):
  File "/home/ubuntu/miniconda3/envs/openvoice/lib/python3.9/site-packages/librosa/core/audio.py", line 155, in load
    context = sf.SoundFile(path)
  File "/home/ubuntu/miniconda3/envs/openvoice/lib/python3.9/site-packages/soundfile.py", line 658, in __init__
    self._file = self._open(file, mode_int, closefd)
  File "/home/ubuntu/miniconda3/envs/openvoice/lib/python3.9/site-packages/soundfile.py", line 1216, in _open
    raise LibsndfileError(err, prefix="Error opening {0!r}: ".format(self.name))
soundfile.LibsndfileError: Error opening 'checkpoints_v2/google_base_speakers/src/en-US-OnyxMultilingualNeuralHD.mp3': File does not exist or is not a regular file (possibly a pipe?).

During handling of the above exception, another exception occurred:

Traceback (most recent call last):
  File "/home/ubuntu/OpenVoice/job.py", line 334, in <module>
    clone_voice(f"./projects/{i}/{j}")
  File "/home/ubuntu/OpenVoice/job.py", line 201, in clone_voice
    return(convert_color(projectfolder))
  File "/home/ubuntu/OpenVoice/job.py", line 301, in convert_color
    source_se, audio_name = se_extractor.get_se(f"checkpoints_v2/google_base_speakers/src/{voicecode}.mp3", tone_color_converter, vad=True)
  File "/home/ubuntu/OpenVoice/openvoice/se_extractor.py", line 134, in get_se
    audio_name = f"{os.path.basename(audio_path).rsplit('.', 1)[0]}_{version}_{hash_numpy_array(audio_path)}"
  File "/home/ubuntu/OpenVoice/openvoice/se_extractor.py", line 119, in hash_numpy_array
    array, _ = librosa.load(audio_path, sr=None, mono=True)
  File "/home/ubuntu/miniconda3/envs/openvoice/lib/python3.9/site-packages/librosa/util/decorators.py", line 88, in inner_f
    return f(*args, **kwargs)
  File "/home/ubuntu/miniconda3/envs/openvoice/lib/python3.9/site-packages/librosa/core/audio.py", line 174, in load
    y, sr_native = __audioread_load(path, offset, duration, dtype)
  File "/home/ubuntu/miniconda3/envs/openvoice/lib/python3.9/site-packages/librosa/core/audio.py", line 198, in __audioread_load
    with audioread.audio_open(path) as input_file:
  File "/home/ubuntu/miniconda3/envs/openvoice/lib/python3.9/site-packages/audioread/__init__.py", line 127, in audio_open
    return BackendClass(path)
  File "/home/ubuntu/miniconda3/envs/openvoice/lib/python3.9/site-packages/audioread/rawread.py", line 62, in __init__
    self._file = aifc.open(self._fh)
  File "/home/ubuntu/miniconda3/envs/openvoice/lib/python3.9/aifc.py", line 917, in open
    return Aifc_read(f)
  File "/home/ubuntu/miniconda3/envs/openvoice/lib/python3.9/aifc.py", line 358, in __init__
    self.initfp(f)
  File "/home/ubuntu/miniconda3/envs/openvoice/lib/python3.9/aifc.py", line 314, in initfp
    chunk = Chunk(file)
  File "/home/ubuntu/miniconda3/envs/openvoice/lib/python3.9/chunk.py", line 63, in __init__
    raise EOFError
EOFError
Traceback (most recent call last):
  File "/home/ubuntu/OpenVoice/job.py", line 334, in <module>
    clone_voice(f"./projects/{i}/{j}")
  File "/home/ubuntu/OpenVoice/job.py", line 201, in clone_voice
    return(convert_color(projectfolder))
  File "/home/ubuntu/OpenVoice/job.py", line 277, in convert_color
    target_se, audio_name = se_extractor.get_se(ref_audio_path, tone_color_converter, vad=False)
  File "/home/ubuntu/OpenVoice/openvoice/se_extractor.py", line 150, in get_se
    raise NotImplementedError('No audio segments found!')
NotImplementedError: No audio segments found!
Traceback (most recent call last):
  File "/home/ubuntu/OpenVoice/job.py", line 334, in <module>
    clone_voice(f"./projects/{i}/{j}")
  File "/home/ubuntu/OpenVoice/job.py", line 201, in clone_voice
    return(convert_color(projectfolder))
  File "/home/ubuntu/OpenVoice/job.py", line 277, in convert_color
    target_se, audio_name = se_extractor.get_se(ref_audio_path, tone_color_converter, vad=False)
  File "/home/ubuntu/OpenVoice/openvoice/se_extractor.py", line 150, in get_se
    raise NotImplementedError('No audio segments found!')
NotImplementedError: No audio segments found!
Traceback (most recent call last):
  File "/home/ubuntu/OpenVoice/job.py", line 334, in <module>
    clone_voice(f"./projects/{i}/{j}")
  File "/home/ubuntu/OpenVoice/job.py", line 201, in clone_voice
    return(convert_color(projectfolder))
  File "/home/ubuntu/OpenVoice/job.py", line 277, in convert_color
    target_se, audio_name = se_extractor.get_se(ref_audio_path, tone_color_converter, vad=False)
  File "/home/ubuntu/OpenVoice/openvoice/se_extractor.py", line 150, in get_se
    raise NotImplementedError('No audio segments found!')
NotImplementedError: No audio segments found!
Traceback (most recent call last):
  File "/home/ubuntu/OpenVoice/job.py", line 334, in <module>
    clone_voice(f"./projects/{i}/{j}")
  File "/home/ubuntu/OpenVoice/job.py", line 201, in clone_voice
    return(convert_color(projectfolder))
  File "/home/ubuntu/OpenVoice/job.py", line 277, in convert_color
    target_se, audio_name = se_extractor.get_se(ref_audio_path, tone_color_converter, vad=False)
  File "/home/ubuntu/OpenVoice/openvoice/se_extractor.py", line 150, in get_se
    raise NotImplementedError('No audio segments found!')
NotImplementedError: No audio segments found!
Traceback (most recent call last):
  File "/home/ubuntu/OpenVoice/job.py", line 334, in <module>
    clone_voice(f"./projects/{i}/{j}")
  File "/home/ubuntu/OpenVoice/job.py", line 201, in clone_voice
    return(convert_color(projectfolder))
  File "/home/ubuntu/OpenVoice/job.py", line 277, in convert_color
    target_se, audio_name = se_extractor.get_se(ref_audio_path, tone_color_converter, vad=False)
  File "/home/ubuntu/OpenVoice/openvoice/se_extractor.py", line 150, in get_se
    raise NotImplementedError('No audio segments found!')
NotImplementedError: No audio segments found!
Traceback (most recent call last):
  File "/home/ubuntu/OpenVoice/job.py", line 334, in <module>
    clone_voice(f"./projects/{i}/{j}")
  File "/home/ubuntu/OpenVoice/job.py", line 201, in clone_voice
    return(convert_color(projectfolder))
  File "/home/ubuntu/OpenVoice/job.py", line 277, in convert_color
    target_se, audio_name = se_extractor.get_se(ref_audio_path, tone_color_converter, vad=False)
  File "/home/ubuntu/OpenVoice/openvoice/se_extractor.py", line 150, in get_se
    raise NotImplementedError('No audio segments found!')
NotImplementedError: No audio segments found!
Traceback (most recent call last):
  File "/home/ubuntu/OpenVoice/job.py", line 334, in <module>
    clone_voice(f"./projects/{i}/{j}")
  File "/home/ubuntu/OpenVoice/job.py", line 201, in clone_voice
    return(convert_color(projectfolder))
  File "/home/ubuntu/OpenVoice/job.py", line 277, in convert_color
    target_se, audio_name = se_extractor.get_se(ref_audio_path, tone_color_converter, vad=False)
  File "/home/ubuntu/OpenVoice/openvoice/se_extractor.py", line 150, in get_se
    raise NotImplementedError('No audio segments found!')
NotImplementedError: No audio segments found!
Traceback (most recent call last):
  File "/home/ubuntu/OpenVoice/job.py", line 334, in <module>
    clone_voice(f"./projects/{i}/{j}")
  File "/home/ubuntu/OpenVoice/job.py", line 201, in clone_voice
    return(convert_color(projectfolder))
  File "/home/ubuntu/OpenVoice/job.py", line 277, in convert_color
    target_se, audio_name = se_extractor.get_se(ref_audio_path, tone_color_converter, vad=False)
  File "/home/ubuntu/OpenVoice/openvoice/se_extractor.py", line 150, in get_se
    raise NotImplementedError('No audio segments found!')
NotImplementedError: No audio segments found!
Traceback (most recent call last):
  File "/home/ubuntu/OpenVoice/job.py", line 334, in <module>
    clone_voice(f"./projects/{i}/{j}")
  File "/home/ubuntu/OpenVoice/job.py", line 201, in clone_voice
    return(convert_color(projectfolder))
  File "/home/ubuntu/OpenVoice/job.py", line 277, in convert_color
    target_se, audio_name = se_extractor.get_se(ref_audio_path, tone_color_converter, vad=False)
  File "/home/ubuntu/OpenVoice/openvoice/se_extractor.py", line 150, in get_se
    raise NotImplementedError('No audio segments found!')
NotImplementedError: No audio segments found!
Traceback (most recent call last):
  File "/home/ubuntu/miniconda3/envs/openvoice/lib/python3.9/site-packages/librosa/core/audio.py", line 155, in load
    context = sf.SoundFile(path)
  File "/home/ubuntu/miniconda3/envs/openvoice/lib/python3.9/site-packages/soundfile.py", line 658, in __init__
    self._file = self._open(file, mode_int, closefd)
  File "/home/ubuntu/miniconda3/envs/openvoice/lib/python3.9/site-packages/soundfile.py", line 1216, in _open
    raise LibsndfileError(err, prefix="Error opening {0!r}: ".format(self.name))
soundfile.LibsndfileError: Error opening './projects/352ccbae-9210-4a9f-bf5d-a904b6bc1a07/0/17_clone_Instant#bn-BD-PradeepNeural.mp3': File does not exist or is not a regular file (possibly a pipe?).

During handling of the above exception, another exception occurred:

Traceback (most recent call last):
  File "/home/ubuntu/OpenVoice/job.py", line 334, in <module>
    clone_voice(f"./projects/{i}/{j}")
  File "/home/ubuntu/OpenVoice/job.py", line 201, in clone_voice
    return(convert_color(projectfolder))
  File "/home/ubuntu/OpenVoice/job.py", line 314, in convert_color
    tone_color_converter.convert(
  File "/home/ubuntu/OpenVoice/openvoice/api.py", line 144, in convert
    audio, sample_rate = librosa.load(audio_src_path, sr=hps.data.sampling_rate)
  File "/home/ubuntu/miniconda3/envs/openvoice/lib/python3.9/site-packages/librosa/util/decorators.py", line 88, in inner_f
    return f(*args, **kwargs)
  File "/home/ubuntu/miniconda3/envs/openvoice/lib/python3.9/site-packages/librosa/core/audio.py", line 174, in load
    y, sr_native = __audioread_load(path, offset, duration, dtype)
  File "/home/ubuntu/miniconda3/envs/openvoice/lib/python3.9/site-packages/librosa/core/audio.py", line 198, in __audioread_load
    with audioread.audio_open(path) as input_file:
  File "/home/ubuntu/miniconda3/envs/openvoice/lib/python3.9/site-packages/audioread/__init__.py", line 127, in audio_open
    return BackendClass(path)
  File "/home/ubuntu/miniconda3/envs/openvoice/lib/python3.9/site-packages/audioread/rawread.py", line 62, in __init__
    self._file = aifc.open(self._fh)
  File "/home/ubuntu/miniconda3/envs/openvoice/lib/python3.9/aifc.py", line 917, in open
    return Aifc_read(f)
  File "/home/ubuntu/miniconda3/envs/openvoice/lib/python3.9/aifc.py", line 358, in __init__
    self.initfp(f)
  File "/home/ubuntu/miniconda3/envs/openvoice/lib/python3.9/aifc.py", line 314, in initfp
    chunk = Chunk(file)
  File "/home/ubuntu/miniconda3/envs/openvoice/lib/python3.9/chunk.py", line 63, in __init__
    raise EOFError
EOFError
Traceback (most recent call last):
  File "/home/ubuntu/OpenVoice/job.py", line 334, in <module>
    clone_voice(f"./projects/{i}/{j}")
  File "/home/ubuntu/OpenVoice/job.py", line 201, in clone_voice
    return(convert_color(projectfolder))
  File "/home/ubuntu/OpenVoice/job.py", line 277, in convert_color
    target_se, audio_name = se_extractor.get_se(ref_audio_path, tone_color_converter, vad=False)
  File "/home/ubuntu/OpenVoice/openvoice/se_extractor.py", line 150, in get_se
    raise NotImplementedError('No audio segments found!')
NotImplementedError: No audio segments found!
Traceback (most recent call last):
  File "/home/ubuntu/OpenVoice/job.py", line 334, in <module>
    clone_voice(f"./projects/{i}/{j}")
  File "/home/ubuntu/OpenVoice/job.py", line 201, in clone_voice
    return(convert_color(projectfolder))
  File "/home/ubuntu/OpenVoice/job.py", line 277, in convert_color
    target_se, audio_name = se_extractor.get_se(ref_audio_path, tone_color_converter, vad=False)
  File "/home/ubuntu/OpenVoice/openvoice/se_extractor.py", line 150, in get_se
    raise NotImplementedError('No audio segments found!')
NotImplementedError: No audio segments found!
Traceback (most recent call last):
  File "/home/ubuntu/OpenVoice/job.py", line 334, in <module>
    clone_voice(f"./projects/{i}/{j}")
  File "/home/ubuntu/OpenVoice/job.py", line 201, in clone_voice
    return(convert_color(projectfolder))
  File "/home/ubuntu/OpenVoice/job.py", line 314, in convert_color
    tone_color_converter.convert(
  File "/home/ubuntu/OpenVoice/openvoice/api.py", line 154, in convert
    audio = self.model.voice_conversion(spec, spec_lengths, sid_src=src_se, sid_tgt=tgt_se, tau=tau)[0][
  File "/home/ubuntu/OpenVoice/openvoice/models.py", line 498, in voice_conversion
    o_hat = self.dec(z_hat * y_mask, g=g_tgt if not self.zero_g else torch.zeros_like(g_tgt))
  File "/home/ubuntu/miniconda3/envs/openvoice/lib/python3.9/site-packages/torch/nn/modules/module.py", line 1532, in _wrapped_call_impl
    return self._call_impl(*args, **kwargs)
  File "/home/ubuntu/miniconda3/envs/openvoice/lib/python3.9/site-packages/torch/nn/modules/module.py", line 1541, in _call_impl
    return forward_call(*args, **kwargs)
  File "/home/ubuntu/OpenVoice/openvoice/models.py", line 285, in forward
    xs += self.resblocks[i * self.num_kernels + j](x)
  File "/home/ubuntu/miniconda3/envs/openvoice/lib/python3.9/site-packages/torch/nn/modules/module.py", line 1532, in _wrapped_call_impl
    return self._call_impl(*args, **kwargs)
  File "/home/ubuntu/miniconda3/envs/openvoice/lib/python3.9/site-packages/torch/nn/modules/module.py", line 1541, in _call_impl
    return forward_call(*args, **kwargs)
  File "/home/ubuntu/OpenVoice/openvoice/modules.py", line 298, in forward
    xt = F.leaky_relu(x, LRELU_SLOPE)
  File "/home/ubuntu/miniconda3/envs/openvoice/lib/python3.9/site-packages/torch/nn/functional.py", line 1675, in leaky_relu
    result = torch._C._nn.leaky_relu(input, negative_slope)
torch.cuda.OutOfMemoryError: CUDA out of memory. Tried to allocate 1.58 GiB. GPU 
Traceback (most recent call last):
  File "/home/ubuntu/OpenVoice/job.py", line 334, in <module>
    clone_voice(f"./projects/{i}/{j}")
  File "/home/ubuntu/OpenVoice/job.py", line 201, in clone_voice
    return(convert_color(projectfolder))
  File "/home/ubuntu/OpenVoice/job.py", line 277, in convert_color
    target_se, audio_name = se_extractor.get_se(ref_audio_path, tone_color_converter, vad=False)
  File "/home/ubuntu/OpenVoice/openvoice/se_extractor.py", line 146, in get_se
    wavs_folder = split_audio_whisper(audio_path, target_dir=target_dir, audio_name=audio_name)
  File "/home/ubuntu/OpenVoice/openvoice/se_extractor.py", line 29, in split_audio_whisper
    segments = list(segments)
  File "/home/ubuntu/miniconda3/envs/openvoice/lib/python3.9/site-packages/faster_whisper/transcribe.py", line 433, in generate_segments
    ) = self.generate_with_fallback(encoder_output, prompt, tokenizer, options)
  File "/home/ubuntu/miniconda3/envs/openvoice/lib/python3.9/site-packages/faster_whisper/transcribe.py", line 641, in generate_with_fallback
    result = self.model.generate(
RuntimeError: CUDA failed with error out of memory
Traceback (most recent call last):
  File "/home/ubuntu/OpenVoice/job.py", line 334, in <module>
    clone_voice(f"./projects/{i}/{j}")
  File "/home/ubuntu/OpenVoice/job.py", line 201, in clone_voice
    return(convert_color(projectfolder))
  File "/home/ubuntu/OpenVoice/job.py", line 277, in convert_color
    target_se, audio_name = se_extractor.get_se(ref_audio_path, tone_color_converter, vad=False)
  File "/home/ubuntu/OpenVoice/openvoice/se_extractor.py", line 146, in get_se
    wavs_folder = split_audio_whisper(audio_path, target_dir=target_dir, audio_name=audio_name)
  File "/home/ubuntu/OpenVoice/openvoice/se_extractor.py", line 29, in split_audio_whisper
    segments = list(segments)
  File "/home/ubuntu/miniconda3/envs/openvoice/lib/python3.9/site-packages/faster_whisper/transcribe.py", line 433, in generate_segments
    ) = self.generate_with_fallback(encoder_output, prompt, tokenizer, options)
  File "/home/ubuntu/miniconda3/envs/openvoice/lib/python3.9/site-packages/faster_whisper/transcribe.py", line 641, in generate_with_fallback
    result = self.model.generate(
RuntimeError: CUDA failed with error out of memory
Traceback (most recent call last):
  File "/home/ubuntu/OpenVoice/job.py", line 334, in <module>
    clone_voice(f"./projects/{i}/{j}")
  File "/home/ubuntu/OpenVoice/job.py", line 201, in clone_voice
    return(convert_color(projectfolder))
  File "/home/ubuntu/OpenVoice/job.py", line 277, in convert_color
    target_se, audio_name = se_extractor.get_se(ref_audio_path, tone_color_converter, vad=False)
  File "/home/ubuntu/OpenVoice/openvoice/se_extractor.py", line 146, in get_se
    wavs_folder = split_audio_whisper(audio_path, target_dir=target_dir, audio_name=audio_name)
  File "/home/ubuntu/OpenVoice/openvoice/se_extractor.py", line 29, in split_audio_whisper
    segments = list(segments)
  File "/home/ubuntu/miniconda3/envs/openvoice/lib/python3.9/site-packages/faster_whisper/transcribe.py", line 433, in generate_segments
    ) = self.generate_with_fallback(encoder_output, prompt, tokenizer, options)
  File "/home/ubuntu/miniconda3/envs/openvoice/lib/python3.9/site-packages/faster_whisper/transcribe.py", line 641, in generate_with_fallback
    result = self.model.generate(
RuntimeError: CUDA failed with error out of memory
Traceback (most recent call last):
  File "/home/ubuntu/OpenVoice/job.py", line 334, in <module>
    clone_voice(f"./projects/{i}/{j}")
  File "/home/ubuntu/OpenVoice/job.py", line 201, in clone_voice
    return(convert_color(projectfolder))
  File "/home/ubuntu/OpenVoice/job.py", line 277, in convert_color
    target_se, audio_name = se_extractor.get_se(ref_audio_path, tone_color_converter, vad=False)
  File "/home/ubuntu/OpenVoice/openvoice/se_extractor.py", line 146, in get_se
    wavs_folder = split_audio_whisper(audio_path, target_dir=target_dir, audio_name=audio_name)
  File "/home/ubuntu/OpenVoice/openvoice/se_extractor.py", line 29, in split_audio_whisper
    segments = list(segments)
  File "/home/ubuntu/miniconda3/envs/openvoice/lib/python3.9/site-packages/faster_whisper/transcribe.py", line 433, in generate_segments
    ) = self.generate_with_fallback(encoder_output, prompt, tokenizer, options)
  File "/home/ubuntu/miniconda3/envs/openvoice/lib/python3.9/site-packages/faster_whisper/transcribe.py", line 641, in generate_with_fallback
    result = self.model.generate(
RuntimeError: CUDA failed with error out of memory
Traceback (most recent call last):
  File "/home/ubuntu/OpenVoice/job.py", line 334, in <module>
    clone_voice(f"./projects/{i}/{j}")
  File "/home/ubuntu/OpenVoice/job.py", line 201, in clone_voice
    return(convert_color(projectfolder))
  File "/home/ubuntu/OpenVoice/job.py", line 277, in convert_color
    target_se, audio_name = se_extractor.get_se(ref_audio_path, tone_color_converter, vad=False)
  File "/home/ubuntu/OpenVoice/openvoice/se_extractor.py", line 146, in get_se
    wavs_folder = split_audio_whisper(audio_path, target_dir=target_dir, audio_name=audio_name)
  File "/home/ubuntu/OpenVoice/openvoice/se_extractor.py", line 29, in split_audio_whisper
    segments = list(segments)
  File "/home/ubuntu/miniconda3/envs/openvoice/lib/python3.9/site-packages/faster_whisper/transcribe.py", line 433, in generate_segments
    ) = self.generate_with_fallback(encoder_output, prompt, tokenizer, options)
  File "/home/ubuntu/miniconda3/envs/openvoice/lib/python3.9/site-packages/faster_whisper/transcribe.py", line 641, in generate_with_fallback
    result = self.model.generate(
RuntimeError: CUDA failed with error out of memory
Traceback (most recent call last):
  File "/home/ubuntu/OpenVoice/job.py", line 334, in <module>
    clone_voice(f"./projects/{i}/{j}")
  File "/home/ubuntu/OpenVoice/job.py", line 201, in clone_voice
    return(convert_color(projectfolder))
  File "/home/ubuntu/OpenVoice/job.py", line 277, in convert_color
    target_se, audio_name = se_extractor.get_se(ref_audio_path, tone_color_converter, vad=False)
  File "/home/ubuntu/OpenVoice/openvoice/se_extractor.py", line 146, in get_se
    wavs_folder = split_audio_whisper(audio_path, target_dir=target_dir, audio_name=audio_name)
  File "/home/ubuntu/OpenVoice/openvoice/se_extractor.py", line 29, in split_audio_whisper
    segments = list(segments)
  File "/home/ubuntu/miniconda3/envs/openvoice/lib/python3.9/site-packages/faster_whisper/transcribe.py", line 433, in generate_segments
    ) = self.generate_with_fallback(encoder_output, prompt, tokenizer, options)
  File "/home/ubuntu/miniconda3/envs/openvoice/lib/python3.9/site-packages/faster_whisper/transcribe.py", line 641, in generate_with_fallback
    result = self.model.generate(
RuntimeError: CUDA failed with error out of memory
Traceback (most recent call last):
  File "/home/ubuntu/OpenVoice/job.py", line 334, in <module>
    clone_voice(f"./projects/{i}/{j}")
  File "/home/ubuntu/OpenVoice/job.py", line 201, in clone_voice
    return(convert_color(projectfolder))
  File "/home/ubuntu/OpenVoice/job.py", line 277, in convert_color
    target_se, audio_name = se_extractor.get_se(ref_audio_path, tone_color_converter, vad=False)
  File "/home/ubuntu/OpenVoice/openvoice/se_extractor.py", line 146, in get_se
    wavs_folder = split_audio_whisper(audio_path, target_dir=target_dir, audio_name=audio_name)
  File "/home/ubuntu/OpenVoice/openvoice/se_extractor.py", line 29, in split_audio_whisper
    segments = list(segments)
  File "/home/ubuntu/miniconda3/envs/openvoice/lib/python3.9/site-packages/faster_whisper/transcribe.py", line 433, in generate_segments
    ) = self.generate_with_fallback(encoder_output, prompt, tokenizer, options)
  File "/home/ubuntu/miniconda3/envs/openvoice/lib/python3.9/site-packages/faster_whisper/transcribe.py", line 641, in generate_with_fallback
    result = self.model.generate(
RuntimeError: CUDA failed with error out of memory
Traceback (most recent call last):
  File "/home/ubuntu/OpenVoice/job.py", line 334, in <module>
    clone_voice(f"./projects/{i}/{j}")
  File "/home/ubuntu/OpenVoice/job.py", line 201, in clone_voice
    return(convert_color(projectfolder))
  File "/home/ubuntu/OpenVoice/job.py", line 277, in convert_color
    target_se, audio_name = se_extractor.get_se(ref_audio_path, tone_color_converter, vad=False)
  File "/home/ubuntu/OpenVoice/openvoice/se_extractor.py", line 146, in get_se
    wavs_folder = split_audio_whisper(audio_path, target_dir=target_dir, audio_name=audio_name)
  File "/home/ubuntu/OpenVoice/openvoice/se_extractor.py", line 29, in split_audio_whisper
    segments = list(segments)
  File "/home/ubuntu/miniconda3/envs/openvoice/lib/python3.9/site-packages/faster_whisper/transcribe.py", line 433, in generate_segments
    ) = self.generate_with_fallback(encoder_output, prompt, tokenizer, options)
  File "/home/ubuntu/miniconda3/envs/openvoice/lib/python3.9/site-packages/faster_whisper/transcribe.py", line 641, in generate_with_fallback
    result = self.model.generate(
RuntimeError: CUDA failed with error out of memory
Traceback (most recent call last):
  File "/home/ubuntu/OpenVoice/job.py", line 334, in <module>
    clone_voice(f"./projects/{i}/{j}")
  File "/home/ubuntu/OpenVoice/job.py", line 201, in clone_voice
    return(convert_color(projectfolder))
  File "/home/ubuntu/OpenVoice/job.py", line 277, in convert_color
    target_se, audio_name = se_extractor.get_se(ref_audio_path, tone_color_converter, vad=False)
  File "/home/ubuntu/OpenVoice/openvoice/se_extractor.py", line 146, in get_se
    wavs_folder = split_audio_whisper(audio_path, target_dir=target_dir, audio_name=audio_name)
  File "/home/ubuntu/OpenVoice/openvoice/se_extractor.py", line 29, in split_audio_whisper
    segments = list(segments)
  File "/home/ubuntu/miniconda3/envs/openvoice/lib/python3.9/site-packages/faster_whisper/transcribe.py", line 433, in generate_segments
    ) = self.generate_with_fallback(encoder_output, prompt, tokenizer, options)
  File "/home/ubuntu/miniconda3/envs/openvoice/lib/python3.9/site-packages/faster_whisper/transcribe.py", line 641, in generate_with_fallback
    result = self.model.generate(
RuntimeError: CUDA failed with error out of memory
Traceback (most recent call last):
  File "/home/ubuntu/OpenVoice/job.py", line 334, in <module>
    clone_voice(f"./projects/{i}/{j}")
  File "/home/ubuntu/OpenVoice/job.py", line 201, in clone_voice
    return(convert_color(projectfolder))
  File "/home/ubuntu/OpenVoice/job.py", line 277, in convert_color
    target_se, audio_name = se_extractor.get_se(ref_audio_path, tone_color_converter, vad=False)
  File "/home/ubuntu/OpenVoice/openvoice/se_extractor.py", line 146, in get_se
    wavs_folder = split_audio_whisper(audio_path, target_dir=target_dir, audio_name=audio_name)
  File "/home/ubuntu/OpenVoice/openvoice/se_extractor.py", line 29, in split_audio_whisper
    segments = list(segments)
  File "/home/ubuntu/miniconda3/envs/openvoice/lib/python3.9/site-packages/faster_whisper/transcribe.py", line 433, in generate_segments
    ) = self.generate_with_fallback(encoder_output, prompt, tokenizer, options)
  File "/home/ubuntu/miniconda3/envs/openvoice/lib/python3.9/site-packages/faster_whisper/transcribe.py", line 641, in generate_with_fallback
    result = self.model.generate(
RuntimeError: CUDA failed with error out of memory
Traceback (most recent call last):
  File "/home/ubuntu/OpenVoice/job.py", line 334, in <module>
    clone_voice(f"./projects/{i}/{j}")
  File "/home/ubuntu/OpenVoice/job.py", line 201, in clone_voice
    return(convert_color(projectfolder))
  File "/home/ubuntu/OpenVoice/job.py", line 277, in convert_color
    target_se, audio_name = se_extractor.get_se(ref_audio_path, tone_color_converter, vad=False)
  File "/home/ubuntu/OpenVoice/openvoice/se_extractor.py", line 146, in get_se
    wavs_folder = split_audio_whisper(audio_path, target_dir=target_dir, audio_name=audio_name)
  File "/home/ubuntu/OpenVoice/openvoice/se_extractor.py", line 29, in split_audio_whisper
    segments = list(segments)
  File "/home/ubuntu/miniconda3/envs/openvoice/lib/python3.9/site-packages/faster_whisper/transcribe.py", line 433, in generate_segments
    ) = self.generate_with_fallback(encoder_output, prompt, tokenizer, options)
  File "/home/ubuntu/miniconda3/envs/openvoice/lib/python3.9/site-packages/faster_whisper/transcribe.py", line 641, in generate_with_fallback
    result = self.model.generate(
RuntimeError: CUDA failed with error out of memory
Traceback (most recent call last):
  File "/home/ubuntu/OpenVoice/job.py", line 334, in <module>
    clone_voice(f"./projects/{i}/{j}")
  File "/home/ubuntu/OpenVoice/job.py", line 201, in clone_voice
    return(convert_color(projectfolder))
  File "/home/ubuntu/OpenVoice/job.py", line 277, in convert_color
    target_se, audio_name = se_extractor.get_se(ref_audio_path, tone_color_converter, vad=False)
  File "/home/ubuntu/OpenVoice/openvoice/se_extractor.py", line 146, in get_se
    wavs_folder = split_audio_whisper(audio_path, target_dir=target_dir, audio_name=audio_name)
  File "/home/ubuntu/OpenVoice/openvoice/se_extractor.py", line 29, in split_audio_whisper
    segments = list(segments)
  File "/home/ubuntu/miniconda3/envs/openvoice/lib/python3.9/site-packages/faster_whisper/transcribe.py", line 433, in generate_segments
    ) = self.generate_with_fallback(encoder_output, prompt, tokenizer, options)
  File "/home/ubuntu/miniconda3/envs/openvoice/lib/python3.9/site-packages/faster_whisper/transcribe.py", line 641, in generate_with_fallback
    result = self.model.generate(
RuntimeError: CUDA failed with error out of memory
Traceback (most recent call last):
  File "/home/ubuntu/OpenVoice/job.py", line 334, in <module>
    clone_voice(f"./projects/{i}/{j}")
  File "/home/ubuntu/OpenVoice/job.py", line 201, in clone_voice
    return(convert_color(projectfolder))
  File "/home/ubuntu/OpenVoice/job.py", line 277, in convert_color
    target_se, audio_name = se_extractor.get_se(ref_audio_path, tone_color_converter, vad=False)
  File "/home/ubuntu/OpenVoice/openvoice/se_extractor.py", line 146, in get_se
    wavs_folder = split_audio_whisper(audio_path, target_dir=target_dir, audio_name=audio_name)
  File "/home/ubuntu/OpenVoice/openvoice/se_extractor.py", line 29, in split_audio_whisper
    segments = list(segments)
  File "/home/ubuntu/miniconda3/envs/openvoice/lib/python3.9/site-packages/faster_whisper/transcribe.py", line 433, in generate_segments
    ) = self.generate_with_fallback(encoder_output, prompt, tokenizer, options)
  File "/home/ubuntu/miniconda3/envs/openvoice/lib/python3.9/site-packages/faster_whisper/transcribe.py", line 641, in generate_with_fallback
    result = self.model.generate(
RuntimeError: CUDA failed with error out of memory
Traceback (most recent call last):
  File "/home/ubuntu/OpenVoice/job.py", line 334, in <module>
    clone_voice(f"./projects/{i}/{j}")
  File "/home/ubuntu/OpenVoice/job.py", line 201, in clone_voice
    return(convert_color(projectfolder))
  File "/home/ubuntu/OpenVoice/job.py", line 277, in convert_color
    target_se, audio_name = se_extractor.get_se(ref_audio_path, tone_color_converter, vad=False)
  File "/home/ubuntu/OpenVoice/openvoice/se_extractor.py", line 146, in get_se
    wavs_folder = split_audio_whisper(audio_path, target_dir=target_dir, audio_name=audio_name)
  File "/home/ubuntu/OpenVoice/openvoice/se_extractor.py", line 29, in split_audio_whisper
    segments = list(segments)
  File "/home/ubuntu/miniconda3/envs/openvoice/lib/python3.9/site-packages/faster_whisper/transcribe.py", line 433, in generate_segments
    ) = self.generate_with_fallback(encoder_output, prompt, tokenizer, options)
  File "/home/ubuntu/miniconda3/envs/openvoice/lib/python3.9/site-packages/faster_whisper/transcribe.py", line 641, in generate_with_fallback
    result = self.model.generate(
RuntimeError: CUDA failed with error out of memory
Traceback (most recent call last):
  File "/home/ubuntu/OpenVoice/job.py", line 334, in <module>
    clone_voice(f"./projects/{i}/{j}")
  File "/home/ubuntu/OpenVoice/job.py", line 201, in clone_voice
    return(convert_color(projectfolder))
  File "/home/ubuntu/OpenVoice/job.py", line 277, in convert_color
    target_se, audio_name = se_extractor.get_se(ref_audio_path, tone_color_converter, vad=False)
  File "/home/ubuntu/OpenVoice/openvoice/se_extractor.py", line 146, in get_se
    wavs_folder = split_audio_whisper(audio_path, target_dir=target_dir, audio_name=audio_name)
  File "/home/ubuntu/OpenVoice/openvoice/se_extractor.py", line 29, in split_audio_whisper
    segments = list(segments)
  File "/home/ubuntu/miniconda3/envs/openvoice/lib/python3.9/site-packages/faster_whisper/transcribe.py", line 433, in generate_segments
    ) = self.generate_with_fallback(encoder_output, prompt, tokenizer, options)
  File "/home/ubuntu/miniconda3/envs/openvoice/lib/python3.9/site-packages/faster_whisper/transcribe.py", line 641, in generate_with_fallback
    result = self.model.generate(
RuntimeError: CUDA failed with error out of memory
Traceback (most recent call last):
  File "/home/ubuntu/OpenVoice/job.py", line 334, in <module>
    clone_voice(f"./projects/{i}/{j}")
  File "/home/ubuntu/OpenVoice/job.py", line 201, in clone_voice
    return(convert_color(projectfolder))
  File "/home/ubuntu/OpenVoice/job.py", line 277, in convert_color
    target_se, audio_name = se_extractor.get_se(ref_audio_path, tone_color_converter, vad=False)
  File "/home/ubuntu/OpenVoice/openvoice/se_extractor.py", line 146, in get_se
    wavs_folder = split_audio_whisper(audio_path, target_dir=target_dir, audio_name=audio_name)
  File "/home/ubuntu/OpenVoice/openvoice/se_extractor.py", line 29, in split_audio_whisper
    segments = list(segments)
  File "/home/ubuntu/miniconda3/envs/openvoice/lib/python3.9/site-packages/faster_whisper/transcribe.py", line 433, in generate_segments
    ) = self.generate_with_fallback(encoder_output, prompt, tokenizer, options)
  File "/home/ubuntu/miniconda3/envs/openvoice/lib/python3.9/site-packages/faster_whisper/transcribe.py", line 641, in generate_with_fallback
    result = self.model.generate(
RuntimeError: CUDA failed with error out of memory
Traceback (most recent call last):
  File "/home/ubuntu/OpenVoice/job.py", line 334, in <module>
    clone_voice(f"./projects/{i}/{j}")
  File "/home/ubuntu/OpenVoice/job.py", line 201, in clone_voice
    return(convert_color(projectfolder))
  File "/home/ubuntu/OpenVoice/job.py", line 277, in convert_color
    target_se, audio_name = se_extractor.get_se(ref_audio_path, tone_color_converter, vad=False)
  File "/home/ubuntu/OpenVoice/openvoice/se_extractor.py", line 146, in get_se
    wavs_folder = split_audio_whisper(audio_path, target_dir=target_dir, audio_name=audio_name)
  File "/home/ubuntu/OpenVoice/openvoice/se_extractor.py", line 29, in split_audio_whisper
    segments = list(segments)
  File "/home/ubuntu/miniconda3/envs/openvoice/lib/python3.9/site-packages/faster_whisper/transcribe.py", line 433, in generate_segments
    ) = self.generate_with_fallback(encoder_output, prompt, tokenizer, options)
  File "/home/ubuntu/miniconda3/envs/openvoice/lib/python3.9/site-packages/faster_whisper/transcribe.py", line 641, in generate_with_fallback
    result = self.model.generate(
RuntimeError: CUDA failed with error out of memory
Traceback (most recent call last):
  File "/home/ubuntu/OpenVoice/job.py", line 334, in <module>
    clone_voice(f"./projects/{i}/{j}")
  File "/home/ubuntu/OpenVoice/job.py", line 201, in clone_voice
    return(convert_color(projectfolder))
  File "/home/ubuntu/OpenVoice/job.py", line 277, in convert_color
    target_se, audio_name = se_extractor.get_se(ref_audio_path, tone_color_converter, vad=False)
  File "/home/ubuntu/OpenVoice/openvoice/se_extractor.py", line 146, in get_se
    wavs_folder = split_audio_whisper(audio_path, target_dir=target_dir, audio_name=audio_name)
  File "/home/ubuntu/OpenVoice/openvoice/se_extractor.py", line 29, in split_audio_whisper
    segments = list(segments)
  File "/home/ubuntu/miniconda3/envs/openvoice/lib/python3.9/site-packages/faster_whisper/transcribe.py", line 433, in generate_segments
    ) = self.generate_with_fallback(encoder_output, prompt, tokenizer, options)
  File "/home/ubuntu/miniconda3/envs/openvoice/lib/python3.9/site-packages/faster_whisper/transcribe.py", line 641, in generate_with_fallback
    result = self.model.generate(
RuntimeError: CUDA failed with error out of memory
Traceback (most recent call last):
  File "/home/ubuntu/OpenVoice/job.py", line 334, in <module>
    clone_voice(f"./projects/{i}/{j}")
  File "/home/ubuntu/OpenVoice/job.py", line 201, in clone_voice
    return(convert_color(projectfolder))
  File "/home/ubuntu/OpenVoice/job.py", line 277, in convert_color
    target_se, audio_name = se_extractor.get_se(ref_audio_path, tone_color_converter, vad=False)
  File "/home/ubuntu/OpenVoice/openvoice/se_extractor.py", line 146, in get_se
    wavs_folder = split_audio_whisper(audio_path, target_dir=target_dir, audio_name=audio_name)
  File "/home/ubuntu/OpenVoice/openvoice/se_extractor.py", line 29, in split_audio_whisper
    segments = list(segments)
  File "/home/ubuntu/miniconda3/envs/openvoice/lib/python3.9/site-packages/faster_whisper/transcribe.py", line 433, in generate_segments
    ) = self.generate_with_fallback(encoder_output, prompt, tokenizer, options)
  File "/home/ubuntu/miniconda3/envs/openvoice/lib/python3.9/site-packages/faster_whisper/transcribe.py", line 641, in generate_with_fallback
    result = self.model.generate(
RuntimeError: CUDA failed with error out of memory
Traceback (most recent call last):
  File "/home/ubuntu/OpenVoice/job.py", line 334, in <module>
    clone_voice(f"./projects/{i}/{j}")
  File "/home/ubuntu/OpenVoice/job.py", line 201, in clone_voice
    return(convert_color(projectfolder))
  File "/home/ubuntu/OpenVoice/job.py", line 277, in convert_color
    target_se, audio_name = se_extractor.get_se(ref_audio_path, tone_color_converter, vad=False)
  File "/home/ubuntu/OpenVoice/openvoice/se_extractor.py", line 146, in get_se
    wavs_folder = split_audio_whisper(audio_path, target_dir=target_dir, audio_name=audio_name)
  File "/home/ubuntu/OpenVoice/openvoice/se_extractor.py", line 29, in split_audio_whisper
    segments = list(segments)
  File "/home/ubuntu/miniconda3/envs/openvoice/lib/python3.9/site-packages/faster_whisper/transcribe.py", line 433, in generate_segments
    ) = self.generate_with_fallback(encoder_output, prompt, tokenizer, options)
  File "/home/ubuntu/miniconda3/envs/openvoice/lib/python3.9/site-packages/faster_whisper/transcribe.py", line 641, in generate_with_fallback
    result = self.model.generate(
RuntimeError: CUDA failed with error out of memory
Traceback (most recent call last):
  File "/home/ubuntu/OpenVoice/job.py", line 334, in <module>
    clone_voice(f"./projects/{i}/{j}")
  File "/home/ubuntu/OpenVoice/job.py", line 201, in clone_voice
    return(convert_color(projectfolder))
  File "/home/ubuntu/OpenVoice/job.py", line 277, in convert_color
    target_se, audio_name = se_extractor.get_se(ref_audio_path, tone_color_converter, vad=False)
  File "/home/ubuntu/OpenVoice/openvoice/se_extractor.py", line 146, in get_se
    wavs_folder = split_audio_whisper(audio_path, target_dir=target_dir, audio_name=audio_name)
  File "/home/ubuntu/OpenVoice/openvoice/se_extractor.py", line 29, in split_audio_whisper
    segments = list(segments)
  File "/home/ubuntu/miniconda3/envs/openvoice/lib/python3.9/site-packages/faster_whisper/transcribe.py", line 433, in generate_segments
    ) = self.generate_with_fallback(encoder_output, prompt, tokenizer, options)
  File "/home/ubuntu/miniconda3/envs/openvoice/lib/python3.9/site-packages/faster_whisper/transcribe.py", line 641, in generate_with_fallback
    result = self.model.generate(
RuntimeError: CUDA failed with error out of memory
Traceback (most recent call last):
  File "/home/ubuntu/OpenVoice/job.py", line 334, in <module>
    clone_voice(f"./projects/{i}/{j}")
  File "/home/ubuntu/OpenVoice/job.py", line 201, in clone_voice
    return(convert_color(projectfolder))
  File "/home/ubuntu/OpenVoice/job.py", line 277, in convert_color
    target_se, audio_name = se_extractor.get_se(ref_audio_path, tone_color_converter, vad=False)
  File "/home/ubuntu/OpenVoice/openvoice/se_extractor.py", line 146, in get_se
    wavs_folder = split_audio_whisper(audio_path, target_dir=target_dir, audio_name=audio_name)
  File "/home/ubuntu/OpenVoice/openvoice/se_extractor.py", line 29, in split_audio_whisper
    segments = list(segments)
  File "/home/ubuntu/miniconda3/envs/openvoice/lib/python3.9/site-packages/faster_whisper/transcribe.py", line 433, in generate_segments
    ) = self.generate_with_fallback(encoder_output, prompt, tokenizer, options)
  File "/home/ubuntu/miniconda3/envs/openvoice/lib/python3.9/site-packages/faster_whisper/transcribe.py", line 641, in generate_with_fallback
    result = self.model.generate(
RuntimeError: CUDA failed with error out of memory
Traceback (most recent call last):
  File "/home/ubuntu/OpenVoice/job.py", line 334, in <module>
    clone_voice(f"./projects/{i}/{j}")
  File "/home/ubuntu/OpenVoice/job.py", line 201, in clone_voice
    return(convert_color(projectfolder))
  File "/home/ubuntu/OpenVoice/job.py", line 277, in convert_color
    target_se, audio_name = se_extractor.get_se(ref_audio_path, tone_color_converter, vad=False)
  File "/home/ubuntu/OpenVoice/openvoice/se_extractor.py", line 146, in get_se
    wavs_folder = split_audio_whisper(audio_path, target_dir=target_dir, audio_name=audio_name)
  File "/home/ubuntu/OpenVoice/openvoice/se_extractor.py", line 29, in split_audio_whisper
    segments = list(segments)
  File "/home/ubuntu/miniconda3/envs/openvoice/lib/python3.9/site-packages/faster_whisper/transcribe.py", line 433, in generate_segments
    ) = self.generate_with_fallback(encoder_output, prompt, tokenizer, options)
  File "/home/ubuntu/miniconda3/envs/openvoice/lib/python3.9/site-packages/faster_whisper/transcribe.py", line 641, in generate_with_fallback
    result = self.model.generate(
RuntimeError: CUDA failed with error out of memory
Traceback (most recent call last):
  File "/home/ubuntu/OpenVoice/job.py", line 334, in <module>
    clone_voice(f"./projects/{i}/{j}")
  File "/home/ubuntu/OpenVoice/job.py", line 201, in clone_voice
    return(convert_color(projectfolder))
  File "/home/ubuntu/OpenVoice/job.py", line 277, in convert_color
    target_se, audio_name = se_extractor.get_se(ref_audio_path, tone_color_converter, vad=False)
  File "/home/ubuntu/OpenVoice/openvoice/se_extractor.py", line 146, in get_se
    wavs_folder = split_audio_whisper(audio_path, target_dir=target_dir, audio_name=audio_name)
  File "/home/ubuntu/OpenVoice/openvoice/se_extractor.py", line 29, in split_audio_whisper
    segments = list(segments)
  File "/home/ubuntu/miniconda3/envs/openvoice/lib/python3.9/site-packages/faster_whisper/transcribe.py", line 433, in generate_segments
    ) = self.generate_with_fallback(encoder_output, prompt, tokenizer, options)
  File "/home/ubuntu/miniconda3/envs/openvoice/lib/python3.9/site-packages/faster_whisper/transcribe.py", line 641, in generate_with_fallback
    result = self.model.generate(
RuntimeError: CUDA failed with error out of memory
Traceback (most recent call last):
  File "/home/ubuntu/OpenVoice/job.py", line 334, in <module>
    clone_voice(f"./projects/{i}/{j}")
  File "/home/ubuntu/OpenVoice/job.py", line 201, in clone_voice
    return(convert_color(projectfolder))
  File "/home/ubuntu/OpenVoice/job.py", line 277, in convert_color
    target_se, audio_name = se_extractor.get_se(ref_audio_path, tone_color_converter, vad=False)
  File "/home/ubuntu/OpenVoice/openvoice/se_extractor.py", line 146, in get_se
    wavs_folder = split_audio_whisper(audio_path, target_dir=target_dir, audio_name=audio_name)
  File "/home/ubuntu/OpenVoice/openvoice/se_extractor.py", line 29, in split_audio_whisper
    segments = list(segments)
  File "/home/ubuntu/miniconda3/envs/openvoice/lib/python3.9/site-packages/faster_whisper/transcribe.py", line 433, in generate_segments
    ) = self.generate_with_fallback(encoder_output, prompt, tokenizer, options)
  File "/home/ubuntu/miniconda3/envs/openvoice/lib/python3.9/site-packages/faster_whisper/transcribe.py", line 641, in generate_with_fallback
    result = self.model.generate(
RuntimeError: CUDA failed with error out of memory
Traceback (most recent call last):
  File "/home/ubuntu/OpenVoice/job.py", line 334, in <module>
    clone_voice(f"./projects/{i}/{j}")
  File "/home/ubuntu/OpenVoice/job.py", line 201, in clone_voice
    return(convert_color(projectfolder))
  File "/home/ubuntu/OpenVoice/job.py", line 277, in convert_color
    target_se, audio_name = se_extractor.get_se(ref_audio_path, tone_color_converter, vad=False)
  File "/home/ubuntu/OpenVoice/openvoice/se_extractor.py", line 146, in get_se
    wavs_folder = split_audio_whisper(audio_path, target_dir=target_dir, audio_name=audio_name)
  File "/home/ubuntu/OpenVoice/openvoice/se_extractor.py", line 29, in split_audio_whisper
    segments = list(segments)
  File "/home/ubuntu/miniconda3/envs/openvoice/lib/python3.9/site-packages/faster_whisper/transcribe.py", line 433, in generate_segments
    ) = self.generate_with_fallback(encoder_output, prompt, tokenizer, options)
  File "/home/ubuntu/miniconda3/envs/openvoice/lib/python3.9/site-packages/faster_whisper/transcribe.py", line 641, in generate_with_fallback
    result = self.model.generate(
RuntimeError: CUDA failed with error out of memory
Traceback (most recent call last):
  File "/home/ubuntu/OpenVoice/job.py", line 334, in <module>
    clone_voice(f"./projects/{i}/{j}")
  File "/home/ubuntu/OpenVoice/job.py", line 201, in clone_voice
    return(convert_color(projectfolder))
  File "/home/ubuntu/OpenVoice/job.py", line 277, in convert_color
    target_se, audio_name = se_extractor.get_se(ref_audio_path, tone_color_converter, vad=False)
  File "/home/ubuntu/OpenVoice/openvoice/se_extractor.py", line 146, in get_se
    wavs_folder = split_audio_whisper(audio_path, target_dir=target_dir, audio_name=audio_name)
  File "/home/ubuntu/OpenVoice/openvoice/se_extractor.py", line 29, in split_audio_whisper
    segments = list(segments)
  File "/home/ubuntu/miniconda3/envs/openvoice/lib/python3.9/site-packages/faster_whisper/transcribe.py", line 433, in generate_segments
    ) = self.generate_with_fallback(encoder_output, prompt, tokenizer, options)
  File "/home/ubuntu/miniconda3/envs/openvoice/lib/python3.9/site-packages/faster_whisper/transcribe.py", line 641, in generate_with_fallback
    result = self.model.generate(
RuntimeError: CUDA failed with error out of memory
Traceback (most recent call last):
  File "/home/ubuntu/OpenVoice/job.py", line 334, in <module>
    clone_voice(f"./projects/{i}/{j}")
  File "/home/ubuntu/OpenVoice/job.py", line 201, in clone_voice
    return(convert_color(projectfolder))
  File "/home/ubuntu/OpenVoice/job.py", line 277, in convert_color
    target_se, audio_name = se_extractor.get_se(ref_audio_path, tone_color_converter, vad=False)
  File "/home/ubuntu/OpenVoice/openvoice/se_extractor.py", line 146, in get_se
    wavs_folder = split_audio_whisper(audio_path, target_dir=target_dir, audio_name=audio_name)
  File "/home/ubuntu/OpenVoice/openvoice/se_extractor.py", line 29, in split_audio_whisper
    segments = list(segments)
  File "/home/ubuntu/miniconda3/envs/openvoice/lib/python3.9/site-packages/faster_whisper/transcribe.py", line 433, in generate_segments
    ) = self.generate_with_fallback(encoder_output, prompt, tokenizer, options)
  File "/home/ubuntu/miniconda3/envs/openvoice/lib/python3.9/site-packages/faster_whisper/transcribe.py", line 641, in generate_with_fallback
    result = self.model.generate(
RuntimeError: CUDA failed with error out of memory
Traceback (most recent call last):
  File "/home/ubuntu/OpenVoice/job.py", line 334, in <module>
    clone_voice(f"./projects/{i}/{j}")
  File "/home/ubuntu/OpenVoice/job.py", line 201, in clone_voice
    return(convert_color(projectfolder))
  File "/home/ubuntu/OpenVoice/job.py", line 277, in convert_color
    target_se, audio_name = se_extractor.get_se(ref_audio_path, tone_color_converter, vad=False)
  File "/home/ubuntu/OpenVoice/openvoice/se_extractor.py", line 146, in get_se
    wavs_folder = split_audio_whisper(audio_path, target_dir=target_dir, audio_name=audio_name)
  File "/home/ubuntu/OpenVoice/openvoice/se_extractor.py", line 29, in split_audio_whisper
    segments = list(segments)
  File "/home/ubuntu/miniconda3/envs/openvoice/lib/python3.9/site-packages/faster_whisper/transcribe.py", line 433, in generate_segments
    ) = self.generate_with_fallback(encoder_output, prompt, tokenizer, options)
  File "/home/ubuntu/miniconda3/envs/openvoice/lib/python3.9/site-packages/faster_whisper/transcribe.py", line 641, in generate_with_fallback
    result = self.model.generate(
RuntimeError: CUDA failed with error out of memory
Traceback (most recent call last):
  File "/home/ubuntu/OpenVoice/job.py", line 334, in <module>
    clone_voice(f"./projects/{i}/{j}")
  File "/home/ubuntu/OpenVoice/job.py", line 201, in clone_voice
    return(convert_color(projectfolder))
  File "/home/ubuntu/OpenVoice/job.py", line 277, in convert_color
    target_se, audio_name = se_extractor.get_se(ref_audio_path, tone_color_converter, vad=False)
  File "/home/ubuntu/OpenVoice/openvoice/se_extractor.py", line 146, in get_se
    wavs_folder = split_audio_whisper(audio_path, target_dir=target_dir, audio_name=audio_name)
  File "/home/ubuntu/OpenVoice/openvoice/se_extractor.py", line 29, in split_audio_whisper
    segments = list(segments)
  File "/home/ubuntu/miniconda3/envs/openvoice/lib/python3.9/site-packages/faster_whisper/transcribe.py", line 433, in generate_segments
    ) = self.generate_with_fallback(encoder_output, prompt, tokenizer, options)
  File "/home/ubuntu/miniconda3/envs/openvoice/lib/python3.9/site-packages/faster_whisper/transcribe.py", line 641, in generate_with_fallback
    result = self.model.generate(
RuntimeError: CUDA failed with error out of memory
Traceback (most recent call last):
  File "/home/ubuntu/OpenVoice/job.py", line 334, in <module>
    clone_voice(f"./projects/{i}/{j}")
  File "/home/ubuntu/OpenVoice/job.py", line 201, in clone_voice
    return(convert_color(projectfolder))
  File "/home/ubuntu/OpenVoice/job.py", line 277, in convert_color
    target_se, audio_name = se_extractor.get_se(ref_audio_path, tone_color_converter, vad=False)
  File "/home/ubuntu/OpenVoice/openvoice/se_extractor.py", line 146, in get_se
    wavs_folder = split_audio_whisper(audio_path, target_dir=target_dir, audio_name=audio_name)
  File "/home/ubuntu/OpenVoice/openvoice/se_extractor.py", line 29, in split_audio_whisper
    segments = list(segments)
  File "/home/ubuntu/miniconda3/envs/openvoice/lib/python3.9/site-packages/faster_whisper/transcribe.py", line 433, in generate_segments
    ) = self.generate_with_fallback(encoder_output, prompt, tokenizer, options)
  File "/home/ubuntu/miniconda3/envs/openvoice/lib/python3.9/site-packages/faster_whisper/transcribe.py", line 641, in generate_with_fallback
    result = self.model.generate(
RuntimeError: CUDA failed with error out of memory
Traceback (most recent call last):
  File "/home/ubuntu/OpenVoice/job.py", line 334, in <module>
    clone_voice(f"./projects/{i}/{j}")
  File "/home/ubuntu/OpenVoice/job.py", line 201, in clone_voice
    return(convert_color(projectfolder))
  File "/home/ubuntu/OpenVoice/job.py", line 277, in convert_color
    target_se, audio_name = se_extractor.get_se(ref_audio_path, tone_color_converter, vad=False)
  File "/home/ubuntu/OpenVoice/openvoice/se_extractor.py", line 146, in get_se
    wavs_folder = split_audio_whisper(audio_path, target_dir=target_dir, audio_name=audio_name)
  File "/home/ubuntu/OpenVoice/openvoice/se_extractor.py", line 29, in split_audio_whisper
    segments = list(segments)
  File "/home/ubuntu/miniconda3/envs/openvoice/lib/python3.9/site-packages/faster_whisper/transcribe.py", line 433, in generate_segments
    ) = self.generate_with_fallback(encoder_output, prompt, tokenizer, options)
  File "/home/ubuntu/miniconda3/envs/openvoice/lib/python3.9/site-packages/faster_whisper/transcribe.py", line 641, in generate_with_fallback
    result = self.model.generate(
RuntimeError: CUDA failed with error out of memory
Traceback (most recent call last):
  File "/home/ubuntu/OpenVoice/job.py", line 334, in <module>
    clone_voice(f"./projects/{i}/{j}")
  File "/home/ubuntu/OpenVoice/job.py", line 201, in clone_voice
    return(convert_color(projectfolder))
  File "/home/ubuntu/OpenVoice/job.py", line 277, in convert_color
    target_se, audio_name = se_extractor.get_se(ref_audio_path, tone_color_converter, vad=False)
  File "/home/ubuntu/OpenVoice/openvoice/se_extractor.py", line 146, in get_se
    wavs_folder = split_audio_whisper(audio_path, target_dir=target_dir, audio_name=audio_name)
  File "/home/ubuntu/OpenVoice/openvoice/se_extractor.py", line 29, in split_audio_whisper
    segments = list(segments)
  File "/home/ubuntu/miniconda3/envs/openvoice/lib/python3.9/site-packages/faster_whisper/transcribe.py", line 433, in generate_segments
    ) = self.generate_with_fallback(encoder_output, prompt, tokenizer, options)
  File "/home/ubuntu/miniconda3/envs/openvoice/lib/python3.9/site-packages/faster_whisper/transcribe.py", line 641, in generate_with_fallback
    result = self.model.generate(
RuntimeError: CUDA failed with error out of memory
Traceback (most recent call last):
  File "/home/ubuntu/OpenVoice/job.py", line 334, in <module>
    clone_voice(f"./projects/{i}/{j}")
  File "/home/ubuntu/OpenVoice/job.py", line 201, in clone_voice
    return(convert_color(projectfolder))
  File "/home/ubuntu/OpenVoice/job.py", line 277, in convert_color
    target_se, audio_name = se_extractor.get_se(ref_audio_path, tone_color_converter, vad=False)
  File "/home/ubuntu/OpenVoice/openvoice/se_extractor.py", line 146, in get_se
    wavs_folder = split_audio_whisper(audio_path, target_dir=target_dir, audio_name=audio_name)
  File "/home/ubuntu/OpenVoice/openvoice/se_extractor.py", line 29, in split_audio_whisper
    segments = list(segments)
  File "/home/ubuntu/miniconda3/envs/openvoice/lib/python3.9/site-packages/faster_whisper/transcribe.py", line 433, in generate_segments
    ) = self.generate_with_fallback(encoder_output, prompt, tokenizer, options)
  File "/home/ubuntu/miniconda3/envs/openvoice/lib/python3.9/site-packages/faster_whisper/transcribe.py", line 641, in generate_with_fallback
    result = self.model.generate(
RuntimeError: CUDA failed with error out of memory
Traceback (most recent call last):
  File "/home/ubuntu/OpenVoice/job.py", line 334, in <module>
    clone_voice(f"./projects/{i}/{j}")
  File "/home/ubuntu/OpenVoice/job.py", line 201, in clone_voice
    return(convert_color(projectfolder))
  File "/home/ubuntu/OpenVoice/job.py", line 277, in convert_color
    target_se, audio_name = se_extractor.get_se(ref_audio_path, tone_color_converter, vad=False)
  File "/home/ubuntu/OpenVoice/openvoice/se_extractor.py", line 146, in get_se
    wavs_folder = split_audio_whisper(audio_path, target_dir=target_dir, audio_name=audio_name)
  File "/home/ubuntu/OpenVoice/openvoice/se_extractor.py", line 29, in split_audio_whisper
    segments = list(segments)
  File "/home/ubuntu/miniconda3/envs/openvoice/lib/python3.9/site-packages/faster_whisper/transcribe.py", line 433, in generate_segments
    ) = self.generate_with_fallback(encoder_output, prompt, tokenizer, options)
  File "/home/ubuntu/miniconda3/envs/openvoice/lib/python3.9/site-packages/faster_whisper/transcribe.py", line 641, in generate_with_fallback
    result = self.model.generate(
RuntimeError: CUDA failed with error out of memory
Traceback (most recent call last):
  File "/home/ubuntu/OpenVoice/job.py", line 334, in <module>
    clone_voice(f"./projects/{i}/{j}")
  File "/home/ubuntu/OpenVoice/job.py", line 201, in clone_voice
    return(convert_color(projectfolder))
  File "/home/ubuntu/OpenVoice/job.py", line 277, in convert_color
    target_se, audio_name = se_extractor.get_se(ref_audio_path, tone_color_converter, vad=False)
  File "/home/ubuntu/OpenVoice/openvoice/se_extractor.py", line 146, in get_se
    wavs_folder = split_audio_whisper(audio_path, target_dir=target_dir, audio_name=audio_name)
  File "/home/ubuntu/OpenVoice/openvoice/se_extractor.py", line 29, in split_audio_whisper
    segments = list(segments)
  File "/home/ubuntu/miniconda3/envs/openvoice/lib/python3.9/site-packages/faster_whisper/transcribe.py", line 433, in generate_segments
    ) = self.generate_with_fallback(encoder_output, prompt, tokenizer, options)
  File "/home/ubuntu/miniconda3/envs/openvoice/lib/python3.9/site-packages/faster_whisper/transcribe.py", line 641, in generate_with_fallback
    result = self.model.generate(
RuntimeError: CUDA failed with error out of memory
Traceback (most recent call last):
  File "/home/ubuntu/OpenVoice/job.py", line 334, in <module>
    clone_voice(f"./projects/{i}/{j}")
  File "/home/ubuntu/OpenVoice/job.py", line 201, in clone_voice
    return(convert_color(projectfolder))
  File "/home/ubuntu/OpenVoice/job.py", line 277, in convert_color
    target_se, audio_name = se_extractor.get_se(ref_audio_path, tone_color_converter, vad=False)
  File "/home/ubuntu/OpenVoice/openvoice/se_extractor.py", line 146, in get_se
    wavs_folder = split_audio_whisper(audio_path, target_dir=target_dir, audio_name=audio_name)
  File "/home/ubuntu/OpenVoice/openvoice/se_extractor.py", line 29, in split_audio_whisper
    segments = list(segments)
  File "/home/ubuntu/miniconda3/envs/openvoice/lib/python3.9/site-packages/faster_whisper/transcribe.py", line 433, in generate_segments
    ) = self.generate_with_fallback(encoder_output, prompt, tokenizer, options)
  File "/home/ubuntu/miniconda3/envs/openvoice/lib/python3.9/site-packages/faster_whisper/transcribe.py", line 641, in generate_with_fallback
    result = self.model.generate(
RuntimeError: CUDA failed with error out of memory
Traceback (most recent call last):
  File "/home/ubuntu/OpenVoice/job.py", line 334, in <module>
    clone_voice(f"./projects/{i}/{j}")
  File "/home/ubuntu/OpenVoice/job.py", line 201, in clone_voice
    return(convert_color(projectfolder))
  File "/home/ubuntu/OpenVoice/job.py", line 277, in convert_color
    target_se, audio_name = se_extractor.get_se(ref_audio_path, tone_color_converter, vad=False)
  File "/home/ubuntu/OpenVoice/openvoice/se_extractor.py", line 146, in get_se
    wavs_folder = split_audio_whisper(audio_path, target_dir=target_dir, audio_name=audio_name)
  File "/home/ubuntu/OpenVoice/openvoice/se_extractor.py", line 29, in split_audio_whisper
    segments = list(segments)
  File "/home/ubuntu/miniconda3/envs/openvoice/lib/python3.9/site-packages/faster_whisper/transcribe.py", line 433, in generate_segments
    ) = self.generate_with_fallback(encoder_output, prompt, tokenizer, options)
  File "/home/ubuntu/miniconda3/envs/openvoice/lib/python3.9/site-packages/faster_whisper/transcribe.py", line 641, in generate_with_fallback
    result = self.model.generate(
RuntimeError: CUDA failed with error out of memory
Traceback (most recent call last):
  File "/home/ubuntu/OpenVoice/job.py", line 334, in <module>
    clone_voice(f"./projects/{i}/{j}")
  File "/home/ubuntu/OpenVoice/job.py", line 201, in clone_voice
    return(convert_color(projectfolder))
  File "/home/ubuntu/OpenVoice/job.py", line 277, in convert_color
    target_se, audio_name = se_extractor.get_se(ref_audio_path, tone_color_converter, vad=False)
  File "/home/ubuntu/OpenVoice/openvoice/se_extractor.py", line 146, in get_se
    wavs_folder = split_audio_whisper(audio_path, target_dir=target_dir, audio_name=audio_name)
  File "/home/ubuntu/OpenVoice/openvoice/se_extractor.py", line 28, in split_audio_whisper
    segments, info = model.transcribe(audio_path, beam_size=5, word_timestamps=True)
  File "/home/ubuntu/miniconda3/envs/openvoice/lib/python3.9/site-packages/faster_whisper/transcribe.py", line 308, in transcribe
    encoder_output = self.encode(segment)
  File "/home/ubuntu/miniconda3/envs/openvoice/lib/python3.9/site-packages/faster_whisper/transcribe.py", line 610, in encode
    return self.model.encode(features, to_cpu=to_cpu)
RuntimeError: CUDA failed with error out of memory
Traceback (most recent call last):
  File "/home/ubuntu/OpenVoice/job.py", line 334, in <module>
    clone_voice(f"./projects/{i}/{j}")
  File "/home/ubuntu/OpenVoice/job.py", line 201, in clone_voice
    return(convert_color(projectfolder))
  File "/home/ubuntu/OpenVoice/job.py", line 277, in convert_color
    target_se, audio_name = se_extractor.get_se(ref_audio_path, tone_color_converter, vad=False)
  File "/home/ubuntu/OpenVoice/openvoice/se_extractor.py", line 146, in get_se
    wavs_folder = split_audio_whisper(audio_path, target_dir=target_dir, audio_name=audio_name)
  File "/home/ubuntu/OpenVoice/openvoice/se_extractor.py", line 29, in split_audio_whisper
    segments = list(segments)
  File "/home/ubuntu/miniconda3/envs/openvoice/lib/python3.9/site-packages/faster_whisper/transcribe.py", line 433, in generate_segments
    ) = self.generate_with_fallback(encoder_output, prompt, tokenizer, options)
  File "/home/ubuntu/miniconda3/envs/openvoice/lib/python3.9/site-packages/faster_whisper/transcribe.py", line 641, in generate_with_fallback
    result = self.model.generate(
RuntimeError: CUDA failed with error out of memory
Traceback (most recent call last):
  File "/home/ubuntu/OpenVoice/job.py", line 334, in <module>
    clone_voice(f"./projects/{i}/{j}")
  File "/home/ubuntu/OpenVoice/job.py", line 201, in clone_voice
    return(convert_color(projectfolder))
  File "/home/ubuntu/OpenVoice/job.py", line 277, in convert_color
    target_se, audio_name = se_extractor.get_se(ref_audio_path, tone_color_converter, vad=False)
  File "/home/ubuntu/OpenVoice/openvoice/se_extractor.py", line 146, in get_se
    wavs_folder = split_audio_whisper(audio_path, target_dir=target_dir, audio_name=audio_name)
  File "/home/ubuntu/OpenVoice/openvoice/se_extractor.py", line 29, in split_audio_whisper
    segments = list(segments)
  File "/home/ubuntu/miniconda3/envs/openvoice/lib/python3.9/site-packages/faster_whisper/transcribe.py", line 433, in generate_segments
    ) = self.generate_with_fallback(encoder_output, prompt, tokenizer, options)
  File "/home/ubuntu/miniconda3/envs/openvoice/lib/python3.9/site-packages/faster_whisper/transcribe.py", line 641, in generate_with_fallback
    result = self.model.generate(
RuntimeError: CUDA failed with error out of memory
Traceback (most recent call last):
  File "/home/ubuntu/OpenVoice/job.py", line 334, in <module>
    clone_voice(f"./projects/{i}/{j}")
  File "/home/ubuntu/OpenVoice/job.py", line 201, in clone_voice
    return(convert_color(projectfolder))
  File "/home/ubuntu/OpenVoice/job.py", line 277, in convert_color
    target_se, audio_name = se_extractor.get_se(ref_audio_path, tone_color_converter, vad=False)
  File "/home/ubuntu/OpenVoice/openvoice/se_extractor.py", line 146, in get_se
    wavs_folder = split_audio_whisper(audio_path, target_dir=target_dir, audio_name=audio_name)
  File "/home/ubuntu/OpenVoice/openvoice/se_extractor.py", line 29, in split_audio_whisper
    segments = list(segments)
  File "/home/ubuntu/miniconda3/envs/openvoice/lib/python3.9/site-packages/faster_whisper/transcribe.py", line 433, in generate_segments
    ) = self.generate_with_fallback(encoder_output, prompt, tokenizer, options)
  File "/home/ubuntu/miniconda3/envs/openvoice/lib/python3.9/site-packages/faster_whisper/transcribe.py", line 641, in generate_with_fallback
    result = self.model.generate(
RuntimeError: CUDA failed with error out of memory
Traceback (most recent call last):
  File "/home/ubuntu/OpenVoice/job.py", line 334, in <module>
    clone_voice(f"./projects/{i}/{j}")
  File "/home/ubuntu/OpenVoice/job.py", line 201, in clone_voice
    return(convert_color(projectfolder))
  File "/home/ubuntu/OpenVoice/job.py", line 277, in convert_color
    target_se, audio_name = se_extractor.get_se(ref_audio_path, tone_color_converter, vad=False)
  File "/home/ubuntu/OpenVoice/openvoice/se_extractor.py", line 146, in get_se
    wavs_folder = split_audio_whisper(audio_path, target_dir=target_dir, audio_name=audio_name)
  File "/home/ubuntu/OpenVoice/openvoice/se_extractor.py", line 29, in split_audio_whisper
    segments = list(segments)
  File "/home/ubuntu/miniconda3/envs/openvoice/lib/python3.9/site-packages/faster_whisper/transcribe.py", line 433, in generate_segments
    ) = self.generate_with_fallback(encoder_output, prompt, tokenizer, options)
  File "/home/ubuntu/miniconda3/envs/openvoice/lib/python3.9/site-packages/faster_whisper/transcribe.py", line 641, in generate_with_fallback
    result = self.model.generate(
RuntimeError: CUDA failed with error out of memory
Traceback (most recent call last):
  File "/home/ubuntu/OpenVoice/job.py", line 334, in <module>
    clone_voice(f"./projects/{i}/{j}")
  File "/home/ubuntu/OpenVoice/job.py", line 201, in clone_voice
    return(convert_color(projectfolder))
  File "/home/ubuntu/OpenVoice/job.py", line 277, in convert_color
    target_se, audio_name = se_extractor.get_se(ref_audio_path, tone_color_converter, vad=False)
  File "/home/ubuntu/OpenVoice/openvoice/se_extractor.py", line 146, in get_se
    wavs_folder = split_audio_whisper(audio_path, target_dir=target_dir, audio_name=audio_name)
  File "/home/ubuntu/OpenVoice/openvoice/se_extractor.py", line 29, in split_audio_whisper
    segments = list(segments)
  File "/home/ubuntu/miniconda3/envs/openvoice/lib/python3.9/site-packages/faster_whisper/transcribe.py", line 433, in generate_segments
    ) = self.generate_with_fallback(encoder_output, prompt, tokenizer, options)
  File "/home/ubuntu/miniconda3/envs/openvoice/lib/python3.9/site-packages/faster_whisper/transcribe.py", line 641, in generate_with_fallback
    result = self.model.generate(
RuntimeError: CUDA failed with error out of memory
Traceback (most recent call last):
  File "/home/ubuntu/OpenVoice/job.py", line 334, in <module>
    clone_voice(f"./projects/{i}/{j}")
  File "/home/ubuntu/OpenVoice/job.py", line 201, in clone_voice
    return(convert_color(projectfolder))
  File "/home/ubuntu/OpenVoice/job.py", line 277, in convert_color
    target_se, audio_name = se_extractor.get_se(ref_audio_path, tone_color_converter, vad=False)
  File "/home/ubuntu/OpenVoice/openvoice/se_extractor.py", line 146, in get_se
    wavs_folder = split_audio_whisper(audio_path, target_dir=target_dir, audio_name=audio_name)
  File "/home/ubuntu/OpenVoice/openvoice/se_extractor.py", line 29, in split_audio_whisper
    segments = list(segments)
  File "/home/ubuntu/miniconda3/envs/openvoice/lib/python3.9/site-packages/faster_whisper/transcribe.py", line 433, in generate_segments
    ) = self.generate_with_fallback(encoder_output, prompt, tokenizer, options)
  File "/home/ubuntu/miniconda3/envs/openvoice/lib/python3.9/site-packages/faster_whisper/transcribe.py", line 641, in generate_with_fallback
    result = self.model.generate(
RuntimeError: CUDA failed with error out of memory
Traceback (most recent call last):
  File "/home/ubuntu/OpenVoice/job.py", line 334, in <module>
    clone_voice(f"./projects/{i}/{j}")
  File "/home/ubuntu/OpenVoice/job.py", line 201, in clone_voice
    return(convert_color(projectfolder))
  File "/home/ubuntu/OpenVoice/job.py", line 277, in convert_color
    target_se, audio_name = se_extractor.get_se(ref_audio_path, tone_color_converter, vad=False)
  File "/home/ubuntu/OpenVoice/openvoice/se_extractor.py", line 146, in get_se
    wavs_folder = split_audio_whisper(audio_path, target_dir=target_dir, audio_name=audio_name)
  File "/home/ubuntu/OpenVoice/openvoice/se_extractor.py", line 29, in split_audio_whisper
    segments = list(segments)
  File "/home/ubuntu/miniconda3/envs/openvoice/lib/python3.9/site-packages/faster_whisper/transcribe.py", line 433, in generate_segments
    ) = self.generate_with_fallback(encoder_output, prompt, tokenizer, options)
  File "/home/ubuntu/miniconda3/envs/openvoice/lib/python3.9/site-packages/faster_whisper/transcribe.py", line 641, in generate_with_fallback
    result = self.model.generate(
RuntimeError: CUDA failed with error out of memory
Traceback (most recent call last):
  File "/home/ubuntu/OpenVoice/job.py", line 334, in <module>
    clone_voice(f"./projects/{i}/{j}")
  File "/home/ubuntu/OpenVoice/job.py", line 201, in clone_voice
    return(convert_color(projectfolder))
  File "/home/ubuntu/OpenVoice/job.py", line 277, in convert_color
    target_se, audio_name = se_extractor.get_se(ref_audio_path, tone_color_converter, vad=False)
  File "/home/ubuntu/OpenVoice/openvoice/se_extractor.py", line 146, in get_se
    wavs_folder = split_audio_whisper(audio_path, target_dir=target_dir, audio_name=audio_name)
  File "/home/ubuntu/OpenVoice/openvoice/se_extractor.py", line 29, in split_audio_whisper
    segments = list(segments)
  File "/home/ubuntu/miniconda3/envs/openvoice/lib/python3.9/site-packages/faster_whisper/transcribe.py", line 433, in generate_segments
    ) = self.generate_with_fallback(encoder_output, prompt, tokenizer, options)
  File "/home/ubuntu/miniconda3/envs/openvoice/lib/python3.9/site-packages/faster_whisper/transcribe.py", line 641, in generate_with_fallback
    result = self.model.generate(
RuntimeError: CUDA failed with error out of memory
Traceback (most recent call last):
  File "/home/ubuntu/OpenVoice/job.py", line 334, in <module>
    clone_voice(f"./projects/{i}/{j}")
  File "/home/ubuntu/OpenVoice/job.py", line 201, in clone_voice
    return(convert_color(projectfolder))
  File "/home/ubuntu/OpenVoice/job.py", line 277, in convert_color
    target_se, audio_name = se_extractor.get_se(ref_audio_path, tone_color_converter, vad=False)
  File "/home/ubuntu/OpenVoice/openvoice/se_extractor.py", line 146, in get_se
    wavs_folder = split_audio_whisper(audio_path, target_dir=target_dir, audio_name=audio_name)
  File "/home/ubuntu/OpenVoice/openvoice/se_extractor.py", line 29, in split_audio_whisper
    segments = list(segments)
  File "/home/ubuntu/miniconda3/envs/openvoice/lib/python3.9/site-packages/faster_whisper/transcribe.py", line 433, in generate_segments
    ) = self.generate_with_fallback(encoder_output, prompt, tokenizer, options)
  File "/home/ubuntu/miniconda3/envs/openvoice/lib/python3.9/site-packages/faster_whisper/transcribe.py", line 641, in generate_with_fallback
    result = self.model.generate(
RuntimeError: CUDA failed with error out of memory
Traceback (most recent call last):
  File "/home/ubuntu/OpenVoice/job.py", line 334, in <module>
    clone_voice(f"./projects/{i}/{j}")
  File "/home/ubuntu/OpenVoice/job.py", line 201, in clone_voice
    return(convert_color(projectfolder))
  File "/home/ubuntu/OpenVoice/job.py", line 277, in convert_color
    target_se, audio_name = se_extractor.get_se(ref_audio_path, tone_color_converter, vad=False)
  File "/home/ubuntu/OpenVoice/openvoice/se_extractor.py", line 146, in get_se
    wavs_folder = split_audio_whisper(audio_path, target_dir=target_dir, audio_name=audio_name)
  File "/home/ubuntu/OpenVoice/openvoice/se_extractor.py", line 29, in split_audio_whisper
    segments = list(segments)
  File "/home/ubuntu/miniconda3/envs/openvoice/lib/python3.9/site-packages/faster_whisper/transcribe.py", line 433, in generate_segments
    ) = self.generate_with_fallback(encoder_output, prompt, tokenizer, options)
  File "/home/ubuntu/miniconda3/envs/openvoice/lib/python3.9/site-packages/faster_whisper/transcribe.py", line 641, in generate_with_fallback
    result = self.model.generate(
RuntimeError: CUDA failed with error out of memory
Traceback (most recent call last):
  File "/home/ubuntu/OpenVoice/job.py", line 334, in <module>
    clone_voice(f"./projects/{i}/{j}")
  File "/home/ubuntu/OpenVoice/job.py", line 201, in clone_voice
    return(convert_color(projectfolder))
  File "/home/ubuntu/OpenVoice/job.py", line 277, in convert_color
    target_se, audio_name = se_extractor.get_se(ref_audio_path, tone_color_converter, vad=False)
  File "/home/ubuntu/OpenVoice/openvoice/se_extractor.py", line 146, in get_se
    wavs_folder = split_audio_whisper(audio_path, target_dir=target_dir, audio_name=audio_name)
  File "/home/ubuntu/OpenVoice/openvoice/se_extractor.py", line 29, in split_audio_whisper
    segments = list(segments)
  File "/home/ubuntu/miniconda3/envs/openvoice/lib/python3.9/site-packages/faster_whisper/transcribe.py", line 433, in generate_segments
    ) = self.generate_with_fallback(encoder_output, prompt, tokenizer, options)
  File "/home/ubuntu/miniconda3/envs/openvoice/lib/python3.9/site-packages/faster_whisper/transcribe.py", line 641, in generate_with_fallback
    result = self.model.generate(
RuntimeError: CUDA failed with error out of memory
Traceback (most recent call last):
  File "/home/ubuntu/OpenVoice/job.py", line 334, in <module>
    clone_voice(f"./projects/{i}/{j}")
  File "/home/ubuntu/OpenVoice/job.py", line 201, in clone_voice
    return(convert_color(projectfolder))
  File "/home/ubuntu/OpenVoice/job.py", line 277, in convert_color
    target_se, audio_name = se_extractor.get_se(ref_audio_path, tone_color_converter, vad=False)
  File "/home/ubuntu/OpenVoice/openvoice/se_extractor.py", line 146, in get_se
    wavs_folder = split_audio_whisper(audio_path, target_dir=target_dir, audio_name=audio_name)
  File "/home/ubuntu/OpenVoice/openvoice/se_extractor.py", line 29, in split_audio_whisper
    segments = list(segments)
  File "/home/ubuntu/miniconda3/envs/openvoice/lib/python3.9/site-packages/faster_whisper/transcribe.py", line 433, in generate_segments
    ) = self.generate_with_fallback(encoder_output, prompt, tokenizer, options)
  File "/home/ubuntu/miniconda3/envs/openvoice/lib/python3.9/site-packages/faster_whisper/transcribe.py", line 641, in generate_with_fallback
    result = self.model.generate(
RuntimeError: CUDA failed with error out of memory
Traceback (most recent call last):
  File "/home/ubuntu/OpenVoice/job.py", line 334, in <module>
    clone_voice(f"./projects/{i}/{j}")
  File "/home/ubuntu/OpenVoice/job.py", line 201, in clone_voice
    return(convert_color(projectfolder))
  File "/home/ubuntu/OpenVoice/job.py", line 277, in convert_color
    target_se, audio_name = se_extractor.get_se(ref_audio_path, tone_color_converter, vad=False)
  File "/home/ubuntu/OpenVoice/openvoice/se_extractor.py", line 146, in get_se
    wavs_folder = split_audio_whisper(audio_path, target_dir=target_dir, audio_name=audio_name)
  File "/home/ubuntu/OpenVoice/openvoice/se_extractor.py", line 29, in split_audio_whisper
    segments = list(segments)
  File "/home/ubuntu/miniconda3/envs/openvoice/lib/python3.9/site-packages/faster_whisper/transcribe.py", line 433, in generate_segments
    ) = self.generate_with_fallback(encoder_output, prompt, tokenizer, options)
  File "/home/ubuntu/miniconda3/envs/openvoice/lib/python3.9/site-packages/faster_whisper/transcribe.py", line 641, in generate_with_fallback
    result = self.model.generate(
RuntimeError: CUDA failed with error out of memory
Traceback (most recent call last):
  File "/home/ubuntu/OpenVoice/job.py", line 334, in <module>
    clone_voice(f"./projects/{i}/{j}")
  File "/home/ubuntu/OpenVoice/job.py", line 201, in clone_voice
    return(convert_color(projectfolder))
  File "/home/ubuntu/OpenVoice/job.py", line 277, in convert_color
    target_se, audio_name = se_extractor.get_se(ref_audio_path, tone_color_converter, vad=False)
  File "/home/ubuntu/OpenVoice/openvoice/se_extractor.py", line 146, in get_se
    wavs_folder = split_audio_whisper(audio_path, target_dir=target_dir, audio_name=audio_name)
  File "/home/ubuntu/OpenVoice/openvoice/se_extractor.py", line 29, in split_audio_whisper
    segments = list(segments)
  File "/home/ubuntu/miniconda3/envs/openvoice/lib/python3.9/site-packages/faster_whisper/transcribe.py", line 433, in generate_segments
    ) = self.generate_with_fallback(encoder_output, prompt, tokenizer, options)
  File "/home/ubuntu/miniconda3/envs/openvoice/lib/python3.9/site-packages/faster_whisper/transcribe.py", line 641, in generate_with_fallback
    result = self.model.generate(
RuntimeError: CUDA failed with error out of memory
Traceback (most recent call last):
  File "/home/ubuntu/OpenVoice/job.py", line 334, in <module>
    clone_voice(f"./projects/{i}/{j}")
  File "/home/ubuntu/OpenVoice/job.py", line 201, in clone_voice
    return(convert_color(projectfolder))
  File "/home/ubuntu/OpenVoice/job.py", line 277, in convert_color
    target_se, audio_name = se_extractor.get_se(ref_audio_path, tone_color_converter, vad=False)
  File "/home/ubuntu/OpenVoice/openvoice/se_extractor.py", line 146, in get_se
    wavs_folder = split_audio_whisper(audio_path, target_dir=target_dir, audio_name=audio_name)
  File "/home/ubuntu/OpenVoice/openvoice/se_extractor.py", line 29, in split_audio_whisper
    segments = list(segments)
  File "/home/ubuntu/miniconda3/envs/openvoice/lib/python3.9/site-packages/faster_whisper/transcribe.py", line 433, in generate_segments
    ) = self.generate_with_fallback(encoder_output, prompt, tokenizer, options)
  File "/home/ubuntu/miniconda3/envs/openvoice/lib/python3.9/site-packages/faster_whisper/transcribe.py", line 641, in generate_with_fallback
    result = self.model.generate(
RuntimeError: CUDA failed with error out of memory
Traceback (most recent call last):
  File "/home/ubuntu/OpenVoice/job.py", line 334, in <module>
    clone_voice(f"./projects/{i}/{j}")
  File "/home/ubuntu/OpenVoice/job.py", line 201, in clone_voice
    return(convert_color(projectfolder))
  File "/home/ubuntu/OpenVoice/job.py", line 277, in convert_color
    target_se, audio_name = se_extractor.get_se(ref_audio_path, tone_color_converter, vad=False)
  File "/home/ubuntu/OpenVoice/openvoice/se_extractor.py", line 146, in get_se
    wavs_folder = split_audio_whisper(audio_path, target_dir=target_dir, audio_name=audio_name)
  File "/home/ubuntu/OpenVoice/openvoice/se_extractor.py", line 29, in split_audio_whisper
    segments = list(segments)
  File "/home/ubuntu/miniconda3/envs/openvoice/lib/python3.9/site-packages/faster_whisper/transcribe.py", line 433, in generate_segments
    ) = self.generate_with_fallback(encoder_output, prompt, tokenizer, options)
  File "/home/ubuntu/miniconda3/envs/openvoice/lib/python3.9/site-packages/faster_whisper/transcribe.py", line 641, in generate_with_fallback
    result = self.model.generate(
RuntimeError: CUDA failed with error out of memory
Traceback (most recent call last):
  File "/home/ubuntu/OpenVoice/job.py", line 334, in <module>
    clone_voice(f"./projects/{i}/{j}")
  File "/home/ubuntu/OpenVoice/job.py", line 201, in clone_voice
    return(convert_color(projectfolder))
  File "/home/ubuntu/OpenVoice/job.py", line 277, in convert_color
    target_se, audio_name = se_extractor.get_se(ref_audio_path, tone_color_converter, vad=False)
  File "/home/ubuntu/OpenVoice/openvoice/se_extractor.py", line 146, in get_se
    wavs_folder = split_audio_whisper(audio_path, target_dir=target_dir, audio_name=audio_name)
  File "/home/ubuntu/OpenVoice/openvoice/se_extractor.py", line 29, in split_audio_whisper
    segments = list(segments)
  File "/home/ubuntu/miniconda3/envs/openvoice/lib/python3.9/site-packages/faster_whisper/transcribe.py", line 433, in generate_segments
    ) = self.generate_with_fallback(encoder_output, prompt, tokenizer, options)
  File "/home/ubuntu/miniconda3/envs/openvoice/lib/python3.9/site-packages/faster_whisper/transcribe.py", line 641, in generate_with_fallback
    result = self.model.generate(
RuntimeError: CUDA failed with error out of memory
Traceback (most recent call last):
  File "/home/ubuntu/OpenVoice/job.py", line 334, in <module>
    clone_voice(f"./projects/{i}/{j}")
  File "/home/ubuntu/OpenVoice/job.py", line 201, in clone_voice
    return(convert_color(projectfolder))
  File "/home/ubuntu/OpenVoice/job.py", line 277, in convert_color
    target_se, audio_name = se_extractor.get_se(ref_audio_path, tone_color_converter, vad=False)
  File "/home/ubuntu/OpenVoice/openvoice/se_extractor.py", line 146, in get_se
    wavs_folder = split_audio_whisper(audio_path, target_dir=target_dir, audio_name=audio_name)
  File "/home/ubuntu/OpenVoice/openvoice/se_extractor.py", line 29, in split_audio_whisper
    segments = list(segments)
  File "/home/ubuntu/miniconda3/envs/openvoice/lib/python3.9/site-packages/faster_whisper/transcribe.py", line 433, in generate_segments
    ) = self.generate_with_fallback(encoder_output, prompt, tokenizer, options)
  File "/home/ubuntu/miniconda3/envs/openvoice/lib/python3.9/site-packages/faster_whisper/transcribe.py", line 641, in generate_with_fallback
    result = self.model.generate(
RuntimeError: CUDA failed with error out of memory
Traceback (most recent call last):
  File "/home/ubuntu/OpenVoice/job.py", line 334, in <module>
    clone_voice(f"./projects/{i}/{j}")
  File "/home/ubuntu/OpenVoice/job.py", line 201, in clone_voice
    return(convert_color(projectfolder))
  File "/home/ubuntu/OpenVoice/job.py", line 277, in convert_color
    target_se, audio_name = se_extractor.get_se(ref_audio_path, tone_color_converter, vad=False)
  File "/home/ubuntu/OpenVoice/openvoice/se_extractor.py", line 146, in get_se
    wavs_folder = split_audio_whisper(audio_path, target_dir=target_dir, audio_name=audio_name)
  File "/home/ubuntu/OpenVoice/openvoice/se_extractor.py", line 29, in split_audio_whisper
    segments = list(segments)
  File "/home/ubuntu/miniconda3/envs/openvoice/lib/python3.9/site-packages/faster_whisper/transcribe.py", line 433, in generate_segments
    ) = self.generate_with_fallback(encoder_output, prompt, tokenizer, options)
  File "/home/ubuntu/miniconda3/envs/openvoice/lib/python3.9/site-packages/faster_whisper/transcribe.py", line 641, in generate_with_fallback
    result = self.model.generate(
RuntimeError: CUDA failed with error out of memory
Traceback (most recent call last):
  File "/home/ubuntu/OpenVoice/job.py", line 334, in <module>
    clone_voice(f"./projects/{i}/{j}")
  File "/home/ubuntu/OpenVoice/job.py", line 201, in clone_voice
    return(convert_color(projectfolder))
  File "/home/ubuntu/OpenVoice/job.py", line 277, in convert_color
    target_se, audio_name = se_extractor.get_se(ref_audio_path, tone_color_converter, vad=False)
  File "/home/ubuntu/OpenVoice/openvoice/se_extractor.py", line 146, in get_se
    wavs_folder = split_audio_whisper(audio_path, target_dir=target_dir, audio_name=audio_name)
  File "/home/ubuntu/OpenVoice/openvoice/se_extractor.py", line 29, in split_audio_whisper
    segments = list(segments)
  File "/home/ubuntu/miniconda3/envs/openvoice/lib/python3.9/site-packages/faster_whisper/transcribe.py", line 433, in generate_segments
    ) = self.generate_with_fallback(encoder_output, prompt, tokenizer, options)
  File "/home/ubuntu/miniconda3/envs/openvoice/lib/python3.9/site-packages/faster_whisper/transcribe.py", line 641, in generate_with_fallback
    result = self.model.generate(
RuntimeError: CUDA failed with error out of memory
Traceback (most recent call last):
  File "/home/ubuntu/OpenVoice/job.py", line 334, in <module>
    clone_voice(f"./projects/{i}/{j}")
  File "/home/ubuntu/OpenVoice/job.py", line 201, in clone_voice
    return(convert_color(projectfolder))
  File "/home/ubuntu/OpenVoice/job.py", line 277, in convert_color
    target_se, audio_name = se_extractor.get_se(ref_audio_path, tone_color_converter, vad=False)
  File "/home/ubuntu/OpenVoice/openvoice/se_extractor.py", line 146, in get_se
    wavs_folder = split_audio_whisper(audio_path, target_dir=target_dir, audio_name=audio_name)
  File "/home/ubuntu/OpenVoice/openvoice/se_extractor.py", line 29, in split_audio_whisper
    segments = list(segments)
  File "/home/ubuntu/miniconda3/envs/openvoice/lib/python3.9/site-packages/faster_whisper/transcribe.py", line 433, in generate_segments
    ) = self.generate_with_fallback(encoder_output, prompt, tokenizer, options)
  File "/home/ubuntu/miniconda3/envs/openvoice/lib/python3.9/site-packages/faster_whisper/transcribe.py", line 641, in generate_with_fallback
    result = self.model.generate(
RuntimeError: CUDA failed with error out of memory
Traceback (most recent call last):
  File "/home/ubuntu/OpenVoice/job.py", line 334, in <module>
    clone_voice(f"./projects/{i}/{j}")
  File "/home/ubuntu/OpenVoice/job.py", line 201, in clone_voice
    return(convert_color(projectfolder))
  File "/home/ubuntu/OpenVoice/job.py", line 277, in convert_color
    target_se, audio_name = se_extractor.get_se(ref_audio_path, tone_color_converter, vad=False)
  File "/home/ubuntu/OpenVoice/openvoice/se_extractor.py", line 146, in get_se
    wavs_folder = split_audio_whisper(audio_path, target_dir=target_dir, audio_name=audio_name)
  File "/home/ubuntu/OpenVoice/openvoice/se_extractor.py", line 29, in split_audio_whisper
    segments = list(segments)
  File "/home/ubuntu/miniconda3/envs/openvoice/lib/python3.9/site-packages/faster_whisper/transcribe.py", line 433, in generate_segments
    ) = self.generate_with_fallback(encoder_output, prompt, tokenizer, options)
  File "/home/ubuntu/miniconda3/envs/openvoice/lib/python3.9/site-packages/faster_whisper/transcribe.py", line 641, in generate_with_fallback
    result = self.model.generate(
RuntimeError: CUDA failed with error out of memory
Traceback (most recent call last):
  File "/home/ubuntu/OpenVoice/job.py", line 334, in <module>
    clone_voice(f"./projects/{i}/{j}")
  File "/home/ubuntu/OpenVoice/job.py", line 201, in clone_voice
    return(convert_color(projectfolder))
  File "/home/ubuntu/OpenVoice/job.py", line 277, in convert_color
    target_se, audio_name = se_extractor.get_se(ref_audio_path, tone_color_converter, vad=False)
  File "/home/ubuntu/OpenVoice/openvoice/se_extractor.py", line 146, in get_se
    wavs_folder = split_audio_whisper(audio_path, target_dir=target_dir, audio_name=audio_name)
  File "/home/ubuntu/OpenVoice/openvoice/se_extractor.py", line 29, in split_audio_whisper
    segments = list(segments)
  File "/home/ubuntu/miniconda3/envs/openvoice/lib/python3.9/site-packages/faster_whisper/transcribe.py", line 433, in generate_segments
    ) = self.generate_with_fallback(encoder_output, prompt, tokenizer, options)
  File "/home/ubuntu/miniconda3/envs/openvoice/lib/python3.9/site-packages/faster_whisper/transcribe.py", line 641, in generate_with_fallback
    result = self.model.generate(
RuntimeError: CUDA failed with error out of memory
Traceback (most recent call last):
  File "/home/ubuntu/OpenVoice/job.py", line 334, in <module>
    clone_voice(f"./projects/{i}/{j}")
  File "/home/ubuntu/OpenVoice/job.py", line 201, in clone_voice
    return(convert_color(projectfolder))
  File "/home/ubuntu/OpenVoice/job.py", line 277, in convert_color
    target_se, audio_name = se_extractor.get_se(ref_audio_path, tone_color_converter, vad=False)
  File "/home/ubuntu/OpenVoice/openvoice/se_extractor.py", line 146, in get_se
    wavs_folder = split_audio_whisper(audio_path, target_dir=target_dir, audio_name=audio_name)
  File "/home/ubuntu/OpenVoice/openvoice/se_extractor.py", line 29, in split_audio_whisper
    segments = list(segments)
  File "/home/ubuntu/miniconda3/envs/openvoice/lib/python3.9/site-packages/faster_whisper/transcribe.py", line 433, in generate_segments
    ) = self.generate_with_fallback(encoder_output, prompt, tokenizer, options)
  File "/home/ubuntu/miniconda3/envs/openvoice/lib/python3.9/site-packages/faster_whisper/transcribe.py", line 641, in generate_with_fallback
    result = self.model.generate(
RuntimeError: CUDA failed with error out of memory
Traceback (most recent call last):
  File "/home/ubuntu/OpenVoice/job.py", line 334, in <module>
    clone_voice(f"./projects/{i}/{j}")
  File "/home/ubuntu/OpenVoice/job.py", line 201, in clone_voice
    return(convert_color(projectfolder))
  File "/home/ubuntu/OpenVoice/job.py", line 277, in convert_color
    target_se, audio_name = se_extractor.get_se(ref_audio_path, tone_color_converter, vad=False)
  File "/home/ubuntu/OpenVoice/openvoice/se_extractor.py", line 146, in get_se
    wavs_folder = split_audio_whisper(audio_path, target_dir=target_dir, audio_name=audio_name)
  File "/home/ubuntu/OpenVoice/openvoice/se_extractor.py", line 29, in split_audio_whisper
    segments = list(segments)
  File "/home/ubuntu/miniconda3/envs/openvoice/lib/python3.9/site-packages/faster_whisper/transcribe.py", line 433, in generate_segments
    ) = self.generate_with_fallback(encoder_output, prompt, tokenizer, options)
  File "/home/ubuntu/miniconda3/envs/openvoice/lib/python3.9/site-packages/faster_whisper/transcribe.py", line 641, in generate_with_fallback
    result = self.model.generate(
RuntimeError: CUDA failed with error out of memory
Traceback (most recent call last):
  File "/home/ubuntu/OpenVoice/job.py", line 334, in <module>
    clone_voice(f"./projects/{i}/{j}")
  File "/home/ubuntu/OpenVoice/job.py", line 201, in clone_voice
    return(convert_color(projectfolder))
  File "/home/ubuntu/OpenVoice/job.py", line 277, in convert_color
    target_se, audio_name = se_extractor.get_se(ref_audio_path, tone_color_converter, vad=False)
  File "/home/ubuntu/OpenVoice/openvoice/se_extractor.py", line 146, in get_se
    wavs_folder = split_audio_whisper(audio_path, target_dir=target_dir, audio_name=audio_name)
  File "/home/ubuntu/OpenVoice/openvoice/se_extractor.py", line 29, in split_audio_whisper
    segments = list(segments)
  File "/home/ubuntu/miniconda3/envs/openvoice/lib/python3.9/site-packages/faster_whisper/transcribe.py", line 433, in generate_segments
    ) = self.generate_with_fallback(encoder_output, prompt, tokenizer, options)
  File "/home/ubuntu/miniconda3/envs/openvoice/lib/python3.9/site-packages/faster_whisper/transcribe.py", line 641, in generate_with_fallback
    result = self.model.generate(
RuntimeError: CUDA failed with error out of memory
Traceback (most recent call last):
  File "/home/ubuntu/OpenVoice/job.py", line 334, in <module>
    clone_voice(f"./projects/{i}/{j}")
  File "/home/ubuntu/OpenVoice/job.py", line 201, in clone_voice
    return(convert_color(projectfolder))
  File "/home/ubuntu/OpenVoice/job.py", line 277, in convert_color
    target_se, audio_name = se_extractor.get_se(ref_audio_path, tone_color_converter, vad=False)
  File "/home/ubuntu/OpenVoice/openvoice/se_extractor.py", line 146, in get_se
    wavs_folder = split_audio_whisper(audio_path, target_dir=target_dir, audio_name=audio_name)
  File "/home/ubuntu/OpenVoice/openvoice/se_extractor.py", line 29, in split_audio_whisper
    segments = list(segments)
  File "/home/ubuntu/miniconda3/envs/openvoice/lib/python3.9/site-packages/faster_whisper/transcribe.py", line 433, in generate_segments
    ) = self.generate_with_fallback(encoder_output, prompt, tokenizer, options)
  File "/home/ubuntu/miniconda3/envs/openvoice/lib/python3.9/site-packages/faster_whisper/transcribe.py", line 641, in generate_with_fallback
    result = self.model.generate(
RuntimeError: CUDA failed with error out of memory
Traceback (most recent call last):
  File "/home/ubuntu/OpenVoice/job.py", line 334, in <module>
    clone_voice(f"./projects/{i}/{j}")
  File "/home/ubuntu/OpenVoice/job.py", line 201, in clone_voice
    return(convert_color(projectfolder))
  File "/home/ubuntu/OpenVoice/job.py", line 277, in convert_color
    target_se, audio_name = se_extractor.get_se(ref_audio_path, tone_color_converter, vad=False)
  File "/home/ubuntu/OpenVoice/openvoice/se_extractor.py", line 146, in get_se
    wavs_folder = split_audio_whisper(audio_path, target_dir=target_dir, audio_name=audio_name)
  File "/home/ubuntu/OpenVoice/openvoice/se_extractor.py", line 29, in split_audio_whisper
    segments = list(segments)
  File "/home/ubuntu/miniconda3/envs/openvoice/lib/python3.9/site-packages/faster_whisper/transcribe.py", line 433, in generate_segments
    ) = self.generate_with_fallback(encoder_output, prompt, tokenizer, options)
  File "/home/ubuntu/miniconda3/envs/openvoice/lib/python3.9/site-packages/faster_whisper/transcribe.py", line 641, in generate_with_fallback
    result = self.model.generate(
RuntimeError: CUDA failed with error out of memory
Traceback (most recent call last):
  File "/home/ubuntu/OpenVoice/job.py", line 334, in <module>
    clone_voice(f"./projects/{i}/{j}")
  File "/home/ubuntu/OpenVoice/job.py", line 201, in clone_voice
    return(convert_color(projectfolder))
  File "/home/ubuntu/OpenVoice/job.py", line 277, in convert_color
    target_se, audio_name = se_extractor.get_se(ref_audio_path, tone_color_converter, vad=False)
  File "/home/ubuntu/OpenVoice/openvoice/se_extractor.py", line 146, in get_se
    wavs_folder = split_audio_whisper(audio_path, target_dir=target_dir, audio_name=audio_name)
  File "/home/ubuntu/OpenVoice/openvoice/se_extractor.py", line 29, in split_audio_whisper
    segments = list(segments)
  File "/home/ubuntu/miniconda3/envs/openvoice/lib/python3.9/site-packages/faster_whisper/transcribe.py", line 433, in generate_segments
    ) = self.generate_with_fallback(encoder_output, prompt, tokenizer, options)
  File "/home/ubuntu/miniconda3/envs/openvoice/lib/python3.9/site-packages/faster_whisper/transcribe.py", line 641, in generate_with_fallback
    result = self.model.generate(
RuntimeError: CUDA failed with error out of memory
Traceback (most recent call last):
  File "/home/ubuntu/OpenVoice/job.py", line 334, in <module>
    clone_voice(f"./projects/{i}/{j}")
  File "/home/ubuntu/OpenVoice/job.py", line 201, in clone_voice
    return(convert_color(projectfolder))
  File "/home/ubuntu/OpenVoice/job.py", line 277, in convert_color
    target_se, audio_name = se_extractor.get_se(ref_audio_path, tone_color_converter, vad=False)
  File "/home/ubuntu/OpenVoice/openvoice/se_extractor.py", line 146, in get_se
    wavs_folder = split_audio_whisper(audio_path, target_dir=target_dir, audio_name=audio_name)
  File "/home/ubuntu/OpenVoice/openvoice/se_extractor.py", line 29, in split_audio_whisper
    segments = list(segments)
  File "/home/ubuntu/miniconda3/envs/openvoice/lib/python3.9/site-packages/faster_whisper/transcribe.py", line 433, in generate_segments
    ) = self.generate_with_fallback(encoder_output, prompt, tokenizer, options)
  File "/home/ubuntu/miniconda3/envs/openvoice/lib/python3.9/site-packages/faster_whisper/transcribe.py", line 641, in generate_with_fallback
    result = self.model.generate(
RuntimeError: CUDA failed with error out of memory
Traceback (most recent call last):
  File "/home/ubuntu/OpenVoice/job.py", line 334, in <module>
    clone_voice(f"./projects/{i}/{j}")
  File "/home/ubuntu/OpenVoice/job.py", line 201, in clone_voice
    return(convert_color(projectfolder))
  File "/home/ubuntu/OpenVoice/job.py", line 277, in convert_color
    target_se, audio_name = se_extractor.get_se(ref_audio_path, tone_color_converter, vad=False)
  File "/home/ubuntu/OpenVoice/openvoice/se_extractor.py", line 146, in get_se
    wavs_folder = split_audio_whisper(audio_path, target_dir=target_dir, audio_name=audio_name)
  File "/home/ubuntu/OpenVoice/openvoice/se_extractor.py", line 29, in split_audio_whisper
    segments = list(segments)
  File "/home/ubuntu/miniconda3/envs/openvoice/lib/python3.9/site-packages/faster_whisper/transcribe.py", line 433, in generate_segments
    ) = self.generate_with_fallback(encoder_output, prompt, tokenizer, options)
  File "/home/ubuntu/miniconda3/envs/openvoice/lib/python3.9/site-packages/faster_whisper/transcribe.py", line 641, in generate_with_fallback
    result = self.model.generate(
RuntimeError: CUDA failed with error out of memory
Traceback (most recent call last):
  File "/home/ubuntu/OpenVoice/job.py", line 334, in <module>
    clone_voice(f"./projects/{i}/{j}")
  File "/home/ubuntu/OpenVoice/job.py", line 201, in clone_voice
    return(convert_color(projectfolder))
  File "/home/ubuntu/OpenVoice/job.py", line 277, in convert_color
    target_se, audio_name = se_extractor.get_se(ref_audio_path, tone_color_converter, vad=False)
  File "/home/ubuntu/OpenVoice/openvoice/se_extractor.py", line 146, in get_se
    wavs_folder = split_audio_whisper(audio_path, target_dir=target_dir, audio_name=audio_name)
  File "/home/ubuntu/OpenVoice/openvoice/se_extractor.py", line 29, in split_audio_whisper
    segments = list(segments)
  File "/home/ubuntu/miniconda3/envs/openvoice/lib/python3.9/site-packages/faster_whisper/transcribe.py", line 433, in generate_segments
    ) = self.generate_with_fallback(encoder_output, prompt, tokenizer, options)
  File "/home/ubuntu/miniconda3/envs/openvoice/lib/python3.9/site-packages/faster_whisper/transcribe.py", line 641, in generate_with_fallback
    result = self.model.generate(
RuntimeError: CUDA failed with error out of memory
Traceback (most recent call last):
  File "/home/ubuntu/OpenVoice/job.py", line 334, in <module>
    clone_voice(f"./projects/{i}/{j}")
  File "/home/ubuntu/OpenVoice/job.py", line 201, in clone_voice
    return(convert_color(projectfolder))
  File "/home/ubuntu/OpenVoice/job.py", line 277, in convert_color
    target_se, audio_name = se_extractor.get_se(ref_audio_path, tone_color_converter, vad=False)
  File "/home/ubuntu/OpenVoice/openvoice/se_extractor.py", line 146, in get_se
    wavs_folder = split_audio_whisper(audio_path, target_dir=target_dir, audio_name=audio_name)
  File "/home/ubuntu/OpenVoice/openvoice/se_extractor.py", line 29, in split_audio_whisper
    segments = list(segments)
  File "/home/ubuntu/miniconda3/envs/openvoice/lib/python3.9/site-packages/faster_whisper/transcribe.py", line 433, in generate_segments
    ) = self.generate_with_fallback(encoder_output, prompt, tokenizer, options)
  File "/home/ubuntu/miniconda3/envs/openvoice/lib/python3.9/site-packages/faster_whisper/transcribe.py", line 641, in generate_with_fallback
    result = self.model.generate(
RuntimeError: CUDA failed with error out of memory
Traceback (most recent call last):
  File "/home/ubuntu/OpenVoice/job.py", line 334, in <module>
    clone_voice(f"./projects/{i}/{j}")
  File "/home/ubuntu/OpenVoice/job.py", line 201, in clone_voice
    return(convert_color(projectfolder))
  File "/home/ubuntu/OpenVoice/job.py", line 277, in convert_color
    target_se, audio_name = se_extractor.get_se(ref_audio_path, tone_color_converter, vad=False)
  File "/home/ubuntu/OpenVoice/openvoice/se_extractor.py", line 146, in get_se
    wavs_folder = split_audio_whisper(audio_path, target_dir=target_dir, audio_name=audio_name)
  File "/home/ubuntu/OpenVoice/openvoice/se_extractor.py", line 29, in split_audio_whisper
    segments = list(segments)
  File "/home/ubuntu/miniconda3/envs/openvoice/lib/python3.9/site-packages/faster_whisper/transcribe.py", line 433, in generate_segments
    ) = self.generate_with_fallback(encoder_output, prompt, tokenizer, options)
  File "/home/ubuntu/miniconda3/envs/openvoice/lib/python3.9/site-packages/faster_whisper/transcribe.py", line 641, in generate_with_fallback
    result = self.model.generate(
RuntimeError: CUDA failed with error out of memory
Traceback (most recent call last):
  File "/home/ubuntu/OpenVoice/job.py", line 334, in <module>
    clone_voice(f"./projects/{i}/{j}")
  File "/home/ubuntu/OpenVoice/job.py", line 201, in clone_voice
    return(convert_color(projectfolder))
  File "/home/ubuntu/OpenVoice/job.py", line 277, in convert_color
    target_se, audio_name = se_extractor.get_se(ref_audio_path, tone_color_converter, vad=False)
  File "/home/ubuntu/OpenVoice/openvoice/se_extractor.py", line 146, in get_se
    wavs_folder = split_audio_whisper(audio_path, target_dir=target_dir, audio_name=audio_name)
  File "/home/ubuntu/OpenVoice/openvoice/se_extractor.py", line 29, in split_audio_whisper
    segments = list(segments)
  File "/home/ubuntu/miniconda3/envs/openvoice/lib/python3.9/site-packages/faster_whisper/transcribe.py", line 433, in generate_segments
    ) = self.generate_with_fallback(encoder_output, prompt, tokenizer, options)
  File "/home/ubuntu/miniconda3/envs/openvoice/lib/python3.9/site-packages/faster_whisper/transcribe.py", line 641, in generate_with_fallback
    result = self.model.generate(
RuntimeError: CUDA failed with error out of memory
Traceback (most recent call last):
  File "/home/ubuntu/OpenVoice/job.py", line 334, in <module>
    clone_voice(f"./projects/{i}/{j}")
  File "/home/ubuntu/OpenVoice/job.py", line 201, in clone_voice
    return(convert_color(projectfolder))
  File "/home/ubuntu/OpenVoice/job.py", line 277, in convert_color
    target_se, audio_name = se_extractor.get_se(ref_audio_path, tone_color_converter, vad=False)
  File "/home/ubuntu/OpenVoice/openvoice/se_extractor.py", line 146, in get_se
    wavs_folder = split_audio_whisper(audio_path, target_dir=target_dir, audio_name=audio_name)
  File "/home/ubuntu/OpenVoice/openvoice/se_extractor.py", line 29, in split_audio_whisper
    segments = list(segments)
  File "/home/ubuntu/miniconda3/envs/openvoice/lib/python3.9/site-packages/faster_whisper/transcribe.py", line 433, in generate_segments
    ) = self.generate_with_fallback(encoder_output, prompt, tokenizer, options)
  File "/home/ubuntu/miniconda3/envs/openvoice/lib/python3.9/site-packages/faster_whisper/transcribe.py", line 641, in generate_with_fallback
    result = self.model.generate(
RuntimeError: CUDA failed with error out of memory
Traceback (most recent call last):
  File "/home/ubuntu/OpenVoice/job.py", line 334, in <module>
    clone_voice(f"./projects/{i}/{j}")
  File "/home/ubuntu/OpenVoice/job.py", line 201, in clone_voice
    return(convert_color(projectfolder))
  File "/home/ubuntu/OpenVoice/job.py", line 277, in convert_color
    target_se, audio_name = se_extractor.get_se(ref_audio_path, tone_color_converter, vad=False)
  File "/home/ubuntu/OpenVoice/openvoice/se_extractor.py", line 146, in get_se
    wavs_folder = split_audio_whisper(audio_path, target_dir=target_dir, audio_name=audio_name)
  File "/home/ubuntu/OpenVoice/openvoice/se_extractor.py", line 29, in split_audio_whisper
    segments = list(segments)
  File "/home/ubuntu/miniconda3/envs/openvoice/lib/python3.9/site-packages/faster_whisper/transcribe.py", line 433, in generate_segments
    ) = self.generate_with_fallback(encoder_output, prompt, tokenizer, options)
  File "/home/ubuntu/miniconda3/envs/openvoice/lib/python3.9/site-packages/faster_whisper/transcribe.py", line 641, in generate_with_fallback
    result = self.model.generate(
RuntimeError: CUDA failed with error out of memory
Traceback (most recent call last):
  File "/home/ubuntu/OpenVoice/job.py", line 334, in <module>
    clone_voice(f"./projects/{i}/{j}")
  File "/home/ubuntu/OpenVoice/job.py", line 201, in clone_voice
    return(convert_color(projectfolder))
  File "/home/ubuntu/OpenVoice/job.py", line 277, in convert_color
    target_se, audio_name = se_extractor.get_se(ref_audio_path, tone_color_converter, vad=False)
  File "/home/ubuntu/OpenVoice/openvoice/se_extractor.py", line 146, in get_se
    wavs_folder = split_audio_whisper(audio_path, target_dir=target_dir, audio_name=audio_name)
  File "/home/ubuntu/OpenVoice/openvoice/se_extractor.py", line 29, in split_audio_whisper
    segments = list(segments)
  File "/home/ubuntu/miniconda3/envs/openvoice/lib/python3.9/site-packages/faster_whisper/transcribe.py", line 433, in generate_segments
    ) = self.generate_with_fallback(encoder_output, prompt, tokenizer, options)
  File "/home/ubuntu/miniconda3/envs/openvoice/lib/python3.9/site-packages/faster_whisper/transcribe.py", line 641, in generate_with_fallback
    result = self.model.generate(
RuntimeError: CUDA failed with error out of memory
Traceback (most recent call last):
  File "/home/ubuntu/OpenVoice/job.py", line 334, in <module>
    clone_voice(f"./projects/{i}/{j}")
  File "/home/ubuntu/OpenVoice/job.py", line 201, in clone_voice
    return(convert_color(projectfolder))
  File "/home/ubuntu/OpenVoice/job.py", line 277, in convert_color
    target_se, audio_name = se_extractor.get_se(ref_audio_path, tone_color_converter, vad=False)
  File "/home/ubuntu/OpenVoice/openvoice/se_extractor.py", line 146, in get_se
    wavs_folder = split_audio_whisper(audio_path, target_dir=target_dir, audio_name=audio_name)
  File "/home/ubuntu/OpenVoice/openvoice/se_extractor.py", line 29, in split_audio_whisper
    segments = list(segments)
  File "/home/ubuntu/miniconda3/envs/openvoice/lib/python3.9/site-packages/faster_whisper/transcribe.py", line 433, in generate_segments
    ) = self.generate_with_fallback(encoder_output, prompt, tokenizer, options)
  File "/home/ubuntu/miniconda3/envs/openvoice/lib/python3.9/site-packages/faster_whisper/transcribe.py", line 641, in generate_with_fallback
    result = self.model.generate(
RuntimeError: CUDA failed with error out of memory
Traceback (most recent call last):
  File "/home/ubuntu/OpenVoice/job.py", line 334, in <module>
    clone_voice(f"./projects/{i}/{j}")
  File "/home/ubuntu/OpenVoice/job.py", line 201, in clone_voice
    return(convert_color(projectfolder))
  File "/home/ubuntu/OpenVoice/job.py", line 277, in convert_color
    target_se, audio_name = se_extractor.get_se(ref_audio_path, tone_color_converter, vad=False)
  File "/home/ubuntu/OpenVoice/openvoice/se_extractor.py", line 146, in get_se
    wavs_folder = split_audio_whisper(audio_path, target_dir=target_dir, audio_name=audio_name)
  File "/home/ubuntu/OpenVoice/openvoice/se_extractor.py", line 29, in split_audio_whisper
    segments = list(segments)
  File "/home/ubuntu/miniconda3/envs/openvoice/lib/python3.9/site-packages/faster_whisper/transcribe.py", line 433, in generate_segments
    ) = self.generate_with_fallback(encoder_output, prompt, tokenizer, options)
  File "/home/ubuntu/miniconda3/envs/openvoice/lib/python3.9/site-packages/faster_whisper/transcribe.py", line 641, in generate_with_fallback
    result = self.model.generate(
RuntimeError: CUDA failed with error out of memory
Traceback (most recent call last):
  File "/home/ubuntu/OpenVoice/job.py", line 334, in <module>
    clone_voice(f"./projects/{i}/{j}")
  File "/home/ubuntu/OpenVoice/job.py", line 201, in clone_voice
    return(convert_color(projectfolder))
  File "/home/ubuntu/OpenVoice/job.py", line 277, in convert_color
    target_se, audio_name = se_extractor.get_se(ref_audio_path, tone_color_converter, vad=False)
  File "/home/ubuntu/OpenVoice/openvoice/se_extractor.py", line 146, in get_se
    wavs_folder = split_audio_whisper(audio_path, target_dir=target_dir, audio_name=audio_name)
  File "/home/ubuntu/OpenVoice/openvoice/se_extractor.py", line 29, in split_audio_whisper
    segments = list(segments)
  File "/home/ubuntu/miniconda3/envs/openvoice/lib/python3.9/site-packages/faster_whisper/transcribe.py", line 433, in generate_segments
    ) = self.generate_with_fallback(encoder_output, prompt, tokenizer, options)
  File "/home/ubuntu/miniconda3/envs/openvoice/lib/python3.9/site-packages/faster_whisper/transcribe.py", line 641, in generate_with_fallback
    result = self.model.generate(
RuntimeError: CUDA failed with error out of memory
Traceback (most recent call last):
  File "/home/ubuntu/OpenVoice/job.py", line 334, in <module>
    clone_voice(f"./projects/{i}/{j}")
  File "/home/ubuntu/OpenVoice/job.py", line 201, in clone_voice
    return(convert_color(projectfolder))
  File "/home/ubuntu/OpenVoice/job.py", line 277, in convert_color
    target_se, audio_name = se_extractor.get_se(ref_audio_path, tone_color_converter, vad=False)
  File "/home/ubuntu/OpenVoice/openvoice/se_extractor.py", line 150, in get_se
    raise NotImplementedError('No audio segments found!')
NotImplementedError: No audio segments found!
Traceback (most recent call last):
  File "/home/ubuntu/OpenVoice/job.py", line 334, in <module>
    clone_voice(f"./projects/{i}/{j}")
  File "/home/ubuntu/OpenVoice/job.py", line 201, in clone_voice
    return(convert_color(projectfolder))
  File "/home/ubuntu/OpenVoice/job.py", line 277, in convert_color
    target_se, audio_name = se_extractor.get_se(ref_audio_path, tone_color_converter, vad=False)
  File "/home/ubuntu/OpenVoice/openvoice/se_extractor.py", line 146, in get_se
    wavs_folder = split_audio_whisper(audio_path, target_dir=target_dir, audio_name=audio_name)
  File "/home/ubuntu/OpenVoice/openvoice/se_extractor.py", line 29, in split_audio_whisper
    segments = list(segments)
  File "/home/ubuntu/miniconda3/envs/openvoice/lib/python3.9/site-packages/faster_whisper/transcribe.py", line 433, in generate_segments
    ) = self.generate_with_fallback(encoder_output, prompt, tokenizer, options)
  File "/home/ubuntu/miniconda3/envs/openvoice/lib/python3.9/site-packages/faster_whisper/transcribe.py", line 641, in generate_with_fallback
    result = self.model.generate(
RuntimeError: CUDA failed with error out of memory
Traceback (most recent call last):
  File "/home/ubuntu/OpenVoice/job.py", line 334, in <module>
    clone_voice(f"./projects/{i}/{j}")
  File "/home/ubuntu/OpenVoice/job.py", line 201, in clone_voice
    return(convert_color(projectfolder))
  File "/home/ubuntu/OpenVoice/job.py", line 277, in convert_color
    target_se, audio_name = se_extractor.get_se(ref_audio_path, tone_color_converter, vad=False)
  File "/home/ubuntu/OpenVoice/openvoice/se_extractor.py", line 146, in get_se
    wavs_folder = split_audio_whisper(audio_path, target_dir=target_dir, audio_name=audio_name)
  File "/home/ubuntu/OpenVoice/openvoice/se_extractor.py", line 29, in split_audio_whisper
    segments = list(segments)
  File "/home/ubuntu/miniconda3/envs/openvoice/lib/python3.9/site-packages/faster_whisper/transcribe.py", line 433, in generate_segments
    ) = self.generate_with_fallback(encoder_output, prompt, tokenizer, options)
  File "/home/ubuntu/miniconda3/envs/openvoice/lib/python3.9/site-packages/faster_whisper/transcribe.py", line 641, in generate_with_fallback
    result = self.model.generate(
RuntimeError: CUDA failed with error out of memory
Traceback (most recent call last):
  File "/home/ubuntu/OpenVoice/job.py", line 334, in <module>
    clone_voice(f"./projects/{i}/{j}")
  File "/home/ubuntu/OpenVoice/job.py", line 201, in clone_voice
    return(convert_color(projectfolder))
  File "/home/ubuntu/OpenVoice/job.py", line 277, in convert_color
    target_se, audio_name = se_extractor.get_se(ref_audio_path, tone_color_converter, vad=False)
  File "/home/ubuntu/OpenVoice/openvoice/se_extractor.py", line 146, in get_se
    wavs_folder = split_audio_whisper(audio_path, target_dir=target_dir, audio_name=audio_name)
  File "/home/ubuntu/OpenVoice/openvoice/se_extractor.py", line 29, in split_audio_whisper
    segments = list(segments)
  File "/home/ubuntu/miniconda3/envs/openvoice/lib/python3.9/site-packages/faster_whisper/transcribe.py", line 433, in generate_segments
    ) = self.generate_with_fallback(encoder_output, prompt, tokenizer, options)
  File "/home/ubuntu/miniconda3/envs/openvoice/lib/python3.9/site-packages/faster_whisper/transcribe.py", line 641, in generate_with_fallback
    result = self.model.generate(
RuntimeError: CUDA failed with error out of memory
Traceback (most recent call last):
  File "/home/ubuntu/OpenVoice/job.py", line 334, in <module>
    clone_voice(f"./projects/{i}/{j}")
  File "/home/ubuntu/OpenVoice/job.py", line 201, in clone_voice
    return(convert_color(projectfolder))
  File "/home/ubuntu/OpenVoice/job.py", line 277, in convert_color
    target_se, audio_name = se_extractor.get_se(ref_audio_path, tone_color_converter, vad=False)
  File "/home/ubuntu/OpenVoice/openvoice/se_extractor.py", line 146, in get_se
    wavs_folder = split_audio_whisper(audio_path, target_dir=target_dir, audio_name=audio_name)
  File "/home/ubuntu/OpenVoice/openvoice/se_extractor.py", line 29, in split_audio_whisper
    segments = list(segments)
  File "/home/ubuntu/miniconda3/envs/openvoice/lib/python3.9/site-packages/faster_whisper/transcribe.py", line 433, in generate_segments
    ) = self.generate_with_fallback(encoder_output, prompt, tokenizer, options)
  File "/home/ubuntu/miniconda3/envs/openvoice/lib/python3.9/site-packages/faster_whisper/transcribe.py", line 641, in generate_with_fallback
    result = self.model.generate(
RuntimeError: CUDA failed with error out of memory
Traceback (most recent call last):
  File "/home/ubuntu/OpenVoice/job.py", line 334, in <module>
    clone_voice(f"./projects/{i}/{j}")
  File "/home/ubuntu/OpenVoice/job.py", line 201, in clone_voice
    return(convert_color(projectfolder))
  File "/home/ubuntu/OpenVoice/job.py", line 277, in convert_color
    target_se, audio_name = se_extractor.get_se(ref_audio_path, tone_color_converter, vad=False)
  File "/home/ubuntu/OpenVoice/openvoice/se_extractor.py", line 146, in get_se
    wavs_folder = split_audio_whisper(audio_path, target_dir=target_dir, audio_name=audio_name)
  File "/home/ubuntu/OpenVoice/openvoice/se_extractor.py", line 29, in split_audio_whisper
    segments = list(segments)
  File "/home/ubuntu/miniconda3/envs/openvoice/lib/python3.9/site-packages/faster_whisper/transcribe.py", line 433, in generate_segments
    ) = self.generate_with_fallback(encoder_output, prompt, tokenizer, options)
  File "/home/ubuntu/miniconda3/envs/openvoice/lib/python3.9/site-packages/faster_whisper/transcribe.py", line 641, in generate_with_fallback
    result = self.model.generate(
RuntimeError: CUDA failed with error out of memory
Traceback (most recent call last):
  File "/home/ubuntu/OpenVoice/job.py", line 334, in <module>
    clone_voice(f"./projects/{i}/{j}")
  File "/home/ubuntu/OpenVoice/job.py", line 201, in clone_voice
    return(convert_color(projectfolder))
  File "/home/ubuntu/OpenVoice/job.py", line 277, in convert_color
    target_se, audio_name = se_extractor.get_se(ref_audio_path, tone_color_converter, vad=False)
  File "/home/ubuntu/OpenVoice/openvoice/se_extractor.py", line 146, in get_se
    wavs_folder = split_audio_whisper(audio_path, target_dir=target_dir, audio_name=audio_name)
  File "/home/ubuntu/OpenVoice/openvoice/se_extractor.py", line 29, in split_audio_whisper
    segments = list(segments)
  File "/home/ubuntu/miniconda3/envs/openvoice/lib/python3.9/site-packages/faster_whisper/transcribe.py", line 433, in generate_segments
    ) = self.generate_with_fallback(encoder_output, prompt, tokenizer, options)
  File "/home/ubuntu/miniconda3/envs/openvoice/lib/python3.9/site-packages/faster_whisper/transcribe.py", line 641, in generate_with_fallback
    result = self.model.generate(
RuntimeError: CUDA failed with error out of memory
Traceback (most recent call last):
  File "/home/ubuntu/OpenVoice/job.py", line 334, in <module>
    clone_voice(f"./projects/{i}/{j}")
  File "/home/ubuntu/OpenVoice/job.py", line 201, in clone_voice
    return(convert_color(projectfolder))
  File "/home/ubuntu/OpenVoice/job.py", line 277, in convert_color
    target_se, audio_name = se_extractor.get_se(ref_audio_path, tone_color_converter, vad=False)
  File "/home/ubuntu/OpenVoice/openvoice/se_extractor.py", line 146, in get_se
    wavs_folder = split_audio_whisper(audio_path, target_dir=target_dir, audio_name=audio_name)
  File "/home/ubuntu/OpenVoice/openvoice/se_extractor.py", line 29, in split_audio_whisper
    segments = list(segments)
  File "/home/ubuntu/miniconda3/envs/openvoice/lib/python3.9/site-packages/faster_whisper/transcribe.py", line 433, in generate_segments
    ) = self.generate_with_fallback(encoder_output, prompt, tokenizer, options)
  File "/home/ubuntu/miniconda3/envs/openvoice/lib/python3.9/site-packages/faster_whisper/transcribe.py", line 641, in generate_with_fallback
    result = self.model.generate(
RuntimeError: CUDA failed with error out of memory
Traceback (most recent call last):
  File "/home/ubuntu/OpenVoice/job.py", line 334, in <module>
    clone_voice(f"./projects/{i}/{j}")
  File "/home/ubuntu/OpenVoice/job.py", line 201, in clone_voice
    return(convert_color(projectfolder))
  File "/home/ubuntu/OpenVoice/job.py", line 277, in convert_color
    target_se, audio_name = se_extractor.get_se(ref_audio_path, tone_color_converter, vad=False)
  File "/home/ubuntu/OpenVoice/openvoice/se_extractor.py", line 146, in get_se
    wavs_folder = split_audio_whisper(audio_path, target_dir=target_dir, audio_name=audio_name)
  File "/home/ubuntu/OpenVoice/openvoice/se_extractor.py", line 29, in split_audio_whisper
    segments = list(segments)
  File "/home/ubuntu/miniconda3/envs/openvoice/lib/python3.9/site-packages/faster_whisper/transcribe.py", line 433, in generate_segments
    ) = self.generate_with_fallback(encoder_output, prompt, tokenizer, options)
  File "/home/ubuntu/miniconda3/envs/openvoice/lib/python3.9/site-packages/faster_whisper/transcribe.py", line 641, in generate_with_fallback
    result = self.model.generate(
RuntimeError: CUDA failed with error out of memory
Traceback (most recent call last):
  File "/home/ubuntu/OpenVoice/job.py", line 334, in <module>
    clone_voice(f"./projects/{i}/{j}")
  File "/home/ubuntu/OpenVoice/job.py", line 201, in clone_voice
    return(convert_color(projectfolder))
  File "/home/ubuntu/OpenVoice/job.py", line 277, in convert_color
    target_se, audio_name = se_extractor.get_se(ref_audio_path, tone_color_converter, vad=False)
  File "/home/ubuntu/OpenVoice/openvoice/se_extractor.py", line 146, in get_se
    wavs_folder = split_audio_whisper(audio_path, target_dir=target_dir, audio_name=audio_name)
  File "/home/ubuntu/OpenVoice/openvoice/se_extractor.py", line 29, in split_audio_whisper
    segments = list(segments)
  File "/home/ubuntu/miniconda3/envs/openvoice/lib/python3.9/site-packages/faster_whisper/transcribe.py", line 433, in generate_segments
    ) = self.generate_with_fallback(encoder_output, prompt, tokenizer, options)
  File "/home/ubuntu/miniconda3/envs/openvoice/lib/python3.9/site-packages/faster_whisper/transcribe.py", line 641, in generate_with_fallback
    result = self.model.generate(
RuntimeError: CUDA failed with error out of memory
Traceback (most recent call last):
  File "/home/ubuntu/OpenVoice/job.py", line 334, in <module>
    clone_voice(f"./projects/{i}/{j}")
  File "/home/ubuntu/OpenVoice/job.py", line 201, in clone_voice
    return(convert_color(projectfolder))
  File "/home/ubuntu/OpenVoice/job.py", line 277, in convert_color
    target_se, audio_name = se_extractor.get_se(ref_audio_path, tone_color_converter, vad=False)
  File "/home/ubuntu/OpenVoice/openvoice/se_extractor.py", line 146, in get_se
    wavs_folder = split_audio_whisper(audio_path, target_dir=target_dir, audio_name=audio_name)
  File "/home/ubuntu/OpenVoice/openvoice/se_extractor.py", line 29, in split_audio_whisper
    segments = list(segments)
  File "/home/ubuntu/miniconda3/envs/openvoice/lib/python3.9/site-packages/faster_whisper/transcribe.py", line 433, in generate_segments
    ) = self.generate_with_fallback(encoder_output, prompt, tokenizer, options)
  File "/home/ubuntu/miniconda3/envs/openvoice/lib/python3.9/site-packages/faster_whisper/transcribe.py", line 641, in generate_with_fallback
    result = self.model.generate(
RuntimeError: CUDA failed with error out of memory
Traceback (most recent call last):
  File "/home/ubuntu/OpenVoice/job.py", line 334, in <module>
    clone_voice(f"./projects/{i}/{j}")
  File "/home/ubuntu/OpenVoice/job.py", line 201, in clone_voice
    return(convert_color(projectfolder))
  File "/home/ubuntu/OpenVoice/job.py", line 277, in convert_color
    target_se, audio_name = se_extractor.get_se(ref_audio_path, tone_color_converter, vad=False)
  File "/home/ubuntu/OpenVoice/openvoice/se_extractor.py", line 146, in get_se
    wavs_folder = split_audio_whisper(audio_path, target_dir=target_dir, audio_name=audio_name)
  File "/home/ubuntu/OpenVoice/openvoice/se_extractor.py", line 29, in split_audio_whisper
    segments = list(segments)
  File "/home/ubuntu/miniconda3/envs/openvoice/lib/python3.9/site-packages/faster_whisper/transcribe.py", line 433, in generate_segments
    ) = self.generate_with_fallback(encoder_output, prompt, tokenizer, options)
  File "/home/ubuntu/miniconda3/envs/openvoice/lib/python3.9/site-packages/faster_whisper/transcribe.py", line 641, in generate_with_fallback
    result = self.model.generate(
RuntimeError: CUDA failed with error out of memory
Traceback (most recent call last):
  File "/home/ubuntu/OpenVoice/job.py", line 334, in <module>
    clone_voice(f"./projects/{i}/{j}")
  File "/home/ubuntu/OpenVoice/job.py", line 201, in clone_voice
    return(convert_color(projectfolder))
  File "/home/ubuntu/OpenVoice/job.py", line 277, in convert_color
    target_se, audio_name = se_extractor.get_se(ref_audio_path, tone_color_converter, vad=False)
  File "/home/ubuntu/OpenVoice/openvoice/se_extractor.py", line 146, in get_se
    wavs_folder = split_audio_whisper(audio_path, target_dir=target_dir, audio_name=audio_name)
  File "/home/ubuntu/OpenVoice/openvoice/se_extractor.py", line 29, in split_audio_whisper
    segments = list(segments)
  File "/home/ubuntu/miniconda3/envs/openvoice/lib/python3.9/site-packages/faster_whisper/transcribe.py", line 433, in generate_segments
    ) = self.generate_with_fallback(encoder_output, prompt, tokenizer, options)
  File "/home/ubuntu/miniconda3/envs/openvoice/lib/python3.9/site-packages/faster_whisper/transcribe.py", line 641, in generate_with_fallback
    result = self.model.generate(
RuntimeError: CUDA failed with error out of memory
Traceback (most recent call last):
  File "/home/ubuntu/OpenVoice/job.py", line 334, in <module>
    clone_voice(f"./projects/{i}/{j}")
  File "/home/ubuntu/OpenVoice/job.py", line 201, in clone_voice
    return(convert_color(projectfolder))
  File "/home/ubuntu/OpenVoice/job.py", line 277, in convert_color
    target_se, audio_name = se_extractor.get_se(ref_audio_path, tone_color_converter, vad=False)
  File "/home/ubuntu/OpenVoice/openvoice/se_extractor.py", line 146, in get_se
    wavs_folder = split_audio_whisper(audio_path, target_dir=target_dir, audio_name=audio_name)
  File "/home/ubuntu/OpenVoice/openvoice/se_extractor.py", line 29, in split_audio_whisper
    segments = list(segments)
  File "/home/ubuntu/miniconda3/envs/openvoice/lib/python3.9/site-packages/faster_whisper/transcribe.py", line 433, in generate_segments
    ) = self.generate_with_fallback(encoder_output, prompt, tokenizer, options)
  File "/home/ubuntu/miniconda3/envs/openvoice/lib/python3.9/site-packages/faster_whisper/transcribe.py", line 641, in generate_with_fallback
    result = self.model.generate(
RuntimeError: CUDA failed with error out of memory
Traceback (most recent call last):
  File "/home/ubuntu/OpenVoice/job.py", line 334, in <module>
    clone_voice(f"./projects/{i}/{j}")
  File "/home/ubuntu/OpenVoice/job.py", line 201, in clone_voice
    return(convert_color(projectfolder))
  File "/home/ubuntu/OpenVoice/job.py", line 277, in convert_color
    target_se, audio_name = se_extractor.get_se(ref_audio_path, tone_color_converter, vad=False)
  File "/home/ubuntu/OpenVoice/openvoice/se_extractor.py", line 146, in get_se
    wavs_folder = split_audio_whisper(audio_path, target_dir=target_dir, audio_name=audio_name)
  File "/home/ubuntu/OpenVoice/openvoice/se_extractor.py", line 29, in split_audio_whisper
    segments = list(segments)
  File "/home/ubuntu/miniconda3/envs/openvoice/lib/python3.9/site-packages/faster_whisper/transcribe.py", line 433, in generate_segments
    ) = self.generate_with_fallback(encoder_output, prompt, tokenizer, options)
  File "/home/ubuntu/miniconda3/envs/openvoice/lib/python3.9/site-packages/faster_whisper/transcribe.py", line 641, in generate_with_fallback
    result = self.model.generate(
RuntimeError: CUDA failed with error out of memory
Traceback (most recent call last):
  File "/home/ubuntu/OpenVoice/job.py", line 334, in <module>
    clone_voice(f"./projects/{i}/{j}")
  File "/home/ubuntu/OpenVoice/job.py", line 201, in clone_voice
    return(convert_color(projectfolder))
  File "/home/ubuntu/OpenVoice/job.py", line 277, in convert_color
    target_se, audio_name = se_extractor.get_se(ref_audio_path, tone_color_converter, vad=False)
  File "/home/ubuntu/OpenVoice/openvoice/se_extractor.py", line 146, in get_se
    wavs_folder = split_audio_whisper(audio_path, target_dir=target_dir, audio_name=audio_name)
  File "/home/ubuntu/OpenVoice/openvoice/se_extractor.py", line 29, in split_audio_whisper
    segments = list(segments)
  File "/home/ubuntu/miniconda3/envs/openvoice/lib/python3.9/site-packages/faster_whisper/transcribe.py", line 433, in generate_segments
    ) = self.generate_with_fallback(encoder_output, prompt, tokenizer, options)
  File "/home/ubuntu/miniconda3/envs/openvoice/lib/python3.9/site-packages/faster_whisper/transcribe.py", line 641, in generate_with_fallback
    result = self.model.generate(
RuntimeError: CUDA failed with error out of memory
Traceback (most recent call last):
  File "/home/ubuntu/OpenVoice/job.py", line 334, in <module>
    clone_voice(f"./projects/{i}/{j}")
  File "/home/ubuntu/OpenVoice/job.py", line 201, in clone_voice
    return(convert_color(projectfolder))
  File "/home/ubuntu/OpenVoice/job.py", line 277, in convert_color
    target_se, audio_name = se_extractor.get_se(ref_audio_path, tone_color_converter, vad=False)
  File "/home/ubuntu/OpenVoice/openvoice/se_extractor.py", line 146, in get_se
    wavs_folder = split_audio_whisper(audio_path, target_dir=target_dir, audio_name=audio_name)
  File "/home/ubuntu/OpenVoice/openvoice/se_extractor.py", line 29, in split_audio_whisper
    segments = list(segments)
  File "/home/ubuntu/miniconda3/envs/openvoice/lib/python3.9/site-packages/faster_whisper/transcribe.py", line 433, in generate_segments
    ) = self.generate_with_fallback(encoder_output, prompt, tokenizer, options)
  File "/home/ubuntu/miniconda3/envs/openvoice/lib/python3.9/site-packages/faster_whisper/transcribe.py", line 641, in generate_with_fallback
    result = self.model.generate(
RuntimeError: CUDA failed with error out of memory
Traceback (most recent call last):
  File "/home/ubuntu/OpenVoice/job.py", line 334, in <module>
    clone_voice(f"./projects/{i}/{j}")
  File "/home/ubuntu/OpenVoice/job.py", line 201, in clone_voice
    return(convert_color(projectfolder))
  File "/home/ubuntu/OpenVoice/job.py", line 277, in convert_color
    target_se, audio_name = se_extractor.get_se(ref_audio_path, tone_color_converter, vad=False)
  File "/home/ubuntu/OpenVoice/openvoice/se_extractor.py", line 146, in get_se
    wavs_folder = split_audio_whisper(audio_path, target_dir=target_dir, audio_name=audio_name)
  File "/home/ubuntu/OpenVoice/openvoice/se_extractor.py", line 29, in split_audio_whisper
    segments = list(segments)
  File "/home/ubuntu/miniconda3/envs/openvoice/lib/python3.9/site-packages/faster_whisper/transcribe.py", line 433, in generate_segments
    ) = self.generate_with_fallback(encoder_output, prompt, tokenizer, options)
  File "/home/ubuntu/miniconda3/envs/openvoice/lib/python3.9/site-packages/faster_whisper/transcribe.py", line 641, in generate_with_fallback
    result = self.model.generate(
RuntimeError: CUDA failed with error out of memory
Traceback (most recent call last):
  File "/home/ubuntu/OpenVoice/job.py", line 334, in <module>
    clone_voice(f"./projects/{i}/{j}")
  File "/home/ubuntu/OpenVoice/job.py", line 201, in clone_voice
    return(convert_color(projectfolder))
  File "/home/ubuntu/OpenVoice/job.py", line 277, in convert_color
    target_se, audio_name = se_extractor.get_se(ref_audio_path, tone_color_converter, vad=False)
  File "/home/ubuntu/OpenVoice/openvoice/se_extractor.py", line 146, in get_se
    wavs_folder = split_audio_whisper(audio_path, target_dir=target_dir, audio_name=audio_name)
  File "/home/ubuntu/OpenVoice/openvoice/se_extractor.py", line 29, in split_audio_whisper
    segments = list(segments)
  File "/home/ubuntu/miniconda3/envs/openvoice/lib/python3.9/site-packages/faster_whisper/transcribe.py", line 433, in generate_segments
    ) = self.generate_with_fallback(encoder_output, prompt, tokenizer, options)
  File "/home/ubuntu/miniconda3/envs/openvoice/lib/python3.9/site-packages/faster_whisper/transcribe.py", line 641, in generate_with_fallback
    result = self.model.generate(
RuntimeError: CUDA failed with error out of memory
Traceback (most recent call last):
  File "/home/ubuntu/OpenVoice/job.py", line 334, in <module>
    clone_voice(f"./projects/{i}/{j}")
  File "/home/ubuntu/OpenVoice/job.py", line 201, in clone_voice
    return(convert_color(projectfolder))
  File "/home/ubuntu/OpenVoice/job.py", line 277, in convert_color
    target_se, audio_name = se_extractor.get_se(ref_audio_path, tone_color_converter, vad=False)
  File "/home/ubuntu/OpenVoice/openvoice/se_extractor.py", line 146, in get_se
    wavs_folder = split_audio_whisper(audio_path, target_dir=target_dir, audio_name=audio_name)
  File "/home/ubuntu/OpenVoice/openvoice/se_extractor.py", line 29, in split_audio_whisper
    segments = list(segments)
  File "/home/ubuntu/miniconda3/envs/openvoice/lib/python3.9/site-packages/faster_whisper/transcribe.py", line 433, in generate_segments
    ) = self.generate_with_fallback(encoder_output, prompt, tokenizer, options)
  File "/home/ubuntu/miniconda3/envs/openvoice/lib/python3.9/site-packages/faster_whisper/transcribe.py", line 641, in generate_with_fallback
    result = self.model.generate(
RuntimeError: CUDA failed with error out of memory
Traceback (most recent call last):
  File "/home/ubuntu/OpenVoice/job.py", line 334, in <module>
    clone_voice(f"./projects/{i}/{j}")
  File "/home/ubuntu/OpenVoice/job.py", line 201, in clone_voice
    return(convert_color(projectfolder))
  File "/home/ubuntu/OpenVoice/job.py", line 277, in convert_color
    target_se, audio_name = se_extractor.get_se(ref_audio_path, tone_color_converter, vad=False)
  File "/home/ubuntu/OpenVoice/openvoice/se_extractor.py", line 146, in get_se
    wavs_folder = split_audio_whisper(audio_path, target_dir=target_dir, audio_name=audio_name)
  File "/home/ubuntu/OpenVoice/openvoice/se_extractor.py", line 29, in split_audio_whisper
    segments = list(segments)
  File "/home/ubuntu/miniconda3/envs/openvoice/lib/python3.9/site-packages/faster_whisper/transcribe.py", line 433, in generate_segments
    ) = self.generate_with_fallback(encoder_output, prompt, tokenizer, options)
  File "/home/ubuntu/miniconda3/envs/openvoice/lib/python3.9/site-packages/faster_whisper/transcribe.py", line 641, in generate_with_fallback
    result = self.model.generate(
RuntimeError: CUDA failed with error out of memory
Traceback (most recent call last):
  File "/home/ubuntu/OpenVoice/job.py", line 334, in <module>
    clone_voice(f"./projects/{i}/{j}")
  File "/home/ubuntu/OpenVoice/job.py", line 201, in clone_voice
    return(convert_color(projectfolder))
  File "/home/ubuntu/OpenVoice/job.py", line 277, in convert_color
    target_se, audio_name = se_extractor.get_se(ref_audio_path, tone_color_converter, vad=False)
  File "/home/ubuntu/OpenVoice/openvoice/se_extractor.py", line 146, in get_se
    wavs_folder = split_audio_whisper(audio_path, target_dir=target_dir, audio_name=audio_name)
  File "/home/ubuntu/OpenVoice/openvoice/se_extractor.py", line 29, in split_audio_whisper
    segments = list(segments)
  File "/home/ubuntu/miniconda3/envs/openvoice/lib/python3.9/site-packages/faster_whisper/transcribe.py", line 433, in generate_segments
    ) = self.generate_with_fallback(encoder_output, prompt, tokenizer, options)
  File "/home/ubuntu/miniconda3/envs/openvoice/lib/python3.9/site-packages/faster_whisper/transcribe.py", line 641, in generate_with_fallback
    result = self.model.generate(
RuntimeError: CUDA failed with error out of memory
Traceback (most recent call last):
  File "/home/ubuntu/OpenVoice/job.py", line 334, in <module>
    clone_voice(f"./projects/{i}/{j}")
  File "/home/ubuntu/OpenVoice/job.py", line 201, in clone_voice
    return(convert_color(projectfolder))
  File "/home/ubuntu/OpenVoice/job.py", line 277, in convert_color
    target_se, audio_name = se_extractor.get_se(ref_audio_path, tone_color_converter, vad=False)
  File "/home/ubuntu/OpenVoice/openvoice/se_extractor.py", line 146, in get_se
    wavs_folder = split_audio_whisper(audio_path, target_dir=target_dir, audio_name=audio_name)
  File "/home/ubuntu/OpenVoice/openvoice/se_extractor.py", line 29, in split_audio_whisper
    segments = list(segments)
  File "/home/ubuntu/miniconda3/envs/openvoice/lib/python3.9/site-packages/faster_whisper/transcribe.py", line 433, in generate_segments
    ) = self.generate_with_fallback(encoder_output, prompt, tokenizer, options)
  File "/home/ubuntu/miniconda3/envs/openvoice/lib/python3.9/site-packages/faster_whisper/transcribe.py", line 641, in generate_with_fallback
    result = self.model.generate(
RuntimeError: CUDA failed with error out of memory
Traceback (most recent call last):
  File "/home/ubuntu/OpenVoice/job.py", line 334, in <module>
    clone_voice(f"./projects/{i}/{j}")
  File "/home/ubuntu/OpenVoice/job.py", line 201, in clone_voice
    return(convert_color(projectfolder))
  File "/home/ubuntu/OpenVoice/job.py", line 277, in convert_color
    target_se, audio_name = se_extractor.get_se(ref_audio_path, tone_color_converter, vad=False)
  File "/home/ubuntu/OpenVoice/openvoice/se_extractor.py", line 146, in get_se
    wavs_folder = split_audio_whisper(audio_path, target_dir=target_dir, audio_name=audio_name)
  File "/home/ubuntu/OpenVoice/openvoice/se_extractor.py", line 29, in split_audio_whisper
    segments = list(segments)
  File "/home/ubuntu/miniconda3/envs/openvoice/lib/python3.9/site-packages/faster_whisper/transcribe.py", line 433, in generate_segments
    ) = self.generate_with_fallback(encoder_output, prompt, tokenizer, options)
  File "/home/ubuntu/miniconda3/envs/openvoice/lib/python3.9/site-packages/faster_whisper/transcribe.py", line 641, in generate_with_fallback
    result = self.model.generate(
RuntimeError: CUDA failed with error out of memory
Traceback (most recent call last):
  File "/home/ubuntu/OpenVoice/job.py", line 334, in <module>
    clone_voice(f"./projects/{i}/{j}")
  File "/home/ubuntu/OpenVoice/job.py", line 201, in clone_voice
    return(convert_color(projectfolder))
  File "/home/ubuntu/OpenVoice/job.py", line 277, in convert_color
    target_se, audio_name = se_extractor.get_se(ref_audio_path, tone_color_converter, vad=False)
  File "/home/ubuntu/OpenVoice/openvoice/se_extractor.py", line 146, in get_se
    wavs_folder = split_audio_whisper(audio_path, target_dir=target_dir, audio_name=audio_name)
  File "/home/ubuntu/OpenVoice/openvoice/se_extractor.py", line 29, in split_audio_whisper
    segments = list(segments)
  File "/home/ubuntu/miniconda3/envs/openvoice/lib/python3.9/site-packages/faster_whisper/transcribe.py", line 433, in generate_segments
    ) = self.generate_with_fallback(encoder_output, prompt, tokenizer, options)
  File "/home/ubuntu/miniconda3/envs/openvoice/lib/python3.9/site-packages/faster_whisper/transcribe.py", line 641, in generate_with_fallback
    result = self.model.generate(
RuntimeError: CUDA failed with error out of memory
Traceback (most recent call last):
  File "/home/ubuntu/OpenVoice/job.py", line 334, in <module>
    clone_voice(f"./projects/{i}/{j}")
  File "/home/ubuntu/OpenVoice/job.py", line 201, in clone_voice
    return(convert_color(projectfolder))
  File "/home/ubuntu/OpenVoice/job.py", line 277, in convert_color
    target_se, audio_name = se_extractor.get_se(ref_audio_path, tone_color_converter, vad=False)
  File "/home/ubuntu/OpenVoice/openvoice/se_extractor.py", line 146, in get_se
    wavs_folder = split_audio_whisper(audio_path, target_dir=target_dir, audio_name=audio_name)
  File "/home/ubuntu/OpenVoice/openvoice/se_extractor.py", line 29, in split_audio_whisper
    segments = list(segments)
  File "/home/ubuntu/miniconda3/envs/openvoice/lib/python3.9/site-packages/faster_whisper/transcribe.py", line 433, in generate_segments
    ) = self.generate_with_fallback(encoder_output, prompt, tokenizer, options)
  File "/home/ubuntu/miniconda3/envs/openvoice/lib/python3.9/site-packages/faster_whisper/transcribe.py", line 641, in generate_with_fallback
    result = self.model.generate(
RuntimeError: CUDA failed with error out of memory
Traceback (most recent call last):
  File "/home/ubuntu/OpenVoice/job.py", line 334, in <module>
    clone_voice(f"./projects/{i}/{j}")
  File "/home/ubuntu/OpenVoice/job.py", line 201, in clone_voice
    return(convert_color(projectfolder))
  File "/home/ubuntu/OpenVoice/job.py", line 277, in convert_color
    target_se, audio_name = se_extractor.get_se(ref_audio_path, tone_color_converter, vad=False)
  File "/home/ubuntu/OpenVoice/openvoice/se_extractor.py", line 146, in get_se
    wavs_folder = split_audio_whisper(audio_path, target_dir=target_dir, audio_name=audio_name)
  File "/home/ubuntu/OpenVoice/openvoice/se_extractor.py", line 29, in split_audio_whisper
    segments = list(segments)
  File "/home/ubuntu/miniconda3/envs/openvoice/lib/python3.9/site-packages/faster_whisper/transcribe.py", line 433, in generate_segments
    ) = self.generate_with_fallback(encoder_output, prompt, tokenizer, options)
  File "/home/ubuntu/miniconda3/envs/openvoice/lib/python3.9/site-packages/faster_whisper/transcribe.py", line 641, in generate_with_fallback
    result = self.model.generate(
RuntimeError: CUDA failed with error out of memory
Traceback (most recent call last):
  File "/home/ubuntu/OpenVoice/job.py", line 334, in <module>
    clone_voice(f"./projects/{i}/{j}")
  File "/home/ubuntu/OpenVoice/job.py", line 201, in clone_voice
    return(convert_color(projectfolder))
  File "/home/ubuntu/OpenVoice/job.py", line 277, in convert_color
    target_se, audio_name = se_extractor.get_se(ref_audio_path, tone_color_converter, vad=False)
  File "/home/ubuntu/OpenVoice/openvoice/se_extractor.py", line 146, in get_se
    wavs_folder = split_audio_whisper(audio_path, target_dir=target_dir, audio_name=audio_name)
  File "/home/ubuntu/OpenVoice/openvoice/se_extractor.py", line 29, in split_audio_whisper
    segments = list(segments)
  File "/home/ubuntu/miniconda3/envs/openvoice/lib/python3.9/site-packages/faster_whisper/transcribe.py", line 433, in generate_segments
    ) = self.generate_with_fallback(encoder_output, prompt, tokenizer, options)
  File "/home/ubuntu/miniconda3/envs/openvoice/lib/python3.9/site-packages/faster_whisper/transcribe.py", line 641, in generate_with_fallback
    result = self.model.generate(
RuntimeError: CUDA failed with error out of memory
Traceback (most recent call last):
  File "/home/ubuntu/OpenVoice/job.py", line 334, in <module>
    clone_voice(f"./projects/{i}/{j}")
  File "/home/ubuntu/OpenVoice/job.py", line 201, in clone_voice
    return(convert_color(projectfolder))
  File "/home/ubuntu/OpenVoice/job.py", line 277, in convert_color
    target_se, audio_name = se_extractor.get_se(ref_audio_path, tone_color_converter, vad=False)
  File "/home/ubuntu/OpenVoice/openvoice/se_extractor.py", line 146, in get_se
    wavs_folder = split_audio_whisper(audio_path, target_dir=target_dir, audio_name=audio_name)
  File "/home/ubuntu/OpenVoice/openvoice/se_extractor.py", line 29, in split_audio_whisper
    segments = list(segments)
  File "/home/ubuntu/miniconda3/envs/openvoice/lib/python3.9/site-packages/faster_whisper/transcribe.py", line 433, in generate_segments
    ) = self.generate_with_fallback(encoder_output, prompt, tokenizer, options)
  File "/home/ubuntu/miniconda3/envs/openvoice/lib/python3.9/site-packages/faster_whisper/transcribe.py", line 641, in generate_with_fallback
    result = self.model.generate(
RuntimeError: CUDA failed with error out of memory
Traceback (most recent call last):
  File "/home/ubuntu/OpenVoice/job.py", line 334, in <module>
    clone_voice(f"./projects/{i}/{j}")
  File "/home/ubuntu/OpenVoice/job.py", line 201, in clone_voice
    return(convert_color(projectfolder))
  File "/home/ubuntu/OpenVoice/job.py", line 277, in convert_color
    target_se, audio_name = se_extractor.get_se(ref_audio_path, tone_color_converter, vad=False)
  File "/home/ubuntu/OpenVoice/openvoice/se_extractor.py", line 146, in get_se
    wavs_folder = split_audio_whisper(audio_path, target_dir=target_dir, audio_name=audio_name)
  File "/home/ubuntu/OpenVoice/openvoice/se_extractor.py", line 29, in split_audio_whisper
    segments = list(segments)
  File "/home/ubuntu/miniconda3/envs/openvoice/lib/python3.9/site-packages/faster_whisper/transcribe.py", line 433, in generate_segments
    ) = self.generate_with_fallback(encoder_output, prompt, tokenizer, options)
  File "/home/ubuntu/miniconda3/envs/openvoice/lib/python3.9/site-packages/faster_whisper/transcribe.py", line 641, in generate_with_fallback
    result = self.model.generate(
RuntimeError: CUDA failed with error out of memory
Traceback (most recent call last):
  File "/home/ubuntu/OpenVoice/job.py", line 334, in <module>
    clone_voice(f"./projects/{i}/{j}")
  File "/home/ubuntu/OpenVoice/job.py", line 201, in clone_voice
    return(convert_color(projectfolder))
  File "/home/ubuntu/OpenVoice/job.py", line 277, in convert_color
    target_se, audio_name = se_extractor.get_se(ref_audio_path, tone_color_converter, vad=False)
  File "/home/ubuntu/OpenVoice/openvoice/se_extractor.py", line 146, in get_se
    wavs_folder = split_audio_whisper(audio_path, target_dir=target_dir, audio_name=audio_name)
  File "/home/ubuntu/OpenVoice/openvoice/se_extractor.py", line 29, in split_audio_whisper
    segments = list(segments)
  File "/home/ubuntu/miniconda3/envs/openvoice/lib/python3.9/site-packages/faster_whisper/transcribe.py", line 433, in generate_segments
    ) = self.generate_with_fallback(encoder_output, prompt, tokenizer, options)
  File "/home/ubuntu/miniconda3/envs/openvoice/lib/python3.9/site-packages/faster_whisper/transcribe.py", line 641, in generate_with_fallback
    result = self.model.generate(
RuntimeError: CUDA failed with error out of memory
Traceback (most recent call last):
  File "/home/ubuntu/OpenVoice/job.py", line 334, in <module>
    clone_voice(f"./projects/{i}/{j}")
  File "/home/ubuntu/OpenVoice/job.py", line 201, in clone_voice
    return(convert_color(projectfolder))
  File "/home/ubuntu/OpenVoice/job.py", line 277, in convert_color
    target_se, audio_name = se_extractor.get_se(ref_audio_path, tone_color_converter, vad=False)
  File "/home/ubuntu/OpenVoice/openvoice/se_extractor.py", line 146, in get_se
    wavs_folder = split_audio_whisper(audio_path, target_dir=target_dir, audio_name=audio_name)
  File "/home/ubuntu/OpenVoice/openvoice/se_extractor.py", line 29, in split_audio_whisper
    segments = list(segments)
  File "/home/ubuntu/miniconda3/envs/openvoice/lib/python3.9/site-packages/faster_whisper/transcribe.py", line 433, in generate_segments
    ) = self.generate_with_fallback(encoder_output, prompt, tokenizer, options)
  File "/home/ubuntu/miniconda3/envs/openvoice/lib/python3.9/site-packages/faster_whisper/transcribe.py", line 641, in generate_with_fallback
    result = self.model.generate(
RuntimeError: CUDA failed with error out of memory
Traceback (most recent call last):
  File "/home/ubuntu/OpenVoice/job.py", line 334, in <module>
    clone_voice(f"./projects/{i}/{j}")
  File "/home/ubuntu/OpenVoice/job.py", line 201, in clone_voice
    return(convert_color(projectfolder))
  File "/home/ubuntu/OpenVoice/job.py", line 277, in convert_color
    target_se, audio_name = se_extractor.get_se(ref_audio_path, tone_color_converter, vad=False)
  File "/home/ubuntu/OpenVoice/openvoice/se_extractor.py", line 146, in get_se
    wavs_folder = split_audio_whisper(audio_path, target_dir=target_dir, audio_name=audio_name)
  File "/home/ubuntu/OpenVoice/openvoice/se_extractor.py", line 29, in split_audio_whisper
    segments = list(segments)
  File "/home/ubuntu/miniconda3/envs/openvoice/lib/python3.9/site-packages/faster_whisper/transcribe.py", line 433, in generate_segments
    ) = self.generate_with_fallback(encoder_output, prompt, tokenizer, options)
  File "/home/ubuntu/miniconda3/envs/openvoice/lib/python3.9/site-packages/faster_whisper/transcribe.py", line 641, in generate_with_fallback
    result = self.model.generate(
RuntimeError: CUDA failed with error out of memory
Traceback (most recent call last):
  File "/home/ubuntu/OpenVoice/job.py", line 334, in <module>
    clone_voice(f"./projects/{i}/{j}")
  File "/home/ubuntu/OpenVoice/job.py", line 201, in clone_voice
    return(convert_color(projectfolder))
  File "/home/ubuntu/OpenVoice/job.py", line 277, in convert_color
    target_se, audio_name = se_extractor.get_se(ref_audio_path, tone_color_converter, vad=False)
  File "/home/ubuntu/OpenVoice/openvoice/se_extractor.py", line 146, in get_se
    wavs_folder = split_audio_whisper(audio_path, target_dir=target_dir, audio_name=audio_name)
  File "/home/ubuntu/OpenVoice/openvoice/se_extractor.py", line 29, in split_audio_whisper
    segments = list(segments)
  File "/home/ubuntu/miniconda3/envs/openvoice/lib/python3.9/site-packages/faster_whisper/transcribe.py", line 433, in generate_segments
    ) = self.generate_with_fallback(encoder_output, prompt, tokenizer, options)
  File "/home/ubuntu/miniconda3/envs/openvoice/lib/python3.9/site-packages/faster_whisper/transcribe.py", line 641, in generate_with_fallback
    result = self.model.generate(
RuntimeError: CUDA failed with error out of memory
Traceback (most recent call last):
  File "/home/ubuntu/OpenVoice/job.py", line 334, in <module>
    clone_voice(f"./projects/{i}/{j}")
  File "/home/ubuntu/OpenVoice/job.py", line 201, in clone_voice
    return(convert_color(projectfolder))
  File "/home/ubuntu/OpenVoice/job.py", line 277, in convert_color
    target_se, audio_name = se_extractor.get_se(ref_audio_path, tone_color_converter, vad=False)
  File "/home/ubuntu/OpenVoice/openvoice/se_extractor.py", line 146, in get_se
    wavs_folder = split_audio_whisper(audio_path, target_dir=target_dir, audio_name=audio_name)
  File "/home/ubuntu/OpenVoice/openvoice/se_extractor.py", line 29, in split_audio_whisper
    segments = list(segments)
  File "/home/ubuntu/miniconda3/envs/openvoice/lib/python3.9/site-packages/faster_whisper/transcribe.py", line 433, in generate_segments
    ) = self.generate_with_fallback(encoder_output, prompt, tokenizer, options)
  File "/home/ubuntu/miniconda3/envs/openvoice/lib/python3.9/site-packages/faster_whisper/transcribe.py", line 641, in generate_with_fallback
    result = self.model.generate(
RuntimeError: CUDA failed with error out of memory
Traceback (most recent call last):
  File "/home/ubuntu/OpenVoice/job.py", line 334, in <module>
    clone_voice(f"./projects/{i}/{j}")
  File "/home/ubuntu/OpenVoice/job.py", line 201, in clone_voice
    return(convert_color(projectfolder))
  File "/home/ubuntu/OpenVoice/job.py", line 277, in convert_color
    target_se, audio_name = se_extractor.get_se(ref_audio_path, tone_color_converter, vad=False)
  File "/home/ubuntu/OpenVoice/openvoice/se_extractor.py", line 146, in get_se
    wavs_folder = split_audio_whisper(audio_path, target_dir=target_dir, audio_name=audio_name)
  File "/home/ubuntu/OpenVoice/openvoice/se_extractor.py", line 29, in split_audio_whisper
    segments = list(segments)
  File "/home/ubuntu/miniconda3/envs/openvoice/lib/python3.9/site-packages/faster_whisper/transcribe.py", line 433, in generate_segments
    ) = self.generate_with_fallback(encoder_output, prompt, tokenizer, options)
  File "/home/ubuntu/miniconda3/envs/openvoice/lib/python3.9/site-packages/faster_whisper/transcribe.py", line 641, in generate_with_fallback
    result = self.model.generate(
RuntimeError: CUDA failed with error out of memory
Traceback (most recent call last):
  File "/home/ubuntu/OpenVoice/job.py", line 334, in <module>
    clone_voice(f"./projects/{i}/{j}")
  File "/home/ubuntu/OpenVoice/job.py", line 201, in clone_voice
    return(convert_color(projectfolder))
  File "/home/ubuntu/OpenVoice/job.py", line 277, in convert_color
    target_se, audio_name = se_extractor.get_se(ref_audio_path, tone_color_converter, vad=False)
  File "/home/ubuntu/OpenVoice/openvoice/se_extractor.py", line 146, in get_se
    wavs_folder = split_audio_whisper(audio_path, target_dir=target_dir, audio_name=audio_name)
  File "/home/ubuntu/OpenVoice/openvoice/se_extractor.py", line 29, in split_audio_whisper
    segments = list(segments)
  File "/home/ubuntu/miniconda3/envs/openvoice/lib/python3.9/site-packages/faster_whisper/transcribe.py", line 433, in generate_segments
    ) = self.generate_with_fallback(encoder_output, prompt, tokenizer, options)
  File "/home/ubuntu/miniconda3/envs/openvoice/lib/python3.9/site-packages/faster_whisper/transcribe.py", line 641, in generate_with_fallback
    result = self.model.generate(
RuntimeError: CUDA failed with error out of memory
Traceback (most recent call last):
  File "/home/ubuntu/OpenVoice/job.py", line 334, in <module>
    clone_voice(f"./projects/{i}/{j}")
  File "/home/ubuntu/OpenVoice/job.py", line 201, in clone_voice
    return(convert_color(projectfolder))
  File "/home/ubuntu/OpenVoice/job.py", line 277, in convert_color
    target_se, audio_name = se_extractor.get_se(ref_audio_path, tone_color_converter, vad=False)
  File "/home/ubuntu/OpenVoice/openvoice/se_extractor.py", line 146, in get_se
    wavs_folder = split_audio_whisper(audio_path, target_dir=target_dir, audio_name=audio_name)
  File "/home/ubuntu/OpenVoice/openvoice/se_extractor.py", line 29, in split_audio_whisper
    segments = list(segments)
  File "/home/ubuntu/miniconda3/envs/openvoice/lib/python3.9/site-packages/faster_whisper/transcribe.py", line 433, in generate_segments
    ) = self.generate_with_fallback(encoder_output, prompt, tokenizer, options)
  File "/home/ubuntu/miniconda3/envs/openvoice/lib/python3.9/site-packages/faster_whisper/transcribe.py", line 641, in generate_with_fallback
    result = self.model.generate(
RuntimeError: CUDA failed with error out of memory
Traceback (most recent call last):
  File "/home/ubuntu/OpenVoice/job.py", line 334, in <module>
    clone_voice(f"./projects/{i}/{j}")
  File "/home/ubuntu/OpenVoice/job.py", line 201, in clone_voice
    return(convert_color(projectfolder))
  File "/home/ubuntu/OpenVoice/job.py", line 277, in convert_color
    target_se, audio_name = se_extractor.get_se(ref_audio_path, tone_color_converter, vad=False)
  File "/home/ubuntu/OpenVoice/openvoice/se_extractor.py", line 146, in get_se
    wavs_folder = split_audio_whisper(audio_path, target_dir=target_dir, audio_name=audio_name)
  File "/home/ubuntu/OpenVoice/openvoice/se_extractor.py", line 29, in split_audio_whisper
    segments = list(segments)
  File "/home/ubuntu/miniconda3/envs/openvoice/lib/python3.9/site-packages/faster_whisper/transcribe.py", line 433, in generate_segments
    ) = self.generate_with_fallback(encoder_output, prompt, tokenizer, options)
  File "/home/ubuntu/miniconda3/envs/openvoice/lib/python3.9/site-packages/faster_whisper/transcribe.py", line 641, in generate_with_fallback
    result = self.model.generate(
RuntimeError: CUDA failed with error out of memory
Traceback (most recent call last):
  File "/home/ubuntu/OpenVoice/job.py", line 334, in <module>
    clone_voice(f"./projects/{i}/{j}")
  File "/home/ubuntu/OpenVoice/job.py", line 201, in clone_voice
    return(convert_color(projectfolder))
  File "/home/ubuntu/OpenVoice/job.py", line 277, in convert_color
    target_se, audio_name = se_extractor.get_se(ref_audio_path, tone_color_converter, vad=False)
  File "/home/ubuntu/OpenVoice/openvoice/se_extractor.py", line 146, in get_se
    wavs_folder = split_audio_whisper(audio_path, target_dir=target_dir, audio_name=audio_name)
  File "/home/ubuntu/OpenVoice/openvoice/se_extractor.py", line 29, in split_audio_whisper
    segments = list(segments)
  File "/home/ubuntu/miniconda3/envs/openvoice/lib/python3.9/site-packages/faster_whisper/transcribe.py", line 433, in generate_segments
    ) = self.generate_with_fallback(encoder_output, prompt, tokenizer, options)
  File "/home/ubuntu/miniconda3/envs/openvoice/lib/python3.9/site-packages/faster_whisper/transcribe.py", line 641, in generate_with_fallback
    result = self.model.generate(
RuntimeError: CUDA failed with error out of memory
Traceback (most recent call last):
  File "/home/ubuntu/OpenVoice/job.py", line 334, in <module>
    clone_voice(f"./projects/{i}/{j}")
  File "/home/ubuntu/OpenVoice/job.py", line 201, in clone_voice
    return(convert_color(projectfolder))
  File "/home/ubuntu/OpenVoice/job.py", line 277, in convert_color
    target_se, audio_name = se_extractor.get_se(ref_audio_path, tone_color_converter, vad=False)
  File "/home/ubuntu/OpenVoice/openvoice/se_extractor.py", line 146, in get_se
    wavs_folder = split_audio_whisper(audio_path, target_dir=target_dir, audio_name=audio_name)
  File "/home/ubuntu/OpenVoice/openvoice/se_extractor.py", line 29, in split_audio_whisper
    segments = list(segments)
  File "/home/ubuntu/miniconda3/envs/openvoice/lib/python3.9/site-packages/faster_whisper/transcribe.py", line 433, in generate_segments
    ) = self.generate_with_fallback(encoder_output, prompt, tokenizer, options)
  File "/home/ubuntu/miniconda3/envs/openvoice/lib/python3.9/site-packages/faster_whisper/transcribe.py", line 641, in generate_with_fallback
    result = self.model.generate(
RuntimeError: CUDA failed with error out of memory
Traceback (most recent call last):
  File "/home/ubuntu/OpenVoice/job.py", line 334, in <module>
    clone_voice(f"./projects/{i}/{j}")
  File "/home/ubuntu/OpenVoice/job.py", line 201, in clone_voice
    return(convert_color(projectfolder))
  File "/home/ubuntu/OpenVoice/job.py", line 277, in convert_color
    target_se, audio_name = se_extractor.get_se(ref_audio_path, tone_color_converter, vad=False)
  File "/home/ubuntu/OpenVoice/openvoice/se_extractor.py", line 146, in get_se
    wavs_folder = split_audio_whisper(audio_path, target_dir=target_dir, audio_name=audio_name)
  File "/home/ubuntu/OpenVoice/openvoice/se_extractor.py", line 29, in split_audio_whisper
    segments = list(segments)
  File "/home/ubuntu/miniconda3/envs/openvoice/lib/python3.9/site-packages/faster_whisper/transcribe.py", line 433, in generate_segments
    ) = self.generate_with_fallback(encoder_output, prompt, tokenizer, options)
  File "/home/ubuntu/miniconda3/envs/openvoice/lib/python3.9/site-packages/faster_whisper/transcribe.py", line 641, in generate_with_fallback
    result = self.model.generate(
RuntimeError: CUDA failed with error out of memory
Traceback (most recent call last):
  File "/home/ubuntu/OpenVoice/job.py", line 334, in <module>
    clone_voice(f"./projects/{i}/{j}")
  File "/home/ubuntu/OpenVoice/job.py", line 201, in clone_voice
    return(convert_color(projectfolder))
  File "/home/ubuntu/OpenVoice/job.py", line 277, in convert_color
    target_se, audio_name = se_extractor.get_se(ref_audio_path, tone_color_converter, vad=False)
  File "/home/ubuntu/OpenVoice/openvoice/se_extractor.py", line 146, in get_se
    wavs_folder = split_audio_whisper(audio_path, target_dir=target_dir, audio_name=audio_name)
  File "/home/ubuntu/OpenVoice/openvoice/se_extractor.py", line 29, in split_audio_whisper
    segments = list(segments)
  File "/home/ubuntu/miniconda3/envs/openvoice/lib/python3.9/site-packages/faster_whisper/transcribe.py", line 433, in generate_segments
    ) = self.generate_with_fallback(encoder_output, prompt, tokenizer, options)
  File "/home/ubuntu/miniconda3/envs/openvoice/lib/python3.9/site-packages/faster_whisper/transcribe.py", line 641, in generate_with_fallback
    result = self.model.generate(
RuntimeError: CUDA failed with error out of memory
Traceback (most recent call last):
  File "/home/ubuntu/OpenVoice/job.py", line 334, in <module>
    clone_voice(f"./projects/{i}/{j}")
  File "/home/ubuntu/OpenVoice/job.py", line 201, in clone_voice
    return(convert_color(projectfolder))
  File "/home/ubuntu/OpenVoice/job.py", line 277, in convert_color
    target_se, audio_name = se_extractor.get_se(ref_audio_path, tone_color_converter, vad=False)
  File "/home/ubuntu/OpenVoice/openvoice/se_extractor.py", line 146, in get_se
    wavs_folder = split_audio_whisper(audio_path, target_dir=target_dir, audio_name=audio_name)
  File "/home/ubuntu/OpenVoice/openvoice/se_extractor.py", line 29, in split_audio_whisper
    segments = list(segments)
  File "/home/ubuntu/miniconda3/envs/openvoice/lib/python3.9/site-packages/faster_whisper/transcribe.py", line 433, in generate_segments
    ) = self.generate_with_fallback(encoder_output, prompt, tokenizer, options)
  File "/home/ubuntu/miniconda3/envs/openvoice/lib/python3.9/site-packages/faster_whisper/transcribe.py", line 641, in generate_with_fallback
    result = self.model.generate(
RuntimeError: CUDA failed with error out of memory
Traceback (most recent call last):
  File "/home/ubuntu/OpenVoice/job.py", line 334, in <module>
    clone_voice(f"./projects/{i}/{j}")
  File "/home/ubuntu/OpenVoice/job.py", line 201, in clone_voice
    return(convert_color(projectfolder))
  File "/home/ubuntu/OpenVoice/job.py", line 277, in convert_color
    target_se, audio_name = se_extractor.get_se(ref_audio_path, tone_color_converter, vad=False)
  File "/home/ubuntu/OpenVoice/openvoice/se_extractor.py", line 146, in get_se
    wavs_folder = split_audio_whisper(audio_path, target_dir=target_dir, audio_name=audio_name)
  File "/home/ubuntu/OpenVoice/openvoice/se_extractor.py", line 29, in split_audio_whisper
    segments = list(segments)
  File "/home/ubuntu/miniconda3/envs/openvoice/lib/python3.9/site-packages/faster_whisper/transcribe.py", line 433, in generate_segments
    ) = self.generate_with_fallback(encoder_output, prompt, tokenizer, options)
  File "/home/ubuntu/miniconda3/envs/openvoice/lib/python3.9/site-packages/faster_whisper/transcribe.py", line 641, in generate_with_fallback
    result = self.model.generate(
RuntimeError: CUDA failed with error out of memory
Traceback (most recent call last):
  File "/home/ubuntu/OpenVoice/job.py", line 334, in <module>
    clone_voice(f"./projects/{i}/{j}")
  File "/home/ubuntu/OpenVoice/job.py", line 201, in clone_voice
    return(convert_color(projectfolder))
  File "/home/ubuntu/OpenVoice/job.py", line 277, in convert_color
    target_se, audio_name = se_extractor.get_se(ref_audio_path, tone_color_converter, vad=False)
  File "/home/ubuntu/OpenVoice/openvoice/se_extractor.py", line 146, in get_se
    wavs_folder = split_audio_whisper(audio_path, target_dir=target_dir, audio_name=audio_name)
  File "/home/ubuntu/OpenVoice/openvoice/se_extractor.py", line 29, in split_audio_whisper
    segments = list(segments)
  File "/home/ubuntu/miniconda3/envs/openvoice/lib/python3.9/site-packages/faster_whisper/transcribe.py", line 433, in generate_segments
    ) = self.generate_with_fallback(encoder_output, prompt, tokenizer, options)
  File "/home/ubuntu/miniconda3/envs/openvoice/lib/python3.9/site-packages/faster_whisper/transcribe.py", line 641, in generate_with_fallback
    result = self.model.generate(
RuntimeError: CUDA failed with error out of memory
Traceback (most recent call last):
  File "/home/ubuntu/OpenVoice/job.py", line 334, in <module>
    clone_voice(f"./projects/{i}/{j}")
  File "/home/ubuntu/OpenVoice/job.py", line 201, in clone_voice
    return(convert_color(projectfolder))
  File "/home/ubuntu/OpenVoice/job.py", line 277, in convert_color
    target_se, audio_name = se_extractor.get_se(ref_audio_path, tone_color_converter, vad=False)
  File "/home/ubuntu/OpenVoice/openvoice/se_extractor.py", line 146, in get_se
    wavs_folder = split_audio_whisper(audio_path, target_dir=target_dir, audio_name=audio_name)
  File "/home/ubuntu/OpenVoice/openvoice/se_extractor.py", line 29, in split_audio_whisper
    segments = list(segments)
  File "/home/ubuntu/miniconda3/envs/openvoice/lib/python3.9/site-packages/faster_whisper/transcribe.py", line 433, in generate_segments
    ) = self.generate_with_fallback(encoder_output, prompt, tokenizer, options)
  File "/home/ubuntu/miniconda3/envs/openvoice/lib/python3.9/site-packages/faster_whisper/transcribe.py", line 641, in generate_with_fallback
    result = self.model.generate(
RuntimeError: CUDA failed with error out of memory
Traceback (most recent call last):
  File "/home/ubuntu/OpenVoice/job.py", line 334, in <module>
    clone_voice(f"./projects/{i}/{j}")
  File "/home/ubuntu/OpenVoice/job.py", line 201, in clone_voice
    return(convert_color(projectfolder))
  File "/home/ubuntu/OpenVoice/job.py", line 277, in convert_color
    target_se, audio_name = se_extractor.get_se(ref_audio_path, tone_color_converter, vad=False)
  File "/home/ubuntu/OpenVoice/openvoice/se_extractor.py", line 146, in get_se
    wavs_folder = split_audio_whisper(audio_path, target_dir=target_dir, audio_name=audio_name)
  File "/home/ubuntu/OpenVoice/openvoice/se_extractor.py", line 29, in split_audio_whisper
    segments = list(segments)
  File "/home/ubuntu/miniconda3/envs/openvoice/lib/python3.9/site-packages/faster_whisper/transcribe.py", line 433, in generate_segments
    ) = self.generate_with_fallback(encoder_output, prompt, tokenizer, options)
  File "/home/ubuntu/miniconda3/envs/openvoice/lib/python3.9/site-packages/faster_whisper/transcribe.py", line 641, in generate_with_fallback
    result = self.model.generate(
RuntimeError: CUDA failed with error out of memory
Traceback (most recent call last):
  File "/home/ubuntu/OpenVoice/job.py", line 334, in <module>
    clone_voice(f"./projects/{i}/{j}")
  File "/home/ubuntu/OpenVoice/job.py", line 201, in clone_voice
    return(convert_color(projectfolder))
  File "/home/ubuntu/OpenVoice/job.py", line 277, in convert_color
    target_se, audio_name = se_extractor.get_se(ref_audio_path, tone_color_converter, vad=False)
  File "/home/ubuntu/OpenVoice/openvoice/se_extractor.py", line 146, in get_se
    wavs_folder = split_audio_whisper(audio_path, target_dir=target_dir, audio_name=audio_name)
  File "/home/ubuntu/OpenVoice/openvoice/se_extractor.py", line 29, in split_audio_whisper
    segments = list(segments)
  File "/home/ubuntu/miniconda3/envs/openvoice/lib/python3.9/site-packages/faster_whisper/transcribe.py", line 433, in generate_segments
    ) = self.generate_with_fallback(encoder_output, prompt, tokenizer, options)
  File "/home/ubuntu/miniconda3/envs/openvoice/lib/python3.9/site-packages/faster_whisper/transcribe.py", line 641, in generate_with_fallback
    result = self.model.generate(
RuntimeError: CUDA failed with error out of memory
Traceback (most recent call last):
  File "/home/ubuntu/OpenVoice/job.py", line 334, in <module>
    clone_voice(f"./projects/{i}/{j}")
  File "/home/ubuntu/OpenVoice/job.py", line 201, in clone_voice
    return(convert_color(projectfolder))
  File "/home/ubuntu/OpenVoice/job.py", line 277, in convert_color
    target_se, audio_name = se_extractor.get_se(ref_audio_path, tone_color_converter, vad=False)
  File "/home/ubuntu/OpenVoice/openvoice/se_extractor.py", line 146, in get_se
    wavs_folder = split_audio_whisper(audio_path, target_dir=target_dir, audio_name=audio_name)
  File "/home/ubuntu/OpenVoice/openvoice/se_extractor.py", line 29, in split_audio_whisper
    segments = list(segments)
  File "/home/ubuntu/miniconda3/envs/openvoice/lib/python3.9/site-packages/faster_whisper/transcribe.py", line 433, in generate_segments
    ) = self.generate_with_fallback(encoder_output, prompt, tokenizer, options)
  File "/home/ubuntu/miniconda3/envs/openvoice/lib/python3.9/site-packages/faster_whisper/transcribe.py", line 641, in generate_with_fallback
    result = self.model.generate(
RuntimeError: CUDA failed with error out of memory
Traceback (most recent call last):
  File "/home/ubuntu/OpenVoice/job.py", line 334, in <module>
    clone_voice(f"./projects/{i}/{j}")
  File "/home/ubuntu/OpenVoice/job.py", line 201, in clone_voice
    return(convert_color(projectfolder))
  File "/home/ubuntu/OpenVoice/job.py", line 277, in convert_color
    target_se, audio_name = se_extractor.get_se(ref_audio_path, tone_color_converter, vad=False)
  File "/home/ubuntu/OpenVoice/openvoice/se_extractor.py", line 146, in get_se
    wavs_folder = split_audio_whisper(audio_path, target_dir=target_dir, audio_name=audio_name)
  File "/home/ubuntu/OpenVoice/openvoice/se_extractor.py", line 29, in split_audio_whisper
    segments = list(segments)
  File "/home/ubuntu/miniconda3/envs/openvoice/lib/python3.9/site-packages/faster_whisper/transcribe.py", line 433, in generate_segments
    ) = self.generate_with_fallback(encoder_output, prompt, tokenizer, options)
  File "/home/ubuntu/miniconda3/envs/openvoice/lib/python3.9/site-packages/faster_whisper/transcribe.py", line 641, in generate_with_fallback
    result = self.model.generate(
RuntimeError: CUDA failed with error out of memory
Traceback (most recent call last):
  File "/home/ubuntu/OpenVoice/job.py", line 334, in <module>
    clone_voice(f"./projects/{i}/{j}")
  File "/home/ubuntu/OpenVoice/job.py", line 201, in clone_voice
    return(convert_color(projectfolder))
  File "/home/ubuntu/OpenVoice/job.py", line 277, in convert_color
    target_se, audio_name = se_extractor.get_se(ref_audio_path, tone_color_converter, vad=False)
  File "/home/ubuntu/OpenVoice/openvoice/se_extractor.py", line 146, in get_se
    wavs_folder = split_audio_whisper(audio_path, target_dir=target_dir, audio_name=audio_name)
  File "/home/ubuntu/OpenVoice/openvoice/se_extractor.py", line 29, in split_audio_whisper
    segments = list(segments)
  File "/home/ubuntu/miniconda3/envs/openvoice/lib/python3.9/site-packages/faster_whisper/transcribe.py", line 433, in generate_segments
    ) = self.generate_with_fallback(encoder_output, prompt, tokenizer, options)
  File "/home/ubuntu/miniconda3/envs/openvoice/lib/python3.9/site-packages/faster_whisper/transcribe.py", line 641, in generate_with_fallback
    result = self.model.generate(
RuntimeError: CUDA failed with error out of memory
Traceback (most recent call last):
  File "/home/ubuntu/OpenVoice/job.py", line 334, in <module>
    clone_voice(f"./projects/{i}/{j}")
  File "/home/ubuntu/OpenVoice/job.py", line 201, in clone_voice
    return(convert_color(projectfolder))
  File "/home/ubuntu/OpenVoice/job.py", line 277, in convert_color
    target_se, audio_name = se_extractor.get_se(ref_audio_path, tone_color_converter, vad=False)
  File "/home/ubuntu/OpenVoice/openvoice/se_extractor.py", line 146, in get_se
    wavs_folder = split_audio_whisper(audio_path, target_dir=target_dir, audio_name=audio_name)
  File "/home/ubuntu/OpenVoice/openvoice/se_extractor.py", line 29, in split_audio_whisper
    segments = list(segments)
  File "/home/ubuntu/miniconda3/envs/openvoice/lib/python3.9/site-packages/faster_whisper/transcribe.py", line 433, in generate_segments
    ) = self.generate_with_fallback(encoder_output, prompt, tokenizer, options)
  File "/home/ubuntu/miniconda3/envs/openvoice/lib/python3.9/site-packages/faster_whisper/transcribe.py", line 641, in generate_with_fallback
    result = self.model.generate(
RuntimeError: CUDA failed with error out of memory
Traceback (most recent call last):
  File "/home/ubuntu/OpenVoice/job.py", line 334, in <module>
    clone_voice(f"./projects/{i}/{j}")
  File "/home/ubuntu/OpenVoice/job.py", line 201, in clone_voice
    return(convert_color(projectfolder))
  File "/home/ubuntu/OpenVoice/job.py", line 277, in convert_color
    target_se, audio_name = se_extractor.get_se(ref_audio_path, tone_color_converter, vad=False)
  File "/home/ubuntu/OpenVoice/openvoice/se_extractor.py", line 146, in get_se
    wavs_folder = split_audio_whisper(audio_path, target_dir=target_dir, audio_name=audio_name)
  File "/home/ubuntu/OpenVoice/openvoice/se_extractor.py", line 29, in split_audio_whisper
    segments = list(segments)
  File "/home/ubuntu/miniconda3/envs/openvoice/lib/python3.9/site-packages/faster_whisper/transcribe.py", line 433, in generate_segments
    ) = self.generate_with_fallback(encoder_output, prompt, tokenizer, options)
  File "/home/ubuntu/miniconda3/envs/openvoice/lib/python3.9/site-packages/faster_whisper/transcribe.py", line 641, in generate_with_fallback
    result = self.model.generate(
RuntimeError: CUDA failed with error out of memory
Traceback (most recent call last):
  File "/home/ubuntu/OpenVoice/job.py", line 334, in <module>
    clone_voice(f"./projects/{i}/{j}")
  File "/home/ubuntu/OpenVoice/job.py", line 201, in clone_voice
    return(convert_color(projectfolder))
  File "/home/ubuntu/OpenVoice/job.py", line 277, in convert_color
    target_se, audio_name = se_extractor.get_se(ref_audio_path, tone_color_converter, vad=False)
  File "/home/ubuntu/OpenVoice/openvoice/se_extractor.py", line 146, in get_se
    wavs_folder = split_audio_whisper(audio_path, target_dir=target_dir, audio_name=audio_name)
  File "/home/ubuntu/OpenVoice/openvoice/se_extractor.py", line 29, in split_audio_whisper
    segments = list(segments)
  File "/home/ubuntu/miniconda3/envs/openvoice/lib/python3.9/site-packages/faster_whisper/transcribe.py", line 433, in generate_segments
    ) = self.generate_with_fallback(encoder_output, prompt, tokenizer, options)
  File "/home/ubuntu/miniconda3/envs/openvoice/lib/python3.9/site-packages/faster_whisper/transcribe.py", line 641, in generate_with_fallback
    result = self.model.generate(
RuntimeError: CUDA failed with error out of memory
Traceback (most recent call last):
  File "/home/ubuntu/OpenVoice/job.py", line 334, in <module>
    clone_voice(f"./projects/{i}/{j}")
  File "/home/ubuntu/OpenVoice/job.py", line 201, in clone_voice
    return(convert_color(projectfolder))
  File "/home/ubuntu/OpenVoice/job.py", line 277, in convert_color
    target_se, audio_name = se_extractor.get_se(ref_audio_path, tone_color_converter, vad=False)
  File "/home/ubuntu/OpenVoice/openvoice/se_extractor.py", line 146, in get_se
    wavs_folder = split_audio_whisper(audio_path, target_dir=target_dir, audio_name=audio_name)
  File "/home/ubuntu/OpenVoice/openvoice/se_extractor.py", line 29, in split_audio_whisper
    segments = list(segments)
  File "/home/ubuntu/miniconda3/envs/openvoice/lib/python3.9/site-packages/faster_whisper/transcribe.py", line 433, in generate_segments
    ) = self.generate_with_fallback(encoder_output, prompt, tokenizer, options)
  File "/home/ubuntu/miniconda3/envs/openvoice/lib/python3.9/site-packages/faster_whisper/transcribe.py", line 641, in generate_with_fallback
    result = self.model.generate(
RuntimeError: CUDA failed with error out of memory
Traceback (most recent call last):
  File "/home/ubuntu/OpenVoice/job.py", line 334, in <module>
    clone_voice(f"./projects/{i}/{j}")
  File "/home/ubuntu/OpenVoice/job.py", line 201, in clone_voice
    return(convert_color(projectfolder))
  File "/home/ubuntu/OpenVoice/job.py", line 277, in convert_color
    target_se, audio_name = se_extractor.get_se(ref_audio_path, tone_color_converter, vad=False)
  File "/home/ubuntu/OpenVoice/openvoice/se_extractor.py", line 146, in get_se
    wavs_folder = split_audio_whisper(audio_path, target_dir=target_dir, audio_name=audio_name)
  File "/home/ubuntu/OpenVoice/openvoice/se_extractor.py", line 29, in split_audio_whisper
    segments = list(segments)
  File "/home/ubuntu/miniconda3/envs/openvoice/lib/python3.9/site-packages/faster_whisper/transcribe.py", line 433, in generate_segments
    ) = self.generate_with_fallback(encoder_output, prompt, tokenizer, options)
  File "/home/ubuntu/miniconda3/envs/openvoice/lib/python3.9/site-packages/faster_whisper/transcribe.py", line 641, in generate_with_fallback
    result = self.model.generate(
RuntimeError: CUDA failed with error out of memory
Traceback (most recent call last):
  File "/home/ubuntu/OpenVoice/job.py", line 334, in <module>
    clone_voice(f"./projects/{i}/{j}")
  File "/home/ubuntu/OpenVoice/job.py", line 201, in clone_voice
    return(convert_color(projectfolder))
  File "/home/ubuntu/OpenVoice/job.py", line 277, in convert_color
    target_se, audio_name = se_extractor.get_se(ref_audio_path, tone_color_converter, vad=False)
  File "/home/ubuntu/OpenVoice/openvoice/se_extractor.py", line 146, in get_se
    wavs_folder = split_audio_whisper(audio_path, target_dir=target_dir, audio_name=audio_name)
  File "/home/ubuntu/OpenVoice/openvoice/se_extractor.py", line 29, in split_audio_whisper
    segments = list(segments)
  File "/home/ubuntu/miniconda3/envs/openvoice/lib/python3.9/site-packages/faster_whisper/transcribe.py", line 433, in generate_segments
    ) = self.generate_with_fallback(encoder_output, prompt, tokenizer, options)
  File "/home/ubuntu/miniconda3/envs/openvoice/lib/python3.9/site-packages/faster_whisper/transcribe.py", line 641, in generate_with_fallback
    result = self.model.generate(
RuntimeError: CUDA failed with error out of memory
Traceback (most recent call last):
  File "/home/ubuntu/OpenVoice/job.py", line 334, in <module>
    clone_voice(f"./projects/{i}/{j}")
  File "/home/ubuntu/OpenVoice/job.py", line 201, in clone_voice
    return(convert_color(projectfolder))
  File "/home/ubuntu/OpenVoice/job.py", line 277, in convert_color
    target_se, audio_name = se_extractor.get_se(ref_audio_path, tone_color_converter, vad=False)
  File "/home/ubuntu/OpenVoice/openvoice/se_extractor.py", line 146, in get_se
    wavs_folder = split_audio_whisper(audio_path, target_dir=target_dir, audio_name=audio_name)
  File "/home/ubuntu/OpenVoice/openvoice/se_extractor.py", line 29, in split_audio_whisper
    segments = list(segments)
  File "/home/ubuntu/miniconda3/envs/openvoice/lib/python3.9/site-packages/faster_whisper/transcribe.py", line 433, in generate_segments
    ) = self.generate_with_fallback(encoder_output, prompt, tokenizer, options)
  File "/home/ubuntu/miniconda3/envs/openvoice/lib/python3.9/site-packages/faster_whisper/transcribe.py", line 641, in generate_with_fallback
    result = self.model.generate(
RuntimeError: CUDA failed with error out of memory
Traceback (most recent call last):
  File "/home/ubuntu/OpenVoice/job.py", line 334, in <module>
    clone_voice(f"./projects/{i}/{j}")
  File "/home/ubuntu/OpenVoice/job.py", line 201, in clone_voice
    return(convert_color(projectfolder))
  File "/home/ubuntu/OpenVoice/job.py", line 277, in convert_color
    target_se, audio_name = se_extractor.get_se(ref_audio_path, tone_color_converter, vad=False)
  File "/home/ubuntu/OpenVoice/openvoice/se_extractor.py", line 146, in get_se
    wavs_folder = split_audio_whisper(audio_path, target_dir=target_dir, audio_name=audio_name)
  File "/home/ubuntu/OpenVoice/openvoice/se_extractor.py", line 29, in split_audio_whisper
    segments = list(segments)
  File "/home/ubuntu/miniconda3/envs/openvoice/lib/python3.9/site-packages/faster_whisper/transcribe.py", line 433, in generate_segments
    ) = self.generate_with_fallback(encoder_output, prompt, tokenizer, options)
  File "/home/ubuntu/miniconda3/envs/openvoice/lib/python3.9/site-packages/faster_whisper/transcribe.py", line 641, in generate_with_fallback
    result = self.model.generate(
RuntimeError: CUDA failed with error out of memory
Traceback (most recent call last):
  File "/home/ubuntu/OpenVoice/job.py", line 334, in <module>
    clone_voice(f"./projects/{i}/{j}")
  File "/home/ubuntu/OpenVoice/job.py", line 201, in clone_voice
    return(convert_color(projectfolder))
  File "/home/ubuntu/OpenVoice/job.py", line 277, in convert_color
    target_se, audio_name = se_extractor.get_se(ref_audio_path, tone_color_converter, vad=False)
  File "/home/ubuntu/OpenVoice/openvoice/se_extractor.py", line 146, in get_se
    wavs_folder = split_audio_whisper(audio_path, target_dir=target_dir, audio_name=audio_name)
  File "/home/ubuntu/OpenVoice/openvoice/se_extractor.py", line 29, in split_audio_whisper
    segments = list(segments)
  File "/home/ubuntu/miniconda3/envs/openvoice/lib/python3.9/site-packages/faster_whisper/transcribe.py", line 433, in generate_segments
    ) = self.generate_with_fallback(encoder_output, prompt, tokenizer, options)
  File "/home/ubuntu/miniconda3/envs/openvoice/lib/python3.9/site-packages/faster_whisper/transcribe.py", line 641, in generate_with_fallback
    result = self.model.generate(
RuntimeError: CUDA failed with error out of memory
Traceback (most recent call last):
  File "/home/ubuntu/OpenVoice/job.py", line 334, in <module>
    clone_voice(f"./projects/{i}/{j}")
  File "/home/ubuntu/OpenVoice/job.py", line 201, in clone_voice
    return(convert_color(projectfolder))
  File "/home/ubuntu/OpenVoice/job.py", line 277, in convert_color
    target_se, audio_name = se_extractor.get_se(ref_audio_path, tone_color_converter, vad=False)
  File "/home/ubuntu/OpenVoice/openvoice/se_extractor.py", line 146, in get_se
    wavs_folder = split_audio_whisper(audio_path, target_dir=target_dir, audio_name=audio_name)
  File "/home/ubuntu/OpenVoice/openvoice/se_extractor.py", line 29, in split_audio_whisper
    segments = list(segments)
  File "/home/ubuntu/miniconda3/envs/openvoice/lib/python3.9/site-packages/faster_whisper/transcribe.py", line 433, in generate_segments
    ) = self.generate_with_fallback(encoder_output, prompt, tokenizer, options)
  File "/home/ubuntu/miniconda3/envs/openvoice/lib/python3.9/site-packages/faster_whisper/transcribe.py", line 641, in generate_with_fallback
    result = self.model.generate(
RuntimeError: CUDA failed with error out of memory
Traceback (most recent call last):
  File "/home/ubuntu/OpenVoice/job.py", line 334, in <module>
    clone_voice(f"./projects/{i}/{j}")
  File "/home/ubuntu/OpenVoice/job.py", line 201, in clone_voice
    return(convert_color(projectfolder))
  File "/home/ubuntu/OpenVoice/job.py", line 277, in convert_color
    target_se, audio_name = se_extractor.get_se(ref_audio_path, tone_color_converter, vad=False)
  File "/home/ubuntu/OpenVoice/openvoice/se_extractor.py", line 146, in get_se
    wavs_folder = split_audio_whisper(audio_path, target_dir=target_dir, audio_name=audio_name)
  File "/home/ubuntu/OpenVoice/openvoice/se_extractor.py", line 29, in split_audio_whisper
    segments = list(segments)
  File "/home/ubuntu/miniconda3/envs/openvoice/lib/python3.9/site-packages/faster_whisper/transcribe.py", line 433, in generate_segments
    ) = self.generate_with_fallback(encoder_output, prompt, tokenizer, options)
  File "/home/ubuntu/miniconda3/envs/openvoice/lib/python3.9/site-packages/faster_whisper/transcribe.py", line 641, in generate_with_fallback
    result = self.model.generate(
RuntimeError: CUDA failed with error out of memory
Traceback (most recent call last):
  File "/home/ubuntu/OpenVoice/job.py", line 334, in <module>
    clone_voice(f"./projects/{i}/{j}")
  File "/home/ubuntu/OpenVoice/job.py", line 201, in clone_voice
    return(convert_color(projectfolder))
  File "/home/ubuntu/OpenVoice/job.py", line 277, in convert_color
    target_se, audio_name = se_extractor.get_se(ref_audio_path, tone_color_converter, vad=False)
  File "/home/ubuntu/OpenVoice/openvoice/se_extractor.py", line 146, in get_se
    wavs_folder = split_audio_whisper(audio_path, target_dir=target_dir, audio_name=audio_name)
  File "/home/ubuntu/OpenVoice/openvoice/se_extractor.py", line 29, in split_audio_whisper
    segments = list(segments)
  File "/home/ubuntu/miniconda3/envs/openvoice/lib/python3.9/site-packages/faster_whisper/transcribe.py", line 433, in generate_segments
    ) = self.generate_with_fallback(encoder_output, prompt, tokenizer, options)
  File "/home/ubuntu/miniconda3/envs/openvoice/lib/python3.9/site-packages/faster_whisper/transcribe.py", line 641, in generate_with_fallback
    result = self.model.generate(
RuntimeError: CUDA failed with error out of memory
Traceback (most recent call last):
  File "/home/ubuntu/OpenVoice/job.py", line 334, in <module>
    clone_voice(f"./projects/{i}/{j}")
  File "/home/ubuntu/OpenVoice/job.py", line 201, in clone_voice
    return(convert_color(projectfolder))
  File "/home/ubuntu/OpenVoice/job.py", line 277, in convert_color
    target_se, audio_name = se_extractor.get_se(ref_audio_path, tone_color_converter, vad=False)
  File "/home/ubuntu/OpenVoice/openvoice/se_extractor.py", line 146, in get_se
    wavs_folder = split_audio_whisper(audio_path, target_dir=target_dir, audio_name=audio_name)
  File "/home/ubuntu/OpenVoice/openvoice/se_extractor.py", line 29, in split_audio_whisper
    segments = list(segments)
  File "/home/ubuntu/miniconda3/envs/openvoice/lib/python3.9/site-packages/faster_whisper/transcribe.py", line 433, in generate_segments
    ) = self.generate_with_fallback(encoder_output, prompt, tokenizer, options)
  File "/home/ubuntu/miniconda3/envs/openvoice/lib/python3.9/site-packages/faster_whisper/transcribe.py", line 641, in generate_with_fallback
    result = self.model.generate(
RuntimeError: CUDA failed with error out of memory
Traceback (most recent call last):
  File "/home/ubuntu/OpenVoice/job.py", line 334, in <module>
    clone_voice(f"./projects/{i}/{j}")
  File "/home/ubuntu/OpenVoice/job.py", line 201, in clone_voice
    return(convert_color(projectfolder))
  File "/home/ubuntu/OpenVoice/job.py", line 277, in convert_color
    target_se, audio_name = se_extractor.get_se(ref_audio_path, tone_color_converter, vad=False)
  File "/home/ubuntu/OpenVoice/openvoice/se_extractor.py", line 146, in get_se
    wavs_folder = split_audio_whisper(audio_path, target_dir=target_dir, audio_name=audio_name)
  File "/home/ubuntu/OpenVoice/openvoice/se_extractor.py", line 29, in split_audio_whisper
    segments = list(segments)
  File "/home/ubuntu/miniconda3/envs/openvoice/lib/python3.9/site-packages/faster_whisper/transcribe.py", line 433, in generate_segments
    ) = self.generate_with_fallback(encoder_output, prompt, tokenizer, options)
  File "/home/ubuntu/miniconda3/envs/openvoice/lib/python3.9/site-packages/faster_whisper/transcribe.py", line 641, in generate_with_fallback
    result = self.model.generate(
RuntimeError: CUDA failed with error out of memory
Traceback (most recent call last):
  File "/home/ubuntu/OpenVoice/job.py", line 334, in <module>
    clone_voice(f"./projects/{i}/{j}")
  File "/home/ubuntu/OpenVoice/job.py", line 201, in clone_voice
    return(convert_color(projectfolder))
  File "/home/ubuntu/OpenVoice/job.py", line 277, in convert_color
    target_se, audio_name = se_extractor.get_se(ref_audio_path, tone_color_converter, vad=False)
  File "/home/ubuntu/OpenVoice/openvoice/se_extractor.py", line 146, in get_se
    wavs_folder = split_audio_whisper(audio_path, target_dir=target_dir, audio_name=audio_name)
  File "/home/ubuntu/OpenVoice/openvoice/se_extractor.py", line 29, in split_audio_whisper
    segments = list(segments)
  File "/home/ubuntu/miniconda3/envs/openvoice/lib/python3.9/site-packages/faster_whisper/transcribe.py", line 433, in generate_segments
    ) = self.generate_with_fallback(encoder_output, prompt, tokenizer, options)
  File "/home/ubuntu/miniconda3/envs/openvoice/lib/python3.9/site-packages/faster_whisper/transcribe.py", line 641, in generate_with_fallback
    result = self.model.generate(
RuntimeError: CUDA failed with error out of memory
Traceback (most recent call last):
  File "/home/ubuntu/OpenVoice/job.py", line 334, in <module>
    clone_voice(f"./projects/{i}/{j}")
  File "/home/ubuntu/OpenVoice/job.py", line 201, in clone_voice
    return(convert_color(projectfolder))
  File "/home/ubuntu/OpenVoice/job.py", line 277, in convert_color
    target_se, audio_name = se_extractor.get_se(ref_audio_path, tone_color_converter, vad=False)
  File "/home/ubuntu/OpenVoice/openvoice/se_extractor.py", line 146, in get_se
    wavs_folder = split_audio_whisper(audio_path, target_dir=target_dir, audio_name=audio_name)
  File "/home/ubuntu/OpenVoice/openvoice/se_extractor.py", line 29, in split_audio_whisper
    segments = list(segments)
  File "/home/ubuntu/miniconda3/envs/openvoice/lib/python3.9/site-packages/faster_whisper/transcribe.py", line 433, in generate_segments
    ) = self.generate_with_fallback(encoder_output, prompt, tokenizer, options)
  File "/home/ubuntu/miniconda3/envs/openvoice/lib/python3.9/site-packages/faster_whisper/transcribe.py", line 641, in generate_with_fallback
    result = self.model.generate(
RuntimeError: CUDA failed with error out of memory
Traceback (most recent call last):
  File "/home/ubuntu/OpenVoice/job.py", line 334, in <module>
    clone_voice(f"./projects/{i}/{j}")
  File "/home/ubuntu/OpenVoice/job.py", line 201, in clone_voice
    return(convert_color(projectfolder))
  File "/home/ubuntu/OpenVoice/job.py", line 277, in convert_color
    target_se, audio_name = se_extractor.get_se(ref_audio_path, tone_color_converter, vad=False)
  File "/home/ubuntu/OpenVoice/openvoice/se_extractor.py", line 146, in get_se
    wavs_folder = split_audio_whisper(audio_path, target_dir=target_dir, audio_name=audio_name)
  File "/home/ubuntu/OpenVoice/openvoice/se_extractor.py", line 29, in split_audio_whisper
    segments = list(segments)
  File "/home/ubuntu/miniconda3/envs/openvoice/lib/python3.9/site-packages/faster_whisper/transcribe.py", line 433, in generate_segments
    ) = self.generate_with_fallback(encoder_output, prompt, tokenizer, options)
  File "/home/ubuntu/miniconda3/envs/openvoice/lib/python3.9/site-packages/faster_whisper/transcribe.py", line 641, in generate_with_fallback
    result = self.model.generate(
RuntimeError: CUDA failed with error out of memory
Traceback (most recent call last):
  File "/home/ubuntu/OpenVoice/job.py", line 334, in <module>
    clone_voice(f"./projects/{i}/{j}")
  File "/home/ubuntu/OpenVoice/job.py", line 201, in clone_voice
    return(convert_color(projectfolder))
  File "/home/ubuntu/OpenVoice/job.py", line 277, in convert_color
    target_se, audio_name = se_extractor.get_se(ref_audio_path, tone_color_converter, vad=False)
  File "/home/ubuntu/OpenVoice/openvoice/se_extractor.py", line 146, in get_se
    wavs_folder = split_audio_whisper(audio_path, target_dir=target_dir, audio_name=audio_name)
  File "/home/ubuntu/OpenVoice/openvoice/se_extractor.py", line 29, in split_audio_whisper
    segments = list(segments)
  File "/home/ubuntu/miniconda3/envs/openvoice/lib/python3.9/site-packages/faster_whisper/transcribe.py", line 433, in generate_segments
    ) = self.generate_with_fallback(encoder_output, prompt, tokenizer, options)
  File "/home/ubuntu/miniconda3/envs/openvoice/lib/python3.9/site-packages/faster_whisper/transcribe.py", line 641, in generate_with_fallback
    result = self.model.generate(
RuntimeError: CUDA failed with error out of memory
Traceback (most recent call last):
  File "/home/ubuntu/OpenVoice/job.py", line 334, in <module>
    clone_voice(f"./projects/{i}/{j}")
  File "/home/ubuntu/OpenVoice/job.py", line 201, in clone_voice
    return(convert_color(projectfolder))
  File "/home/ubuntu/OpenVoice/job.py", line 277, in convert_color
    target_se, audio_name = se_extractor.get_se(ref_audio_path, tone_color_converter, vad=False)
  File "/home/ubuntu/OpenVoice/openvoice/se_extractor.py", line 146, in get_se
    wavs_folder = split_audio_whisper(audio_path, target_dir=target_dir, audio_name=audio_name)
  File "/home/ubuntu/OpenVoice/openvoice/se_extractor.py", line 29, in split_audio_whisper
    segments = list(segments)
  File "/home/ubuntu/miniconda3/envs/openvoice/lib/python3.9/site-packages/faster_whisper/transcribe.py", line 433, in generate_segments
    ) = self.generate_with_fallback(encoder_output, prompt, tokenizer, options)
  File "/home/ubuntu/miniconda3/envs/openvoice/lib/python3.9/site-packages/faster_whisper/transcribe.py", line 641, in generate_with_fallback
    result = self.model.generate(
RuntimeError: CUDA failed with error out of memory
Traceback (most recent call last):
  File "/home/ubuntu/OpenVoice/job.py", line 334, in <module>
    clone_voice(f"./projects/{i}/{j}")
  File "/home/ubuntu/OpenVoice/job.py", line 201, in clone_voice
    return(convert_color(projectfolder))
  File "/home/ubuntu/OpenVoice/job.py", line 277, in convert_color
    target_se, audio_name = se_extractor.get_se(ref_audio_path, tone_color_converter, vad=False)
  File "/home/ubuntu/OpenVoice/openvoice/se_extractor.py", line 146, in get_se
    wavs_folder = split_audio_whisper(audio_path, target_dir=target_dir, audio_name=audio_name)
  File "/home/ubuntu/OpenVoice/openvoice/se_extractor.py", line 29, in split_audio_whisper
    segments = list(segments)
  File "/home/ubuntu/miniconda3/envs/openvoice/lib/python3.9/site-packages/faster_whisper/transcribe.py", line 433, in generate_segments
    ) = self.generate_with_fallback(encoder_output, prompt, tokenizer, options)
  File "/home/ubuntu/miniconda3/envs/openvoice/lib/python3.9/site-packages/faster_whisper/transcribe.py", line 641, in generate_with_fallback
    result = self.model.generate(
RuntimeError: CUDA failed with error out of memory
Traceback (most recent call last):
  File "/home/ubuntu/OpenVoice/job.py", line 334, in <module>
    clone_voice(f"./projects/{i}/{j}")
  File "/home/ubuntu/OpenVoice/job.py", line 201, in clone_voice
    return(convert_color(projectfolder))
  File "/home/ubuntu/OpenVoice/job.py", line 277, in convert_color
    target_se, audio_name = se_extractor.get_se(ref_audio_path, tone_color_converter, vad=False)
  File "/home/ubuntu/OpenVoice/openvoice/se_extractor.py", line 146, in get_se
    wavs_folder = split_audio_whisper(audio_path, target_dir=target_dir, audio_name=audio_name)
  File "/home/ubuntu/OpenVoice/openvoice/se_extractor.py", line 29, in split_audio_whisper
    segments = list(segments)
  File "/home/ubuntu/miniconda3/envs/openvoice/lib/python3.9/site-packages/faster_whisper/transcribe.py", line 433, in generate_segments
    ) = self.generate_with_fallback(encoder_output, prompt, tokenizer, options)
  File "/home/ubuntu/miniconda3/envs/openvoice/lib/python3.9/site-packages/faster_whisper/transcribe.py", line 641, in generate_with_fallback
    result = self.model.generate(
RuntimeError: CUDA failed with error out of memory
Traceback (most recent call last):
  File "/home/ubuntu/OpenVoice/job.py", line 334, in <module>
    clone_voice(f"./projects/{i}/{j}")
  File "/home/ubuntu/OpenVoice/job.py", line 201, in clone_voice
    return(convert_color(projectfolder))
  File "/home/ubuntu/OpenVoice/job.py", line 277, in convert_color
    target_se, audio_name = se_extractor.get_se(ref_audio_path, tone_color_converter, vad=False)
  File "/home/ubuntu/OpenVoice/openvoice/se_extractor.py", line 146, in get_se
    wavs_folder = split_audio_whisper(audio_path, target_dir=target_dir, audio_name=audio_name)
  File "/home/ubuntu/OpenVoice/openvoice/se_extractor.py", line 29, in split_audio_whisper
    segments = list(segments)
  File "/home/ubuntu/miniconda3/envs/openvoice/lib/python3.9/site-packages/faster_whisper/transcribe.py", line 433, in generate_segments
    ) = self.generate_with_fallback(encoder_output, prompt, tokenizer, options)
  File "/home/ubuntu/miniconda3/envs/openvoice/lib/python3.9/site-packages/faster_whisper/transcribe.py", line 641, in generate_with_fallback
    result = self.model.generate(
RuntimeError: CUDA failed with error out of memory
Traceback (most recent call last):
  File "/home/ubuntu/OpenVoice/job.py", line 334, in <module>
    clone_voice(f"./projects/{i}/{j}")
  File "/home/ubuntu/OpenVoice/job.py", line 201, in clone_voice
    return(convert_color(projectfolder))
  File "/home/ubuntu/OpenVoice/job.py", line 277, in convert_color
    target_se, audio_name = se_extractor.get_se(ref_audio_path, tone_color_converter, vad=False)
  File "/home/ubuntu/OpenVoice/openvoice/se_extractor.py", line 146, in get_se
    wavs_folder = split_audio_whisper(audio_path, target_dir=target_dir, audio_name=audio_name)
  File "/home/ubuntu/OpenVoice/openvoice/se_extractor.py", line 29, in split_audio_whisper
    segments = list(segments)
  File "/home/ubuntu/miniconda3/envs/openvoice/lib/python3.9/site-packages/faster_whisper/transcribe.py", line 433, in generate_segments
    ) = self.generate_with_fallback(encoder_output, prompt, tokenizer, options)
  File "/home/ubuntu/miniconda3/envs/openvoice/lib/python3.9/site-packages/faster_whisper/transcribe.py", line 641, in generate_with_fallback
    result = self.model.generate(
RuntimeError: CUDA failed with error out of memory
Traceback (most recent call last):
  File "/home/ubuntu/OpenVoice/job.py", line 334, in <module>
    clone_voice(f"./projects/{i}/{j}")
  File "/home/ubuntu/OpenVoice/job.py", line 201, in clone_voice
    return(convert_color(projectfolder))
  File "/home/ubuntu/OpenVoice/job.py", line 277, in convert_color
    target_se, audio_name = se_extractor.get_se(ref_audio_path, tone_color_converter, vad=False)
  File "/home/ubuntu/OpenVoice/openvoice/se_extractor.py", line 146, in get_se
    wavs_folder = split_audio_whisper(audio_path, target_dir=target_dir, audio_name=audio_name)
  File "/home/ubuntu/OpenVoice/openvoice/se_extractor.py", line 29, in split_audio_whisper
    segments = list(segments)
  File "/home/ubuntu/miniconda3/envs/openvoice/lib/python3.9/site-packages/faster_whisper/transcribe.py", line 433, in generate_segments
    ) = self.generate_with_fallback(encoder_output, prompt, tokenizer, options)
  File "/home/ubuntu/miniconda3/envs/openvoice/lib/python3.9/site-packages/faster_whisper/transcribe.py", line 641, in generate_with_fallback
    result = self.model.generate(
RuntimeError: CUDA failed with error out of memory
Traceback (most recent call last):
  File "/home/ubuntu/OpenVoice/job.py", line 334, in <module>
    clone_voice(f"./projects/{i}/{j}")
  File "/home/ubuntu/OpenVoice/job.py", line 201, in clone_voice
    return(convert_color(projectfolder))
  File "/home/ubuntu/OpenVoice/job.py", line 277, in convert_color
    target_se, audio_name = se_extractor.get_se(ref_audio_path, tone_color_converter, vad=False)
  File "/home/ubuntu/OpenVoice/openvoice/se_extractor.py", line 146, in get_se
    wavs_folder = split_audio_whisper(audio_path, target_dir=target_dir, audio_name=audio_name)
  File "/home/ubuntu/OpenVoice/openvoice/se_extractor.py", line 29, in split_audio_whisper
    segments = list(segments)
  File "/home/ubuntu/miniconda3/envs/openvoice/lib/python3.9/site-packages/faster_whisper/transcribe.py", line 433, in generate_segments
    ) = self.generate_with_fallback(encoder_output, prompt, tokenizer, options)
  File "/home/ubuntu/miniconda3/envs/openvoice/lib/python3.9/site-packages/faster_whisper/transcribe.py", line 641, in generate_with_fallback
    result = self.model.generate(
RuntimeError: CUDA failed with error out of memory
Traceback (most recent call last):
  File "/home/ubuntu/OpenVoice/job.py", line 334, in <module>
    clone_voice(f"./projects/{i}/{j}")
  File "/home/ubuntu/OpenVoice/job.py", line 201, in clone_voice
    return(convert_color(projectfolder))
  File "/home/ubuntu/OpenVoice/job.py", line 277, in convert_color
    target_se, audio_name = se_extractor.get_se(ref_audio_path, tone_color_converter, vad=False)
  File "/home/ubuntu/OpenVoice/openvoice/se_extractor.py", line 146, in get_se
    wavs_folder = split_audio_whisper(audio_path, target_dir=target_dir, audio_name=audio_name)
  File "/home/ubuntu/OpenVoice/openvoice/se_extractor.py", line 29, in split_audio_whisper
    segments = list(segments)
  File "/home/ubuntu/miniconda3/envs/openvoice/lib/python3.9/site-packages/faster_whisper/transcribe.py", line 433, in generate_segments
    ) = self.generate_with_fallback(encoder_output, prompt, tokenizer, options)
  File "/home/ubuntu/miniconda3/envs/openvoice/lib/python3.9/site-packages/faster_whisper/transcribe.py", line 641, in generate_with_fallback
    result = self.model.generate(
RuntimeError: CUDA failed with error out of memory
Traceback (most recent call last):
  File "/home/ubuntu/OpenVoice/job.py", line 334, in <module>
    clone_voice(f"./projects/{i}/{j}")
  File "/home/ubuntu/OpenVoice/job.py", line 201, in clone_voice
    return(convert_color(projectfolder))
  File "/home/ubuntu/OpenVoice/job.py", line 277, in convert_color
    target_se, audio_name = se_extractor.get_se(ref_audio_path, tone_color_converter, vad=False)
  File "/home/ubuntu/OpenVoice/openvoice/se_extractor.py", line 146, in get_se
    wavs_folder = split_audio_whisper(audio_path, target_dir=target_dir, audio_name=audio_name)
  File "/home/ubuntu/OpenVoice/openvoice/se_extractor.py", line 29, in split_audio_whisper
    segments = list(segments)
  File "/home/ubuntu/miniconda3/envs/openvoice/lib/python3.9/site-packages/faster_whisper/transcribe.py", line 433, in generate_segments
    ) = self.generate_with_fallback(encoder_output, prompt, tokenizer, options)
  File "/home/ubuntu/miniconda3/envs/openvoice/lib/python3.9/site-packages/faster_whisper/transcribe.py", line 641, in generate_with_fallback
    result = self.model.generate(
RuntimeError: CUDA failed with error out of memory
Traceback (most recent call last):
  File "/home/ubuntu/OpenVoice/job.py", line 334, in <module>
    clone_voice(f"./projects/{i}/{j}")
  File "/home/ubuntu/OpenVoice/job.py", line 201, in clone_voice
    return(convert_color(projectfolder))
  File "/home/ubuntu/OpenVoice/job.py", line 277, in convert_color
    target_se, audio_name = se_extractor.get_se(ref_audio_path, tone_color_converter, vad=False)
  File "/home/ubuntu/OpenVoice/openvoice/se_extractor.py", line 146, in get_se
    wavs_folder = split_audio_whisper(audio_path, target_dir=target_dir, audio_name=audio_name)
  File "/home/ubuntu/OpenVoice/openvoice/se_extractor.py", line 29, in split_audio_whisper
    segments = list(segments)
  File "/home/ubuntu/miniconda3/envs/openvoice/lib/python3.9/site-packages/faster_whisper/transcribe.py", line 433, in generate_segments
    ) = self.generate_with_fallback(encoder_output, prompt, tokenizer, options)
  File "/home/ubuntu/miniconda3/envs/openvoice/lib/python3.9/site-packages/faster_whisper/transcribe.py", line 641, in generate_with_fallback
    result = self.model.generate(
RuntimeError: CUDA failed with error out of memory
Traceback (most recent call last):
  File "/home/ubuntu/OpenVoice/job.py", line 334, in <module>
    clone_voice(f"./projects/{i}/{j}")
  File "/home/ubuntu/OpenVoice/job.py", line 201, in clone_voice
    return(convert_color(projectfolder))
  File "/home/ubuntu/OpenVoice/job.py", line 277, in convert_color
    target_se, audio_name = se_extractor.get_se(ref_audio_path, tone_color_converter, vad=False)
  File "/home/ubuntu/OpenVoice/openvoice/se_extractor.py", line 146, in get_se
    wavs_folder = split_audio_whisper(audio_path, target_dir=target_dir, audio_name=audio_name)
  File "/home/ubuntu/OpenVoice/openvoice/se_extractor.py", line 29, in split_audio_whisper
    segments = list(segments)
  File "/home/ubuntu/miniconda3/envs/openvoice/lib/python3.9/site-packages/faster_whisper/transcribe.py", line 433, in generate_segments
    ) = self.generate_with_fallback(encoder_output, prompt, tokenizer, options)
  File "/home/ubuntu/miniconda3/envs/openvoice/lib/python3.9/site-packages/faster_whisper/transcribe.py", line 641, in generate_with_fallback
    result = self.model.generate(
RuntimeError: CUDA failed with error out of memory
Traceback (most recent call last):
  File "/home/ubuntu/OpenVoice/job.py", line 334, in <module>
    clone_voice(f"./projects/{i}/{j}")
  File "/home/ubuntu/OpenVoice/job.py", line 201, in clone_voice
    return(convert_color(projectfolder))
  File "/home/ubuntu/OpenVoice/job.py", line 277, in convert_color
    target_se, audio_name = se_extractor.get_se(ref_audio_path, tone_color_converter, vad=False)
  File "/home/ubuntu/OpenVoice/openvoice/se_extractor.py", line 146, in get_se
    wavs_folder = split_audio_whisper(audio_path, target_dir=target_dir, audio_name=audio_name)
  File "/home/ubuntu/OpenVoice/openvoice/se_extractor.py", line 29, in split_audio_whisper
    segments = list(segments)
  File "/home/ubuntu/miniconda3/envs/openvoice/lib/python3.9/site-packages/faster_whisper/transcribe.py", line 433, in generate_segments
    ) = self.generate_with_fallback(encoder_output, prompt, tokenizer, options)
  File "/home/ubuntu/miniconda3/envs/openvoice/lib/python3.9/site-packages/faster_whisper/transcribe.py", line 641, in generate_with_fallback
    result = self.model.generate(
RuntimeError: CUDA failed with error out of memory
Traceback (most recent call last):
  File "/home/ubuntu/OpenVoice/job.py", line 334, in <module>
    clone_voice(f"./projects/{i}/{j}")
  File "/home/ubuntu/OpenVoice/job.py", line 201, in clone_voice
    return(convert_color(projectfolder))
  File "/home/ubuntu/OpenVoice/job.py", line 277, in convert_color
    target_se, audio_name = se_extractor.get_se(ref_audio_path, tone_color_converter, vad=False)
  File "/home/ubuntu/OpenVoice/openvoice/se_extractor.py", line 146, in get_se
    wavs_folder = split_audio_whisper(audio_path, target_dir=target_dir, audio_name=audio_name)
  File "/home/ubuntu/OpenVoice/openvoice/se_extractor.py", line 29, in split_audio_whisper
    segments = list(segments)
  File "/home/ubuntu/miniconda3/envs/openvoice/lib/python3.9/site-packages/faster_whisper/transcribe.py", line 433, in generate_segments
    ) = self.generate_with_fallback(encoder_output, prompt, tokenizer, options)
  File "/home/ubuntu/miniconda3/envs/openvoice/lib/python3.9/site-packages/faster_whisper/transcribe.py", line 641, in generate_with_fallback
    result = self.model.generate(
RuntimeError: CUDA failed with error out of memory
Traceback (most recent call last):
  File "/home/ubuntu/OpenVoice/job.py", line 334, in <module>
    clone_voice(f"./projects/{i}/{j}")
  File "/home/ubuntu/OpenVoice/job.py", line 201, in clone_voice
    return(convert_color(projectfolder))
  File "/home/ubuntu/OpenVoice/job.py", line 277, in convert_color
    target_se, audio_name = se_extractor.get_se(ref_audio_path, tone_color_converter, vad=False)
  File "/home/ubuntu/OpenVoice/openvoice/se_extractor.py", line 146, in get_se
    wavs_folder = split_audio_whisper(audio_path, target_dir=target_dir, audio_name=audio_name)
  File "/home/ubuntu/OpenVoice/openvoice/se_extractor.py", line 29, in split_audio_whisper
    segments = list(segments)
  File "/home/ubuntu/miniconda3/envs/openvoice/lib/python3.9/site-packages/faster_whisper/transcribe.py", line 433, in generate_segments
    ) = self.generate_with_fallback(encoder_output, prompt, tokenizer, options)
  File "/home/ubuntu/miniconda3/envs/openvoice/lib/python3.9/site-packages/faster_whisper/transcribe.py", line 641, in generate_with_fallback
    result = self.model.generate(
RuntimeError: CUDA failed with error out of memory
Traceback (most recent call last):
  File "/home/ubuntu/OpenVoice/job.py", line 334, in <module>
    clone_voice(f"./projects/{i}/{j}")
  File "/home/ubuntu/OpenVoice/job.py", line 201, in clone_voice
    return(convert_color(projectfolder))
  File "/home/ubuntu/OpenVoice/job.py", line 277, in convert_color
    target_se, audio_name = se_extractor.get_se(ref_audio_path, tone_color_converter, vad=False)
  File "/home/ubuntu/OpenVoice/openvoice/se_extractor.py", line 146, in get_se
    wavs_folder = split_audio_whisper(audio_path, target_dir=target_dir, audio_name=audio_name)
  File "/home/ubuntu/OpenVoice/openvoice/se_extractor.py", line 29, in split_audio_whisper
    segments = list(segments)
  File "/home/ubuntu/miniconda3/envs/openvoice/lib/python3.9/site-packages/faster_whisper/transcribe.py", line 433, in generate_segments
    ) = self.generate_with_fallback(encoder_output, prompt, tokenizer, options)
  File "/home/ubuntu/miniconda3/envs/openvoice/lib/python3.9/site-packages/faster_whisper/transcribe.py", line 641, in generate_with_fallback
    result = self.model.generate(
RuntimeError: CUDA failed with error out of memory
Traceback (most recent call last):
  File "/home/ubuntu/OpenVoice/job.py", line 334, in <module>
    clone_voice(f"./projects/{i}/{j}")
  File "/home/ubuntu/OpenVoice/job.py", line 201, in clone_voice
    return(convert_color(projectfolder))
  File "/home/ubuntu/OpenVoice/job.py", line 277, in convert_color
    target_se, audio_name = se_extractor.get_se(ref_audio_path, tone_color_converter, vad=False)
  File "/home/ubuntu/OpenVoice/openvoice/se_extractor.py", line 146, in get_se
    wavs_folder = split_audio_whisper(audio_path, target_dir=target_dir, audio_name=audio_name)
  File "/home/ubuntu/OpenVoice/openvoice/se_extractor.py", line 29, in split_audio_whisper
    segments = list(segments)
  File "/home/ubuntu/miniconda3/envs/openvoice/lib/python3.9/site-packages/faster_whisper/transcribe.py", line 433, in generate_segments
    ) = self.generate_with_fallback(encoder_output, prompt, tokenizer, options)
  File "/home/ubuntu/miniconda3/envs/openvoice/lib/python3.9/site-packages/faster_whisper/transcribe.py", line 641, in generate_with_fallback
    result = self.model.generate(
RuntimeError: CUDA failed with error out of memory
Traceback (most recent call last):
  File "/home/ubuntu/OpenVoice/job.py", line 334, in <module>
    clone_voice(f"./projects/{i}/{j}")
  File "/home/ubuntu/OpenVoice/job.py", line 201, in clone_voice
    return(convert_color(projectfolder))
  File "/home/ubuntu/OpenVoice/job.py", line 277, in convert_color
    target_se, audio_name = se_extractor.get_se(ref_audio_path, tone_color_converter, vad=False)
  File "/home/ubuntu/OpenVoice/openvoice/se_extractor.py", line 146, in get_se
    wavs_folder = split_audio_whisper(audio_path, target_dir=target_dir, audio_name=audio_name)
  File "/home/ubuntu/OpenVoice/openvoice/se_extractor.py", line 29, in split_audio_whisper
    segments = list(segments)
  File "/home/ubuntu/miniconda3/envs/openvoice/lib/python3.9/site-packages/faster_whisper/transcribe.py", line 433, in generate_segments
    ) = self.generate_with_fallback(encoder_output, prompt, tokenizer, options)
  File "/home/ubuntu/miniconda3/envs/openvoice/lib/python3.9/site-packages/faster_whisper/transcribe.py", line 641, in generate_with_fallback
    result = self.model.generate(
RuntimeError: CUDA failed with error out of memory
Traceback (most recent call last):
  File "/home/ubuntu/OpenVoice/job.py", line 334, in <module>
    clone_voice(f"./projects/{i}/{j}")
  File "/home/ubuntu/OpenVoice/job.py", line 201, in clone_voice
    return(convert_color(projectfolder))
  File "/home/ubuntu/OpenVoice/job.py", line 277, in convert_color
    target_se, audio_name = se_extractor.get_se(ref_audio_path, tone_color_converter, vad=False)
  File "/home/ubuntu/OpenVoice/openvoice/se_extractor.py", line 146, in get_se
    wavs_folder = split_audio_whisper(audio_path, target_dir=target_dir, audio_name=audio_name)
  File "/home/ubuntu/OpenVoice/openvoice/se_extractor.py", line 29, in split_audio_whisper
    segments = list(segments)
  File "/home/ubuntu/miniconda3/envs/openvoice/lib/python3.9/site-packages/faster_whisper/transcribe.py", line 433, in generate_segments
    ) = self.generate_with_fallback(encoder_output, prompt, tokenizer, options)
  File "/home/ubuntu/miniconda3/envs/openvoice/lib/python3.9/site-packages/faster_whisper/transcribe.py", line 641, in generate_with_fallback
    result = self.model.generate(
RuntimeError: CUDA failed with error out of memory
Traceback (most recent call last):
  File "/home/ubuntu/OpenVoice/job.py", line 334, in <module>
    clone_voice(f"./projects/{i}/{j}")
  File "/home/ubuntu/OpenVoice/job.py", line 201, in clone_voice
    return(convert_color(projectfolder))
  File "/home/ubuntu/OpenVoice/job.py", line 277, in convert_color
    target_se, audio_name = se_extractor.get_se(ref_audio_path, tone_color_converter, vad=False)
  File "/home/ubuntu/OpenVoice/openvoice/se_extractor.py", line 146, in get_se
    wavs_folder = split_audio_whisper(audio_path, target_dir=target_dir, audio_name=audio_name)
  File "/home/ubuntu/OpenVoice/openvoice/se_extractor.py", line 29, in split_audio_whisper
    segments = list(segments)
  File "/home/ubuntu/miniconda3/envs/openvoice/lib/python3.9/site-packages/faster_whisper/transcribe.py", line 433, in generate_segments
    ) = self.generate_with_fallback(encoder_output, prompt, tokenizer, options)
  File "/home/ubuntu/miniconda3/envs/openvoice/lib/python3.9/site-packages/faster_whisper/transcribe.py", line 641, in generate_with_fallback
    result = self.model.generate(
RuntimeError: CUDA failed with error out of memory
Traceback (most recent call last):
  File "/home/ubuntu/OpenVoice/job.py", line 334, in <module>
    clone_voice(f"./projects/{i}/{j}")
  File "/home/ubuntu/OpenVoice/job.py", line 201, in clone_voice
    return(convert_color(projectfolder))
  File "/home/ubuntu/OpenVoice/job.py", line 277, in convert_color
    target_se, audio_name = se_extractor.get_se(ref_audio_path, tone_color_converter, vad=False)
  File "/home/ubuntu/OpenVoice/openvoice/se_extractor.py", line 146, in get_se
    wavs_folder = split_audio_whisper(audio_path, target_dir=target_dir, audio_name=audio_name)
  File "/home/ubuntu/OpenVoice/openvoice/se_extractor.py", line 29, in split_audio_whisper
    segments = list(segments)
  File "/home/ubuntu/miniconda3/envs/openvoice/lib/python3.9/site-packages/faster_whisper/transcribe.py", line 433, in generate_segments
    ) = self.generate_with_fallback(encoder_output, prompt, tokenizer, options)
  File "/home/ubuntu/miniconda3/envs/openvoice/lib/python3.9/site-packages/faster_whisper/transcribe.py", line 641, in generate_with_fallback
    result = self.model.generate(
RuntimeError: CUDA failed with error out of memory
Traceback (most recent call last):
  File "/home/ubuntu/OpenVoice/job.py", line 334, in <module>
    clone_voice(f"./projects/{i}/{j}")
  File "/home/ubuntu/OpenVoice/job.py", line 201, in clone_voice
    return(convert_color(projectfolder))
  File "/home/ubuntu/OpenVoice/job.py", line 277, in convert_color
    target_se, audio_name = se_extractor.get_se(ref_audio_path, tone_color_converter, vad=False)
  File "/home/ubuntu/OpenVoice/openvoice/se_extractor.py", line 146, in get_se
    wavs_folder = split_audio_whisper(audio_path, target_dir=target_dir, audio_name=audio_name)
  File "/home/ubuntu/OpenVoice/openvoice/se_extractor.py", line 29, in split_audio_whisper
    segments = list(segments)
  File "/home/ubuntu/miniconda3/envs/openvoice/lib/python3.9/site-packages/faster_whisper/transcribe.py", line 433, in generate_segments
    ) = self.generate_with_fallback(encoder_output, prompt, tokenizer, options)
  File "/home/ubuntu/miniconda3/envs/openvoice/lib/python3.9/site-packages/faster_whisper/transcribe.py", line 641, in generate_with_fallback
    result = self.model.generate(
RuntimeError: CUDA failed with error out of memory
Traceback (most recent call last):
  File "/home/ubuntu/OpenVoice/job.py", line 334, in <module>
    clone_voice(f"./projects/{i}/{j}")
  File "/home/ubuntu/OpenVoice/job.py", line 201, in clone_voice
    return(convert_color(projectfolder))
  File "/home/ubuntu/OpenVoice/job.py", line 277, in convert_color
    target_se, audio_name = se_extractor.get_se(ref_audio_path, tone_color_converter, vad=False)
  File "/home/ubuntu/OpenVoice/openvoice/se_extractor.py", line 146, in get_se
    wavs_folder = split_audio_whisper(audio_path, target_dir=target_dir, audio_name=audio_name)
  File "/home/ubuntu/OpenVoice/openvoice/se_extractor.py", line 29, in split_audio_whisper
    segments = list(segments)
  File "/home/ubuntu/miniconda3/envs/openvoice/lib/python3.9/site-packages/faster_whisper/transcribe.py", line 433, in generate_segments
    ) = self.generate_with_fallback(encoder_output, prompt, tokenizer, options)
  File "/home/ubuntu/miniconda3/envs/openvoice/lib/python3.9/site-packages/faster_whisper/transcribe.py", line 641, in generate_with_fallback
    result = self.model.generate(
RuntimeError: CUDA failed with error out of memory
Traceback (most recent call last):
  File "/home/ubuntu/OpenVoice/job.py", line 334, in <module>
    clone_voice(f"./projects/{i}/{j}")
  File "/home/ubuntu/OpenVoice/job.py", line 201, in clone_voice
    return(convert_color(projectfolder))
  File "/home/ubuntu/OpenVoice/job.py", line 277, in convert_color
    target_se, audio_name = se_extractor.get_se(ref_audio_path, tone_color_converter, vad=False)
  File "/home/ubuntu/OpenVoice/openvoice/se_extractor.py", line 146, in get_se
    wavs_folder = split_audio_whisper(audio_path, target_dir=target_dir, audio_name=audio_name)
  File "/home/ubuntu/OpenVoice/openvoice/se_extractor.py", line 29, in split_audio_whisper
    segments = list(segments)
  File "/home/ubuntu/miniconda3/envs/openvoice/lib/python3.9/site-packages/faster_whisper/transcribe.py", line 433, in generate_segments
    ) = self.generate_with_fallback(encoder_output, prompt, tokenizer, options)
  File "/home/ubuntu/miniconda3/envs/openvoice/lib/python3.9/site-packages/faster_whisper/transcribe.py", line 641, in generate_with_fallback
    result = self.model.generate(
RuntimeError: CUDA failed with error out of memory
Traceback (most recent call last):
  File "/home/ubuntu/OpenVoice/job.py", line 334, in <module>
    clone_voice(f"./projects/{i}/{j}")
  File "/home/ubuntu/OpenVoice/job.py", line 201, in clone_voice
    return(convert_color(projectfolder))
  File "/home/ubuntu/OpenVoice/job.py", line 277, in convert_color
    target_se, audio_name = se_extractor.get_se(ref_audio_path, tone_color_converter, vad=False)
  File "/home/ubuntu/OpenVoice/openvoice/se_extractor.py", line 146, in get_se
    wavs_folder = split_audio_whisper(audio_path, target_dir=target_dir, audio_name=audio_name)
  File "/home/ubuntu/OpenVoice/openvoice/se_extractor.py", line 29, in split_audio_whisper
    segments = list(segments)
  File "/home/ubuntu/miniconda3/envs/openvoice/lib/python3.9/site-packages/faster_whisper/transcribe.py", line 433, in generate_segments
    ) = self.generate_with_fallback(encoder_output, prompt, tokenizer, options)
  File "/home/ubuntu/miniconda3/envs/openvoice/lib/python3.9/site-packages/faster_whisper/transcribe.py", line 641, in generate_with_fallback
    result = self.model.generate(
RuntimeError: CUDA failed with error out of memory
Traceback (most recent call last):
  File "/home/ubuntu/OpenVoice/job.py", line 334, in <module>
    clone_voice(f"./projects/{i}/{j}")
  File "/home/ubuntu/OpenVoice/job.py", line 201, in clone_voice
    return(convert_color(projectfolder))
  File "/home/ubuntu/OpenVoice/job.py", line 277, in convert_color
    target_se, audio_name = se_extractor.get_se(ref_audio_path, tone_color_converter, vad=False)
  File "/home/ubuntu/OpenVoice/openvoice/se_extractor.py", line 146, in get_se
    wavs_folder = split_audio_whisper(audio_path, target_dir=target_dir, audio_name=audio_name)
  File "/home/ubuntu/OpenVoice/openvoice/se_extractor.py", line 29, in split_audio_whisper
    segments = list(segments)
  File "/home/ubuntu/miniconda3/envs/openvoice/lib/python3.9/site-packages/faster_whisper/transcribe.py", line 433, in generate_segments
    ) = self.generate_with_fallback(encoder_output, prompt, tokenizer, options)
  File "/home/ubuntu/miniconda3/envs/openvoice/lib/python3.9/site-packages/faster_whisper/transcribe.py", line 641, in generate_with_fallback
    result = self.model.generate(
RuntimeError: CUDA failed with error out of memory
Traceback (most recent call last):
  File "/home/ubuntu/OpenVoice/job.py", line 334, in <module>
    clone_voice(f"./projects/{i}/{j}")
  File "/home/ubuntu/OpenVoice/job.py", line 201, in clone_voice
    return(convert_color(projectfolder))
  File "/home/ubuntu/OpenVoice/job.py", line 277, in convert_color
    target_se, audio_name = se_extractor.get_se(ref_audio_path, tone_color_converter, vad=False)
  File "/home/ubuntu/OpenVoice/openvoice/se_extractor.py", line 146, in get_se
    wavs_folder = split_audio_whisper(audio_path, target_dir=target_dir, audio_name=audio_name)
  File "/home/ubuntu/OpenVoice/openvoice/se_extractor.py", line 29, in split_audio_whisper
    segments = list(segments)
  File "/home/ubuntu/miniconda3/envs/openvoice/lib/python3.9/site-packages/faster_whisper/transcribe.py", line 433, in generate_segments
    ) = self.generate_with_fallback(encoder_output, prompt, tokenizer, options)
  File "/home/ubuntu/miniconda3/envs/openvoice/lib/python3.9/site-packages/faster_whisper/transcribe.py", line 641, in generate_with_fallback
    result = self.model.generate(
RuntimeError: CUDA failed with error out of memory
Traceback (most recent call last):
  File "/home/ubuntu/OpenVoice/job.py", line 334, in <module>
    clone_voice(f"./projects/{i}/{j}")
  File "/home/ubuntu/OpenVoice/job.py", line 201, in clone_voice
    return(convert_color(projectfolder))
  File "/home/ubuntu/OpenVoice/job.py", line 277, in convert_color
    target_se, audio_name = se_extractor.get_se(ref_audio_path, tone_color_converter, vad=False)
  File "/home/ubuntu/OpenVoice/openvoice/se_extractor.py", line 146, in get_se
    wavs_folder = split_audio_whisper(audio_path, target_dir=target_dir, audio_name=audio_name)
  File "/home/ubuntu/OpenVoice/openvoice/se_extractor.py", line 29, in split_audio_whisper
    segments = list(segments)
  File "/home/ubuntu/miniconda3/envs/openvoice/lib/python3.9/site-packages/faster_whisper/transcribe.py", line 433, in generate_segments
    ) = self.generate_with_fallback(encoder_output, prompt, tokenizer, options)
  File "/home/ubuntu/miniconda3/envs/openvoice/lib/python3.9/site-packages/faster_whisper/transcribe.py", line 641, in generate_with_fallback
    result = self.model.generate(
RuntimeError: CUDA failed with error out of memory
Traceback (most recent call last):
  File "/home/ubuntu/OpenVoice/job.py", line 334, in <module>
    clone_voice(f"./projects/{i}/{j}")
  File "/home/ubuntu/OpenVoice/job.py", line 201, in clone_voice
    return(convert_color(projectfolder))
  File "/home/ubuntu/OpenVoice/job.py", line 277, in convert_color
    target_se, audio_name = se_extractor.get_se(ref_audio_path, tone_color_converter, vad=False)
  File "/home/ubuntu/OpenVoice/openvoice/se_extractor.py", line 146, in get_se
    wavs_folder = split_audio_whisper(audio_path, target_dir=target_dir, audio_name=audio_name)
  File "/home/ubuntu/OpenVoice/openvoice/se_extractor.py", line 29, in split_audio_whisper
    segments = list(segments)
  File "/home/ubuntu/miniconda3/envs/openvoice/lib/python3.9/site-packages/faster_whisper/transcribe.py", line 433, in generate_segments
    ) = self.generate_with_fallback(encoder_output, prompt, tokenizer, options)
  File "/home/ubuntu/miniconda3/envs/openvoice/lib/python3.9/site-packages/faster_whisper/transcribe.py", line 641, in generate_with_fallback
    result = self.model.generate(
RuntimeError: CUDA failed with error out of memory
Traceback (most recent call last):
  File "/home/ubuntu/OpenVoice/job.py", line 334, in <module>
    clone_voice(f"./projects/{i}/{j}")
  File "/home/ubuntu/OpenVoice/job.py", line 201, in clone_voice
    return(convert_color(projectfolder))
  File "/home/ubuntu/OpenVoice/job.py", line 277, in convert_color
    target_se, audio_name = se_extractor.get_se(ref_audio_path, tone_color_converter, vad=False)
  File "/home/ubuntu/OpenVoice/openvoice/se_extractor.py", line 146, in get_se
    wavs_folder = split_audio_whisper(audio_path, target_dir=target_dir, audio_name=audio_name)
  File "/home/ubuntu/OpenVoice/openvoice/se_extractor.py", line 29, in split_audio_whisper
    segments = list(segments)
  File "/home/ubuntu/miniconda3/envs/openvoice/lib/python3.9/site-packages/faster_whisper/transcribe.py", line 433, in generate_segments
    ) = self.generate_with_fallback(encoder_output, prompt, tokenizer, options)
  File "/home/ubuntu/miniconda3/envs/openvoice/lib/python3.9/site-packages/faster_whisper/transcribe.py", line 641, in generate_with_fallback
    result = self.model.generate(
RuntimeError: CUDA failed with error out of memory
Traceback (most recent call last):
  File "/home/ubuntu/OpenVoice/job.py", line 334, in <module>
    clone_voice(f"./projects/{i}/{j}")
  File "/home/ubuntu/OpenVoice/job.py", line 201, in clone_voice
    return(convert_color(projectfolder))
  File "/home/ubuntu/OpenVoice/job.py", line 277, in convert_color
    target_se, audio_name = se_extractor.get_se(ref_audio_path, tone_color_converter, vad=False)
  File "/home/ubuntu/OpenVoice/openvoice/se_extractor.py", line 146, in get_se
    wavs_folder = split_audio_whisper(audio_path, target_dir=target_dir, audio_name=audio_name)
  File "/home/ubuntu/OpenVoice/openvoice/se_extractor.py", line 29, in split_audio_whisper
    segments = list(segments)
  File "/home/ubuntu/miniconda3/envs/openvoice/lib/python3.9/site-packages/faster_whisper/transcribe.py", line 433, in generate_segments
    ) = self.generate_with_fallback(encoder_output, prompt, tokenizer, options)
  File "/home/ubuntu/miniconda3/envs/openvoice/lib/python3.9/site-packages/faster_whisper/transcribe.py", line 641, in generate_with_fallback
    result = self.model.generate(
RuntimeError: CUDA failed with error out of memory
Traceback (most recent call last):
  File "/home/ubuntu/OpenVoice/job.py", line 334, in <module>
    clone_voice(f"./projects/{i}/{j}")
  File "/home/ubuntu/OpenVoice/job.py", line 201, in clone_voice
    return(convert_color(projectfolder))
  File "/home/ubuntu/OpenVoice/job.py", line 277, in convert_color
    target_se, audio_name = se_extractor.get_se(ref_audio_path, tone_color_converter, vad=False)
  File "/home/ubuntu/OpenVoice/openvoice/se_extractor.py", line 146, in get_se
    wavs_folder = split_audio_whisper(audio_path, target_dir=target_dir, audio_name=audio_name)
  File "/home/ubuntu/OpenVoice/openvoice/se_extractor.py", line 29, in split_audio_whisper
    segments = list(segments)
  File "/home/ubuntu/miniconda3/envs/openvoice/lib/python3.9/site-packages/faster_whisper/transcribe.py", line 433, in generate_segments
    ) = self.generate_with_fallback(encoder_output, prompt, tokenizer, options)
  File "/home/ubuntu/miniconda3/envs/openvoice/lib/python3.9/site-packages/faster_whisper/transcribe.py", line 641, in generate_with_fallback
    result = self.model.generate(
RuntimeError: CUDA failed with error out of memory
Traceback (most recent call last):
  File "/home/ubuntu/OpenVoice/job.py", line 334, in <module>
    clone_voice(f"./projects/{i}/{j}")
  File "/home/ubuntu/OpenVoice/job.py", line 201, in clone_voice
    return(convert_color(projectfolder))
  File "/home/ubuntu/OpenVoice/job.py", line 277, in convert_color
    target_se, audio_name = se_extractor.get_se(ref_audio_path, tone_color_converter, vad=False)
  File "/home/ubuntu/OpenVoice/openvoice/se_extractor.py", line 146, in get_se
    wavs_folder = split_audio_whisper(audio_path, target_dir=target_dir, audio_name=audio_name)
  File "/home/ubuntu/OpenVoice/openvoice/se_extractor.py", line 29, in split_audio_whisper
    segments = list(segments)
  File "/home/ubuntu/miniconda3/envs/openvoice/lib/python3.9/site-packages/faster_whisper/transcribe.py", line 433, in generate_segments
    ) = self.generate_with_fallback(encoder_output, prompt, tokenizer, options)
  File "/home/ubuntu/miniconda3/envs/openvoice/lib/python3.9/site-packages/faster_whisper/transcribe.py", line 641, in generate_with_fallback
    result = self.model.generate(
RuntimeError: CUDA failed with error out of memory
Traceback (most recent call last):
  File "/home/ubuntu/OpenVoice/job.py", line 334, in <module>
    clone_voice(f"./projects/{i}/{j}")
  File "/home/ubuntu/OpenVoice/job.py", line 201, in clone_voice
    return(convert_color(projectfolder))
  File "/home/ubuntu/OpenVoice/job.py", line 277, in convert_color
    target_se, audio_name = se_extractor.get_se(ref_audio_path, tone_color_converter, vad=False)
  File "/home/ubuntu/OpenVoice/openvoice/se_extractor.py", line 146, in get_se
    wavs_folder = split_audio_whisper(audio_path, target_dir=target_dir, audio_name=audio_name)
  File "/home/ubuntu/OpenVoice/openvoice/se_extractor.py", line 29, in split_audio_whisper
    segments = list(segments)
  File "/home/ubuntu/miniconda3/envs/openvoice/lib/python3.9/site-packages/faster_whisper/transcribe.py", line 433, in generate_segments
    ) = self.generate_with_fallback(encoder_output, prompt, tokenizer, options)
  File "/home/ubuntu/miniconda3/envs/openvoice/lib/python3.9/site-packages/faster_whisper/transcribe.py", line 641, in generate_with_fallback
    result = self.model.generate(
RuntimeError: CUDA failed with error out of memory
Traceback (most recent call last):
  File "/home/ubuntu/OpenVoice/job.py", line 334, in <module>
    clone_voice(f"./projects/{i}/{j}")
  File "/home/ubuntu/OpenVoice/job.py", line 201, in clone_voice
    return(convert_color(projectfolder))
  File "/home/ubuntu/OpenVoice/job.py", line 277, in convert_color
    target_se, audio_name = se_extractor.get_se(ref_audio_path, tone_color_converter, vad=False)
  File "/home/ubuntu/OpenVoice/openvoice/se_extractor.py", line 146, in get_se
    wavs_folder = split_audio_whisper(audio_path, target_dir=target_dir, audio_name=audio_name)
  File "/home/ubuntu/OpenVoice/openvoice/se_extractor.py", line 29, in split_audio_whisper
    segments = list(segments)
  File "/home/ubuntu/miniconda3/envs/openvoice/lib/python3.9/site-packages/faster_whisper/transcribe.py", line 433, in generate_segments
    ) = self.generate_with_fallback(encoder_output, prompt, tokenizer, options)
  File "/home/ubuntu/miniconda3/envs/openvoice/lib/python3.9/site-packages/faster_whisper/transcribe.py", line 641, in generate_with_fallback
    result = self.model.generate(
RuntimeError: CUDA failed with error out of memory
Traceback (most recent call last):
  File "/home/ubuntu/OpenVoice/job.py", line 334, in <module>
    clone_voice(f"./projects/{i}/{j}")
  File "/home/ubuntu/OpenVoice/job.py", line 201, in clone_voice
    return(convert_color(projectfolder))
  File "/home/ubuntu/OpenVoice/job.py", line 277, in convert_color
    target_se, audio_name = se_extractor.get_se(ref_audio_path, tone_color_converter, vad=False)
  File "/home/ubuntu/OpenVoice/openvoice/se_extractor.py", line 146, in get_se
    wavs_folder = split_audio_whisper(audio_path, target_dir=target_dir, audio_name=audio_name)
  File "/home/ubuntu/OpenVoice/openvoice/se_extractor.py", line 29, in split_audio_whisper
    segments = list(segments)
  File "/home/ubuntu/miniconda3/envs/openvoice/lib/python3.9/site-packages/faster_whisper/transcribe.py", line 433, in generate_segments
    ) = self.generate_with_fallback(encoder_output, prompt, tokenizer, options)
  File "/home/ubuntu/miniconda3/envs/openvoice/lib/python3.9/site-packages/faster_whisper/transcribe.py", line 641, in generate_with_fallback
    result = self.model.generate(
RuntimeError: CUDA failed with error out of memory
Traceback (most recent call last):
  File "/home/ubuntu/OpenVoice/job.py", line 334, in <module>
    clone_voice(f"./projects/{i}/{j}")
  File "/home/ubuntu/OpenVoice/job.py", line 201, in clone_voice
    return(convert_color(projectfolder))
  File "/home/ubuntu/OpenVoice/job.py", line 277, in convert_color
    target_se, audio_name = se_extractor.get_se(ref_audio_path, tone_color_converter, vad=False)
  File "/home/ubuntu/OpenVoice/openvoice/se_extractor.py", line 146, in get_se
    wavs_folder = split_audio_whisper(audio_path, target_dir=target_dir, audio_name=audio_name)
  File "/home/ubuntu/OpenVoice/openvoice/se_extractor.py", line 29, in split_audio_whisper
    segments = list(segments)
  File "/home/ubuntu/miniconda3/envs/openvoice/lib/python3.9/site-packages/faster_whisper/transcribe.py", line 433, in generate_segments
    ) = self.generate_with_fallback(encoder_output, prompt, tokenizer, options)
  File "/home/ubuntu/miniconda3/envs/openvoice/lib/python3.9/site-packages/faster_whisper/transcribe.py", line 641, in generate_with_fallback
    result = self.model.generate(
RuntimeError: CUDA failed with error out of memory
Traceback (most recent call last):
  File "/home/ubuntu/OpenVoice/job.py", line 334, in <module>
    clone_voice(f"./projects/{i}/{j}")
  File "/home/ubuntu/OpenVoice/job.py", line 201, in clone_voice
    return(convert_color(projectfolder))
  File "/home/ubuntu/OpenVoice/job.py", line 277, in convert_color
    target_se, audio_name = se_extractor.get_se(ref_audio_path, tone_color_converter, vad=False)
  File "/home/ubuntu/OpenVoice/openvoice/se_extractor.py", line 146, in get_se
    wavs_folder = split_audio_whisper(audio_path, target_dir=target_dir, audio_name=audio_name)
  File "/home/ubuntu/OpenVoice/openvoice/se_extractor.py", line 29, in split_audio_whisper
    segments = list(segments)
  File "/home/ubuntu/miniconda3/envs/openvoice/lib/python3.9/site-packages/faster_whisper/transcribe.py", line 433, in generate_segments
    ) = self.generate_with_fallback(encoder_output, prompt, tokenizer, options)
  File "/home/ubuntu/miniconda3/envs/openvoice/lib/python3.9/site-packages/faster_whisper/transcribe.py", line 641, in generate_with_fallback
    result = self.model.generate(
RuntimeError: CUDA failed with error out of memory
Traceback (most recent call last):
  File "/home/ubuntu/OpenVoice/job.py", line 334, in <module>
    clone_voice(f"./projects/{i}/{j}")
  File "/home/ubuntu/OpenVoice/job.py", line 201, in clone_voice
    return(convert_color(projectfolder))
  File "/home/ubuntu/OpenVoice/job.py", line 277, in convert_color
    target_se, audio_name = se_extractor.get_se(ref_audio_path, tone_color_converter, vad=False)
  File "/home/ubuntu/OpenVoice/openvoice/se_extractor.py", line 146, in get_se
    wavs_folder = split_audio_whisper(audio_path, target_dir=target_dir, audio_name=audio_name)
  File "/home/ubuntu/OpenVoice/openvoice/se_extractor.py", line 29, in split_audio_whisper
    segments = list(segments)
  File "/home/ubuntu/miniconda3/envs/openvoice/lib/python3.9/site-packages/faster_whisper/transcribe.py", line 433, in generate_segments
    ) = self.generate_with_fallback(encoder_output, prompt, tokenizer, options)
  File "/home/ubuntu/miniconda3/envs/openvoice/lib/python3.9/site-packages/faster_whisper/transcribe.py", line 641, in generate_with_fallback
    result = self.model.generate(
RuntimeError: CUDA failed with error out of memory
Traceback (most recent call last):
  File "/home/ubuntu/OpenVoice/job.py", line 334, in <module>
    clone_voice(f"./projects/{i}/{j}")
  File "/home/ubuntu/OpenVoice/job.py", line 201, in clone_voice
    return(convert_color(projectfolder))
  File "/home/ubuntu/OpenVoice/job.py", line 277, in convert_color
    target_se, audio_name = se_extractor.get_se(ref_audio_path, tone_color_converter, vad=False)
  File "/home/ubuntu/OpenVoice/openvoice/se_extractor.py", line 146, in get_se
    wavs_folder = split_audio_whisper(audio_path, target_dir=target_dir, audio_name=audio_name)
  File "/home/ubuntu/OpenVoice/openvoice/se_extractor.py", line 29, in split_audio_whisper
    segments = list(segments)
  File "/home/ubuntu/miniconda3/envs/openvoice/lib/python3.9/site-packages/faster_whisper/transcribe.py", line 433, in generate_segments
    ) = self.generate_with_fallback(encoder_output, prompt, tokenizer, options)
  File "/home/ubuntu/miniconda3/envs/openvoice/lib/python3.9/site-packages/faster_whisper/transcribe.py", line 641, in generate_with_fallback
    result = self.model.generate(
RuntimeError: CUDA failed with error out of memory
Traceback (most recent call last):
  File "/home/ubuntu/OpenVoice/job.py", line 334, in <module>
    clone_voice(f"./projects/{i}/{j}")
  File "/home/ubuntu/OpenVoice/job.py", line 201, in clone_voice
    return(convert_color(projectfolder))
  File "/home/ubuntu/OpenVoice/job.py", line 277, in convert_color
    target_se, audio_name = se_extractor.get_se(ref_audio_path, tone_color_converter, vad=False)
  File "/home/ubuntu/OpenVoice/openvoice/se_extractor.py", line 146, in get_se
    wavs_folder = split_audio_whisper(audio_path, target_dir=target_dir, audio_name=audio_name)
  File "/home/ubuntu/OpenVoice/openvoice/se_extractor.py", line 29, in split_audio_whisper
    segments = list(segments)
  File "/home/ubuntu/miniconda3/envs/openvoice/lib/python3.9/site-packages/faster_whisper/transcribe.py", line 433, in generate_segments
    ) = self.generate_with_fallback(encoder_output, prompt, tokenizer, options)
  File "/home/ubuntu/miniconda3/envs/openvoice/lib/python3.9/site-packages/faster_whisper/transcribe.py", line 641, in generate_with_fallback
    result = self.model.generate(
RuntimeError: CUDA failed with error out of memory
Traceback (most recent call last):
  File "/home/ubuntu/OpenVoice/job.py", line 334, in <module>
    clone_voice(f"./projects/{i}/{j}")
  File "/home/ubuntu/OpenVoice/job.py", line 201, in clone_voice
    return(convert_color(projectfolder))
  File "/home/ubuntu/OpenVoice/job.py", line 277, in convert_color
    target_se, audio_name = se_extractor.get_se(ref_audio_path, tone_color_converter, vad=False)
  File "/home/ubuntu/OpenVoice/openvoice/se_extractor.py", line 146, in get_se
    wavs_folder = split_audio_whisper(audio_path, target_dir=target_dir, audio_name=audio_name)
  File "/home/ubuntu/OpenVoice/openvoice/se_extractor.py", line 29, in split_audio_whisper
    segments = list(segments)
  File "/home/ubuntu/miniconda3/envs/openvoice/lib/python3.9/site-packages/faster_whisper/transcribe.py", line 433, in generate_segments
    ) = self.generate_with_fallback(encoder_output, prompt, tokenizer, options)
  File "/home/ubuntu/miniconda3/envs/openvoice/lib/python3.9/site-packages/faster_whisper/transcribe.py", line 641, in generate_with_fallback
    result = self.model.generate(
RuntimeError: CUDA failed with error out of memory
Traceback (most recent call last):
  File "/home/ubuntu/OpenVoice/job.py", line 334, in <module>
    clone_voice(f"./projects/{i}/{j}")
  File "/home/ubuntu/OpenVoice/job.py", line 201, in clone_voice
    return(convert_color(projectfolder))
  File "/home/ubuntu/OpenVoice/job.py", line 277, in convert_color
    target_se, audio_name = se_extractor.get_se(ref_audio_path, tone_color_converter, vad=False)
  File "/home/ubuntu/OpenVoice/openvoice/se_extractor.py", line 146, in get_se
    wavs_folder = split_audio_whisper(audio_path, target_dir=target_dir, audio_name=audio_name)
  File "/home/ubuntu/OpenVoice/openvoice/se_extractor.py", line 29, in split_audio_whisper
    segments = list(segments)
  File "/home/ubuntu/miniconda3/envs/openvoice/lib/python3.9/site-packages/faster_whisper/transcribe.py", line 433, in generate_segments
    ) = self.generate_with_fallback(encoder_output, prompt, tokenizer, options)
  File "/home/ubuntu/miniconda3/envs/openvoice/lib/python3.9/site-packages/faster_whisper/transcribe.py", line 641, in generate_with_fallback
    result = self.model.generate(
RuntimeError: CUDA failed with error out of memory
Traceback (most recent call last):
  File "/home/ubuntu/OpenVoice/job.py", line 334, in <module>
    clone_voice(f"./projects/{i}/{j}")
  File "/home/ubuntu/OpenVoice/job.py", line 201, in clone_voice
    return(convert_color(projectfolder))
  File "/home/ubuntu/OpenVoice/job.py", line 277, in convert_color
    target_se, audio_name = se_extractor.get_se(ref_audio_path, tone_color_converter, vad=False)
  File "/home/ubuntu/OpenVoice/openvoice/se_extractor.py", line 146, in get_se
    wavs_folder = split_audio_whisper(audio_path, target_dir=target_dir, audio_name=audio_name)
  File "/home/ubuntu/OpenVoice/openvoice/se_extractor.py", line 29, in split_audio_whisper
    segments = list(segments)
  File "/home/ubuntu/miniconda3/envs/openvoice/lib/python3.9/site-packages/faster_whisper/transcribe.py", line 433, in generate_segments
    ) = self.generate_with_fallback(encoder_output, prompt, tokenizer, options)
  File "/home/ubuntu/miniconda3/envs/openvoice/lib/python3.9/site-packages/faster_whisper/transcribe.py", line 641, in generate_with_fallback
    result = self.model.generate(
RuntimeError: CUDA failed with error out of memory
Traceback (most recent call last):
  File "/home/ubuntu/OpenVoice/job.py", line 334, in <module>
    clone_voice(f"./projects/{i}/{j}")
  File "/home/ubuntu/OpenVoice/job.py", line 201, in clone_voice
    return(convert_color(projectfolder))
  File "/home/ubuntu/OpenVoice/job.py", line 277, in convert_color
    target_se, audio_name = se_extractor.get_se(ref_audio_path, tone_color_converter, vad=False)
  File "/home/ubuntu/OpenVoice/openvoice/se_extractor.py", line 146, in get_se
    wavs_folder = split_audio_whisper(audio_path, target_dir=target_dir, audio_name=audio_name)
  File "/home/ubuntu/OpenVoice/openvoice/se_extractor.py", line 29, in split_audio_whisper
    segments = list(segments)
  File "/home/ubuntu/miniconda3/envs/openvoice/lib/python3.9/site-packages/faster_whisper/transcribe.py", line 433, in generate_segments
    ) = self.generate_with_fallback(encoder_output, prompt, tokenizer, options)
  File "/home/ubuntu/miniconda3/envs/openvoice/lib/python3.9/site-packages/faster_whisper/transcribe.py", line 641, in generate_with_fallback
    result = self.model.generate(
RuntimeError: CUDA failed with error out of memory
Traceback (most recent call last):
  File "/home/ubuntu/OpenVoice/job.py", line 334, in <module>
    clone_voice(f"./projects/{i}/{j}")
  File "/home/ubuntu/OpenVoice/job.py", line 201, in clone_voice
    return(convert_color(projectfolder))
  File "/home/ubuntu/OpenVoice/job.py", line 277, in convert_color
    target_se, audio_name = se_extractor.get_se(ref_audio_path, tone_color_converter, vad=False)
  File "/home/ubuntu/OpenVoice/openvoice/se_extractor.py", line 146, in get_se
    wavs_folder = split_audio_whisper(audio_path, target_dir=target_dir, audio_name=audio_name)
  File "/home/ubuntu/OpenVoice/openvoice/se_extractor.py", line 29, in split_audio_whisper
    segments = list(segments)
  File "/home/ubuntu/miniconda3/envs/openvoice/lib/python3.9/site-packages/faster_whisper/transcribe.py", line 433, in generate_segments
    ) = self.generate_with_fallback(encoder_output, prompt, tokenizer, options)
  File "/home/ubuntu/miniconda3/envs/openvoice/lib/python3.9/site-packages/faster_whisper/transcribe.py", line 641, in generate_with_fallback
    result = self.model.generate(
RuntimeError: CUDA failed with error out of memory
Traceback (most recent call last):
  File "/home/ubuntu/OpenVoice/job.py", line 334, in <module>
    clone_voice(f"./projects/{i}/{j}")
  File "/home/ubuntu/OpenVoice/job.py", line 201, in clone_voice
    return(convert_color(projectfolder))
  File "/home/ubuntu/OpenVoice/job.py", line 277, in convert_color
    target_se, audio_name = se_extractor.get_se(ref_audio_path, tone_color_converter, vad=False)
  File "/home/ubuntu/OpenVoice/openvoice/se_extractor.py", line 146, in get_se
    wavs_folder = split_audio_whisper(audio_path, target_dir=target_dir, audio_name=audio_name)
  File "/home/ubuntu/OpenVoice/openvoice/se_extractor.py", line 29, in split_audio_whisper
    segments = list(segments)
  File "/home/ubuntu/miniconda3/envs/openvoice/lib/python3.9/site-packages/faster_whisper/transcribe.py", line 433, in generate_segments
    ) = self.generate_with_fallback(encoder_output, prompt, tokenizer, options)
  File "/home/ubuntu/miniconda3/envs/openvoice/lib/python3.9/site-packages/faster_whisper/transcribe.py", line 641, in generate_with_fallback
    result = self.model.generate(
RuntimeError: CUDA failed with error out of memory
Traceback (most recent call last):
  File "/home/ubuntu/OpenVoice/job.py", line 334, in <module>
    clone_voice(f"./projects/{i}/{j}")
  File "/home/ubuntu/OpenVoice/job.py", line 201, in clone_voice
    return(convert_color(projectfolder))
  File "/home/ubuntu/OpenVoice/job.py", line 277, in convert_color
    target_se, audio_name = se_extractor.get_se(ref_audio_path, tone_color_converter, vad=False)
  File "/home/ubuntu/OpenVoice/openvoice/se_extractor.py", line 146, in get_se
    wavs_folder = split_audio_whisper(audio_path, target_dir=target_dir, audio_name=audio_name)
  File "/home/ubuntu/OpenVoice/openvoice/se_extractor.py", line 29, in split_audio_whisper
    segments = list(segments)
  File "/home/ubuntu/miniconda3/envs/openvoice/lib/python3.9/site-packages/faster_whisper/transcribe.py", line 433, in generate_segments
    ) = self.generate_with_fallback(encoder_output, prompt, tokenizer, options)
  File "/home/ubuntu/miniconda3/envs/openvoice/lib/python3.9/site-packages/faster_whisper/transcribe.py", line 641, in generate_with_fallback
    result = self.model.generate(
RuntimeError: CUDA failed with error out of memory
Traceback (most recent call last):
  File "/home/ubuntu/OpenVoice/job.py", line 334, in <module>
    clone_voice(f"./projects/{i}/{j}")
  File "/home/ubuntu/OpenVoice/job.py", line 201, in clone_voice
    return(convert_color(projectfolder))
  File "/home/ubuntu/OpenVoice/job.py", line 277, in convert_color
    target_se, audio_name = se_extractor.get_se(ref_audio_path, tone_color_converter, vad=False)
  File "/home/ubuntu/OpenVoice/openvoice/se_extractor.py", line 146, in get_se
    wavs_folder = split_audio_whisper(audio_path, target_dir=target_dir, audio_name=audio_name)
  File "/home/ubuntu/OpenVoice/openvoice/se_extractor.py", line 29, in split_audio_whisper
    segments = list(segments)
  File "/home/ubuntu/miniconda3/envs/openvoice/lib/python3.9/site-packages/faster_whisper/transcribe.py", line 433, in generate_segments
    ) = self.generate_with_fallback(encoder_output, prompt, tokenizer, options)
  File "/home/ubuntu/miniconda3/envs/openvoice/lib/python3.9/site-packages/faster_whisper/transcribe.py", line 641, in generate_with_fallback
    result = self.model.generate(
RuntimeError: CUDA failed with error out of memory
Traceback (most recent call last):
  File "/home/ubuntu/OpenVoice/job.py", line 334, in <module>
    clone_voice(f"./projects/{i}/{j}")
  File "/home/ubuntu/OpenVoice/job.py", line 201, in clone_voice
    return(convert_color(projectfolder))
  File "/home/ubuntu/OpenVoice/job.py", line 277, in convert_color
    target_se, audio_name = se_extractor.get_se(ref_audio_path, tone_color_converter, vad=False)
  File "/home/ubuntu/OpenVoice/openvoice/se_extractor.py", line 146, in get_se
    wavs_folder = split_audio_whisper(audio_path, target_dir=target_dir, audio_name=audio_name)
  File "/home/ubuntu/OpenVoice/openvoice/se_extractor.py", line 29, in split_audio_whisper
    segments = list(segments)
  File "/home/ubuntu/miniconda3/envs/openvoice/lib/python3.9/site-packages/faster_whisper/transcribe.py", line 433, in generate_segments
    ) = self.generate_with_fallback(encoder_output, prompt, tokenizer, options)
  File "/home/ubuntu/miniconda3/envs/openvoice/lib/python3.9/site-packages/faster_whisper/transcribe.py", line 641, in generate_with_fallback
    result = self.model.generate(
RuntimeError: CUDA failed with error out of memory
Traceback (most recent call last):
  File "/home/ubuntu/OpenVoice/job.py", line 334, in <module>
    clone_voice(f"./projects/{i}/{j}")
  File "/home/ubuntu/OpenVoice/job.py", line 201, in clone_voice
    return(convert_color(projectfolder))
  File "/home/ubuntu/OpenVoice/job.py", line 277, in convert_color
    target_se, audio_name = se_extractor.get_se(ref_audio_path, tone_color_converter, vad=False)
  File "/home/ubuntu/OpenVoice/openvoice/se_extractor.py", line 146, in get_se
    wavs_folder = split_audio_whisper(audio_path, target_dir=target_dir, audio_name=audio_name)
  File "/home/ubuntu/OpenVoice/openvoice/se_extractor.py", line 29, in split_audio_whisper
    segments = list(segments)
  File "/home/ubuntu/miniconda3/envs/openvoice/lib/python3.9/site-packages/faster_whisper/transcribe.py", line 433, in generate_segments
    ) = self.generate_with_fallback(encoder_output, prompt, tokenizer, options)
  File "/home/ubuntu/miniconda3/envs/openvoice/lib/python3.9/site-packages/faster_whisper/transcribe.py", line 641, in generate_with_fallback
    result = self.model.generate(
RuntimeError: CUDA failed with error out of memory
Traceback (most recent call last):
  File "/home/ubuntu/OpenVoice/job.py", line 334, in <module>
    clone_voice(f"./projects/{i}/{j}")
  File "/home/ubuntu/OpenVoice/job.py", line 201, in clone_voice
    return(convert_color(projectfolder))
  File "/home/ubuntu/OpenVoice/job.py", line 277, in convert_color
    target_se, audio_name = se_extractor.get_se(ref_audio_path, tone_color_converter, vad=False)
  File "/home/ubuntu/OpenVoice/openvoice/se_extractor.py", line 146, in get_se
    wavs_folder = split_audio_whisper(audio_path, target_dir=target_dir, audio_name=audio_name)
  File "/home/ubuntu/OpenVoice/openvoice/se_extractor.py", line 29, in split_audio_whisper
    segments = list(segments)
  File "/home/ubuntu/miniconda3/envs/openvoice/lib/python3.9/site-packages/faster_whisper/transcribe.py", line 433, in generate_segments
    ) = self.generate_with_fallback(encoder_output, prompt, tokenizer, options)
  File "/home/ubuntu/miniconda3/envs/openvoice/lib/python3.9/site-packages/faster_whisper/transcribe.py", line 641, in generate_with_fallback
    result = self.model.generate(
RuntimeError: CUDA failed with error out of memory
Traceback (most recent call last):
  File "/home/ubuntu/OpenVoice/job.py", line 334, in <module>
    clone_voice(f"./projects/{i}/{j}")
  File "/home/ubuntu/OpenVoice/job.py", line 201, in clone_voice
    return(convert_color(projectfolder))
  File "/home/ubuntu/OpenVoice/job.py", line 277, in convert_color
    target_se, audio_name = se_extractor.get_se(ref_audio_path, tone_color_converter, vad=False)
  File "/home/ubuntu/OpenVoice/openvoice/se_extractor.py", line 146, in get_se
    wavs_folder = split_audio_whisper(audio_path, target_dir=target_dir, audio_name=audio_name)
  File "/home/ubuntu/OpenVoice/openvoice/se_extractor.py", line 29, in split_audio_whisper
    segments = list(segments)
  File "/home/ubuntu/miniconda3/envs/openvoice/lib/python3.9/site-packages/faster_whisper/transcribe.py", line 433, in generate_segments
    ) = self.generate_with_fallback(encoder_output, prompt, tokenizer, options)
  File "/home/ubuntu/miniconda3/envs/openvoice/lib/python3.9/site-packages/faster_whisper/transcribe.py", line 641, in generate_with_fallback
    result = self.model.generate(
RuntimeError: CUDA failed with error out of memory
Traceback (most recent call last):
  File "/home/ubuntu/OpenVoice/job.py", line 334, in <module>
    clone_voice(f"./projects/{i}/{j}")
  File "/home/ubuntu/OpenVoice/job.py", line 201, in clone_voice
    return(convert_color(projectfolder))
  File "/home/ubuntu/OpenVoice/job.py", line 277, in convert_color
    target_se, audio_name = se_extractor.get_se(ref_audio_path, tone_color_converter, vad=False)
  File "/home/ubuntu/OpenVoice/openvoice/se_extractor.py", line 146, in get_se
    wavs_folder = split_audio_whisper(audio_path, target_dir=target_dir, audio_name=audio_name)
  File "/home/ubuntu/OpenVoice/openvoice/se_extractor.py", line 29, in split_audio_whisper
    segments = list(segments)
  File "/home/ubuntu/miniconda3/envs/openvoice/lib/python3.9/site-packages/faster_whisper/transcribe.py", line 433, in generate_segments
    ) = self.generate_with_fallback(encoder_output, prompt, tokenizer, options)
  File "/home/ubuntu/miniconda3/envs/openvoice/lib/python3.9/site-packages/faster_whisper/transcribe.py", line 641, in generate_with_fallback
    result = self.model.generate(
RuntimeError: CUDA failed with error out of memory
Traceback (most recent call last):
  File "/home/ubuntu/OpenVoice/job.py", line 334, in <module>
    clone_voice(f"./projects/{i}/{j}")
  File "/home/ubuntu/OpenVoice/job.py", line 201, in clone_voice
    return(convert_color(projectfolder))
  File "/home/ubuntu/OpenVoice/job.py", line 277, in convert_color
    target_se, audio_name = se_extractor.get_se(ref_audio_path, tone_color_converter, vad=False)
  File "/home/ubuntu/OpenVoice/openvoice/se_extractor.py", line 146, in get_se
    wavs_folder = split_audio_whisper(audio_path, target_dir=target_dir, audio_name=audio_name)
  File "/home/ubuntu/OpenVoice/openvoice/se_extractor.py", line 29, in split_audio_whisper
    segments = list(segments)
  File "/home/ubuntu/miniconda3/envs/openvoice/lib/python3.9/site-packages/faster_whisper/transcribe.py", line 433, in generate_segments
    ) = self.generate_with_fallback(encoder_output, prompt, tokenizer, options)
  File "/home/ubuntu/miniconda3/envs/openvoice/lib/python3.9/site-packages/faster_whisper/transcribe.py", line 641, in generate_with_fallback
    result = self.model.generate(
RuntimeError: CUDA failed with error out of memory
Traceback (most recent call last):
  File "/home/ubuntu/OpenVoice/job.py", line 334, in <module>
    clone_voice(f"./projects/{i}/{j}")
  File "/home/ubuntu/OpenVoice/job.py", line 201, in clone_voice
    return(convert_color(projectfolder))
  File "/home/ubuntu/OpenVoice/job.py", line 277, in convert_color
    target_se, audio_name = se_extractor.get_se(ref_audio_path, tone_color_converter, vad=False)
  File "/home/ubuntu/OpenVoice/openvoice/se_extractor.py", line 146, in get_se
    wavs_folder = split_audio_whisper(audio_path, target_dir=target_dir, audio_name=audio_name)
  File "/home/ubuntu/OpenVoice/openvoice/se_extractor.py", line 29, in split_audio_whisper
    segments = list(segments)
  File "/home/ubuntu/miniconda3/envs/openvoice/lib/python3.9/site-packages/faster_whisper/transcribe.py", line 433, in generate_segments
    ) = self.generate_with_fallback(encoder_output, prompt, tokenizer, options)
  File "/home/ubuntu/miniconda3/envs/openvoice/lib/python3.9/site-packages/faster_whisper/transcribe.py", line 641, in generate_with_fallback
    result = self.model.generate(
RuntimeError: CUDA failed with error out of memory
Traceback (most recent call last):
  File "/home/ubuntu/OpenVoice/job.py", line 334, in <module>
    clone_voice(f"./projects/{i}/{j}")
  File "/home/ubuntu/OpenVoice/job.py", line 201, in clone_voice
    return(convert_color(projectfolder))
  File "/home/ubuntu/OpenVoice/job.py", line 277, in convert_color
    target_se, audio_name = se_extractor.get_se(ref_audio_path, tone_color_converter, vad=False)
  File "/home/ubuntu/OpenVoice/openvoice/se_extractor.py", line 146, in get_se
    wavs_folder = split_audio_whisper(audio_path, target_dir=target_dir, audio_name=audio_name)
  File "/home/ubuntu/OpenVoice/openvoice/se_extractor.py", line 29, in split_audio_whisper
    segments = list(segments)
  File "/home/ubuntu/miniconda3/envs/openvoice/lib/python3.9/site-packages/faster_whisper/transcribe.py", line 433, in generate_segments
    ) = self.generate_with_fallback(encoder_output, prompt, tokenizer, options)
  File "/home/ubuntu/miniconda3/envs/openvoice/lib/python3.9/site-packages/faster_whisper/transcribe.py", line 641, in generate_with_fallback
    result = self.model.generate(
RuntimeError: CUDA failed with error out of memory
Traceback (most recent call last):
  File "/home/ubuntu/OpenVoice/job.py", line 334, in <module>
    clone_voice(f"./projects/{i}/{j}")
  File "/home/ubuntu/OpenVoice/job.py", line 201, in clone_voice
    return(convert_color(projectfolder))
  File "/home/ubuntu/OpenVoice/job.py", line 277, in convert_color
    target_se, audio_name = se_extractor.get_se(ref_audio_path, tone_color_converter, vad=False)
  File "/home/ubuntu/OpenVoice/openvoice/se_extractor.py", line 146, in get_se
    wavs_folder = split_audio_whisper(audio_path, target_dir=target_dir, audio_name=audio_name)
  File "/home/ubuntu/OpenVoice/openvoice/se_extractor.py", line 29, in split_audio_whisper
    segments = list(segments)
  File "/home/ubuntu/miniconda3/envs/openvoice/lib/python3.9/site-packages/faster_whisper/transcribe.py", line 433, in generate_segments
    ) = self.generate_with_fallback(encoder_output, prompt, tokenizer, options)
  File "/home/ubuntu/miniconda3/envs/openvoice/lib/python3.9/site-packages/faster_whisper/transcribe.py", line 641, in generate_with_fallback
    result = self.model.generate(
RuntimeError: CUDA failed with error out of memory
Traceback (most recent call last):
  File "/home/ubuntu/OpenVoice/job.py", line 279, in convert_color
    source_se = torch.load(f'checkpoints_v2/google_base_speakers/models/{voicecode}.pth', map_location=device)
  File "/home/ubuntu/miniconda3/envs/openvoice/lib/python3.9/site-packages/torch/serialization.py", line 997, in load
    with _open_file_like(f, 'rb') as opened_file:
  File "/home/ubuntu/miniconda3/envs/openvoice/lib/python3.9/site-packages/torch/serialization.py", line 444, in _open_file_like
    return _open_file(name_or_buffer, mode)
  File "/home/ubuntu/miniconda3/envs/openvoice/lib/python3.9/site-packages/torch/serialization.py", line 425, in __init__
    super().__init__(open(name, mode))
FileNotFoundError: [Errno 2] No such file or directory: 'checkpoints_v2/google_base_speakers/models/sr-Latn-RS-NicholasNeural.pth'

During handling of the above exception, another exception occurred:

Traceback (most recent call last):
  File "/home/ubuntu/miniconda3/envs/openvoice/lib/python3.9/site-packages/librosa/core/audio.py", line 155, in load
    context = sf.SoundFile(path)
  File "/home/ubuntu/miniconda3/envs/openvoice/lib/python3.9/site-packages/soundfile.py", line 658, in __init__
    self._file = self._open(file, mode_int, closefd)
  File "/home/ubuntu/miniconda3/envs/openvoice/lib/python3.9/site-packages/soundfile.py", line 1216, in _open
    raise LibsndfileError(err, prefix="Error opening {0!r}: ".format(self.name))
soundfile.LibsndfileError: Error opening 'checkpoints_v2/google_base_speakers/src/sr-Latn-RS-NicholasNeural.mp3': File does not exist or is not a regular file (possibly a pipe?).

During handling of the above exception, another exception occurred:

Traceback (most recent call last):
  File "/home/ubuntu/OpenVoice/job.py", line 334, in <module>
    clone_voice(f"./projects/{i}/{j}")
  File "/home/ubuntu/OpenVoice/job.py", line 201, in clone_voice
    return(convert_color(projectfolder))
  File "/home/ubuntu/OpenVoice/job.py", line 301, in convert_color
    source_se, audio_name = se_extractor.get_se(f"checkpoints_v2/google_base_speakers/src/{voicecode}.mp3", tone_color_converter, vad=True)
  File "/home/ubuntu/OpenVoice/openvoice/se_extractor.py", line 134, in get_se
    audio_name = f"{os.path.basename(audio_path).rsplit('.', 1)[0]}_{version}_{hash_numpy_array(audio_path)}"
  File "/home/ubuntu/OpenVoice/openvoice/se_extractor.py", line 119, in hash_numpy_array
    array, _ = librosa.load(audio_path, sr=None, mono=True)
  File "/home/ubuntu/miniconda3/envs/openvoice/lib/python3.9/site-packages/librosa/util/decorators.py", line 88, in inner_f
    return f(*args, **kwargs)
  File "/home/ubuntu/miniconda3/envs/openvoice/lib/python3.9/site-packages/librosa/core/audio.py", line 174, in load
    y, sr_native = __audioread_load(path, offset, duration, dtype)
  File "/home/ubuntu/miniconda3/envs/openvoice/lib/python3.9/site-packages/librosa/core/audio.py", line 198, in __audioread_load
    with audioread.audio_open(path) as input_file:
  File "/home/ubuntu/miniconda3/envs/openvoice/lib/python3.9/site-packages/audioread/__init__.py", line 127, in audio_open
    return BackendClass(path)
  File "/home/ubuntu/miniconda3/envs/openvoice/lib/python3.9/site-packages/audioread/rawread.py", line 62, in __init__
    self._file = aifc.open(self._fh)
  File "/home/ubuntu/miniconda3/envs/openvoice/lib/python3.9/aifc.py", line 917, in open
    return Aifc_read(f)
  File "/home/ubuntu/miniconda3/envs/openvoice/lib/python3.9/aifc.py", line 358, in __init__
    self.initfp(f)
  File "/home/ubuntu/miniconda3/envs/openvoice/lib/python3.9/aifc.py", line 314, in initfp
    chunk = Chunk(file)
  File "/home/ubuntu/miniconda3/envs/openvoice/lib/python3.9/chunk.py", line 63, in __init__
    raise EOFError
EOFError
Traceback (most recent call last):
  File "/home/ubuntu/OpenVoice/job.py", line 334, in <module>
    clone_voice(f"./projects/{i}/{j}")
  File "/home/ubuntu/OpenVoice/job.py", line 201, in clone_voice
    return(convert_color(projectfolder))
  File "/home/ubuntu/OpenVoice/job.py", line 277, in convert_color
    target_se, audio_name = se_extractor.get_se(ref_audio_path, tone_color_converter, vad=False)
  File "/home/ubuntu/OpenVoice/openvoice/se_extractor.py", line 146, in get_se
    wavs_folder = split_audio_whisper(audio_path, target_dir=target_dir, audio_name=audio_name)
  File "/home/ubuntu/OpenVoice/openvoice/se_extractor.py", line 29, in split_audio_whisper
    segments = list(segments)
  File "/home/ubuntu/miniconda3/envs/openvoice/lib/python3.9/site-packages/faster_whisper/transcribe.py", line 433, in generate_segments
    ) = self.generate_with_fallback(encoder_output, prompt, tokenizer, options)
  File "/home/ubuntu/miniconda3/envs/openvoice/lib/python3.9/site-packages/faster_whisper/transcribe.py", line 641, in generate_with_fallback
    result = self.model.generate(
RuntimeError: CUDA failed with error out of memory
Traceback (most recent call last):
  File "/home/ubuntu/OpenVoice/job.py", line 334, in <module>
    clone_voice(f"./projects/{i}/{j}")
  File "/home/ubuntu/OpenVoice/job.py", line 201, in clone_voice
    return(convert_color(projectfolder))
  File "/home/ubuntu/OpenVoice/job.py", line 277, in convert_color
    target_se, audio_name = se_extractor.get_se(ref_audio_path, tone_color_converter, vad=False)
  File "/home/ubuntu/OpenVoice/openvoice/se_extractor.py", line 146, in get_se
    wavs_folder = split_audio_whisper(audio_path, target_dir=target_dir, audio_name=audio_name)
  File "/home/ubuntu/OpenVoice/openvoice/se_extractor.py", line 29, in split_audio_whisper
    segments = list(segments)
  File "/home/ubuntu/miniconda3/envs/openvoice/lib/python3.9/site-packages/faster_whisper/transcribe.py", line 433, in generate_segments
    ) = self.generate_with_fallback(encoder_output, prompt, tokenizer, options)
  File "/home/ubuntu/miniconda3/envs/openvoice/lib/python3.9/site-packages/faster_whisper/transcribe.py", line 641, in generate_with_fallback
    result = self.model.generate(
RuntimeError: CUDA failed with error out of memory
Traceback (most recent call last):
  File "/home/ubuntu/OpenVoice/job.py", line 279, in convert_color
    source_se = torch.load(f'checkpoints_v2/google_base_speakers/models/{voicecode}.pth', map_location=device)
  File "/home/ubuntu/miniconda3/envs/openvoice/lib/python3.9/site-packages/torch/serialization.py", line 997, in load
    with _open_file_like(f, 'rb') as opened_file:
  File "/home/ubuntu/miniconda3/envs/openvoice/lib/python3.9/site-packages/torch/serialization.py", line 444, in _open_file_like
    return _open_file(name_or_buffer, mode)
  File "/home/ubuntu/miniconda3/envs/openvoice/lib/python3.9/site-packages/torch/serialization.py", line 425, in __init__
    super().__init__(open(name, mode))
FileNotFoundError: [Errno 2] No such file or directory: 'checkpoints_v2/google_base_speakers/models/cmn-CN-Wavenet-C.pth'

During handling of the above exception, another exception occurred:

Traceback (most recent call last):
  File "/home/ubuntu/OpenVoice/job.py", line 288, in convert_color
    synthesis_input = texttospeech.SynthesisInput(text=texts_[voicecode[:2]])
KeyError: 'cm'

During handling of the above exception, another exception occurred:

Traceback (most recent call last):
  File "/home/ubuntu/OpenVoice/job.py", line 334, in <module>
    clone_voice(f"./projects/{i}/{j}")
  File "/home/ubuntu/OpenVoice/job.py", line 201, in clone_voice
    return(convert_color(projectfolder))
  File "/home/ubuntu/OpenVoice/job.py", line 296, in convert_color
    create_speech_azure(texts_[voicecode[:2]],f"checkpoints_v2/google_base_speakers/src/{voicecode}.mp3",voicecode)
KeyError: 'cm'
Traceback (most recent call last):
  File "/home/ubuntu/OpenVoice/job.py", line 334, in <module>
    clone_voice(f"./projects/{i}/{j}")
  File "/home/ubuntu/OpenVoice/job.py", line 201, in clone_voice
    return(convert_color(projectfolder))
  File "/home/ubuntu/OpenVoice/job.py", line 277, in convert_color
    target_se, audio_name = se_extractor.get_se(ref_audio_path, tone_color_converter, vad=False)
  File "/home/ubuntu/OpenVoice/openvoice/se_extractor.py", line 146, in get_se
    wavs_folder = split_audio_whisper(audio_path, target_dir=target_dir, audio_name=audio_name)
  File "/home/ubuntu/OpenVoice/openvoice/se_extractor.py", line 29, in split_audio_whisper
    segments = list(segments)
  File "/home/ubuntu/miniconda3/envs/openvoice/lib/python3.9/site-packages/faster_whisper/transcribe.py", line 433, in generate_segments
    ) = self.generate_with_fallback(encoder_output, prompt, tokenizer, options)
  File "/home/ubuntu/miniconda3/envs/openvoice/lib/python3.9/site-packages/faster_whisper/transcribe.py", line 641, in generate_with_fallback
    result = self.model.generate(
RuntimeError: CUDA failed with error out of memory
Traceback (most recent call last):
  File "/home/ubuntu/OpenVoice/job.py", line 334, in <module>
    clone_voice(f"./projects/{i}/{j}")
  File "/home/ubuntu/OpenVoice/job.py", line 201, in clone_voice
    return(convert_color(projectfolder))
  File "/home/ubuntu/OpenVoice/job.py", line 277, in convert_color
    target_se, audio_name = se_extractor.get_se(ref_audio_path, tone_color_converter, vad=False)
  File "/home/ubuntu/OpenVoice/openvoice/se_extractor.py", line 146, in get_se
    wavs_folder = split_audio_whisper(audio_path, target_dir=target_dir, audio_name=audio_name)
  File "/home/ubuntu/OpenVoice/openvoice/se_extractor.py", line 29, in split_audio_whisper
    segments = list(segments)
  File "/home/ubuntu/miniconda3/envs/openvoice/lib/python3.9/site-packages/faster_whisper/transcribe.py", line 433, in generate_segments
    ) = self.generate_with_fallback(encoder_output, prompt, tokenizer, options)
  File "/home/ubuntu/miniconda3/envs/openvoice/lib/python3.9/site-packages/faster_whisper/transcribe.py", line 641, in generate_with_fallback
    result = self.model.generate(
RuntimeError: CUDA failed with error out of memory
Traceback (most recent call last):
  File "/home/ubuntu/OpenVoice/job.py", line 334, in <module>
    clone_voice(f"./projects/{i}/{j}")
  File "/home/ubuntu/OpenVoice/job.py", line 201, in clone_voice
    return(convert_color(projectfolder))
  File "/home/ubuntu/OpenVoice/job.py", line 277, in convert_color
    target_se, audio_name = se_extractor.get_se(ref_audio_path, tone_color_converter, vad=False)
  File "/home/ubuntu/OpenVoice/openvoice/se_extractor.py", line 146, in get_se
    wavs_folder = split_audio_whisper(audio_path, target_dir=target_dir, audio_name=audio_name)
  File "/home/ubuntu/OpenVoice/openvoice/se_extractor.py", line 29, in split_audio_whisper
    segments = list(segments)
  File "/home/ubuntu/miniconda3/envs/openvoice/lib/python3.9/site-packages/faster_whisper/transcribe.py", line 433, in generate_segments
    ) = self.generate_with_fallback(encoder_output, prompt, tokenizer, options)
  File "/home/ubuntu/miniconda3/envs/openvoice/lib/python3.9/site-packages/faster_whisper/transcribe.py", line 641, in generate_with_fallback
    result = self.model.generate(
RuntimeError: CUDA failed with error out of memory
Traceback (most recent call last):
  File "/home/ubuntu/OpenVoice/job.py", line 334, in <module>
    clone_voice(f"./projects/{i}/{j}")
  File "/home/ubuntu/OpenVoice/job.py", line 201, in clone_voice
    return(convert_color(projectfolder))
  File "/home/ubuntu/OpenVoice/job.py", line 277, in convert_color
    target_se, audio_name = se_extractor.get_se(ref_audio_path, tone_color_converter, vad=False)
  File "/home/ubuntu/OpenVoice/openvoice/se_extractor.py", line 146, in get_se
    wavs_folder = split_audio_whisper(audio_path, target_dir=target_dir, audio_name=audio_name)
  File "/home/ubuntu/OpenVoice/openvoice/se_extractor.py", line 29, in split_audio_whisper
    segments = list(segments)
  File "/home/ubuntu/miniconda3/envs/openvoice/lib/python3.9/site-packages/faster_whisper/transcribe.py", line 433, in generate_segments
    ) = self.generate_with_fallback(encoder_output, prompt, tokenizer, options)
  File "/home/ubuntu/miniconda3/envs/openvoice/lib/python3.9/site-packages/faster_whisper/transcribe.py", line 641, in generate_with_fallback
    result = self.model.generate(
RuntimeError: CUDA failed with error out of memory
Traceback (most recent call last):
  File "/home/ubuntu/OpenVoice/job.py", line 334, in <module>
    clone_voice(f"./projects/{i}/{j}")
  File "/home/ubuntu/OpenVoice/job.py", line 201, in clone_voice
    return(convert_color(projectfolder))
  File "/home/ubuntu/OpenVoice/job.py", line 277, in convert_color
    target_se, audio_name = se_extractor.get_se(ref_audio_path, tone_color_converter, vad=False)
  File "/home/ubuntu/OpenVoice/openvoice/se_extractor.py", line 146, in get_se
    wavs_folder = split_audio_whisper(audio_path, target_dir=target_dir, audio_name=audio_name)
  File "/home/ubuntu/OpenVoice/openvoice/se_extractor.py", line 29, in split_audio_whisper
    segments = list(segments)
  File "/home/ubuntu/miniconda3/envs/openvoice/lib/python3.9/site-packages/faster_whisper/transcribe.py", line 433, in generate_segments
    ) = self.generate_with_fallback(encoder_output, prompt, tokenizer, options)
  File "/home/ubuntu/miniconda3/envs/openvoice/lib/python3.9/site-packages/faster_whisper/transcribe.py", line 641, in generate_with_fallback
    result = self.model.generate(
RuntimeError: CUDA failed with error out of memory
Traceback (most recent call last):
  File "/home/ubuntu/OpenVoice/job.py", line 334, in <module>
    clone_voice(f"./projects/{i}/{j}")
  File "/home/ubuntu/OpenVoice/job.py", line 201, in clone_voice
    return(convert_color(projectfolder))
  File "/home/ubuntu/OpenVoice/job.py", line 277, in convert_color
    target_se, audio_name = se_extractor.get_se(ref_audio_path, tone_color_converter, vad=False)
  File "/home/ubuntu/OpenVoice/openvoice/se_extractor.py", line 146, in get_se
    wavs_folder = split_audio_whisper(audio_path, target_dir=target_dir, audio_name=audio_name)
  File "/home/ubuntu/OpenVoice/openvoice/se_extractor.py", line 29, in split_audio_whisper
    segments = list(segments)
  File "/home/ubuntu/miniconda3/envs/openvoice/lib/python3.9/site-packages/faster_whisper/transcribe.py", line 433, in generate_segments
    ) = self.generate_with_fallback(encoder_output, prompt, tokenizer, options)
  File "/home/ubuntu/miniconda3/envs/openvoice/lib/python3.9/site-packages/faster_whisper/transcribe.py", line 641, in generate_with_fallback
    result = self.model.generate(
RuntimeError: CUDA failed with error out of memory
Traceback (most recent call last):
  File "/home/ubuntu/OpenVoice/job.py", line 334, in <module>
    clone_voice(f"./projects/{i}/{j}")
  File "/home/ubuntu/OpenVoice/job.py", line 201, in clone_voice
    return(convert_color(projectfolder))
  File "/home/ubuntu/OpenVoice/job.py", line 277, in convert_color
    target_se, audio_name = se_extractor.get_se(ref_audio_path, tone_color_converter, vad=False)
  File "/home/ubuntu/OpenVoice/openvoice/se_extractor.py", line 146, in get_se
    wavs_folder = split_audio_whisper(audio_path, target_dir=target_dir, audio_name=audio_name)
  File "/home/ubuntu/OpenVoice/openvoice/se_extractor.py", line 29, in split_audio_whisper
    segments = list(segments)
  File "/home/ubuntu/miniconda3/envs/openvoice/lib/python3.9/site-packages/faster_whisper/transcribe.py", line 433, in generate_segments
    ) = self.generate_with_fallback(encoder_output, prompt, tokenizer, options)
  File "/home/ubuntu/miniconda3/envs/openvoice/lib/python3.9/site-packages/faster_whisper/transcribe.py", line 641, in generate_with_fallback
    result = self.model.generate(
RuntimeError: CUDA failed with error out of memory
Traceback (most recent call last):
  File "/home/ubuntu/OpenVoice/job.py", line 334, in <module>
    clone_voice(f"./projects/{i}/{j}")
  File "/home/ubuntu/OpenVoice/job.py", line 201, in clone_voice
    return(convert_color(projectfolder))
  File "/home/ubuntu/OpenVoice/job.py", line 277, in convert_color
    target_se, audio_name = se_extractor.get_se(ref_audio_path, tone_color_converter, vad=False)
  File "/home/ubuntu/OpenVoice/openvoice/se_extractor.py", line 146, in get_se
    wavs_folder = split_audio_whisper(audio_path, target_dir=target_dir, audio_name=audio_name)
  File "/home/ubuntu/OpenVoice/openvoice/se_extractor.py", line 29, in split_audio_whisper
    segments = list(segments)
  File "/home/ubuntu/miniconda3/envs/openvoice/lib/python3.9/site-packages/faster_whisper/transcribe.py", line 433, in generate_segments
    ) = self.generate_with_fallback(encoder_output, prompt, tokenizer, options)
  File "/home/ubuntu/miniconda3/envs/openvoice/lib/python3.9/site-packages/faster_whisper/transcribe.py", line 641, in generate_with_fallback
    result = self.model.generate(
RuntimeError: CUDA failed with error out of memory
Traceback (most recent call last):
  File "/home/ubuntu/OpenVoice/job.py", line 334, in <module>
    clone_voice(f"./projects/{i}/{j}")
  File "/home/ubuntu/OpenVoice/job.py", line 201, in clone_voice
    return(convert_color(projectfolder))
  File "/home/ubuntu/OpenVoice/job.py", line 277, in convert_color
    target_se, audio_name = se_extractor.get_se(ref_audio_path, tone_color_converter, vad=False)
  File "/home/ubuntu/OpenVoice/openvoice/se_extractor.py", line 146, in get_se
    wavs_folder = split_audio_whisper(audio_path, target_dir=target_dir, audio_name=audio_name)
  File "/home/ubuntu/OpenVoice/openvoice/se_extractor.py", line 29, in split_audio_whisper
    segments = list(segments)
  File "/home/ubuntu/miniconda3/envs/openvoice/lib/python3.9/site-packages/faster_whisper/transcribe.py", line 433, in generate_segments
    ) = self.generate_with_fallback(encoder_output, prompt, tokenizer, options)
  File "/home/ubuntu/miniconda3/envs/openvoice/lib/python3.9/site-packages/faster_whisper/transcribe.py", line 641, in generate_with_fallback
    result = self.model.generate(
RuntimeError: CUDA failed with error out of memory
Traceback (most recent call last):
  File "/home/ubuntu/OpenVoice/job.py", line 334, in <module>
    clone_voice(f"./projects/{i}/{j}")
  File "/home/ubuntu/OpenVoice/job.py", line 201, in clone_voice
    return(convert_color(projectfolder))
  File "/home/ubuntu/OpenVoice/job.py", line 277, in convert_color
    target_se, audio_name = se_extractor.get_se(ref_audio_path, tone_color_converter, vad=False)
  File "/home/ubuntu/OpenVoice/openvoice/se_extractor.py", line 146, in get_se
    wavs_folder = split_audio_whisper(audio_path, target_dir=target_dir, audio_name=audio_name)
  File "/home/ubuntu/OpenVoice/openvoice/se_extractor.py", line 29, in split_audio_whisper
    segments = list(segments)
  File "/home/ubuntu/miniconda3/envs/openvoice/lib/python3.9/site-packages/faster_whisper/transcribe.py", line 433, in generate_segments
    ) = self.generate_with_fallback(encoder_output, prompt, tokenizer, options)
  File "/home/ubuntu/miniconda3/envs/openvoice/lib/python3.9/site-packages/faster_whisper/transcribe.py", line 641, in generate_with_fallback
    result = self.model.generate(
RuntimeError: CUDA failed with error out of memory
Traceback (most recent call last):
  File "/home/ubuntu/OpenVoice/job.py", line 334, in <module>
    clone_voice(f"./projects/{i}/{j}")
  File "/home/ubuntu/OpenVoice/job.py", line 201, in clone_voice
    return(convert_color(projectfolder))
  File "/home/ubuntu/OpenVoice/job.py", line 277, in convert_color
    target_se, audio_name = se_extractor.get_se(ref_audio_path, tone_color_converter, vad=False)
  File "/home/ubuntu/OpenVoice/openvoice/se_extractor.py", line 146, in get_se
    wavs_folder = split_audio_whisper(audio_path, target_dir=target_dir, audio_name=audio_name)
  File "/home/ubuntu/OpenVoice/openvoice/se_extractor.py", line 29, in split_audio_whisper
    segments = list(segments)
  File "/home/ubuntu/miniconda3/envs/openvoice/lib/python3.9/site-packages/faster_whisper/transcribe.py", line 433, in generate_segments
    ) = self.generate_with_fallback(encoder_output, prompt, tokenizer, options)
  File "/home/ubuntu/miniconda3/envs/openvoice/lib/python3.9/site-packages/faster_whisper/transcribe.py", line 641, in generate_with_fallback
    result = self.model.generate(
RuntimeError: CUDA failed with error out of memory
Traceback (most recent call last):
  File "/home/ubuntu/OpenVoice/job.py", line 334, in <module>
    clone_voice(f"./projects/{i}/{j}")
  File "/home/ubuntu/OpenVoice/job.py", line 201, in clone_voice
    return(convert_color(projectfolder))
  File "/home/ubuntu/OpenVoice/job.py", line 277, in convert_color
    target_se, audio_name = se_extractor.get_se(ref_audio_path, tone_color_converter, vad=False)
  File "/home/ubuntu/OpenVoice/openvoice/se_extractor.py", line 146, in get_se
    wavs_folder = split_audio_whisper(audio_path, target_dir=target_dir, audio_name=audio_name)
  File "/home/ubuntu/OpenVoice/openvoice/se_extractor.py", line 29, in split_audio_whisper
    segments = list(segments)
  File "/home/ubuntu/miniconda3/envs/openvoice/lib/python3.9/site-packages/faster_whisper/transcribe.py", line 433, in generate_segments
    ) = self.generate_with_fallback(encoder_output, prompt, tokenizer, options)
  File "/home/ubuntu/miniconda3/envs/openvoice/lib/python3.9/site-packages/faster_whisper/transcribe.py", line 641, in generate_with_fallback
    result = self.model.generate(
RuntimeError: CUDA failed with error out of memory
Traceback (most recent call last):
  File "/home/ubuntu/OpenVoice/job.py", line 334, in <module>
    clone_voice(f"./projects/{i}/{j}")
  File "/home/ubuntu/OpenVoice/job.py", line 201, in clone_voice
    return(convert_color(projectfolder))
  File "/home/ubuntu/OpenVoice/job.py", line 277, in convert_color
    target_se, audio_name = se_extractor.get_se(ref_audio_path, tone_color_converter, vad=False)
  File "/home/ubuntu/OpenVoice/openvoice/se_extractor.py", line 146, in get_se
    wavs_folder = split_audio_whisper(audio_path, target_dir=target_dir, audio_name=audio_name)
  File "/home/ubuntu/OpenVoice/openvoice/se_extractor.py", line 29, in split_audio_whisper
    segments = list(segments)
  File "/home/ubuntu/miniconda3/envs/openvoice/lib/python3.9/site-packages/faster_whisper/transcribe.py", line 433, in generate_segments
    ) = self.generate_with_fallback(encoder_output, prompt, tokenizer, options)
  File "/home/ubuntu/miniconda3/envs/openvoice/lib/python3.9/site-packages/faster_whisper/transcribe.py", line 641, in generate_with_fallback
    result = self.model.generate(
RuntimeError: CUDA failed with error out of memory
Traceback (most recent call last):
  File "/home/ubuntu/OpenVoice/job.py", line 334, in <module>
    clone_voice(f"./projects/{i}/{j}")
  File "/home/ubuntu/OpenVoice/job.py", line 201, in clone_voice
    return(convert_color(projectfolder))
  File "/home/ubuntu/OpenVoice/job.py", line 277, in convert_color
    target_se, audio_name = se_extractor.get_se(ref_audio_path, tone_color_converter, vad=False)
  File "/home/ubuntu/OpenVoice/openvoice/se_extractor.py", line 146, in get_se
    wavs_folder = split_audio_whisper(audio_path, target_dir=target_dir, audio_name=audio_name)
  File "/home/ubuntu/OpenVoice/openvoice/se_extractor.py", line 29, in split_audio_whisper
    segments = list(segments)
  File "/home/ubuntu/miniconda3/envs/openvoice/lib/python3.9/site-packages/faster_whisper/transcribe.py", line 433, in generate_segments
    ) = self.generate_with_fallback(encoder_output, prompt, tokenizer, options)
  File "/home/ubuntu/miniconda3/envs/openvoice/lib/python3.9/site-packages/faster_whisper/transcribe.py", line 641, in generate_with_fallback
    result = self.model.generate(
RuntimeError: CUDA failed with error out of memory
Traceback (most recent call last):
  File "/home/ubuntu/OpenVoice/job.py", line 334, in <module>
    clone_voice(f"./projects/{i}/{j}")
  File "/home/ubuntu/OpenVoice/job.py", line 201, in clone_voice
    return(convert_color(projectfolder))
  File "/home/ubuntu/OpenVoice/job.py", line 277, in convert_color
    target_se, audio_name = se_extractor.get_se(ref_audio_path, tone_color_converter, vad=False)
  File "/home/ubuntu/OpenVoice/openvoice/se_extractor.py", line 146, in get_se
    wavs_folder = split_audio_whisper(audio_path, target_dir=target_dir, audio_name=audio_name)
  File "/home/ubuntu/OpenVoice/openvoice/se_extractor.py", line 29, in split_audio_whisper
    segments = list(segments)
  File "/home/ubuntu/miniconda3/envs/openvoice/lib/python3.9/site-packages/faster_whisper/transcribe.py", line 433, in generate_segments
    ) = self.generate_with_fallback(encoder_output, prompt, tokenizer, options)
  File "/home/ubuntu/miniconda3/envs/openvoice/lib/python3.9/site-packages/faster_whisper/transcribe.py", line 641, in generate_with_fallback
    result = self.model.generate(
RuntimeError: CUDA failed with error out of memory
Traceback (most recent call last):
  File "/home/ubuntu/OpenVoice/job.py", line 334, in <module>
    clone_voice(f"./projects/{i}/{j}")
  File "/home/ubuntu/OpenVoice/job.py", line 201, in clone_voice
    return(convert_color(projectfolder))
  File "/home/ubuntu/OpenVoice/job.py", line 277, in convert_color
    target_se, audio_name = se_extractor.get_se(ref_audio_path, tone_color_converter, vad=False)
  File "/home/ubuntu/OpenVoice/openvoice/se_extractor.py", line 146, in get_se
    wavs_folder = split_audio_whisper(audio_path, target_dir=target_dir, audio_name=audio_name)
  File "/home/ubuntu/OpenVoice/openvoice/se_extractor.py", line 29, in split_audio_whisper
    segments = list(segments)
  File "/home/ubuntu/miniconda3/envs/openvoice/lib/python3.9/site-packages/faster_whisper/transcribe.py", line 433, in generate_segments
    ) = self.generate_with_fallback(encoder_output, prompt, tokenizer, options)
  File "/home/ubuntu/miniconda3/envs/openvoice/lib/python3.9/site-packages/faster_whisper/transcribe.py", line 641, in generate_with_fallback
    result = self.model.generate(
RuntimeError: CUDA failed with error out of memory
Traceback (most recent call last):
  File "/home/ubuntu/OpenVoice/job.py", line 334, in <module>
    clone_voice(f"./projects/{i}/{j}")
  File "/home/ubuntu/OpenVoice/job.py", line 201, in clone_voice
    return(convert_color(projectfolder))
  File "/home/ubuntu/OpenVoice/job.py", line 277, in convert_color
    target_se, audio_name = se_extractor.get_se(ref_audio_path, tone_color_converter, vad=False)
  File "/home/ubuntu/OpenVoice/openvoice/se_extractor.py", line 146, in get_se
    wavs_folder = split_audio_whisper(audio_path, target_dir=target_dir, audio_name=audio_name)
  File "/home/ubuntu/OpenVoice/openvoice/se_extractor.py", line 29, in split_audio_whisper
    segments = list(segments)
  File "/home/ubuntu/miniconda3/envs/openvoice/lib/python3.9/site-packages/faster_whisper/transcribe.py", line 433, in generate_segments
    ) = self.generate_with_fallback(encoder_output, prompt, tokenizer, options)
  File "/home/ubuntu/miniconda3/envs/openvoice/lib/python3.9/site-packages/faster_whisper/transcribe.py", line 641, in generate_with_fallback
    result = self.model.generate(
RuntimeError: CUDA failed with error out of memory
Traceback (most recent call last):
  File "/home/ubuntu/OpenVoice/job.py", line 334, in <module>
    clone_voice(f"./projects/{i}/{j}")
  File "/home/ubuntu/OpenVoice/job.py", line 201, in clone_voice
    return(convert_color(projectfolder))
  File "/home/ubuntu/OpenVoice/job.py", line 277, in convert_color
    target_se, audio_name = se_extractor.get_se(ref_audio_path, tone_color_converter, vad=False)
  File "/home/ubuntu/OpenVoice/openvoice/se_extractor.py", line 146, in get_se
    wavs_folder = split_audio_whisper(audio_path, target_dir=target_dir, audio_name=audio_name)
  File "/home/ubuntu/OpenVoice/openvoice/se_extractor.py", line 29, in split_audio_whisper
    segments = list(segments)
  File "/home/ubuntu/miniconda3/envs/openvoice/lib/python3.9/site-packages/faster_whisper/transcribe.py", line 433, in generate_segments
    ) = self.generate_with_fallback(encoder_output, prompt, tokenizer, options)
  File "/home/ubuntu/miniconda3/envs/openvoice/lib/python3.9/site-packages/faster_whisper/transcribe.py", line 641, in generate_with_fallback
    result = self.model.generate(
RuntimeError: CUDA failed with error out of memory
Traceback (most recent call last):
  File "/home/ubuntu/OpenVoice/job.py", line 334, in <module>
    clone_voice(f"./projects/{i}/{j}")
  File "/home/ubuntu/OpenVoice/job.py", line 201, in clone_voice
    return(convert_color(projectfolder))
  File "/home/ubuntu/OpenVoice/job.py", line 277, in convert_color
    target_se, audio_name = se_extractor.get_se(ref_audio_path, tone_color_converter, vad=False)
  File "/home/ubuntu/OpenVoice/openvoice/se_extractor.py", line 146, in get_se
    wavs_folder = split_audio_whisper(audio_path, target_dir=target_dir, audio_name=audio_name)
  File "/home/ubuntu/OpenVoice/openvoice/se_extractor.py", line 29, in split_audio_whisper
    segments = list(segments)
  File "/home/ubuntu/miniconda3/envs/openvoice/lib/python3.9/site-packages/faster_whisper/transcribe.py", line 433, in generate_segments
    ) = self.generate_with_fallback(encoder_output, prompt, tokenizer, options)
  File "/home/ubuntu/miniconda3/envs/openvoice/lib/python3.9/site-packages/faster_whisper/transcribe.py", line 641, in generate_with_fallback
    result = self.model.generate(
RuntimeError: CUDA failed with error out of memory
Traceback (most recent call last):
  File "/home/ubuntu/OpenVoice/job.py", line 334, in <module>
    clone_voice(f"./projects/{i}/{j}")
  File "/home/ubuntu/OpenVoice/job.py", line 201, in clone_voice
    return(convert_color(projectfolder))
  File "/home/ubuntu/OpenVoice/job.py", line 277, in convert_color
    target_se, audio_name = se_extractor.get_se(ref_audio_path, tone_color_converter, vad=False)
  File "/home/ubuntu/OpenVoice/openvoice/se_extractor.py", line 146, in get_se
    wavs_folder = split_audio_whisper(audio_path, target_dir=target_dir, audio_name=audio_name)
  File "/home/ubuntu/OpenVoice/openvoice/se_extractor.py", line 29, in split_audio_whisper
    segments = list(segments)
  File "/home/ubuntu/miniconda3/envs/openvoice/lib/python3.9/site-packages/faster_whisper/transcribe.py", line 433, in generate_segments
    ) = self.generate_with_fallback(encoder_output, prompt, tokenizer, options)
  File "/home/ubuntu/miniconda3/envs/openvoice/lib/python3.9/site-packages/faster_whisper/transcribe.py", line 641, in generate_with_fallback
    result = self.model.generate(
RuntimeError: CUDA failed with error out of memory
Traceback (most recent call last):
  File "/home/ubuntu/OpenVoice/job.py", line 279, in convert_color
    source_se = torch.load(f'checkpoints_v2/google_base_speakers/models/{voicecode}.pth', map_location=device)
  File "/home/ubuntu/miniconda3/envs/openvoice/lib/python3.9/site-packages/torch/serialization.py", line 997, in load
    with _open_file_like(f, 'rb') as opened_file:
  File "/home/ubuntu/miniconda3/envs/openvoice/lib/python3.9/site-packages/torch/serialization.py", line 444, in _open_file_like
    return _open_file(name_or_buffer, mode)
  File "/home/ubuntu/miniconda3/envs/openvoice/lib/python3.9/site-packages/torch/serialization.py", line 425, in __init__
    super().__init__(open(name, mode))
FileNotFoundError: [Errno 2] No such file or directory: 'checkpoints_v2/google_base_speakers/models/sr-Latn-RS-NicholasNeural.pth'

During handling of the above exception, another exception occurred:

Traceback (most recent call last):
  File "/home/ubuntu/miniconda3/envs/openvoice/lib/python3.9/site-packages/librosa/core/audio.py", line 155, in load
    context = sf.SoundFile(path)
  File "/home/ubuntu/miniconda3/envs/openvoice/lib/python3.9/site-packages/soundfile.py", line 658, in __init__
    self._file = self._open(file, mode_int, closefd)
  File "/home/ubuntu/miniconda3/envs/openvoice/lib/python3.9/site-packages/soundfile.py", line 1216, in _open
    raise LibsndfileError(err, prefix="Error opening {0!r}: ".format(self.name))
soundfile.LibsndfileError: Error opening 'checkpoints_v2/google_base_speakers/src/sr-Latn-RS-NicholasNeural.mp3': File does not exist or is not a regular file (possibly a pipe?).

During handling of the above exception, another exception occurred:

Traceback (most recent call last):
  File "/home/ubuntu/OpenVoice/job.py", line 334, in <module>
    clone_voice(f"./projects/{i}/{j}")
  File "/home/ubuntu/OpenVoice/job.py", line 201, in clone_voice
    return(convert_color(projectfolder))
  File "/home/ubuntu/OpenVoice/job.py", line 301, in convert_color
    source_se, audio_name = se_extractor.get_se(f"checkpoints_v2/google_base_speakers/src/{voicecode}.mp3", tone_color_converter, vad=True)
  File "/home/ubuntu/OpenVoice/openvoice/se_extractor.py", line 134, in get_se
    audio_name = f"{os.path.basename(audio_path).rsplit('.', 1)[0]}_{version}_{hash_numpy_array(audio_path)}"
  File "/home/ubuntu/OpenVoice/openvoice/se_extractor.py", line 119, in hash_numpy_array
    array, _ = librosa.load(audio_path, sr=None, mono=True)
  File "/home/ubuntu/miniconda3/envs/openvoice/lib/python3.9/site-packages/librosa/util/decorators.py", line 88, in inner_f
    return f(*args, **kwargs)
  File "/home/ubuntu/miniconda3/envs/openvoice/lib/python3.9/site-packages/librosa/core/audio.py", line 174, in load
    y, sr_native = __audioread_load(path, offset, duration, dtype)
  File "/home/ubuntu/miniconda3/envs/openvoice/lib/python3.9/site-packages/librosa/core/audio.py", line 198, in __audioread_load
    with audioread.audio_open(path) as input_file:
  File "/home/ubuntu/miniconda3/envs/openvoice/lib/python3.9/site-packages/audioread/__init__.py", line 127, in audio_open
    return BackendClass(path)
  File "/home/ubuntu/miniconda3/envs/openvoice/lib/python3.9/site-packages/audioread/rawread.py", line 62, in __init__
    self._file = aifc.open(self._fh)
  File "/home/ubuntu/miniconda3/envs/openvoice/lib/python3.9/aifc.py", line 917, in open
    return Aifc_read(f)
  File "/home/ubuntu/miniconda3/envs/openvoice/lib/python3.9/aifc.py", line 358, in __init__
    self.initfp(f)
  File "/home/ubuntu/miniconda3/envs/openvoice/lib/python3.9/aifc.py", line 314, in initfp
    chunk = Chunk(file)
  File "/home/ubuntu/miniconda3/envs/openvoice/lib/python3.9/chunk.py", line 63, in __init__
    raise EOFError
EOFError
Traceback (most recent call last):
  File "/home/ubuntu/OpenVoice/job.py", line 334, in <module>
    clone_voice(f"./projects/{i}/{j}")
  File "/home/ubuntu/OpenVoice/job.py", line 201, in clone_voice
    return(convert_color(projectfolder))
  File "/home/ubuntu/OpenVoice/job.py", line 277, in convert_color
    target_se, audio_name = se_extractor.get_se(ref_audio_path, tone_color_converter, vad=False)
  File "/home/ubuntu/OpenVoice/openvoice/se_extractor.py", line 146, in get_se
    wavs_folder = split_audio_whisper(audio_path, target_dir=target_dir, audio_name=audio_name)
  File "/home/ubuntu/OpenVoice/openvoice/se_extractor.py", line 29, in split_audio_whisper
    segments = list(segments)
  File "/home/ubuntu/miniconda3/envs/openvoice/lib/python3.9/site-packages/faster_whisper/transcribe.py", line 433, in generate_segments
    ) = self.generate_with_fallback(encoder_output, prompt, tokenizer, options)
  File "/home/ubuntu/miniconda3/envs/openvoice/lib/python3.9/site-packages/faster_whisper/transcribe.py", line 641, in generate_with_fallback
    result = self.model.generate(
RuntimeError: CUDA failed with error out of memory
Traceback (most recent call last):
  File "/home/ubuntu/OpenVoice/job.py", line 334, in <module>
    clone_voice(f"./projects/{i}/{j}")
  File "/home/ubuntu/OpenVoice/job.py", line 201, in clone_voice
    return(convert_color(projectfolder))
  File "/home/ubuntu/OpenVoice/job.py", line 277, in convert_color
    target_se, audio_name = se_extractor.get_se(ref_audio_path, tone_color_converter, vad=False)
  File "/home/ubuntu/OpenVoice/openvoice/se_extractor.py", line 146, in get_se
    wavs_folder = split_audio_whisper(audio_path, target_dir=target_dir, audio_name=audio_name)
  File "/home/ubuntu/OpenVoice/openvoice/se_extractor.py", line 29, in split_audio_whisper
    segments = list(segments)
  File "/home/ubuntu/miniconda3/envs/openvoice/lib/python3.9/site-packages/faster_whisper/transcribe.py", line 433, in generate_segments
    ) = self.generate_with_fallback(encoder_output, prompt, tokenizer, options)
  File "/home/ubuntu/miniconda3/envs/openvoice/lib/python3.9/site-packages/faster_whisper/transcribe.py", line 641, in generate_with_fallback
    result = self.model.generate(
RuntimeError: CUDA failed with error out of memory
Traceback (most recent call last):
  File "/home/ubuntu/OpenVoice/job.py", line 334, in <module>
    clone_voice(f"./projects/{i}/{j}")
  File "/home/ubuntu/OpenVoice/job.py", line 201, in clone_voice
    return(convert_color(projectfolder))
  File "/home/ubuntu/OpenVoice/job.py", line 277, in convert_color
    target_se, audio_name = se_extractor.get_se(ref_audio_path, tone_color_converter, vad=False)
  File "/home/ubuntu/OpenVoice/openvoice/se_extractor.py", line 146, in get_se
    wavs_folder = split_audio_whisper(audio_path, target_dir=target_dir, audio_name=audio_name)
  File "/home/ubuntu/OpenVoice/openvoice/se_extractor.py", line 29, in split_audio_whisper
    segments = list(segments)
  File "/home/ubuntu/miniconda3/envs/openvoice/lib/python3.9/site-packages/faster_whisper/transcribe.py", line 433, in generate_segments
    ) = self.generate_with_fallback(encoder_output, prompt, tokenizer, options)
  File "/home/ubuntu/miniconda3/envs/openvoice/lib/python3.9/site-packages/faster_whisper/transcribe.py", line 641, in generate_with_fallback
    result = self.model.generate(
RuntimeError: CUDA failed with error out of memory
Traceback (most recent call last):
  File "/home/ubuntu/OpenVoice/job.py", line 334, in <module>
    clone_voice(f"./projects/{i}/{j}")
  File "/home/ubuntu/OpenVoice/job.py", line 201, in clone_voice
    return(convert_color(projectfolder))
  File "/home/ubuntu/OpenVoice/job.py", line 277, in convert_color
    target_se, audio_name = se_extractor.get_se(ref_audio_path, tone_color_converter, vad=False)
  File "/home/ubuntu/OpenVoice/openvoice/se_extractor.py", line 146, in get_se
    wavs_folder = split_audio_whisper(audio_path, target_dir=target_dir, audio_name=audio_name)
  File "/home/ubuntu/OpenVoice/openvoice/se_extractor.py", line 29, in split_audio_whisper
    segments = list(segments)
  File "/home/ubuntu/miniconda3/envs/openvoice/lib/python3.9/site-packages/faster_whisper/transcribe.py", line 433, in generate_segments
    ) = self.generate_with_fallback(encoder_output, prompt, tokenizer, options)
  File "/home/ubuntu/miniconda3/envs/openvoice/lib/python3.9/site-packages/faster_whisper/transcribe.py", line 641, in generate_with_fallback
    result = self.model.generate(
RuntimeError: CUDA failed with error out of memory
Traceback (most recent call last):
  File "/home/ubuntu/OpenVoice/job.py", line 334, in <module>
    clone_voice(f"./projects/{i}/{j}")
  File "/home/ubuntu/OpenVoice/job.py", line 201, in clone_voice
    return(convert_color(projectfolder))
  File "/home/ubuntu/OpenVoice/job.py", line 277, in convert_color
    target_se, audio_name = se_extractor.get_se(ref_audio_path, tone_color_converter, vad=False)
  File "/home/ubuntu/OpenVoice/openvoice/se_extractor.py", line 146, in get_se
    wavs_folder = split_audio_whisper(audio_path, target_dir=target_dir, audio_name=audio_name)
  File "/home/ubuntu/OpenVoice/openvoice/se_extractor.py", line 29, in split_audio_whisper
    segments = list(segments)
  File "/home/ubuntu/miniconda3/envs/openvoice/lib/python3.9/site-packages/faster_whisper/transcribe.py", line 433, in generate_segments
    ) = self.generate_with_fallback(encoder_output, prompt, tokenizer, options)
  File "/home/ubuntu/miniconda3/envs/openvoice/lib/python3.9/site-packages/faster_whisper/transcribe.py", line 641, in generate_with_fallback
    result = self.model.generate(
RuntimeError: CUDA failed with error out of memory
Traceback (most recent call last):
  File "/home/ubuntu/OpenVoice/job.py", line 334, in <module>
    clone_voice(f"./projects/{i}/{j}")
  File "/home/ubuntu/OpenVoice/job.py", line 201, in clone_voice
    return(convert_color(projectfolder))
  File "/home/ubuntu/OpenVoice/job.py", line 277, in convert_color
    target_se, audio_name = se_extractor.get_se(ref_audio_path, tone_color_converter, vad=False)
  File "/home/ubuntu/OpenVoice/openvoice/se_extractor.py", line 146, in get_se
    wavs_folder = split_audio_whisper(audio_path, target_dir=target_dir, audio_name=audio_name)
  File "/home/ubuntu/OpenVoice/openvoice/se_extractor.py", line 29, in split_audio_whisper
    segments = list(segments)
  File "/home/ubuntu/miniconda3/envs/openvoice/lib/python3.9/site-packages/faster_whisper/transcribe.py", line 433, in generate_segments
    ) = self.generate_with_fallback(encoder_output, prompt, tokenizer, options)
  File "/home/ubuntu/miniconda3/envs/openvoice/lib/python3.9/site-packages/faster_whisper/transcribe.py", line 641, in generate_with_fallback
    result = self.model.generate(
RuntimeError: CUDA failed with error out of memory
Traceback (most recent call last):
  File "/home/ubuntu/OpenVoice/job.py", line 334, in <module>
    clone_voice(f"./projects/{i}/{j}")
  File "/home/ubuntu/OpenVoice/job.py", line 201, in clone_voice
    return(convert_color(projectfolder))
  File "/home/ubuntu/OpenVoice/job.py", line 277, in convert_color
    target_se, audio_name = se_extractor.get_se(ref_audio_path, tone_color_converter, vad=False)
  File "/home/ubuntu/OpenVoice/openvoice/se_extractor.py", line 146, in get_se
    wavs_folder = split_audio_whisper(audio_path, target_dir=target_dir, audio_name=audio_name)
  File "/home/ubuntu/OpenVoice/openvoice/se_extractor.py", line 29, in split_audio_whisper
    segments = list(segments)
  File "/home/ubuntu/miniconda3/envs/openvoice/lib/python3.9/site-packages/faster_whisper/transcribe.py", line 433, in generate_segments
    ) = self.generate_with_fallback(encoder_output, prompt, tokenizer, options)
  File "/home/ubuntu/miniconda3/envs/openvoice/lib/python3.9/site-packages/faster_whisper/transcribe.py", line 641, in generate_with_fallback
    result = self.model.generate(
RuntimeError: CUDA failed with error out of memory
Traceback (most recent call last):
  File "/home/ubuntu/OpenVoice/job.py", line 334, in <module>
    clone_voice(f"./projects/{i}/{j}")
  File "/home/ubuntu/OpenVoice/job.py", line 201, in clone_voice
    return(convert_color(projectfolder))
  File "/home/ubuntu/OpenVoice/job.py", line 277, in convert_color
    target_se, audio_name = se_extractor.get_se(ref_audio_path, tone_color_converter, vad=False)
  File "/home/ubuntu/OpenVoice/openvoice/se_extractor.py", line 146, in get_se
    wavs_folder = split_audio_whisper(audio_path, target_dir=target_dir, audio_name=audio_name)
  File "/home/ubuntu/OpenVoice/openvoice/se_extractor.py", line 29, in split_audio_whisper
    segments = list(segments)
  File "/home/ubuntu/miniconda3/envs/openvoice/lib/python3.9/site-packages/faster_whisper/transcribe.py", line 433, in generate_segments
    ) = self.generate_with_fallback(encoder_output, prompt, tokenizer, options)
  File "/home/ubuntu/miniconda3/envs/openvoice/lib/python3.9/site-packages/faster_whisper/transcribe.py", line 641, in generate_with_fallback
    result = self.model.generate(
RuntimeError: CUDA failed with error out of memory
Traceback (most recent call last):
  File "/home/ubuntu/OpenVoice/job.py", line 334, in <module>
    clone_voice(f"./projects/{i}/{j}")
  File "/home/ubuntu/OpenVoice/job.py", line 201, in clone_voice
    return(convert_color(projectfolder))
  File "/home/ubuntu/OpenVoice/job.py", line 277, in convert_color
    target_se, audio_name = se_extractor.get_se(ref_audio_path, tone_color_converter, vad=False)
  File "/home/ubuntu/OpenVoice/openvoice/se_extractor.py", line 146, in get_se
    wavs_folder = split_audio_whisper(audio_path, target_dir=target_dir, audio_name=audio_name)
  File "/home/ubuntu/OpenVoice/openvoice/se_extractor.py", line 29, in split_audio_whisper
    segments = list(segments)
  File "/home/ubuntu/miniconda3/envs/openvoice/lib/python3.9/site-packages/faster_whisper/transcribe.py", line 433, in generate_segments
    ) = self.generate_with_fallback(encoder_output, prompt, tokenizer, options)
  File "/home/ubuntu/miniconda3/envs/openvoice/lib/python3.9/site-packages/faster_whisper/transcribe.py", line 641, in generate_with_fallback
    result = self.model.generate(
RuntimeError: CUDA failed with error out of memory
Traceback (most recent call last):
  File "/home/ubuntu/OpenVoice/job.py", line 334, in <module>
    clone_voice(f"./projects/{i}/{j}")
  File "/home/ubuntu/OpenVoice/job.py", line 201, in clone_voice
    return(convert_color(projectfolder))
  File "/home/ubuntu/OpenVoice/job.py", line 277, in convert_color
    target_se, audio_name = se_extractor.get_se(ref_audio_path, tone_color_converter, vad=False)
  File "/home/ubuntu/OpenVoice/openvoice/se_extractor.py", line 150, in get_se
    raise NotImplementedError('No audio segments found!')
NotImplementedError: No audio segments found!
Traceback (most recent call last):
  File "/home/ubuntu/OpenVoice/job.py", line 334, in <module>
    clone_voice(f"./projects/{i}/{j}")
  File "/home/ubuntu/OpenVoice/job.py", line 201, in clone_voice
    return(convert_color(projectfolder))
  File "/home/ubuntu/OpenVoice/job.py", line 277, in convert_color
    target_se, audio_name = se_extractor.get_se(ref_audio_path, tone_color_converter, vad=False)
  File "/home/ubuntu/OpenVoice/openvoice/se_extractor.py", line 146, in get_se
    wavs_folder = split_audio_whisper(audio_path, target_dir=target_dir, audio_name=audio_name)
  File "/home/ubuntu/OpenVoice/openvoice/se_extractor.py", line 29, in split_audio_whisper
    segments = list(segments)
  File "/home/ubuntu/miniconda3/envs/openvoice/lib/python3.9/site-packages/faster_whisper/transcribe.py", line 433, in generate_segments
    ) = self.generate_with_fallback(encoder_output, prompt, tokenizer, options)
  File "/home/ubuntu/miniconda3/envs/openvoice/lib/python3.9/site-packages/faster_whisper/transcribe.py", line 641, in generate_with_fallback
    result = self.model.generate(
RuntimeError: CUDA failed with error out of memory
Traceback (most recent call last):
  File "/home/ubuntu/OpenVoice/job.py", line 334, in <module>
    clone_voice(f"./projects/{i}/{j}")
  File "/home/ubuntu/OpenVoice/job.py", line 201, in clone_voice
    return(convert_color(projectfolder))
  File "/home/ubuntu/OpenVoice/job.py", line 277, in convert_color
    target_se, audio_name = se_extractor.get_se(ref_audio_path, tone_color_converter, vad=False)
  File "/home/ubuntu/OpenVoice/openvoice/se_extractor.py", line 146, in get_se
    wavs_folder = split_audio_whisper(audio_path, target_dir=target_dir, audio_name=audio_name)
  File "/home/ubuntu/OpenVoice/openvoice/se_extractor.py", line 29, in split_audio_whisper
    segments = list(segments)
  File "/home/ubuntu/miniconda3/envs/openvoice/lib/python3.9/site-packages/faster_whisper/transcribe.py", line 433, in generate_segments
    ) = self.generate_with_fallback(encoder_output, prompt, tokenizer, options)
  File "/home/ubuntu/miniconda3/envs/openvoice/lib/python3.9/site-packages/faster_whisper/transcribe.py", line 641, in generate_with_fallback
    result = self.model.generate(
RuntimeError: CUDA failed with error out of memory
Traceback (most recent call last):
  File "/home/ubuntu/OpenVoice/job.py", line 334, in <module>
    clone_voice(f"./projects/{i}/{j}")
  File "/home/ubuntu/OpenVoice/job.py", line 201, in clone_voice
    return(convert_color(projectfolder))
  File "/home/ubuntu/OpenVoice/job.py", line 277, in convert_color
    target_se, audio_name = se_extractor.get_se(ref_audio_path, tone_color_converter, vad=False)
  File "/home/ubuntu/OpenVoice/openvoice/se_extractor.py", line 150, in get_se
    raise NotImplementedError('No audio segments found!')
NotImplementedError: No audio segments found!
Traceback (most recent call last):
  File "/home/ubuntu/OpenVoice/job.py", line 334, in <module>
    clone_voice(f"./projects/{i}/{j}")
  File "/home/ubuntu/OpenVoice/job.py", line 201, in clone_voice
    return(convert_color(projectfolder))
  File "/home/ubuntu/OpenVoice/job.py", line 277, in convert_color
    target_se, audio_name = se_extractor.get_se(ref_audio_path, tone_color_converter, vad=False)
  File "/home/ubuntu/OpenVoice/openvoice/se_extractor.py", line 146, in get_se
    wavs_folder = split_audio_whisper(audio_path, target_dir=target_dir, audio_name=audio_name)
  File "/home/ubuntu/OpenVoice/openvoice/se_extractor.py", line 29, in split_audio_whisper
    segments = list(segments)
  File "/home/ubuntu/miniconda3/envs/openvoice/lib/python3.9/site-packages/faster_whisper/transcribe.py", line 433, in generate_segments
    ) = self.generate_with_fallback(encoder_output, prompt, tokenizer, options)
  File "/home/ubuntu/miniconda3/envs/openvoice/lib/python3.9/site-packages/faster_whisper/transcribe.py", line 641, in generate_with_fallback
    result = self.model.generate(
RuntimeError: CUDA failed with error out of memory
Traceback (most recent call last):
  File "/home/ubuntu/OpenVoice/job.py", line 334, in <module>
    clone_voice(f"./projects/{i}/{j}")
  File "/home/ubuntu/OpenVoice/job.py", line 201, in clone_voice
    return(convert_color(projectfolder))
  File "/home/ubuntu/OpenVoice/job.py", line 277, in convert_color
    target_se, audio_name = se_extractor.get_se(ref_audio_path, tone_color_converter, vad=False)
  File "/home/ubuntu/OpenVoice/openvoice/se_extractor.py", line 146, in get_se
    wavs_folder = split_audio_whisper(audio_path, target_dir=target_dir, audio_name=audio_name)
  File "/home/ubuntu/OpenVoice/openvoice/se_extractor.py", line 29, in split_audio_whisper
    segments = list(segments)
  File "/home/ubuntu/miniconda3/envs/openvoice/lib/python3.9/site-packages/faster_whisper/transcribe.py", line 433, in generate_segments
    ) = self.generate_with_fallback(encoder_output, prompt, tokenizer, options)
  File "/home/ubuntu/miniconda3/envs/openvoice/lib/python3.9/site-packages/faster_whisper/transcribe.py", line 641, in generate_with_fallback
    result = self.model.generate(
RuntimeError: CUDA failed with error out of memory
Traceback (most recent call last):
  File "/home/ubuntu/OpenVoice/job.py", line 334, in <module>
    clone_voice(f"./projects/{i}/{j}")
  File "/home/ubuntu/OpenVoice/job.py", line 201, in clone_voice
    return(convert_color(projectfolder))
  File "/home/ubuntu/OpenVoice/job.py", line 277, in convert_color
    target_se, audio_name = se_extractor.get_se(ref_audio_path, tone_color_converter, vad=False)
  File "/home/ubuntu/OpenVoice/openvoice/se_extractor.py", line 146, in get_se
    wavs_folder = split_audio_whisper(audio_path, target_dir=target_dir, audio_name=audio_name)
  File "/home/ubuntu/OpenVoice/openvoice/se_extractor.py", line 29, in split_audio_whisper
    segments = list(segments)
  File "/home/ubuntu/miniconda3/envs/openvoice/lib/python3.9/site-packages/faster_whisper/transcribe.py", line 433, in generate_segments
    ) = self.generate_with_fallback(encoder_output, prompt, tokenizer, options)
  File "/home/ubuntu/miniconda3/envs/openvoice/lib/python3.9/site-packages/faster_whisper/transcribe.py", line 641, in generate_with_fallback
    result = self.model.generate(
RuntimeError: CUDA failed with error out of memory
Traceback (most recent call last):
  File "/home/ubuntu/OpenVoice/job.py", line 334, in <module>
    clone_voice(f"./projects/{i}/{j}")
  File "/home/ubuntu/OpenVoice/job.py", line 201, in clone_voice
    return(convert_color(projectfolder))
  File "/home/ubuntu/OpenVoice/job.py", line 277, in convert_color
    target_se, audio_name = se_extractor.get_se(ref_audio_path, tone_color_converter, vad=False)
  File "/home/ubuntu/OpenVoice/openvoice/se_extractor.py", line 146, in get_se
    wavs_folder = split_audio_whisper(audio_path, target_dir=target_dir, audio_name=audio_name)
  File "/home/ubuntu/OpenVoice/openvoice/se_extractor.py", line 29, in split_audio_whisper
    segments = list(segments)
  File "/home/ubuntu/miniconda3/envs/openvoice/lib/python3.9/site-packages/faster_whisper/transcribe.py", line 433, in generate_segments
    ) = self.generate_with_fallback(encoder_output, prompt, tokenizer, options)
  File "/home/ubuntu/miniconda3/envs/openvoice/lib/python3.9/site-packages/faster_whisper/transcribe.py", line 641, in generate_with_fallback
    result = self.model.generate(
RuntimeError: CUDA failed with error out of memory
Traceback (most recent call last):
  File "/home/ubuntu/OpenVoice/job.py", line 334, in <module>
    clone_voice(f"./projects/{i}/{j}")
  File "/home/ubuntu/OpenVoice/job.py", line 201, in clone_voice
    return(convert_color(projectfolder))
  File "/home/ubuntu/OpenVoice/job.py", line 277, in convert_color
    target_se, audio_name = se_extractor.get_se(ref_audio_path, tone_color_converter, vad=False)
  File "/home/ubuntu/OpenVoice/openvoice/se_extractor.py", line 146, in get_se
    wavs_folder = split_audio_whisper(audio_path, target_dir=target_dir, audio_name=audio_name)
  File "/home/ubuntu/OpenVoice/openvoice/se_extractor.py", line 29, in split_audio_whisper
    segments = list(segments)
  File "/home/ubuntu/miniconda3/envs/openvoice/lib/python3.9/site-packages/faster_whisper/transcribe.py", line 433, in generate_segments
    ) = self.generate_with_fallback(encoder_output, prompt, tokenizer, options)
  File "/home/ubuntu/miniconda3/envs/openvoice/lib/python3.9/site-packages/faster_whisper/transcribe.py", line 641, in generate_with_fallback
    result = self.model.generate(
RuntimeError: CUDA failed with error out of memory
Traceback (most recent call last):
  File "/home/ubuntu/OpenVoice/job.py", line 334, in <module>
    clone_voice(f"./projects/{i}/{j}")
  File "/home/ubuntu/OpenVoice/job.py", line 201, in clone_voice
    return(convert_color(projectfolder))
  File "/home/ubuntu/OpenVoice/job.py", line 277, in convert_color
    target_se, audio_name = se_extractor.get_se(ref_audio_path, tone_color_converter, vad=False)
  File "/home/ubuntu/OpenVoice/openvoice/se_extractor.py", line 146, in get_se
    wavs_folder = split_audio_whisper(audio_path, target_dir=target_dir, audio_name=audio_name)
  File "/home/ubuntu/OpenVoice/openvoice/se_extractor.py", line 29, in split_audio_whisper
    segments = list(segments)
  File "/home/ubuntu/miniconda3/envs/openvoice/lib/python3.9/site-packages/faster_whisper/transcribe.py", line 433, in generate_segments
    ) = self.generate_with_fallback(encoder_output, prompt, tokenizer, options)
  File "/home/ubuntu/miniconda3/envs/openvoice/lib/python3.9/site-packages/faster_whisper/transcribe.py", line 641, in generate_with_fallback
    result = self.model.generate(
RuntimeError: CUDA failed with error out of memory
Traceback (most recent call last):
  File "/home/ubuntu/OpenVoice/job.py", line 334, in <module>
    clone_voice(f"./projects/{i}/{j}")
  File "/home/ubuntu/OpenVoice/job.py", line 201, in clone_voice
    return(convert_color(projectfolder))
  File "/home/ubuntu/OpenVoice/job.py", line 277, in convert_color
    target_se, audio_name = se_extractor.get_se(ref_audio_path, tone_color_converter, vad=False)
  File "/home/ubuntu/OpenVoice/openvoice/se_extractor.py", line 150, in get_se
    raise NotImplementedError('No audio segments found!')
NotImplementedError: No audio segments found!
Traceback (most recent call last):
  File "/home/ubuntu/OpenVoice/job.py", line 334, in <module>
    clone_voice(f"./projects/{i}/{j}")
  File "/home/ubuntu/OpenVoice/job.py", line 201, in clone_voice
    return(convert_color(projectfolder))
  File "/home/ubuntu/OpenVoice/job.py", line 277, in convert_color
    target_se, audio_name = se_extractor.get_se(ref_audio_path, tone_color_converter, vad=False)
  File "/home/ubuntu/OpenVoice/openvoice/se_extractor.py", line 146, in get_se
    wavs_folder = split_audio_whisper(audio_path, target_dir=target_dir, audio_name=audio_name)
  File "/home/ubuntu/OpenVoice/openvoice/se_extractor.py", line 29, in split_audio_whisper
    segments = list(segments)
  File "/home/ubuntu/miniconda3/envs/openvoice/lib/python3.9/site-packages/faster_whisper/transcribe.py", line 433, in generate_segments
    ) = self.generate_with_fallback(encoder_output, prompt, tokenizer, options)
  File "/home/ubuntu/miniconda3/envs/openvoice/lib/python3.9/site-packages/faster_whisper/transcribe.py", line 641, in generate_with_fallback
    result = self.model.generate(
RuntimeError: CUDA failed with error out of memory
Traceback (most recent call last):
  File "/home/ubuntu/OpenVoice/job.py", line 334, in <module>
    clone_voice(f"./projects/{i}/{j}")
  File "/home/ubuntu/OpenVoice/job.py", line 201, in clone_voice
    return(convert_color(projectfolder))
  File "/home/ubuntu/OpenVoice/job.py", line 277, in convert_color
    target_se, audio_name = se_extractor.get_se(ref_audio_path, tone_color_converter, vad=False)
  File "/home/ubuntu/OpenVoice/openvoice/se_extractor.py", line 146, in get_se
    wavs_folder = split_audio_whisper(audio_path, target_dir=target_dir, audio_name=audio_name)
  File "/home/ubuntu/OpenVoice/openvoice/se_extractor.py", line 29, in split_audio_whisper
    segments = list(segments)
  File "/home/ubuntu/miniconda3/envs/openvoice/lib/python3.9/site-packages/faster_whisper/transcribe.py", line 433, in generate_segments
    ) = self.generate_with_fallback(encoder_output, prompt, tokenizer, options)
  File "/home/ubuntu/miniconda3/envs/openvoice/lib/python3.9/site-packages/faster_whisper/transcribe.py", line 641, in generate_with_fallback
    result = self.model.generate(
RuntimeError: CUDA failed with error out of memory
Traceback (most recent call last):
  File "/home/ubuntu/OpenVoice/job.py", line 334, in <module>
    clone_voice(f"./projects/{i}/{j}")
  File "/home/ubuntu/OpenVoice/job.py", line 201, in clone_voice
    return(convert_color(projectfolder))
  File "/home/ubuntu/OpenVoice/job.py", line 277, in convert_color
    target_se, audio_name = se_extractor.get_se(ref_audio_path, tone_color_converter, vad=False)
  File "/home/ubuntu/OpenVoice/openvoice/se_extractor.py", line 146, in get_se
    wavs_folder = split_audio_whisper(audio_path, target_dir=target_dir, audio_name=audio_name)
  File "/home/ubuntu/OpenVoice/openvoice/se_extractor.py", line 29, in split_audio_whisper
    segments = list(segments)
  File "/home/ubuntu/miniconda3/envs/openvoice/lib/python3.9/site-packages/faster_whisper/transcribe.py", line 433, in generate_segments
    ) = self.generate_with_fallback(encoder_output, prompt, tokenizer, options)
  File "/home/ubuntu/miniconda3/envs/openvoice/lib/python3.9/site-packages/faster_whisper/transcribe.py", line 641, in generate_with_fallback
    result = self.model.generate(
RuntimeError: CUDA failed with error out of memory
Traceback (most recent call last):
  File "/home/ubuntu/OpenVoice/job.py", line 334, in <module>
    clone_voice(f"./projects/{i}/{j}")
  File "/home/ubuntu/OpenVoice/job.py", line 201, in clone_voice
    return(convert_color(projectfolder))
  File "/home/ubuntu/OpenVoice/job.py", line 277, in convert_color
    target_se, audio_name = se_extractor.get_se(ref_audio_path, tone_color_converter, vad=False)
  File "/home/ubuntu/OpenVoice/openvoice/se_extractor.py", line 146, in get_se
    wavs_folder = split_audio_whisper(audio_path, target_dir=target_dir, audio_name=audio_name)
  File "/home/ubuntu/OpenVoice/openvoice/se_extractor.py", line 29, in split_audio_whisper
    segments = list(segments)
  File "/home/ubuntu/miniconda3/envs/openvoice/lib/python3.9/site-packages/faster_whisper/transcribe.py", line 433, in generate_segments
    ) = self.generate_with_fallback(encoder_output, prompt, tokenizer, options)
  File "/home/ubuntu/miniconda3/envs/openvoice/lib/python3.9/site-packages/faster_whisper/transcribe.py", line 641, in generate_with_fallback
    result = self.model.generate(
RuntimeError: CUDA failed with error out of memory
Traceback (most recent call last):
  File "/home/ubuntu/OpenVoice/job.py", line 334, in <module>
    clone_voice(f"./projects/{i}/{j}")
  File "/home/ubuntu/OpenVoice/job.py", line 201, in clone_voice
    return(convert_color(projectfolder))
  File "/home/ubuntu/OpenVoice/job.py", line 277, in convert_color
    target_se, audio_name = se_extractor.get_se(ref_audio_path, tone_color_converter, vad=False)
  File "/home/ubuntu/OpenVoice/openvoice/se_extractor.py", line 150, in get_se
    raise NotImplementedError('No audio segments found!')
NotImplementedError: No audio segments found!
Traceback (most recent call last):
  File "/home/ubuntu/OpenVoice/job.py", line 334, in <module>
    clone_voice(f"./projects/{i}/{j}")
  File "/home/ubuntu/OpenVoice/job.py", line 201, in clone_voice
    return(convert_color(projectfolder))
  File "/home/ubuntu/OpenVoice/job.py", line 277, in convert_color
    target_se, audio_name = se_extractor.get_se(ref_audio_path, tone_color_converter, vad=False)
  File "/home/ubuntu/OpenVoice/openvoice/se_extractor.py", line 146, in get_se
    wavs_folder = split_audio_whisper(audio_path, target_dir=target_dir, audio_name=audio_name)
  File "/home/ubuntu/OpenVoice/openvoice/se_extractor.py", line 29, in split_audio_whisper
    segments = list(segments)
  File "/home/ubuntu/miniconda3/envs/openvoice/lib/python3.9/site-packages/faster_whisper/transcribe.py", line 433, in generate_segments
    ) = self.generate_with_fallback(encoder_output, prompt, tokenizer, options)
  File "/home/ubuntu/miniconda3/envs/openvoice/lib/python3.9/site-packages/faster_whisper/transcribe.py", line 641, in generate_with_fallback
    result = self.model.generate(
RuntimeError: CUDA failed with error out of memory
Traceback (most recent call last):
  File "/home/ubuntu/OpenVoice/job.py", line 334, in <module>
    clone_voice(f"./projects/{i}/{j}")
  File "/home/ubuntu/OpenVoice/job.py", line 201, in clone_voice
    return(convert_color(projectfolder))
  File "/home/ubuntu/OpenVoice/job.py", line 277, in convert_color
    target_se, audio_name = se_extractor.get_se(ref_audio_path, tone_color_converter, vad=False)
  File "/home/ubuntu/OpenVoice/openvoice/se_extractor.py", line 146, in get_se
    wavs_folder = split_audio_whisper(audio_path, target_dir=target_dir, audio_name=audio_name)
  File "/home/ubuntu/OpenVoice/openvoice/se_extractor.py", line 29, in split_audio_whisper
    segments = list(segments)
  File "/home/ubuntu/miniconda3/envs/openvoice/lib/python3.9/site-packages/faster_whisper/transcribe.py", line 433, in generate_segments
    ) = self.generate_with_fallback(encoder_output, prompt, tokenizer, options)
  File "/home/ubuntu/miniconda3/envs/openvoice/lib/python3.9/site-packages/faster_whisper/transcribe.py", line 641, in generate_with_fallback
    result = self.model.generate(
RuntimeError: CUDA failed with error out of memory
Traceback (most recent call last):
  File "/home/ubuntu/OpenVoice/job.py", line 334, in <module>
    clone_voice(f"./projects/{i}/{j}")
  File "/home/ubuntu/OpenVoice/job.py", line 201, in clone_voice
    return(convert_color(projectfolder))
  File "/home/ubuntu/OpenVoice/job.py", line 277, in convert_color
    target_se, audio_name = se_extractor.get_se(ref_audio_path, tone_color_converter, vad=False)
  File "/home/ubuntu/OpenVoice/openvoice/se_extractor.py", line 146, in get_se
    wavs_folder = split_audio_whisper(audio_path, target_dir=target_dir, audio_name=audio_name)
  File "/home/ubuntu/OpenVoice/openvoice/se_extractor.py", line 29, in split_audio_whisper
    segments = list(segments)
  File "/home/ubuntu/miniconda3/envs/openvoice/lib/python3.9/site-packages/faster_whisper/transcribe.py", line 433, in generate_segments
    ) = self.generate_with_fallback(encoder_output, prompt, tokenizer, options)
  File "/home/ubuntu/miniconda3/envs/openvoice/lib/python3.9/site-packages/faster_whisper/transcribe.py", line 641, in generate_with_fallback
    result = self.model.generate(
RuntimeError: CUDA failed with error out of memory
Traceback (most recent call last):
  File "/home/ubuntu/OpenVoice/job.py", line 334, in <module>
    clone_voice(f"./projects/{i}/{j}")
  File "/home/ubuntu/OpenVoice/job.py", line 201, in clone_voice
    return(convert_color(projectfolder))
  File "/home/ubuntu/OpenVoice/job.py", line 277, in convert_color
    target_se, audio_name = se_extractor.get_se(ref_audio_path, tone_color_converter, vad=False)
  File "/home/ubuntu/OpenVoice/openvoice/se_extractor.py", line 146, in get_se
    wavs_folder = split_audio_whisper(audio_path, target_dir=target_dir, audio_name=audio_name)
  File "/home/ubuntu/OpenVoice/openvoice/se_extractor.py", line 29, in split_audio_whisper
    segments = list(segments)
  File "/home/ubuntu/miniconda3/envs/openvoice/lib/python3.9/site-packages/faster_whisper/transcribe.py", line 433, in generate_segments
    ) = self.generate_with_fallback(encoder_output, prompt, tokenizer, options)
  File "/home/ubuntu/miniconda3/envs/openvoice/lib/python3.9/site-packages/faster_whisper/transcribe.py", line 641, in generate_with_fallback
    result = self.model.generate(
RuntimeError: CUDA failed with error out of memory
Traceback (most recent call last):
  File "/home/ubuntu/OpenVoice/job.py", line 334, in <module>
    clone_voice(f"./projects/{i}/{j}")
  File "/home/ubuntu/OpenVoice/job.py", line 201, in clone_voice
    return(convert_color(projectfolder))
  File "/home/ubuntu/OpenVoice/job.py", line 277, in convert_color
    target_se, audio_name = se_extractor.get_se(ref_audio_path, tone_color_converter, vad=False)
  File "/home/ubuntu/OpenVoice/openvoice/se_extractor.py", line 146, in get_se
    wavs_folder = split_audio_whisper(audio_path, target_dir=target_dir, audio_name=audio_name)
  File "/home/ubuntu/OpenVoice/openvoice/se_extractor.py", line 29, in split_audio_whisper
    segments = list(segments)
  File "/home/ubuntu/miniconda3/envs/openvoice/lib/python3.9/site-packages/faster_whisper/transcribe.py", line 433, in generate_segments
    ) = self.generate_with_fallback(encoder_output, prompt, tokenizer, options)
  File "/home/ubuntu/miniconda3/envs/openvoice/lib/python3.9/site-packages/faster_whisper/transcribe.py", line 641, in generate_with_fallback
    result = self.model.generate(
RuntimeError: CUDA failed with error out of memory
Traceback (most recent call last):
  File "/home/ubuntu/OpenVoice/job.py", line 334, in <module>
    clone_voice(f"./projects/{i}/{j}")
  File "/home/ubuntu/OpenVoice/job.py", line 201, in clone_voice
    return(convert_color(projectfolder))
  File "/home/ubuntu/OpenVoice/job.py", line 277, in convert_color
    target_se, audio_name = se_extractor.get_se(ref_audio_path, tone_color_converter, vad=False)
  File "/home/ubuntu/OpenVoice/openvoice/se_extractor.py", line 146, in get_se
    wavs_folder = split_audio_whisper(audio_path, target_dir=target_dir, audio_name=audio_name)
  File "/home/ubuntu/OpenVoice/openvoice/se_extractor.py", line 29, in split_audio_whisper
    segments = list(segments)
  File "/home/ubuntu/miniconda3/envs/openvoice/lib/python3.9/site-packages/faster_whisper/transcribe.py", line 433, in generate_segments
    ) = self.generate_with_fallback(encoder_output, prompt, tokenizer, options)
  File "/home/ubuntu/miniconda3/envs/openvoice/lib/python3.9/site-packages/faster_whisper/transcribe.py", line 641, in generate_with_fallback
    result = self.model.generate(
RuntimeError: CUDA failed with error out of memory
Traceback (most recent call last):
  File "/home/ubuntu/OpenVoice/job.py", line 334, in <module>
    clone_voice(f"./projects/{i}/{j}")
  File "/home/ubuntu/OpenVoice/job.py", line 201, in clone_voice
    return(convert_color(projectfolder))
  File "/home/ubuntu/OpenVoice/job.py", line 277, in convert_color
    target_se, audio_name = se_extractor.get_se(ref_audio_path, tone_color_converter, vad=False)
  File "/home/ubuntu/OpenVoice/openvoice/se_extractor.py", line 146, in get_se
    wavs_folder = split_audio_whisper(audio_path, target_dir=target_dir, audio_name=audio_name)
  File "/home/ubuntu/OpenVoice/openvoice/se_extractor.py", line 29, in split_audio_whisper
    segments = list(segments)
  File "/home/ubuntu/miniconda3/envs/openvoice/lib/python3.9/site-packages/faster_whisper/transcribe.py", line 433, in generate_segments
    ) = self.generate_with_fallback(encoder_output, prompt, tokenizer, options)
  File "/home/ubuntu/miniconda3/envs/openvoice/lib/python3.9/site-packages/faster_whisper/transcribe.py", line 641, in generate_with_fallback
    result = self.model.generate(
RuntimeError: CUDA failed with error out of memory
Traceback (most recent call last):
  File "/home/ubuntu/OpenVoice/job.py", line 334, in <module>
    clone_voice(f"./projects/{i}/{j}")
  File "/home/ubuntu/OpenVoice/job.py", line 201, in clone_voice
    return(convert_color(projectfolder))
  File "/home/ubuntu/OpenVoice/job.py", line 277, in convert_color
    target_se, audio_name = se_extractor.get_se(ref_audio_path, tone_color_converter, vad=False)
  File "/home/ubuntu/OpenVoice/openvoice/se_extractor.py", line 146, in get_se
    wavs_folder = split_audio_whisper(audio_path, target_dir=target_dir, audio_name=audio_name)
  File "/home/ubuntu/OpenVoice/openvoice/se_extractor.py", line 29, in split_audio_whisper
    segments = list(segments)
  File "/home/ubuntu/miniconda3/envs/openvoice/lib/python3.9/site-packages/faster_whisper/transcribe.py", line 433, in generate_segments
    ) = self.generate_with_fallback(encoder_output, prompt, tokenizer, options)
  File "/home/ubuntu/miniconda3/envs/openvoice/lib/python3.9/site-packages/faster_whisper/transcribe.py", line 641, in generate_with_fallback
    result = self.model.generate(
RuntimeError: CUDA failed with error out of memory
Traceback (most recent call last):
  File "/home/ubuntu/OpenVoice/job.py", line 334, in <module>
    clone_voice(f"./projects/{i}/{j}")
  File "/home/ubuntu/OpenVoice/job.py", line 201, in clone_voice
    return(convert_color(projectfolder))
  File "/home/ubuntu/OpenVoice/job.py", line 277, in convert_color
    target_se, audio_name = se_extractor.get_se(ref_audio_path, tone_color_converter, vad=False)
  File "/home/ubuntu/OpenVoice/openvoice/se_extractor.py", line 146, in get_se
    wavs_folder = split_audio_whisper(audio_path, target_dir=target_dir, audio_name=audio_name)
  File "/home/ubuntu/OpenVoice/openvoice/se_extractor.py", line 29, in split_audio_whisper
    segments = list(segments)
  File "/home/ubuntu/miniconda3/envs/openvoice/lib/python3.9/site-packages/faster_whisper/transcribe.py", line 433, in generate_segments
    ) = self.generate_with_fallback(encoder_output, prompt, tokenizer, options)
  File "/home/ubuntu/miniconda3/envs/openvoice/lib/python3.9/site-packages/faster_whisper/transcribe.py", line 641, in generate_with_fallback
    result = self.model.generate(
RuntimeError: CUDA failed with error out of memory
Traceback (most recent call last):
  File "/home/ubuntu/OpenVoice/job.py", line 334, in <module>
    clone_voice(f"./projects/{i}/{j}")
  File "/home/ubuntu/OpenVoice/job.py", line 201, in clone_voice
    return(convert_color(projectfolder))
  File "/home/ubuntu/OpenVoice/job.py", line 277, in convert_color
    target_se, audio_name = se_extractor.get_se(ref_audio_path, tone_color_converter, vad=False)
  File "/home/ubuntu/OpenVoice/openvoice/se_extractor.py", line 146, in get_se
    wavs_folder = split_audio_whisper(audio_path, target_dir=target_dir, audio_name=audio_name)
  File "/home/ubuntu/OpenVoice/openvoice/se_extractor.py", line 29, in split_audio_whisper
    segments = list(segments)
  File "/home/ubuntu/miniconda3/envs/openvoice/lib/python3.9/site-packages/faster_whisper/transcribe.py", line 433, in generate_segments
    ) = self.generate_with_fallback(encoder_output, prompt, tokenizer, options)
  File "/home/ubuntu/miniconda3/envs/openvoice/lib/python3.9/site-packages/faster_whisper/transcribe.py", line 641, in generate_with_fallback
    result = self.model.generate(
RuntimeError: CUDA failed with error out of memory
Traceback (most recent call last):
  File "/home/ubuntu/OpenVoice/job.py", line 334, in <module>
    clone_voice(f"./projects/{i}/{j}")
  File "/home/ubuntu/OpenVoice/job.py", line 201, in clone_voice
    return(convert_color(projectfolder))
  File "/home/ubuntu/OpenVoice/job.py", line 277, in convert_color
    target_se, audio_name = se_extractor.get_se(ref_audio_path, tone_color_converter, vad=False)
  File "/home/ubuntu/OpenVoice/openvoice/se_extractor.py", line 146, in get_se
    wavs_folder = split_audio_whisper(audio_path, target_dir=target_dir, audio_name=audio_name)
  File "/home/ubuntu/OpenVoice/openvoice/se_extractor.py", line 29, in split_audio_whisper
    segments = list(segments)
  File "/home/ubuntu/miniconda3/envs/openvoice/lib/python3.9/site-packages/faster_whisper/transcribe.py", line 433, in generate_segments
    ) = self.generate_with_fallback(encoder_output, prompt, tokenizer, options)
  File "/home/ubuntu/miniconda3/envs/openvoice/lib/python3.9/site-packages/faster_whisper/transcribe.py", line 641, in generate_with_fallback
    result = self.model.generate(
RuntimeError: CUDA failed with error out of memory
Traceback (most recent call last):
  File "/home/ubuntu/OpenVoice/job.py", line 334, in <module>
    clone_voice(f"./projects/{i}/{j}")
  File "/home/ubuntu/OpenVoice/job.py", line 201, in clone_voice
    return(convert_color(projectfolder))
  File "/home/ubuntu/OpenVoice/job.py", line 277, in convert_color
    target_se, audio_name = se_extractor.get_se(ref_audio_path, tone_color_converter, vad=False)
  File "/home/ubuntu/OpenVoice/openvoice/se_extractor.py", line 146, in get_se
    wavs_folder = split_audio_whisper(audio_path, target_dir=target_dir, audio_name=audio_name)
  File "/home/ubuntu/OpenVoice/openvoice/se_extractor.py", line 29, in split_audio_whisper
    segments = list(segments)
  File "/home/ubuntu/miniconda3/envs/openvoice/lib/python3.9/site-packages/faster_whisper/transcribe.py", line 433, in generate_segments
    ) = self.generate_with_fallback(encoder_output, prompt, tokenizer, options)
  File "/home/ubuntu/miniconda3/envs/openvoice/lib/python3.9/site-packages/faster_whisper/transcribe.py", line 641, in generate_with_fallback
    result = self.model.generate(
RuntimeError: CUDA failed with error out of memory
Traceback (most recent call last):
  File "/home/ubuntu/OpenVoice/job.py", line 334, in <module>
    clone_voice(f"./projects/{i}/{j}")
  File "/home/ubuntu/OpenVoice/job.py", line 201, in clone_voice
    return(convert_color(projectfolder))
  File "/home/ubuntu/OpenVoice/job.py", line 277, in convert_color
    target_se, audio_name = se_extractor.get_se(ref_audio_path, tone_color_converter, vad=False)
  File "/home/ubuntu/OpenVoice/openvoice/se_extractor.py", line 146, in get_se
    wavs_folder = split_audio_whisper(audio_path, target_dir=target_dir, audio_name=audio_name)
  File "/home/ubuntu/OpenVoice/openvoice/se_extractor.py", line 29, in split_audio_whisper
    segments = list(segments)
  File "/home/ubuntu/miniconda3/envs/openvoice/lib/python3.9/site-packages/faster_whisper/transcribe.py", line 433, in generate_segments
    ) = self.generate_with_fallback(encoder_output, prompt, tokenizer, options)
  File "/home/ubuntu/miniconda3/envs/openvoice/lib/python3.9/site-packages/faster_whisper/transcribe.py", line 641, in generate_with_fallback
    result = self.model.generate(
RuntimeError: CUDA failed with error out of memory
Traceback (most recent call last):
  File "/home/ubuntu/OpenVoice/job.py", line 334, in <module>
    clone_voice(f"./projects/{i}/{j}")
  File "/home/ubuntu/OpenVoice/job.py", line 201, in clone_voice
    return(convert_color(projectfolder))
  File "/home/ubuntu/OpenVoice/job.py", line 277, in convert_color
    target_se, audio_name = se_extractor.get_se(ref_audio_path, tone_color_converter, vad=False)
  File "/home/ubuntu/OpenVoice/openvoice/se_extractor.py", line 146, in get_se
    wavs_folder = split_audio_whisper(audio_path, target_dir=target_dir, audio_name=audio_name)
  File "/home/ubuntu/OpenVoice/openvoice/se_extractor.py", line 29, in split_audio_whisper
    segments = list(segments)
  File "/home/ubuntu/miniconda3/envs/openvoice/lib/python3.9/site-packages/faster_whisper/transcribe.py", line 433, in generate_segments
    ) = self.generate_with_fallback(encoder_output, prompt, tokenizer, options)
  File "/home/ubuntu/miniconda3/envs/openvoice/lib/python3.9/site-packages/faster_whisper/transcribe.py", line 641, in generate_with_fallback
    result = self.model.generate(
RuntimeError: CUDA failed with error out of memory
Traceback (most recent call last):
  File "/home/ubuntu/OpenVoice/job.py", line 334, in <module>
    clone_voice(f"./projects/{i}/{j}")
  File "/home/ubuntu/OpenVoice/job.py", line 201, in clone_voice
    return(convert_color(projectfolder))
  File "/home/ubuntu/OpenVoice/job.py", line 277, in convert_color
    target_se, audio_name = se_extractor.get_se(ref_audio_path, tone_color_converter, vad=False)
  File "/home/ubuntu/OpenVoice/openvoice/se_extractor.py", line 146, in get_se
    wavs_folder = split_audio_whisper(audio_path, target_dir=target_dir, audio_name=audio_name)
  File "/home/ubuntu/OpenVoice/openvoice/se_extractor.py", line 29, in split_audio_whisper
    segments = list(segments)
  File "/home/ubuntu/miniconda3/envs/openvoice/lib/python3.9/site-packages/faster_whisper/transcribe.py", line 433, in generate_segments
    ) = self.generate_with_fallback(encoder_output, prompt, tokenizer, options)
  File "/home/ubuntu/miniconda3/envs/openvoice/lib/python3.9/site-packages/faster_whisper/transcribe.py", line 641, in generate_with_fallback
    result = self.model.generate(
RuntimeError: CUDA failed with error out of memory
Traceback (most recent call last):
  File "/home/ubuntu/OpenVoice/job.py", line 334, in <module>
    clone_voice(f"./projects/{i}/{j}")
  File "/home/ubuntu/OpenVoice/job.py", line 201, in clone_voice
    return(convert_color(projectfolder))
  File "/home/ubuntu/OpenVoice/job.py", line 277, in convert_color
    target_se, audio_name = se_extractor.get_se(ref_audio_path, tone_color_converter, vad=False)
  File "/home/ubuntu/OpenVoice/openvoice/se_extractor.py", line 146, in get_se
    wavs_folder = split_audio_whisper(audio_path, target_dir=target_dir, audio_name=audio_name)
  File "/home/ubuntu/OpenVoice/openvoice/se_extractor.py", line 29, in split_audio_whisper
    segments = list(segments)
  File "/home/ubuntu/miniconda3/envs/openvoice/lib/python3.9/site-packages/faster_whisper/transcribe.py", line 433, in generate_segments
    ) = self.generate_with_fallback(encoder_output, prompt, tokenizer, options)
  File "/home/ubuntu/miniconda3/envs/openvoice/lib/python3.9/site-packages/faster_whisper/transcribe.py", line 641, in generate_with_fallback
    result = self.model.generate(
RuntimeError: CUDA failed with error out of memory
Traceback (most recent call last):
  File "/home/ubuntu/OpenVoice/job.py", line 334, in <module>
    clone_voice(f"./projects/{i}/{j}")
  File "/home/ubuntu/OpenVoice/job.py", line 201, in clone_voice
    return(convert_color(projectfolder))
  File "/home/ubuntu/OpenVoice/job.py", line 277, in convert_color
    target_se, audio_name = se_extractor.get_se(ref_audio_path, tone_color_converter, vad=False)
  File "/home/ubuntu/OpenVoice/openvoice/se_extractor.py", line 146, in get_se
    wavs_folder = split_audio_whisper(audio_path, target_dir=target_dir, audio_name=audio_name)
  File "/home/ubuntu/OpenVoice/openvoice/se_extractor.py", line 29, in split_audio_whisper
    segments = list(segments)
  File "/home/ubuntu/miniconda3/envs/openvoice/lib/python3.9/site-packages/faster_whisper/transcribe.py", line 433, in generate_segments
    ) = self.generate_with_fallback(encoder_output, prompt, tokenizer, options)
  File "/home/ubuntu/miniconda3/envs/openvoice/lib/python3.9/site-packages/faster_whisper/transcribe.py", line 641, in generate_with_fallback
    result = self.model.generate(
RuntimeError: CUDA failed with error out of memory
Traceback (most recent call last):
  File "/home/ubuntu/OpenVoice/job.py", line 334, in <module>
    clone_voice(f"./projects/{i}/{j}")
  File "/home/ubuntu/OpenVoice/job.py", line 201, in clone_voice
    return(convert_color(projectfolder))
  File "/home/ubuntu/OpenVoice/job.py", line 277, in convert_color
    target_se, audio_name = se_extractor.get_se(ref_audio_path, tone_color_converter, vad=False)
  File "/home/ubuntu/OpenVoice/openvoice/se_extractor.py", line 146, in get_se
    wavs_folder = split_audio_whisper(audio_path, target_dir=target_dir, audio_name=audio_name)
  File "/home/ubuntu/OpenVoice/openvoice/se_extractor.py", line 29, in split_audio_whisper
    segments = list(segments)
  File "/home/ubuntu/miniconda3/envs/openvoice/lib/python3.9/site-packages/faster_whisper/transcribe.py", line 433, in generate_segments
    ) = self.generate_with_fallback(encoder_output, prompt, tokenizer, options)
  File "/home/ubuntu/miniconda3/envs/openvoice/lib/python3.9/site-packages/faster_whisper/transcribe.py", line 641, in generate_with_fallback
    result = self.model.generate(
RuntimeError: CUDA failed with error out of memory
Traceback (most recent call last):
  File "/home/ubuntu/OpenVoice/job.py", line 334, in <module>
    clone_voice(f"./projects/{i}/{j}")
  File "/home/ubuntu/OpenVoice/job.py", line 201, in clone_voice
    return(convert_color(projectfolder))
  File "/home/ubuntu/OpenVoice/job.py", line 277, in convert_color
    target_se, audio_name = se_extractor.get_se(ref_audio_path, tone_color_converter, vad=False)
  File "/home/ubuntu/OpenVoice/openvoice/se_extractor.py", line 146, in get_se
    wavs_folder = split_audio_whisper(audio_path, target_dir=target_dir, audio_name=audio_name)
  File "/home/ubuntu/OpenVoice/openvoice/se_extractor.py", line 29, in split_audio_whisper
    segments = list(segments)
  File "/home/ubuntu/miniconda3/envs/openvoice/lib/python3.9/site-packages/faster_whisper/transcribe.py", line 433, in generate_segments
    ) = self.generate_with_fallback(encoder_output, prompt, tokenizer, options)
  File "/home/ubuntu/miniconda3/envs/openvoice/lib/python3.9/site-packages/faster_whisper/transcribe.py", line 641, in generate_with_fallback
    result = self.model.generate(
RuntimeError: CUDA failed with error out of memory
Traceback (most recent call last):
  File "/home/ubuntu/OpenVoice/job.py", line 334, in <module>
    clone_voice(f"./projects/{i}/{j}")
  File "/home/ubuntu/OpenVoice/job.py", line 201, in clone_voice
    return(convert_color(projectfolder))
  File "/home/ubuntu/OpenVoice/job.py", line 277, in convert_color
    target_se, audio_name = se_extractor.get_se(ref_audio_path, tone_color_converter, vad=False)
  File "/home/ubuntu/OpenVoice/openvoice/se_extractor.py", line 146, in get_se
    wavs_folder = split_audio_whisper(audio_path, target_dir=target_dir, audio_name=audio_name)
  File "/home/ubuntu/OpenVoice/openvoice/se_extractor.py", line 29, in split_audio_whisper
    segments = list(segments)
  File "/home/ubuntu/miniconda3/envs/openvoice/lib/python3.9/site-packages/faster_whisper/transcribe.py", line 433, in generate_segments
    ) = self.generate_with_fallback(encoder_output, prompt, tokenizer, options)
  File "/home/ubuntu/miniconda3/envs/openvoice/lib/python3.9/site-packages/faster_whisper/transcribe.py", line 641, in generate_with_fallback
    result = self.model.generate(
RuntimeError: CUDA failed with error out of memory
Traceback (most recent call last):
  File "/home/ubuntu/OpenVoice/job.py", line 334, in <module>
    clone_voice(f"./projects/{i}/{j}")
  File "/home/ubuntu/OpenVoice/job.py", line 201, in clone_voice
    return(convert_color(projectfolder))
  File "/home/ubuntu/OpenVoice/job.py", line 277, in convert_color
    target_se, audio_name = se_extractor.get_se(ref_audio_path, tone_color_converter, vad=False)
  File "/home/ubuntu/OpenVoice/openvoice/se_extractor.py", line 146, in get_se
    wavs_folder = split_audio_whisper(audio_path, target_dir=target_dir, audio_name=audio_name)
  File "/home/ubuntu/OpenVoice/openvoice/se_extractor.py", line 29, in split_audio_whisper
    segments = list(segments)
  File "/home/ubuntu/miniconda3/envs/openvoice/lib/python3.9/site-packages/faster_whisper/transcribe.py", line 433, in generate_segments
    ) = self.generate_with_fallback(encoder_output, prompt, tokenizer, options)
  File "/home/ubuntu/miniconda3/envs/openvoice/lib/python3.9/site-packages/faster_whisper/transcribe.py", line 641, in generate_with_fallback
    result = self.model.generate(
RuntimeError: CUDA failed with error out of memory
Traceback (most recent call last):
  File "/home/ubuntu/OpenVoice/job.py", line 334, in <module>
    clone_voice(f"./projects/{i}/{j}")
  File "/home/ubuntu/OpenVoice/job.py", line 201, in clone_voice
    return(convert_color(projectfolder))
  File "/home/ubuntu/OpenVoice/job.py", line 277, in convert_color
    target_se, audio_name = se_extractor.get_se(ref_audio_path, tone_color_converter, vad=False)
  File "/home/ubuntu/OpenVoice/openvoice/se_extractor.py", line 146, in get_se
    wavs_folder = split_audio_whisper(audio_path, target_dir=target_dir, audio_name=audio_name)
  File "/home/ubuntu/OpenVoice/openvoice/se_extractor.py", line 29, in split_audio_whisper
    segments = list(segments)
  File "/home/ubuntu/miniconda3/envs/openvoice/lib/python3.9/site-packages/faster_whisper/transcribe.py", line 433, in generate_segments
    ) = self.generate_with_fallback(encoder_output, prompt, tokenizer, options)
  File "/home/ubuntu/miniconda3/envs/openvoice/lib/python3.9/site-packages/faster_whisper/transcribe.py", line 641, in generate_with_fallback
    result = self.model.generate(
RuntimeError: CUDA failed with error out of memory
Traceback (most recent call last):
  File "/home/ubuntu/OpenVoice/job.py", line 334, in <module>
    clone_voice(f"./projects/{i}/{j}")
  File "/home/ubuntu/OpenVoice/job.py", line 201, in clone_voice
    return(convert_color(projectfolder))
  File "/home/ubuntu/OpenVoice/job.py", line 277, in convert_color
    target_se, audio_name = se_extractor.get_se(ref_audio_path, tone_color_converter, vad=False)
  File "/home/ubuntu/OpenVoice/openvoice/se_extractor.py", line 146, in get_se
    wavs_folder = split_audio_whisper(audio_path, target_dir=target_dir, audio_name=audio_name)
  File "/home/ubuntu/OpenVoice/openvoice/se_extractor.py", line 29, in split_audio_whisper
    segments = list(segments)
  File "/home/ubuntu/miniconda3/envs/openvoice/lib/python3.9/site-packages/faster_whisper/transcribe.py", line 433, in generate_segments
    ) = self.generate_with_fallback(encoder_output, prompt, tokenizer, options)
  File "/home/ubuntu/miniconda3/envs/openvoice/lib/python3.9/site-packages/faster_whisper/transcribe.py", line 641, in generate_with_fallback
    result = self.model.generate(
RuntimeError: CUDA failed with error out of memory
Traceback (most recent call last):
  File "/home/ubuntu/OpenVoice/job.py", line 334, in <module>
    clone_voice(f"./projects/{i}/{j}")
  File "/home/ubuntu/OpenVoice/job.py", line 201, in clone_voice
    return(convert_color(projectfolder))
  File "/home/ubuntu/OpenVoice/job.py", line 277, in convert_color
    target_se, audio_name = se_extractor.get_se(ref_audio_path, tone_color_converter, vad=False)
  File "/home/ubuntu/OpenVoice/openvoice/se_extractor.py", line 146, in get_se
    wavs_folder = split_audio_whisper(audio_path, target_dir=target_dir, audio_name=audio_name)
  File "/home/ubuntu/OpenVoice/openvoice/se_extractor.py", line 29, in split_audio_whisper
    segments = list(segments)
  File "/home/ubuntu/miniconda3/envs/openvoice/lib/python3.9/site-packages/faster_whisper/transcribe.py", line 433, in generate_segments
    ) = self.generate_with_fallback(encoder_output, prompt, tokenizer, options)
  File "/home/ubuntu/miniconda3/envs/openvoice/lib/python3.9/site-packages/faster_whisper/transcribe.py", line 641, in generate_with_fallback
    result = self.model.generate(
RuntimeError: CUDA failed with error out of memory
Traceback (most recent call last):
  File "/home/ubuntu/OpenVoice/job.py", line 334, in <module>
    clone_voice(f"./projects/{i}/{j}")
  File "/home/ubuntu/OpenVoice/job.py", line 201, in clone_voice
    return(convert_color(projectfolder))
  File "/home/ubuntu/OpenVoice/job.py", line 277, in convert_color
    target_se, audio_name = se_extractor.get_se(ref_audio_path, tone_color_converter, vad=False)
  File "/home/ubuntu/OpenVoice/openvoice/se_extractor.py", line 146, in get_se
    wavs_folder = split_audio_whisper(audio_path, target_dir=target_dir, audio_name=audio_name)
  File "/home/ubuntu/OpenVoice/openvoice/se_extractor.py", line 29, in split_audio_whisper
    segments = list(segments)
  File "/home/ubuntu/miniconda3/envs/openvoice/lib/python3.9/site-packages/faster_whisper/transcribe.py", line 433, in generate_segments
    ) = self.generate_with_fallback(encoder_output, prompt, tokenizer, options)
  File "/home/ubuntu/miniconda3/envs/openvoice/lib/python3.9/site-packages/faster_whisper/transcribe.py", line 641, in generate_with_fallback
    result = self.model.generate(
RuntimeError: CUDA failed with error out of memory
Traceback (most recent call last):
  File "/home/ubuntu/OpenVoice/job.py", line 334, in <module>
    clone_voice(f"./projects/{i}/{j}")
  File "/home/ubuntu/OpenVoice/job.py", line 201, in clone_voice
    return(convert_color(projectfolder))
  File "/home/ubuntu/OpenVoice/job.py", line 277, in convert_color
    target_se, audio_name = se_extractor.get_se(ref_audio_path, tone_color_converter, vad=False)
  File "/home/ubuntu/OpenVoice/openvoice/se_extractor.py", line 146, in get_se
    wavs_folder = split_audio_whisper(audio_path, target_dir=target_dir, audio_name=audio_name)
  File "/home/ubuntu/OpenVoice/openvoice/se_extractor.py", line 29, in split_audio_whisper
    segments = list(segments)
  File "/home/ubuntu/miniconda3/envs/openvoice/lib/python3.9/site-packages/faster_whisper/transcribe.py", line 433, in generate_segments
    ) = self.generate_with_fallback(encoder_output, prompt, tokenizer, options)
  File "/home/ubuntu/miniconda3/envs/openvoice/lib/python3.9/site-packages/faster_whisper/transcribe.py", line 641, in generate_with_fallback
    result = self.model.generate(
RuntimeError: CUDA failed with error out of memory
Traceback (most recent call last):
  File "/home/ubuntu/OpenVoice/job.py", line 334, in <module>
    clone_voice(f"./projects/{i}/{j}")
  File "/home/ubuntu/OpenVoice/job.py", line 201, in clone_voice
    return(convert_color(projectfolder))
  File "/home/ubuntu/OpenVoice/job.py", line 277, in convert_color
    target_se, audio_name = se_extractor.get_se(ref_audio_path, tone_color_converter, vad=False)
  File "/home/ubuntu/OpenVoice/openvoice/se_extractor.py", line 146, in get_se
    wavs_folder = split_audio_whisper(audio_path, target_dir=target_dir, audio_name=audio_name)
  File "/home/ubuntu/OpenVoice/openvoice/se_extractor.py", line 29, in split_audio_whisper
    segments = list(segments)
  File "/home/ubuntu/miniconda3/envs/openvoice/lib/python3.9/site-packages/faster_whisper/transcribe.py", line 433, in generate_segments
    ) = self.generate_with_fallback(encoder_output, prompt, tokenizer, options)
  File "/home/ubuntu/miniconda3/envs/openvoice/lib/python3.9/site-packages/faster_whisper/transcribe.py", line 641, in generate_with_fallback
    result = self.model.generate(
RuntimeError: CUDA failed with error out of memory
Traceback (most recent call last):
  File "/home/ubuntu/OpenVoice/job.py", line 334, in <module>
    clone_voice(f"./projects/{i}/{j}")
  File "/home/ubuntu/OpenVoice/job.py", line 201, in clone_voice
    return(convert_color(projectfolder))
  File "/home/ubuntu/OpenVoice/job.py", line 277, in convert_color
    target_se, audio_name = se_extractor.get_se(ref_audio_path, tone_color_converter, vad=False)
  File "/home/ubuntu/OpenVoice/openvoice/se_extractor.py", line 146, in get_se
    wavs_folder = split_audio_whisper(audio_path, target_dir=target_dir, audio_name=audio_name)
  File "/home/ubuntu/OpenVoice/openvoice/se_extractor.py", line 29, in split_audio_whisper
    segments = list(segments)
  File "/home/ubuntu/miniconda3/envs/openvoice/lib/python3.9/site-packages/faster_whisper/transcribe.py", line 433, in generate_segments
    ) = self.generate_with_fallback(encoder_output, prompt, tokenizer, options)
  File "/home/ubuntu/miniconda3/envs/openvoice/lib/python3.9/site-packages/faster_whisper/transcribe.py", line 641, in generate_with_fallback
    result = self.model.generate(
RuntimeError: CUDA failed with error out of memory
Traceback (most recent call last):
  File "/home/ubuntu/OpenVoice/job.py", line 334, in <module>
    clone_voice(f"./projects/{i}/{j}")
  File "/home/ubuntu/OpenVoice/job.py", line 201, in clone_voice
    return(convert_color(projectfolder))
  File "/home/ubuntu/OpenVoice/job.py", line 277, in convert_color
    target_se, audio_name = se_extractor.get_se(ref_audio_path, tone_color_converter, vad=False)
  File "/home/ubuntu/OpenVoice/openvoice/se_extractor.py", line 146, in get_se
    wavs_folder = split_audio_whisper(audio_path, target_dir=target_dir, audio_name=audio_name)
  File "/home/ubuntu/OpenVoice/openvoice/se_extractor.py", line 29, in split_audio_whisper
    segments = list(segments)
  File "/home/ubuntu/miniconda3/envs/openvoice/lib/python3.9/site-packages/faster_whisper/transcribe.py", line 433, in generate_segments
    ) = self.generate_with_fallback(encoder_output, prompt, tokenizer, options)
  File "/home/ubuntu/miniconda3/envs/openvoice/lib/python3.9/site-packages/faster_whisper/transcribe.py", line 641, in generate_with_fallback
    result = self.model.generate(
RuntimeError: CUDA failed with error out of memory
Traceback (most recent call last):
  File "/home/ubuntu/OpenVoice/job.py", line 334, in <module>
    clone_voice(f"./projects/{i}/{j}")
  File "/home/ubuntu/OpenVoice/job.py", line 201, in clone_voice
    return(convert_color(projectfolder))
  File "/home/ubuntu/OpenVoice/job.py", line 277, in convert_color
    target_se, audio_name = se_extractor.get_se(ref_audio_path, tone_color_converter, vad=False)
  File "/home/ubuntu/OpenVoice/openvoice/se_extractor.py", line 146, in get_se
    wavs_folder = split_audio_whisper(audio_path, target_dir=target_dir, audio_name=audio_name)
  File "/home/ubuntu/OpenVoice/openvoice/se_extractor.py", line 29, in split_audio_whisper
    segments = list(segments)
  File "/home/ubuntu/miniconda3/envs/openvoice/lib/python3.9/site-packages/faster_whisper/transcribe.py", line 433, in generate_segments
    ) = self.generate_with_fallback(encoder_output, prompt, tokenizer, options)
  File "/home/ubuntu/miniconda3/envs/openvoice/lib/python3.9/site-packages/faster_whisper/transcribe.py", line 641, in generate_with_fallback
    result = self.model.generate(
RuntimeError: CUDA failed with error out of memory
Traceback (most recent call last):
  File "/home/ubuntu/OpenVoice/job.py", line 334, in <module>
    clone_voice(f"./projects/{i}/{j}")
  File "/home/ubuntu/OpenVoice/job.py", line 201, in clone_voice
    return(convert_color(projectfolder))
  File "/home/ubuntu/OpenVoice/job.py", line 277, in convert_color
    target_se, audio_name = se_extractor.get_se(ref_audio_path, tone_color_converter, vad=False)
  File "/home/ubuntu/OpenVoice/openvoice/se_extractor.py", line 146, in get_se
    wavs_folder = split_audio_whisper(audio_path, target_dir=target_dir, audio_name=audio_name)
  File "/home/ubuntu/OpenVoice/openvoice/se_extractor.py", line 29, in split_audio_whisper
    segments = list(segments)
  File "/home/ubuntu/miniconda3/envs/openvoice/lib/python3.9/site-packages/faster_whisper/transcribe.py", line 433, in generate_segments
    ) = self.generate_with_fallback(encoder_output, prompt, tokenizer, options)
  File "/home/ubuntu/miniconda3/envs/openvoice/lib/python3.9/site-packages/faster_whisper/transcribe.py", line 641, in generate_with_fallback
    result = self.model.generate(
RuntimeError: CUDA failed with error out of memory
Traceback (most recent call last):
  File "/home/ubuntu/OpenVoice/job.py", line 334, in <module>
    clone_voice(f"./projects/{i}/{j}")
  File "/home/ubuntu/OpenVoice/job.py", line 201, in clone_voice
    return(convert_color(projectfolder))
  File "/home/ubuntu/OpenVoice/job.py", line 277, in convert_color
    target_se, audio_name = se_extractor.get_se(ref_audio_path, tone_color_converter, vad=False)
  File "/home/ubuntu/OpenVoice/openvoice/se_extractor.py", line 146, in get_se
    wavs_folder = split_audio_whisper(audio_path, target_dir=target_dir, audio_name=audio_name)
  File "/home/ubuntu/OpenVoice/openvoice/se_extractor.py", line 29, in split_audio_whisper
    segments = list(segments)
  File "/home/ubuntu/miniconda3/envs/openvoice/lib/python3.9/site-packages/faster_whisper/transcribe.py", line 433, in generate_segments
    ) = self.generate_with_fallback(encoder_output, prompt, tokenizer, options)
  File "/home/ubuntu/miniconda3/envs/openvoice/lib/python3.9/site-packages/faster_whisper/transcribe.py", line 641, in generate_with_fallback
    result = self.model.generate(
RuntimeError: CUDA failed with error out of memory
Traceback (most recent call last):
  File "/home/ubuntu/OpenVoice/job.py", line 334, in <module>
    clone_voice(f"./projects/{i}/{j}")
  File "/home/ubuntu/OpenVoice/job.py", line 201, in clone_voice
    return(convert_color(projectfolder))
  File "/home/ubuntu/OpenVoice/job.py", line 277, in convert_color
    target_se, audio_name = se_extractor.get_se(ref_audio_path, tone_color_converter, vad=False)
  File "/home/ubuntu/OpenVoice/openvoice/se_extractor.py", line 146, in get_se
    wavs_folder = split_audio_whisper(audio_path, target_dir=target_dir, audio_name=audio_name)
  File "/home/ubuntu/OpenVoice/openvoice/se_extractor.py", line 29, in split_audio_whisper
    segments = list(segments)
  File "/home/ubuntu/miniconda3/envs/openvoice/lib/python3.9/site-packages/faster_whisper/transcribe.py", line 433, in generate_segments
    ) = self.generate_with_fallback(encoder_output, prompt, tokenizer, options)
  File "/home/ubuntu/miniconda3/envs/openvoice/lib/python3.9/site-packages/faster_whisper/transcribe.py", line 641, in generate_with_fallback
    result = self.model.generate(
RuntimeError: CUDA failed with error out of memory
Traceback (most recent call last):
  File "/home/ubuntu/OpenVoice/job.py", line 334, in <module>
    clone_voice(f"./projects/{i}/{j}")
  File "/home/ubuntu/OpenVoice/job.py", line 201, in clone_voice
    return(convert_color(projectfolder))
  File "/home/ubuntu/OpenVoice/job.py", line 277, in convert_color
    target_se, audio_name = se_extractor.get_se(ref_audio_path, tone_color_converter, vad=False)
  File "/home/ubuntu/OpenVoice/openvoice/se_extractor.py", line 146, in get_se
    wavs_folder = split_audio_whisper(audio_path, target_dir=target_dir, audio_name=audio_name)
  File "/home/ubuntu/OpenVoice/openvoice/se_extractor.py", line 29, in split_audio_whisper
    segments = list(segments)
  File "/home/ubuntu/miniconda3/envs/openvoice/lib/python3.9/site-packages/faster_whisper/transcribe.py", line 433, in generate_segments
    ) = self.generate_with_fallback(encoder_output, prompt, tokenizer, options)
  File "/home/ubuntu/miniconda3/envs/openvoice/lib/python3.9/site-packages/faster_whisper/transcribe.py", line 641, in generate_with_fallback
    result = self.model.generate(
RuntimeError: CUDA failed with error out of memory
Traceback (most recent call last):
  File "/home/ubuntu/OpenVoice/job.py", line 334, in <module>
    clone_voice(f"./projects/{i}/{j}")
  File "/home/ubuntu/OpenVoice/job.py", line 201, in clone_voice
    return(convert_color(projectfolder))
  File "/home/ubuntu/OpenVoice/job.py", line 277, in convert_color
    target_se, audio_name = se_extractor.get_se(ref_audio_path, tone_color_converter, vad=False)
  File "/home/ubuntu/OpenVoice/openvoice/se_extractor.py", line 146, in get_se
    wavs_folder = split_audio_whisper(audio_path, target_dir=target_dir, audio_name=audio_name)
  File "/home/ubuntu/OpenVoice/openvoice/se_extractor.py", line 29, in split_audio_whisper
    segments = list(segments)
  File "/home/ubuntu/miniconda3/envs/openvoice/lib/python3.9/site-packages/faster_whisper/transcribe.py", line 433, in generate_segments
    ) = self.generate_with_fallback(encoder_output, prompt, tokenizer, options)
  File "/home/ubuntu/miniconda3/envs/openvoice/lib/python3.9/site-packages/faster_whisper/transcribe.py", line 641, in generate_with_fallback
    result = self.model.generate(
RuntimeError: CUDA failed with error out of memory
Traceback (most recent call last):
  File "/home/ubuntu/OpenVoice/job.py", line 334, in <module>
    clone_voice(f"./projects/{i}/{j}")
  File "/home/ubuntu/OpenVoice/job.py", line 201, in clone_voice
    return(convert_color(projectfolder))
  File "/home/ubuntu/OpenVoice/job.py", line 277, in convert_color
    target_se, audio_name = se_extractor.get_se(ref_audio_path, tone_color_converter, vad=False)
  File "/home/ubuntu/OpenVoice/openvoice/se_extractor.py", line 146, in get_se
    wavs_folder = split_audio_whisper(audio_path, target_dir=target_dir, audio_name=audio_name)
  File "/home/ubuntu/OpenVoice/openvoice/se_extractor.py", line 29, in split_audio_whisper
    segments = list(segments)
  File "/home/ubuntu/miniconda3/envs/openvoice/lib/python3.9/site-packages/faster_whisper/transcribe.py", line 433, in generate_segments
    ) = self.generate_with_fallback(encoder_output, prompt, tokenizer, options)
  File "/home/ubuntu/miniconda3/envs/openvoice/lib/python3.9/site-packages/faster_whisper/transcribe.py", line 641, in generate_with_fallback
    result = self.model.generate(
RuntimeError: CUDA failed with error out of memory
Traceback (most recent call last):
  File "/home/ubuntu/OpenVoice/job.py", line 334, in <module>
    clone_voice(f"./projects/{i}/{j}")
  File "/home/ubuntu/OpenVoice/job.py", line 201, in clone_voice
    return(convert_color(projectfolder))
  File "/home/ubuntu/OpenVoice/job.py", line 277, in convert_color
    target_se, audio_name = se_extractor.get_se(ref_audio_path, tone_color_converter, vad=False)
  File "/home/ubuntu/OpenVoice/openvoice/se_extractor.py", line 146, in get_se
    wavs_folder = split_audio_whisper(audio_path, target_dir=target_dir, audio_name=audio_name)
  File "/home/ubuntu/OpenVoice/openvoice/se_extractor.py", line 29, in split_audio_whisper
    segments = list(segments)
  File "/home/ubuntu/miniconda3/envs/openvoice/lib/python3.9/site-packages/faster_whisper/transcribe.py", line 433, in generate_segments
    ) = self.generate_with_fallback(encoder_output, prompt, tokenizer, options)
  File "/home/ubuntu/miniconda3/envs/openvoice/lib/python3.9/site-packages/faster_whisper/transcribe.py", line 641, in generate_with_fallback
    result = self.model.generate(
RuntimeError: CUDA failed with error out of memory
Traceback (most recent call last):
  File "/home/ubuntu/OpenVoice/job.py", line 334, in <module>
    clone_voice(f"./projects/{i}/{j}")
  File "/home/ubuntu/OpenVoice/job.py", line 201, in clone_voice
    return(convert_color(projectfolder))
  File "/home/ubuntu/OpenVoice/job.py", line 277, in convert_color
    target_se, audio_name = se_extractor.get_se(ref_audio_path, tone_color_converter, vad=False)
  File "/home/ubuntu/OpenVoice/openvoice/se_extractor.py", line 146, in get_se
    wavs_folder = split_audio_whisper(audio_path, target_dir=target_dir, audio_name=audio_name)
  File "/home/ubuntu/OpenVoice/openvoice/se_extractor.py", line 29, in split_audio_whisper
    segments = list(segments)
  File "/home/ubuntu/miniconda3/envs/openvoice/lib/python3.9/site-packages/faster_whisper/transcribe.py", line 433, in generate_segments
    ) = self.generate_with_fallback(encoder_output, prompt, tokenizer, options)
  File "/home/ubuntu/miniconda3/envs/openvoice/lib/python3.9/site-packages/faster_whisper/transcribe.py", line 641, in generate_with_fallback
    result = self.model.generate(
RuntimeError: CUDA failed with error out of memory
Traceback (most recent call last):
  File "/home/ubuntu/OpenVoice/job.py", line 334, in <module>
    clone_voice(f"./projects/{i}/{j}")
  File "/home/ubuntu/OpenVoice/job.py", line 201, in clone_voice
    return(convert_color(projectfolder))
  File "/home/ubuntu/OpenVoice/job.py", line 277, in convert_color
    target_se, audio_name = se_extractor.get_se(ref_audio_path, tone_color_converter, vad=False)
  File "/home/ubuntu/OpenVoice/openvoice/se_extractor.py", line 146, in get_se
    wavs_folder = split_audio_whisper(audio_path, target_dir=target_dir, audio_name=audio_name)
  File "/home/ubuntu/OpenVoice/openvoice/se_extractor.py", line 29, in split_audio_whisper
    segments = list(segments)
  File "/home/ubuntu/miniconda3/envs/openvoice/lib/python3.9/site-packages/faster_whisper/transcribe.py", line 433, in generate_segments
    ) = self.generate_with_fallback(encoder_output, prompt, tokenizer, options)
  File "/home/ubuntu/miniconda3/envs/openvoice/lib/python3.9/site-packages/faster_whisper/transcribe.py", line 641, in generate_with_fallback
    result = self.model.generate(
RuntimeError: CUDA failed with error out of memory
Traceback (most recent call last):
  File "/home/ubuntu/OpenVoice/job.py", line 334, in <module>
    clone_voice(f"./projects/{i}/{j}")
  File "/home/ubuntu/OpenVoice/job.py", line 201, in clone_voice
    return(convert_color(projectfolder))
  File "/home/ubuntu/OpenVoice/job.py", line 277, in convert_color
    target_se, audio_name = se_extractor.get_se(ref_audio_path, tone_color_converter, vad=False)
  File "/home/ubuntu/OpenVoice/openvoice/se_extractor.py", line 146, in get_se
    wavs_folder = split_audio_whisper(audio_path, target_dir=target_dir, audio_name=audio_name)
  File "/home/ubuntu/OpenVoice/openvoice/se_extractor.py", line 29, in split_audio_whisper
    segments = list(segments)
  File "/home/ubuntu/miniconda3/envs/openvoice/lib/python3.9/site-packages/faster_whisper/transcribe.py", line 433, in generate_segments
    ) = self.generate_with_fallback(encoder_output, prompt, tokenizer, options)
  File "/home/ubuntu/miniconda3/envs/openvoice/lib/python3.9/site-packages/faster_whisper/transcribe.py", line 641, in generate_with_fallback
    result = self.model.generate(
RuntimeError: CUDA failed with error out of memory
Traceback (most recent call last):
  File "/home/ubuntu/OpenVoice/job.py", line 334, in <module>
    clone_voice(f"./projects/{i}/{j}")
  File "/home/ubuntu/OpenVoice/job.py", line 201, in clone_voice
    return(convert_color(projectfolder))
  File "/home/ubuntu/OpenVoice/job.py", line 277, in convert_color
    target_se, audio_name = se_extractor.get_se(ref_audio_path, tone_color_converter, vad=False)
  File "/home/ubuntu/OpenVoice/openvoice/se_extractor.py", line 146, in get_se
    wavs_folder = split_audio_whisper(audio_path, target_dir=target_dir, audio_name=audio_name)
  File "/home/ubuntu/OpenVoice/openvoice/se_extractor.py", line 29, in split_audio_whisper
    segments = list(segments)
  File "/home/ubuntu/miniconda3/envs/openvoice/lib/python3.9/site-packages/faster_whisper/transcribe.py", line 433, in generate_segments
    ) = self.generate_with_fallback(encoder_output, prompt, tokenizer, options)
  File "/home/ubuntu/miniconda3/envs/openvoice/lib/python3.9/site-packages/faster_whisper/transcribe.py", line 641, in generate_with_fallback
    result = self.model.generate(
RuntimeError: CUDA failed with error out of memory
Traceback (most recent call last):
  File "/home/ubuntu/OpenVoice/job.py", line 334, in <module>
    clone_voice(f"./projects/{i}/{j}")
  File "/home/ubuntu/OpenVoice/job.py", line 201, in clone_voice
    return(convert_color(projectfolder))
  File "/home/ubuntu/OpenVoice/job.py", line 277, in convert_color
    target_se, audio_name = se_extractor.get_se(ref_audio_path, tone_color_converter, vad=False)
  File "/home/ubuntu/OpenVoice/openvoice/se_extractor.py", line 146, in get_se
    wavs_folder = split_audio_whisper(audio_path, target_dir=target_dir, audio_name=audio_name)
  File "/home/ubuntu/OpenVoice/openvoice/se_extractor.py", line 29, in split_audio_whisper
    segments = list(segments)
  File "/home/ubuntu/miniconda3/envs/openvoice/lib/python3.9/site-packages/faster_whisper/transcribe.py", line 433, in generate_segments
    ) = self.generate_with_fallback(encoder_output, prompt, tokenizer, options)
  File "/home/ubuntu/miniconda3/envs/openvoice/lib/python3.9/site-packages/faster_whisper/transcribe.py", line 641, in generate_with_fallback
    result = self.model.generate(
RuntimeError: CUDA failed with error out of memory
Traceback (most recent call last):
  File "/home/ubuntu/OpenVoice/job.py", line 334, in <module>
    clone_voice(f"./projects/{i}/{j}")
  File "/home/ubuntu/OpenVoice/job.py", line 201, in clone_voice
    return(convert_color(projectfolder))
  File "/home/ubuntu/OpenVoice/job.py", line 277, in convert_color
    target_se, audio_name = se_extractor.get_se(ref_audio_path, tone_color_converter, vad=False)
  File "/home/ubuntu/OpenVoice/openvoice/se_extractor.py", line 146, in get_se
    wavs_folder = split_audio_whisper(audio_path, target_dir=target_dir, audio_name=audio_name)
  File "/home/ubuntu/OpenVoice/openvoice/se_extractor.py", line 29, in split_audio_whisper
    segments = list(segments)
  File "/home/ubuntu/miniconda3/envs/openvoice/lib/python3.9/site-packages/faster_whisper/transcribe.py", line 433, in generate_segments
    ) = self.generate_with_fallback(encoder_output, prompt, tokenizer, options)
  File "/home/ubuntu/miniconda3/envs/openvoice/lib/python3.9/site-packages/faster_whisper/transcribe.py", line 641, in generate_with_fallback
    result = self.model.generate(
RuntimeError: CUDA failed with error out of memory
Traceback (most recent call last):
  File "/home/ubuntu/OpenVoice/job.py", line 334, in <module>
    clone_voice(f"./projects/{i}/{j}")
  File "/home/ubuntu/OpenVoice/job.py", line 201, in clone_voice
    return(convert_color(projectfolder))
  File "/home/ubuntu/OpenVoice/job.py", line 277, in convert_color
    target_se, audio_name = se_extractor.get_se(ref_audio_path, tone_color_converter, vad=False)
  File "/home/ubuntu/OpenVoice/openvoice/se_extractor.py", line 146, in get_se
    wavs_folder = split_audio_whisper(audio_path, target_dir=target_dir, audio_name=audio_name)
  File "/home/ubuntu/OpenVoice/openvoice/se_extractor.py", line 29, in split_audio_whisper
    segments = list(segments)
  File "/home/ubuntu/miniconda3/envs/openvoice/lib/python3.9/site-packages/faster_whisper/transcribe.py", line 433, in generate_segments
    ) = self.generate_with_fallback(encoder_output, prompt, tokenizer, options)
  File "/home/ubuntu/miniconda3/envs/openvoice/lib/python3.9/site-packages/faster_whisper/transcribe.py", line 641, in generate_with_fallback
    result = self.model.generate(
RuntimeError: CUDA failed with error out of memory
Traceback (most recent call last):
  File "/home/ubuntu/OpenVoice/job.py", line 334, in <module>
    clone_voice(f"./projects/{i}/{j}")
  File "/home/ubuntu/OpenVoice/job.py", line 201, in clone_voice
    return(convert_color(projectfolder))
  File "/home/ubuntu/OpenVoice/job.py", line 277, in convert_color
    target_se, audio_name = se_extractor.get_se(ref_audio_path, tone_color_converter, vad=False)
  File "/home/ubuntu/OpenVoice/openvoice/se_extractor.py", line 146, in get_se
    wavs_folder = split_audio_whisper(audio_path, target_dir=target_dir, audio_name=audio_name)
  File "/home/ubuntu/OpenVoice/openvoice/se_extractor.py", line 29, in split_audio_whisper
    segments = list(segments)
  File "/home/ubuntu/miniconda3/envs/openvoice/lib/python3.9/site-packages/faster_whisper/transcribe.py", line 433, in generate_segments
    ) = self.generate_with_fallback(encoder_output, prompt, tokenizer, options)
  File "/home/ubuntu/miniconda3/envs/openvoice/lib/python3.9/site-packages/faster_whisper/transcribe.py", line 641, in generate_with_fallback
    result = self.model.generate(
RuntimeError: CUDA failed with error out of memory
Traceback (most recent call last):
  File "/home/ubuntu/OpenVoice/job.py", line 334, in <module>
    clone_voice(f"./projects/{i}/{j}")
  File "/home/ubuntu/OpenVoice/job.py", line 201, in clone_voice
    return(convert_color(projectfolder))
  File "/home/ubuntu/OpenVoice/job.py", line 277, in convert_color
    target_se, audio_name = se_extractor.get_se(ref_audio_path, tone_color_converter, vad=False)
  File "/home/ubuntu/OpenVoice/openvoice/se_extractor.py", line 146, in get_se
    wavs_folder = split_audio_whisper(audio_path, target_dir=target_dir, audio_name=audio_name)
  File "/home/ubuntu/OpenVoice/openvoice/se_extractor.py", line 29, in split_audio_whisper
    segments = list(segments)
  File "/home/ubuntu/miniconda3/envs/openvoice/lib/python3.9/site-packages/faster_whisper/transcribe.py", line 433, in generate_segments
    ) = self.generate_with_fallback(encoder_output, prompt, tokenizer, options)
  File "/home/ubuntu/miniconda3/envs/openvoice/lib/python3.9/site-packages/faster_whisper/transcribe.py", line 641, in generate_with_fallback
    result = self.model.generate(
RuntimeError: CUDA failed with error out of memory
Traceback (most recent call last):
  File "/home/ubuntu/OpenVoice/job.py", line 334, in <module>
    clone_voice(f"./projects/{i}/{j}")
  File "/home/ubuntu/OpenVoice/job.py", line 201, in clone_voice
    return(convert_color(projectfolder))
  File "/home/ubuntu/OpenVoice/job.py", line 277, in convert_color
    target_se, audio_name = se_extractor.get_se(ref_audio_path, tone_color_converter, vad=False)
  File "/home/ubuntu/OpenVoice/openvoice/se_extractor.py", line 146, in get_se
    wavs_folder = split_audio_whisper(audio_path, target_dir=target_dir, audio_name=audio_name)
  File "/home/ubuntu/OpenVoice/openvoice/se_extractor.py", line 29, in split_audio_whisper
    segments = list(segments)
  File "/home/ubuntu/miniconda3/envs/openvoice/lib/python3.9/site-packages/faster_whisper/transcribe.py", line 433, in generate_segments
    ) = self.generate_with_fallback(encoder_output, prompt, tokenizer, options)
  File "/home/ubuntu/miniconda3/envs/openvoice/lib/python3.9/site-packages/faster_whisper/transcribe.py", line 641, in generate_with_fallback
    result = self.model.generate(
RuntimeError: CUDA failed with error out of memory
Traceback (most recent call last):
  File "/home/ubuntu/OpenVoice/job.py", line 334, in <module>
    clone_voice(f"./projects/{i}/{j}")
  File "/home/ubuntu/OpenVoice/job.py", line 201, in clone_voice
    return(convert_color(projectfolder))
  File "/home/ubuntu/OpenVoice/job.py", line 277, in convert_color
    target_se, audio_name = se_extractor.get_se(ref_audio_path, tone_color_converter, vad=False)
  File "/home/ubuntu/OpenVoice/openvoice/se_extractor.py", line 146, in get_se
    wavs_folder = split_audio_whisper(audio_path, target_dir=target_dir, audio_name=audio_name)
  File "/home/ubuntu/OpenVoice/openvoice/se_extractor.py", line 29, in split_audio_whisper
    segments = list(segments)
  File "/home/ubuntu/miniconda3/envs/openvoice/lib/python3.9/site-packages/faster_whisper/transcribe.py", line 433, in generate_segments
    ) = self.generate_with_fallback(encoder_output, prompt, tokenizer, options)
  File "/home/ubuntu/miniconda3/envs/openvoice/lib/python3.9/site-packages/faster_whisper/transcribe.py", line 641, in generate_with_fallback
    result = self.model.generate(
RuntimeError: CUDA failed with error out of memory
Traceback (most recent call last):
  File "/home/ubuntu/OpenVoice/job.py", line 334, in <module>
    clone_voice(f"./projects/{i}/{j}")
  File "/home/ubuntu/OpenVoice/job.py", line 201, in clone_voice
    return(convert_color(projectfolder))
  File "/home/ubuntu/OpenVoice/job.py", line 277, in convert_color
    target_se, audio_name = se_extractor.get_se(ref_audio_path, tone_color_converter, vad=False)
  File "/home/ubuntu/OpenVoice/openvoice/se_extractor.py", line 146, in get_se
    wavs_folder = split_audio_whisper(audio_path, target_dir=target_dir, audio_name=audio_name)
  File "/home/ubuntu/OpenVoice/openvoice/se_extractor.py", line 29, in split_audio_whisper
    segments = list(segments)
  File "/home/ubuntu/miniconda3/envs/openvoice/lib/python3.9/site-packages/faster_whisper/transcribe.py", line 433, in generate_segments
    ) = self.generate_with_fallback(encoder_output, prompt, tokenizer, options)
  File "/home/ubuntu/miniconda3/envs/openvoice/lib/python3.9/site-packages/faster_whisper/transcribe.py", line 641, in generate_with_fallback
    result = self.model.generate(
RuntimeError: CUDA failed with error out of memory
Traceback (most recent call last):
  File "/home/ubuntu/OpenVoice/job.py", line 334, in <module>
    clone_voice(f"./projects/{i}/{j}")
  File "/home/ubuntu/OpenVoice/job.py", line 201, in clone_voice
    return(convert_color(projectfolder))
  File "/home/ubuntu/OpenVoice/job.py", line 277, in convert_color
    target_se, audio_name = se_extractor.get_se(ref_audio_path, tone_color_converter, vad=False)
  File "/home/ubuntu/OpenVoice/openvoice/se_extractor.py", line 146, in get_se
    wavs_folder = split_audio_whisper(audio_path, target_dir=target_dir, audio_name=audio_name)
  File "/home/ubuntu/OpenVoice/openvoice/se_extractor.py", line 29, in split_audio_whisper
    segments = list(segments)
  File "/home/ubuntu/miniconda3/envs/openvoice/lib/python3.9/site-packages/faster_whisper/transcribe.py", line 433, in generate_segments
    ) = self.generate_with_fallback(encoder_output, prompt, tokenizer, options)
  File "/home/ubuntu/miniconda3/envs/openvoice/lib/python3.9/site-packages/faster_whisper/transcribe.py", line 641, in generate_with_fallback
    result = self.model.generate(
RuntimeError: CUDA failed with error out of memory
Traceback (most recent call last):
  File "/home/ubuntu/OpenVoice/job.py", line 334, in <module>
    clone_voice(f"./projects/{i}/{j}")
  File "/home/ubuntu/OpenVoice/job.py", line 201, in clone_voice
    return(convert_color(projectfolder))
  File "/home/ubuntu/OpenVoice/job.py", line 277, in convert_color
    target_se, audio_name = se_extractor.get_se(ref_audio_path, tone_color_converter, vad=False)
  File "/home/ubuntu/OpenVoice/openvoice/se_extractor.py", line 146, in get_se
    wavs_folder = split_audio_whisper(audio_path, target_dir=target_dir, audio_name=audio_name)
  File "/home/ubuntu/OpenVoice/openvoice/se_extractor.py", line 29, in split_audio_whisper
    segments = list(segments)
  File "/home/ubuntu/miniconda3/envs/openvoice/lib/python3.9/site-packages/faster_whisper/transcribe.py", line 433, in generate_segments
    ) = self.generate_with_fallback(encoder_output, prompt, tokenizer, options)
  File "/home/ubuntu/miniconda3/envs/openvoice/lib/python3.9/site-packages/faster_whisper/transcribe.py", line 641, in generate_with_fallback
    result = self.model.generate(
RuntimeError: CUDA failed with error out of memory
Traceback (most recent call last):
  File "/home/ubuntu/OpenVoice/job.py", line 334, in <module>
    clone_voice(f"./projects/{i}/{j}")
  File "/home/ubuntu/OpenVoice/job.py", line 201, in clone_voice
    return(convert_color(projectfolder))
  File "/home/ubuntu/OpenVoice/job.py", line 277, in convert_color
    target_se, audio_name = se_extractor.get_se(ref_audio_path, tone_color_converter, vad=False)
  File "/home/ubuntu/OpenVoice/openvoice/se_extractor.py", line 146, in get_se
    wavs_folder = split_audio_whisper(audio_path, target_dir=target_dir, audio_name=audio_name)
  File "/home/ubuntu/OpenVoice/openvoice/se_extractor.py", line 29, in split_audio_whisper
    segments = list(segments)
  File "/home/ubuntu/miniconda3/envs/openvoice/lib/python3.9/site-packages/faster_whisper/transcribe.py", line 433, in generate_segments
    ) = self.generate_with_fallback(encoder_output, prompt, tokenizer, options)
  File "/home/ubuntu/miniconda3/envs/openvoice/lib/python3.9/site-packages/faster_whisper/transcribe.py", line 641, in generate_with_fallback
    result = self.model.generate(
RuntimeError: CUDA failed with error out of memory
Traceback (most recent call last):
  File "/home/ubuntu/OpenVoice/job.py", line 334, in <module>
    clone_voice(f"./projects/{i}/{j}")
  File "/home/ubuntu/OpenVoice/job.py", line 201, in clone_voice
    return(convert_color(projectfolder))
  File "/home/ubuntu/OpenVoice/job.py", line 277, in convert_color
    target_se, audio_name = se_extractor.get_se(ref_audio_path, tone_color_converter, vad=False)
  File "/home/ubuntu/OpenVoice/openvoice/se_extractor.py", line 150, in get_se
    raise NotImplementedError('No audio segments found!')
NotImplementedError: No audio segments found!
Traceback (most recent call last):
  File "/home/ubuntu/OpenVoice/job.py", line 334, in <module>
    clone_voice(f"./projects/{i}/{j}")
  File "/home/ubuntu/OpenVoice/job.py", line 201, in clone_voice
    return(convert_color(projectfolder))
  File "/home/ubuntu/OpenVoice/job.py", line 277, in convert_color
    target_se, audio_name = se_extractor.get_se(ref_audio_path, tone_color_converter, vad=False)
  File "/home/ubuntu/OpenVoice/openvoice/se_extractor.py", line 146, in get_se
    wavs_folder = split_audio_whisper(audio_path, target_dir=target_dir, audio_name=audio_name)
  File "/home/ubuntu/OpenVoice/openvoice/se_extractor.py", line 29, in split_audio_whisper
    segments = list(segments)
  File "/home/ubuntu/miniconda3/envs/openvoice/lib/python3.9/site-packages/faster_whisper/transcribe.py", line 433, in generate_segments
    ) = self.generate_with_fallback(encoder_output, prompt, tokenizer, options)
  File "/home/ubuntu/miniconda3/envs/openvoice/lib/python3.9/site-packages/faster_whisper/transcribe.py", line 641, in generate_with_fallback
    result = self.model.generate(
RuntimeError: CUDA failed with error out of memory
Traceback (most recent call last):
  File "/home/ubuntu/OpenVoice/job.py", line 334, in <module>
    clone_voice(f"./projects/{i}/{j}")
  File "/home/ubuntu/OpenVoice/job.py", line 201, in clone_voice
    return(convert_color(projectfolder))
  File "/home/ubuntu/OpenVoice/job.py", line 277, in convert_color
    target_se, audio_name = se_extractor.get_se(ref_audio_path, tone_color_converter, vad=False)
  File "/home/ubuntu/OpenVoice/openvoice/se_extractor.py", line 146, in get_se
    wavs_folder = split_audio_whisper(audio_path, target_dir=target_dir, audio_name=audio_name)
  File "/home/ubuntu/OpenVoice/openvoice/se_extractor.py", line 29, in split_audio_whisper
    segments = list(segments)
  File "/home/ubuntu/miniconda3/envs/openvoice/lib/python3.9/site-packages/faster_whisper/transcribe.py", line 433, in generate_segments
    ) = self.generate_with_fallback(encoder_output, prompt, tokenizer, options)
  File "/home/ubuntu/miniconda3/envs/openvoice/lib/python3.9/site-packages/faster_whisper/transcribe.py", line 641, in generate_with_fallback
    result = self.model.generate(
RuntimeError: CUDA failed with error out of memory
Traceback (most recent call last):
  File "/home/ubuntu/OpenVoice/job.py", line 334, in <module>
    clone_voice(f"./projects/{i}/{j}")
  File "/home/ubuntu/OpenVoice/job.py", line 201, in clone_voice
    return(convert_color(projectfolder))
  File "/home/ubuntu/OpenVoice/job.py", line 277, in convert_color
    target_se, audio_name = se_extractor.get_se(ref_audio_path, tone_color_converter, vad=False)
  File "/home/ubuntu/OpenVoice/openvoice/se_extractor.py", line 146, in get_se
    wavs_folder = split_audio_whisper(audio_path, target_dir=target_dir, audio_name=audio_name)
  File "/home/ubuntu/OpenVoice/openvoice/se_extractor.py", line 29, in split_audio_whisper
    segments = list(segments)
  File "/home/ubuntu/miniconda3/envs/openvoice/lib/python3.9/site-packages/faster_whisper/transcribe.py", line 433, in generate_segments
    ) = self.generate_with_fallback(encoder_output, prompt, tokenizer, options)
  File "/home/ubuntu/miniconda3/envs/openvoice/lib/python3.9/site-packages/faster_whisper/transcribe.py", line 641, in generate_with_fallback
    result = self.model.generate(
RuntimeError: CUDA failed with error out of memory
Traceback (most recent call last):
  File "/home/ubuntu/OpenVoice/job.py", line 334, in <module>
    clone_voice(f"./projects/{i}/{j}")
  File "/home/ubuntu/OpenVoice/job.py", line 201, in clone_voice
    return(convert_color(projectfolder))
  File "/home/ubuntu/OpenVoice/job.py", line 277, in convert_color
    target_se, audio_name = se_extractor.get_se(ref_audio_path, tone_color_converter, vad=False)
  File "/home/ubuntu/OpenVoice/openvoice/se_extractor.py", line 146, in get_se
    wavs_folder = split_audio_whisper(audio_path, target_dir=target_dir, audio_name=audio_name)
  File "/home/ubuntu/OpenVoice/openvoice/se_extractor.py", line 29, in split_audio_whisper
    segments = list(segments)
  File "/home/ubuntu/miniconda3/envs/openvoice/lib/python3.9/site-packages/faster_whisper/transcribe.py", line 433, in generate_segments
    ) = self.generate_with_fallback(encoder_output, prompt, tokenizer, options)
  File "/home/ubuntu/miniconda3/envs/openvoice/lib/python3.9/site-packages/faster_whisper/transcribe.py", line 641, in generate_with_fallback
    result = self.model.generate(
RuntimeError: CUDA failed with error out of memory
Traceback (most recent call last):
  File "/home/ubuntu/OpenVoice/job.py", line 334, in <module>
    clone_voice(f"./projects/{i}/{j}")
  File "/home/ubuntu/OpenVoice/job.py", line 201, in clone_voice
    return(convert_color(projectfolder))
  File "/home/ubuntu/OpenVoice/job.py", line 277, in convert_color
    target_se, audio_name = se_extractor.get_se(ref_audio_path, tone_color_converter, vad=False)
  File "/home/ubuntu/OpenVoice/openvoice/se_extractor.py", line 146, in get_se
    wavs_folder = split_audio_whisper(audio_path, target_dir=target_dir, audio_name=audio_name)
  File "/home/ubuntu/OpenVoice/openvoice/se_extractor.py", line 29, in split_audio_whisper
    segments = list(segments)
  File "/home/ubuntu/miniconda3/envs/openvoice/lib/python3.9/site-packages/faster_whisper/transcribe.py", line 433, in generate_segments
    ) = self.generate_with_fallback(encoder_output, prompt, tokenizer, options)
  File "/home/ubuntu/miniconda3/envs/openvoice/lib/python3.9/site-packages/faster_whisper/transcribe.py", line 641, in generate_with_fallback
    result = self.model.generate(
RuntimeError: CUDA failed with error out of memory
Traceback (most recent call last):
  File "/home/ubuntu/OpenVoice/job.py", line 334, in <module>
    clone_voice(f"./projects/{i}/{j}")
  File "/home/ubuntu/OpenVoice/job.py", line 201, in clone_voice
    return(convert_color(projectfolder))
  File "/home/ubuntu/OpenVoice/job.py", line 277, in convert_color
    target_se, audio_name = se_extractor.get_se(ref_audio_path, tone_color_converter, vad=False)
  File "/home/ubuntu/OpenVoice/openvoice/se_extractor.py", line 146, in get_se
    wavs_folder = split_audio_whisper(audio_path, target_dir=target_dir, audio_name=audio_name)
  File "/home/ubuntu/OpenVoice/openvoice/se_extractor.py", line 29, in split_audio_whisper
    segments = list(segments)
  File "/home/ubuntu/miniconda3/envs/openvoice/lib/python3.9/site-packages/faster_whisper/transcribe.py", line 433, in generate_segments
    ) = self.generate_with_fallback(encoder_output, prompt, tokenizer, options)
  File "/home/ubuntu/miniconda3/envs/openvoice/lib/python3.9/site-packages/faster_whisper/transcribe.py", line 641, in generate_with_fallback
    result = self.model.generate(
RuntimeError: CUDA failed with error out of memory
Traceback (most recent call last):
  File "/home/ubuntu/OpenVoice/job.py", line 334, in <module>
    clone_voice(f"./projects/{i}/{j}")
  File "/home/ubuntu/OpenVoice/job.py", line 201, in clone_voice
    return(convert_color(projectfolder))
  File "/home/ubuntu/OpenVoice/job.py", line 277, in convert_color
    target_se, audio_name = se_extractor.get_se(ref_audio_path, tone_color_converter, vad=False)
  File "/home/ubuntu/OpenVoice/openvoice/se_extractor.py", line 146, in get_se
    wavs_folder = split_audio_whisper(audio_path, target_dir=target_dir, audio_name=audio_name)
  File "/home/ubuntu/OpenVoice/openvoice/se_extractor.py", line 29, in split_audio_whisper
    segments = list(segments)
  File "/home/ubuntu/miniconda3/envs/openvoice/lib/python3.9/site-packages/faster_whisper/transcribe.py", line 433, in generate_segments
    ) = self.generate_with_fallback(encoder_output, prompt, tokenizer, options)
  File "/home/ubuntu/miniconda3/envs/openvoice/lib/python3.9/site-packages/faster_whisper/transcribe.py", line 641, in generate_with_fallback
    result = self.model.generate(
RuntimeError: CUDA failed with error out of memory
Traceback (most recent call last):
  File "/home/ubuntu/OpenVoice/job.py", line 334, in <module>
    clone_voice(f"./projects/{i}/{j}")
  File "/home/ubuntu/OpenVoice/job.py", line 201, in clone_voice
    return(convert_color(projectfolder))
  File "/home/ubuntu/OpenVoice/job.py", line 277, in convert_color
    target_se, audio_name = se_extractor.get_se(ref_audio_path, tone_color_converter, vad=False)
  File "/home/ubuntu/OpenVoice/openvoice/se_extractor.py", line 146, in get_se
    wavs_folder = split_audio_whisper(audio_path, target_dir=target_dir, audio_name=audio_name)
  File "/home/ubuntu/OpenVoice/openvoice/se_extractor.py", line 29, in split_audio_whisper
    segments = list(segments)
  File "/home/ubuntu/miniconda3/envs/openvoice/lib/python3.9/site-packages/faster_whisper/transcribe.py", line 433, in generate_segments
    ) = self.generate_with_fallback(encoder_output, prompt, tokenizer, options)
  File "/home/ubuntu/miniconda3/envs/openvoice/lib/python3.9/site-packages/faster_whisper/transcribe.py", line 641, in generate_with_fallback
    result = self.model.generate(
RuntimeError: CUDA failed with error out of memory
Traceback (most recent call last):
  File "/home/ubuntu/OpenVoice/job.py", line 334, in <module>
    clone_voice(f"./projects/{i}/{j}")
  File "/home/ubuntu/OpenVoice/job.py", line 201, in clone_voice
    return(convert_color(projectfolder))
  File "/home/ubuntu/OpenVoice/job.py", line 277, in convert_color
    target_se, audio_name = se_extractor.get_se(ref_audio_path, tone_color_converter, vad=False)
  File "/home/ubuntu/OpenVoice/openvoice/se_extractor.py", line 146, in get_se
    wavs_folder = split_audio_whisper(audio_path, target_dir=target_dir, audio_name=audio_name)
  File "/home/ubuntu/OpenVoice/openvoice/se_extractor.py", line 29, in split_audio_whisper
    segments = list(segments)
  File "/home/ubuntu/miniconda3/envs/openvoice/lib/python3.9/site-packages/faster_whisper/transcribe.py", line 433, in generate_segments
    ) = self.generate_with_fallback(encoder_output, prompt, tokenizer, options)
  File "/home/ubuntu/miniconda3/envs/openvoice/lib/python3.9/site-packages/faster_whisper/transcribe.py", line 641, in generate_with_fallback
    result = self.model.generate(
RuntimeError: CUDA failed with error out of memory
Traceback (most recent call last):
  File "/home/ubuntu/OpenVoice/job.py", line 334, in <module>
    clone_voice(f"./projects/{i}/{j}")
  File "/home/ubuntu/OpenVoice/job.py", line 201, in clone_voice
    return(convert_color(projectfolder))
  File "/home/ubuntu/OpenVoice/job.py", line 277, in convert_color
    target_se, audio_name = se_extractor.get_se(ref_audio_path, tone_color_converter, vad=False)
  File "/home/ubuntu/OpenVoice/openvoice/se_extractor.py", line 146, in get_se
    wavs_folder = split_audio_whisper(audio_path, target_dir=target_dir, audio_name=audio_name)
  File "/home/ubuntu/OpenVoice/openvoice/se_extractor.py", line 29, in split_audio_whisper
    segments = list(segments)
  File "/home/ubuntu/miniconda3/envs/openvoice/lib/python3.9/site-packages/faster_whisper/transcribe.py", line 433, in generate_segments
    ) = self.generate_with_fallback(encoder_output, prompt, tokenizer, options)
  File "/home/ubuntu/miniconda3/envs/openvoice/lib/python3.9/site-packages/faster_whisper/transcribe.py", line 641, in generate_with_fallback
    result = self.model.generate(
RuntimeError: CUDA failed with error out of memory
Traceback (most recent call last):
  File "/home/ubuntu/OpenVoice/job.py", line 334, in <module>
    clone_voice(f"./projects/{i}/{j}")
  File "/home/ubuntu/OpenVoice/job.py", line 201, in clone_voice
    return(convert_color(projectfolder))
  File "/home/ubuntu/OpenVoice/job.py", line 277, in convert_color
    target_se, audio_name = se_extractor.get_se(ref_audio_path, tone_color_converter, vad=False)
  File "/home/ubuntu/OpenVoice/openvoice/se_extractor.py", line 146, in get_se
    wavs_folder = split_audio_whisper(audio_path, target_dir=target_dir, audio_name=audio_name)
  File "/home/ubuntu/OpenVoice/openvoice/se_extractor.py", line 29, in split_audio_whisper
    segments = list(segments)
  File "/home/ubuntu/miniconda3/envs/openvoice/lib/python3.9/site-packages/faster_whisper/transcribe.py", line 433, in generate_segments
    ) = self.generate_with_fallback(encoder_output, prompt, tokenizer, options)
  File "/home/ubuntu/miniconda3/envs/openvoice/lib/python3.9/site-packages/faster_whisper/transcribe.py", line 641, in generate_with_fallback
    result = self.model.generate(
RuntimeError: CUDA failed with error out of memory
Traceback (most recent call last):
  File "/home/ubuntu/OpenVoice/job.py", line 334, in <module>
    clone_voice(f"./projects/{i}/{j}")
  File "/home/ubuntu/OpenVoice/job.py", line 201, in clone_voice
    return(convert_color(projectfolder))
  File "/home/ubuntu/OpenVoice/job.py", line 277, in convert_color
    target_se, audio_name = se_extractor.get_se(ref_audio_path, tone_color_converter, vad=False)
  File "/home/ubuntu/OpenVoice/openvoice/se_extractor.py", line 146, in get_se
    wavs_folder = split_audio_whisper(audio_path, target_dir=target_dir, audio_name=audio_name)
  File "/home/ubuntu/OpenVoice/openvoice/se_extractor.py", line 29, in split_audio_whisper
    segments = list(segments)
  File "/home/ubuntu/miniconda3/envs/openvoice/lib/python3.9/site-packages/faster_whisper/transcribe.py", line 433, in generate_segments
    ) = self.generate_with_fallback(encoder_output, prompt, tokenizer, options)
  File "/home/ubuntu/miniconda3/envs/openvoice/lib/python3.9/site-packages/faster_whisper/transcribe.py", line 641, in generate_with_fallback
    result = self.model.generate(
RuntimeError: CUDA failed with error out of memory
Traceback (most recent call last):
  File "/home/ubuntu/OpenVoice/job.py", line 334, in <module>
    clone_voice(f"./projects/{i}/{j}")
  File "/home/ubuntu/OpenVoice/job.py", line 201, in clone_voice
    return(convert_color(projectfolder))
  File "/home/ubuntu/OpenVoice/job.py", line 277, in convert_color
    target_se, audio_name = se_extractor.get_se(ref_audio_path, tone_color_converter, vad=False)
  File "/home/ubuntu/OpenVoice/openvoice/se_extractor.py", line 146, in get_se
    wavs_folder = split_audio_whisper(audio_path, target_dir=target_dir, audio_name=audio_name)
  File "/home/ubuntu/OpenVoice/openvoice/se_extractor.py", line 29, in split_audio_whisper
    segments = list(segments)
  File "/home/ubuntu/miniconda3/envs/openvoice/lib/python3.9/site-packages/faster_whisper/transcribe.py", line 433, in generate_segments
    ) = self.generate_with_fallback(encoder_output, prompt, tokenizer, options)
  File "/home/ubuntu/miniconda3/envs/openvoice/lib/python3.9/site-packages/faster_whisper/transcribe.py", line 641, in generate_with_fallback
    result = self.model.generate(
RuntimeError: CUDA failed with error out of memory
Traceback (most recent call last):
  File "/home/ubuntu/OpenVoice/job.py", line 334, in <module>
    clone_voice(f"./projects/{i}/{j}")
  File "/home/ubuntu/OpenVoice/job.py", line 201, in clone_voice
    return(convert_color(projectfolder))
  File "/home/ubuntu/OpenVoice/job.py", line 277, in convert_color
    target_se, audio_name = se_extractor.get_se(ref_audio_path, tone_color_converter, vad=False)
  File "/home/ubuntu/OpenVoice/openvoice/se_extractor.py", line 146, in get_se
    wavs_folder = split_audio_whisper(audio_path, target_dir=target_dir, audio_name=audio_name)
  File "/home/ubuntu/OpenVoice/openvoice/se_extractor.py", line 29, in split_audio_whisper
    segments = list(segments)
  File "/home/ubuntu/miniconda3/envs/openvoice/lib/python3.9/site-packages/faster_whisper/transcribe.py", line 433, in generate_segments
    ) = self.generate_with_fallback(encoder_output, prompt, tokenizer, options)
  File "/home/ubuntu/miniconda3/envs/openvoice/lib/python3.9/site-packages/faster_whisper/transcribe.py", line 641, in generate_with_fallback
    result = self.model.generate(
RuntimeError: CUDA failed with error out of memory
Traceback (most recent call last):
  File "/home/ubuntu/OpenVoice/job.py", line 334, in <module>
    clone_voice(f"./projects/{i}/{j}")
  File "/home/ubuntu/OpenVoice/job.py", line 201, in clone_voice
    return(convert_color(projectfolder))
  File "/home/ubuntu/OpenVoice/job.py", line 277, in convert_color
    target_se, audio_name = se_extractor.get_se(ref_audio_path, tone_color_converter, vad=False)
  File "/home/ubuntu/OpenVoice/openvoice/se_extractor.py", line 146, in get_se
    wavs_folder = split_audio_whisper(audio_path, target_dir=target_dir, audio_name=audio_name)
  File "/home/ubuntu/OpenVoice/openvoice/se_extractor.py", line 29, in split_audio_whisper
    segments = list(segments)
  File "/home/ubuntu/miniconda3/envs/openvoice/lib/python3.9/site-packages/faster_whisper/transcribe.py", line 433, in generate_segments
    ) = self.generate_with_fallback(encoder_output, prompt, tokenizer, options)
  File "/home/ubuntu/miniconda3/envs/openvoice/lib/python3.9/site-packages/faster_whisper/transcribe.py", line 641, in generate_with_fallback
    result = self.model.generate(
RuntimeError: CUDA failed with error out of memory
Traceback (most recent call last):
  File "/home/ubuntu/OpenVoice/job.py", line 334, in <module>
    clone_voice(f"./projects/{i}/{j}")
  File "/home/ubuntu/OpenVoice/job.py", line 201, in clone_voice
    return(convert_color(projectfolder))
  File "/home/ubuntu/OpenVoice/job.py", line 277, in convert_color
    target_se, audio_name = se_extractor.get_se(ref_audio_path, tone_color_converter, vad=False)
  File "/home/ubuntu/OpenVoice/openvoice/se_extractor.py", line 146, in get_se
    wavs_folder = split_audio_whisper(audio_path, target_dir=target_dir, audio_name=audio_name)
  File "/home/ubuntu/OpenVoice/openvoice/se_extractor.py", line 29, in split_audio_whisper
    segments = list(segments)
  File "/home/ubuntu/miniconda3/envs/openvoice/lib/python3.9/site-packages/faster_whisper/transcribe.py", line 433, in generate_segments
    ) = self.generate_with_fallback(encoder_output, prompt, tokenizer, options)
  File "/home/ubuntu/miniconda3/envs/openvoice/lib/python3.9/site-packages/faster_whisper/transcribe.py", line 641, in generate_with_fallback
    result = self.model.generate(
RuntimeError: CUDA failed with error out of memory
Traceback (most recent call last):
  File "/home/ubuntu/OpenVoice/job.py", line 334, in <module>
    clone_voice(f"./projects/{i}/{j}")
  File "/home/ubuntu/OpenVoice/job.py", line 201, in clone_voice
    return(convert_color(projectfolder))
  File "/home/ubuntu/OpenVoice/job.py", line 277, in convert_color
    target_se, audio_name = se_extractor.get_se(ref_audio_path, tone_color_converter, vad=False)
  File "/home/ubuntu/OpenVoice/openvoice/se_extractor.py", line 146, in get_se
    wavs_folder = split_audio_whisper(audio_path, target_dir=target_dir, audio_name=audio_name)
  File "/home/ubuntu/OpenVoice/openvoice/se_extractor.py", line 29, in split_audio_whisper
    segments = list(segments)
  File "/home/ubuntu/miniconda3/envs/openvoice/lib/python3.9/site-packages/faster_whisper/transcribe.py", line 433, in generate_segments
    ) = self.generate_with_fallback(encoder_output, prompt, tokenizer, options)
  File "/home/ubuntu/miniconda3/envs/openvoice/lib/python3.9/site-packages/faster_whisper/transcribe.py", line 641, in generate_with_fallback
    result = self.model.generate(
RuntimeError: CUDA failed with error out of memory
Traceback (most recent call last):
  File "/home/ubuntu/OpenVoice/job.py", line 334, in <module>
    clone_voice(f"./projects/{i}/{j}")
  File "/home/ubuntu/OpenVoice/job.py", line 201, in clone_voice
    return(convert_color(projectfolder))
  File "/home/ubuntu/OpenVoice/job.py", line 277, in convert_color
    target_se, audio_name = se_extractor.get_se(ref_audio_path, tone_color_converter, vad=False)
  File "/home/ubuntu/OpenVoice/openvoice/se_extractor.py", line 146, in get_se
    wavs_folder = split_audio_whisper(audio_path, target_dir=target_dir, audio_name=audio_name)
  File "/home/ubuntu/OpenVoice/openvoice/se_extractor.py", line 29, in split_audio_whisper
    segments = list(segments)
  File "/home/ubuntu/miniconda3/envs/openvoice/lib/python3.9/site-packages/faster_whisper/transcribe.py", line 433, in generate_segments
    ) = self.generate_with_fallback(encoder_output, prompt, tokenizer, options)
  File "/home/ubuntu/miniconda3/envs/openvoice/lib/python3.9/site-packages/faster_whisper/transcribe.py", line 641, in generate_with_fallback
    result = self.model.generate(
RuntimeError: CUDA failed with error out of memory
Traceback (most recent call last):
  File "/home/ubuntu/OpenVoice/job.py", line 334, in <module>
    clone_voice(f"./projects/{i}/{j}")
  File "/home/ubuntu/OpenVoice/job.py", line 201, in clone_voice
    return(convert_color(projectfolder))
  File "/home/ubuntu/OpenVoice/job.py", line 277, in convert_color
    target_se, audio_name = se_extractor.get_se(ref_audio_path, tone_color_converter, vad=False)
  File "/home/ubuntu/OpenVoice/openvoice/se_extractor.py", line 146, in get_se
    wavs_folder = split_audio_whisper(audio_path, target_dir=target_dir, audio_name=audio_name)
  File "/home/ubuntu/OpenVoice/openvoice/se_extractor.py", line 29, in split_audio_whisper
    segments = list(segments)
  File "/home/ubuntu/miniconda3/envs/openvoice/lib/python3.9/site-packages/faster_whisper/transcribe.py", line 433, in generate_segments
    ) = self.generate_with_fallback(encoder_output, prompt, tokenizer, options)
  File "/home/ubuntu/miniconda3/envs/openvoice/lib/python3.9/site-packages/faster_whisper/transcribe.py", line 641, in generate_with_fallback
    result = self.model.generate(
RuntimeError: CUDA failed with error out of memory
Traceback (most recent call last):
  File "/home/ubuntu/OpenVoice/job.py", line 334, in <module>
    clone_voice(f"./projects/{i}/{j}")
  File "/home/ubuntu/OpenVoice/job.py", line 201, in clone_voice
    return(convert_color(projectfolder))
  File "/home/ubuntu/OpenVoice/job.py", line 277, in convert_color
    target_se, audio_name = se_extractor.get_se(ref_audio_path, tone_color_converter, vad=False)
  File "/home/ubuntu/OpenVoice/openvoice/se_extractor.py", line 146, in get_se
    wavs_folder = split_audio_whisper(audio_path, target_dir=target_dir, audio_name=audio_name)
  File "/home/ubuntu/OpenVoice/openvoice/se_extractor.py", line 29, in split_audio_whisper
    segments = list(segments)
  File "/home/ubuntu/miniconda3/envs/openvoice/lib/python3.9/site-packages/faster_whisper/transcribe.py", line 433, in generate_segments
    ) = self.generate_with_fallback(encoder_output, prompt, tokenizer, options)
  File "/home/ubuntu/miniconda3/envs/openvoice/lib/python3.9/site-packages/faster_whisper/transcribe.py", line 641, in generate_with_fallback
    result = self.model.generate(
RuntimeError: CUDA failed with error out of memory
Traceback (most recent call last):
  File "/home/ubuntu/OpenVoice/job.py", line 334, in <module>
    clone_voice(f"./projects/{i}/{j}")
  File "/home/ubuntu/OpenVoice/job.py", line 201, in clone_voice
    return(convert_color(projectfolder))
  File "/home/ubuntu/OpenVoice/job.py", line 277, in convert_color
    target_se, audio_name = se_extractor.get_se(ref_audio_path, tone_color_converter, vad=False)
  File "/home/ubuntu/OpenVoice/openvoice/se_extractor.py", line 146, in get_se
    wavs_folder = split_audio_whisper(audio_path, target_dir=target_dir, audio_name=audio_name)
  File "/home/ubuntu/OpenVoice/openvoice/se_extractor.py", line 29, in split_audio_whisper
    segments = list(segments)
  File "/home/ubuntu/miniconda3/envs/openvoice/lib/python3.9/site-packages/faster_whisper/transcribe.py", line 433, in generate_segments
    ) = self.generate_with_fallback(encoder_output, prompt, tokenizer, options)
  File "/home/ubuntu/miniconda3/envs/openvoice/lib/python3.9/site-packages/faster_whisper/transcribe.py", line 641, in generate_with_fallback
    result = self.model.generate(
RuntimeError: CUDA failed with error out of memory
Traceback (most recent call last):
  File "/home/ubuntu/OpenVoice/job.py", line 334, in <module>
    clone_voice(f"./projects/{i}/{j}")
  File "/home/ubuntu/OpenVoice/job.py", line 201, in clone_voice
    return(convert_color(projectfolder))
  File "/home/ubuntu/OpenVoice/job.py", line 277, in convert_color
    target_se, audio_name = se_extractor.get_se(ref_audio_path, tone_color_converter, vad=False)
  File "/home/ubuntu/OpenVoice/openvoice/se_extractor.py", line 146, in get_se
    wavs_folder = split_audio_whisper(audio_path, target_dir=target_dir, audio_name=audio_name)
  File "/home/ubuntu/OpenVoice/openvoice/se_extractor.py", line 29, in split_audio_whisper
    segments = list(segments)
  File "/home/ubuntu/miniconda3/envs/openvoice/lib/python3.9/site-packages/faster_whisper/transcribe.py", line 433, in generate_segments
    ) = self.generate_with_fallback(encoder_output, prompt, tokenizer, options)
  File "/home/ubuntu/miniconda3/envs/openvoice/lib/python3.9/site-packages/faster_whisper/transcribe.py", line 641, in generate_with_fallback
    result = self.model.generate(
RuntimeError: CUDA failed with error out of memory
Traceback (most recent call last):
  File "/home/ubuntu/OpenVoice/job.py", line 334, in <module>
    clone_voice(f"./projects/{i}/{j}")
  File "/home/ubuntu/OpenVoice/job.py", line 201, in clone_voice
    return(convert_color(projectfolder))
  File "/home/ubuntu/OpenVoice/job.py", line 277, in convert_color
    target_se, audio_name = se_extractor.get_se(ref_audio_path, tone_color_converter, vad=False)
  File "/home/ubuntu/OpenVoice/openvoice/se_extractor.py", line 150, in get_se
    raise NotImplementedError('No audio segments found!')
NotImplementedError: No audio segments found!
Traceback (most recent call last):
  File "/home/ubuntu/OpenVoice/job.py", line 334, in <module>
    clone_voice(f"./projects/{i}/{j}")
  File "/home/ubuntu/OpenVoice/job.py", line 201, in clone_voice
    return(convert_color(projectfolder))
  File "/home/ubuntu/OpenVoice/job.py", line 277, in convert_color
    target_se, audio_name = se_extractor.get_se(ref_audio_path, tone_color_converter, vad=False)
  File "/home/ubuntu/OpenVoice/openvoice/se_extractor.py", line 146, in get_se
    wavs_folder = split_audio_whisper(audio_path, target_dir=target_dir, audio_name=audio_name)
  File "/home/ubuntu/OpenVoice/openvoice/se_extractor.py", line 29, in split_audio_whisper
    segments = list(segments)
  File "/home/ubuntu/miniconda3/envs/openvoice/lib/python3.9/site-packages/faster_whisper/transcribe.py", line 433, in generate_segments
    ) = self.generate_with_fallback(encoder_output, prompt, tokenizer, options)
  File "/home/ubuntu/miniconda3/envs/openvoice/lib/python3.9/site-packages/faster_whisper/transcribe.py", line 641, in generate_with_fallback
    result = self.model.generate(
RuntimeError: CUDA failed with error out of memory
Traceback (most recent call last):
  File "/home/ubuntu/OpenVoice/job.py", line 334, in <module>
    clone_voice(f"./projects/{i}/{j}")
  File "/home/ubuntu/OpenVoice/job.py", line 201, in clone_voice
    return(convert_color(projectfolder))
  File "/home/ubuntu/OpenVoice/job.py", line 277, in convert_color
    target_se, audio_name = se_extractor.get_se(ref_audio_path, tone_color_converter, vad=False)
  File "/home/ubuntu/OpenVoice/openvoice/se_extractor.py", line 146, in get_se
    wavs_folder = split_audio_whisper(audio_path, target_dir=target_dir, audio_name=audio_name)
  File "/home/ubuntu/OpenVoice/openvoice/se_extractor.py", line 29, in split_audio_whisper
    segments = list(segments)
  File "/home/ubuntu/miniconda3/envs/openvoice/lib/python3.9/site-packages/faster_whisper/transcribe.py", line 433, in generate_segments
    ) = self.generate_with_fallback(encoder_output, prompt, tokenizer, options)
  File "/home/ubuntu/miniconda3/envs/openvoice/lib/python3.9/site-packages/faster_whisper/transcribe.py", line 641, in generate_with_fallback
    result = self.model.generate(
RuntimeError: CUDA failed with error out of memory
Traceback (most recent call last):
  File "/home/ubuntu/OpenVoice/job.py", line 334, in <module>
    clone_voice(f"./projects/{i}/{j}")
  File "/home/ubuntu/OpenVoice/job.py", line 201, in clone_voice
    return(convert_color(projectfolder))
  File "/home/ubuntu/OpenVoice/job.py", line 277, in convert_color
    target_se, audio_name = se_extractor.get_se(ref_audio_path, tone_color_converter, vad=False)
  File "/home/ubuntu/OpenVoice/openvoice/se_extractor.py", line 146, in get_se
    wavs_folder = split_audio_whisper(audio_path, target_dir=target_dir, audio_name=audio_name)
  File "/home/ubuntu/OpenVoice/openvoice/se_extractor.py", line 29, in split_audio_whisper
    segments = list(segments)
  File "/home/ubuntu/miniconda3/envs/openvoice/lib/python3.9/site-packages/faster_whisper/transcribe.py", line 433, in generate_segments
    ) = self.generate_with_fallback(encoder_output, prompt, tokenizer, options)
  File "/home/ubuntu/miniconda3/envs/openvoice/lib/python3.9/site-packages/faster_whisper/transcribe.py", line 641, in generate_with_fallback
    result = self.model.generate(
RuntimeError: CUDA failed with error out of memory
Traceback (most recent call last):
  File "/home/ubuntu/OpenVoice/job.py", line 279, in convert_color
    source_se = torch.load(f'checkpoints_v2/google_base_speakers/models/{voicecode}.pth', map_location=device)
  File "/home/ubuntu/miniconda3/envs/openvoice/lib/python3.9/site-packages/torch/serialization.py", line 997, in load
    with _open_file_like(f, 'rb') as opened_file:
  File "/home/ubuntu/miniconda3/envs/openvoice/lib/python3.9/site-packages/torch/serialization.py", line 444, in _open_file_like
    return _open_file(name_or_buffer, mode)
  File "/home/ubuntu/miniconda3/envs/openvoice/lib/python3.9/site-packages/torch/serialization.py", line 425, in __init__
    super().__init__(open(name, mode))
FileNotFoundError: [Errno 2] No such file or directory: 'checkpoints_v2/google_base_speakers/models/sr-Latn-RS-NicholasNeural.pth'

During handling of the above exception, another exception occurred:

Traceback (most recent call last):
  File "/home/ubuntu/miniconda3/envs/openvoice/lib/python3.9/site-packages/librosa/core/audio.py", line 155, in load
    context = sf.SoundFile(path)
  File "/home/ubuntu/miniconda3/envs/openvoice/lib/python3.9/site-packages/soundfile.py", line 658, in __init__
    self._file = self._open(file, mode_int, closefd)
  File "/home/ubuntu/miniconda3/envs/openvoice/lib/python3.9/site-packages/soundfile.py", line 1216, in _open
    raise LibsndfileError(err, prefix="Error opening {0!r}: ".format(self.name))
soundfile.LibsndfileError: Error opening 'checkpoints_v2/google_base_speakers/src/sr-Latn-RS-NicholasNeural.mp3': File does not exist or is not a regular file (possibly a pipe?).

During handling of the above exception, another exception occurred:

Traceback (most recent call last):
  File "/home/ubuntu/OpenVoice/job.py", line 334, in <module>
    clone_voice(f"./projects/{i}/{j}")
  File "/home/ubuntu/OpenVoice/job.py", line 201, in clone_voice
    return(convert_color(projectfolder))
  File "/home/ubuntu/OpenVoice/job.py", line 301, in convert_color
    source_se, audio_name = se_extractor.get_se(f"checkpoints_v2/google_base_speakers/src/{voicecode}.mp3", tone_color_converter, vad=True)
  File "/home/ubuntu/OpenVoice/openvoice/se_extractor.py", line 134, in get_se
    audio_name = f"{os.path.basename(audio_path).rsplit('.', 1)[0]}_{version}_{hash_numpy_array(audio_path)}"
  File "/home/ubuntu/OpenVoice/openvoice/se_extractor.py", line 119, in hash_numpy_array
    array, _ = librosa.load(audio_path, sr=None, mono=True)
  File "/home/ubuntu/miniconda3/envs/openvoice/lib/python3.9/site-packages/librosa/util/decorators.py", line 88, in inner_f
    return f(*args, **kwargs)
  File "/home/ubuntu/miniconda3/envs/openvoice/lib/python3.9/site-packages/librosa/core/audio.py", line 174, in load
    y, sr_native = __audioread_load(path, offset, duration, dtype)
  File "/home/ubuntu/miniconda3/envs/openvoice/lib/python3.9/site-packages/librosa/core/audio.py", line 198, in __audioread_load
    with audioread.audio_open(path) as input_file:
  File "/home/ubuntu/miniconda3/envs/openvoice/lib/python3.9/site-packages/audioread/__init__.py", line 127, in audio_open
    return BackendClass(path)
  File "/home/ubuntu/miniconda3/envs/openvoice/lib/python3.9/site-packages/audioread/rawread.py", line 62, in __init__
    self._file = aifc.open(self._fh)
  File "/home/ubuntu/miniconda3/envs/openvoice/lib/python3.9/aifc.py", line 917, in open
    return Aifc_read(f)
  File "/home/ubuntu/miniconda3/envs/openvoice/lib/python3.9/aifc.py", line 358, in __init__
    self.initfp(f)
  File "/home/ubuntu/miniconda3/envs/openvoice/lib/python3.9/aifc.py", line 314, in initfp
    chunk = Chunk(file)
  File "/home/ubuntu/miniconda3/envs/openvoice/lib/python3.9/chunk.py", line 63, in __init__
    raise EOFError
EOFError
Traceback (most recent call last):
  File "/home/ubuntu/OpenVoice/job.py", line 334, in <module>
    clone_voice(f"./projects/{i}/{j}")
  File "/home/ubuntu/OpenVoice/job.py", line 201, in clone_voice
    return(convert_color(projectfolder))
  File "/home/ubuntu/OpenVoice/job.py", line 277, in convert_color
    target_se, audio_name = se_extractor.get_se(ref_audio_path, tone_color_converter, vad=False)
  File "/home/ubuntu/OpenVoice/openvoice/se_extractor.py", line 146, in get_se
    wavs_folder = split_audio_whisper(audio_path, target_dir=target_dir, audio_name=audio_name)
  File "/home/ubuntu/OpenVoice/openvoice/se_extractor.py", line 29, in split_audio_whisper
    segments = list(segments)
  File "/home/ubuntu/miniconda3/envs/openvoice/lib/python3.9/site-packages/faster_whisper/transcribe.py", line 433, in generate_segments
    ) = self.generate_with_fallback(encoder_output, prompt, tokenizer, options)
  File "/home/ubuntu/miniconda3/envs/openvoice/lib/python3.9/site-packages/faster_whisper/transcribe.py", line 641, in generate_with_fallback
    result = self.model.generate(
RuntimeError: CUDA failed with error out of memory
Traceback (most recent call last):
  File "/home/ubuntu/OpenVoice/job.py", line 334, in <module>
    clone_voice(f"./projects/{i}/{j}")
  File "/home/ubuntu/OpenVoice/job.py", line 201, in clone_voice
    return(convert_color(projectfolder))
  File "/home/ubuntu/OpenVoice/job.py", line 277, in convert_color
    target_se, audio_name = se_extractor.get_se(ref_audio_path, tone_color_converter, vad=False)
  File "/home/ubuntu/OpenVoice/openvoice/se_extractor.py", line 146, in get_se
    wavs_folder = split_audio_whisper(audio_path, target_dir=target_dir, audio_name=audio_name)
  File "/home/ubuntu/OpenVoice/openvoice/se_extractor.py", line 29, in split_audio_whisper
    segments = list(segments)
  File "/home/ubuntu/miniconda3/envs/openvoice/lib/python3.9/site-packages/faster_whisper/transcribe.py", line 433, in generate_segments
    ) = self.generate_with_fallback(encoder_output, prompt, tokenizer, options)
  File "/home/ubuntu/miniconda3/envs/openvoice/lib/python3.9/site-packages/faster_whisper/transcribe.py", line 641, in generate_with_fallback
    result = self.model.generate(
RuntimeError: CUDA failed with error out of memory
Traceback (most recent call last):
  File "/home/ubuntu/OpenVoice/job.py", line 279, in convert_color
    source_se = torch.load(f'checkpoints_v2/google_base_speakers/models/{voicecode}.pth', map_location=device)
  File "/home/ubuntu/miniconda3/envs/openvoice/lib/python3.9/site-packages/torch/serialization.py", line 997, in load
    with _open_file_like(f, 'rb') as opened_file:
  File "/home/ubuntu/miniconda3/envs/openvoice/lib/python3.9/site-packages/torch/serialization.py", line 444, in _open_file_like
    return _open_file(name_or_buffer, mode)
  File "/home/ubuntu/miniconda3/envs/openvoice/lib/python3.9/site-packages/torch/serialization.py", line 425, in __init__
    super().__init__(open(name, mode))
FileNotFoundError: [Errno 2] No such file or directory: 'checkpoints_v2/google_base_speakers/models/sr-Latn-RS-NicholasNeural.pth'

During handling of the above exception, another exception occurred:

Traceback (most recent call last):
  File "/home/ubuntu/miniconda3/envs/openvoice/lib/python3.9/site-packages/librosa/core/audio.py", line 155, in load
    context = sf.SoundFile(path)
  File "/home/ubuntu/miniconda3/envs/openvoice/lib/python3.9/site-packages/soundfile.py", line 658, in __init__
    self._file = self._open(file, mode_int, closefd)
  File "/home/ubuntu/miniconda3/envs/openvoice/lib/python3.9/site-packages/soundfile.py", line 1216, in _open
    raise LibsndfileError(err, prefix="Error opening {0!r}: ".format(self.name))
soundfile.LibsndfileError: Error opening 'checkpoints_v2/google_base_speakers/src/sr-Latn-RS-NicholasNeural.mp3': File does not exist or is not a regular file (possibly a pipe?).

During handling of the above exception, another exception occurred:

Traceback (most recent call last):
  File "/home/ubuntu/OpenVoice/job.py", line 334, in <module>
    clone_voice(f"./projects/{i}/{j}")
  File "/home/ubuntu/OpenVoice/job.py", line 201, in clone_voice
    return(convert_color(projectfolder))
  File "/home/ubuntu/OpenVoice/job.py", line 301, in convert_color
    source_se, audio_name = se_extractor.get_se(f"checkpoints_v2/google_base_speakers/src/{voicecode}.mp3", tone_color_converter, vad=True)
  File "/home/ubuntu/OpenVoice/openvoice/se_extractor.py", line 134, in get_se
    audio_name = f"{os.path.basename(audio_path).rsplit('.', 1)[0]}_{version}_{hash_numpy_array(audio_path)}"
  File "/home/ubuntu/OpenVoice/openvoice/se_extractor.py", line 119, in hash_numpy_array
    array, _ = librosa.load(audio_path, sr=None, mono=True)
  File "/home/ubuntu/miniconda3/envs/openvoice/lib/python3.9/site-packages/librosa/util/decorators.py", line 88, in inner_f
    return f(*args, **kwargs)
  File "/home/ubuntu/miniconda3/envs/openvoice/lib/python3.9/site-packages/librosa/core/audio.py", line 174, in load
    y, sr_native = __audioread_load(path, offset, duration, dtype)
  File "/home/ubuntu/miniconda3/envs/openvoice/lib/python3.9/site-packages/librosa/core/audio.py", line 198, in __audioread_load
    with audioread.audio_open(path) as input_file:
  File "/home/ubuntu/miniconda3/envs/openvoice/lib/python3.9/site-packages/audioread/__init__.py", line 127, in audio_open
    return BackendClass(path)
  File "/home/ubuntu/miniconda3/envs/openvoice/lib/python3.9/site-packages/audioread/rawread.py", line 62, in __init__
    self._file = aifc.open(self._fh)
  File "/home/ubuntu/miniconda3/envs/openvoice/lib/python3.9/aifc.py", line 917, in open
    return Aifc_read(f)
  File "/home/ubuntu/miniconda3/envs/openvoice/lib/python3.9/aifc.py", line 358, in __init__
    self.initfp(f)
  File "/home/ubuntu/miniconda3/envs/openvoice/lib/python3.9/aifc.py", line 314, in initfp
    chunk = Chunk(file)
  File "/home/ubuntu/miniconda3/envs/openvoice/lib/python3.9/chunk.py", line 63, in __init__
    raise EOFError
EOFError
Traceback (most recent call last):
  File "/home/ubuntu/OpenVoice/job.py", line 334, in <module>
    clone_voice(f"./projects/{i}/{j}")
  File "/home/ubuntu/OpenVoice/job.py", line 201, in clone_voice
    return(convert_color(projectfolder))
  File "/home/ubuntu/OpenVoice/job.py", line 277, in convert_color
    target_se, audio_name = se_extractor.get_se(ref_audio_path, tone_color_converter, vad=False)
  File "/home/ubuntu/OpenVoice/openvoice/se_extractor.py", line 146, in get_se
    wavs_folder = split_audio_whisper(audio_path, target_dir=target_dir, audio_name=audio_name)
  File "/home/ubuntu/OpenVoice/openvoice/se_extractor.py", line 29, in split_audio_whisper
    segments = list(segments)
  File "/home/ubuntu/miniconda3/envs/openvoice/lib/python3.9/site-packages/faster_whisper/transcribe.py", line 433, in generate_segments
    ) = self.generate_with_fallback(encoder_output, prompt, tokenizer, options)
  File "/home/ubuntu/miniconda3/envs/openvoice/lib/python3.9/site-packages/faster_whisper/transcribe.py", line 641, in generate_with_fallback
    result = self.model.generate(
RuntimeError: CUDA failed with error out of memory
Traceback (most recent call last):
  File "/home/ubuntu/OpenVoice/job.py", line 279, in convert_color
    source_se = torch.load(f'checkpoints_v2/google_base_speakers/models/{voicecode}.pth', map_location=device)
  File "/home/ubuntu/miniconda3/envs/openvoice/lib/python3.9/site-packages/torch/serialization.py", line 997, in load
    with _open_file_like(f, 'rb') as opened_file:
  File "/home/ubuntu/miniconda3/envs/openvoice/lib/python3.9/site-packages/torch/serialization.py", line 444, in _open_file_like
    return _open_file(name_or_buffer, mode)
  File "/home/ubuntu/miniconda3/envs/openvoice/lib/python3.9/site-packages/torch/serialization.py", line 425, in __init__
    super().__init__(open(name, mode))
FileNotFoundError: [Errno 2] No such file or directory: 'checkpoints_v2/google_base_speakers/models/en-US-NovaMultilingualNeural.pth'

During handling of the above exception, another exception occurred:

Traceback (most recent call last):
  File "/home/ubuntu/miniconda3/envs/openvoice/lib/python3.9/site-packages/librosa/core/audio.py", line 155, in load
    context = sf.SoundFile(path)
  File "/home/ubuntu/miniconda3/envs/openvoice/lib/python3.9/site-packages/soundfile.py", line 658, in __init__
    self._file = self._open(file, mode_int, closefd)
  File "/home/ubuntu/miniconda3/envs/openvoice/lib/python3.9/site-packages/soundfile.py", line 1216, in _open
    raise LibsndfileError(err, prefix="Error opening {0!r}: ".format(self.name))
soundfile.LibsndfileError: Error opening 'checkpoints_v2/google_base_speakers/src/en-US-NovaMultilingualNeural.mp3': File does not exist or is not a regular file (possibly a pipe?).

During handling of the above exception, another exception occurred:

Traceback (most recent call last):
  File "/home/ubuntu/OpenVoice/job.py", line 334, in <module>
    clone_voice(f"./projects/{i}/{j}")
  File "/home/ubuntu/OpenVoice/job.py", line 201, in clone_voice
    return(convert_color(projectfolder))
  File "/home/ubuntu/OpenVoice/job.py", line 301, in convert_color
    source_se, audio_name = se_extractor.get_se(f"checkpoints_v2/google_base_speakers/src/{voicecode}.mp3", tone_color_converter, vad=True)
  File "/home/ubuntu/OpenVoice/openvoice/se_extractor.py", line 134, in get_se
    audio_name = f"{os.path.basename(audio_path).rsplit('.', 1)[0]}_{version}_{hash_numpy_array(audio_path)}"
  File "/home/ubuntu/OpenVoice/openvoice/se_extractor.py", line 119, in hash_numpy_array
    array, _ = librosa.load(audio_path, sr=None, mono=True)
  File "/home/ubuntu/miniconda3/envs/openvoice/lib/python3.9/site-packages/librosa/util/decorators.py", line 88, in inner_f
    return f(*args, **kwargs)
  File "/home/ubuntu/miniconda3/envs/openvoice/lib/python3.9/site-packages/librosa/core/audio.py", line 174, in load
    y, sr_native = __audioread_load(path, offset, duration, dtype)
  File "/home/ubuntu/miniconda3/envs/openvoice/lib/python3.9/site-packages/librosa/core/audio.py", line 198, in __audioread_load
    with audioread.audio_open(path) as input_file:
  File "/home/ubuntu/miniconda3/envs/openvoice/lib/python3.9/site-packages/audioread/__init__.py", line 127, in audio_open
    return BackendClass(path)
  File "/home/ubuntu/miniconda3/envs/openvoice/lib/python3.9/site-packages/audioread/rawread.py", line 62, in __init__
    self._file = aifc.open(self._fh)
  File "/home/ubuntu/miniconda3/envs/openvoice/lib/python3.9/aifc.py", line 917, in open
    return Aifc_read(f)
  File "/home/ubuntu/miniconda3/envs/openvoice/lib/python3.9/aifc.py", line 358, in __init__
    self.initfp(f)
  File "/home/ubuntu/miniconda3/envs/openvoice/lib/python3.9/aifc.py", line 314, in initfp
    chunk = Chunk(file)
  File "/home/ubuntu/miniconda3/envs/openvoice/lib/python3.9/chunk.py", line 63, in __init__
    raise EOFError
EOFError
Traceback (most recent call last):
  File "/home/ubuntu/OpenVoice/job.py", line 334, in <module>
    clone_voice(f"./projects/{i}/{j}")
  File "/home/ubuntu/OpenVoice/job.py", line 201, in clone_voice
    return(convert_color(projectfolder))
  File "/home/ubuntu/OpenVoice/job.py", line 277, in convert_color
    target_se, audio_name = se_extractor.get_se(ref_audio_path, tone_color_converter, vad=False)
  File "/home/ubuntu/OpenVoice/openvoice/se_extractor.py", line 146, in get_se
    wavs_folder = split_audio_whisper(audio_path, target_dir=target_dir, audio_name=audio_name)
  File "/home/ubuntu/OpenVoice/openvoice/se_extractor.py", line 29, in split_audio_whisper
    segments = list(segments)
  File "/home/ubuntu/miniconda3/envs/openvoice/lib/python3.9/site-packages/faster_whisper/transcribe.py", line 433, in generate_segments
    ) = self.generate_with_fallback(encoder_output, prompt, tokenizer, options)
  File "/home/ubuntu/miniconda3/envs/openvoice/lib/python3.9/site-packages/faster_whisper/transcribe.py", line 641, in generate_with_fallback
    result = self.model.generate(
RuntimeError: CUDA failed with error out of memory
Traceback (most recent call last):
  File "/home/ubuntu/OpenVoice/job.py", line 279, in convert_color
    source_se = torch.load(f'checkpoints_v2/google_base_speakers/models/{voicecode}.pth', map_location=device)
  File "/home/ubuntu/miniconda3/envs/openvoice/lib/python3.9/site-packages/torch/serialization.py", line 997, in load
    with _open_file_like(f, 'rb') as opened_file:
  File "/home/ubuntu/miniconda3/envs/openvoice/lib/python3.9/site-packages/torch/serialization.py", line 444, in _open_file_like
    return _open_file(name_or_buffer, mode)
  File "/home/ubuntu/miniconda3/envs/openvoice/lib/python3.9/site-packages/torch/serialization.py", line 425, in __init__
    super().__init__(open(name, mode))
FileNotFoundError: [Errno 2] No such file or directory: 'checkpoints_v2/google_base_speakers/models/en-US-NovaMultilingualNeural.pth'

During handling of the above exception, another exception occurred:

Traceback (most recent call last):
  File "/home/ubuntu/miniconda3/envs/openvoice/lib/python3.9/site-packages/librosa/core/audio.py", line 155, in load
    context = sf.SoundFile(path)
  File "/home/ubuntu/miniconda3/envs/openvoice/lib/python3.9/site-packages/soundfile.py", line 658, in __init__
    self._file = self._open(file, mode_int, closefd)
  File "/home/ubuntu/miniconda3/envs/openvoice/lib/python3.9/site-packages/soundfile.py", line 1216, in _open
    raise LibsndfileError(err, prefix="Error opening {0!r}: ".format(self.name))
soundfile.LibsndfileError: Error opening 'checkpoints_v2/google_base_speakers/src/en-US-NovaMultilingualNeural.mp3': File does not exist or is not a regular file (possibly a pipe?).

During handling of the above exception, another exception occurred:

Traceback (most recent call last):
  File "/home/ubuntu/OpenVoice/job.py", line 334, in <module>
    clone_voice(f"./projects/{i}/{j}")
  File "/home/ubuntu/OpenVoice/job.py", line 201, in clone_voice
    return(convert_color(projectfolder))
  File "/home/ubuntu/OpenVoice/job.py", line 301, in convert_color
    source_se, audio_name = se_extractor.get_se(f"checkpoints_v2/google_base_speakers/src/{voicecode}.mp3", tone_color_converter, vad=True)
  File "/home/ubuntu/OpenVoice/openvoice/se_extractor.py", line 134, in get_se
    audio_name = f"{os.path.basename(audio_path).rsplit('.', 1)[0]}_{version}_{hash_numpy_array(audio_path)}"
  File "/home/ubuntu/OpenVoice/openvoice/se_extractor.py", line 119, in hash_numpy_array
    array, _ = librosa.load(audio_path, sr=None, mono=True)
  File "/home/ubuntu/miniconda3/envs/openvoice/lib/python3.9/site-packages/librosa/util/decorators.py", line 88, in inner_f
    return f(*args, **kwargs)
  File "/home/ubuntu/miniconda3/envs/openvoice/lib/python3.9/site-packages/librosa/core/audio.py", line 174, in load
    y, sr_native = __audioread_load(path, offset, duration, dtype)
  File "/home/ubuntu/miniconda3/envs/openvoice/lib/python3.9/site-packages/librosa/core/audio.py", line 198, in __audioread_load
    with audioread.audio_open(path) as input_file:
  File "/home/ubuntu/miniconda3/envs/openvoice/lib/python3.9/site-packages/audioread/__init__.py", line 127, in audio_open
    return BackendClass(path)
  File "/home/ubuntu/miniconda3/envs/openvoice/lib/python3.9/site-packages/audioread/rawread.py", line 62, in __init__
    self._file = aifc.open(self._fh)
  File "/home/ubuntu/miniconda3/envs/openvoice/lib/python3.9/aifc.py", line 917, in open
    return Aifc_read(f)
  File "/home/ubuntu/miniconda3/envs/openvoice/lib/python3.9/aifc.py", line 358, in __init__
    self.initfp(f)
  File "/home/ubuntu/miniconda3/envs/openvoice/lib/python3.9/aifc.py", line 314, in initfp
    chunk = Chunk(file)
  File "/home/ubuntu/miniconda3/envs/openvoice/lib/python3.9/chunk.py", line 63, in __init__
    raise EOFError
EOFError
Traceback (most recent call last):
  File "/home/ubuntu/OpenVoice/job.py", line 334, in <module>
    clone_voice(f"./projects/{i}/{j}")
  File "/home/ubuntu/OpenVoice/job.py", line 201, in clone_voice
    return(convert_color(projectfolder))
  File "/home/ubuntu/OpenVoice/job.py", line 277, in convert_color
    target_se, audio_name = se_extractor.get_se(ref_audio_path, tone_color_converter, vad=False)
  File "/home/ubuntu/OpenVoice/openvoice/se_extractor.py", line 146, in get_se
    wavs_folder = split_audio_whisper(audio_path, target_dir=target_dir, audio_name=audio_name)
  File "/home/ubuntu/OpenVoice/openvoice/se_extractor.py", line 29, in split_audio_whisper
    segments = list(segments)
  File "/home/ubuntu/miniconda3/envs/openvoice/lib/python3.9/site-packages/faster_whisper/transcribe.py", line 433, in generate_segments
    ) = self.generate_with_fallback(encoder_output, prompt, tokenizer, options)
  File "/home/ubuntu/miniconda3/envs/openvoice/lib/python3.9/site-packages/faster_whisper/transcribe.py", line 641, in generate_with_fallback
    result = self.model.generate(
RuntimeError: CUDA failed with error out of memory
Traceback (most recent call last):
  File "/home/ubuntu/OpenVoice/job.py", line 334, in <module>
    clone_voice(f"./projects/{i}/{j}")
  File "/home/ubuntu/OpenVoice/job.py", line 201, in clone_voice
    return(convert_color(projectfolder))
  File "/home/ubuntu/OpenVoice/job.py", line 277, in convert_color
    target_se, audio_name = se_extractor.get_se(ref_audio_path, tone_color_converter, vad=False)
  File "/home/ubuntu/OpenVoice/openvoice/se_extractor.py", line 146, in get_se
    wavs_folder = split_audio_whisper(audio_path, target_dir=target_dir, audio_name=audio_name)
  File "/home/ubuntu/OpenVoice/openvoice/se_extractor.py", line 29, in split_audio_whisper
    segments = list(segments)
  File "/home/ubuntu/miniconda3/envs/openvoice/lib/python3.9/site-packages/faster_whisper/transcribe.py", line 433, in generate_segments
    ) = self.generate_with_fallback(encoder_output, prompt, tokenizer, options)
  File "/home/ubuntu/miniconda3/envs/openvoice/lib/python3.9/site-packages/faster_whisper/transcribe.py", line 641, in generate_with_fallback
    result = self.model.generate(
RuntimeError: CUDA failed with error out of memory
Traceback (most recent call last):
  File "/home/ubuntu/OpenVoice/job.py", line 334, in <module>
    clone_voice(f"./projects/{i}/{j}")
  File "/home/ubuntu/OpenVoice/job.py", line 201, in clone_voice
    return(convert_color(projectfolder))
  File "/home/ubuntu/OpenVoice/job.py", line 277, in convert_color
    target_se, audio_name = se_extractor.get_se(ref_audio_path, tone_color_converter, vad=False)
  File "/home/ubuntu/OpenVoice/openvoice/se_extractor.py", line 150, in get_se
    raise NotImplementedError('No audio segments found!')
NotImplementedError: No audio segments found!
Traceback (most recent call last):
  File "/home/ubuntu/OpenVoice/job.py", line 334, in <module>
    clone_voice(f"./projects/{i}/{j}")
  File "/home/ubuntu/OpenVoice/job.py", line 201, in clone_voice
    return(convert_color(projectfolder))
  File "/home/ubuntu/OpenVoice/job.py", line 277, in convert_color
    target_se, audio_name = se_extractor.get_se(ref_audio_path, tone_color_converter, vad=False)
  File "/home/ubuntu/OpenVoice/openvoice/se_extractor.py", line 146, in get_se
    wavs_folder = split_audio_whisper(audio_path, target_dir=target_dir, audio_name=audio_name)
  File "/home/ubuntu/OpenVoice/openvoice/se_extractor.py", line 29, in split_audio_whisper
    segments = list(segments)
  File "/home/ubuntu/miniconda3/envs/openvoice/lib/python3.9/site-packages/faster_whisper/transcribe.py", line 433, in generate_segments
    ) = self.generate_with_fallback(encoder_output, prompt, tokenizer, options)
  File "/home/ubuntu/miniconda3/envs/openvoice/lib/python3.9/site-packages/faster_whisper/transcribe.py", line 641, in generate_with_fallback
    result = self.model.generate(
RuntimeError: CUDA failed with error out of memory
Traceback (most recent call last):
  File "/home/ubuntu/OpenVoice/job.py", line 334, in <module>
    clone_voice(f"./projects/{i}/{j}")
  File "/home/ubuntu/OpenVoice/job.py", line 201, in clone_voice
    return(convert_color(projectfolder))
  File "/home/ubuntu/OpenVoice/job.py", line 277, in convert_color
    target_se, audio_name = se_extractor.get_se(ref_audio_path, tone_color_converter, vad=False)
  File "/home/ubuntu/OpenVoice/openvoice/se_extractor.py", line 146, in get_se
    wavs_folder = split_audio_whisper(audio_path, target_dir=target_dir, audio_name=audio_name)
  File "/home/ubuntu/OpenVoice/openvoice/se_extractor.py", line 29, in split_audio_whisper
    segments = list(segments)
  File "/home/ubuntu/miniconda3/envs/openvoice/lib/python3.9/site-packages/faster_whisper/transcribe.py", line 433, in generate_segments
    ) = self.generate_with_fallback(encoder_output, prompt, tokenizer, options)
  File "/home/ubuntu/miniconda3/envs/openvoice/lib/python3.9/site-packages/faster_whisper/transcribe.py", line 641, in generate_with_fallback
    result = self.model.generate(
RuntimeError: CUDA failed with error out of memory
Traceback (most recent call last):
  File "/home/ubuntu/OpenVoice/job.py", line 334, in <module>
    clone_voice(f"./projects/{i}/{j}")
  File "/home/ubuntu/OpenVoice/job.py", line 201, in clone_voice
    return(convert_color(projectfolder))
  File "/home/ubuntu/OpenVoice/job.py", line 277, in convert_color
    target_se, audio_name = se_extractor.get_se(ref_audio_path, tone_color_converter, vad=False)
  File "/home/ubuntu/OpenVoice/openvoice/se_extractor.py", line 146, in get_se
    wavs_folder = split_audio_whisper(audio_path, target_dir=target_dir, audio_name=audio_name)
  File "/home/ubuntu/OpenVoice/openvoice/se_extractor.py", line 29, in split_audio_whisper
    segments = list(segments)
  File "/home/ubuntu/miniconda3/envs/openvoice/lib/python3.9/site-packages/faster_whisper/transcribe.py", line 433, in generate_segments
    ) = self.generate_with_fallback(encoder_output, prompt, tokenizer, options)
  File "/home/ubuntu/miniconda3/envs/openvoice/lib/python3.9/site-packages/faster_whisper/transcribe.py", line 641, in generate_with_fallback
    result = self.model.generate(
RuntimeError: CUDA failed with error out of memory
Traceback (most recent call last):
  File "/home/ubuntu/OpenVoice/job.py", line 279, in convert_color
    source_se = torch.load(f'checkpoints_v2/google_base_speakers/models/{voicecode}.pth', map_location=device)
  File "/home/ubuntu/miniconda3/envs/openvoice/lib/python3.9/site-packages/torch/serialization.py", line 997, in load
    with _open_file_like(f, 'rb') as opened_file:
  File "/home/ubuntu/miniconda3/envs/openvoice/lib/python3.9/site-packages/torch/serialization.py", line 444, in _open_file_like
    return _open_file(name_or_buffer, mode)
  File "/home/ubuntu/miniconda3/envs/openvoice/lib/python3.9/site-packages/torch/serialization.py", line 425, in __init__
    super().__init__(open(name, mode))
FileNotFoundError: [Errno 2] No such file or directory: 'checkpoints_v2/google_base_speakers/models/sr-Latn-RS-NicholasNeural.pth'

During handling of the above exception, another exception occurred:

Traceback (most recent call last):
  File "/home/ubuntu/miniconda3/envs/openvoice/lib/python3.9/site-packages/librosa/core/audio.py", line 155, in load
    context = sf.SoundFile(path)
  File "/home/ubuntu/miniconda3/envs/openvoice/lib/python3.9/site-packages/soundfile.py", line 658, in __init__
    self._file = self._open(file, mode_int, closefd)
  File "/home/ubuntu/miniconda3/envs/openvoice/lib/python3.9/site-packages/soundfile.py", line 1216, in _open
    raise LibsndfileError(err, prefix="Error opening {0!r}: ".format(self.name))
soundfile.LibsndfileError: Error opening 'checkpoints_v2/google_base_speakers/src/sr-Latn-RS-NicholasNeural.mp3': File does not exist or is not a regular file (possibly a pipe?).

During handling of the above exception, another exception occurred:

Traceback (most recent call last):
  File "/home/ubuntu/OpenVoice/job.py", line 334, in <module>
    clone_voice(f"./projects/{i}/{j}")
  File "/home/ubuntu/OpenVoice/job.py", line 201, in clone_voice
    return(convert_color(projectfolder))
  File "/home/ubuntu/OpenVoice/job.py", line 301, in convert_color
    source_se, audio_name = se_extractor.get_se(f"checkpoints_v2/google_base_speakers/src/{voicecode}.mp3", tone_color_converter, vad=True)
  File "/home/ubuntu/OpenVoice/openvoice/se_extractor.py", line 134, in get_se
    audio_name = f"{os.path.basename(audio_path).rsplit('.', 1)[0]}_{version}_{hash_numpy_array(audio_path)}"
  File "/home/ubuntu/OpenVoice/openvoice/se_extractor.py", line 119, in hash_numpy_array
    array, _ = librosa.load(audio_path, sr=None, mono=True)
  File "/home/ubuntu/miniconda3/envs/openvoice/lib/python3.9/site-packages/librosa/util/decorators.py", line 88, in inner_f
    return f(*args, **kwargs)
  File "/home/ubuntu/miniconda3/envs/openvoice/lib/python3.9/site-packages/librosa/core/audio.py", line 174, in load
    y, sr_native = __audioread_load(path, offset, duration, dtype)
  File "/home/ubuntu/miniconda3/envs/openvoice/lib/python3.9/site-packages/librosa/core/audio.py", line 198, in __audioread_load
    with audioread.audio_open(path) as input_file:
  File "/home/ubuntu/miniconda3/envs/openvoice/lib/python3.9/site-packages/audioread/__init__.py", line 127, in audio_open
    return BackendClass(path)
  File "/home/ubuntu/miniconda3/envs/openvoice/lib/python3.9/site-packages/audioread/rawread.py", line 62, in __init__
    self._file = aifc.open(self._fh)
  File "/home/ubuntu/miniconda3/envs/openvoice/lib/python3.9/aifc.py", line 917, in open
    return Aifc_read(f)
  File "/home/ubuntu/miniconda3/envs/openvoice/lib/python3.9/aifc.py", line 358, in __init__
    self.initfp(f)
  File "/home/ubuntu/miniconda3/envs/openvoice/lib/python3.9/aifc.py", line 314, in initfp
    chunk = Chunk(file)
  File "/home/ubuntu/miniconda3/envs/openvoice/lib/python3.9/chunk.py", line 63, in __init__
    raise EOFError
EOFError
Traceback (most recent call last):
  File "/home/ubuntu/OpenVoice/job.py", line 334, in <module>
    clone_voice(f"./projects/{i}/{j}")
  File "/home/ubuntu/OpenVoice/job.py", line 201, in clone_voice
    return(convert_color(projectfolder))
  File "/home/ubuntu/OpenVoice/job.py", line 277, in convert_color
    target_se, audio_name = se_extractor.get_se(ref_audio_path, tone_color_converter, vad=False)
  File "/home/ubuntu/OpenVoice/openvoice/se_extractor.py", line 146, in get_se
    wavs_folder = split_audio_whisper(audio_path, target_dir=target_dir, audio_name=audio_name)
  File "/home/ubuntu/OpenVoice/openvoice/se_extractor.py", line 29, in split_audio_whisper
    segments = list(segments)
  File "/home/ubuntu/miniconda3/envs/openvoice/lib/python3.9/site-packages/faster_whisper/transcribe.py", line 433, in generate_segments
    ) = self.generate_with_fallback(encoder_output, prompt, tokenizer, options)
  File "/home/ubuntu/miniconda3/envs/openvoice/lib/python3.9/site-packages/faster_whisper/transcribe.py", line 641, in generate_with_fallback
    result = self.model.generate(
RuntimeError: CUDA failed with error out of memory
Traceback (most recent call last):
  File "/home/ubuntu/OpenVoice/job.py", line 334, in <module>
    clone_voice(f"./projects/{i}/{j}")
  File "/home/ubuntu/OpenVoice/job.py", line 201, in clone_voice
    return(convert_color(projectfolder))
  File "/home/ubuntu/OpenVoice/job.py", line 277, in convert_color
    target_se, audio_name = se_extractor.get_se(ref_audio_path, tone_color_converter, vad=False)
  File "/home/ubuntu/OpenVoice/openvoice/se_extractor.py", line 146, in get_se
    wavs_folder = split_audio_whisper(audio_path, target_dir=target_dir, audio_name=audio_name)
  File "/home/ubuntu/OpenVoice/openvoice/se_extractor.py", line 29, in split_audio_whisper
    segments = list(segments)
  File "/home/ubuntu/miniconda3/envs/openvoice/lib/python3.9/site-packages/faster_whisper/transcribe.py", line 433, in generate_segments
    ) = self.generate_with_fallback(encoder_output, prompt, tokenizer, options)
  File "/home/ubuntu/miniconda3/envs/openvoice/lib/python3.9/site-packages/faster_whisper/transcribe.py", line 641, in generate_with_fallback
    result = self.model.generate(
RuntimeError: CUDA failed with error out of memory
Traceback (most recent call last):
  File "/home/ubuntu/OpenVoice/job.py", line 334, in <module>
    clone_voice(f"./projects/{i}/{j}")
  File "/home/ubuntu/OpenVoice/job.py", line 201, in clone_voice
    return(convert_color(projectfolder))
  File "/home/ubuntu/OpenVoice/job.py", line 277, in convert_color
    target_se, audio_name = se_extractor.get_se(ref_audio_path, tone_color_converter, vad=False)
  File "/home/ubuntu/OpenVoice/openvoice/se_extractor.py", line 146, in get_se
    wavs_folder = split_audio_whisper(audio_path, target_dir=target_dir, audio_name=audio_name)
  File "/home/ubuntu/OpenVoice/openvoice/se_extractor.py", line 29, in split_audio_whisper
    segments = list(segments)
  File "/home/ubuntu/miniconda3/envs/openvoice/lib/python3.9/site-packages/faster_whisper/transcribe.py", line 433, in generate_segments
    ) = self.generate_with_fallback(encoder_output, prompt, tokenizer, options)
  File "/home/ubuntu/miniconda3/envs/openvoice/lib/python3.9/site-packages/faster_whisper/transcribe.py", line 641, in generate_with_fallback
    result = self.model.generate(
RuntimeError: CUDA failed with error out of memory
Traceback (most recent call last):
  File "/home/ubuntu/OpenVoice/job.py", line 334, in <module>
    clone_voice(f"./projects/{i}/{j}")
  File "/home/ubuntu/OpenVoice/job.py", line 201, in clone_voice
    return(convert_color(projectfolder))
  File "/home/ubuntu/OpenVoice/job.py", line 277, in convert_color
    target_se, audio_name = se_extractor.get_se(ref_audio_path, tone_color_converter, vad=False)
  File "/home/ubuntu/OpenVoice/openvoice/se_extractor.py", line 146, in get_se
    wavs_folder = split_audio_whisper(audio_path, target_dir=target_dir, audio_name=audio_name)
  File "/home/ubuntu/OpenVoice/openvoice/se_extractor.py", line 29, in split_audio_whisper
    segments = list(segments)
  File "/home/ubuntu/miniconda3/envs/openvoice/lib/python3.9/site-packages/faster_whisper/transcribe.py", line 433, in generate_segments
    ) = self.generate_with_fallback(encoder_output, prompt, tokenizer, options)
  File "/home/ubuntu/miniconda3/envs/openvoice/lib/python3.9/site-packages/faster_whisper/transcribe.py", line 641, in generate_with_fallback
    result = self.model.generate(
RuntimeError: CUDA failed with error out of memory
Traceback (most recent call last):
  File "/home/ubuntu/OpenVoice/job.py", line 334, in <module>
    clone_voice(f"./projects/{i}/{j}")
  File "/home/ubuntu/OpenVoice/job.py", line 201, in clone_voice
    return(convert_color(projectfolder))
  File "/home/ubuntu/OpenVoice/job.py", line 277, in convert_color
    target_se, audio_name = se_extractor.get_se(ref_audio_path, tone_color_converter, vad=False)
  File "/home/ubuntu/OpenVoice/openvoice/se_extractor.py", line 146, in get_se
    wavs_folder = split_audio_whisper(audio_path, target_dir=target_dir, audio_name=audio_name)
  File "/home/ubuntu/OpenVoice/openvoice/se_extractor.py", line 29, in split_audio_whisper
    segments = list(segments)
  File "/home/ubuntu/miniconda3/envs/openvoice/lib/python3.9/site-packages/faster_whisper/transcribe.py", line 433, in generate_segments
    ) = self.generate_with_fallback(encoder_output, prompt, tokenizer, options)
  File "/home/ubuntu/miniconda3/envs/openvoice/lib/python3.9/site-packages/faster_whisper/transcribe.py", line 641, in generate_with_fallback
    result = self.model.generate(
RuntimeError: CUDA failed with error out of memory
Traceback (most recent call last):
  File "/home/ubuntu/OpenVoice/job.py", line 334, in <module>
    clone_voice(f"./projects/{i}/{j}")
  File "/home/ubuntu/OpenVoice/job.py", line 201, in clone_voice
    return(convert_color(projectfolder))
  File "/home/ubuntu/OpenVoice/job.py", line 277, in convert_color
    target_se, audio_name = se_extractor.get_se(ref_audio_path, tone_color_converter, vad=False)
  File "/home/ubuntu/OpenVoice/openvoice/se_extractor.py", line 146, in get_se
    wavs_folder = split_audio_whisper(audio_path, target_dir=target_dir, audio_name=audio_name)
  File "/home/ubuntu/OpenVoice/openvoice/se_extractor.py", line 29, in split_audio_whisper
    segments = list(segments)
  File "/home/ubuntu/miniconda3/envs/openvoice/lib/python3.9/site-packages/faster_whisper/transcribe.py", line 433, in generate_segments
    ) = self.generate_with_fallback(encoder_output, prompt, tokenizer, options)
  File "/home/ubuntu/miniconda3/envs/openvoice/lib/python3.9/site-packages/faster_whisper/transcribe.py", line 641, in generate_with_fallback
    result = self.model.generate(
RuntimeError: CUDA failed with error out of memory
Traceback (most recent call last):
  File "/home/ubuntu/OpenVoice/job.py", line 334, in <module>
    clone_voice(f"./projects/{i}/{j}")
  File "/home/ubuntu/OpenVoice/job.py", line 201, in clone_voice
    return(convert_color(projectfolder))
  File "/home/ubuntu/OpenVoice/job.py", line 277, in convert_color
    target_se, audio_name = se_extractor.get_se(ref_audio_path, tone_color_converter, vad=False)
  File "/home/ubuntu/OpenVoice/openvoice/se_extractor.py", line 146, in get_se
    wavs_folder = split_audio_whisper(audio_path, target_dir=target_dir, audio_name=audio_name)
  File "/home/ubuntu/OpenVoice/openvoice/se_extractor.py", line 29, in split_audio_whisper
    segments = list(segments)
  File "/home/ubuntu/miniconda3/envs/openvoice/lib/python3.9/site-packages/faster_whisper/transcribe.py", line 433, in generate_segments
    ) = self.generate_with_fallback(encoder_output, prompt, tokenizer, options)
  File "/home/ubuntu/miniconda3/envs/openvoice/lib/python3.9/site-packages/faster_whisper/transcribe.py", line 641, in generate_with_fallback
    result = self.model.generate(
RuntimeError: CUDA failed with error out of memory
Traceback (most recent call last):
  File "/home/ubuntu/OpenVoice/job.py", line 279, in convert_color
    source_se = torch.load(f'checkpoints_v2/google_base_speakers/models/{voicecode}.pth', map_location=device)
  File "/home/ubuntu/miniconda3/envs/openvoice/lib/python3.9/site-packages/torch/serialization.py", line 997, in load
    with _open_file_like(f, 'rb') as opened_file:
  File "/home/ubuntu/miniconda3/envs/openvoice/lib/python3.9/site-packages/torch/serialization.py", line 444, in _open_file_like
    return _open_file(name_or_buffer, mode)
  File "/home/ubuntu/miniconda3/envs/openvoice/lib/python3.9/site-packages/torch/serialization.py", line 425, in __init__
    super().__init__(open(name, mode))
FileNotFoundError: [Errno 2] No such file or directory: 'checkpoints_v2/google_base_speakers/models/sr-Latn-RS-NicholasNeural.pth'

During handling of the above exception, another exception occurred:

Traceback (most recent call last):
  File "/home/ubuntu/miniconda3/envs/openvoice/lib/python3.9/site-packages/librosa/core/audio.py", line 155, in load
    context = sf.SoundFile(path)
  File "/home/ubuntu/miniconda3/envs/openvoice/lib/python3.9/site-packages/soundfile.py", line 658, in __init__
    self._file = self._open(file, mode_int, closefd)
  File "/home/ubuntu/miniconda3/envs/openvoice/lib/python3.9/site-packages/soundfile.py", line 1216, in _open
    raise LibsndfileError(err, prefix="Error opening {0!r}: ".format(self.name))
soundfile.LibsndfileError: Error opening 'checkpoints_v2/google_base_speakers/src/sr-Latn-RS-NicholasNeural.mp3': File does not exist or is not a regular file (possibly a pipe?).

During handling of the above exception, another exception occurred:

Traceback (most recent call last):
  File "/home/ubuntu/OpenVoice/job.py", line 334, in <module>
    clone_voice(f"./projects/{i}/{j}")
  File "/home/ubuntu/OpenVoice/job.py", line 201, in clone_voice
    return(convert_color(projectfolder))
  File "/home/ubuntu/OpenVoice/job.py", line 301, in convert_color
    source_se, audio_name = se_extractor.get_se(f"checkpoints_v2/google_base_speakers/src/{voicecode}.mp3", tone_color_converter, vad=True)
  File "/home/ubuntu/OpenVoice/openvoice/se_extractor.py", line 134, in get_se
    audio_name = f"{os.path.basename(audio_path).rsplit('.', 1)[0]}_{version}_{hash_numpy_array(audio_path)}"
  File "/home/ubuntu/OpenVoice/openvoice/se_extractor.py", line 119, in hash_numpy_array
    array, _ = librosa.load(audio_path, sr=None, mono=True)
  File "/home/ubuntu/miniconda3/envs/openvoice/lib/python3.9/site-packages/librosa/util/decorators.py", line 88, in inner_f
    return f(*args, **kwargs)
  File "/home/ubuntu/miniconda3/envs/openvoice/lib/python3.9/site-packages/librosa/core/audio.py", line 174, in load
    y, sr_native = __audioread_load(path, offset, duration, dtype)
  File "/home/ubuntu/miniconda3/envs/openvoice/lib/python3.9/site-packages/librosa/core/audio.py", line 198, in __audioread_load
    with audioread.audio_open(path) as input_file:
  File "/home/ubuntu/miniconda3/envs/openvoice/lib/python3.9/site-packages/audioread/__init__.py", line 127, in audio_open
    return BackendClass(path)
  File "/home/ubuntu/miniconda3/envs/openvoice/lib/python3.9/site-packages/audioread/rawread.py", line 62, in __init__
    self._file = aifc.open(self._fh)
  File "/home/ubuntu/miniconda3/envs/openvoice/lib/python3.9/aifc.py", line 917, in open
    return Aifc_read(f)
  File "/home/ubuntu/miniconda3/envs/openvoice/lib/python3.9/aifc.py", line 358, in __init__
    self.initfp(f)
  File "/home/ubuntu/miniconda3/envs/openvoice/lib/python3.9/aifc.py", line 314, in initfp
    chunk = Chunk(file)
  File "/home/ubuntu/miniconda3/envs/openvoice/lib/python3.9/chunk.py", line 63, in __init__
    raise EOFError
EOFError
Traceback (most recent call last):
  File "/home/ubuntu/OpenVoice/job.py", line 279, in convert_color
    source_se = torch.load(f'checkpoints_v2/google_base_speakers/models/{voicecode}.pth', map_location=device)
  File "/home/ubuntu/miniconda3/envs/openvoice/lib/python3.9/site-packages/torch/serialization.py", line 997, in load
    with _open_file_like(f, 'rb') as opened_file:
  File "/home/ubuntu/miniconda3/envs/openvoice/lib/python3.9/site-packages/torch/serialization.py", line 444, in _open_file_like
    return _open_file(name_or_buffer, mode)
  File "/home/ubuntu/miniconda3/envs/openvoice/lib/python3.9/site-packages/torch/serialization.py", line 425, in __init__
    super().__init__(open(name, mode))
FileNotFoundError: [Errno 2] No such file or directory: 'checkpoints_v2/google_base_speakers/models/sr-Latn-RS-NicholasNeural.pth'

During handling of the above exception, another exception occurred:

Traceback (most recent call last):
  File "/home/ubuntu/miniconda3/envs/openvoice/lib/python3.9/site-packages/librosa/core/audio.py", line 155, in load
    context = sf.SoundFile(path)
  File "/home/ubuntu/miniconda3/envs/openvoice/lib/python3.9/site-packages/soundfile.py", line 658, in __init__
    self._file = self._open(file, mode_int, closefd)
  File "/home/ubuntu/miniconda3/envs/openvoice/lib/python3.9/site-packages/soundfile.py", line 1216, in _open
    raise LibsndfileError(err, prefix="Error opening {0!r}: ".format(self.name))
soundfile.LibsndfileError: Error opening 'checkpoints_v2/google_base_speakers/src/sr-Latn-RS-NicholasNeural.mp3': File does not exist or is not a regular file (possibly a pipe?).

During handling of the above exception, another exception occurred:

Traceback (most recent call last):
  File "/home/ubuntu/OpenVoice/job.py", line 334, in <module>
    clone_voice(f"./projects/{i}/{j}")
  File "/home/ubuntu/OpenVoice/job.py", line 201, in clone_voice
    return(convert_color(projectfolder))
  File "/home/ubuntu/OpenVoice/job.py", line 301, in convert_color
    source_se, audio_name = se_extractor.get_se(f"checkpoints_v2/google_base_speakers/src/{voicecode}.mp3", tone_color_converter, vad=True)
  File "/home/ubuntu/OpenVoice/openvoice/se_extractor.py", line 134, in get_se
    audio_name = f"{os.path.basename(audio_path).rsplit('.', 1)[0]}_{version}_{hash_numpy_array(audio_path)}"
  File "/home/ubuntu/OpenVoice/openvoice/se_extractor.py", line 119, in hash_numpy_array
    array, _ = librosa.load(audio_path, sr=None, mono=True)
  File "/home/ubuntu/miniconda3/envs/openvoice/lib/python3.9/site-packages/librosa/util/decorators.py", line 88, in inner_f
    return f(*args, **kwargs)
  File "/home/ubuntu/miniconda3/envs/openvoice/lib/python3.9/site-packages/librosa/core/audio.py", line 174, in load
    y, sr_native = __audioread_load(path, offset, duration, dtype)
  File "/home/ubuntu/miniconda3/envs/openvoice/lib/python3.9/site-packages/librosa/core/audio.py", line 198, in __audioread_load
    with audioread.audio_open(path) as input_file:
  File "/home/ubuntu/miniconda3/envs/openvoice/lib/python3.9/site-packages/audioread/__init__.py", line 127, in audio_open
    return BackendClass(path)
  File "/home/ubuntu/miniconda3/envs/openvoice/lib/python3.9/site-packages/audioread/rawread.py", line 62, in __init__
    self._file = aifc.open(self._fh)
  File "/home/ubuntu/miniconda3/envs/openvoice/lib/python3.9/aifc.py", line 917, in open
    return Aifc_read(f)
  File "/home/ubuntu/miniconda3/envs/openvoice/lib/python3.9/aifc.py", line 358, in __init__
    self.initfp(f)
  File "/home/ubuntu/miniconda3/envs/openvoice/lib/python3.9/aifc.py", line 314, in initfp
    chunk = Chunk(file)
  File "/home/ubuntu/miniconda3/envs/openvoice/lib/python3.9/chunk.py", line 63, in __init__
    raise EOFError
EOFError
Traceback (most recent call last):
  File "/home/ubuntu/OpenVoice/job.py", line 334, in <module>
    clone_voice(f"./projects/{i}/{j}")
  File "/home/ubuntu/OpenVoice/job.py", line 201, in clone_voice
    return(convert_color(projectfolder))
  File "/home/ubuntu/OpenVoice/job.py", line 277, in convert_color
    target_se, audio_name = se_extractor.get_se(ref_audio_path, tone_color_converter, vad=False)
  File "/home/ubuntu/OpenVoice/openvoice/se_extractor.py", line 146, in get_se
    wavs_folder = split_audio_whisper(audio_path, target_dir=target_dir, audio_name=audio_name)
  File "/home/ubuntu/OpenVoice/openvoice/se_extractor.py", line 29, in split_audio_whisper
    segments = list(segments)
  File "/home/ubuntu/miniconda3/envs/openvoice/lib/python3.9/site-packages/faster_whisper/transcribe.py", line 433, in generate_segments
    ) = self.generate_with_fallback(encoder_output, prompt, tokenizer, options)
  File "/home/ubuntu/miniconda3/envs/openvoice/lib/python3.9/site-packages/faster_whisper/transcribe.py", line 641, in generate_with_fallback
    result = self.model.generate(
RuntimeError: CUDA failed with error out of memory
Traceback (most recent call last):
  File "/home/ubuntu/OpenVoice/job.py", line 334, in <module>
    clone_voice(f"./projects/{i}/{j}")
  File "/home/ubuntu/OpenVoice/job.py", line 201, in clone_voice
    return(convert_color(projectfolder))
  File "/home/ubuntu/OpenVoice/job.py", line 277, in convert_color
    target_se, audio_name = se_extractor.get_se(ref_audio_path, tone_color_converter, vad=False)
  File "/home/ubuntu/OpenVoice/openvoice/se_extractor.py", line 146, in get_se
    wavs_folder = split_audio_whisper(audio_path, target_dir=target_dir, audio_name=audio_name)
  File "/home/ubuntu/OpenVoice/openvoice/se_extractor.py", line 29, in split_audio_whisper
    segments = list(segments)
  File "/home/ubuntu/miniconda3/envs/openvoice/lib/python3.9/site-packages/faster_whisper/transcribe.py", line 433, in generate_segments
    ) = self.generate_with_fallback(encoder_output, prompt, tokenizer, options)
  File "/home/ubuntu/miniconda3/envs/openvoice/lib/python3.9/site-packages/faster_whisper/transcribe.py", line 641, in generate_with_fallback
    result = self.model.generate(
RuntimeError: CUDA failed with error out of memory
Traceback (most recent call last):
  File "/home/ubuntu/OpenVoice/job.py", line 334, in <module>
    clone_voice(f"./projects/{i}/{j}")
  File "/home/ubuntu/OpenVoice/job.py", line 201, in clone_voice
    return(convert_color(projectfolder))
  File "/home/ubuntu/OpenVoice/job.py", line 277, in convert_color
    target_se, audio_name = se_extractor.get_se(ref_audio_path, tone_color_converter, vad=False)
  File "/home/ubuntu/OpenVoice/openvoice/se_extractor.py", line 146, in get_se
    wavs_folder = split_audio_whisper(audio_path, target_dir=target_dir, audio_name=audio_name)
  File "/home/ubuntu/OpenVoice/openvoice/se_extractor.py", line 29, in split_audio_whisper
    segments = list(segments)
  File "/home/ubuntu/miniconda3/envs/openvoice/lib/python3.9/site-packages/faster_whisper/transcribe.py", line 433, in generate_segments
    ) = self.generate_with_fallback(encoder_output, prompt, tokenizer, options)
  File "/home/ubuntu/miniconda3/envs/openvoice/lib/python3.9/site-packages/faster_whisper/transcribe.py", line 641, in generate_with_fallback
    result = self.model.generate(
RuntimeError: CUDA failed with error out of memory
Traceback (most recent call last):
  File "/home/ubuntu/OpenVoice/job.py", line 334, in <module>
    clone_voice(f"./projects/{i}/{j}")
  File "/home/ubuntu/OpenVoice/job.py", line 201, in clone_voice
    return(convert_color(projectfolder))
  File "/home/ubuntu/OpenVoice/job.py", line 277, in convert_color
    target_se, audio_name = se_extractor.get_se(ref_audio_path, tone_color_converter, vad=False)
  File "/home/ubuntu/OpenVoice/openvoice/se_extractor.py", line 146, in get_se
    wavs_folder = split_audio_whisper(audio_path, target_dir=target_dir, audio_name=audio_name)
  File "/home/ubuntu/OpenVoice/openvoice/se_extractor.py", line 29, in split_audio_whisper
    segments = list(segments)
  File "/home/ubuntu/miniconda3/envs/openvoice/lib/python3.9/site-packages/faster_whisper/transcribe.py", line 433, in generate_segments
    ) = self.generate_with_fallback(encoder_output, prompt, tokenizer, options)
  File "/home/ubuntu/miniconda3/envs/openvoice/lib/python3.9/site-packages/faster_whisper/transcribe.py", line 641, in generate_with_fallback
    result = self.model.generate(
RuntimeError: CUDA failed with error out of memory
Traceback (most recent call last):
  File "/home/ubuntu/OpenVoice/job.py", line 334, in <module>
    clone_voice(f"./projects/{i}/{j}")
  File "/home/ubuntu/OpenVoice/job.py", line 201, in clone_voice
    return(convert_color(projectfolder))
  File "/home/ubuntu/OpenVoice/job.py", line 277, in convert_color
    target_se, audio_name = se_extractor.get_se(ref_audio_path, tone_color_converter, vad=False)
  File "/home/ubuntu/OpenVoice/openvoice/se_extractor.py", line 146, in get_se
    wavs_folder = split_audio_whisper(audio_path, target_dir=target_dir, audio_name=audio_name)
  File "/home/ubuntu/OpenVoice/openvoice/se_extractor.py", line 29, in split_audio_whisper
    segments = list(segments)
  File "/home/ubuntu/miniconda3/envs/openvoice/lib/python3.9/site-packages/faster_whisper/transcribe.py", line 433, in generate_segments
    ) = self.generate_with_fallback(encoder_output, prompt, tokenizer, options)
  File "/home/ubuntu/miniconda3/envs/openvoice/lib/python3.9/site-packages/faster_whisper/transcribe.py", line 641, in generate_with_fallback
    result = self.model.generate(
RuntimeError: CUDA failed with error out of memory
Traceback (most recent call last):
  File "/home/ubuntu/OpenVoice/job.py", line 334, in <module>
    clone_voice(f"./projects/{i}/{j}")
  File "/home/ubuntu/OpenVoice/job.py", line 201, in clone_voice
    return(convert_color(projectfolder))
  File "/home/ubuntu/OpenVoice/job.py", line 277, in convert_color
    target_se, audio_name = se_extractor.get_se(ref_audio_path, tone_color_converter, vad=False)
  File "/home/ubuntu/OpenVoice/openvoice/se_extractor.py", line 146, in get_se
    wavs_folder = split_audio_whisper(audio_path, target_dir=target_dir, audio_name=audio_name)
  File "/home/ubuntu/OpenVoice/openvoice/se_extractor.py", line 29, in split_audio_whisper
    segments = list(segments)
  File "/home/ubuntu/miniconda3/envs/openvoice/lib/python3.9/site-packages/faster_whisper/transcribe.py", line 433, in generate_segments
    ) = self.generate_with_fallback(encoder_output, prompt, tokenizer, options)
  File "/home/ubuntu/miniconda3/envs/openvoice/lib/python3.9/site-packages/faster_whisper/transcribe.py", line 641, in generate_with_fallback
    result = self.model.generate(
RuntimeError: CUDA failed with error out of memory
Traceback (most recent call last):
  File "/home/ubuntu/OpenVoice/job.py", line 334, in <module>
    clone_voice(f"./projects/{i}/{j}")
  File "/home/ubuntu/OpenVoice/job.py", line 201, in clone_voice
    return(convert_color(projectfolder))
  File "/home/ubuntu/OpenVoice/job.py", line 277, in convert_color
    target_se, audio_name = se_extractor.get_se(ref_audio_path, tone_color_converter, vad=False)
  File "/home/ubuntu/OpenVoice/openvoice/se_extractor.py", line 146, in get_se
    wavs_folder = split_audio_whisper(audio_path, target_dir=target_dir, audio_name=audio_name)
  File "/home/ubuntu/OpenVoice/openvoice/se_extractor.py", line 29, in split_audio_whisper
    segments = list(segments)
  File "/home/ubuntu/miniconda3/envs/openvoice/lib/python3.9/site-packages/faster_whisper/transcribe.py", line 433, in generate_segments
    ) = self.generate_with_fallback(encoder_output, prompt, tokenizer, options)
  File "/home/ubuntu/miniconda3/envs/openvoice/lib/python3.9/site-packages/faster_whisper/transcribe.py", line 641, in generate_with_fallback
    result = self.model.generate(
RuntimeError: CUDA failed with error out of memory
Traceback (most recent call last):
  File "/home/ubuntu/OpenVoice/job.py", line 334, in <module>
    clone_voice(f"./projects/{i}/{j}")
  File "/home/ubuntu/OpenVoice/job.py", line 201, in clone_voice
    return(convert_color(projectfolder))
  File "/home/ubuntu/OpenVoice/job.py", line 277, in convert_color
    target_se, audio_name = se_extractor.get_se(ref_audio_path, tone_color_converter, vad=False)
  File "/home/ubuntu/OpenVoice/openvoice/se_extractor.py", line 146, in get_se
    wavs_folder = split_audio_whisper(audio_path, target_dir=target_dir, audio_name=audio_name)
  File "/home/ubuntu/OpenVoice/openvoice/se_extractor.py", line 29, in split_audio_whisper
    segments = list(segments)
  File "/home/ubuntu/miniconda3/envs/openvoice/lib/python3.9/site-packages/faster_whisper/transcribe.py", line 433, in generate_segments
    ) = self.generate_with_fallback(encoder_output, prompt, tokenizer, options)
  File "/home/ubuntu/miniconda3/envs/openvoice/lib/python3.9/site-packages/faster_whisper/transcribe.py", line 641, in generate_with_fallback
    result = self.model.generate(
RuntimeError: CUDA failed with error out of memory
Traceback (most recent call last):
  File "/home/ubuntu/OpenVoice/job.py", line 334, in <module>
    clone_voice(f"./projects/{i}/{j}")
  File "/home/ubuntu/OpenVoice/job.py", line 201, in clone_voice
    return(convert_color(projectfolder))
  File "/home/ubuntu/OpenVoice/job.py", line 277, in convert_color
    target_se, audio_name = se_extractor.get_se(ref_audio_path, tone_color_converter, vad=False)
  File "/home/ubuntu/OpenVoice/openvoice/se_extractor.py", line 146, in get_se
    wavs_folder = split_audio_whisper(audio_path, target_dir=target_dir, audio_name=audio_name)
  File "/home/ubuntu/OpenVoice/openvoice/se_extractor.py", line 29, in split_audio_whisper
    segments = list(segments)
  File "/home/ubuntu/miniconda3/envs/openvoice/lib/python3.9/site-packages/faster_whisper/transcribe.py", line 433, in generate_segments
    ) = self.generate_with_fallback(encoder_output, prompt, tokenizer, options)
  File "/home/ubuntu/miniconda3/envs/openvoice/lib/python3.9/site-packages/faster_whisper/transcribe.py", line 641, in generate_with_fallback
    result = self.model.generate(
RuntimeError: CUDA failed with error out of memory
Traceback (most recent call last):
  File "/home/ubuntu/OpenVoice/job.py", line 334, in <module>
    clone_voice(f"./projects/{i}/{j}")
  File "/home/ubuntu/OpenVoice/job.py", line 201, in clone_voice
    return(convert_color(projectfolder))
  File "/home/ubuntu/OpenVoice/job.py", line 277, in convert_color
    target_se, audio_name = se_extractor.get_se(ref_audio_path, tone_color_converter, vad=False)
  File "/home/ubuntu/OpenVoice/openvoice/se_extractor.py", line 146, in get_se
    wavs_folder = split_audio_whisper(audio_path, target_dir=target_dir, audio_name=audio_name)
  File "/home/ubuntu/OpenVoice/openvoice/se_extractor.py", line 29, in split_audio_whisper
    segments = list(segments)
  File "/home/ubuntu/miniconda3/envs/openvoice/lib/python3.9/site-packages/faster_whisper/transcribe.py", line 433, in generate_segments
    ) = self.generate_with_fallback(encoder_output, prompt, tokenizer, options)
  File "/home/ubuntu/miniconda3/envs/openvoice/lib/python3.9/site-packages/faster_whisper/transcribe.py", line 641, in generate_with_fallback
    result = self.model.generate(
RuntimeError: CUDA failed with error out of memory
Traceback (most recent call last):
  File "/home/ubuntu/OpenVoice/job.py", line 334, in <module>
    clone_voice(f"./projects/{i}/{j}")
  File "/home/ubuntu/OpenVoice/job.py", line 201, in clone_voice
    return(convert_color(projectfolder))
  File "/home/ubuntu/OpenVoice/job.py", line 277, in convert_color
    target_se, audio_name = se_extractor.get_se(ref_audio_path, tone_color_converter, vad=False)
  File "/home/ubuntu/OpenVoice/openvoice/se_extractor.py", line 146, in get_se
    wavs_folder = split_audio_whisper(audio_path, target_dir=target_dir, audio_name=audio_name)
  File "/home/ubuntu/OpenVoice/openvoice/se_extractor.py", line 29, in split_audio_whisper
    segments = list(segments)
  File "/home/ubuntu/miniconda3/envs/openvoice/lib/python3.9/site-packages/faster_whisper/transcribe.py", line 433, in generate_segments
    ) = self.generate_with_fallback(encoder_output, prompt, tokenizer, options)
  File "/home/ubuntu/miniconda3/envs/openvoice/lib/python3.9/site-packages/faster_whisper/transcribe.py", line 641, in generate_with_fallback
    result = self.model.generate(
RuntimeError: CUDA failed with error out of memory
Traceback (most recent call last):
  File "/home/ubuntu/OpenVoice/job.py", line 334, in <module>
    clone_voice(f"./projects/{i}/{j}")
  File "/home/ubuntu/OpenVoice/job.py", line 201, in clone_voice
    return(convert_color(projectfolder))
  File "/home/ubuntu/OpenVoice/job.py", line 277, in convert_color
    target_se, audio_name = se_extractor.get_se(ref_audio_path, tone_color_converter, vad=False)
  File "/home/ubuntu/OpenVoice/openvoice/se_extractor.py", line 146, in get_se
    wavs_folder = split_audio_whisper(audio_path, target_dir=target_dir, audio_name=audio_name)
  File "/home/ubuntu/OpenVoice/openvoice/se_extractor.py", line 29, in split_audio_whisper
    segments = list(segments)
  File "/home/ubuntu/miniconda3/envs/openvoice/lib/python3.9/site-packages/faster_whisper/transcribe.py", line 433, in generate_segments
    ) = self.generate_with_fallback(encoder_output, prompt, tokenizer, options)
  File "/home/ubuntu/miniconda3/envs/openvoice/lib/python3.9/site-packages/faster_whisper/transcribe.py", line 641, in generate_with_fallback
    result = self.model.generate(
RuntimeError: CUDA failed with error out of memory
Traceback (most recent call last):
  File "/home/ubuntu/OpenVoice/job.py", line 334, in <module>
    clone_voice(f"./projects/{i}/{j}")
  File "/home/ubuntu/OpenVoice/job.py", line 201, in clone_voice
    return(convert_color(projectfolder))
  File "/home/ubuntu/OpenVoice/job.py", line 277, in convert_color
    target_se, audio_name = se_extractor.get_se(ref_audio_path, tone_color_converter, vad=False)
  File "/home/ubuntu/OpenVoice/openvoice/se_extractor.py", line 146, in get_se
    wavs_folder = split_audio_whisper(audio_path, target_dir=target_dir, audio_name=audio_name)
  File "/home/ubuntu/OpenVoice/openvoice/se_extractor.py", line 29, in split_audio_whisper
    segments = list(segments)
  File "/home/ubuntu/miniconda3/envs/openvoice/lib/python3.9/site-packages/faster_whisper/transcribe.py", line 433, in generate_segments
    ) = self.generate_with_fallback(encoder_output, prompt, tokenizer, options)
  File "/home/ubuntu/miniconda3/envs/openvoice/lib/python3.9/site-packages/faster_whisper/transcribe.py", line 641, in generate_with_fallback
    result = self.model.generate(
RuntimeError: CUDA failed with error out of memory
Traceback (most recent call last):
  File "/home/ubuntu/OpenVoice/job.py", line 334, in <module>
    clone_voice(f"./projects/{i}/{j}")
  File "/home/ubuntu/OpenVoice/job.py", line 201, in clone_voice
    return(convert_color(projectfolder))
  File "/home/ubuntu/OpenVoice/job.py", line 277, in convert_color
    target_se, audio_name = se_extractor.get_se(ref_audio_path, tone_color_converter, vad=False)
  File "/home/ubuntu/OpenVoice/openvoice/se_extractor.py", line 146, in get_se
    wavs_folder = split_audio_whisper(audio_path, target_dir=target_dir, audio_name=audio_name)
  File "/home/ubuntu/OpenVoice/openvoice/se_extractor.py", line 29, in split_audio_whisper
    segments = list(segments)
  File "/home/ubuntu/miniconda3/envs/openvoice/lib/python3.9/site-packages/faster_whisper/transcribe.py", line 433, in generate_segments
    ) = self.generate_with_fallback(encoder_output, prompt, tokenizer, options)
  File "/home/ubuntu/miniconda3/envs/openvoice/lib/python3.9/site-packages/faster_whisper/transcribe.py", line 641, in generate_with_fallback
    result = self.model.generate(
RuntimeError: CUDA failed with error out of memory
Traceback (most recent call last):
  File "/home/ubuntu/OpenVoice/job.py", line 279, in convert_color
    source_se = torch.load(f'checkpoints_v2/google_base_speakers/models/{voicecode}.pth', map_location=device)
  File "/home/ubuntu/miniconda3/envs/openvoice/lib/python3.9/site-packages/torch/serialization.py", line 997, in load
    with _open_file_like(f, 'rb') as opened_file:
  File "/home/ubuntu/miniconda3/envs/openvoice/lib/python3.9/site-packages/torch/serialization.py", line 444, in _open_file_like
    return _open_file(name_or_buffer, mode)
  File "/home/ubuntu/miniconda3/envs/openvoice/lib/python3.9/site-packages/torch/serialization.py", line 425, in __init__
    super().__init__(open(name, mode))
FileNotFoundError: [Errno 2] No such file or directory: 'checkpoints_v2/google_base_speakers/models/cmn-CN-Wavenet-C.pth'

During handling of the above exception, another exception occurred:

Traceback (most recent call last):
  File "/home/ubuntu/OpenVoice/job.py", line 288, in convert_color
    synthesis_input = texttospeech.SynthesisInput(text=texts_[voicecode[:2]])
KeyError: 'cm'

During handling of the above exception, another exception occurred:

Traceback (most recent call last):
  File "/home/ubuntu/OpenVoice/job.py", line 334, in <module>
    clone_voice(f"./projects/{i}/{j}")
  File "/home/ubuntu/OpenVoice/job.py", line 201, in clone_voice
    return(convert_color(projectfolder))
  File "/home/ubuntu/OpenVoice/job.py", line 296, in convert_color
    create_speech_azure(texts_[voicecode[:2]],f"checkpoints_v2/google_base_speakers/src/{voicecode}.mp3",voicecode)
KeyError: 'cm'
Traceback (most recent call last):
  File "/home/ubuntu/OpenVoice/job.py", line 334, in <module>
    clone_voice(f"./projects/{i}/{j}")
  File "/home/ubuntu/OpenVoice/job.py", line 201, in clone_voice
    return(convert_color(projectfolder))
  File "/home/ubuntu/OpenVoice/job.py", line 277, in convert_color
    target_se, audio_name = se_extractor.get_se(ref_audio_path, tone_color_converter, vad=False)
  File "/home/ubuntu/OpenVoice/openvoice/se_extractor.py", line 146, in get_se
    wavs_folder = split_audio_whisper(audio_path, target_dir=target_dir, audio_name=audio_name)
  File "/home/ubuntu/OpenVoice/openvoice/se_extractor.py", line 29, in split_audio_whisper
    segments = list(segments)
  File "/home/ubuntu/miniconda3/envs/openvoice/lib/python3.9/site-packages/faster_whisper/transcribe.py", line 433, in generate_segments
    ) = self.generate_with_fallback(encoder_output, prompt, tokenizer, options)
  File "/home/ubuntu/miniconda3/envs/openvoice/lib/python3.9/site-packages/faster_whisper/transcribe.py", line 641, in generate_with_fallback
    result = self.model.generate(
RuntimeError: CUDA failed with error out of memory
Traceback (most recent call last):
  File "/home/ubuntu/OpenVoice/job.py", line 334, in <module>
    clone_voice(f"./projects/{i}/{j}")
  File "/home/ubuntu/OpenVoice/job.py", line 201, in clone_voice
    return(convert_color(projectfolder))
  File "/home/ubuntu/OpenVoice/job.py", line 277, in convert_color
    target_se, audio_name = se_extractor.get_se(ref_audio_path, tone_color_converter, vad=False)
  File "/home/ubuntu/OpenVoice/openvoice/se_extractor.py", line 146, in get_se
    wavs_folder = split_audio_whisper(audio_path, target_dir=target_dir, audio_name=audio_name)
  File "/home/ubuntu/OpenVoice/openvoice/se_extractor.py", line 29, in split_audio_whisper
    segments = list(segments)
  File "/home/ubuntu/miniconda3/envs/openvoice/lib/python3.9/site-packages/faster_whisper/transcribe.py", line 433, in generate_segments
    ) = self.generate_with_fallback(encoder_output, prompt, tokenizer, options)
  File "/home/ubuntu/miniconda3/envs/openvoice/lib/python3.9/site-packages/faster_whisper/transcribe.py", line 641, in generate_with_fallback
    result = self.model.generate(
RuntimeError: CUDA failed with error out of memory
Traceback (most recent call last):
  File "/home/ubuntu/OpenVoice/job.py", line 279, in convert_color
    source_se = torch.load(f'checkpoints_v2/google_base_speakers/models/{voicecode}.pth', map_location=device)
  File "/home/ubuntu/miniconda3/envs/openvoice/lib/python3.9/site-packages/torch/serialization.py", line 997, in load
    with _open_file_like(f, 'rb') as opened_file:
  File "/home/ubuntu/miniconda3/envs/openvoice/lib/python3.9/site-packages/torch/serialization.py", line 444, in _open_file_like
    return _open_file(name_or_buffer, mode)
  File "/home/ubuntu/miniconda3/envs/openvoice/lib/python3.9/site-packages/torch/serialization.py", line 425, in __init__
    super().__init__(open(name, mode))
FileNotFoundError: [Errno 2] No such file or directory: 'checkpoints_v2/google_base_speakers/models/sr-Latn-RS-NicholasNeural.pth'

During handling of the above exception, another exception occurred:

Traceback (most recent call last):
  File "/home/ubuntu/miniconda3/envs/openvoice/lib/python3.9/site-packages/librosa/core/audio.py", line 155, in load
    context = sf.SoundFile(path)
  File "/home/ubuntu/miniconda3/envs/openvoice/lib/python3.9/site-packages/soundfile.py", line 658, in __init__
    self._file = self._open(file, mode_int, closefd)
  File "/home/ubuntu/miniconda3/envs/openvoice/lib/python3.9/site-packages/soundfile.py", line 1216, in _open
    raise LibsndfileError(err, prefix="Error opening {0!r}: ".format(self.name))
soundfile.LibsndfileError: Error opening 'checkpoints_v2/google_base_speakers/src/sr-Latn-RS-NicholasNeural.mp3': File does not exist or is not a regular file (possibly a pipe?).

During handling of the above exception, another exception occurred:

Traceback (most recent call last):
  File "/home/ubuntu/OpenVoice/job.py", line 334, in <module>
    clone_voice(f"./projects/{i}/{j}")
  File "/home/ubuntu/OpenVoice/job.py", line 201, in clone_voice
    return(convert_color(projectfolder))
  File "/home/ubuntu/OpenVoice/job.py", line 301, in convert_color
    source_se, audio_name = se_extractor.get_se(f"checkpoints_v2/google_base_speakers/src/{voicecode}.mp3", tone_color_converter, vad=True)
  File "/home/ubuntu/OpenVoice/openvoice/se_extractor.py", line 134, in get_se
    audio_name = f"{os.path.basename(audio_path).rsplit('.', 1)[0]}_{version}_{hash_numpy_array(audio_path)}"
  File "/home/ubuntu/OpenVoice/openvoice/se_extractor.py", line 119, in hash_numpy_array
    array, _ = librosa.load(audio_path, sr=None, mono=True)
  File "/home/ubuntu/miniconda3/envs/openvoice/lib/python3.9/site-packages/librosa/util/decorators.py", line 88, in inner_f
    return f(*args, **kwargs)
  File "/home/ubuntu/miniconda3/envs/openvoice/lib/python3.9/site-packages/librosa/core/audio.py", line 174, in load
    y, sr_native = __audioread_load(path, offset, duration, dtype)
  File "/home/ubuntu/miniconda3/envs/openvoice/lib/python3.9/site-packages/librosa/core/audio.py", line 198, in __audioread_load
    with audioread.audio_open(path) as input_file:
  File "/home/ubuntu/miniconda3/envs/openvoice/lib/python3.9/site-packages/audioread/__init__.py", line 127, in audio_open
    return BackendClass(path)
  File "/home/ubuntu/miniconda3/envs/openvoice/lib/python3.9/site-packages/audioread/rawread.py", line 62, in __init__
    self._file = aifc.open(self._fh)
  File "/home/ubuntu/miniconda3/envs/openvoice/lib/python3.9/aifc.py", line 917, in open
    return Aifc_read(f)
  File "/home/ubuntu/miniconda3/envs/openvoice/lib/python3.9/aifc.py", line 358, in __init__
    self.initfp(f)
  File "/home/ubuntu/miniconda3/envs/openvoice/lib/python3.9/aifc.py", line 314, in initfp
    chunk = Chunk(file)
  File "/home/ubuntu/miniconda3/envs/openvoice/lib/python3.9/chunk.py", line 63, in __init__
    raise EOFError
EOFError
Traceback (most recent call last):
  File "/home/ubuntu/OpenVoice/job.py", line 334, in <module>
    clone_voice(f"./projects/{i}/{j}")
  File "/home/ubuntu/OpenVoice/job.py", line 201, in clone_voice
    return(convert_color(projectfolder))
  File "/home/ubuntu/OpenVoice/job.py", line 277, in convert_color
    target_se, audio_name = se_extractor.get_se(ref_audio_path, tone_color_converter, vad=False)
  File "/home/ubuntu/OpenVoice/openvoice/se_extractor.py", line 150, in get_se
    raise NotImplementedError('No audio segments found!')
NotImplementedError: No audio segments found!
Traceback (most recent call last):
  File "/home/ubuntu/OpenVoice/job.py", line 334, in <module>
    clone_voice(f"./projects/{i}/{j}")
  File "/home/ubuntu/OpenVoice/job.py", line 201, in clone_voice
    return(convert_color(projectfolder))
  File "/home/ubuntu/OpenVoice/job.py", line 277, in convert_color
    target_se, audio_name = se_extractor.get_se(ref_audio_path, tone_color_converter, vad=False)
  File "/home/ubuntu/OpenVoice/openvoice/se_extractor.py", line 146, in get_se
    wavs_folder = split_audio_whisper(audio_path, target_dir=target_dir, audio_name=audio_name)
  File "/home/ubuntu/OpenVoice/openvoice/se_extractor.py", line 29, in split_audio_whisper
    segments = list(segments)
  File "/home/ubuntu/miniconda3/envs/openvoice/lib/python3.9/site-packages/faster_whisper/transcribe.py", line 433, in generate_segments
    ) = self.generate_with_fallback(encoder_output, prompt, tokenizer, options)
  File "/home/ubuntu/miniconda3/envs/openvoice/lib/python3.9/site-packages/faster_whisper/transcribe.py", line 641, in generate_with_fallback
    result = self.model.generate(
RuntimeError: CUDA failed with error out of memory
Traceback (most recent call last):
  File "/home/ubuntu/OpenVoice/job.py", line 334, in <module>
    clone_voice(f"./projects/{i}/{j}")
  File "/home/ubuntu/OpenVoice/job.py", line 201, in clone_voice
    return(convert_color(projectfolder))
  File "/home/ubuntu/OpenVoice/job.py", line 277, in convert_color
    target_se, audio_name = se_extractor.get_se(ref_audio_path, tone_color_converter, vad=False)
  File "/home/ubuntu/OpenVoice/openvoice/se_extractor.py", line 146, in get_se
    wavs_folder = split_audio_whisper(audio_path, target_dir=target_dir, audio_name=audio_name)
  File "/home/ubuntu/OpenVoice/openvoice/se_extractor.py", line 29, in split_audio_whisper
    segments = list(segments)
  File "/home/ubuntu/miniconda3/envs/openvoice/lib/python3.9/site-packages/faster_whisper/transcribe.py", line 433, in generate_segments
    ) = self.generate_with_fallback(encoder_output, prompt, tokenizer, options)
  File "/home/ubuntu/miniconda3/envs/openvoice/lib/python3.9/site-packages/faster_whisper/transcribe.py", line 641, in generate_with_fallback
    result = self.model.generate(
RuntimeError: CUDA failed with error out of memory
Traceback (most recent call last):
  File "/home/ubuntu/OpenVoice/job.py", line 334, in <module>
    clone_voice(f"./projects/{i}/{j}")
  File "/home/ubuntu/OpenVoice/job.py", line 201, in clone_voice
    return(convert_color(projectfolder))
  File "/home/ubuntu/OpenVoice/job.py", line 277, in convert_color
    target_se, audio_name = se_extractor.get_se(ref_audio_path, tone_color_converter, vad=False)
  File "/home/ubuntu/OpenVoice/openvoice/se_extractor.py", line 146, in get_se
    wavs_folder = split_audio_whisper(audio_path, target_dir=target_dir, audio_name=audio_name)
  File "/home/ubuntu/OpenVoice/openvoice/se_extractor.py", line 29, in split_audio_whisper
    segments = list(segments)
  File "/home/ubuntu/miniconda3/envs/openvoice/lib/python3.9/site-packages/faster_whisper/transcribe.py", line 433, in generate_segments
    ) = self.generate_with_fallback(encoder_output, prompt, tokenizer, options)
  File "/home/ubuntu/miniconda3/envs/openvoice/lib/python3.9/site-packages/faster_whisper/transcribe.py", line 641, in generate_with_fallback
    result = self.model.generate(
RuntimeError: CUDA failed with error out of memory
Traceback (most recent call last):
  File "/home/ubuntu/OpenVoice/job.py", line 334, in <module>
    clone_voice(f"./projects/{i}/{j}")
  File "/home/ubuntu/OpenVoice/job.py", line 201, in clone_voice
    return(convert_color(projectfolder))
  File "/home/ubuntu/OpenVoice/job.py", line 277, in convert_color
    target_se, audio_name = se_extractor.get_se(ref_audio_path, tone_color_converter, vad=False)
  File "/home/ubuntu/OpenVoice/openvoice/se_extractor.py", line 146, in get_se
    wavs_folder = split_audio_whisper(audio_path, target_dir=target_dir, audio_name=audio_name)
  File "/home/ubuntu/OpenVoice/openvoice/se_extractor.py", line 29, in split_audio_whisper
    segments = list(segments)
  File "/home/ubuntu/miniconda3/envs/openvoice/lib/python3.9/site-packages/faster_whisper/transcribe.py", line 433, in generate_segments
    ) = self.generate_with_fallback(encoder_output, prompt, tokenizer, options)
  File "/home/ubuntu/miniconda3/envs/openvoice/lib/python3.9/site-packages/faster_whisper/transcribe.py", line 641, in generate_with_fallback
    result = self.model.generate(
RuntimeError: CUDA failed with error out of memory
Traceback (most recent call last):
  File "/home/ubuntu/OpenVoice/job.py", line 334, in <module>
    clone_voice(f"./projects/{i}/{j}")
  File "/home/ubuntu/OpenVoice/job.py", line 201, in clone_voice
    return(convert_color(projectfolder))
  File "/home/ubuntu/OpenVoice/job.py", line 277, in convert_color
    target_se, audio_name = se_extractor.get_se(ref_audio_path, tone_color_converter, vad=False)
  File "/home/ubuntu/OpenVoice/openvoice/se_extractor.py", line 146, in get_se
    wavs_folder = split_audio_whisper(audio_path, target_dir=target_dir, audio_name=audio_name)
  File "/home/ubuntu/OpenVoice/openvoice/se_extractor.py", line 29, in split_audio_whisper
    segments = list(segments)
  File "/home/ubuntu/miniconda3/envs/openvoice/lib/python3.9/site-packages/faster_whisper/transcribe.py", line 433, in generate_segments
    ) = self.generate_with_fallback(encoder_output, prompt, tokenizer, options)
  File "/home/ubuntu/miniconda3/envs/openvoice/lib/python3.9/site-packages/faster_whisper/transcribe.py", line 641, in generate_with_fallback
    result = self.model.generate(
RuntimeError: CUDA failed with error out of memory
Traceback (most recent call last):
  File "/home/ubuntu/OpenVoice/job.py", line 334, in <module>
    clone_voice(f"./projects/{i}/{j}")
  File "/home/ubuntu/OpenVoice/job.py", line 201, in clone_voice
    return(convert_color(projectfolder))
  File "/home/ubuntu/OpenVoice/job.py", line 277, in convert_color
    target_se, audio_name = se_extractor.get_se(ref_audio_path, tone_color_converter, vad=False)
  File "/home/ubuntu/OpenVoice/openvoice/se_extractor.py", line 146, in get_se
    wavs_folder = split_audio_whisper(audio_path, target_dir=target_dir, audio_name=audio_name)
  File "/home/ubuntu/OpenVoice/openvoice/se_extractor.py", line 29, in split_audio_whisper
    segments = list(segments)
  File "/home/ubuntu/miniconda3/envs/openvoice/lib/python3.9/site-packages/faster_whisper/transcribe.py", line 433, in generate_segments
    ) = self.generate_with_fallback(encoder_output, prompt, tokenizer, options)
  File "/home/ubuntu/miniconda3/envs/openvoice/lib/python3.9/site-packages/faster_whisper/transcribe.py", line 641, in generate_with_fallback
    result = self.model.generate(
RuntimeError: CUDA failed with error out of memory
Traceback (most recent call last):
  File "/home/ubuntu/OpenVoice/job.py", line 334, in <module>
    clone_voice(f"./projects/{i}/{j}")
  File "/home/ubuntu/OpenVoice/job.py", line 201, in clone_voice
    return(convert_color(projectfolder))
  File "/home/ubuntu/OpenVoice/job.py", line 277, in convert_color
    target_se, audio_name = se_extractor.get_se(ref_audio_path, tone_color_converter, vad=False)
  File "/home/ubuntu/OpenVoice/openvoice/se_extractor.py", line 146, in get_se
    wavs_folder = split_audio_whisper(audio_path, target_dir=target_dir, audio_name=audio_name)
  File "/home/ubuntu/OpenVoice/openvoice/se_extractor.py", line 29, in split_audio_whisper
    segments = list(segments)
  File "/home/ubuntu/miniconda3/envs/openvoice/lib/python3.9/site-packages/faster_whisper/transcribe.py", line 433, in generate_segments
    ) = self.generate_with_fallback(encoder_output, prompt, tokenizer, options)
  File "/home/ubuntu/miniconda3/envs/openvoice/lib/python3.9/site-packages/faster_whisper/transcribe.py", line 641, in generate_with_fallback
    result = self.model.generate(
RuntimeError: CUDA failed with error out of memory
Traceback (most recent call last):
  File "/home/ubuntu/OpenVoice/job.py", line 334, in <module>
    clone_voice(f"./projects/{i}/{j}")
  File "/home/ubuntu/OpenVoice/job.py", line 201, in clone_voice
    return(convert_color(projectfolder))
  File "/home/ubuntu/OpenVoice/job.py", line 277, in convert_color
    target_se, audio_name = se_extractor.get_se(ref_audio_path, tone_color_converter, vad=False)
  File "/home/ubuntu/OpenVoice/openvoice/se_extractor.py", line 146, in get_se
    wavs_folder = split_audio_whisper(audio_path, target_dir=target_dir, audio_name=audio_name)
  File "/home/ubuntu/OpenVoice/openvoice/se_extractor.py", line 29, in split_audio_whisper
    segments = list(segments)
  File "/home/ubuntu/miniconda3/envs/openvoice/lib/python3.9/site-packages/faster_whisper/transcribe.py", line 433, in generate_segments
    ) = self.generate_with_fallback(encoder_output, prompt, tokenizer, options)
  File "/home/ubuntu/miniconda3/envs/openvoice/lib/python3.9/site-packages/faster_whisper/transcribe.py", line 641, in generate_with_fallback
    result = self.model.generate(
RuntimeError: CUDA failed with error out of memory
Traceback (most recent call last):
  File "/home/ubuntu/OpenVoice/job.py", line 334, in <module>
    clone_voice(f"./projects/{i}/{j}")
  File "/home/ubuntu/OpenVoice/job.py", line 201, in clone_voice
    return(convert_color(projectfolder))
  File "/home/ubuntu/OpenVoice/job.py", line 277, in convert_color
    target_se, audio_name = se_extractor.get_se(ref_audio_path, tone_color_converter, vad=False)
  File "/home/ubuntu/OpenVoice/openvoice/se_extractor.py", line 146, in get_se
    wavs_folder = split_audio_whisper(audio_path, target_dir=target_dir, audio_name=audio_name)
  File "/home/ubuntu/OpenVoice/openvoice/se_extractor.py", line 29, in split_audio_whisper
    segments = list(segments)
  File "/home/ubuntu/miniconda3/envs/openvoice/lib/python3.9/site-packages/faster_whisper/transcribe.py", line 433, in generate_segments
    ) = self.generate_with_fallback(encoder_output, prompt, tokenizer, options)
  File "/home/ubuntu/miniconda3/envs/openvoice/lib/python3.9/site-packages/faster_whisper/transcribe.py", line 641, in generate_with_fallback
    result = self.model.generate(
RuntimeError: CUDA failed with error out of memory
Traceback (most recent call last):
  File "/home/ubuntu/OpenVoice/job.py", line 334, in <module>
    clone_voice(f"./projects/{i}/{j}")
  File "/home/ubuntu/OpenVoice/job.py", line 201, in clone_voice
    return(convert_color(projectfolder))
  File "/home/ubuntu/OpenVoice/job.py", line 277, in convert_color
    target_se, audio_name = se_extractor.get_se(ref_audio_path, tone_color_converter, vad=False)
  File "/home/ubuntu/OpenVoice/openvoice/se_extractor.py", line 146, in get_se
    wavs_folder = split_audio_whisper(audio_path, target_dir=target_dir, audio_name=audio_name)
  File "/home/ubuntu/OpenVoice/openvoice/se_extractor.py", line 29, in split_audio_whisper
    segments = list(segments)
  File "/home/ubuntu/miniconda3/envs/openvoice/lib/python3.9/site-packages/faster_whisper/transcribe.py", line 433, in generate_segments
    ) = self.generate_with_fallback(encoder_output, prompt, tokenizer, options)
  File "/home/ubuntu/miniconda3/envs/openvoice/lib/python3.9/site-packages/faster_whisper/transcribe.py", line 641, in generate_with_fallback
    result = self.model.generate(
RuntimeError: CUDA failed with error out of memory
Traceback (most recent call last):
  File "/home/ubuntu/OpenVoice/job.py", line 334, in <module>
    clone_voice(f"./projects/{i}/{j}")
  File "/home/ubuntu/OpenVoice/job.py", line 201, in clone_voice
    return(convert_color(projectfolder))
  File "/home/ubuntu/OpenVoice/job.py", line 277, in convert_color
    target_se, audio_name = se_extractor.get_se(ref_audio_path, tone_color_converter, vad=False)
  File "/home/ubuntu/OpenVoice/openvoice/se_extractor.py", line 146, in get_se
    wavs_folder = split_audio_whisper(audio_path, target_dir=target_dir, audio_name=audio_name)
  File "/home/ubuntu/OpenVoice/openvoice/se_extractor.py", line 29, in split_audio_whisper
    segments = list(segments)
  File "/home/ubuntu/miniconda3/envs/openvoice/lib/python3.9/site-packages/faster_whisper/transcribe.py", line 433, in generate_segments
    ) = self.generate_with_fallback(encoder_output, prompt, tokenizer, options)
  File "/home/ubuntu/miniconda3/envs/openvoice/lib/python3.9/site-packages/faster_whisper/transcribe.py", line 641, in generate_with_fallback
    result = self.model.generate(
RuntimeError: CUDA failed with error out of memory
Traceback (most recent call last):
  File "/home/ubuntu/miniconda3/envs/openvoice/lib/python3.9/site-packages/librosa/core/audio.py", line 155, in load
    context = sf.SoundFile(path)
  File "/home/ubuntu/miniconda3/envs/openvoice/lib/python3.9/site-packages/soundfile.py", line 658, in __init__
    self._file = self._open(file, mode_int, closefd)
  File "/home/ubuntu/miniconda3/envs/openvoice/lib/python3.9/site-packages/soundfile.py", line 1216, in _open
    raise LibsndfileError(err, prefix="Error opening {0!r}: ".format(self.name))
soundfile.LibsndfileError: Error opening './projects/cf8dca3f-363f-4e43-a4fc-7cb1b6006a42/0/1_clone_Instant#hi-IN-RehaanNeural.mp3': File does not exist or is not a regular file (possibly a pipe?).

During handling of the above exception, another exception occurred:

Traceback (most recent call last):
  File "/home/ubuntu/OpenVoice/job.py", line 334, in <module>
    clone_voice(f"./projects/{i}/{j}")
  File "/home/ubuntu/OpenVoice/job.py", line 201, in clone_voice
    return(convert_color(projectfolder))
  File "/home/ubuntu/OpenVoice/job.py", line 314, in convert_color
    tone_color_converter.convert(
  File "/home/ubuntu/OpenVoice/openvoice/api.py", line 144, in convert
    audio, sample_rate = librosa.load(audio_src_path, sr=hps.data.sampling_rate)
  File "/home/ubuntu/miniconda3/envs/openvoice/lib/python3.9/site-packages/librosa/util/decorators.py", line 88, in inner_f
    return f(*args, **kwargs)
  File "/home/ubuntu/miniconda3/envs/openvoice/lib/python3.9/site-packages/librosa/core/audio.py", line 174, in load
    y, sr_native = __audioread_load(path, offset, duration, dtype)
  File "/home/ubuntu/miniconda3/envs/openvoice/lib/python3.9/site-packages/librosa/core/audio.py", line 198, in __audioread_load
    with audioread.audio_open(path) as input_file:
  File "/home/ubuntu/miniconda3/envs/openvoice/lib/python3.9/site-packages/audioread/__init__.py", line 127, in audio_open
    return BackendClass(path)
  File "/home/ubuntu/miniconda3/envs/openvoice/lib/python3.9/site-packages/audioread/rawread.py", line 62, in __init__
    self._file = aifc.open(self._fh)
  File "/home/ubuntu/miniconda3/envs/openvoice/lib/python3.9/aifc.py", line 917, in open
    return Aifc_read(f)
  File "/home/ubuntu/miniconda3/envs/openvoice/lib/python3.9/aifc.py", line 358, in __init__
    self.initfp(f)
  File "/home/ubuntu/miniconda3/envs/openvoice/lib/python3.9/aifc.py", line 314, in initfp
    chunk = Chunk(file)
  File "/home/ubuntu/miniconda3/envs/openvoice/lib/python3.9/chunk.py", line 63, in __init__
    raise EOFError
EOFError
Traceback (most recent call last):
  File "/home/ubuntu/OpenVoice/job.py", line 334, in <module>
    clone_voice(f"./projects/{i}/{j}")
  File "/home/ubuntu/OpenVoice/job.py", line 201, in clone_voice
    return(convert_color(projectfolder))
  File "/home/ubuntu/OpenVoice/job.py", line 277, in convert_color
    target_se, audio_name = se_extractor.get_se(ref_audio_path, tone_color_converter, vad=False)
  File "/home/ubuntu/OpenVoice/openvoice/se_extractor.py", line 146, in get_se
    wavs_folder = split_audio_whisper(audio_path, target_dir=target_dir, audio_name=audio_name)
  File "/home/ubuntu/OpenVoice/openvoice/se_extractor.py", line 29, in split_audio_whisper
    segments = list(segments)
  File "/home/ubuntu/miniconda3/envs/openvoice/lib/python3.9/site-packages/faster_whisper/transcribe.py", line 433, in generate_segments
    ) = self.generate_with_fallback(encoder_output, prompt, tokenizer, options)
  File "/home/ubuntu/miniconda3/envs/openvoice/lib/python3.9/site-packages/faster_whisper/transcribe.py", line 641, in generate_with_fallback
    result = self.model.generate(
RuntimeError: CUDA failed with error out of memory
Traceback (most recent call last):
  File "/home/ubuntu/OpenVoice/job.py", line 334, in <module>
    clone_voice(f"./projects/{i}/{j}")
  File "/home/ubuntu/OpenVoice/job.py", line 201, in clone_voice
    return(convert_color(projectfolder))
  File "/home/ubuntu/OpenVoice/job.py", line 277, in convert_color
    target_se, audio_name = se_extractor.get_se(ref_audio_path, tone_color_converter, vad=False)
  File "/home/ubuntu/OpenVoice/openvoice/se_extractor.py", line 146, in get_se
    wavs_folder = split_audio_whisper(audio_path, target_dir=target_dir, audio_name=audio_name)
  File "/home/ubuntu/OpenVoice/openvoice/se_extractor.py", line 29, in split_audio_whisper
    segments = list(segments)
  File "/home/ubuntu/miniconda3/envs/openvoice/lib/python3.9/site-packages/faster_whisper/transcribe.py", line 433, in generate_segments
    ) = self.generate_with_fallback(encoder_output, prompt, tokenizer, options)
  File "/home/ubuntu/miniconda3/envs/openvoice/lib/python3.9/site-packages/faster_whisper/transcribe.py", line 641, in generate_with_fallback
    result = self.model.generate(
RuntimeError: CUDA failed with error out of memory
Traceback (most recent call last):
  File "/home/ubuntu/OpenVoice/job.py", line 334, in <module>
    clone_voice(f"./projects/{i}/{j}")
  File "/home/ubuntu/OpenVoice/job.py", line 201, in clone_voice
    return(convert_color(projectfolder))
  File "/home/ubuntu/OpenVoice/job.py", line 277, in convert_color
    target_se, audio_name = se_extractor.get_se(ref_audio_path, tone_color_converter, vad=False)
  File "/home/ubuntu/OpenVoice/openvoice/se_extractor.py", line 146, in get_se
    wavs_folder = split_audio_whisper(audio_path, target_dir=target_dir, audio_name=audio_name)
  File "/home/ubuntu/OpenVoice/openvoice/se_extractor.py", line 29, in split_audio_whisper
    segments = list(segments)
  File "/home/ubuntu/miniconda3/envs/openvoice/lib/python3.9/site-packages/faster_whisper/transcribe.py", line 433, in generate_segments
    ) = self.generate_with_fallback(encoder_output, prompt, tokenizer, options)
  File "/home/ubuntu/miniconda3/envs/openvoice/lib/python3.9/site-packages/faster_whisper/transcribe.py", line 641, in generate_with_fallback
    result = self.model.generate(
RuntimeError: CUDA failed with error out of memory
Traceback (most recent call last):
  File "/home/ubuntu/OpenVoice/job.py", line 334, in <module>
    clone_voice(f"./projects/{i}/{j}")
  File "/home/ubuntu/OpenVoice/job.py", line 201, in clone_voice
    return(convert_color(projectfolder))
  File "/home/ubuntu/OpenVoice/job.py", line 277, in convert_color
    target_se, audio_name = se_extractor.get_se(ref_audio_path, tone_color_converter, vad=False)
  File "/home/ubuntu/OpenVoice/openvoice/se_extractor.py", line 146, in get_se
    wavs_folder = split_audio_whisper(audio_path, target_dir=target_dir, audio_name=audio_name)
  File "/home/ubuntu/OpenVoice/openvoice/se_extractor.py", line 29, in split_audio_whisper
    segments = list(segments)
  File "/home/ubuntu/miniconda3/envs/openvoice/lib/python3.9/site-packages/faster_whisper/transcribe.py", line 433, in generate_segments
    ) = self.generate_with_fallback(encoder_output, prompt, tokenizer, options)
  File "/home/ubuntu/miniconda3/envs/openvoice/lib/python3.9/site-packages/faster_whisper/transcribe.py", line 641, in generate_with_fallback
    result = self.model.generate(
RuntimeError: CUDA failed with error out of memory
Traceback (most recent call last):
  File "/home/ubuntu/OpenVoice/job.py", line 334, in <module>
    clone_voice(f"./projects/{i}/{j}")
  File "/home/ubuntu/OpenVoice/job.py", line 201, in clone_voice
    return(convert_color(projectfolder))
  File "/home/ubuntu/OpenVoice/job.py", line 277, in convert_color
    target_se, audio_name = se_extractor.get_se(ref_audio_path, tone_color_converter, vad=False)
  File "/home/ubuntu/OpenVoice/openvoice/se_extractor.py", line 146, in get_se
    wavs_folder = split_audio_whisper(audio_path, target_dir=target_dir, audio_name=audio_name)
  File "/home/ubuntu/OpenVoice/openvoice/se_extractor.py", line 29, in split_audio_whisper
    segments = list(segments)
  File "/home/ubuntu/miniconda3/envs/openvoice/lib/python3.9/site-packages/faster_whisper/transcribe.py", line 433, in generate_segments
    ) = self.generate_with_fallback(encoder_output, prompt, tokenizer, options)
  File "/home/ubuntu/miniconda3/envs/openvoice/lib/python3.9/site-packages/faster_whisper/transcribe.py", line 641, in generate_with_fallback
    result = self.model.generate(
RuntimeError: CUDA failed with error out of memory
Traceback (most recent call last):
  File "/home/ubuntu/OpenVoice/job.py", line 334, in <module>
    clone_voice(f"./projects/{i}/{j}")
  File "/home/ubuntu/OpenVoice/job.py", line 201, in clone_voice
    return(convert_color(projectfolder))
  File "/home/ubuntu/OpenVoice/job.py", line 277, in convert_color
    target_se, audio_name = se_extractor.get_se(ref_audio_path, tone_color_converter, vad=False)
  File "/home/ubuntu/OpenVoice/openvoice/se_extractor.py", line 146, in get_se
    wavs_folder = split_audio_whisper(audio_path, target_dir=target_dir, audio_name=audio_name)
  File "/home/ubuntu/OpenVoice/openvoice/se_extractor.py", line 29, in split_audio_whisper
    segments = list(segments)
  File "/home/ubuntu/miniconda3/envs/openvoice/lib/python3.9/site-packages/faster_whisper/transcribe.py", line 433, in generate_segments
    ) = self.generate_with_fallback(encoder_output, prompt, tokenizer, options)
  File "/home/ubuntu/miniconda3/envs/openvoice/lib/python3.9/site-packages/faster_whisper/transcribe.py", line 641, in generate_with_fallback
    result = self.model.generate(
RuntimeError: CUDA failed with error out of memory
Traceback (most recent call last):
  File "/home/ubuntu/OpenVoice/job.py", line 334, in <module>
    clone_voice(f"./projects/{i}/{j}")
  File "/home/ubuntu/OpenVoice/job.py", line 201, in clone_voice
    return(convert_color(projectfolder))
  File "/home/ubuntu/OpenVoice/job.py", line 277, in convert_color
    target_se, audio_name = se_extractor.get_se(ref_audio_path, tone_color_converter, vad=False)
  File "/home/ubuntu/OpenVoice/openvoice/se_extractor.py", line 146, in get_se
    wavs_folder = split_audio_whisper(audio_path, target_dir=target_dir, audio_name=audio_name)
  File "/home/ubuntu/OpenVoice/openvoice/se_extractor.py", line 29, in split_audio_whisper
    segments = list(segments)
  File "/home/ubuntu/miniconda3/envs/openvoice/lib/python3.9/site-packages/faster_whisper/transcribe.py", line 433, in generate_segments
    ) = self.generate_with_fallback(encoder_output, prompt, tokenizer, options)
  File "/home/ubuntu/miniconda3/envs/openvoice/lib/python3.9/site-packages/faster_whisper/transcribe.py", line 641, in generate_with_fallback
    result = self.model.generate(
RuntimeError: CUDA failed with error out of memory
Traceback (most recent call last):
  File "/home/ubuntu/OpenVoice/job.py", line 334, in <module>
    clone_voice(f"./projects/{i}/{j}")
  File "/home/ubuntu/OpenVoice/job.py", line 201, in clone_voice
    return(convert_color(projectfolder))
  File "/home/ubuntu/OpenVoice/job.py", line 277, in convert_color
    target_se, audio_name = se_extractor.get_se(ref_audio_path, tone_color_converter, vad=False)
  File "/home/ubuntu/OpenVoice/openvoice/se_extractor.py", line 146, in get_se
    wavs_folder = split_audio_whisper(audio_path, target_dir=target_dir, audio_name=audio_name)
  File "/home/ubuntu/OpenVoice/openvoice/se_extractor.py", line 29, in split_audio_whisper
    segments = list(segments)
  File "/home/ubuntu/miniconda3/envs/openvoice/lib/python3.9/site-packages/faster_whisper/transcribe.py", line 433, in generate_segments
    ) = self.generate_with_fallback(encoder_output, prompt, tokenizer, options)
  File "/home/ubuntu/miniconda3/envs/openvoice/lib/python3.9/site-packages/faster_whisper/transcribe.py", line 641, in generate_with_fallback
    result = self.model.generate(
RuntimeError: CUDA failed with error out of memory
Traceback (most recent call last):
  File "/home/ubuntu/OpenVoice/job.py", line 334, in <module>
    clone_voice(f"./projects/{i}/{j}")
  File "/home/ubuntu/OpenVoice/job.py", line 201, in clone_voice
    return(convert_color(projectfolder))
  File "/home/ubuntu/OpenVoice/job.py", line 277, in convert_color
    target_se, audio_name = se_extractor.get_se(ref_audio_path, tone_color_converter, vad=False)
  File "/home/ubuntu/OpenVoice/openvoice/se_extractor.py", line 146, in get_se
    wavs_folder = split_audio_whisper(audio_path, target_dir=target_dir, audio_name=audio_name)
  File "/home/ubuntu/OpenVoice/openvoice/se_extractor.py", line 29, in split_audio_whisper
    segments = list(segments)
  File "/home/ubuntu/miniconda3/envs/openvoice/lib/python3.9/site-packages/faster_whisper/transcribe.py", line 433, in generate_segments
    ) = self.generate_with_fallback(encoder_output, prompt, tokenizer, options)
  File "/home/ubuntu/miniconda3/envs/openvoice/lib/python3.9/site-packages/faster_whisper/transcribe.py", line 641, in generate_with_fallback
    result = self.model.generate(
RuntimeError: CUDA failed with error out of memory
Traceback (most recent call last):
  File "/home/ubuntu/OpenVoice/job.py", line 334, in <module>
    clone_voice(f"./projects/{i}/{j}")
  File "/home/ubuntu/OpenVoice/job.py", line 201, in clone_voice
    return(convert_color(projectfolder))
  File "/home/ubuntu/OpenVoice/job.py", line 277, in convert_color
    target_se, audio_name = se_extractor.get_se(ref_audio_path, tone_color_converter, vad=False)
  File "/home/ubuntu/OpenVoice/openvoice/se_extractor.py", line 150, in get_se
    raise NotImplementedError('No audio segments found!')
NotImplementedError: No audio segments found!
Traceback (most recent call last):
  File "/home/ubuntu/OpenVoice/job.py", line 334, in <module>
    clone_voice(f"./projects/{i}/{j}")
  File "/home/ubuntu/OpenVoice/job.py", line 201, in clone_voice
    return(convert_color(projectfolder))
  File "/home/ubuntu/OpenVoice/job.py", line 277, in convert_color
    target_se, audio_name = se_extractor.get_se(ref_audio_path, tone_color_converter, vad=False)
  File "/home/ubuntu/OpenVoice/openvoice/se_extractor.py", line 146, in get_se
    wavs_folder = split_audio_whisper(audio_path, target_dir=target_dir, audio_name=audio_name)
  File "/home/ubuntu/OpenVoice/openvoice/se_extractor.py", line 29, in split_audio_whisper
    segments = list(segments)
  File "/home/ubuntu/miniconda3/envs/openvoice/lib/python3.9/site-packages/faster_whisper/transcribe.py", line 433, in generate_segments
    ) = self.generate_with_fallback(encoder_output, prompt, tokenizer, options)
  File "/home/ubuntu/miniconda3/envs/openvoice/lib/python3.9/site-packages/faster_whisper/transcribe.py", line 641, in generate_with_fallback
    result = self.model.generate(
RuntimeError: CUDA failed with error out of memory
Traceback (most recent call last):
  File "/home/ubuntu/OpenVoice/job.py", line 334, in <module>
    clone_voice(f"./projects/{i}/{j}")
  File "/home/ubuntu/OpenVoice/job.py", line 201, in clone_voice
    return(convert_color(projectfolder))
  File "/home/ubuntu/OpenVoice/job.py", line 277, in convert_color
    target_se, audio_name = se_extractor.get_se(ref_audio_path, tone_color_converter, vad=False)
  File "/home/ubuntu/OpenVoice/openvoice/se_extractor.py", line 146, in get_se
    wavs_folder = split_audio_whisper(audio_path, target_dir=target_dir, audio_name=audio_name)
  File "/home/ubuntu/OpenVoice/openvoice/se_extractor.py", line 29, in split_audio_whisper
    segments = list(segments)
  File "/home/ubuntu/miniconda3/envs/openvoice/lib/python3.9/site-packages/faster_whisper/transcribe.py", line 433, in generate_segments
    ) = self.generate_with_fallback(encoder_output, prompt, tokenizer, options)
  File "/home/ubuntu/miniconda3/envs/openvoice/lib/python3.9/site-packages/faster_whisper/transcribe.py", line 641, in generate_with_fallback
    result = self.model.generate(
RuntimeError: CUDA failed with error out of memory
Traceback (most recent call last):
  File "/home/ubuntu/OpenVoice/job.py", line 334, in <module>
    clone_voice(f"./projects/{i}/{j}")
  File "/home/ubuntu/OpenVoice/job.py", line 201, in clone_voice
    return(convert_color(projectfolder))
  File "/home/ubuntu/OpenVoice/job.py", line 277, in convert_color
    target_se, audio_name = se_extractor.get_se(ref_audio_path, tone_color_converter, vad=False)
  File "/home/ubuntu/OpenVoice/openvoice/se_extractor.py", line 146, in get_se
    wavs_folder = split_audio_whisper(audio_path, target_dir=target_dir, audio_name=audio_name)
  File "/home/ubuntu/OpenVoice/openvoice/se_extractor.py", line 29, in split_audio_whisper
    segments = list(segments)
  File "/home/ubuntu/miniconda3/envs/openvoice/lib/python3.9/site-packages/faster_whisper/transcribe.py", line 433, in generate_segments
    ) = self.generate_with_fallback(encoder_output, prompt, tokenizer, options)
  File "/home/ubuntu/miniconda3/envs/openvoice/lib/python3.9/site-packages/faster_whisper/transcribe.py", line 641, in generate_with_fallback
    result = self.model.generate(
RuntimeError: CUDA failed with error out of memory
Traceback (most recent call last):
  File "/home/ubuntu/OpenVoice/job.py", line 334, in <module>
    clone_voice(f"./projects/{i}/{j}")
  File "/home/ubuntu/OpenVoice/job.py", line 201, in clone_voice
    return(convert_color(projectfolder))
  File "/home/ubuntu/OpenVoice/job.py", line 277, in convert_color
    target_se, audio_name = se_extractor.get_se(ref_audio_path, tone_color_converter, vad=False)
  File "/home/ubuntu/OpenVoice/openvoice/se_extractor.py", line 146, in get_se
    wavs_folder = split_audio_whisper(audio_path, target_dir=target_dir, audio_name=audio_name)
  File "/home/ubuntu/OpenVoice/openvoice/se_extractor.py", line 29, in split_audio_whisper
    segments = list(segments)
  File "/home/ubuntu/miniconda3/envs/openvoice/lib/python3.9/site-packages/faster_whisper/transcribe.py", line 433, in generate_segments
    ) = self.generate_with_fallback(encoder_output, prompt, tokenizer, options)
  File "/home/ubuntu/miniconda3/envs/openvoice/lib/python3.9/site-packages/faster_whisper/transcribe.py", line 641, in generate_with_fallback
    result = self.model.generate(
RuntimeError: CUDA failed with error out of memory
Traceback (most recent call last):
  File "/home/ubuntu/OpenVoice/job.py", line 334, in <module>
    clone_voice(f"./projects/{i}/{j}")
  File "/home/ubuntu/OpenVoice/job.py", line 201, in clone_voice
    return(convert_color(projectfolder))
  File "/home/ubuntu/OpenVoice/job.py", line 277, in convert_color
    target_se, audio_name = se_extractor.get_se(ref_audio_path, tone_color_converter, vad=False)
  File "/home/ubuntu/OpenVoice/openvoice/se_extractor.py", line 146, in get_se
    wavs_folder = split_audio_whisper(audio_path, target_dir=target_dir, audio_name=audio_name)
  File "/home/ubuntu/OpenVoice/openvoice/se_extractor.py", line 29, in split_audio_whisper
    segments = list(segments)
  File "/home/ubuntu/miniconda3/envs/openvoice/lib/python3.9/site-packages/faster_whisper/transcribe.py", line 433, in generate_segments
    ) = self.generate_with_fallback(encoder_output, prompt, tokenizer, options)
  File "/home/ubuntu/miniconda3/envs/openvoice/lib/python3.9/site-packages/faster_whisper/transcribe.py", line 641, in generate_with_fallback
    result = self.model.generate(
RuntimeError: CUDA failed with error out of memory
Traceback (most recent call last):
  File "/home/ubuntu/OpenVoice/job.py", line 334, in <module>
    clone_voice(f"./projects/{i}/{j}")
  File "/home/ubuntu/OpenVoice/job.py", line 201, in clone_voice
    return(convert_color(projectfolder))
  File "/home/ubuntu/OpenVoice/job.py", line 277, in convert_color
    target_se, audio_name = se_extractor.get_se(ref_audio_path, tone_color_converter, vad=False)
  File "/home/ubuntu/OpenVoice/openvoice/se_extractor.py", line 146, in get_se
    wavs_folder = split_audio_whisper(audio_path, target_dir=target_dir, audio_name=audio_name)
  File "/home/ubuntu/OpenVoice/openvoice/se_extractor.py", line 29, in split_audio_whisper
    segments = list(segments)
  File "/home/ubuntu/miniconda3/envs/openvoice/lib/python3.9/site-packages/faster_whisper/transcribe.py", line 433, in generate_segments
    ) = self.generate_with_fallback(encoder_output, prompt, tokenizer, options)
  File "/home/ubuntu/miniconda3/envs/openvoice/lib/python3.9/site-packages/faster_whisper/transcribe.py", line 641, in generate_with_fallback
    result = self.model.generate(
RuntimeError: CUDA failed with error out of memory
Traceback (most recent call last):
  File "/home/ubuntu/OpenVoice/job.py", line 334, in <module>
    clone_voice(f"./projects/{i}/{j}")
  File "/home/ubuntu/OpenVoice/job.py", line 201, in clone_voice
    return(convert_color(projectfolder))
  File "/home/ubuntu/OpenVoice/job.py", line 277, in convert_color
    target_se, audio_name = se_extractor.get_se(ref_audio_path, tone_color_converter, vad=False)
  File "/home/ubuntu/OpenVoice/openvoice/se_extractor.py", line 146, in get_se
    wavs_folder = split_audio_whisper(audio_path, target_dir=target_dir, audio_name=audio_name)
  File "/home/ubuntu/OpenVoice/openvoice/se_extractor.py", line 29, in split_audio_whisper
    segments = list(segments)
  File "/home/ubuntu/miniconda3/envs/openvoice/lib/python3.9/site-packages/faster_whisper/transcribe.py", line 433, in generate_segments
    ) = self.generate_with_fallback(encoder_output, prompt, tokenizer, options)
  File "/home/ubuntu/miniconda3/envs/openvoice/lib/python3.9/site-packages/faster_whisper/transcribe.py", line 641, in generate_with_fallback
    result = self.model.generate(
RuntimeError: CUDA failed with error out of memory
Traceback (most recent call last):
  File "/home/ubuntu/OpenVoice/job.py", line 334, in <module>
    clone_voice(f"./projects/{i}/{j}")
  File "/home/ubuntu/OpenVoice/job.py", line 201, in clone_voice
    return(convert_color(projectfolder))
  File "/home/ubuntu/OpenVoice/job.py", line 277, in convert_color
    target_se, audio_name = se_extractor.get_se(ref_audio_path, tone_color_converter, vad=False)
  File "/home/ubuntu/OpenVoice/openvoice/se_extractor.py", line 146, in get_se
    wavs_folder = split_audio_whisper(audio_path, target_dir=target_dir, audio_name=audio_name)
  File "/home/ubuntu/OpenVoice/openvoice/se_extractor.py", line 29, in split_audio_whisper
    segments = list(segments)
  File "/home/ubuntu/miniconda3/envs/openvoice/lib/python3.9/site-packages/faster_whisper/transcribe.py", line 433, in generate_segments
    ) = self.generate_with_fallback(encoder_output, prompt, tokenizer, options)
  File "/home/ubuntu/miniconda3/envs/openvoice/lib/python3.9/site-packages/faster_whisper/transcribe.py", line 641, in generate_with_fallback
    result = self.model.generate(
RuntimeError: CUDA failed with error out of memory
Traceback (most recent call last):
  File "/home/ubuntu/OpenVoice/job.py", line 334, in <module>
    clone_voice(f"./projects/{i}/{j}")
  File "/home/ubuntu/OpenVoice/job.py", line 201, in clone_voice
    return(convert_color(projectfolder))
  File "/home/ubuntu/OpenVoice/job.py", line 277, in convert_color
    target_se, audio_name = se_extractor.get_se(ref_audio_path, tone_color_converter, vad=False)
  File "/home/ubuntu/OpenVoice/openvoice/se_extractor.py", line 146, in get_se
    wavs_folder = split_audio_whisper(audio_path, target_dir=target_dir, audio_name=audio_name)
  File "/home/ubuntu/OpenVoice/openvoice/se_extractor.py", line 29, in split_audio_whisper
    segments = list(segments)
  File "/home/ubuntu/miniconda3/envs/openvoice/lib/python3.9/site-packages/faster_whisper/transcribe.py", line 433, in generate_segments
    ) = self.generate_with_fallback(encoder_output, prompt, tokenizer, options)
  File "/home/ubuntu/miniconda3/envs/openvoice/lib/python3.9/site-packages/faster_whisper/transcribe.py", line 641, in generate_with_fallback
    result = self.model.generate(
RuntimeError: CUDA failed with error out of memory
Traceback (most recent call last):
  File "/home/ubuntu/OpenVoice/job.py", line 334, in <module>
    clone_voice(f"./projects/{i}/{j}")
  File "/home/ubuntu/OpenVoice/job.py", line 201, in clone_voice
    return(convert_color(projectfolder))
  File "/home/ubuntu/OpenVoice/job.py", line 277, in convert_color
    target_se, audio_name = se_extractor.get_se(ref_audio_path, tone_color_converter, vad=False)
  File "/home/ubuntu/OpenVoice/openvoice/se_extractor.py", line 146, in get_se
    wavs_folder = split_audio_whisper(audio_path, target_dir=target_dir, audio_name=audio_name)
  File "/home/ubuntu/OpenVoice/openvoice/se_extractor.py", line 29, in split_audio_whisper
    segments = list(segments)
  File "/home/ubuntu/miniconda3/envs/openvoice/lib/python3.9/site-packages/faster_whisper/transcribe.py", line 433, in generate_segments
    ) = self.generate_with_fallback(encoder_output, prompt, tokenizer, options)
  File "/home/ubuntu/miniconda3/envs/openvoice/lib/python3.9/site-packages/faster_whisper/transcribe.py", line 641, in generate_with_fallback
    result = self.model.generate(
RuntimeError: CUDA failed with error out of memory
Traceback (most recent call last):
  File "/home/ubuntu/OpenVoice/job.py", line 334, in <module>
    clone_voice(f"./projects/{i}/{j}")
  File "/home/ubuntu/OpenVoice/job.py", line 201, in clone_voice
    return(convert_color(projectfolder))
  File "/home/ubuntu/OpenVoice/job.py", line 277, in convert_color
    target_se, audio_name = se_extractor.get_se(ref_audio_path, tone_color_converter, vad=False)
  File "/home/ubuntu/OpenVoice/openvoice/se_extractor.py", line 146, in get_se
    wavs_folder = split_audio_whisper(audio_path, target_dir=target_dir, audio_name=audio_name)
  File "/home/ubuntu/OpenVoice/openvoice/se_extractor.py", line 29, in split_audio_whisper
    segments = list(segments)
  File "/home/ubuntu/miniconda3/envs/openvoice/lib/python3.9/site-packages/faster_whisper/transcribe.py", line 433, in generate_segments
    ) = self.generate_with_fallback(encoder_output, prompt, tokenizer, options)
  File "/home/ubuntu/miniconda3/envs/openvoice/lib/python3.9/site-packages/faster_whisper/transcribe.py", line 641, in generate_with_fallback
    result = self.model.generate(
RuntimeError: CUDA failed with error out of memory
Traceback (most recent call last):
  File "/home/ubuntu/OpenVoice/job.py", line 334, in <module>
    clone_voice(f"./projects/{i}/{j}")
  File "/home/ubuntu/OpenVoice/job.py", line 201, in clone_voice
    return(convert_color(projectfolder))
  File "/home/ubuntu/OpenVoice/job.py", line 277, in convert_color
    target_se, audio_name = se_extractor.get_se(ref_audio_path, tone_color_converter, vad=False)
  File "/home/ubuntu/OpenVoice/openvoice/se_extractor.py", line 146, in get_se
    wavs_folder = split_audio_whisper(audio_path, target_dir=target_dir, audio_name=audio_name)
  File "/home/ubuntu/OpenVoice/openvoice/se_extractor.py", line 29, in split_audio_whisper
    segments = list(segments)
  File "/home/ubuntu/miniconda3/envs/openvoice/lib/python3.9/site-packages/faster_whisper/transcribe.py", line 433, in generate_segments
    ) = self.generate_with_fallback(encoder_output, prompt, tokenizer, options)
  File "/home/ubuntu/miniconda3/envs/openvoice/lib/python3.9/site-packages/faster_whisper/transcribe.py", line 641, in generate_with_fallback
    result = self.model.generate(
RuntimeError: CUDA failed with error out of memory
Traceback (most recent call last):
  File "/home/ubuntu/OpenVoice/job.py", line 334, in <module>
    clone_voice(f"./projects/{i}/{j}")
  File "/home/ubuntu/OpenVoice/job.py", line 201, in clone_voice
    return(convert_color(projectfolder))
  File "/home/ubuntu/OpenVoice/job.py", line 277, in convert_color
    target_se, audio_name = se_extractor.get_se(ref_audio_path, tone_color_converter, vad=False)
  File "/home/ubuntu/OpenVoice/openvoice/se_extractor.py", line 146, in get_se
    wavs_folder = split_audio_whisper(audio_path, target_dir=target_dir, audio_name=audio_name)
  File "/home/ubuntu/OpenVoice/openvoice/se_extractor.py", line 29, in split_audio_whisper
    segments = list(segments)
  File "/home/ubuntu/miniconda3/envs/openvoice/lib/python3.9/site-packages/faster_whisper/transcribe.py", line 433, in generate_segments
    ) = self.generate_with_fallback(encoder_output, prompt, tokenizer, options)
  File "/home/ubuntu/miniconda3/envs/openvoice/lib/python3.9/site-packages/faster_whisper/transcribe.py", line 641, in generate_with_fallback
    result = self.model.generate(
RuntimeError: CUDA failed with error out of memory
Traceback (most recent call last):
  File "/home/ubuntu/OpenVoice/job.py", line 334, in <module>
    clone_voice(f"./projects/{i}/{j}")
  File "/home/ubuntu/OpenVoice/job.py", line 201, in clone_voice
    return(convert_color(projectfolder))
  File "/home/ubuntu/OpenVoice/job.py", line 277, in convert_color
    target_se, audio_name = se_extractor.get_se(ref_audio_path, tone_color_converter, vad=False)
  File "/home/ubuntu/OpenVoice/openvoice/se_extractor.py", line 146, in get_se
    wavs_folder = split_audio_whisper(audio_path, target_dir=target_dir, audio_name=audio_name)
  File "/home/ubuntu/OpenVoice/openvoice/se_extractor.py", line 29, in split_audio_whisper
    segments = list(segments)
  File "/home/ubuntu/miniconda3/envs/openvoice/lib/python3.9/site-packages/faster_whisper/transcribe.py", line 433, in generate_segments
    ) = self.generate_with_fallback(encoder_output, prompt, tokenizer, options)
  File "/home/ubuntu/miniconda3/envs/openvoice/lib/python3.9/site-packages/faster_whisper/transcribe.py", line 641, in generate_with_fallback
    result = self.model.generate(
RuntimeError: CUDA failed with error out of memory
Traceback (most recent call last):
  File "/home/ubuntu/OpenVoice/job.py", line 334, in <module>
    clone_voice(f"./projects/{i}/{j}")
  File "/home/ubuntu/OpenVoice/job.py", line 201, in clone_voice
    return(convert_color(projectfolder))
  File "/home/ubuntu/OpenVoice/job.py", line 277, in convert_color
    target_se, audio_name = se_extractor.get_se(ref_audio_path, tone_color_converter, vad=False)
  File "/home/ubuntu/OpenVoice/openvoice/se_extractor.py", line 146, in get_se
    wavs_folder = split_audio_whisper(audio_path, target_dir=target_dir, audio_name=audio_name)
  File "/home/ubuntu/OpenVoice/openvoice/se_extractor.py", line 29, in split_audio_whisper
    segments = list(segments)
  File "/home/ubuntu/miniconda3/envs/openvoice/lib/python3.9/site-packages/faster_whisper/transcribe.py", line 433, in generate_segments
    ) = self.generate_with_fallback(encoder_output, prompt, tokenizer, options)
  File "/home/ubuntu/miniconda3/envs/openvoice/lib/python3.9/site-packages/faster_whisper/transcribe.py", line 641, in generate_with_fallback
    result = self.model.generate(
RuntimeError: CUDA failed with error out of memory
Traceback (most recent call last):
  File "/home/ubuntu/OpenVoice/job.py", line 334, in <module>
    clone_voice(f"./projects/{i}/{j}")
  File "/home/ubuntu/OpenVoice/job.py", line 201, in clone_voice
    return(convert_color(projectfolder))
  File "/home/ubuntu/OpenVoice/job.py", line 277, in convert_color
    target_se, audio_name = se_extractor.get_se(ref_audio_path, tone_color_converter, vad=False)
  File "/home/ubuntu/OpenVoice/openvoice/se_extractor.py", line 146, in get_se
    wavs_folder = split_audio_whisper(audio_path, target_dir=target_dir, audio_name=audio_name)
  File "/home/ubuntu/OpenVoice/openvoice/se_extractor.py", line 29, in split_audio_whisper
    segments = list(segments)
  File "/home/ubuntu/miniconda3/envs/openvoice/lib/python3.9/site-packages/faster_whisper/transcribe.py", line 433, in generate_segments
    ) = self.generate_with_fallback(encoder_output, prompt, tokenizer, options)
  File "/home/ubuntu/miniconda3/envs/openvoice/lib/python3.9/site-packages/faster_whisper/transcribe.py", line 641, in generate_with_fallback
    result = self.model.generate(
RuntimeError: CUDA failed with error out of memory
Traceback (most recent call last):
  File "/home/ubuntu/OpenVoice/job.py", line 334, in <module>
    clone_voice(f"./projects/{i}/{j}")
  File "/home/ubuntu/OpenVoice/job.py", line 201, in clone_voice
    return(convert_color(projectfolder))
  File "/home/ubuntu/OpenVoice/job.py", line 277, in convert_color
    target_se, audio_name = se_extractor.get_se(ref_audio_path, tone_color_converter, vad=False)
  File "/home/ubuntu/OpenVoice/openvoice/se_extractor.py", line 146, in get_se
    wavs_folder = split_audio_whisper(audio_path, target_dir=target_dir, audio_name=audio_name)
  File "/home/ubuntu/OpenVoice/openvoice/se_extractor.py", line 29, in split_audio_whisper
    segments = list(segments)
  File "/home/ubuntu/miniconda3/envs/openvoice/lib/python3.9/site-packages/faster_whisper/transcribe.py", line 433, in generate_segments
    ) = self.generate_with_fallback(encoder_output, prompt, tokenizer, options)
  File "/home/ubuntu/miniconda3/envs/openvoice/lib/python3.9/site-packages/faster_whisper/transcribe.py", line 641, in generate_with_fallback
    result = self.model.generate(
RuntimeError: CUDA failed with error out of memory
Traceback (most recent call last):
  File "/home/ubuntu/OpenVoice/job.py", line 334, in <module>
    clone_voice(f"./projects/{i}/{j}")
  File "/home/ubuntu/OpenVoice/job.py", line 201, in clone_voice
    return(convert_color(projectfolder))
  File "/home/ubuntu/OpenVoice/job.py", line 277, in convert_color
    target_se, audio_name = se_extractor.get_se(ref_audio_path, tone_color_converter, vad=False)
  File "/home/ubuntu/OpenVoice/openvoice/se_extractor.py", line 146, in get_se
    wavs_folder = split_audio_whisper(audio_path, target_dir=target_dir, audio_name=audio_name)
  File "/home/ubuntu/OpenVoice/openvoice/se_extractor.py", line 29, in split_audio_whisper
    segments = list(segments)
  File "/home/ubuntu/miniconda3/envs/openvoice/lib/python3.9/site-packages/faster_whisper/transcribe.py", line 433, in generate_segments
    ) = self.generate_with_fallback(encoder_output, prompt, tokenizer, options)
  File "/home/ubuntu/miniconda3/envs/openvoice/lib/python3.9/site-packages/faster_whisper/transcribe.py", line 641, in generate_with_fallback
    result = self.model.generate(
RuntimeError: CUDA failed with error out of memory
Traceback (most recent call last):
  File "/home/ubuntu/OpenVoice/job.py", line 279, in convert_color
    source_se = torch.load(f'checkpoints_v2/google_base_speakers/models/{voicecode}.pth', map_location=device)
  File "/home/ubuntu/miniconda3/envs/openvoice/lib/python3.9/site-packages/torch/serialization.py", line 997, in load
    with _open_file_like(f, 'rb') as opened_file:
  File "/home/ubuntu/miniconda3/envs/openvoice/lib/python3.9/site-packages/torch/serialization.py", line 444, in _open_file_like
    return _open_file(name_or_buffer, mode)
  File "/home/ubuntu/miniconda3/envs/openvoice/lib/python3.9/site-packages/torch/serialization.py", line 425, in __init__
    super().__init__(open(name, mode))
FileNotFoundError: [Errno 2] No such file or directory: 'checkpoints_v2/google_base_speakers/models/sr-Latn-RS-NicholasNeural.pth'

During handling of the above exception, another exception occurred:

Traceback (most recent call last):
  File "/home/ubuntu/miniconda3/envs/openvoice/lib/python3.9/site-packages/librosa/core/audio.py", line 155, in load
    context = sf.SoundFile(path)
  File "/home/ubuntu/miniconda3/envs/openvoice/lib/python3.9/site-packages/soundfile.py", line 658, in __init__
    self._file = self._open(file, mode_int, closefd)
  File "/home/ubuntu/miniconda3/envs/openvoice/lib/python3.9/site-packages/soundfile.py", line 1216, in _open
    raise LibsndfileError(err, prefix="Error opening {0!r}: ".format(self.name))
soundfile.LibsndfileError: Error opening 'checkpoints_v2/google_base_speakers/src/sr-Latn-RS-NicholasNeural.mp3': File does not exist or is not a regular file (possibly a pipe?).

During handling of the above exception, another exception occurred:

Traceback (most recent call last):
  File "/home/ubuntu/OpenVoice/job.py", line 334, in <module>
    clone_voice(f"./projects/{i}/{j}")
  File "/home/ubuntu/OpenVoice/job.py", line 201, in clone_voice
    return(convert_color(projectfolder))
  File "/home/ubuntu/OpenVoice/job.py", line 301, in convert_color
    source_se, audio_name = se_extractor.get_se(f"checkpoints_v2/google_base_speakers/src/{voicecode}.mp3", tone_color_converter, vad=True)
  File "/home/ubuntu/OpenVoice/openvoice/se_extractor.py", line 134, in get_se
    audio_name = f"{os.path.basename(audio_path).rsplit('.', 1)[0]}_{version}_{hash_numpy_array(audio_path)}"
  File "/home/ubuntu/OpenVoice/openvoice/se_extractor.py", line 119, in hash_numpy_array
    array, _ = librosa.load(audio_path, sr=None, mono=True)
  File "/home/ubuntu/miniconda3/envs/openvoice/lib/python3.9/site-packages/librosa/util/decorators.py", line 88, in inner_f
    return f(*args, **kwargs)
  File "/home/ubuntu/miniconda3/envs/openvoice/lib/python3.9/site-packages/librosa/core/audio.py", line 174, in load
    y, sr_native = __audioread_load(path, offset, duration, dtype)
  File "/home/ubuntu/miniconda3/envs/openvoice/lib/python3.9/site-packages/librosa/core/audio.py", line 198, in __audioread_load
    with audioread.audio_open(path) as input_file:
  File "/home/ubuntu/miniconda3/envs/openvoice/lib/python3.9/site-packages/audioread/__init__.py", line 127, in audio_open
    return BackendClass(path)
  File "/home/ubuntu/miniconda3/envs/openvoice/lib/python3.9/site-packages/audioread/rawread.py", line 62, in __init__
    self._file = aifc.open(self._fh)
  File "/home/ubuntu/miniconda3/envs/openvoice/lib/python3.9/aifc.py", line 917, in open
    return Aifc_read(f)
  File "/home/ubuntu/miniconda3/envs/openvoice/lib/python3.9/aifc.py", line 358, in __init__
    self.initfp(f)
  File "/home/ubuntu/miniconda3/envs/openvoice/lib/python3.9/aifc.py", line 314, in initfp
    chunk = Chunk(file)
  File "/home/ubuntu/miniconda3/envs/openvoice/lib/python3.9/chunk.py", line 63, in __init__
    raise EOFError
EOFError
Traceback (most recent call last):
  File "/home/ubuntu/OpenVoice/job.py", line 334, in <module>
    clone_voice(f"./projects/{i}/{j}")
  File "/home/ubuntu/OpenVoice/job.py", line 201, in clone_voice
    return(convert_color(projectfolder))
  File "/home/ubuntu/OpenVoice/job.py", line 277, in convert_color
    target_se, audio_name = se_extractor.get_se(ref_audio_path, tone_color_converter, vad=False)
  File "/home/ubuntu/OpenVoice/openvoice/se_extractor.py", line 146, in get_se
    wavs_folder = split_audio_whisper(audio_path, target_dir=target_dir, audio_name=audio_name)
  File "/home/ubuntu/OpenVoice/openvoice/se_extractor.py", line 29, in split_audio_whisper
    segments = list(segments)
  File "/home/ubuntu/miniconda3/envs/openvoice/lib/python3.9/site-packages/faster_whisper/transcribe.py", line 433, in generate_segments
    ) = self.generate_with_fallback(encoder_output, prompt, tokenizer, options)
  File "/home/ubuntu/miniconda3/envs/openvoice/lib/python3.9/site-packages/faster_whisper/transcribe.py", line 641, in generate_with_fallback
    result = self.model.generate(
RuntimeError: CUDA failed with error out of memory
Traceback (most recent call last):
  File "/home/ubuntu/OpenVoice/job.py", line 334, in <module>
    clone_voice(f"./projects/{i}/{j}")
  File "/home/ubuntu/OpenVoice/job.py", line 201, in clone_voice
    return(convert_color(projectfolder))
  File "/home/ubuntu/OpenVoice/job.py", line 277, in convert_color
    target_se, audio_name = se_extractor.get_se(ref_audio_path, tone_color_converter, vad=False)
  File "/home/ubuntu/OpenVoice/openvoice/se_extractor.py", line 146, in get_se
    wavs_folder = split_audio_whisper(audio_path, target_dir=target_dir, audio_name=audio_name)
  File "/home/ubuntu/OpenVoice/openvoice/se_extractor.py", line 29, in split_audio_whisper
    segments = list(segments)
  File "/home/ubuntu/miniconda3/envs/openvoice/lib/python3.9/site-packages/faster_whisper/transcribe.py", line 433, in generate_segments
    ) = self.generate_with_fallback(encoder_output, prompt, tokenizer, options)
  File "/home/ubuntu/miniconda3/envs/openvoice/lib/python3.9/site-packages/faster_whisper/transcribe.py", line 641, in generate_with_fallback
    result = self.model.generate(
RuntimeError: CUDA failed with error out of memory
Traceback (most recent call last):
  File "/home/ubuntu/OpenVoice/job.py", line 334, in <module>
    clone_voice(f"./projects/{i}/{j}")
  File "/home/ubuntu/OpenVoice/job.py", line 201, in clone_voice
    return(convert_color(projectfolder))
  File "/home/ubuntu/OpenVoice/job.py", line 277, in convert_color
    target_se, audio_name = se_extractor.get_se(ref_audio_path, tone_color_converter, vad=False)
  File "/home/ubuntu/OpenVoice/openvoice/se_extractor.py", line 146, in get_se
    wavs_folder = split_audio_whisper(audio_path, target_dir=target_dir, audio_name=audio_name)
  File "/home/ubuntu/OpenVoice/openvoice/se_extractor.py", line 29, in split_audio_whisper
    segments = list(segments)
  File "/home/ubuntu/miniconda3/envs/openvoice/lib/python3.9/site-packages/faster_whisper/transcribe.py", line 433, in generate_segments
    ) = self.generate_with_fallback(encoder_output, prompt, tokenizer, options)
  File "/home/ubuntu/miniconda3/envs/openvoice/lib/python3.9/site-packages/faster_whisper/transcribe.py", line 641, in generate_with_fallback
    result = self.model.generate(
RuntimeError: CUDA failed with error out of memory
Traceback (most recent call last):
  File "/home/ubuntu/OpenVoice/job.py", line 334, in <module>
    clone_voice(f"./projects/{i}/{j}")
  File "/home/ubuntu/OpenVoice/job.py", line 201, in clone_voice
    return(convert_color(projectfolder))
  File "/home/ubuntu/OpenVoice/job.py", line 277, in convert_color
    target_se, audio_name = se_extractor.get_se(ref_audio_path, tone_color_converter, vad=False)
  File "/home/ubuntu/OpenVoice/openvoice/se_extractor.py", line 146, in get_se
    wavs_folder = split_audio_whisper(audio_path, target_dir=target_dir, audio_name=audio_name)
  File "/home/ubuntu/OpenVoice/openvoice/se_extractor.py", line 29, in split_audio_whisper
    segments = list(segments)
  File "/home/ubuntu/miniconda3/envs/openvoice/lib/python3.9/site-packages/faster_whisper/transcribe.py", line 433, in generate_segments
    ) = self.generate_with_fallback(encoder_output, prompt, tokenizer, options)
  File "/home/ubuntu/miniconda3/envs/openvoice/lib/python3.9/site-packages/faster_whisper/transcribe.py", line 641, in generate_with_fallback
    result = self.model.generate(
RuntimeError: CUDA failed with error out of memory
Traceback (most recent call last):
  File "/home/ubuntu/OpenVoice/job.py", line 334, in <module>
    clone_voice(f"./projects/{i}/{j}")
  File "/home/ubuntu/OpenVoice/job.py", line 201, in clone_voice
    return(convert_color(projectfolder))
  File "/home/ubuntu/OpenVoice/job.py", line 277, in convert_color
    target_se, audio_name = se_extractor.get_se(ref_audio_path, tone_color_converter, vad=False)
  File "/home/ubuntu/OpenVoice/openvoice/se_extractor.py", line 146, in get_se
    wavs_folder = split_audio_whisper(audio_path, target_dir=target_dir, audio_name=audio_name)
  File "/home/ubuntu/OpenVoice/openvoice/se_extractor.py", line 29, in split_audio_whisper
    segments = list(segments)
  File "/home/ubuntu/miniconda3/envs/openvoice/lib/python3.9/site-packages/faster_whisper/transcribe.py", line 433, in generate_segments
    ) = self.generate_with_fallback(encoder_output, prompt, tokenizer, options)
  File "/home/ubuntu/miniconda3/envs/openvoice/lib/python3.9/site-packages/faster_whisper/transcribe.py", line 641, in generate_with_fallback
    result = self.model.generate(
RuntimeError: CUDA failed with error out of memory
Traceback (most recent call last):
  File "/home/ubuntu/OpenVoice/job.py", line 334, in <module>
    clone_voice(f"./projects/{i}/{j}")
  File "/home/ubuntu/OpenVoice/job.py", line 201, in clone_voice
    return(convert_color(projectfolder))
  File "/home/ubuntu/OpenVoice/job.py", line 277, in convert_color
    target_se, audio_name = se_extractor.get_se(ref_audio_path, tone_color_converter, vad=False)
  File "/home/ubuntu/OpenVoice/openvoice/se_extractor.py", line 146, in get_se
    wavs_folder = split_audio_whisper(audio_path, target_dir=target_dir, audio_name=audio_name)
  File "/home/ubuntu/OpenVoice/openvoice/se_extractor.py", line 29, in split_audio_whisper
    segments = list(segments)
  File "/home/ubuntu/miniconda3/envs/openvoice/lib/python3.9/site-packages/faster_whisper/transcribe.py", line 433, in generate_segments
    ) = self.generate_with_fallback(encoder_output, prompt, tokenizer, options)
  File "/home/ubuntu/miniconda3/envs/openvoice/lib/python3.9/site-packages/faster_whisper/transcribe.py", line 641, in generate_with_fallback
    result = self.model.generate(
RuntimeError: CUDA failed with error out of memory
Traceback (most recent call last):
  File "/home/ubuntu/OpenVoice/job.py", line 334, in <module>
    clone_voice(f"./projects/{i}/{j}")
  File "/home/ubuntu/OpenVoice/job.py", line 201, in clone_voice
    return(convert_color(projectfolder))
  File "/home/ubuntu/OpenVoice/job.py", line 277, in convert_color
    target_se, audio_name = se_extractor.get_se(ref_audio_path, tone_color_converter, vad=False)
  File "/home/ubuntu/OpenVoice/openvoice/se_extractor.py", line 146, in get_se
    wavs_folder = split_audio_whisper(audio_path, target_dir=target_dir, audio_name=audio_name)
  File "/home/ubuntu/OpenVoice/openvoice/se_extractor.py", line 29, in split_audio_whisper
    segments = list(segments)
  File "/home/ubuntu/miniconda3/envs/openvoice/lib/python3.9/site-packages/faster_whisper/transcribe.py", line 433, in generate_segments
    ) = self.generate_with_fallback(encoder_output, prompt, tokenizer, options)
  File "/home/ubuntu/miniconda3/envs/openvoice/lib/python3.9/site-packages/faster_whisper/transcribe.py", line 641, in generate_with_fallback
    result = self.model.generate(
RuntimeError: CUDA failed with error out of memory
Traceback (most recent call last):
  File "/home/ubuntu/OpenVoice/job.py", line 334, in <module>
    clone_voice(f"./projects/{i}/{j}")
  File "/home/ubuntu/OpenVoice/job.py", line 201, in clone_voice
    return(convert_color(projectfolder))
  File "/home/ubuntu/OpenVoice/job.py", line 277, in convert_color
    target_se, audio_name = se_extractor.get_se(ref_audio_path, tone_color_converter, vad=False)
  File "/home/ubuntu/OpenVoice/openvoice/se_extractor.py", line 146, in get_se
    wavs_folder = split_audio_whisper(audio_path, target_dir=target_dir, audio_name=audio_name)
  File "/home/ubuntu/OpenVoice/openvoice/se_extractor.py", line 29, in split_audio_whisper
    segments = list(segments)
  File "/home/ubuntu/miniconda3/envs/openvoice/lib/python3.9/site-packages/faster_whisper/transcribe.py", line 433, in generate_segments
    ) = self.generate_with_fallback(encoder_output, prompt, tokenizer, options)
  File "/home/ubuntu/miniconda3/envs/openvoice/lib/python3.9/site-packages/faster_whisper/transcribe.py", line 641, in generate_with_fallback
    result = self.model.generate(
RuntimeError: CUDA failed with error out of memory
Traceback (most recent call last):
  File "/home/ubuntu/OpenVoice/job.py", line 334, in <module>
    clone_voice(f"./projects/{i}/{j}")
  File "/home/ubuntu/OpenVoice/job.py", line 201, in clone_voice
    return(convert_color(projectfolder))
  File "/home/ubuntu/OpenVoice/job.py", line 277, in convert_color
    target_se, audio_name = se_extractor.get_se(ref_audio_path, tone_color_converter, vad=False)
  File "/home/ubuntu/OpenVoice/openvoice/se_extractor.py", line 146, in get_se
    wavs_folder = split_audio_whisper(audio_path, target_dir=target_dir, audio_name=audio_name)
  File "/home/ubuntu/OpenVoice/openvoice/se_extractor.py", line 29, in split_audio_whisper
    segments = list(segments)
  File "/home/ubuntu/miniconda3/envs/openvoice/lib/python3.9/site-packages/faster_whisper/transcribe.py", line 433, in generate_segments
    ) = self.generate_with_fallback(encoder_output, prompt, tokenizer, options)
  File "/home/ubuntu/miniconda3/envs/openvoice/lib/python3.9/site-packages/faster_whisper/transcribe.py", line 641, in generate_with_fallback
    result = self.model.generate(
RuntimeError: CUDA failed with error out of memory
Traceback (most recent call last):
  File "/home/ubuntu/OpenVoice/job.py", line 334, in <module>
    clone_voice(f"./projects/{i}/{j}")
  File "/home/ubuntu/OpenVoice/job.py", line 201, in clone_voice
    return(convert_color(projectfolder))
  File "/home/ubuntu/OpenVoice/job.py", line 277, in convert_color
    target_se, audio_name = se_extractor.get_se(ref_audio_path, tone_color_converter, vad=False)
  File "/home/ubuntu/OpenVoice/openvoice/se_extractor.py", line 146, in get_se
    wavs_folder = split_audio_whisper(audio_path, target_dir=target_dir, audio_name=audio_name)
  File "/home/ubuntu/OpenVoice/openvoice/se_extractor.py", line 29, in split_audio_whisper
    segments = list(segments)
  File "/home/ubuntu/miniconda3/envs/openvoice/lib/python3.9/site-packages/faster_whisper/transcribe.py", line 433, in generate_segments
    ) = self.generate_with_fallback(encoder_output, prompt, tokenizer, options)
  File "/home/ubuntu/miniconda3/envs/openvoice/lib/python3.9/site-packages/faster_whisper/transcribe.py", line 641, in generate_with_fallback
    result = self.model.generate(
RuntimeError: CUDA failed with error out of memory
Traceback (most recent call last):
  File "/home/ubuntu/OpenVoice/job.py", line 334, in <module>
    clone_voice(f"./projects/{i}/{j}")
  File "/home/ubuntu/OpenVoice/job.py", line 201, in clone_voice
    return(convert_color(projectfolder))
  File "/home/ubuntu/OpenVoice/job.py", line 277, in convert_color
    target_se, audio_name = se_extractor.get_se(ref_audio_path, tone_color_converter, vad=False)
  File "/home/ubuntu/OpenVoice/openvoice/se_extractor.py", line 146, in get_se
    wavs_folder = split_audio_whisper(audio_path, target_dir=target_dir, audio_name=audio_name)
  File "/home/ubuntu/OpenVoice/openvoice/se_extractor.py", line 29, in split_audio_whisper
    segments = list(segments)
  File "/home/ubuntu/miniconda3/envs/openvoice/lib/python3.9/site-packages/faster_whisper/transcribe.py", line 433, in generate_segments
    ) = self.generate_with_fallback(encoder_output, prompt, tokenizer, options)
  File "/home/ubuntu/miniconda3/envs/openvoice/lib/python3.9/site-packages/faster_whisper/transcribe.py", line 641, in generate_with_fallback
    result = self.model.generate(
RuntimeError: CUDA failed with error out of memory
Traceback (most recent call last):
  File "/home/ubuntu/OpenVoice/job.py", line 334, in <module>
    clone_voice(f"./projects/{i}/{j}")
  File "/home/ubuntu/OpenVoice/job.py", line 201, in clone_voice
    return(convert_color(projectfolder))
  File "/home/ubuntu/OpenVoice/job.py", line 277, in convert_color
    target_se, audio_name = se_extractor.get_se(ref_audio_path, tone_color_converter, vad=False)
  File "/home/ubuntu/OpenVoice/openvoice/se_extractor.py", line 146, in get_se
    wavs_folder = split_audio_whisper(audio_path, target_dir=target_dir, audio_name=audio_name)
  File "/home/ubuntu/OpenVoice/openvoice/se_extractor.py", line 29, in split_audio_whisper
    segments = list(segments)
  File "/home/ubuntu/miniconda3/envs/openvoice/lib/python3.9/site-packages/faster_whisper/transcribe.py", line 433, in generate_segments
    ) = self.generate_with_fallback(encoder_output, prompt, tokenizer, options)
  File "/home/ubuntu/miniconda3/envs/openvoice/lib/python3.9/site-packages/faster_whisper/transcribe.py", line 641, in generate_with_fallback
    result = self.model.generate(
RuntimeError: CUDA failed with error out of memory
Traceback (most recent call last):
  File "/home/ubuntu/OpenVoice/job.py", line 334, in <module>
    clone_voice(f"./projects/{i}/{j}")
  File "/home/ubuntu/OpenVoice/job.py", line 201, in clone_voice
    return(convert_color(projectfolder))
  File "/home/ubuntu/OpenVoice/job.py", line 277, in convert_color
    target_se, audio_name = se_extractor.get_se(ref_audio_path, tone_color_converter, vad=False)
  File "/home/ubuntu/OpenVoice/openvoice/se_extractor.py", line 146, in get_se
    wavs_folder = split_audio_whisper(audio_path, target_dir=target_dir, audio_name=audio_name)
  File "/home/ubuntu/OpenVoice/openvoice/se_extractor.py", line 29, in split_audio_whisper
    segments = list(segments)
  File "/home/ubuntu/miniconda3/envs/openvoice/lib/python3.9/site-packages/faster_whisper/transcribe.py", line 433, in generate_segments
    ) = self.generate_with_fallback(encoder_output, prompt, tokenizer, options)
  File "/home/ubuntu/miniconda3/envs/openvoice/lib/python3.9/site-packages/faster_whisper/transcribe.py", line 641, in generate_with_fallback
    result = self.model.generate(
RuntimeError: CUDA failed with error out of memory
Traceback (most recent call last):
  File "/home/ubuntu/OpenVoice/job.py", line 334, in <module>
    clone_voice(f"./projects/{i}/{j}")
  File "/home/ubuntu/OpenVoice/job.py", line 201, in clone_voice
    return(convert_color(projectfolder))
  File "/home/ubuntu/OpenVoice/job.py", line 277, in convert_color
    target_se, audio_name = se_extractor.get_se(ref_audio_path, tone_color_converter, vad=False)
  File "/home/ubuntu/OpenVoice/openvoice/se_extractor.py", line 146, in get_se
    wavs_folder = split_audio_whisper(audio_path, target_dir=target_dir, audio_name=audio_name)
  File "/home/ubuntu/OpenVoice/openvoice/se_extractor.py", line 29, in split_audio_whisper
    segments = list(segments)
  File "/home/ubuntu/miniconda3/envs/openvoice/lib/python3.9/site-packages/faster_whisper/transcribe.py", line 433, in generate_segments
    ) = self.generate_with_fallback(encoder_output, prompt, tokenizer, options)
  File "/home/ubuntu/miniconda3/envs/openvoice/lib/python3.9/site-packages/faster_whisper/transcribe.py", line 641, in generate_with_fallback
    result = self.model.generate(
RuntimeError: CUDA failed with error out of memory
Traceback (most recent call last):
  File "/home/ubuntu/OpenVoice/job.py", line 334, in <module>
    clone_voice(f"./projects/{i}/{j}")
  File "/home/ubuntu/OpenVoice/job.py", line 201, in clone_voice
    return(convert_color(projectfolder))
  File "/home/ubuntu/OpenVoice/job.py", line 277, in convert_color
    target_se, audio_name = se_extractor.get_se(ref_audio_path, tone_color_converter, vad=False)
  File "/home/ubuntu/OpenVoice/openvoice/se_extractor.py", line 146, in get_se
    wavs_folder = split_audio_whisper(audio_path, target_dir=target_dir, audio_name=audio_name)
  File "/home/ubuntu/OpenVoice/openvoice/se_extractor.py", line 29, in split_audio_whisper
    segments = list(segments)
  File "/home/ubuntu/miniconda3/envs/openvoice/lib/python3.9/site-packages/faster_whisper/transcribe.py", line 433, in generate_segments
    ) = self.generate_with_fallback(encoder_output, prompt, tokenizer, options)
  File "/home/ubuntu/miniconda3/envs/openvoice/lib/python3.9/site-packages/faster_whisper/transcribe.py", line 641, in generate_with_fallback
    result = self.model.generate(
RuntimeError: CUDA failed with error out of memory
Traceback (most recent call last):
  File "/home/ubuntu/OpenVoice/job.py", line 334, in <module>
    clone_voice(f"./projects/{i}/{j}")
  File "/home/ubuntu/OpenVoice/job.py", line 201, in clone_voice
    return(convert_color(projectfolder))
  File "/home/ubuntu/OpenVoice/job.py", line 277, in convert_color
    target_se, audio_name = se_extractor.get_se(ref_audio_path, tone_color_converter, vad=False)
  File "/home/ubuntu/OpenVoice/openvoice/se_extractor.py", line 150, in get_se
    raise NotImplementedError('No audio segments found!')
NotImplementedError: No audio segments found!
Traceback (most recent call last):
  File "/home/ubuntu/OpenVoice/job.py", line 334, in <module>
    clone_voice(f"./projects/{i}/{j}")
  File "/home/ubuntu/OpenVoice/job.py", line 201, in clone_voice
    return(convert_color(projectfolder))
  File "/home/ubuntu/OpenVoice/job.py", line 277, in convert_color
    target_se, audio_name = se_extractor.get_se(ref_audio_path, tone_color_converter, vad=False)
  File "/home/ubuntu/OpenVoice/openvoice/se_extractor.py", line 146, in get_se
    wavs_folder = split_audio_whisper(audio_path, target_dir=target_dir, audio_name=audio_name)
  File "/home/ubuntu/OpenVoice/openvoice/se_extractor.py", line 29, in split_audio_whisper
    segments = list(segments)
  File "/home/ubuntu/miniconda3/envs/openvoice/lib/python3.9/site-packages/faster_whisper/transcribe.py", line 433, in generate_segments
    ) = self.generate_with_fallback(encoder_output, prompt, tokenizer, options)
  File "/home/ubuntu/miniconda3/envs/openvoice/lib/python3.9/site-packages/faster_whisper/transcribe.py", line 641, in generate_with_fallback
    result = self.model.generate(
RuntimeError: CUDA failed with error out of memory
Traceback (most recent call last):
  File "/home/ubuntu/OpenVoice/job.py", line 334, in <module>
    clone_voice(f"./projects/{i}/{j}")
  File "/home/ubuntu/OpenVoice/job.py", line 201, in clone_voice
    return(convert_color(projectfolder))
  File "/home/ubuntu/OpenVoice/job.py", line 277, in convert_color
    target_se, audio_name = se_extractor.get_se(ref_audio_path, tone_color_converter, vad=False)
  File "/home/ubuntu/OpenVoice/openvoice/se_extractor.py", line 146, in get_se
    wavs_folder = split_audio_whisper(audio_path, target_dir=target_dir, audio_name=audio_name)
  File "/home/ubuntu/OpenVoice/openvoice/se_extractor.py", line 29, in split_audio_whisper
    segments = list(segments)
  File "/home/ubuntu/miniconda3/envs/openvoice/lib/python3.9/site-packages/faster_whisper/transcribe.py", line 433, in generate_segments
    ) = self.generate_with_fallback(encoder_output, prompt, tokenizer, options)
  File "/home/ubuntu/miniconda3/envs/openvoice/lib/python3.9/site-packages/faster_whisper/transcribe.py", line 641, in generate_with_fallback
    result = self.model.generate(
RuntimeError: CUDA failed with error out of memory
Traceback (most recent call last):
  File "/home/ubuntu/OpenVoice/job.py", line 334, in <module>
    clone_voice(f"./projects/{i}/{j}")
  File "/home/ubuntu/OpenVoice/job.py", line 201, in clone_voice
    return(convert_color(projectfolder))
  File "/home/ubuntu/OpenVoice/job.py", line 277, in convert_color
    target_se, audio_name = se_extractor.get_se(ref_audio_path, tone_color_converter, vad=False)
  File "/home/ubuntu/OpenVoice/openvoice/se_extractor.py", line 146, in get_se
    wavs_folder = split_audio_whisper(audio_path, target_dir=target_dir, audio_name=audio_name)
  File "/home/ubuntu/OpenVoice/openvoice/se_extractor.py", line 29, in split_audio_whisper
    segments = list(segments)
  File "/home/ubuntu/miniconda3/envs/openvoice/lib/python3.9/site-packages/faster_whisper/transcribe.py", line 433, in generate_segments
    ) = self.generate_with_fallback(encoder_output, prompt, tokenizer, options)
  File "/home/ubuntu/miniconda3/envs/openvoice/lib/python3.9/site-packages/faster_whisper/transcribe.py", line 641, in generate_with_fallback
    result = self.model.generate(
RuntimeError: CUDA failed with error out of memory
Traceback (most recent call last):
  File "/home/ubuntu/OpenVoice/job.py", line 334, in <module>
    clone_voice(f"./projects/{i}/{j}")
  File "/home/ubuntu/OpenVoice/job.py", line 201, in clone_voice
    return(convert_color(projectfolder))
  File "/home/ubuntu/OpenVoice/job.py", line 277, in convert_color
    target_se, audio_name = se_extractor.get_se(ref_audio_path, tone_color_converter, vad=False)
  File "/home/ubuntu/OpenVoice/openvoice/se_extractor.py", line 146, in get_se
    wavs_folder = split_audio_whisper(audio_path, target_dir=target_dir, audio_name=audio_name)
  File "/home/ubuntu/OpenVoice/openvoice/se_extractor.py", line 29, in split_audio_whisper
    segments = list(segments)
  File "/home/ubuntu/miniconda3/envs/openvoice/lib/python3.9/site-packages/faster_whisper/transcribe.py", line 433, in generate_segments
    ) = self.generate_with_fallback(encoder_output, prompt, tokenizer, options)
  File "/home/ubuntu/miniconda3/envs/openvoice/lib/python3.9/site-packages/faster_whisper/transcribe.py", line 641, in generate_with_fallback
    result = self.model.generate(
RuntimeError: CUDA failed with error out of memory
Traceback (most recent call last):
  File "/home/ubuntu/OpenVoice/job.py", line 334, in <module>
    clone_voice(f"./projects/{i}/{j}")
  File "/home/ubuntu/OpenVoice/job.py", line 201, in clone_voice
    return(convert_color(projectfolder))
  File "/home/ubuntu/OpenVoice/job.py", line 277, in convert_color
    target_se, audio_name = se_extractor.get_se(ref_audio_path, tone_color_converter, vad=False)
  File "/home/ubuntu/OpenVoice/openvoice/se_extractor.py", line 150, in get_se
    raise NotImplementedError('No audio segments found!')
NotImplementedError: No audio segments found!
Traceback (most recent call last):
  File "/home/ubuntu/OpenVoice/job.py", line 334, in <module>
    clone_voice(f"./projects/{i}/{j}")
  File "/home/ubuntu/OpenVoice/job.py", line 201, in clone_voice
    return(convert_color(projectfolder))
  File "/home/ubuntu/OpenVoice/job.py", line 277, in convert_color
    target_se, audio_name = se_extractor.get_se(ref_audio_path, tone_color_converter, vad=False)
  File "/home/ubuntu/OpenVoice/openvoice/se_extractor.py", line 146, in get_se
    wavs_folder = split_audio_whisper(audio_path, target_dir=target_dir, audio_name=audio_name)
  File "/home/ubuntu/OpenVoice/openvoice/se_extractor.py", line 29, in split_audio_whisper
    segments = list(segments)
  File "/home/ubuntu/miniconda3/envs/openvoice/lib/python3.9/site-packages/faster_whisper/transcribe.py", line 433, in generate_segments
    ) = self.generate_with_fallback(encoder_output, prompt, tokenizer, options)
  File "/home/ubuntu/miniconda3/envs/openvoice/lib/python3.9/site-packages/faster_whisper/transcribe.py", line 641, in generate_with_fallback
    result = self.model.generate(
RuntimeError: CUDA failed with error out of memory
Traceback (most recent call last):
  File "/home/ubuntu/OpenVoice/job.py", line 334, in <module>
    clone_voice(f"./projects/{i}/{j}")
  File "/home/ubuntu/OpenVoice/job.py", line 201, in clone_voice
    return(convert_color(projectfolder))
  File "/home/ubuntu/OpenVoice/job.py", line 277, in convert_color
    target_se, audio_name = se_extractor.get_se(ref_audio_path, tone_color_converter, vad=False)
  File "/home/ubuntu/OpenVoice/openvoice/se_extractor.py", line 146, in get_se
    wavs_folder = split_audio_whisper(audio_path, target_dir=target_dir, audio_name=audio_name)
  File "/home/ubuntu/OpenVoice/openvoice/se_extractor.py", line 29, in split_audio_whisper
    segments = list(segments)
  File "/home/ubuntu/miniconda3/envs/openvoice/lib/python3.9/site-packages/faster_whisper/transcribe.py", line 433, in generate_segments
    ) = self.generate_with_fallback(encoder_output, prompt, tokenizer, options)
  File "/home/ubuntu/miniconda3/envs/openvoice/lib/python3.9/site-packages/faster_whisper/transcribe.py", line 641, in generate_with_fallback
    result = self.model.generate(
RuntimeError: CUDA failed with error out of memory
Traceback (most recent call last):
  File "/home/ubuntu/OpenVoice/job.py", line 334, in <module>
    clone_voice(f"./projects/{i}/{j}")
  File "/home/ubuntu/OpenVoice/job.py", line 201, in clone_voice
    return(convert_color(projectfolder))
  File "/home/ubuntu/OpenVoice/job.py", line 277, in convert_color
    target_se, audio_name = se_extractor.get_se(ref_audio_path, tone_color_converter, vad=False)
  File "/home/ubuntu/OpenVoice/openvoice/se_extractor.py", line 146, in get_se
    wavs_folder = split_audio_whisper(audio_path, target_dir=target_dir, audio_name=audio_name)
  File "/home/ubuntu/OpenVoice/openvoice/se_extractor.py", line 29, in split_audio_whisper
    segments = list(segments)
  File "/home/ubuntu/miniconda3/envs/openvoice/lib/python3.9/site-packages/faster_whisper/transcribe.py", line 433, in generate_segments
    ) = self.generate_with_fallback(encoder_output, prompt, tokenizer, options)
  File "/home/ubuntu/miniconda3/envs/openvoice/lib/python3.9/site-packages/faster_whisper/transcribe.py", line 641, in generate_with_fallback
    result = self.model.generate(
RuntimeError: CUDA failed with error out of memory
Traceback (most recent call last):
  File "/home/ubuntu/OpenVoice/job.py", line 334, in <module>
    clone_voice(f"./projects/{i}/{j}")
  File "/home/ubuntu/OpenVoice/job.py", line 201, in clone_voice
    return(convert_color(projectfolder))
  File "/home/ubuntu/OpenVoice/job.py", line 277, in convert_color
    target_se, audio_name = se_extractor.get_se(ref_audio_path, tone_color_converter, vad=False)
  File "/home/ubuntu/OpenVoice/openvoice/se_extractor.py", line 146, in get_se
    wavs_folder = split_audio_whisper(audio_path, target_dir=target_dir, audio_name=audio_name)
  File "/home/ubuntu/OpenVoice/openvoice/se_extractor.py", line 29, in split_audio_whisper
    segments = list(segments)
  File "/home/ubuntu/miniconda3/envs/openvoice/lib/python3.9/site-packages/faster_whisper/transcribe.py", line 433, in generate_segments
    ) = self.generate_with_fallback(encoder_output, prompt, tokenizer, options)
  File "/home/ubuntu/miniconda3/envs/openvoice/lib/python3.9/site-packages/faster_whisper/transcribe.py", line 641, in generate_with_fallback
    result = self.model.generate(
RuntimeError: CUDA failed with error out of memory
Traceback (most recent call last):
  File "/home/ubuntu/OpenVoice/job.py", line 334, in <module>
    clone_voice(f"./projects/{i}/{j}")
  File "/home/ubuntu/OpenVoice/job.py", line 201, in clone_voice
    return(convert_color(projectfolder))
  File "/home/ubuntu/OpenVoice/job.py", line 277, in convert_color
    target_se, audio_name = se_extractor.get_se(ref_audio_path, tone_color_converter, vad=False)
  File "/home/ubuntu/OpenVoice/openvoice/se_extractor.py", line 146, in get_se
    wavs_folder = split_audio_whisper(audio_path, target_dir=target_dir, audio_name=audio_name)
  File "/home/ubuntu/OpenVoice/openvoice/se_extractor.py", line 29, in split_audio_whisper
    segments = list(segments)
  File "/home/ubuntu/miniconda3/envs/openvoice/lib/python3.9/site-packages/faster_whisper/transcribe.py", line 433, in generate_segments
    ) = self.generate_with_fallback(encoder_output, prompt, tokenizer, options)
  File "/home/ubuntu/miniconda3/envs/openvoice/lib/python3.9/site-packages/faster_whisper/transcribe.py", line 641, in generate_with_fallback
    result = self.model.generate(
RuntimeError: CUDA failed with error out of memory
Traceback (most recent call last):
  File "/home/ubuntu/OpenVoice/job.py", line 334, in <module>
    clone_voice(f"./projects/{i}/{j}")
  File "/home/ubuntu/OpenVoice/job.py", line 201, in clone_voice
    return(convert_color(projectfolder))
  File "/home/ubuntu/OpenVoice/job.py", line 277, in convert_color
    target_se, audio_name = se_extractor.get_se(ref_audio_path, tone_color_converter, vad=False)
  File "/home/ubuntu/OpenVoice/openvoice/se_extractor.py", line 146, in get_se
    wavs_folder = split_audio_whisper(audio_path, target_dir=target_dir, audio_name=audio_name)
  File "/home/ubuntu/OpenVoice/openvoice/se_extractor.py", line 29, in split_audio_whisper
    segments = list(segments)
  File "/home/ubuntu/miniconda3/envs/openvoice/lib/python3.9/site-packages/faster_whisper/transcribe.py", line 433, in generate_segments
    ) = self.generate_with_fallback(encoder_output, prompt, tokenizer, options)
  File "/home/ubuntu/miniconda3/envs/openvoice/lib/python3.9/site-packages/faster_whisper/transcribe.py", line 641, in generate_with_fallback
    result = self.model.generate(
RuntimeError: CUDA failed with error out of memory
Traceback (most recent call last):
  File "/home/ubuntu/OpenVoice/job.py", line 334, in <module>
    clone_voice(f"./projects/{i}/{j}")
  File "/home/ubuntu/OpenVoice/job.py", line 201, in clone_voice
    return(convert_color(projectfolder))
  File "/home/ubuntu/OpenVoice/job.py", line 277, in convert_color
    target_se, audio_name = se_extractor.get_se(ref_audio_path, tone_color_converter, vad=False)
  File "/home/ubuntu/OpenVoice/openvoice/se_extractor.py", line 146, in get_se
    wavs_folder = split_audio_whisper(audio_path, target_dir=target_dir, audio_name=audio_name)
  File "/home/ubuntu/OpenVoice/openvoice/se_extractor.py", line 29, in split_audio_whisper
    segments = list(segments)
  File "/home/ubuntu/miniconda3/envs/openvoice/lib/python3.9/site-packages/faster_whisper/transcribe.py", line 433, in generate_segments
    ) = self.generate_with_fallback(encoder_output, prompt, tokenizer, options)
  File "/home/ubuntu/miniconda3/envs/openvoice/lib/python3.9/site-packages/faster_whisper/transcribe.py", line 641, in generate_with_fallback
    result = self.model.generate(
RuntimeError: CUDA failed with error out of memory
Traceback (most recent call last):
  File "/home/ubuntu/OpenVoice/job.py", line 334, in <module>
    clone_voice(f"./projects/{i}/{j}")
  File "/home/ubuntu/OpenVoice/job.py", line 201, in clone_voice
    return(convert_color(projectfolder))
  File "/home/ubuntu/OpenVoice/job.py", line 277, in convert_color
    target_se, audio_name = se_extractor.get_se(ref_audio_path, tone_color_converter, vad=False)
  File "/home/ubuntu/OpenVoice/openvoice/se_extractor.py", line 146, in get_se
    wavs_folder = split_audio_whisper(audio_path, target_dir=target_dir, audio_name=audio_name)
  File "/home/ubuntu/OpenVoice/openvoice/se_extractor.py", line 29, in split_audio_whisper
    segments = list(segments)
  File "/home/ubuntu/miniconda3/envs/openvoice/lib/python3.9/site-packages/faster_whisper/transcribe.py", line 433, in generate_segments
    ) = self.generate_with_fallback(encoder_output, prompt, tokenizer, options)
  File "/home/ubuntu/miniconda3/envs/openvoice/lib/python3.9/site-packages/faster_whisper/transcribe.py", line 641, in generate_with_fallback
    result = self.model.generate(
RuntimeError: CUDA failed with error out of memory
Traceback (most recent call last):
  File "/home/ubuntu/OpenVoice/job.py", line 334, in <module>
    clone_voice(f"./projects/{i}/{j}")
  File "/home/ubuntu/OpenVoice/job.py", line 201, in clone_voice
    return(convert_color(projectfolder))
  File "/home/ubuntu/OpenVoice/job.py", line 277, in convert_color
    target_se, audio_name = se_extractor.get_se(ref_audio_path, tone_color_converter, vad=False)
  File "/home/ubuntu/OpenVoice/openvoice/se_extractor.py", line 146, in get_se
    wavs_folder = split_audio_whisper(audio_path, target_dir=target_dir, audio_name=audio_name)
  File "/home/ubuntu/OpenVoice/openvoice/se_extractor.py", line 29, in split_audio_whisper
    segments = list(segments)
  File "/home/ubuntu/miniconda3/envs/openvoice/lib/python3.9/site-packages/faster_whisper/transcribe.py", line 433, in generate_segments
    ) = self.generate_with_fallback(encoder_output, prompt, tokenizer, options)
  File "/home/ubuntu/miniconda3/envs/openvoice/lib/python3.9/site-packages/faster_whisper/transcribe.py", line 641, in generate_with_fallback
    result = self.model.generate(
RuntimeError: CUDA failed with error out of memory
Traceback (most recent call last):
  File "/home/ubuntu/OpenVoice/job.py", line 334, in <module>
    clone_voice(f"./projects/{i}/{j}")
  File "/home/ubuntu/OpenVoice/job.py", line 201, in clone_voice
    return(convert_color(projectfolder))
  File "/home/ubuntu/OpenVoice/job.py", line 277, in convert_color
    target_se, audio_name = se_extractor.get_se(ref_audio_path, tone_color_converter, vad=False)
  File "/home/ubuntu/OpenVoice/openvoice/se_extractor.py", line 146, in get_se
    wavs_folder = split_audio_whisper(audio_path, target_dir=target_dir, audio_name=audio_name)
  File "/home/ubuntu/OpenVoice/openvoice/se_extractor.py", line 29, in split_audio_whisper
    segments = list(segments)
  File "/home/ubuntu/miniconda3/envs/openvoice/lib/python3.9/site-packages/faster_whisper/transcribe.py", line 433, in generate_segments
    ) = self.generate_with_fallback(encoder_output, prompt, tokenizer, options)
  File "/home/ubuntu/miniconda3/envs/openvoice/lib/python3.9/site-packages/faster_whisper/transcribe.py", line 641, in generate_with_fallback
    result = self.model.generate(
RuntimeError: CUDA failed with error out of memory
Traceback (most recent call last):
  File "/home/ubuntu/OpenVoice/job.py", line 334, in <module>
    clone_voice(f"./projects/{i}/{j}")
  File "/home/ubuntu/OpenVoice/job.py", line 201, in clone_voice
    return(convert_color(projectfolder))
  File "/home/ubuntu/OpenVoice/job.py", line 277, in convert_color
    target_se, audio_name = se_extractor.get_se(ref_audio_path, tone_color_converter, vad=False)
  File "/home/ubuntu/OpenVoice/openvoice/se_extractor.py", line 146, in get_se
    wavs_folder = split_audio_whisper(audio_path, target_dir=target_dir, audio_name=audio_name)
  File "/home/ubuntu/OpenVoice/openvoice/se_extractor.py", line 29, in split_audio_whisper
    segments = list(segments)
  File "/home/ubuntu/miniconda3/envs/openvoice/lib/python3.9/site-packages/faster_whisper/transcribe.py", line 433, in generate_segments
    ) = self.generate_with_fallback(encoder_output, prompt, tokenizer, options)
  File "/home/ubuntu/miniconda3/envs/openvoice/lib/python3.9/site-packages/faster_whisper/transcribe.py", line 641, in generate_with_fallback
    result = self.model.generate(
RuntimeError: CUDA failed with error out of memory
Traceback (most recent call last):
  File "/home/ubuntu/OpenVoice/job.py", line 334, in <module>
    clone_voice(f"./projects/{i}/{j}")
  File "/home/ubuntu/OpenVoice/job.py", line 201, in clone_voice
    return(convert_color(projectfolder))
  File "/home/ubuntu/OpenVoice/job.py", line 277, in convert_color
    target_se, audio_name = se_extractor.get_se(ref_audio_path, tone_color_converter, vad=False)
  File "/home/ubuntu/OpenVoice/openvoice/se_extractor.py", line 146, in get_se
    wavs_folder = split_audio_whisper(audio_path, target_dir=target_dir, audio_name=audio_name)
  File "/home/ubuntu/OpenVoice/openvoice/se_extractor.py", line 29, in split_audio_whisper
    segments = list(segments)
  File "/home/ubuntu/miniconda3/envs/openvoice/lib/python3.9/site-packages/faster_whisper/transcribe.py", line 433, in generate_segments
    ) = self.generate_with_fallback(encoder_output, prompt, tokenizer, options)
  File "/home/ubuntu/miniconda3/envs/openvoice/lib/python3.9/site-packages/faster_whisper/transcribe.py", line 641, in generate_with_fallback
    result = self.model.generate(
RuntimeError: CUDA failed with error out of memory
Traceback (most recent call last):
  File "/home/ubuntu/OpenVoice/job.py", line 334, in <module>
    clone_voice(f"./projects/{i}/{j}")
  File "/home/ubuntu/OpenVoice/job.py", line 201, in clone_voice
    return(convert_color(projectfolder))
  File "/home/ubuntu/OpenVoice/job.py", line 277, in convert_color
    target_se, audio_name = se_extractor.get_se(ref_audio_path, tone_color_converter, vad=False)
  File "/home/ubuntu/OpenVoice/openvoice/se_extractor.py", line 146, in get_se
    wavs_folder = split_audio_whisper(audio_path, target_dir=target_dir, audio_name=audio_name)
  File "/home/ubuntu/OpenVoice/openvoice/se_extractor.py", line 29, in split_audio_whisper
    segments = list(segments)
  File "/home/ubuntu/miniconda3/envs/openvoice/lib/python3.9/site-packages/faster_whisper/transcribe.py", line 433, in generate_segments
    ) = self.generate_with_fallback(encoder_output, prompt, tokenizer, options)
  File "/home/ubuntu/miniconda3/envs/openvoice/lib/python3.9/site-packages/faster_whisper/transcribe.py", line 641, in generate_with_fallback
    result = self.model.generate(
RuntimeError: CUDA failed with error out of memory
Traceback (most recent call last):
  File "/home/ubuntu/OpenVoice/job.py", line 334, in <module>
    clone_voice(f"./projects/{i}/{j}")
  File "/home/ubuntu/OpenVoice/job.py", line 201, in clone_voice
    return(convert_color(projectfolder))
  File "/home/ubuntu/OpenVoice/job.py", line 277, in convert_color
    target_se, audio_name = se_extractor.get_se(ref_audio_path, tone_color_converter, vad=False)
  File "/home/ubuntu/OpenVoice/openvoice/se_extractor.py", line 146, in get_se
    wavs_folder = split_audio_whisper(audio_path, target_dir=target_dir, audio_name=audio_name)
  File "/home/ubuntu/OpenVoice/openvoice/se_extractor.py", line 29, in split_audio_whisper
    segments = list(segments)
  File "/home/ubuntu/miniconda3/envs/openvoice/lib/python3.9/site-packages/faster_whisper/transcribe.py", line 433, in generate_segments
    ) = self.generate_with_fallback(encoder_output, prompt, tokenizer, options)
  File "/home/ubuntu/miniconda3/envs/openvoice/lib/python3.9/site-packages/faster_whisper/transcribe.py", line 641, in generate_with_fallback
    result = self.model.generate(
RuntimeError: CUDA failed with error out of memory
Traceback (most recent call last):
  File "/home/ubuntu/OpenVoice/job.py", line 334, in <module>
    clone_voice(f"./projects/{i}/{j}")
  File "/home/ubuntu/OpenVoice/job.py", line 201, in clone_voice
    return(convert_color(projectfolder))
  File "/home/ubuntu/OpenVoice/job.py", line 277, in convert_color
    target_se, audio_name = se_extractor.get_se(ref_audio_path, tone_color_converter, vad=False)
  File "/home/ubuntu/OpenVoice/openvoice/se_extractor.py", line 146, in get_se
    wavs_folder = split_audio_whisper(audio_path, target_dir=target_dir, audio_name=audio_name)
  File "/home/ubuntu/OpenVoice/openvoice/se_extractor.py", line 29, in split_audio_whisper
    segments = list(segments)
  File "/home/ubuntu/miniconda3/envs/openvoice/lib/python3.9/site-packages/faster_whisper/transcribe.py", line 433, in generate_segments
    ) = self.generate_with_fallback(encoder_output, prompt, tokenizer, options)
  File "/home/ubuntu/miniconda3/envs/openvoice/lib/python3.9/site-packages/faster_whisper/transcribe.py", line 641, in generate_with_fallback
    result = self.model.generate(
RuntimeError: CUDA failed with error out of memory
Traceback (most recent call last):
  File "/home/ubuntu/OpenVoice/job.py", line 334, in <module>
    clone_voice(f"./projects/{i}/{j}")
  File "/home/ubuntu/OpenVoice/job.py", line 201, in clone_voice
    return(convert_color(projectfolder))
  File "/home/ubuntu/OpenVoice/job.py", line 277, in convert_color
    target_se, audio_name = se_extractor.get_se(ref_audio_path, tone_color_converter, vad=False)
  File "/home/ubuntu/OpenVoice/openvoice/se_extractor.py", line 146, in get_se
    wavs_folder = split_audio_whisper(audio_path, target_dir=target_dir, audio_name=audio_name)
  File "/home/ubuntu/OpenVoice/openvoice/se_extractor.py", line 29, in split_audio_whisper
    segments = list(segments)
  File "/home/ubuntu/miniconda3/envs/openvoice/lib/python3.9/site-packages/faster_whisper/transcribe.py", line 433, in generate_segments
    ) = self.generate_with_fallback(encoder_output, prompt, tokenizer, options)
  File "/home/ubuntu/miniconda3/envs/openvoice/lib/python3.9/site-packages/faster_whisper/transcribe.py", line 641, in generate_with_fallback
    result = self.model.generate(
RuntimeError: CUDA failed with error out of memory
Traceback (most recent call last):
  File "/home/ubuntu/OpenVoice/job.py", line 334, in <module>
    clone_voice(f"./projects/{i}/{j}")
  File "/home/ubuntu/OpenVoice/job.py", line 201, in clone_voice
    return(convert_color(projectfolder))
  File "/home/ubuntu/OpenVoice/job.py", line 277, in convert_color
    target_se, audio_name = se_extractor.get_se(ref_audio_path, tone_color_converter, vad=False)
  File "/home/ubuntu/OpenVoice/openvoice/se_extractor.py", line 146, in get_se
    wavs_folder = split_audio_whisper(audio_path, target_dir=target_dir, audio_name=audio_name)
  File "/home/ubuntu/OpenVoice/openvoice/se_extractor.py", line 29, in split_audio_whisper
    segments = list(segments)
  File "/home/ubuntu/miniconda3/envs/openvoice/lib/python3.9/site-packages/faster_whisper/transcribe.py", line 433, in generate_segments
    ) = self.generate_with_fallback(encoder_output, prompt, tokenizer, options)
  File "/home/ubuntu/miniconda3/envs/openvoice/lib/python3.9/site-packages/faster_whisper/transcribe.py", line 641, in generate_with_fallback
    result = self.model.generate(
RuntimeError: CUDA failed with error out of memory
Traceback (most recent call last):
  File "/home/ubuntu/OpenVoice/job.py", line 334, in <module>
    clone_voice(f"./projects/{i}/{j}")
  File "/home/ubuntu/OpenVoice/job.py", line 201, in clone_voice
    return(convert_color(projectfolder))
  File "/home/ubuntu/OpenVoice/job.py", line 277, in convert_color
    target_se, audio_name = se_extractor.get_se(ref_audio_path, tone_color_converter, vad=False)
  File "/home/ubuntu/OpenVoice/openvoice/se_extractor.py", line 146, in get_se
    wavs_folder = split_audio_whisper(audio_path, target_dir=target_dir, audio_name=audio_name)
  File "/home/ubuntu/OpenVoice/openvoice/se_extractor.py", line 29, in split_audio_whisper
    segments = list(segments)
  File "/home/ubuntu/miniconda3/envs/openvoice/lib/python3.9/site-packages/faster_whisper/transcribe.py", line 433, in generate_segments
    ) = self.generate_with_fallback(encoder_output, prompt, tokenizer, options)
  File "/home/ubuntu/miniconda3/envs/openvoice/lib/python3.9/site-packages/faster_whisper/transcribe.py", line 641, in generate_with_fallback
    result = self.model.generate(
RuntimeError: CUDA failed with error out of memory
Traceback (most recent call last):
  File "/home/ubuntu/OpenVoice/job.py", line 334, in <module>
    clone_voice(f"./projects/{i}/{j}")
  File "/home/ubuntu/OpenVoice/job.py", line 201, in clone_voice
    return(convert_color(projectfolder))
  File "/home/ubuntu/OpenVoice/job.py", line 277, in convert_color
    target_se, audio_name = se_extractor.get_se(ref_audio_path, tone_color_converter, vad=False)
  File "/home/ubuntu/OpenVoice/openvoice/se_extractor.py", line 146, in get_se
    wavs_folder = split_audio_whisper(audio_path, target_dir=target_dir, audio_name=audio_name)
  File "/home/ubuntu/OpenVoice/openvoice/se_extractor.py", line 29, in split_audio_whisper
    segments = list(segments)
  File "/home/ubuntu/miniconda3/envs/openvoice/lib/python3.9/site-packages/faster_whisper/transcribe.py", line 433, in generate_segments
    ) = self.generate_with_fallback(encoder_output, prompt, tokenizer, options)
  File "/home/ubuntu/miniconda3/envs/openvoice/lib/python3.9/site-packages/faster_whisper/transcribe.py", line 641, in generate_with_fallback
    result = self.model.generate(
RuntimeError: CUDA failed with error out of memory
Traceback (most recent call last):
  File "/home/ubuntu/miniconda3/envs/openvoice/lib/python3.9/site-packages/librosa/core/audio.py", line 155, in load
    context = sf.SoundFile(path)
  File "/home/ubuntu/miniconda3/envs/openvoice/lib/python3.9/site-packages/soundfile.py", line 658, in __init__
    self._file = self._open(file, mode_int, closefd)
  File "/home/ubuntu/miniconda3/envs/openvoice/lib/python3.9/site-packages/soundfile.py", line 1216, in _open
    raise LibsndfileError(err, prefix="Error opening {0!r}: ".format(self.name))
soundfile.LibsndfileError: Error opening './projects/b3addb5c-9e1b-4c0d-92c0-ef85d689f57f/0/2_clone_Instant#fa-IR-FaridNeural.mp3': File does not exist or is not a regular file (possibly a pipe?).

During handling of the above exception, another exception occurred:

Traceback (most recent call last):
  File "/home/ubuntu/OpenVoice/job.py", line 334, in <module>
    clone_voice(f"./projects/{i}/{j}")
  File "/home/ubuntu/OpenVoice/job.py", line 201, in clone_voice
    return(convert_color(projectfolder))
  File "/home/ubuntu/OpenVoice/job.py", line 314, in convert_color
    tone_color_converter.convert(
  File "/home/ubuntu/OpenVoice/openvoice/api.py", line 144, in convert
    audio, sample_rate = librosa.load(audio_src_path, sr=hps.data.sampling_rate)
  File "/home/ubuntu/miniconda3/envs/openvoice/lib/python3.9/site-packages/librosa/util/decorators.py", line 88, in inner_f
    return f(*args, **kwargs)
  File "/home/ubuntu/miniconda3/envs/openvoice/lib/python3.9/site-packages/librosa/core/audio.py", line 174, in load
    y, sr_native = __audioread_load(path, offset, duration, dtype)
  File "/home/ubuntu/miniconda3/envs/openvoice/lib/python3.9/site-packages/librosa/core/audio.py", line 198, in __audioread_load
    with audioread.audio_open(path) as input_file:
  File "/home/ubuntu/miniconda3/envs/openvoice/lib/python3.9/site-packages/audioread/__init__.py", line 127, in audio_open
    return BackendClass(path)
  File "/home/ubuntu/miniconda3/envs/openvoice/lib/python3.9/site-packages/audioread/rawread.py", line 62, in __init__
    self._file = aifc.open(self._fh)
  File "/home/ubuntu/miniconda3/envs/openvoice/lib/python3.9/aifc.py", line 917, in open
    return Aifc_read(f)
  File "/home/ubuntu/miniconda3/envs/openvoice/lib/python3.9/aifc.py", line 358, in __init__
    self.initfp(f)
  File "/home/ubuntu/miniconda3/envs/openvoice/lib/python3.9/aifc.py", line 314, in initfp
    chunk = Chunk(file)
  File "/home/ubuntu/miniconda3/envs/openvoice/lib/python3.9/chunk.py", line 63, in __init__
    raise EOFError
EOFError
Traceback (most recent call last):
  File "/home/ubuntu/miniconda3/envs/openvoice/lib/python3.9/site-packages/librosa/core/audio.py", line 155, in load
    context = sf.SoundFile(path)
  File "/home/ubuntu/miniconda3/envs/openvoice/lib/python3.9/site-packages/soundfile.py", line 658, in __init__
    self._file = self._open(file, mode_int, closefd)
  File "/home/ubuntu/miniconda3/envs/openvoice/lib/python3.9/site-packages/soundfile.py", line 1216, in _open
    raise LibsndfileError(err, prefix="Error opening {0!r}: ".format(self.name))
soundfile.LibsndfileError: Error opening './projects/bfa861d4-4279-4838-8507-22f48810f619/0/2_clone_Instant#fa-IR-FaridNeural.mp3': File does not exist or is not a regular file (possibly a pipe?).

During handling of the above exception, another exception occurred:

Traceback (most recent call last):
  File "/home/ubuntu/OpenVoice/job.py", line 334, in <module>
    clone_voice(f"./projects/{i}/{j}")
  File "/home/ubuntu/OpenVoice/job.py", line 201, in clone_voice
    return(convert_color(projectfolder))
  File "/home/ubuntu/OpenVoice/job.py", line 314, in convert_color
    tone_color_converter.convert(
  File "/home/ubuntu/OpenVoice/openvoice/api.py", line 144, in convert
    audio, sample_rate = librosa.load(audio_src_path, sr=hps.data.sampling_rate)
  File "/home/ubuntu/miniconda3/envs/openvoice/lib/python3.9/site-packages/librosa/util/decorators.py", line 88, in inner_f
    return f(*args, **kwargs)
  File "/home/ubuntu/miniconda3/envs/openvoice/lib/python3.9/site-packages/librosa/core/audio.py", line 174, in load
    y, sr_native = __audioread_load(path, offset, duration, dtype)
  File "/home/ubuntu/miniconda3/envs/openvoice/lib/python3.9/site-packages/librosa/core/audio.py", line 198, in __audioread_load
    with audioread.audio_open(path) as input_file:
  File "/home/ubuntu/miniconda3/envs/openvoice/lib/python3.9/site-packages/audioread/__init__.py", line 127, in audio_open
    return BackendClass(path)
  File "/home/ubuntu/miniconda3/envs/openvoice/lib/python3.9/site-packages/audioread/rawread.py", line 62, in __init__
    self._file = aifc.open(self._fh)
  File "/home/ubuntu/miniconda3/envs/openvoice/lib/python3.9/aifc.py", line 917, in open
    return Aifc_read(f)
  File "/home/ubuntu/miniconda3/envs/openvoice/lib/python3.9/aifc.py", line 358, in __init__
    self.initfp(f)
  File "/home/ubuntu/miniconda3/envs/openvoice/lib/python3.9/aifc.py", line 314, in initfp
    chunk = Chunk(file)
  File "/home/ubuntu/miniconda3/envs/openvoice/lib/python3.9/chunk.py", line 63, in __init__
    raise EOFError
EOFError
Traceback (most recent call last):
  File "/home/ubuntu/OpenVoice/job.py", line 334, in <module>
    clone_voice(f"./projects/{i}/{j}")
  File "/home/ubuntu/OpenVoice/job.py", line 201, in clone_voice
    return(convert_color(projectfolder))
  File "/home/ubuntu/OpenVoice/job.py", line 277, in convert_color
    target_se, audio_name = se_extractor.get_se(ref_audio_path, tone_color_converter, vad=False)
  File "/home/ubuntu/OpenVoice/openvoice/se_extractor.py", line 146, in get_se
    wavs_folder = split_audio_whisper(audio_path, target_dir=target_dir, audio_name=audio_name)
  File "/home/ubuntu/OpenVoice/openvoice/se_extractor.py", line 29, in split_audio_whisper
    segments = list(segments)
  File "/home/ubuntu/miniconda3/envs/openvoice/lib/python3.9/site-packages/faster_whisper/transcribe.py", line 433, in generate_segments
    ) = self.generate_with_fallback(encoder_output, prompt, tokenizer, options)
  File "/home/ubuntu/miniconda3/envs/openvoice/lib/python3.9/site-packages/faster_whisper/transcribe.py", line 641, in generate_with_fallback
    result = self.model.generate(
RuntimeError: CUDA failed with error out of memory
Traceback (most recent call last):
  File "/home/ubuntu/OpenVoice/job.py", line 334, in <module>
    clone_voice(f"./projects/{i}/{j}")
  File "/home/ubuntu/OpenVoice/job.py", line 201, in clone_voice
    return(convert_color(projectfolder))
  File "/home/ubuntu/OpenVoice/job.py", line 277, in convert_color
    target_se, audio_name = se_extractor.get_se(ref_audio_path, tone_color_converter, vad=False)
  File "/home/ubuntu/OpenVoice/openvoice/se_extractor.py", line 146, in get_se
    wavs_folder = split_audio_whisper(audio_path, target_dir=target_dir, audio_name=audio_name)
  File "/home/ubuntu/OpenVoice/openvoice/se_extractor.py", line 29, in split_audio_whisper
    segments = list(segments)
  File "/home/ubuntu/miniconda3/envs/openvoice/lib/python3.9/site-packages/faster_whisper/transcribe.py", line 433, in generate_segments
    ) = self.generate_with_fallback(encoder_output, prompt, tokenizer, options)
  File "/home/ubuntu/miniconda3/envs/openvoice/lib/python3.9/site-packages/faster_whisper/transcribe.py", line 641, in generate_with_fallback
    result = self.model.generate(
RuntimeError: CUDA failed with error out of memory
Traceback (most recent call last):
  File "/home/ubuntu/OpenVoice/job.py", line 334, in <module>
    clone_voice(f"./projects/{i}/{j}")
  File "/home/ubuntu/OpenVoice/job.py", line 201, in clone_voice
    return(convert_color(projectfolder))
  File "/home/ubuntu/OpenVoice/job.py", line 277, in convert_color
    target_se, audio_name = se_extractor.get_se(ref_audio_path, tone_color_converter, vad=False)
  File "/home/ubuntu/OpenVoice/openvoice/se_extractor.py", line 146, in get_se
    wavs_folder = split_audio_whisper(audio_path, target_dir=target_dir, audio_name=audio_name)
  File "/home/ubuntu/OpenVoice/openvoice/se_extractor.py", line 29, in split_audio_whisper
    segments = list(segments)
  File "/home/ubuntu/miniconda3/envs/openvoice/lib/python3.9/site-packages/faster_whisper/transcribe.py", line 433, in generate_segments
    ) = self.generate_with_fallback(encoder_output, prompt, tokenizer, options)
  File "/home/ubuntu/miniconda3/envs/openvoice/lib/python3.9/site-packages/faster_whisper/transcribe.py", line 641, in generate_with_fallback
    result = self.model.generate(
RuntimeError: CUDA failed with error out of memory
Traceback (most recent call last):
  File "/home/ubuntu/OpenVoice/job.py", line 334, in <module>
    clone_voice(f"./projects/{i}/{j}")
  File "/home/ubuntu/OpenVoice/job.py", line 201, in clone_voice
    return(convert_color(projectfolder))
  File "/home/ubuntu/OpenVoice/job.py", line 277, in convert_color
    target_se, audio_name = se_extractor.get_se(ref_audio_path, tone_color_converter, vad=False)
  File "/home/ubuntu/OpenVoice/openvoice/se_extractor.py", line 146, in get_se
    wavs_folder = split_audio_whisper(audio_path, target_dir=target_dir, audio_name=audio_name)
  File "/home/ubuntu/OpenVoice/openvoice/se_extractor.py", line 29, in split_audio_whisper
    segments = list(segments)
  File "/home/ubuntu/miniconda3/envs/openvoice/lib/python3.9/site-packages/faster_whisper/transcribe.py", line 433, in generate_segments
    ) = self.generate_with_fallback(encoder_output, prompt, tokenizer, options)
  File "/home/ubuntu/miniconda3/envs/openvoice/lib/python3.9/site-packages/faster_whisper/transcribe.py", line 641, in generate_with_fallback
    result = self.model.generate(
RuntimeError: CUDA failed with error out of memory
Traceback (most recent call last):
  File "/home/ubuntu/OpenVoice/job.py", line 334, in <module>
    clone_voice(f"./projects/{i}/{j}")
  File "/home/ubuntu/OpenVoice/job.py", line 201, in clone_voice
    return(convert_color(projectfolder))
  File "/home/ubuntu/OpenVoice/job.py", line 277, in convert_color
    target_se, audio_name = se_extractor.get_se(ref_audio_path, tone_color_converter, vad=False)
  File "/home/ubuntu/OpenVoice/openvoice/se_extractor.py", line 150, in get_se
    raise NotImplementedError('No audio segments found!')
NotImplementedError: No audio segments found!
Traceback (most recent call last):
  File "/home/ubuntu/OpenVoice/job.py", line 334, in <module>
    clone_voice(f"./projects/{i}/{j}")
  File "/home/ubuntu/OpenVoice/job.py", line 201, in clone_voice
    return(convert_color(projectfolder))
  File "/home/ubuntu/OpenVoice/job.py", line 277, in convert_color
    target_se, audio_name = se_extractor.get_se(ref_audio_path, tone_color_converter, vad=False)
  File "/home/ubuntu/OpenVoice/openvoice/se_extractor.py", line 146, in get_se
    wavs_folder = split_audio_whisper(audio_path, target_dir=target_dir, audio_name=audio_name)
  File "/home/ubuntu/OpenVoice/openvoice/se_extractor.py", line 29, in split_audio_whisper
    segments = list(segments)
  File "/home/ubuntu/miniconda3/envs/openvoice/lib/python3.9/site-packages/faster_whisper/transcribe.py", line 433, in generate_segments
    ) = self.generate_with_fallback(encoder_output, prompt, tokenizer, options)
  File "/home/ubuntu/miniconda3/envs/openvoice/lib/python3.9/site-packages/faster_whisper/transcribe.py", line 641, in generate_with_fallback
    result = self.model.generate(
RuntimeError: CUDA failed with error out of memory
Traceback (most recent call last):
  File "/home/ubuntu/OpenVoice/job.py", line 334, in <module>
    clone_voice(f"./projects/{i}/{j}")
  File "/home/ubuntu/OpenVoice/job.py", line 201, in clone_voice
    return(convert_color(projectfolder))
  File "/home/ubuntu/OpenVoice/job.py", line 277, in convert_color
    target_se, audio_name = se_extractor.get_se(ref_audio_path, tone_color_converter, vad=False)
  File "/home/ubuntu/OpenVoice/openvoice/se_extractor.py", line 146, in get_se
    wavs_folder = split_audio_whisper(audio_path, target_dir=target_dir, audio_name=audio_name)
  File "/home/ubuntu/OpenVoice/openvoice/se_extractor.py", line 29, in split_audio_whisper
    segments = list(segments)
  File "/home/ubuntu/miniconda3/envs/openvoice/lib/python3.9/site-packages/faster_whisper/transcribe.py", line 433, in generate_segments
    ) = self.generate_with_fallback(encoder_output, prompt, tokenizer, options)
  File "/home/ubuntu/miniconda3/envs/openvoice/lib/python3.9/site-packages/faster_whisper/transcribe.py", line 641, in generate_with_fallback
    result = self.model.generate(
RuntimeError: CUDA failed with error out of memory
Traceback (most recent call last):
  File "/home/ubuntu/OpenVoice/job.py", line 334, in <module>
    clone_voice(f"./projects/{i}/{j}")
  File "/home/ubuntu/OpenVoice/job.py", line 201, in clone_voice
    return(convert_color(projectfolder))
  File "/home/ubuntu/OpenVoice/job.py", line 277, in convert_color
    target_se, audio_name = se_extractor.get_se(ref_audio_path, tone_color_converter, vad=False)
  File "/home/ubuntu/OpenVoice/openvoice/se_extractor.py", line 146, in get_se
    wavs_folder = split_audio_whisper(audio_path, target_dir=target_dir, audio_name=audio_name)
  File "/home/ubuntu/OpenVoice/openvoice/se_extractor.py", line 29, in split_audio_whisper
    segments = list(segments)
  File "/home/ubuntu/miniconda3/envs/openvoice/lib/python3.9/site-packages/faster_whisper/transcribe.py", line 433, in generate_segments
    ) = self.generate_with_fallback(encoder_output, prompt, tokenizer, options)
  File "/home/ubuntu/miniconda3/envs/openvoice/lib/python3.9/site-packages/faster_whisper/transcribe.py", line 641, in generate_with_fallback
    result = self.model.generate(
RuntimeError: CUDA failed with error out of memory
Traceback (most recent call last):
  File "/home/ubuntu/OpenVoice/job.py", line 334, in <module>
    clone_voice(f"./projects/{i}/{j}")
  File "/home/ubuntu/OpenVoice/job.py", line 201, in clone_voice
    return(convert_color(projectfolder))
  File "/home/ubuntu/OpenVoice/job.py", line 277, in convert_color
    target_se, audio_name = se_extractor.get_se(ref_audio_path, tone_color_converter, vad=False)
  File "/home/ubuntu/OpenVoice/openvoice/se_extractor.py", line 146, in get_se
    wavs_folder = split_audio_whisper(audio_path, target_dir=target_dir, audio_name=audio_name)
  File "/home/ubuntu/OpenVoice/openvoice/se_extractor.py", line 29, in split_audio_whisper
    segments = list(segments)
  File "/home/ubuntu/miniconda3/envs/openvoice/lib/python3.9/site-packages/faster_whisper/transcribe.py", line 433, in generate_segments
    ) = self.generate_with_fallback(encoder_output, prompt, tokenizer, options)
  File "/home/ubuntu/miniconda3/envs/openvoice/lib/python3.9/site-packages/faster_whisper/transcribe.py", line 641, in generate_with_fallback
    result = self.model.generate(
RuntimeError: CUDA failed with error out of memory
Traceback (most recent call last):
  File "/home/ubuntu/OpenVoice/job.py", line 334, in <module>
    clone_voice(f"./projects/{i}/{j}")
  File "/home/ubuntu/OpenVoice/job.py", line 201, in clone_voice
    return(convert_color(projectfolder))
  File "/home/ubuntu/OpenVoice/job.py", line 277, in convert_color
    target_se, audio_name = se_extractor.get_se(ref_audio_path, tone_color_converter, vad=False)
  File "/home/ubuntu/OpenVoice/openvoice/se_extractor.py", line 146, in get_se
    wavs_folder = split_audio_whisper(audio_path, target_dir=target_dir, audio_name=audio_name)
  File "/home/ubuntu/OpenVoice/openvoice/se_extractor.py", line 29, in split_audio_whisper
    segments = list(segments)
  File "/home/ubuntu/miniconda3/envs/openvoice/lib/python3.9/site-packages/faster_whisper/transcribe.py", line 433, in generate_segments
    ) = self.generate_with_fallback(encoder_output, prompt, tokenizer, options)
  File "/home/ubuntu/miniconda3/envs/openvoice/lib/python3.9/site-packages/faster_whisper/transcribe.py", line 641, in generate_with_fallback
    result = self.model.generate(
RuntimeError: CUDA failed with error out of memory
Traceback (most recent call last):
  File "/home/ubuntu/OpenVoice/job.py", line 334, in <module>
    clone_voice(f"./projects/{i}/{j}")
  File "/home/ubuntu/OpenVoice/job.py", line 201, in clone_voice
    return(convert_color(projectfolder))
  File "/home/ubuntu/OpenVoice/job.py", line 277, in convert_color
    target_se, audio_name = se_extractor.get_se(ref_audio_path, tone_color_converter, vad=False)
  File "/home/ubuntu/OpenVoice/openvoice/se_extractor.py", line 146, in get_se
    wavs_folder = split_audio_whisper(audio_path, target_dir=target_dir, audio_name=audio_name)
  File "/home/ubuntu/OpenVoice/openvoice/se_extractor.py", line 29, in split_audio_whisper
    segments = list(segments)
  File "/home/ubuntu/miniconda3/envs/openvoice/lib/python3.9/site-packages/faster_whisper/transcribe.py", line 433, in generate_segments
    ) = self.generate_with_fallback(encoder_output, prompt, tokenizer, options)
  File "/home/ubuntu/miniconda3/envs/openvoice/lib/python3.9/site-packages/faster_whisper/transcribe.py", line 641, in generate_with_fallback
    result = self.model.generate(
RuntimeError: CUDA failed with error out of memory
Traceback (most recent call last):
  File "/home/ubuntu/OpenVoice/job.py", line 334, in <module>
    clone_voice(f"./projects/{i}/{j}")
  File "/home/ubuntu/OpenVoice/job.py", line 201, in clone_voice
    return(convert_color(projectfolder))
  File "/home/ubuntu/OpenVoice/job.py", line 277, in convert_color
    target_se, audio_name = se_extractor.get_se(ref_audio_path, tone_color_converter, vad=False)
  File "/home/ubuntu/OpenVoice/openvoice/se_extractor.py", line 146, in get_se
    wavs_folder = split_audio_whisper(audio_path, target_dir=target_dir, audio_name=audio_name)
  File "/home/ubuntu/OpenVoice/openvoice/se_extractor.py", line 29, in split_audio_whisper
    segments = list(segments)
  File "/home/ubuntu/miniconda3/envs/openvoice/lib/python3.9/site-packages/faster_whisper/transcribe.py", line 433, in generate_segments
    ) = self.generate_with_fallback(encoder_output, prompt, tokenizer, options)
  File "/home/ubuntu/miniconda3/envs/openvoice/lib/python3.9/site-packages/faster_whisper/transcribe.py", line 641, in generate_with_fallback
    result = self.model.generate(
RuntimeError: CUDA failed with error out of memory
Traceback (most recent call last):
  File "/home/ubuntu/OpenVoice/job.py", line 334, in <module>
    clone_voice(f"./projects/{i}/{j}")
  File "/home/ubuntu/OpenVoice/job.py", line 201, in clone_voice
    return(convert_color(projectfolder))
  File "/home/ubuntu/OpenVoice/job.py", line 277, in convert_color
    target_se, audio_name = se_extractor.get_se(ref_audio_path, tone_color_converter, vad=False)
  File "/home/ubuntu/OpenVoice/openvoice/se_extractor.py", line 146, in get_se
    wavs_folder = split_audio_whisper(audio_path, target_dir=target_dir, audio_name=audio_name)
  File "/home/ubuntu/OpenVoice/openvoice/se_extractor.py", line 29, in split_audio_whisper
    segments = list(segments)
  File "/home/ubuntu/miniconda3/envs/openvoice/lib/python3.9/site-packages/faster_whisper/transcribe.py", line 433, in generate_segments
    ) = self.generate_with_fallback(encoder_output, prompt, tokenizer, options)
  File "/home/ubuntu/miniconda3/envs/openvoice/lib/python3.9/site-packages/faster_whisper/transcribe.py", line 641, in generate_with_fallback
    result = self.model.generate(
RuntimeError: CUDA failed with error out of memory
Traceback (most recent call last):
  File "/home/ubuntu/OpenVoice/job.py", line 334, in <module>
    clone_voice(f"./projects/{i}/{j}")
  File "/home/ubuntu/OpenVoice/job.py", line 201, in clone_voice
    return(convert_color(projectfolder))
  File "/home/ubuntu/OpenVoice/job.py", line 277, in convert_color
    target_se, audio_name = se_extractor.get_se(ref_audio_path, tone_color_converter, vad=False)
  File "/home/ubuntu/OpenVoice/openvoice/se_extractor.py", line 146, in get_se
    wavs_folder = split_audio_whisper(audio_path, target_dir=target_dir, audio_name=audio_name)
  File "/home/ubuntu/OpenVoice/openvoice/se_extractor.py", line 29, in split_audio_whisper
    segments = list(segments)
  File "/home/ubuntu/miniconda3/envs/openvoice/lib/python3.9/site-packages/faster_whisper/transcribe.py", line 433, in generate_segments
    ) = self.generate_with_fallback(encoder_output, prompt, tokenizer, options)
  File "/home/ubuntu/miniconda3/envs/openvoice/lib/python3.9/site-packages/faster_whisper/transcribe.py", line 641, in generate_with_fallback
    result = self.model.generate(
RuntimeError: CUDA failed with error out of memory
Traceback (most recent call last):
  File "/home/ubuntu/OpenVoice/job.py", line 334, in <module>
    clone_voice(f"./projects/{i}/{j}")
  File "/home/ubuntu/OpenVoice/job.py", line 201, in clone_voice
    return(convert_color(projectfolder))
  File "/home/ubuntu/OpenVoice/job.py", line 277, in convert_color
    target_se, audio_name = se_extractor.get_se(ref_audio_path, tone_color_converter, vad=False)
  File "/home/ubuntu/OpenVoice/openvoice/se_extractor.py", line 146, in get_se
    wavs_folder = split_audio_whisper(audio_path, target_dir=target_dir, audio_name=audio_name)
  File "/home/ubuntu/OpenVoice/openvoice/se_extractor.py", line 29, in split_audio_whisper
    segments = list(segments)
  File "/home/ubuntu/miniconda3/envs/openvoice/lib/python3.9/site-packages/faster_whisper/transcribe.py", line 433, in generate_segments
    ) = self.generate_with_fallback(encoder_output, prompt, tokenizer, options)
  File "/home/ubuntu/miniconda3/envs/openvoice/lib/python3.9/site-packages/faster_whisper/transcribe.py", line 641, in generate_with_fallback
    result = self.model.generate(
RuntimeError: CUDA failed with error out of memory
Traceback (most recent call last):
  File "/home/ubuntu/OpenVoice/job.py", line 334, in <module>
    clone_voice(f"./projects/{i}/{j}")
  File "/home/ubuntu/OpenVoice/job.py", line 201, in clone_voice
    return(convert_color(projectfolder))
  File "/home/ubuntu/OpenVoice/job.py", line 277, in convert_color
    target_se, audio_name = se_extractor.get_se(ref_audio_path, tone_color_converter, vad=False)
  File "/home/ubuntu/OpenVoice/openvoice/se_extractor.py", line 146, in get_se
    wavs_folder = split_audio_whisper(audio_path, target_dir=target_dir, audio_name=audio_name)
  File "/home/ubuntu/OpenVoice/openvoice/se_extractor.py", line 29, in split_audio_whisper
    segments = list(segments)
  File "/home/ubuntu/miniconda3/envs/openvoice/lib/python3.9/site-packages/faster_whisper/transcribe.py", line 433, in generate_segments
    ) = self.generate_with_fallback(encoder_output, prompt, tokenizer, options)
  File "/home/ubuntu/miniconda3/envs/openvoice/lib/python3.9/site-packages/faster_whisper/transcribe.py", line 641, in generate_with_fallback
    result = self.model.generate(
RuntimeError: CUDA failed with error out of memory
Traceback (most recent call last):
  File "/home/ubuntu/OpenVoice/job.py", line 334, in <module>
    clone_voice(f"./projects/{i}/{j}")
  File "/home/ubuntu/OpenVoice/job.py", line 201, in clone_voice
    return(convert_color(projectfolder))
  File "/home/ubuntu/OpenVoice/job.py", line 277, in convert_color
    target_se, audio_name = se_extractor.get_se(ref_audio_path, tone_color_converter, vad=False)
  File "/home/ubuntu/OpenVoice/openvoice/se_extractor.py", line 146, in get_se
    wavs_folder = split_audio_whisper(audio_path, target_dir=target_dir, audio_name=audio_name)
  File "/home/ubuntu/OpenVoice/openvoice/se_extractor.py", line 29, in split_audio_whisper
    segments = list(segments)
  File "/home/ubuntu/miniconda3/envs/openvoice/lib/python3.9/site-packages/faster_whisper/transcribe.py", line 433, in generate_segments
    ) = self.generate_with_fallback(encoder_output, prompt, tokenizer, options)
  File "/home/ubuntu/miniconda3/envs/openvoice/lib/python3.9/site-packages/faster_whisper/transcribe.py", line 641, in generate_with_fallback
    result = self.model.generate(
RuntimeError: CUDA failed with error out of memory
Traceback (most recent call last):
  File "/home/ubuntu/OpenVoice/job.py", line 334, in <module>
    clone_voice(f"./projects/{i}/{j}")
  File "/home/ubuntu/OpenVoice/job.py", line 201, in clone_voice
    return(convert_color(projectfolder))
  File "/home/ubuntu/OpenVoice/job.py", line 277, in convert_color
    target_se, audio_name = se_extractor.get_se(ref_audio_path, tone_color_converter, vad=False)
  File "/home/ubuntu/OpenVoice/openvoice/se_extractor.py", line 146, in get_se
    wavs_folder = split_audio_whisper(audio_path, target_dir=target_dir, audio_name=audio_name)
  File "/home/ubuntu/OpenVoice/openvoice/se_extractor.py", line 29, in split_audio_whisper
    segments = list(segments)
  File "/home/ubuntu/miniconda3/envs/openvoice/lib/python3.9/site-packages/faster_whisper/transcribe.py", line 433, in generate_segments
    ) = self.generate_with_fallback(encoder_output, prompt, tokenizer, options)
  File "/home/ubuntu/miniconda3/envs/openvoice/lib/python3.9/site-packages/faster_whisper/transcribe.py", line 641, in generate_with_fallback
    result = self.model.generate(
RuntimeError: CUDA failed with error out of memory
Traceback (most recent call last):
  File "/home/ubuntu/OpenVoice/job.py", line 334, in <module>
    clone_voice(f"./projects/{i}/{j}")
  File "/home/ubuntu/OpenVoice/job.py", line 201, in clone_voice
    return(convert_color(projectfolder))
  File "/home/ubuntu/OpenVoice/job.py", line 277, in convert_color
    target_se, audio_name = se_extractor.get_se(ref_audio_path, tone_color_converter, vad=False)
  File "/home/ubuntu/OpenVoice/openvoice/se_extractor.py", line 146, in get_se
    wavs_folder = split_audio_whisper(audio_path, target_dir=target_dir, audio_name=audio_name)
  File "/home/ubuntu/OpenVoice/openvoice/se_extractor.py", line 29, in split_audio_whisper
    segments = list(segments)
  File "/home/ubuntu/miniconda3/envs/openvoice/lib/python3.9/site-packages/faster_whisper/transcribe.py", line 433, in generate_segments
    ) = self.generate_with_fallback(encoder_output, prompt, tokenizer, options)
  File "/home/ubuntu/miniconda3/envs/openvoice/lib/python3.9/site-packages/faster_whisper/transcribe.py", line 641, in generate_with_fallback
    result = self.model.generate(
RuntimeError: CUDA failed with error out of memory
Traceback (most recent call last):
  File "/home/ubuntu/OpenVoice/job.py", line 334, in <module>
    clone_voice(f"./projects/{i}/{j}")
  File "/home/ubuntu/OpenVoice/job.py", line 201, in clone_voice
    return(convert_color(projectfolder))
  File "/home/ubuntu/OpenVoice/job.py", line 277, in convert_color
    target_se, audio_name = se_extractor.get_se(ref_audio_path, tone_color_converter, vad=False)
  File "/home/ubuntu/OpenVoice/openvoice/se_extractor.py", line 146, in get_se
    wavs_folder = split_audio_whisper(audio_path, target_dir=target_dir, audio_name=audio_name)
  File "/home/ubuntu/OpenVoice/openvoice/se_extractor.py", line 29, in split_audio_whisper
    segments = list(segments)
  File "/home/ubuntu/miniconda3/envs/openvoice/lib/python3.9/site-packages/faster_whisper/transcribe.py", line 433, in generate_segments
    ) = self.generate_with_fallback(encoder_output, prompt, tokenizer, options)
  File "/home/ubuntu/miniconda3/envs/openvoice/lib/python3.9/site-packages/faster_whisper/transcribe.py", line 641, in generate_with_fallback
    result = self.model.generate(
RuntimeError: CUDA failed with error out of memory
Traceback (most recent call last):
  File "/home/ubuntu/OpenVoice/job.py", line 334, in <module>
    clone_voice(f"./projects/{i}/{j}")
  File "/home/ubuntu/OpenVoice/job.py", line 201, in clone_voice
    return(convert_color(projectfolder))
  File "/home/ubuntu/OpenVoice/job.py", line 277, in convert_color
    target_se, audio_name = se_extractor.get_se(ref_audio_path, tone_color_converter, vad=False)
  File "/home/ubuntu/OpenVoice/openvoice/se_extractor.py", line 146, in get_se
    wavs_folder = split_audio_whisper(audio_path, target_dir=target_dir, audio_name=audio_name)
  File "/home/ubuntu/OpenVoice/openvoice/se_extractor.py", line 29, in split_audio_whisper
    segments = list(segments)
  File "/home/ubuntu/miniconda3/envs/openvoice/lib/python3.9/site-packages/faster_whisper/transcribe.py", line 433, in generate_segments
    ) = self.generate_with_fallback(encoder_output, prompt, tokenizer, options)
  File "/home/ubuntu/miniconda3/envs/openvoice/lib/python3.9/site-packages/faster_whisper/transcribe.py", line 641, in generate_with_fallback
    result = self.model.generate(
RuntimeError: CUDA failed with error out of memory
Traceback (most recent call last):
  File "/home/ubuntu/OpenVoice/job.py", line 334, in <module>
    clone_voice(f"./projects/{i}/{j}")
  File "/home/ubuntu/OpenVoice/job.py", line 201, in clone_voice
    return(convert_color(projectfolder))
  File "/home/ubuntu/OpenVoice/job.py", line 277, in convert_color
    target_se, audio_name = se_extractor.get_se(ref_audio_path, tone_color_converter, vad=False)
  File "/home/ubuntu/OpenVoice/openvoice/se_extractor.py", line 146, in get_se
    wavs_folder = split_audio_whisper(audio_path, target_dir=target_dir, audio_name=audio_name)
  File "/home/ubuntu/OpenVoice/openvoice/se_extractor.py", line 29, in split_audio_whisper
    segments = list(segments)
  File "/home/ubuntu/miniconda3/envs/openvoice/lib/python3.9/site-packages/faster_whisper/transcribe.py", line 433, in generate_segments
    ) = self.generate_with_fallback(encoder_output, prompt, tokenizer, options)
  File "/home/ubuntu/miniconda3/envs/openvoice/lib/python3.9/site-packages/faster_whisper/transcribe.py", line 641, in generate_with_fallback
    result = self.model.generate(
RuntimeError: CUDA failed with error out of memory
Traceback (most recent call last):
  File "/home/ubuntu/OpenVoice/job.py", line 334, in <module>
    clone_voice(f"./projects/{i}/{j}")
  File "/home/ubuntu/OpenVoice/job.py", line 201, in clone_voice
    return(convert_color(projectfolder))
  File "/home/ubuntu/OpenVoice/job.py", line 277, in convert_color
    target_se, audio_name = se_extractor.get_se(ref_audio_path, tone_color_converter, vad=False)
  File "/home/ubuntu/OpenVoice/openvoice/se_extractor.py", line 146, in get_se
    wavs_folder = split_audio_whisper(audio_path, target_dir=target_dir, audio_name=audio_name)
  File "/home/ubuntu/OpenVoice/openvoice/se_extractor.py", line 29, in split_audio_whisper
    segments = list(segments)
  File "/home/ubuntu/miniconda3/envs/openvoice/lib/python3.9/site-packages/faster_whisper/transcribe.py", line 433, in generate_segments
    ) = self.generate_with_fallback(encoder_output, prompt, tokenizer, options)
  File "/home/ubuntu/miniconda3/envs/openvoice/lib/python3.9/site-packages/faster_whisper/transcribe.py", line 641, in generate_with_fallback
    result = self.model.generate(
RuntimeError: CUDA failed with error out of memory
Traceback (most recent call last):
  File "/home/ubuntu/OpenVoice/job.py", line 334, in <module>
    clone_voice(f"./projects/{i}/{j}")
  File "/home/ubuntu/OpenVoice/job.py", line 201, in clone_voice
    return(convert_color(projectfolder))
  File "/home/ubuntu/OpenVoice/job.py", line 277, in convert_color
    target_se, audio_name = se_extractor.get_se(ref_audio_path, tone_color_converter, vad=False)
  File "/home/ubuntu/OpenVoice/openvoice/se_extractor.py", line 146, in get_se
    wavs_folder = split_audio_whisper(audio_path, target_dir=target_dir, audio_name=audio_name)
  File "/home/ubuntu/OpenVoice/openvoice/se_extractor.py", line 29, in split_audio_whisper
    segments = list(segments)
  File "/home/ubuntu/miniconda3/envs/openvoice/lib/python3.9/site-packages/faster_whisper/transcribe.py", line 433, in generate_segments
    ) = self.generate_with_fallback(encoder_output, prompt, tokenizer, options)
  File "/home/ubuntu/miniconda3/envs/openvoice/lib/python3.9/site-packages/faster_whisper/transcribe.py", line 641, in generate_with_fallback
    result = self.model.generate(
RuntimeError: CUDA failed with error out of memory
Traceback (most recent call last):
  File "/home/ubuntu/OpenVoice/job.py", line 334, in <module>
    clone_voice(f"./projects/{i}/{j}")
  File "/home/ubuntu/OpenVoice/job.py", line 201, in clone_voice
    return(convert_color(projectfolder))
  File "/home/ubuntu/OpenVoice/job.py", line 277, in convert_color
    target_se, audio_name = se_extractor.get_se(ref_audio_path, tone_color_converter, vad=False)
  File "/home/ubuntu/OpenVoice/openvoice/se_extractor.py", line 146, in get_se
    wavs_folder = split_audio_whisper(audio_path, target_dir=target_dir, audio_name=audio_name)
  File "/home/ubuntu/OpenVoice/openvoice/se_extractor.py", line 29, in split_audio_whisper
    segments = list(segments)
  File "/home/ubuntu/miniconda3/envs/openvoice/lib/python3.9/site-packages/faster_whisper/transcribe.py", line 433, in generate_segments
    ) = self.generate_with_fallback(encoder_output, prompt, tokenizer, options)
  File "/home/ubuntu/miniconda3/envs/openvoice/lib/python3.9/site-packages/faster_whisper/transcribe.py", line 641, in generate_with_fallback
    result = self.model.generate(
RuntimeError: CUDA failed with error out of memory
Traceback (most recent call last):
  File "/home/ubuntu/OpenVoice/job.py", line 279, in convert_color
    source_se = torch.load(f'checkpoints_v2/google_base_speakers/models/{voicecode}.pth', map_location=device)
  File "/home/ubuntu/miniconda3/envs/openvoice/lib/python3.9/site-packages/torch/serialization.py", line 997, in load
    with _open_file_like(f, 'rb') as opened_file:
  File "/home/ubuntu/miniconda3/envs/openvoice/lib/python3.9/site-packages/torch/serialization.py", line 444, in _open_file_like
    return _open_file(name_or_buffer, mode)
  File "/home/ubuntu/miniconda3/envs/openvoice/lib/python3.9/site-packages/torch/serialization.py", line 425, in __init__
    super().__init__(open(name, mode))
FileNotFoundError: [Errno 2] No such file or directory: 'checkpoints_v2/google_base_speakers/models/sr-Latn-RS-NicholasNeural.pth'

During handling of the above exception, another exception occurred:

Traceback (most recent call last):
  File "/home/ubuntu/miniconda3/envs/openvoice/lib/python3.9/site-packages/librosa/core/audio.py", line 155, in load
    context = sf.SoundFile(path)
  File "/home/ubuntu/miniconda3/envs/openvoice/lib/python3.9/site-packages/soundfile.py", line 658, in __init__
    self._file = self._open(file, mode_int, closefd)
  File "/home/ubuntu/miniconda3/envs/openvoice/lib/python3.9/site-packages/soundfile.py", line 1216, in _open
    raise LibsndfileError(err, prefix="Error opening {0!r}: ".format(self.name))
soundfile.LibsndfileError: Error opening 'checkpoints_v2/google_base_speakers/src/sr-Latn-RS-NicholasNeural.mp3': File does not exist or is not a regular file (possibly a pipe?).

During handling of the above exception, another exception occurred:

Traceback (most recent call last):
  File "/home/ubuntu/OpenVoice/job.py", line 334, in <module>
    clone_voice(f"./projects/{i}/{j}")
  File "/home/ubuntu/OpenVoice/job.py", line 201, in clone_voice
    return(convert_color(projectfolder))
  File "/home/ubuntu/OpenVoice/job.py", line 301, in convert_color
    source_se, audio_name = se_extractor.get_se(f"checkpoints_v2/google_base_speakers/src/{voicecode}.mp3", tone_color_converter, vad=True)
  File "/home/ubuntu/OpenVoice/openvoice/se_extractor.py", line 134, in get_se
    audio_name = f"{os.path.basename(audio_path).rsplit('.', 1)[0]}_{version}_{hash_numpy_array(audio_path)}"
  File "/home/ubuntu/OpenVoice/openvoice/se_extractor.py", line 119, in hash_numpy_array
    array, _ = librosa.load(audio_path, sr=None, mono=True)
  File "/home/ubuntu/miniconda3/envs/openvoice/lib/python3.9/site-packages/librosa/util/decorators.py", line 88, in inner_f
    return f(*args, **kwargs)
  File "/home/ubuntu/miniconda3/envs/openvoice/lib/python3.9/site-packages/librosa/core/audio.py", line 174, in load
    y, sr_native = __audioread_load(path, offset, duration, dtype)
  File "/home/ubuntu/miniconda3/envs/openvoice/lib/python3.9/site-packages/librosa/core/audio.py", line 198, in __audioread_load
    with audioread.audio_open(path) as input_file:
  File "/home/ubuntu/miniconda3/envs/openvoice/lib/python3.9/site-packages/audioread/__init__.py", line 127, in audio_open
    return BackendClass(path)
  File "/home/ubuntu/miniconda3/envs/openvoice/lib/python3.9/site-packages/audioread/rawread.py", line 62, in __init__
    self._file = aifc.open(self._fh)
  File "/home/ubuntu/miniconda3/envs/openvoice/lib/python3.9/aifc.py", line 917, in open
    return Aifc_read(f)
  File "/home/ubuntu/miniconda3/envs/openvoice/lib/python3.9/aifc.py", line 358, in __init__
    self.initfp(f)
  File "/home/ubuntu/miniconda3/envs/openvoice/lib/python3.9/aifc.py", line 314, in initfp
    chunk = Chunk(file)
  File "/home/ubuntu/miniconda3/envs/openvoice/lib/python3.9/chunk.py", line 63, in __init__
    raise EOFError
EOFError
Traceback (most recent call last):
  File "/home/ubuntu/OpenVoice/job.py", line 279, in convert_color
    source_se = torch.load(f'checkpoints_v2/google_base_speakers/models/{voicecode}.pth', map_location=device)
  File "/home/ubuntu/miniconda3/envs/openvoice/lib/python3.9/site-packages/torch/serialization.py", line 997, in load
    with _open_file_like(f, 'rb') as opened_file:
  File "/home/ubuntu/miniconda3/envs/openvoice/lib/python3.9/site-packages/torch/serialization.py", line 444, in _open_file_like
    return _open_file(name_or_buffer, mode)
  File "/home/ubuntu/miniconda3/envs/openvoice/lib/python3.9/site-packages/torch/serialization.py", line 425, in __init__
    super().__init__(open(name, mode))
FileNotFoundError: [Errno 2] No such file or directory: 'checkpoints_v2/google_base_speakers/models/sr-Latn-RS-NicholasNeural.pth'

During handling of the above exception, another exception occurred:

Traceback (most recent call last):
  File "/home/ubuntu/miniconda3/envs/openvoice/lib/python3.9/site-packages/librosa/core/audio.py", line 155, in load
    context = sf.SoundFile(path)
  File "/home/ubuntu/miniconda3/envs/openvoice/lib/python3.9/site-packages/soundfile.py", line 658, in __init__
    self._file = self._open(file, mode_int, closefd)
  File "/home/ubuntu/miniconda3/envs/openvoice/lib/python3.9/site-packages/soundfile.py", line 1216, in _open
    raise LibsndfileError(err, prefix="Error opening {0!r}: ".format(self.name))
soundfile.LibsndfileError: Error opening 'checkpoints_v2/google_base_speakers/src/sr-Latn-RS-NicholasNeural.mp3': File does not exist or is not a regular file (possibly a pipe?).

During handling of the above exception, another exception occurred:

Traceback (most recent call last):
  File "/home/ubuntu/OpenVoice/job.py", line 334, in <module>
    clone_voice(f"./projects/{i}/{j}")
  File "/home/ubuntu/OpenVoice/job.py", line 201, in clone_voice
    return(convert_color(projectfolder))
  File "/home/ubuntu/OpenVoice/job.py", line 301, in convert_color
    source_se, audio_name = se_extractor.get_se(f"checkpoints_v2/google_base_speakers/src/{voicecode}.mp3", tone_color_converter, vad=True)
  File "/home/ubuntu/OpenVoice/openvoice/se_extractor.py", line 134, in get_se
    audio_name = f"{os.path.basename(audio_path).rsplit('.', 1)[0]}_{version}_{hash_numpy_array(audio_path)}"
  File "/home/ubuntu/OpenVoice/openvoice/se_extractor.py", line 119, in hash_numpy_array
    array, _ = librosa.load(audio_path, sr=None, mono=True)
  File "/home/ubuntu/miniconda3/envs/openvoice/lib/python3.9/site-packages/librosa/util/decorators.py", line 88, in inner_f
    return f(*args, **kwargs)
  File "/home/ubuntu/miniconda3/envs/openvoice/lib/python3.9/site-packages/librosa/core/audio.py", line 174, in load
    y, sr_native = __audioread_load(path, offset, duration, dtype)
  File "/home/ubuntu/miniconda3/envs/openvoice/lib/python3.9/site-packages/librosa/core/audio.py", line 198, in __audioread_load
    with audioread.audio_open(path) as input_file:
  File "/home/ubuntu/miniconda3/envs/openvoice/lib/python3.9/site-packages/audioread/__init__.py", line 127, in audio_open
    return BackendClass(path)
  File "/home/ubuntu/miniconda3/envs/openvoice/lib/python3.9/site-packages/audioread/rawread.py", line 62, in __init__
    self._file = aifc.open(self._fh)
  File "/home/ubuntu/miniconda3/envs/openvoice/lib/python3.9/aifc.py", line 917, in open
    return Aifc_read(f)
  File "/home/ubuntu/miniconda3/envs/openvoice/lib/python3.9/aifc.py", line 358, in __init__
    self.initfp(f)
  File "/home/ubuntu/miniconda3/envs/openvoice/lib/python3.9/aifc.py", line 314, in initfp
    chunk = Chunk(file)
  File "/home/ubuntu/miniconda3/envs/openvoice/lib/python3.9/chunk.py", line 63, in __init__
    raise EOFError
EOFError
Traceback (most recent call last):
  File "/home/ubuntu/OpenVoice/job.py", line 334, in <module>
    clone_voice(f"./projects/{i}/{j}")
  File "/home/ubuntu/OpenVoice/job.py", line 201, in clone_voice
    return(convert_color(projectfolder))
  File "/home/ubuntu/OpenVoice/job.py", line 277, in convert_color
    target_se, audio_name = se_extractor.get_se(ref_audio_path, tone_color_converter, vad=False)
  File "/home/ubuntu/OpenVoice/openvoice/se_extractor.py", line 146, in get_se
    wavs_folder = split_audio_whisper(audio_path, target_dir=target_dir, audio_name=audio_name)
  File "/home/ubuntu/OpenVoice/openvoice/se_extractor.py", line 29, in split_audio_whisper
    segments = list(segments)
  File "/home/ubuntu/miniconda3/envs/openvoice/lib/python3.9/site-packages/faster_whisper/transcribe.py", line 433, in generate_segments
    ) = self.generate_with_fallback(encoder_output, prompt, tokenizer, options)
  File "/home/ubuntu/miniconda3/envs/openvoice/lib/python3.9/site-packages/faster_whisper/transcribe.py", line 641, in generate_with_fallback
    result = self.model.generate(
RuntimeError: CUDA failed with error out of memory
Traceback (most recent call last):
  File "/home/ubuntu/OpenVoice/job.py", line 279, in convert_color
    source_se = torch.load(f'checkpoints_v2/google_base_speakers/models/{voicecode}.pth', map_location=device)
  File "/home/ubuntu/miniconda3/envs/openvoice/lib/python3.9/site-packages/torch/serialization.py", line 997, in load
    with _open_file_like(f, 'rb') as opened_file:
  File "/home/ubuntu/miniconda3/envs/openvoice/lib/python3.9/site-packages/torch/serialization.py", line 444, in _open_file_like
    return _open_file(name_or_buffer, mode)
  File "/home/ubuntu/miniconda3/envs/openvoice/lib/python3.9/site-packages/torch/serialization.py", line 425, in __init__
    super().__init__(open(name, mode))
FileNotFoundError: [Errno 2] No such file or directory: 'checkpoints_v2/google_base_speakers/models/sr-Latn-RS-NicholasNeural.pth'

During handling of the above exception, another exception occurred:

Traceback (most recent call last):
  File "/home/ubuntu/miniconda3/envs/openvoice/lib/python3.9/site-packages/librosa/core/audio.py", line 155, in load
    context = sf.SoundFile(path)
  File "/home/ubuntu/miniconda3/envs/openvoice/lib/python3.9/site-packages/soundfile.py", line 658, in __init__
    self._file = self._open(file, mode_int, closefd)
  File "/home/ubuntu/miniconda3/envs/openvoice/lib/python3.9/site-packages/soundfile.py", line 1216, in _open
    raise LibsndfileError(err, prefix="Error opening {0!r}: ".format(self.name))
soundfile.LibsndfileError: Error opening 'checkpoints_v2/google_base_speakers/src/sr-Latn-RS-NicholasNeural.mp3': File does not exist or is not a regular file (possibly a pipe?).

During handling of the above exception, another exception occurred:

Traceback (most recent call last):
  File "/home/ubuntu/OpenVoice/job.py", line 334, in <module>
    clone_voice(f"./projects/{i}/{j}")
  File "/home/ubuntu/OpenVoice/job.py", line 201, in clone_voice
    return(convert_color(projectfolder))
  File "/home/ubuntu/OpenVoice/job.py", line 301, in convert_color
    source_se, audio_name = se_extractor.get_se(f"checkpoints_v2/google_base_speakers/src/{voicecode}.mp3", tone_color_converter, vad=True)
  File "/home/ubuntu/OpenVoice/openvoice/se_extractor.py", line 134, in get_se
    audio_name = f"{os.path.basename(audio_path).rsplit('.', 1)[0]}_{version}_{hash_numpy_array(audio_path)}"
  File "/home/ubuntu/OpenVoice/openvoice/se_extractor.py", line 119, in hash_numpy_array
    array, _ = librosa.load(audio_path, sr=None, mono=True)
  File "/home/ubuntu/miniconda3/envs/openvoice/lib/python3.9/site-packages/librosa/util/decorators.py", line 88, in inner_f
    return f(*args, **kwargs)
  File "/home/ubuntu/miniconda3/envs/openvoice/lib/python3.9/site-packages/librosa/core/audio.py", line 174, in load
    y, sr_native = __audioread_load(path, offset, duration, dtype)
  File "/home/ubuntu/miniconda3/envs/openvoice/lib/python3.9/site-packages/librosa/core/audio.py", line 198, in __audioread_load
    with audioread.audio_open(path) as input_file:
  File "/home/ubuntu/miniconda3/envs/openvoice/lib/python3.9/site-packages/audioread/__init__.py", line 127, in audio_open
    return BackendClass(path)
  File "/home/ubuntu/miniconda3/envs/openvoice/lib/python3.9/site-packages/audioread/rawread.py", line 62, in __init__
    self._file = aifc.open(self._fh)
  File "/home/ubuntu/miniconda3/envs/openvoice/lib/python3.9/aifc.py", line 917, in open
    return Aifc_read(f)
  File "/home/ubuntu/miniconda3/envs/openvoice/lib/python3.9/aifc.py", line 358, in __init__
    self.initfp(f)
  File "/home/ubuntu/miniconda3/envs/openvoice/lib/python3.9/aifc.py", line 314, in initfp
    chunk = Chunk(file)
  File "/home/ubuntu/miniconda3/envs/openvoice/lib/python3.9/chunk.py", line 63, in __init__
    raise EOFError
EOFError
Traceback (most recent call last):
  File "/home/ubuntu/OpenVoice/job.py", line 279, in convert_color
    source_se = torch.load(f'checkpoints_v2/google_base_speakers/models/{voicecode}.pth', map_location=device)
  File "/home/ubuntu/miniconda3/envs/openvoice/lib/python3.9/site-packages/torch/serialization.py", line 997, in load
    with _open_file_like(f, 'rb') as opened_file:
  File "/home/ubuntu/miniconda3/envs/openvoice/lib/python3.9/site-packages/torch/serialization.py", line 444, in _open_file_like
    return _open_file(name_or_buffer, mode)
  File "/home/ubuntu/miniconda3/envs/openvoice/lib/python3.9/site-packages/torch/serialization.py", line 425, in __init__
    super().__init__(open(name, mode))
FileNotFoundError: [Errno 2] No such file or directory: 'checkpoints_v2/google_base_speakers/models/sr-Latn-RS-NicholasNeural.pth'

During handling of the above exception, another exception occurred:

Traceback (most recent call last):
  File "/home/ubuntu/miniconda3/envs/openvoice/lib/python3.9/site-packages/librosa/core/audio.py", line 155, in load
    context = sf.SoundFile(path)
  File "/home/ubuntu/miniconda3/envs/openvoice/lib/python3.9/site-packages/soundfile.py", line 658, in __init__
    self._file = self._open(file, mode_int, closefd)
  File "/home/ubuntu/miniconda3/envs/openvoice/lib/python3.9/site-packages/soundfile.py", line 1216, in _open
    raise LibsndfileError(err, prefix="Error opening {0!r}: ".format(self.name))
soundfile.LibsndfileError: Error opening 'checkpoints_v2/google_base_speakers/src/sr-Latn-RS-NicholasNeural.mp3': File does not exist or is not a regular file (possibly a pipe?).

During handling of the above exception, another exception occurred:

Traceback (most recent call last):
  File "/home/ubuntu/OpenVoice/job.py", line 334, in <module>
    clone_voice(f"./projects/{i}/{j}")
  File "/home/ubuntu/OpenVoice/job.py", line 201, in clone_voice
    return(convert_color(projectfolder))
  File "/home/ubuntu/OpenVoice/job.py", line 301, in convert_color
    source_se, audio_name = se_extractor.get_se(f"checkpoints_v2/google_base_speakers/src/{voicecode}.mp3", tone_color_converter, vad=True)
  File "/home/ubuntu/OpenVoice/openvoice/se_extractor.py", line 134, in get_se
    audio_name = f"{os.path.basename(audio_path).rsplit('.', 1)[0]}_{version}_{hash_numpy_array(audio_path)}"
  File "/home/ubuntu/OpenVoice/openvoice/se_extractor.py", line 119, in hash_numpy_array
    array, _ = librosa.load(audio_path, sr=None, mono=True)
  File "/home/ubuntu/miniconda3/envs/openvoice/lib/python3.9/site-packages/librosa/util/decorators.py", line 88, in inner_f
    return f(*args, **kwargs)
  File "/home/ubuntu/miniconda3/envs/openvoice/lib/python3.9/site-packages/librosa/core/audio.py", line 174, in load
    y, sr_native = __audioread_load(path, offset, duration, dtype)
  File "/home/ubuntu/miniconda3/envs/openvoice/lib/python3.9/site-packages/librosa/core/audio.py", line 198, in __audioread_load
    with audioread.audio_open(path) as input_file:
  File "/home/ubuntu/miniconda3/envs/openvoice/lib/python3.9/site-packages/audioread/__init__.py", line 127, in audio_open
    return BackendClass(path)
  File "/home/ubuntu/miniconda3/envs/openvoice/lib/python3.9/site-packages/audioread/rawread.py", line 62, in __init__
    self._file = aifc.open(self._fh)
  File "/home/ubuntu/miniconda3/envs/openvoice/lib/python3.9/aifc.py", line 917, in open
    return Aifc_read(f)
  File "/home/ubuntu/miniconda3/envs/openvoice/lib/python3.9/aifc.py", line 358, in __init__
    self.initfp(f)
  File "/home/ubuntu/miniconda3/envs/openvoice/lib/python3.9/aifc.py", line 314, in initfp
    chunk = Chunk(file)
  File "/home/ubuntu/miniconda3/envs/openvoice/lib/python3.9/chunk.py", line 63, in __init__
    raise EOFError
EOFError
Traceback (most recent call last):
  File "/home/ubuntu/OpenVoice/job.py", line 279, in convert_color
    source_se = torch.load(f'checkpoints_v2/google_base_speakers/models/{voicecode}.pth', map_location=device)
  File "/home/ubuntu/miniconda3/envs/openvoice/lib/python3.9/site-packages/torch/serialization.py", line 997, in load
    with _open_file_like(f, 'rb') as opened_file:
  File "/home/ubuntu/miniconda3/envs/openvoice/lib/python3.9/site-packages/torch/serialization.py", line 444, in _open_file_like
    return _open_file(name_or_buffer, mode)
  File "/home/ubuntu/miniconda3/envs/openvoice/lib/python3.9/site-packages/torch/serialization.py", line 425, in __init__
    super().__init__(open(name, mode))
FileNotFoundError: [Errno 2] No such file or directory: 'checkpoints_v2/google_base_speakers/models/sr-Latn-RS-NicholasNeural.pth'

During handling of the above exception, another exception occurred:

Traceback (most recent call last):
  File "/home/ubuntu/miniconda3/envs/openvoice/lib/python3.9/site-packages/librosa/core/audio.py", line 155, in load
    context = sf.SoundFile(path)
  File "/home/ubuntu/miniconda3/envs/openvoice/lib/python3.9/site-packages/soundfile.py", line 658, in __init__
    self._file = self._open(file, mode_int, closefd)
  File "/home/ubuntu/miniconda3/envs/openvoice/lib/python3.9/site-packages/soundfile.py", line 1216, in _open
    raise LibsndfileError(err, prefix="Error opening {0!r}: ".format(self.name))
soundfile.LibsndfileError: Error opening 'checkpoints_v2/google_base_speakers/src/sr-Latn-RS-NicholasNeural.mp3': File does not exist or is not a regular file (possibly a pipe?).

During handling of the above exception, another exception occurred:

Traceback (most recent call last):
  File "/home/ubuntu/OpenVoice/job.py", line 334, in <module>
    clone_voice(f"./projects/{i}/{j}")
  File "/home/ubuntu/OpenVoice/job.py", line 201, in clone_voice
    return(convert_color(projectfolder))
  File "/home/ubuntu/OpenVoice/job.py", line 301, in convert_color
    source_se, audio_name = se_extractor.get_se(f"checkpoints_v2/google_base_speakers/src/{voicecode}.mp3", tone_color_converter, vad=True)
  File "/home/ubuntu/OpenVoice/openvoice/se_extractor.py", line 134, in get_se
    audio_name = f"{os.path.basename(audio_path).rsplit('.', 1)[0]}_{version}_{hash_numpy_array(audio_path)}"
  File "/home/ubuntu/OpenVoice/openvoice/se_extractor.py", line 119, in hash_numpy_array
    array, _ = librosa.load(audio_path, sr=None, mono=True)
  File "/home/ubuntu/miniconda3/envs/openvoice/lib/python3.9/site-packages/librosa/util/decorators.py", line 88, in inner_f
    return f(*args, **kwargs)
  File "/home/ubuntu/miniconda3/envs/openvoice/lib/python3.9/site-packages/librosa/core/audio.py", line 174, in load
    y, sr_native = __audioread_load(path, offset, duration, dtype)
  File "/home/ubuntu/miniconda3/envs/openvoice/lib/python3.9/site-packages/librosa/core/audio.py", line 198, in __audioread_load
    with audioread.audio_open(path) as input_file:
  File "/home/ubuntu/miniconda3/envs/openvoice/lib/python3.9/site-packages/audioread/__init__.py", line 127, in audio_open
    return BackendClass(path)
  File "/home/ubuntu/miniconda3/envs/openvoice/lib/python3.9/site-packages/audioread/rawread.py", line 62, in __init__
    self._file = aifc.open(self._fh)
  File "/home/ubuntu/miniconda3/envs/openvoice/lib/python3.9/aifc.py", line 917, in open
    return Aifc_read(f)
  File "/home/ubuntu/miniconda3/envs/openvoice/lib/python3.9/aifc.py", line 358, in __init__
    self.initfp(f)
  File "/home/ubuntu/miniconda3/envs/openvoice/lib/python3.9/aifc.py", line 314, in initfp
    chunk = Chunk(file)
  File "/home/ubuntu/miniconda3/envs/openvoice/lib/python3.9/chunk.py", line 63, in __init__
    raise EOFError
EOFError
Traceback (most recent call last):
  File "/home/ubuntu/OpenVoice/job.py", line 334, in <module>
    clone_voice(f"./projects/{i}/{j}")
  File "/home/ubuntu/OpenVoice/job.py", line 201, in clone_voice
    return(convert_color(projectfolder))
  File "/home/ubuntu/OpenVoice/job.py", line 277, in convert_color
    target_se, audio_name = se_extractor.get_se(ref_audio_path, tone_color_converter, vad=False)
  File "/home/ubuntu/OpenVoice/openvoice/se_extractor.py", line 146, in get_se
    wavs_folder = split_audio_whisper(audio_path, target_dir=target_dir, audio_name=audio_name)
  File "/home/ubuntu/OpenVoice/openvoice/se_extractor.py", line 29, in split_audio_whisper
    segments = list(segments)
  File "/home/ubuntu/miniconda3/envs/openvoice/lib/python3.9/site-packages/faster_whisper/transcribe.py", line 433, in generate_segments
    ) = self.generate_with_fallback(encoder_output, prompt, tokenizer, options)
  File "/home/ubuntu/miniconda3/envs/openvoice/lib/python3.9/site-packages/faster_whisper/transcribe.py", line 641, in generate_with_fallback
    result = self.model.generate(
RuntimeError: CUDA failed with error out of memory
Traceback (most recent call last):
  File "/home/ubuntu/OpenVoice/job.py", line 334, in <module>
    clone_voice(f"./projects/{i}/{j}")
  File "/home/ubuntu/OpenVoice/job.py", line 201, in clone_voice
    return(convert_color(projectfolder))
  File "/home/ubuntu/OpenVoice/job.py", line 277, in convert_color
    target_se, audio_name = se_extractor.get_se(ref_audio_path, tone_color_converter, vad=False)
  File "/home/ubuntu/OpenVoice/openvoice/se_extractor.py", line 146, in get_se
    wavs_folder = split_audio_whisper(audio_path, target_dir=target_dir, audio_name=audio_name)
  File "/home/ubuntu/OpenVoice/openvoice/se_extractor.py", line 29, in split_audio_whisper
    segments = list(segments)
  File "/home/ubuntu/miniconda3/envs/openvoice/lib/python3.9/site-packages/faster_whisper/transcribe.py", line 433, in generate_segments
    ) = self.generate_with_fallback(encoder_output, prompt, tokenizer, options)
  File "/home/ubuntu/miniconda3/envs/openvoice/lib/python3.9/site-packages/faster_whisper/transcribe.py", line 641, in generate_with_fallback
    result = self.model.generate(
RuntimeError: CUDA failed with error out of memory
Traceback (most recent call last):
  File "/home/ubuntu/OpenVoice/job.py", line 334, in <module>
    clone_voice(f"./projects/{i}/{j}")
  File "/home/ubuntu/OpenVoice/job.py", line 201, in clone_voice
    return(convert_color(projectfolder))
  File "/home/ubuntu/OpenVoice/job.py", line 277, in convert_color
    target_se, audio_name = se_extractor.get_se(ref_audio_path, tone_color_converter, vad=False)
  File "/home/ubuntu/OpenVoice/openvoice/se_extractor.py", line 146, in get_se
    wavs_folder = split_audio_whisper(audio_path, target_dir=target_dir, audio_name=audio_name)
  File "/home/ubuntu/OpenVoice/openvoice/se_extractor.py", line 29, in split_audio_whisper
    segments = list(segments)
  File "/home/ubuntu/miniconda3/envs/openvoice/lib/python3.9/site-packages/faster_whisper/transcribe.py", line 433, in generate_segments
    ) = self.generate_with_fallback(encoder_output, prompt, tokenizer, options)
  File "/home/ubuntu/miniconda3/envs/openvoice/lib/python3.9/site-packages/faster_whisper/transcribe.py", line 641, in generate_with_fallback
    result = self.model.generate(
RuntimeError: CUDA failed with error out of memory
Traceback (most recent call last):
  File "/home/ubuntu/OpenVoice/job.py", line 334, in <module>
    clone_voice(f"./projects/{i}/{j}")
  File "/home/ubuntu/OpenVoice/job.py", line 201, in clone_voice
    return(convert_color(projectfolder))
  File "/home/ubuntu/OpenVoice/job.py", line 277, in convert_color
    target_se, audio_name = se_extractor.get_se(ref_audio_path, tone_color_converter, vad=False)
  File "/home/ubuntu/OpenVoice/openvoice/se_extractor.py", line 146, in get_se
    wavs_folder = split_audio_whisper(audio_path, target_dir=target_dir, audio_name=audio_name)
  File "/home/ubuntu/OpenVoice/openvoice/se_extractor.py", line 29, in split_audio_whisper
    segments = list(segments)
  File "/home/ubuntu/miniconda3/envs/openvoice/lib/python3.9/site-packages/faster_whisper/transcribe.py", line 433, in generate_segments
    ) = self.generate_with_fallback(encoder_output, prompt, tokenizer, options)
  File "/home/ubuntu/miniconda3/envs/openvoice/lib/python3.9/site-packages/faster_whisper/transcribe.py", line 641, in generate_with_fallback
    result = self.model.generate(
RuntimeError: CUDA failed with error out of memory
Traceback (most recent call last):
  File "/home/ubuntu/OpenVoice/job.py", line 334, in <module>
    clone_voice(f"./projects/{i}/{j}")
  File "/home/ubuntu/OpenVoice/job.py", line 201, in clone_voice
    return(convert_color(projectfolder))
  File "/home/ubuntu/OpenVoice/job.py", line 277, in convert_color
    target_se, audio_name = se_extractor.get_se(ref_audio_path, tone_color_converter, vad=False)
  File "/home/ubuntu/OpenVoice/openvoice/se_extractor.py", line 146, in get_se
    wavs_folder = split_audio_whisper(audio_path, target_dir=target_dir, audio_name=audio_name)
  File "/home/ubuntu/OpenVoice/openvoice/se_extractor.py", line 29, in split_audio_whisper
    segments = list(segments)
  File "/home/ubuntu/miniconda3/envs/openvoice/lib/python3.9/site-packages/faster_whisper/transcribe.py", line 433, in generate_segments
    ) = self.generate_with_fallback(encoder_output, prompt, tokenizer, options)
  File "/home/ubuntu/miniconda3/envs/openvoice/lib/python3.9/site-packages/faster_whisper/transcribe.py", line 641, in generate_with_fallback
    result = self.model.generate(
RuntimeError: CUDA failed with error out of memory
Traceback (most recent call last):
  File "/home/ubuntu/OpenVoice/job.py", line 334, in <module>
    clone_voice(f"./projects/{i}/{j}")
  File "/home/ubuntu/OpenVoice/job.py", line 201, in clone_voice
    return(convert_color(projectfolder))
  File "/home/ubuntu/OpenVoice/job.py", line 277, in convert_color
    target_se, audio_name = se_extractor.get_se(ref_audio_path, tone_color_converter, vad=False)
  File "/home/ubuntu/OpenVoice/openvoice/se_extractor.py", line 146, in get_se
    wavs_folder = split_audio_whisper(audio_path, target_dir=target_dir, audio_name=audio_name)
  File "/home/ubuntu/OpenVoice/openvoice/se_extractor.py", line 28, in split_audio_whisper
    segments, info = model.transcribe(audio_path, beam_size=5, word_timestamps=True)
  File "/home/ubuntu/miniconda3/envs/openvoice/lib/python3.9/site-packages/faster_whisper/transcribe.py", line 308, in transcribe
    encoder_output = self.encode(segment)
  File "/home/ubuntu/miniconda3/envs/openvoice/lib/python3.9/site-packages/faster_whisper/transcribe.py", line 610, in encode
    return self.model.encode(features, to_cpu=to_cpu)
RuntimeError: CUDA failed with error out of memory
Traceback (most recent call last):
  File "/home/ubuntu/OpenVoice/job.py", line 334, in <module>
    clone_voice(f"./projects/{i}/{j}")
  File "/home/ubuntu/OpenVoice/job.py", line 201, in clone_voice
    return(convert_color(projectfolder))
  File "/home/ubuntu/OpenVoice/job.py", line 277, in convert_color
    target_se, audio_name = se_extractor.get_se(ref_audio_path, tone_color_converter, vad=False)
  File "/home/ubuntu/OpenVoice/openvoice/se_extractor.py", line 146, in get_se
    wavs_folder = split_audio_whisper(audio_path, target_dir=target_dir, audio_name=audio_name)
  File "/home/ubuntu/OpenVoice/openvoice/se_extractor.py", line 29, in split_audio_whisper
    segments = list(segments)
  File "/home/ubuntu/miniconda3/envs/openvoice/lib/python3.9/site-packages/faster_whisper/transcribe.py", line 433, in generate_segments
    ) = self.generate_with_fallback(encoder_output, prompt, tokenizer, options)
  File "/home/ubuntu/miniconda3/envs/openvoice/lib/python3.9/site-packages/faster_whisper/transcribe.py", line 641, in generate_with_fallback
    result = self.model.generate(
RuntimeError: CUDA failed with error out of memory
Traceback (most recent call last):
  File "/home/ubuntu/OpenVoice/job.py", line 334, in <module>
    clone_voice(f"./projects/{i}/{j}")
  File "/home/ubuntu/OpenVoice/job.py", line 201, in clone_voice
    return(convert_color(projectfolder))
  File "/home/ubuntu/OpenVoice/job.py", line 277, in convert_color
    target_se, audio_name = se_extractor.get_se(ref_audio_path, tone_color_converter, vad=False)
  File "/home/ubuntu/OpenVoice/openvoice/se_extractor.py", line 146, in get_se
    wavs_folder = split_audio_whisper(audio_path, target_dir=target_dir, audio_name=audio_name)
  File "/home/ubuntu/OpenVoice/openvoice/se_extractor.py", line 29, in split_audio_whisper
    segments = list(segments)
  File "/home/ubuntu/miniconda3/envs/openvoice/lib/python3.9/site-packages/faster_whisper/transcribe.py", line 433, in generate_segments
    ) = self.generate_with_fallback(encoder_output, prompt, tokenizer, options)
  File "/home/ubuntu/miniconda3/envs/openvoice/lib/python3.9/site-packages/faster_whisper/transcribe.py", line 641, in generate_with_fallback
    result = self.model.generate(
RuntimeError: CUDA failed with error out of memory
Traceback (most recent call last):
  File "/home/ubuntu/OpenVoice/job.py", line 334, in <module>
    clone_voice(f"./projects/{i}/{j}")
  File "/home/ubuntu/OpenVoice/job.py", line 201, in clone_voice
    return(convert_color(projectfolder))
  File "/home/ubuntu/OpenVoice/job.py", line 277, in convert_color
    target_se, audio_name = se_extractor.get_se(ref_audio_path, tone_color_converter, vad=False)
  File "/home/ubuntu/OpenVoice/openvoice/se_extractor.py", line 146, in get_se
    wavs_folder = split_audio_whisper(audio_path, target_dir=target_dir, audio_name=audio_name)
  File "/home/ubuntu/OpenVoice/openvoice/se_extractor.py", line 29, in split_audio_whisper
    segments = list(segments)
  File "/home/ubuntu/miniconda3/envs/openvoice/lib/python3.9/site-packages/faster_whisper/transcribe.py", line 433, in generate_segments
    ) = self.generate_with_fallback(encoder_output, prompt, tokenizer, options)
  File "/home/ubuntu/miniconda3/envs/openvoice/lib/python3.9/site-packages/faster_whisper/transcribe.py", line 641, in generate_with_fallback
    result = self.model.generate(
RuntimeError: CUDA failed with error out of memory
Traceback (most recent call last):
  File "/home/ubuntu/OpenVoice/job.py", line 334, in <module>
    clone_voice(f"./projects/{i}/{j}")
  File "/home/ubuntu/OpenVoice/job.py", line 201, in clone_voice
    return(convert_color(projectfolder))
  File "/home/ubuntu/OpenVoice/job.py", line 277, in convert_color
    target_se, audio_name = se_extractor.get_se(ref_audio_path, tone_color_converter, vad=False)
  File "/home/ubuntu/OpenVoice/openvoice/se_extractor.py", line 146, in get_se
    wavs_folder = split_audio_whisper(audio_path, target_dir=target_dir, audio_name=audio_name)
  File "/home/ubuntu/OpenVoice/openvoice/se_extractor.py", line 29, in split_audio_whisper
    segments = list(segments)
  File "/home/ubuntu/miniconda3/envs/openvoice/lib/python3.9/site-packages/faster_whisper/transcribe.py", line 433, in generate_segments
    ) = self.generate_with_fallback(encoder_output, prompt, tokenizer, options)
  File "/home/ubuntu/miniconda3/envs/openvoice/lib/python3.9/site-packages/faster_whisper/transcribe.py", line 641, in generate_with_fallback
    result = self.model.generate(
RuntimeError: CUDA failed with error out of memory
Traceback (most recent call last):
  File "/home/ubuntu/OpenVoice/job.py", line 334, in <module>
    clone_voice(f"./projects/{i}/{j}")
  File "/home/ubuntu/OpenVoice/job.py", line 201, in clone_voice
    return(convert_color(projectfolder))
  File "/home/ubuntu/OpenVoice/job.py", line 277, in convert_color
    target_se, audio_name = se_extractor.get_se(ref_audio_path, tone_color_converter, vad=False)
  File "/home/ubuntu/OpenVoice/openvoice/se_extractor.py", line 146, in get_se
    wavs_folder = split_audio_whisper(audio_path, target_dir=target_dir, audio_name=audio_name)
  File "/home/ubuntu/OpenVoice/openvoice/se_extractor.py", line 29, in split_audio_whisper
    segments = list(segments)
  File "/home/ubuntu/miniconda3/envs/openvoice/lib/python3.9/site-packages/faster_whisper/transcribe.py", line 433, in generate_segments
    ) = self.generate_with_fallback(encoder_output, prompt, tokenizer, options)
  File "/home/ubuntu/miniconda3/envs/openvoice/lib/python3.9/site-packages/faster_whisper/transcribe.py", line 641, in generate_with_fallback
    result = self.model.generate(
RuntimeError: CUDA failed with error out of memory
Traceback (most recent call last):
  File "/home/ubuntu/OpenVoice/job.py", line 334, in <module>
    clone_voice(f"./projects/{i}/{j}")
  File "/home/ubuntu/OpenVoice/job.py", line 201, in clone_voice
    return(convert_color(projectfolder))
  File "/home/ubuntu/OpenVoice/job.py", line 277, in convert_color
    target_se, audio_name = se_extractor.get_se(ref_audio_path, tone_color_converter, vad=False)
  File "/home/ubuntu/OpenVoice/openvoice/se_extractor.py", line 146, in get_se
    wavs_folder = split_audio_whisper(audio_path, target_dir=target_dir, audio_name=audio_name)
  File "/home/ubuntu/OpenVoice/openvoice/se_extractor.py", line 29, in split_audio_whisper
    segments = list(segments)
  File "/home/ubuntu/miniconda3/envs/openvoice/lib/python3.9/site-packages/faster_whisper/transcribe.py", line 433, in generate_segments
    ) = self.generate_with_fallback(encoder_output, prompt, tokenizer, options)
  File "/home/ubuntu/miniconda3/envs/openvoice/lib/python3.9/site-packages/faster_whisper/transcribe.py", line 641, in generate_with_fallback
    result = self.model.generate(
RuntimeError: CUDA failed with error out of memory
Traceback (most recent call last):
  File "/home/ubuntu/OpenVoice/job.py", line 334, in <module>
    clone_voice(f"./projects/{i}/{j}")
  File "/home/ubuntu/OpenVoice/job.py", line 201, in clone_voice
    return(convert_color(projectfolder))
  File "/home/ubuntu/OpenVoice/job.py", line 277, in convert_color
    target_se, audio_name = se_extractor.get_se(ref_audio_path, tone_color_converter, vad=False)
  File "/home/ubuntu/OpenVoice/openvoice/se_extractor.py", line 150, in get_se
    raise NotImplementedError('No audio segments found!')
NotImplementedError: No audio segments found!
Traceback (most recent call last):
  File "/home/ubuntu/OpenVoice/job.py", line 334, in <module>
    clone_voice(f"./projects/{i}/{j}")
  File "/home/ubuntu/OpenVoice/job.py", line 201, in clone_voice
    return(convert_color(projectfolder))
  File "/home/ubuntu/OpenVoice/job.py", line 277, in convert_color
    target_se, audio_name = se_extractor.get_se(ref_audio_path, tone_color_converter, vad=False)
  File "/home/ubuntu/OpenVoice/openvoice/se_extractor.py", line 146, in get_se
    wavs_folder = split_audio_whisper(audio_path, target_dir=target_dir, audio_name=audio_name)
  File "/home/ubuntu/OpenVoice/openvoice/se_extractor.py", line 29, in split_audio_whisper
    segments = list(segments)
  File "/home/ubuntu/miniconda3/envs/openvoice/lib/python3.9/site-packages/faster_whisper/transcribe.py", line 433, in generate_segments
    ) = self.generate_with_fallback(encoder_output, prompt, tokenizer, options)
  File "/home/ubuntu/miniconda3/envs/openvoice/lib/python3.9/site-packages/faster_whisper/transcribe.py", line 641, in generate_with_fallback
    result = self.model.generate(
RuntimeError: CUDA failed with error out of memory
Traceback (most recent call last):
  File "/home/ubuntu/OpenVoice/job.py", line 334, in <module>
    clone_voice(f"./projects/{i}/{j}")
  File "/home/ubuntu/OpenVoice/job.py", line 201, in clone_voice
    return(convert_color(projectfolder))
  File "/home/ubuntu/OpenVoice/job.py", line 277, in convert_color
    target_se, audio_name = se_extractor.get_se(ref_audio_path, tone_color_converter, vad=False)
  File "/home/ubuntu/OpenVoice/openvoice/se_extractor.py", line 146, in get_se
    wavs_folder = split_audio_whisper(audio_path, target_dir=target_dir, audio_name=audio_name)
  File "/home/ubuntu/OpenVoice/openvoice/se_extractor.py", line 29, in split_audio_whisper
    segments = list(segments)
  File "/home/ubuntu/miniconda3/envs/openvoice/lib/python3.9/site-packages/faster_whisper/transcribe.py", line 433, in generate_segments
    ) = self.generate_with_fallback(encoder_output, prompt, tokenizer, options)
  File "/home/ubuntu/miniconda3/envs/openvoice/lib/python3.9/site-packages/faster_whisper/transcribe.py", line 641, in generate_with_fallback
    result = self.model.generate(
RuntimeError: CUDA failed with error out of memory
Traceback (most recent call last):
  File "/home/ubuntu/OpenVoice/job.py", line 334, in <module>
    clone_voice(f"./projects/{i}/{j}")
  File "/home/ubuntu/OpenVoice/job.py", line 201, in clone_voice
    return(convert_color(projectfolder))
  File "/home/ubuntu/OpenVoice/job.py", line 277, in convert_color
    target_se, audio_name = se_extractor.get_se(ref_audio_path, tone_color_converter, vad=False)
  File "/home/ubuntu/OpenVoice/openvoice/se_extractor.py", line 146, in get_se
    wavs_folder = split_audio_whisper(audio_path, target_dir=target_dir, audio_name=audio_name)
  File "/home/ubuntu/OpenVoice/openvoice/se_extractor.py", line 29, in split_audio_whisper
    segments = list(segments)
  File "/home/ubuntu/miniconda3/envs/openvoice/lib/python3.9/site-packages/faster_whisper/transcribe.py", line 433, in generate_segments
    ) = self.generate_with_fallback(encoder_output, prompt, tokenizer, options)
  File "/home/ubuntu/miniconda3/envs/openvoice/lib/python3.9/site-packages/faster_whisper/transcribe.py", line 641, in generate_with_fallback
    result = self.model.generate(
RuntimeError: CUDA failed with error out of memory
Traceback (most recent call last):
  File "/home/ubuntu/OpenVoice/job.py", line 334, in <module>
    clone_voice(f"./projects/{i}/{j}")
  File "/home/ubuntu/OpenVoice/job.py", line 201, in clone_voice
    return(convert_color(projectfolder))
  File "/home/ubuntu/OpenVoice/job.py", line 277, in convert_color
    target_se, audio_name = se_extractor.get_se(ref_audio_path, tone_color_converter, vad=False)
  File "/home/ubuntu/OpenVoice/openvoice/se_extractor.py", line 150, in get_se
    raise NotImplementedError('No audio segments found!')
NotImplementedError: No audio segments found!
Traceback (most recent call last):
  File "/home/ubuntu/OpenVoice/job.py", line 334, in <module>
    clone_voice(f"./projects/{i}/{j}")
  File "/home/ubuntu/OpenVoice/job.py", line 201, in clone_voice
    return(convert_color(projectfolder))
  File "/home/ubuntu/OpenVoice/job.py", line 277, in convert_color
    target_se, audio_name = se_extractor.get_se(ref_audio_path, tone_color_converter, vad=False)
  File "/home/ubuntu/OpenVoice/openvoice/se_extractor.py", line 146, in get_se
    wavs_folder = split_audio_whisper(audio_path, target_dir=target_dir, audio_name=audio_name)
  File "/home/ubuntu/OpenVoice/openvoice/se_extractor.py", line 29, in split_audio_whisper
    segments = list(segments)
  File "/home/ubuntu/miniconda3/envs/openvoice/lib/python3.9/site-packages/faster_whisper/transcribe.py", line 433, in generate_segments
    ) = self.generate_with_fallback(encoder_output, prompt, tokenizer, options)
  File "/home/ubuntu/miniconda3/envs/openvoice/lib/python3.9/site-packages/faster_whisper/transcribe.py", line 641, in generate_with_fallback
    result = self.model.generate(
RuntimeError: CUDA failed with error out of memory
Traceback (most recent call last):
  File "/home/ubuntu/OpenVoice/job.py", line 334, in <module>
    clone_voice(f"./projects/{i}/{j}")
  File "/home/ubuntu/OpenVoice/job.py", line 201, in clone_voice
    return(convert_color(projectfolder))
  File "/home/ubuntu/OpenVoice/job.py", line 277, in convert_color
    target_se, audio_name = se_extractor.get_se(ref_audio_path, tone_color_converter, vad=False)
  File "/home/ubuntu/OpenVoice/openvoice/se_extractor.py", line 146, in get_se
    wavs_folder = split_audio_whisper(audio_path, target_dir=target_dir, audio_name=audio_name)
  File "/home/ubuntu/OpenVoice/openvoice/se_extractor.py", line 29, in split_audio_whisper
    segments = list(segments)
  File "/home/ubuntu/miniconda3/envs/openvoice/lib/python3.9/site-packages/faster_whisper/transcribe.py", line 433, in generate_segments
    ) = self.generate_with_fallback(encoder_output, prompt, tokenizer, options)
  File "/home/ubuntu/miniconda3/envs/openvoice/lib/python3.9/site-packages/faster_whisper/transcribe.py", line 641, in generate_with_fallback
    result = self.model.generate(
RuntimeError: CUDA failed with error out of memory
Traceback (most recent call last):
  File "/home/ubuntu/OpenVoice/job.py", line 334, in <module>
    clone_voice(f"./projects/{i}/{j}")
  File "/home/ubuntu/OpenVoice/job.py", line 201, in clone_voice
    return(convert_color(projectfolder))
  File "/home/ubuntu/OpenVoice/job.py", line 277, in convert_color
    target_se, audio_name = se_extractor.get_se(ref_audio_path, tone_color_converter, vad=False)
  File "/home/ubuntu/OpenVoice/openvoice/se_extractor.py", line 146, in get_se
    wavs_folder = split_audio_whisper(audio_path, target_dir=target_dir, audio_name=audio_name)
  File "/home/ubuntu/OpenVoice/openvoice/se_extractor.py", line 29, in split_audio_whisper
    segments = list(segments)
  File "/home/ubuntu/miniconda3/envs/openvoice/lib/python3.9/site-packages/faster_whisper/transcribe.py", line 433, in generate_segments
    ) = self.generate_with_fallback(encoder_output, prompt, tokenizer, options)
  File "/home/ubuntu/miniconda3/envs/openvoice/lib/python3.9/site-packages/faster_whisper/transcribe.py", line 641, in generate_with_fallback
    result = self.model.generate(
RuntimeError: CUDA failed with error out of memory
Traceback (most recent call last):
  File "/home/ubuntu/OpenVoice/job.py", line 334, in <module>
    clone_voice(f"./projects/{i}/{j}")
  File "/home/ubuntu/OpenVoice/job.py", line 201, in clone_voice
    return(convert_color(projectfolder))
  File "/home/ubuntu/OpenVoice/job.py", line 277, in convert_color
    target_se, audio_name = se_extractor.get_se(ref_audio_path, tone_color_converter, vad=False)
  File "/home/ubuntu/OpenVoice/openvoice/se_extractor.py", line 146, in get_se
    wavs_folder = split_audio_whisper(audio_path, target_dir=target_dir, audio_name=audio_name)
  File "/home/ubuntu/OpenVoice/openvoice/se_extractor.py", line 29, in split_audio_whisper
    segments = list(segments)
  File "/home/ubuntu/miniconda3/envs/openvoice/lib/python3.9/site-packages/faster_whisper/transcribe.py", line 433, in generate_segments
    ) = self.generate_with_fallback(encoder_output, prompt, tokenizer, options)
  File "/home/ubuntu/miniconda3/envs/openvoice/lib/python3.9/site-packages/faster_whisper/transcribe.py", line 641, in generate_with_fallback
    result = self.model.generate(
RuntimeError: CUDA failed with error out of memory
Traceback (most recent call last):
  File "/home/ubuntu/OpenVoice/job.py", line 334, in <module>
    clone_voice(f"./projects/{i}/{j}")
  File "/home/ubuntu/OpenVoice/job.py", line 201, in clone_voice
    return(convert_color(projectfolder))
  File "/home/ubuntu/OpenVoice/job.py", line 277, in convert_color
    target_se, audio_name = se_extractor.get_se(ref_audio_path, tone_color_converter, vad=False)
  File "/home/ubuntu/OpenVoice/openvoice/se_extractor.py", line 146, in get_se
    wavs_folder = split_audio_whisper(audio_path, target_dir=target_dir, audio_name=audio_name)
  File "/home/ubuntu/OpenVoice/openvoice/se_extractor.py", line 29, in split_audio_whisper
    segments = list(segments)
  File "/home/ubuntu/miniconda3/envs/openvoice/lib/python3.9/site-packages/faster_whisper/transcribe.py", line 433, in generate_segments
    ) = self.generate_with_fallback(encoder_output, prompt, tokenizer, options)
  File "/home/ubuntu/miniconda3/envs/openvoice/lib/python3.9/site-packages/faster_whisper/transcribe.py", line 641, in generate_with_fallback
    result = self.model.generate(
RuntimeError: CUDA failed with error out of memory
Traceback (most recent call last):
  File "/home/ubuntu/OpenVoice/job.py", line 334, in <module>
    clone_voice(f"./projects/{i}/{j}")
  File "/home/ubuntu/OpenVoice/job.py", line 201, in clone_voice
    return(convert_color(projectfolder))
  File "/home/ubuntu/OpenVoice/job.py", line 277, in convert_color
    target_se, audio_name = se_extractor.get_se(ref_audio_path, tone_color_converter, vad=False)
  File "/home/ubuntu/OpenVoice/openvoice/se_extractor.py", line 146, in get_se
    wavs_folder = split_audio_whisper(audio_path, target_dir=target_dir, audio_name=audio_name)
  File "/home/ubuntu/OpenVoice/openvoice/se_extractor.py", line 29, in split_audio_whisper
    segments = list(segments)
  File "/home/ubuntu/miniconda3/envs/openvoice/lib/python3.9/site-packages/faster_whisper/transcribe.py", line 433, in generate_segments
    ) = self.generate_with_fallback(encoder_output, prompt, tokenizer, options)
  File "/home/ubuntu/miniconda3/envs/openvoice/lib/python3.9/site-packages/faster_whisper/transcribe.py", line 641, in generate_with_fallback
    result = self.model.generate(
RuntimeError: CUDA failed with error out of memory
Traceback (most recent call last):
  File "/home/ubuntu/OpenVoice/job.py", line 334, in <module>
    clone_voice(f"./projects/{i}/{j}")
  File "/home/ubuntu/OpenVoice/job.py", line 201, in clone_voice
    return(convert_color(projectfolder))
  File "/home/ubuntu/OpenVoice/job.py", line 277, in convert_color
    target_se, audio_name = se_extractor.get_se(ref_audio_path, tone_color_converter, vad=False)
  File "/home/ubuntu/OpenVoice/openvoice/se_extractor.py", line 146, in get_se
    wavs_folder = split_audio_whisper(audio_path, target_dir=target_dir, audio_name=audio_name)
  File "/home/ubuntu/OpenVoice/openvoice/se_extractor.py", line 29, in split_audio_whisper
    segments = list(segments)
  File "/home/ubuntu/miniconda3/envs/openvoice/lib/python3.9/site-packages/faster_whisper/transcribe.py", line 433, in generate_segments
    ) = self.generate_with_fallback(encoder_output, prompt, tokenizer, options)
  File "/home/ubuntu/miniconda3/envs/openvoice/lib/python3.9/site-packages/faster_whisper/transcribe.py", line 641, in generate_with_fallback
    result = self.model.generate(
RuntimeError: CUDA failed with error out of memory
Traceback (most recent call last):
  File "/home/ubuntu/OpenVoice/job.py", line 334, in <module>
    clone_voice(f"./projects/{i}/{j}")
  File "/home/ubuntu/OpenVoice/job.py", line 201, in clone_voice
    return(convert_color(projectfolder))
  File "/home/ubuntu/OpenVoice/job.py", line 277, in convert_color
    target_se, audio_name = se_extractor.get_se(ref_audio_path, tone_color_converter, vad=False)
  File "/home/ubuntu/OpenVoice/openvoice/se_extractor.py", line 146, in get_se
    wavs_folder = split_audio_whisper(audio_path, target_dir=target_dir, audio_name=audio_name)
  File "/home/ubuntu/OpenVoice/openvoice/se_extractor.py", line 29, in split_audio_whisper
    segments = list(segments)
  File "/home/ubuntu/miniconda3/envs/openvoice/lib/python3.9/site-packages/faster_whisper/transcribe.py", line 433, in generate_segments
    ) = self.generate_with_fallback(encoder_output, prompt, tokenizer, options)
  File "/home/ubuntu/miniconda3/envs/openvoice/lib/python3.9/site-packages/faster_whisper/transcribe.py", line 641, in generate_with_fallback
    result = self.model.generate(
RuntimeError: CUDA failed with error out of memory
Traceback (most recent call last):
  File "/home/ubuntu/OpenVoice/job.py", line 334, in <module>
    clone_voice(f"./projects/{i}/{j}")
  File "/home/ubuntu/OpenVoice/job.py", line 201, in clone_voice
    return(convert_color(projectfolder))
  File "/home/ubuntu/OpenVoice/job.py", line 277, in convert_color
    target_se, audio_name = se_extractor.get_se(ref_audio_path, tone_color_converter, vad=False)
  File "/home/ubuntu/OpenVoice/openvoice/se_extractor.py", line 146, in get_se
    wavs_folder = split_audio_whisper(audio_path, target_dir=target_dir, audio_name=audio_name)
  File "/home/ubuntu/OpenVoice/openvoice/se_extractor.py", line 29, in split_audio_whisper
    segments = list(segments)
  File "/home/ubuntu/miniconda3/envs/openvoice/lib/python3.9/site-packages/faster_whisper/transcribe.py", line 433, in generate_segments
    ) = self.generate_with_fallback(encoder_output, prompt, tokenizer, options)
  File "/home/ubuntu/miniconda3/envs/openvoice/lib/python3.9/site-packages/faster_whisper/transcribe.py", line 641, in generate_with_fallback
    result = self.model.generate(
RuntimeError: CUDA failed with error out of memory
Traceback (most recent call last):
  File "/home/ubuntu/OpenVoice/job.py", line 334, in <module>
    clone_voice(f"./projects/{i}/{j}")
  File "/home/ubuntu/OpenVoice/job.py", line 201, in clone_voice
    return(convert_color(projectfolder))
  File "/home/ubuntu/OpenVoice/job.py", line 277, in convert_color
    target_se, audio_name = se_extractor.get_se(ref_audio_path, tone_color_converter, vad=False)
  File "/home/ubuntu/OpenVoice/openvoice/se_extractor.py", line 146, in get_se
    wavs_folder = split_audio_whisper(audio_path, target_dir=target_dir, audio_name=audio_name)
  File "/home/ubuntu/OpenVoice/openvoice/se_extractor.py", line 29, in split_audio_whisper
    segments = list(segments)
  File "/home/ubuntu/miniconda3/envs/openvoice/lib/python3.9/site-packages/faster_whisper/transcribe.py", line 433, in generate_segments
    ) = self.generate_with_fallback(encoder_output, prompt, tokenizer, options)
  File "/home/ubuntu/miniconda3/envs/openvoice/lib/python3.9/site-packages/faster_whisper/transcribe.py", line 641, in generate_with_fallback
    result = self.model.generate(
RuntimeError: CUDA failed with error out of memory
Traceback (most recent call last):
  File "/home/ubuntu/OpenVoice/job.py", line 334, in <module>
    clone_voice(f"./projects/{i}/{j}")
  File "/home/ubuntu/OpenVoice/job.py", line 201, in clone_voice
    return(convert_color(projectfolder))
  File "/home/ubuntu/OpenVoice/job.py", line 277, in convert_color
    target_se, audio_name = se_extractor.get_se(ref_audio_path, tone_color_converter, vad=False)
  File "/home/ubuntu/OpenVoice/openvoice/se_extractor.py", line 146, in get_se
    wavs_folder = split_audio_whisper(audio_path, target_dir=target_dir, audio_name=audio_name)
  File "/home/ubuntu/OpenVoice/openvoice/se_extractor.py", line 29, in split_audio_whisper
    segments = list(segments)
  File "/home/ubuntu/miniconda3/envs/openvoice/lib/python3.9/site-packages/faster_whisper/transcribe.py", line 433, in generate_segments
    ) = self.generate_with_fallback(encoder_output, prompt, tokenizer, options)
  File "/home/ubuntu/miniconda3/envs/openvoice/lib/python3.9/site-packages/faster_whisper/transcribe.py", line 641, in generate_with_fallback
    result = self.model.generate(
RuntimeError: CUDA failed with error out of memory
Traceback (most recent call last):
  File "/home/ubuntu/OpenVoice/job.py", line 334, in <module>
    clone_voice(f"./projects/{i}/{j}")
  File "/home/ubuntu/OpenVoice/job.py", line 201, in clone_voice
    return(convert_color(projectfolder))
  File "/home/ubuntu/OpenVoice/job.py", line 277, in convert_color
    target_se, audio_name = se_extractor.get_se(ref_audio_path, tone_color_converter, vad=False)
  File "/home/ubuntu/OpenVoice/openvoice/se_extractor.py", line 146, in get_se
    wavs_folder = split_audio_whisper(audio_path, target_dir=target_dir, audio_name=audio_name)
  File "/home/ubuntu/OpenVoice/openvoice/se_extractor.py", line 29, in split_audio_whisper
    segments = list(segments)
  File "/home/ubuntu/miniconda3/envs/openvoice/lib/python3.9/site-packages/faster_whisper/transcribe.py", line 433, in generate_segments
    ) = self.generate_with_fallback(encoder_output, prompt, tokenizer, options)
  File "/home/ubuntu/miniconda3/envs/openvoice/lib/python3.9/site-packages/faster_whisper/transcribe.py", line 641, in generate_with_fallback
    result = self.model.generate(
RuntimeError: CUDA failed with error out of memory
Traceback (most recent call last):
  File "/home/ubuntu/OpenVoice/job.py", line 334, in <module>
    clone_voice(f"./projects/{i}/{j}")
  File "/home/ubuntu/OpenVoice/job.py", line 201, in clone_voice
    return(convert_color(projectfolder))
  File "/home/ubuntu/OpenVoice/job.py", line 277, in convert_color
    target_se, audio_name = se_extractor.get_se(ref_audio_path, tone_color_converter, vad=False)
  File "/home/ubuntu/OpenVoice/openvoice/se_extractor.py", line 146, in get_se
    wavs_folder = split_audio_whisper(audio_path, target_dir=target_dir, audio_name=audio_name)
  File "/home/ubuntu/OpenVoice/openvoice/se_extractor.py", line 29, in split_audio_whisper
    segments = list(segments)
  File "/home/ubuntu/miniconda3/envs/openvoice/lib/python3.9/site-packages/faster_whisper/transcribe.py", line 433, in generate_segments
    ) = self.generate_with_fallback(encoder_output, prompt, tokenizer, options)
  File "/home/ubuntu/miniconda3/envs/openvoice/lib/python3.9/site-packages/faster_whisper/transcribe.py", line 641, in generate_with_fallback
    result = self.model.generate(
RuntimeError: CUDA failed with error out of memory
Traceback (most recent call last):
  File "/home/ubuntu/OpenVoice/job.py", line 334, in <module>
    clone_voice(f"./projects/{i}/{j}")
  File "/home/ubuntu/OpenVoice/job.py", line 201, in clone_voice
    return(convert_color(projectfolder))
  File "/home/ubuntu/OpenVoice/job.py", line 277, in convert_color
    target_se, audio_name = se_extractor.get_se(ref_audio_path, tone_color_converter, vad=False)
  File "/home/ubuntu/OpenVoice/openvoice/se_extractor.py", line 146, in get_se
    wavs_folder = split_audio_whisper(audio_path, target_dir=target_dir, audio_name=audio_name)
  File "/home/ubuntu/OpenVoice/openvoice/se_extractor.py", line 29, in split_audio_whisper
    segments = list(segments)
  File "/home/ubuntu/miniconda3/envs/openvoice/lib/python3.9/site-packages/faster_whisper/transcribe.py", line 433, in generate_segments
    ) = self.generate_with_fallback(encoder_output, prompt, tokenizer, options)
  File "/home/ubuntu/miniconda3/envs/openvoice/lib/python3.9/site-packages/faster_whisper/transcribe.py", line 641, in generate_with_fallback
    result = self.model.generate(
RuntimeError: CUDA failed with error out of memory
Traceback (most recent call last):
  File "/home/ubuntu/OpenVoice/job.py", line 334, in <module>
    clone_voice(f"./projects/{i}/{j}")
  File "/home/ubuntu/OpenVoice/job.py", line 201, in clone_voice
    return(convert_color(projectfolder))
  File "/home/ubuntu/OpenVoice/job.py", line 277, in convert_color
    target_se, audio_name = se_extractor.get_se(ref_audio_path, tone_color_converter, vad=False)
  File "/home/ubuntu/OpenVoice/openvoice/se_extractor.py", line 146, in get_se
    wavs_folder = split_audio_whisper(audio_path, target_dir=target_dir, audio_name=audio_name)
  File "/home/ubuntu/OpenVoice/openvoice/se_extractor.py", line 29, in split_audio_whisper
    segments = list(segments)
  File "/home/ubuntu/miniconda3/envs/openvoice/lib/python3.9/site-packages/faster_whisper/transcribe.py", line 433, in generate_segments
    ) = self.generate_with_fallback(encoder_output, prompt, tokenizer, options)
  File "/home/ubuntu/miniconda3/envs/openvoice/lib/python3.9/site-packages/faster_whisper/transcribe.py", line 641, in generate_with_fallback
    result = self.model.generate(
RuntimeError: CUDA failed with error out of memory
Traceback (most recent call last):
  File "/home/ubuntu/OpenVoice/job.py", line 334, in <module>
    clone_voice(f"./projects/{i}/{j}")
  File "/home/ubuntu/OpenVoice/job.py", line 201, in clone_voice
    return(convert_color(projectfolder))
  File "/home/ubuntu/OpenVoice/job.py", line 277, in convert_color
    target_se, audio_name = se_extractor.get_se(ref_audio_path, tone_color_converter, vad=False)
  File "/home/ubuntu/OpenVoice/openvoice/se_extractor.py", line 146, in get_se
    wavs_folder = split_audio_whisper(audio_path, target_dir=target_dir, audio_name=audio_name)
  File "/home/ubuntu/OpenVoice/openvoice/se_extractor.py", line 29, in split_audio_whisper
    segments = list(segments)
  File "/home/ubuntu/miniconda3/envs/openvoice/lib/python3.9/site-packages/faster_whisper/transcribe.py", line 433, in generate_segments
    ) = self.generate_with_fallback(encoder_output, prompt, tokenizer, options)
  File "/home/ubuntu/miniconda3/envs/openvoice/lib/python3.9/site-packages/faster_whisper/transcribe.py", line 641, in generate_with_fallback
    result = self.model.generate(
RuntimeError: CUDA failed with error out of memory
Traceback (most recent call last):
  File "/home/ubuntu/OpenVoice/job.py", line 334, in <module>
    clone_voice(f"./projects/{i}/{j}")
  File "/home/ubuntu/OpenVoice/job.py", line 201, in clone_voice
    return(convert_color(projectfolder))
  File "/home/ubuntu/OpenVoice/job.py", line 277, in convert_color
    target_se, audio_name = se_extractor.get_se(ref_audio_path, tone_color_converter, vad=False)
  File "/home/ubuntu/OpenVoice/openvoice/se_extractor.py", line 146, in get_se
    wavs_folder = split_audio_whisper(audio_path, target_dir=target_dir, audio_name=audio_name)
  File "/home/ubuntu/OpenVoice/openvoice/se_extractor.py", line 29, in split_audio_whisper
    segments = list(segments)
  File "/home/ubuntu/miniconda3/envs/openvoice/lib/python3.9/site-packages/faster_whisper/transcribe.py", line 433, in generate_segments
    ) = self.generate_with_fallback(encoder_output, prompt, tokenizer, options)
  File "/home/ubuntu/miniconda3/envs/openvoice/lib/python3.9/site-packages/faster_whisper/transcribe.py", line 641, in generate_with_fallback
    result = self.model.generate(
RuntimeError: CUDA failed with error out of memory
Traceback (most recent call last):
  File "/home/ubuntu/OpenVoice/job.py", line 334, in <module>
    clone_voice(f"./projects/{i}/{j}")
  File "/home/ubuntu/OpenVoice/job.py", line 201, in clone_voice
    return(convert_color(projectfolder))
  File "/home/ubuntu/OpenVoice/job.py", line 277, in convert_color
    target_se, audio_name = se_extractor.get_se(ref_audio_path, tone_color_converter, vad=False)
  File "/home/ubuntu/OpenVoice/openvoice/se_extractor.py", line 146, in get_se
    wavs_folder = split_audio_whisper(audio_path, target_dir=target_dir, audio_name=audio_name)
  File "/home/ubuntu/OpenVoice/openvoice/se_extractor.py", line 29, in split_audio_whisper
    segments = list(segments)
  File "/home/ubuntu/miniconda3/envs/openvoice/lib/python3.9/site-packages/faster_whisper/transcribe.py", line 433, in generate_segments
    ) = self.generate_with_fallback(encoder_output, prompt, tokenizer, options)
  File "/home/ubuntu/miniconda3/envs/openvoice/lib/python3.9/site-packages/faster_whisper/transcribe.py", line 641, in generate_with_fallback
    result = self.model.generate(
RuntimeError: CUDA failed with error out of memory
Traceback (most recent call last):
  File "/home/ubuntu/OpenVoice/job.py", line 334, in <module>
    clone_voice(f"./projects/{i}/{j}")
  File "/home/ubuntu/OpenVoice/job.py", line 201, in clone_voice
    return(convert_color(projectfolder))
  File "/home/ubuntu/OpenVoice/job.py", line 277, in convert_color
    target_se, audio_name = se_extractor.get_se(ref_audio_path, tone_color_converter, vad=False)
  File "/home/ubuntu/OpenVoice/openvoice/se_extractor.py", line 146, in get_se
    wavs_folder = split_audio_whisper(audio_path, target_dir=target_dir, audio_name=audio_name)
  File "/home/ubuntu/OpenVoice/openvoice/se_extractor.py", line 29, in split_audio_whisper
    segments = list(segments)
  File "/home/ubuntu/miniconda3/envs/openvoice/lib/python3.9/site-packages/faster_whisper/transcribe.py", line 433, in generate_segments
    ) = self.generate_with_fallback(encoder_output, prompt, tokenizer, options)
  File "/home/ubuntu/miniconda3/envs/openvoice/lib/python3.9/site-packages/faster_whisper/transcribe.py", line 641, in generate_with_fallback
    result = self.model.generate(
RuntimeError: CUDA failed with error out of memory
Traceback (most recent call last):
  File "/home/ubuntu/OpenVoice/job.py", line 334, in <module>
    clone_voice(f"./projects/{i}/{j}")
  File "/home/ubuntu/OpenVoice/job.py", line 201, in clone_voice
    return(convert_color(projectfolder))
  File "/home/ubuntu/OpenVoice/job.py", line 277, in convert_color
    target_se, audio_name = se_extractor.get_se(ref_audio_path, tone_color_converter, vad=False)
  File "/home/ubuntu/OpenVoice/openvoice/se_extractor.py", line 146, in get_se
    wavs_folder = split_audio_whisper(audio_path, target_dir=target_dir, audio_name=audio_name)
  File "/home/ubuntu/OpenVoice/openvoice/se_extractor.py", line 29, in split_audio_whisper
    segments = list(segments)
  File "/home/ubuntu/miniconda3/envs/openvoice/lib/python3.9/site-packages/faster_whisper/transcribe.py", line 433, in generate_segments
    ) = self.generate_with_fallback(encoder_output, prompt, tokenizer, options)
  File "/home/ubuntu/miniconda3/envs/openvoice/lib/python3.9/site-packages/faster_whisper/transcribe.py", line 641, in generate_with_fallback
    result = self.model.generate(
RuntimeError: CUDA failed with error out of memory
Traceback (most recent call last):
  File "/home/ubuntu/OpenVoice/job.py", line 334, in <module>
    clone_voice(f"./projects/{i}/{j}")
  File "/home/ubuntu/OpenVoice/job.py", line 201, in clone_voice
    return(convert_color(projectfolder))
  File "/home/ubuntu/OpenVoice/job.py", line 277, in convert_color
    target_se, audio_name = se_extractor.get_se(ref_audio_path, tone_color_converter, vad=False)
  File "/home/ubuntu/OpenVoice/openvoice/se_extractor.py", line 146, in get_se
    wavs_folder = split_audio_whisper(audio_path, target_dir=target_dir, audio_name=audio_name)
  File "/home/ubuntu/OpenVoice/openvoice/se_extractor.py", line 29, in split_audio_whisper
    segments = list(segments)
  File "/home/ubuntu/miniconda3/envs/openvoice/lib/python3.9/site-packages/faster_whisper/transcribe.py", line 433, in generate_segments
    ) = self.generate_with_fallback(encoder_output, prompt, tokenizer, options)
  File "/home/ubuntu/miniconda3/envs/openvoice/lib/python3.9/site-packages/faster_whisper/transcribe.py", line 641, in generate_with_fallback
    result = self.model.generate(
RuntimeError: CUDA failed with error out of memory
Traceback (most recent call last):
  File "/home/ubuntu/OpenVoice/job.py", line 334, in <module>
    clone_voice(f"./projects/{i}/{j}")
  File "/home/ubuntu/OpenVoice/job.py", line 201, in clone_voice
    return(convert_color(projectfolder))
  File "/home/ubuntu/OpenVoice/job.py", line 277, in convert_color
    target_se, audio_name = se_extractor.get_se(ref_audio_path, tone_color_converter, vad=False)
  File "/home/ubuntu/OpenVoice/openvoice/se_extractor.py", line 146, in get_se
    wavs_folder = split_audio_whisper(audio_path, target_dir=target_dir, audio_name=audio_name)
  File "/home/ubuntu/OpenVoice/openvoice/se_extractor.py", line 29, in split_audio_whisper
    segments = list(segments)
  File "/home/ubuntu/miniconda3/envs/openvoice/lib/python3.9/site-packages/faster_whisper/transcribe.py", line 433, in generate_segments
    ) = self.generate_with_fallback(encoder_output, prompt, tokenizer, options)
  File "/home/ubuntu/miniconda3/envs/openvoice/lib/python3.9/site-packages/faster_whisper/transcribe.py", line 641, in generate_with_fallback
    result = self.model.generate(
RuntimeError: CUDA failed with error out of memory
Traceback (most recent call last):
  File "/home/ubuntu/OpenVoice/job.py", line 334, in <module>
    clone_voice(f"./projects/{i}/{j}")
  File "/home/ubuntu/OpenVoice/job.py", line 201, in clone_voice
    return(convert_color(projectfolder))
  File "/home/ubuntu/OpenVoice/job.py", line 277, in convert_color
    target_se, audio_name = se_extractor.get_se(ref_audio_path, tone_color_converter, vad=False)
  File "/home/ubuntu/OpenVoice/openvoice/se_extractor.py", line 146, in get_se
    wavs_folder = split_audio_whisper(audio_path, target_dir=target_dir, audio_name=audio_name)
  File "/home/ubuntu/OpenVoice/openvoice/se_extractor.py", line 29, in split_audio_whisper
    segments = list(segments)
  File "/home/ubuntu/miniconda3/envs/openvoice/lib/python3.9/site-packages/faster_whisper/transcribe.py", line 433, in generate_segments
    ) = self.generate_with_fallback(encoder_output, prompt, tokenizer, options)
  File "/home/ubuntu/miniconda3/envs/openvoice/lib/python3.9/site-packages/faster_whisper/transcribe.py", line 641, in generate_with_fallback
    result = self.model.generate(
RuntimeError: CUDA failed with error out of memory
Traceback (most recent call last):
  File "/home/ubuntu/OpenVoice/job.py", line 334, in <module>
    clone_voice(f"./projects/{i}/{j}")
  File "/home/ubuntu/OpenVoice/job.py", line 201, in clone_voice
    return(convert_color(projectfolder))
  File "/home/ubuntu/OpenVoice/job.py", line 277, in convert_color
    target_se, audio_name = se_extractor.get_se(ref_audio_path, tone_color_converter, vad=False)
  File "/home/ubuntu/OpenVoice/openvoice/se_extractor.py", line 146, in get_se
    wavs_folder = split_audio_whisper(audio_path, target_dir=target_dir, audio_name=audio_name)
  File "/home/ubuntu/OpenVoice/openvoice/se_extractor.py", line 29, in split_audio_whisper
    segments = list(segments)
  File "/home/ubuntu/miniconda3/envs/openvoice/lib/python3.9/site-packages/faster_whisper/transcribe.py", line 433, in generate_segments
    ) = self.generate_with_fallback(encoder_output, prompt, tokenizer, options)
  File "/home/ubuntu/miniconda3/envs/openvoice/lib/python3.9/site-packages/faster_whisper/transcribe.py", line 641, in generate_with_fallback
    result = self.model.generate(
RuntimeError: CUDA failed with error out of memory
Traceback (most recent call last):
  File "/home/ubuntu/OpenVoice/job.py", line 334, in <module>
    clone_voice(f"./projects/{i}/{j}")
  File "/home/ubuntu/OpenVoice/job.py", line 201, in clone_voice
    return(convert_color(projectfolder))
  File "/home/ubuntu/OpenVoice/job.py", line 277, in convert_color
    target_se, audio_name = se_extractor.get_se(ref_audio_path, tone_color_converter, vad=False)
  File "/home/ubuntu/OpenVoice/openvoice/se_extractor.py", line 150, in get_se
    raise NotImplementedError('No audio segments found!')
NotImplementedError: No audio segments found!
Traceback (most recent call last):
  File "/home/ubuntu/OpenVoice/job.py", line 334, in <module>
    clone_voice(f"./projects/{i}/{j}")
  File "/home/ubuntu/OpenVoice/job.py", line 201, in clone_voice
    return(convert_color(projectfolder))
  File "/home/ubuntu/OpenVoice/job.py", line 277, in convert_color
    target_se, audio_name = se_extractor.get_se(ref_audio_path, tone_color_converter, vad=False)
  File "/home/ubuntu/OpenVoice/openvoice/se_extractor.py", line 146, in get_se
    wavs_folder = split_audio_whisper(audio_path, target_dir=target_dir, audio_name=audio_name)
  File "/home/ubuntu/OpenVoice/openvoice/se_extractor.py", line 29, in split_audio_whisper
    segments = list(segments)
  File "/home/ubuntu/miniconda3/envs/openvoice/lib/python3.9/site-packages/faster_whisper/transcribe.py", line 433, in generate_segments
    ) = self.generate_with_fallback(encoder_output, prompt, tokenizer, options)
  File "/home/ubuntu/miniconda3/envs/openvoice/lib/python3.9/site-packages/faster_whisper/transcribe.py", line 641, in generate_with_fallback
    result = self.model.generate(
RuntimeError: CUDA failed with error out of memory
Traceback (most recent call last):
  File "/home/ubuntu/OpenVoice/job.py", line 334, in <module>
    clone_voice(f"./projects/{i}/{j}")
  File "/home/ubuntu/OpenVoice/job.py", line 201, in clone_voice
    return(convert_color(projectfolder))
  File "/home/ubuntu/OpenVoice/job.py", line 277, in convert_color
    target_se, audio_name = se_extractor.get_se(ref_audio_path, tone_color_converter, vad=False)
  File "/home/ubuntu/OpenVoice/openvoice/se_extractor.py", line 146, in get_se
    wavs_folder = split_audio_whisper(audio_path, target_dir=target_dir, audio_name=audio_name)
  File "/home/ubuntu/OpenVoice/openvoice/se_extractor.py", line 29, in split_audio_whisper
    segments = list(segments)
  File "/home/ubuntu/miniconda3/envs/openvoice/lib/python3.9/site-packages/faster_whisper/transcribe.py", line 433, in generate_segments
    ) = self.generate_with_fallback(encoder_output, prompt, tokenizer, options)
  File "/home/ubuntu/miniconda3/envs/openvoice/lib/python3.9/site-packages/faster_whisper/transcribe.py", line 641, in generate_with_fallback
    result = self.model.generate(
RuntimeError: CUDA failed with error out of memory
Traceback (most recent call last):
  File "/home/ubuntu/OpenVoice/job.py", line 334, in <module>
    clone_voice(f"./projects/{i}/{j}")
  File "/home/ubuntu/OpenVoice/job.py", line 201, in clone_voice
    return(convert_color(projectfolder))
  File "/home/ubuntu/OpenVoice/job.py", line 277, in convert_color
    target_se, audio_name = se_extractor.get_se(ref_audio_path, tone_color_converter, vad=False)
  File "/home/ubuntu/OpenVoice/openvoice/se_extractor.py", line 146, in get_se
    wavs_folder = split_audio_whisper(audio_path, target_dir=target_dir, audio_name=audio_name)
  File "/home/ubuntu/OpenVoice/openvoice/se_extractor.py", line 29, in split_audio_whisper
    segments = list(segments)
  File "/home/ubuntu/miniconda3/envs/openvoice/lib/python3.9/site-packages/faster_whisper/transcribe.py", line 433, in generate_segments
    ) = self.generate_with_fallback(encoder_output, prompt, tokenizer, options)
  File "/home/ubuntu/miniconda3/envs/openvoice/lib/python3.9/site-packages/faster_whisper/transcribe.py", line 641, in generate_with_fallback
    result = self.model.generate(
RuntimeError: CUDA failed with error out of memory
Traceback (most recent call last):
  File "/home/ubuntu/OpenVoice/job.py", line 334, in <module>
    clone_voice(f"./projects/{i}/{j}")
  File "/home/ubuntu/OpenVoice/job.py", line 201, in clone_voice
    return(convert_color(projectfolder))
  File "/home/ubuntu/OpenVoice/job.py", line 277, in convert_color
    target_se, audio_name = se_extractor.get_se(ref_audio_path, tone_color_converter, vad=False)
  File "/home/ubuntu/OpenVoice/openvoice/se_extractor.py", line 146, in get_se
    wavs_folder = split_audio_whisper(audio_path, target_dir=target_dir, audio_name=audio_name)
  File "/home/ubuntu/OpenVoice/openvoice/se_extractor.py", line 29, in split_audio_whisper
    segments = list(segments)
  File "/home/ubuntu/miniconda3/envs/openvoice/lib/python3.9/site-packages/faster_whisper/transcribe.py", line 433, in generate_segments
    ) = self.generate_with_fallback(encoder_output, prompt, tokenizer, options)
  File "/home/ubuntu/miniconda3/envs/openvoice/lib/python3.9/site-packages/faster_whisper/transcribe.py", line 641, in generate_with_fallback
    result = self.model.generate(
RuntimeError: CUDA failed with error out of memory
Traceback (most recent call last):
  File "/home/ubuntu/OpenVoice/job.py", line 334, in <module>
    clone_voice(f"./projects/{i}/{j}")
  File "/home/ubuntu/OpenVoice/job.py", line 201, in clone_voice
    return(convert_color(projectfolder))
  File "/home/ubuntu/OpenVoice/job.py", line 277, in convert_color
    target_se, audio_name = se_extractor.get_se(ref_audio_path, tone_color_converter, vad=False)
  File "/home/ubuntu/OpenVoice/openvoice/se_extractor.py", line 146, in get_se
    wavs_folder = split_audio_whisper(audio_path, target_dir=target_dir, audio_name=audio_name)
  File "/home/ubuntu/OpenVoice/openvoice/se_extractor.py", line 29, in split_audio_whisper
    segments = list(segments)
  File "/home/ubuntu/miniconda3/envs/openvoice/lib/python3.9/site-packages/faster_whisper/transcribe.py", line 433, in generate_segments
    ) = self.generate_with_fallback(encoder_output, prompt, tokenizer, options)
  File "/home/ubuntu/miniconda3/envs/openvoice/lib/python3.9/site-packages/faster_whisper/transcribe.py", line 641, in generate_with_fallback
    result = self.model.generate(
RuntimeError: CUDA failed with error out of memory
Traceback (most recent call last):
  File "/home/ubuntu/OpenVoice/job.py", line 334, in <module>
    clone_voice(f"./projects/{i}/{j}")
  File "/home/ubuntu/OpenVoice/job.py", line 201, in clone_voice
    return(convert_color(projectfolder))
  File "/home/ubuntu/OpenVoice/job.py", line 277, in convert_color
    target_se, audio_name = se_extractor.get_se(ref_audio_path, tone_color_converter, vad=False)
  File "/home/ubuntu/OpenVoice/openvoice/se_extractor.py", line 146, in get_se
    wavs_folder = split_audio_whisper(audio_path, target_dir=target_dir, audio_name=audio_name)
  File "/home/ubuntu/OpenVoice/openvoice/se_extractor.py", line 29, in split_audio_whisper
    segments = list(segments)
  File "/home/ubuntu/miniconda3/envs/openvoice/lib/python3.9/site-packages/faster_whisper/transcribe.py", line 433, in generate_segments
    ) = self.generate_with_fallback(encoder_output, prompt, tokenizer, options)
  File "/home/ubuntu/miniconda3/envs/openvoice/lib/python3.9/site-packages/faster_whisper/transcribe.py", line 641, in generate_with_fallback
    result = self.model.generate(
RuntimeError: CUDA failed with error out of memory
Traceback (most recent call last):
  File "/home/ubuntu/OpenVoice/job.py", line 334, in <module>
    clone_voice(f"./projects/{i}/{j}")
  File "/home/ubuntu/OpenVoice/job.py", line 201, in clone_voice
    return(convert_color(projectfolder))
  File "/home/ubuntu/OpenVoice/job.py", line 277, in convert_color
    target_se, audio_name = se_extractor.get_se(ref_audio_path, tone_color_converter, vad=False)
  File "/home/ubuntu/OpenVoice/openvoice/se_extractor.py", line 146, in get_se
    wavs_folder = split_audio_whisper(audio_path, target_dir=target_dir, audio_name=audio_name)
  File "/home/ubuntu/OpenVoice/openvoice/se_extractor.py", line 29, in split_audio_whisper
    segments = list(segments)
  File "/home/ubuntu/miniconda3/envs/openvoice/lib/python3.9/site-packages/faster_whisper/transcribe.py", line 433, in generate_segments
    ) = self.generate_with_fallback(encoder_output, prompt, tokenizer, options)
  File "/home/ubuntu/miniconda3/envs/openvoice/lib/python3.9/site-packages/faster_whisper/transcribe.py", line 641, in generate_with_fallback
    result = self.model.generate(
RuntimeError: CUDA failed with error out of memory
Traceback (most recent call last):
  File "/home/ubuntu/OpenVoice/job.py", line 334, in <module>
    clone_voice(f"./projects/{i}/{j}")
  File "/home/ubuntu/OpenVoice/job.py", line 201, in clone_voice
    return(convert_color(projectfolder))
  File "/home/ubuntu/OpenVoice/job.py", line 277, in convert_color
    target_se, audio_name = se_extractor.get_se(ref_audio_path, tone_color_converter, vad=False)
  File "/home/ubuntu/OpenVoice/openvoice/se_extractor.py", line 146, in get_se
    wavs_folder = split_audio_whisper(audio_path, target_dir=target_dir, audio_name=audio_name)
  File "/home/ubuntu/OpenVoice/openvoice/se_extractor.py", line 29, in split_audio_whisper
    segments = list(segments)
  File "/home/ubuntu/miniconda3/envs/openvoice/lib/python3.9/site-packages/faster_whisper/transcribe.py", line 433, in generate_segments
    ) = self.generate_with_fallback(encoder_output, prompt, tokenizer, options)
  File "/home/ubuntu/miniconda3/envs/openvoice/lib/python3.9/site-packages/faster_whisper/transcribe.py", line 641, in generate_with_fallback
    result = self.model.generate(
RuntimeError: CUDA failed with error out of memory
Traceback (most recent call last):
  File "/home/ubuntu/OpenVoice/job.py", line 334, in <module>
    clone_voice(f"./projects/{i}/{j}")
  File "/home/ubuntu/OpenVoice/job.py", line 201, in clone_voice
    return(convert_color(projectfolder))
  File "/home/ubuntu/OpenVoice/job.py", line 277, in convert_color
    target_se, audio_name = se_extractor.get_se(ref_audio_path, tone_color_converter, vad=False)
  File "/home/ubuntu/OpenVoice/openvoice/se_extractor.py", line 146, in get_se
    wavs_folder = split_audio_whisper(audio_path, target_dir=target_dir, audio_name=audio_name)
  File "/home/ubuntu/OpenVoice/openvoice/se_extractor.py", line 29, in split_audio_whisper
    segments = list(segments)
  File "/home/ubuntu/miniconda3/envs/openvoice/lib/python3.9/site-packages/faster_whisper/transcribe.py", line 433, in generate_segments
    ) = self.generate_with_fallback(encoder_output, prompt, tokenizer, options)
  File "/home/ubuntu/miniconda3/envs/openvoice/lib/python3.9/site-packages/faster_whisper/transcribe.py", line 641, in generate_with_fallback
    result = self.model.generate(
RuntimeError: CUDA failed with error out of memory
Traceback (most recent call last):
  File "/home/ubuntu/OpenVoice/job.py", line 334, in <module>
    clone_voice(f"./projects/{i}/{j}")
  File "/home/ubuntu/OpenVoice/job.py", line 201, in clone_voice
    return(convert_color(projectfolder))
  File "/home/ubuntu/OpenVoice/job.py", line 277, in convert_color
    target_se, audio_name = se_extractor.get_se(ref_audio_path, tone_color_converter, vad=False)
  File "/home/ubuntu/OpenVoice/openvoice/se_extractor.py", line 146, in get_se
    wavs_folder = split_audio_whisper(audio_path, target_dir=target_dir, audio_name=audio_name)
  File "/home/ubuntu/OpenVoice/openvoice/se_extractor.py", line 29, in split_audio_whisper
    segments = list(segments)
  File "/home/ubuntu/miniconda3/envs/openvoice/lib/python3.9/site-packages/faster_whisper/transcribe.py", line 433, in generate_segments
    ) = self.generate_with_fallback(encoder_output, prompt, tokenizer, options)
  File "/home/ubuntu/miniconda3/envs/openvoice/lib/python3.9/site-packages/faster_whisper/transcribe.py", line 641, in generate_with_fallback
    result = self.model.generate(
RuntimeError: CUDA failed with error out of memory
Traceback (most recent call last):
  File "/home/ubuntu/OpenVoice/job.py", line 334, in <module>
    clone_voice(f"./projects/{i}/{j}")
  File "/home/ubuntu/OpenVoice/job.py", line 201, in clone_voice
    return(convert_color(projectfolder))
  File "/home/ubuntu/OpenVoice/job.py", line 277, in convert_color
    target_se, audio_name = se_extractor.get_se(ref_audio_path, tone_color_converter, vad=False)
  File "/home/ubuntu/OpenVoice/openvoice/se_extractor.py", line 146, in get_se
    wavs_folder = split_audio_whisper(audio_path, target_dir=target_dir, audio_name=audio_name)
  File "/home/ubuntu/OpenVoice/openvoice/se_extractor.py", line 29, in split_audio_whisper
    segments = list(segments)
  File "/home/ubuntu/miniconda3/envs/openvoice/lib/python3.9/site-packages/faster_whisper/transcribe.py", line 433, in generate_segments
    ) = self.generate_with_fallback(encoder_output, prompt, tokenizer, options)
  File "/home/ubuntu/miniconda3/envs/openvoice/lib/python3.9/site-packages/faster_whisper/transcribe.py", line 641, in generate_with_fallback
    result = self.model.generate(
RuntimeError: CUDA failed with error out of memory
Traceback (most recent call last):
  File "/home/ubuntu/OpenVoice/job.py", line 334, in <module>
    clone_voice(f"./projects/{i}/{j}")
  File "/home/ubuntu/OpenVoice/job.py", line 201, in clone_voice
    return(convert_color(projectfolder))
  File "/home/ubuntu/OpenVoice/job.py", line 277, in convert_color
    target_se, audio_name = se_extractor.get_se(ref_audio_path, tone_color_converter, vad=False)
  File "/home/ubuntu/OpenVoice/openvoice/se_extractor.py", line 146, in get_se
    wavs_folder = split_audio_whisper(audio_path, target_dir=target_dir, audio_name=audio_name)
  File "/home/ubuntu/OpenVoice/openvoice/se_extractor.py", line 29, in split_audio_whisper
    segments = list(segments)
  File "/home/ubuntu/miniconda3/envs/openvoice/lib/python3.9/site-packages/faster_whisper/transcribe.py", line 433, in generate_segments
    ) = self.generate_with_fallback(encoder_output, prompt, tokenizer, options)
  File "/home/ubuntu/miniconda3/envs/openvoice/lib/python3.9/site-packages/faster_whisper/transcribe.py", line 641, in generate_with_fallback
    result = self.model.generate(
RuntimeError: CUDA failed with error out of memory
Traceback (most recent call last):
  File "/home/ubuntu/OpenVoice/job.py", line 334, in <module>
    clone_voice(f"./projects/{i}/{j}")
  File "/home/ubuntu/OpenVoice/job.py", line 201, in clone_voice
    return(convert_color(projectfolder))
  File "/home/ubuntu/OpenVoice/job.py", line 277, in convert_color
    target_se, audio_name = se_extractor.get_se(ref_audio_path, tone_color_converter, vad=False)
  File "/home/ubuntu/OpenVoice/openvoice/se_extractor.py", line 146, in get_se
    wavs_folder = split_audio_whisper(audio_path, target_dir=target_dir, audio_name=audio_name)
  File "/home/ubuntu/OpenVoice/openvoice/se_extractor.py", line 29, in split_audio_whisper
    segments = list(segments)
  File "/home/ubuntu/miniconda3/envs/openvoice/lib/python3.9/site-packages/faster_whisper/transcribe.py", line 433, in generate_segments
    ) = self.generate_with_fallback(encoder_output, prompt, tokenizer, options)
  File "/home/ubuntu/miniconda3/envs/openvoice/lib/python3.9/site-packages/faster_whisper/transcribe.py", line 641, in generate_with_fallback
    result = self.model.generate(
RuntimeError: CUDA failed with error out of memory
Traceback (most recent call last):
  File "/home/ubuntu/OpenVoice/job.py", line 334, in <module>
    clone_voice(f"./projects/{i}/{j}")
  File "/home/ubuntu/OpenVoice/job.py", line 201, in clone_voice
    return(convert_color(projectfolder))
  File "/home/ubuntu/OpenVoice/job.py", line 277, in convert_color
    target_se, audio_name = se_extractor.get_se(ref_audio_path, tone_color_converter, vad=False)
  File "/home/ubuntu/OpenVoice/openvoice/se_extractor.py", line 146, in get_se
    wavs_folder = split_audio_whisper(audio_path, target_dir=target_dir, audio_name=audio_name)
  File "/home/ubuntu/OpenVoice/openvoice/se_extractor.py", line 29, in split_audio_whisper
    segments = list(segments)
  File "/home/ubuntu/miniconda3/envs/openvoice/lib/python3.9/site-packages/faster_whisper/transcribe.py", line 433, in generate_segments
    ) = self.generate_with_fallback(encoder_output, prompt, tokenizer, options)
  File "/home/ubuntu/miniconda3/envs/openvoice/lib/python3.9/site-packages/faster_whisper/transcribe.py", line 641, in generate_with_fallback
    result = self.model.generate(
RuntimeError: CUDA failed with error out of memory
Traceback (most recent call last):
  File "/home/ubuntu/OpenVoice/job.py", line 334, in <module>
    clone_voice(f"./projects/{i}/{j}")
  File "/home/ubuntu/OpenVoice/job.py", line 201, in clone_voice
    return(convert_color(projectfolder))
  File "/home/ubuntu/OpenVoice/job.py", line 277, in convert_color
    target_se, audio_name = se_extractor.get_se(ref_audio_path, tone_color_converter, vad=False)
  File "/home/ubuntu/OpenVoice/openvoice/se_extractor.py", line 146, in get_se
    wavs_folder = split_audio_whisper(audio_path, target_dir=target_dir, audio_name=audio_name)
  File "/home/ubuntu/OpenVoice/openvoice/se_extractor.py", line 29, in split_audio_whisper
    segments = list(segments)
  File "/home/ubuntu/miniconda3/envs/openvoice/lib/python3.9/site-packages/faster_whisper/transcribe.py", line 433, in generate_segments
    ) = self.generate_with_fallback(encoder_output, prompt, tokenizer, options)
  File "/home/ubuntu/miniconda3/envs/openvoice/lib/python3.9/site-packages/faster_whisper/transcribe.py", line 641, in generate_with_fallback
    result = self.model.generate(
RuntimeError: CUDA failed with error out of memory
Traceback (most recent call last):
  File "/home/ubuntu/OpenVoice/job.py", line 334, in <module>
    clone_voice(f"./projects/{i}/{j}")
  File "/home/ubuntu/OpenVoice/job.py", line 201, in clone_voice
    return(convert_color(projectfolder))
  File "/home/ubuntu/OpenVoice/job.py", line 277, in convert_color
    target_se, audio_name = se_extractor.get_se(ref_audio_path, tone_color_converter, vad=False)
  File "/home/ubuntu/OpenVoice/openvoice/se_extractor.py", line 146, in get_se
    wavs_folder = split_audio_whisper(audio_path, target_dir=target_dir, audio_name=audio_name)
  File "/home/ubuntu/OpenVoice/openvoice/se_extractor.py", line 29, in split_audio_whisper
    segments = list(segments)
  File "/home/ubuntu/miniconda3/envs/openvoice/lib/python3.9/site-packages/faster_whisper/transcribe.py", line 433, in generate_segments
    ) = self.generate_with_fallback(encoder_output, prompt, tokenizer, options)
  File "/home/ubuntu/miniconda3/envs/openvoice/lib/python3.9/site-packages/faster_whisper/transcribe.py", line 641, in generate_with_fallback
    result = self.model.generate(
RuntimeError: CUDA failed with error out of memory
Traceback (most recent call last):
  File "/home/ubuntu/OpenVoice/job.py", line 334, in <module>
    clone_voice(f"./projects/{i}/{j}")
  File "/home/ubuntu/OpenVoice/job.py", line 201, in clone_voice
    return(convert_color(projectfolder))
  File "/home/ubuntu/OpenVoice/job.py", line 277, in convert_color
    target_se, audio_name = se_extractor.get_se(ref_audio_path, tone_color_converter, vad=False)
  File "/home/ubuntu/OpenVoice/openvoice/se_extractor.py", line 146, in get_se
    wavs_folder = split_audio_whisper(audio_path, target_dir=target_dir, audio_name=audio_name)
  File "/home/ubuntu/OpenVoice/openvoice/se_extractor.py", line 29, in split_audio_whisper
    segments = list(segments)
  File "/home/ubuntu/miniconda3/envs/openvoice/lib/python3.9/site-packages/faster_whisper/transcribe.py", line 433, in generate_segments
    ) = self.generate_with_fallback(encoder_output, prompt, tokenizer, options)
  File "/home/ubuntu/miniconda3/envs/openvoice/lib/python3.9/site-packages/faster_whisper/transcribe.py", line 641, in generate_with_fallback
    result = self.model.generate(
RuntimeError: CUDA failed with error out of memory
Traceback (most recent call last):
  File "/home/ubuntu/OpenVoice/job.py", line 279, in convert_color
    source_se = torch.load(f'checkpoints_v2/google_base_speakers/models/{voicecode}.pth', map_location=device)
  File "/home/ubuntu/miniconda3/envs/openvoice/lib/python3.9/site-packages/torch/serialization.py", line 997, in load
    with _open_file_like(f, 'rb') as opened_file:
  File "/home/ubuntu/miniconda3/envs/openvoice/lib/python3.9/site-packages/torch/serialization.py", line 444, in _open_file_like
    return _open_file(name_or_buffer, mode)
  File "/home/ubuntu/miniconda3/envs/openvoice/lib/python3.9/site-packages/torch/serialization.py", line 425, in __init__
    super().__init__(open(name, mode))
FileNotFoundError: [Errno 2] No such file or directory: 'checkpoints_v2/google_base_speakers/models/cmn-CN-Wavenet-C.pth'

During handling of the above exception, another exception occurred:

Traceback (most recent call last):
  File "/home/ubuntu/OpenVoice/job.py", line 288, in convert_color
    synthesis_input = texttospeech.SynthesisInput(text=texts_[voicecode[:2]])
KeyError: 'cm'

During handling of the above exception, another exception occurred:

Traceback (most recent call last):
  File "/home/ubuntu/OpenVoice/job.py", line 334, in <module>
    clone_voice(f"./projects/{i}/{j}")
  File "/home/ubuntu/OpenVoice/job.py", line 201, in clone_voice
    return(convert_color(projectfolder))
  File "/home/ubuntu/OpenVoice/job.py", line 296, in convert_color
    create_speech_azure(texts_[voicecode[:2]],f"checkpoints_v2/google_base_speakers/src/{voicecode}.mp3",voicecode)
KeyError: 'cm'
Traceback (most recent call last):
  File "/home/ubuntu/OpenVoice/job.py", line 334, in <module>
    clone_voice(f"./projects/{i}/{j}")
  File "/home/ubuntu/OpenVoice/job.py", line 201, in clone_voice
    return(convert_color(projectfolder))
  File "/home/ubuntu/OpenVoice/job.py", line 277, in convert_color
    target_se, audio_name = se_extractor.get_se(ref_audio_path, tone_color_converter, vad=False)
  File "/home/ubuntu/OpenVoice/openvoice/se_extractor.py", line 146, in get_se
    wavs_folder = split_audio_whisper(audio_path, target_dir=target_dir, audio_name=audio_name)
  File "/home/ubuntu/OpenVoice/openvoice/se_extractor.py", line 29, in split_audio_whisper
    segments = list(segments)
  File "/home/ubuntu/miniconda3/envs/openvoice/lib/python3.9/site-packages/faster_whisper/transcribe.py", line 433, in generate_segments
    ) = self.generate_with_fallback(encoder_output, prompt, tokenizer, options)
  File "/home/ubuntu/miniconda3/envs/openvoice/lib/python3.9/site-packages/faster_whisper/transcribe.py", line 641, in generate_with_fallback
    result = self.model.generate(
RuntimeError: CUDA failed with error out of memory
Traceback (most recent call last):
  File "/home/ubuntu/OpenVoice/job.py", line 334, in <module>
    clone_voice(f"./projects/{i}/{j}")
  File "/home/ubuntu/OpenVoice/job.py", line 201, in clone_voice
    return(convert_color(projectfolder))
  File "/home/ubuntu/OpenVoice/job.py", line 277, in convert_color
    target_se, audio_name = se_extractor.get_se(ref_audio_path, tone_color_converter, vad=False)
  File "/home/ubuntu/OpenVoice/openvoice/se_extractor.py", line 146, in get_se
    wavs_folder = split_audio_whisper(audio_path, target_dir=target_dir, audio_name=audio_name)
  File "/home/ubuntu/OpenVoice/openvoice/se_extractor.py", line 29, in split_audio_whisper
    segments = list(segments)
  File "/home/ubuntu/miniconda3/envs/openvoice/lib/python3.9/site-packages/faster_whisper/transcribe.py", line 433, in generate_segments
    ) = self.generate_with_fallback(encoder_output, prompt, tokenizer, options)
  File "/home/ubuntu/miniconda3/envs/openvoice/lib/python3.9/site-packages/faster_whisper/transcribe.py", line 641, in generate_with_fallback
    result = self.model.generate(
RuntimeError: CUDA failed with error out of memory
Traceback (most recent call last):
  File "/home/ubuntu/OpenVoice/job.py", line 334, in <module>
    clone_voice(f"./projects/{i}/{j}")
  File "/home/ubuntu/OpenVoice/job.py", line 201, in clone_voice
    return(convert_color(projectfolder))
  File "/home/ubuntu/OpenVoice/job.py", line 277, in convert_color
    target_se, audio_name = se_extractor.get_se(ref_audio_path, tone_color_converter, vad=False)
  File "/home/ubuntu/OpenVoice/openvoice/se_extractor.py", line 146, in get_se
    wavs_folder = split_audio_whisper(audio_path, target_dir=target_dir, audio_name=audio_name)
  File "/home/ubuntu/OpenVoice/openvoice/se_extractor.py", line 29, in split_audio_whisper
    segments = list(segments)
  File "/home/ubuntu/miniconda3/envs/openvoice/lib/python3.9/site-packages/faster_whisper/transcribe.py", line 433, in generate_segments
    ) = self.generate_with_fallback(encoder_output, prompt, tokenizer, options)
  File "/home/ubuntu/miniconda3/envs/openvoice/lib/python3.9/site-packages/faster_whisper/transcribe.py", line 641, in generate_with_fallback
    result = self.model.generate(
RuntimeError: CUDA failed with error out of memory
Traceback (most recent call last):
  File "/home/ubuntu/OpenVoice/job.py", line 334, in <module>
    clone_voice(f"./projects/{i}/{j}")
  File "/home/ubuntu/OpenVoice/job.py", line 201, in clone_voice
    return(convert_color(projectfolder))
  File "/home/ubuntu/OpenVoice/job.py", line 277, in convert_color
    target_se, audio_name = se_extractor.get_se(ref_audio_path, tone_color_converter, vad=False)
  File "/home/ubuntu/OpenVoice/openvoice/se_extractor.py", line 146, in get_se
    wavs_folder = split_audio_whisper(audio_path, target_dir=target_dir, audio_name=audio_name)
  File "/home/ubuntu/OpenVoice/openvoice/se_extractor.py", line 29, in split_audio_whisper
    segments = list(segments)
  File "/home/ubuntu/miniconda3/envs/openvoice/lib/python3.9/site-packages/faster_whisper/transcribe.py", line 433, in generate_segments
    ) = self.generate_with_fallback(encoder_output, prompt, tokenizer, options)
  File "/home/ubuntu/miniconda3/envs/openvoice/lib/python3.9/site-packages/faster_whisper/transcribe.py", line 641, in generate_with_fallback
    result = self.model.generate(
RuntimeError: CUDA failed with error out of memory
Traceback (most recent call last):
  File "/home/ubuntu/OpenVoice/job.py", line 334, in <module>
    clone_voice(f"./projects/{i}/{j}")
  File "/home/ubuntu/OpenVoice/job.py", line 201, in clone_voice
    return(convert_color(projectfolder))
  File "/home/ubuntu/OpenVoice/job.py", line 277, in convert_color
    target_se, audio_name = se_extractor.get_se(ref_audio_path, tone_color_converter, vad=False)
  File "/home/ubuntu/OpenVoice/openvoice/se_extractor.py", line 146, in get_se
    wavs_folder = split_audio_whisper(audio_path, target_dir=target_dir, audio_name=audio_name)
  File "/home/ubuntu/OpenVoice/openvoice/se_extractor.py", line 29, in split_audio_whisper
    segments = list(segments)
  File "/home/ubuntu/miniconda3/envs/openvoice/lib/python3.9/site-packages/faster_whisper/transcribe.py", line 433, in generate_segments
    ) = self.generate_with_fallback(encoder_output, prompt, tokenizer, options)
  File "/home/ubuntu/miniconda3/envs/openvoice/lib/python3.9/site-packages/faster_whisper/transcribe.py", line 641, in generate_with_fallback
    result = self.model.generate(
RuntimeError: CUDA failed with error out of memory
Traceback (most recent call last):
  File "/home/ubuntu/OpenVoice/job.py", line 334, in <module>
    clone_voice(f"./projects/{i}/{j}")
  File "/home/ubuntu/OpenVoice/job.py", line 201, in clone_voice
    return(convert_color(projectfolder))
  File "/home/ubuntu/OpenVoice/job.py", line 277, in convert_color
    target_se, audio_name = se_extractor.get_se(ref_audio_path, tone_color_converter, vad=False)
  File "/home/ubuntu/OpenVoice/openvoice/se_extractor.py", line 146, in get_se
    wavs_folder = split_audio_whisper(audio_path, target_dir=target_dir, audio_name=audio_name)
  File "/home/ubuntu/OpenVoice/openvoice/se_extractor.py", line 29, in split_audio_whisper
    segments = list(segments)
  File "/home/ubuntu/miniconda3/envs/openvoice/lib/python3.9/site-packages/faster_whisper/transcribe.py", line 433, in generate_segments
    ) = self.generate_with_fallback(encoder_output, prompt, tokenizer, options)
  File "/home/ubuntu/miniconda3/envs/openvoice/lib/python3.9/site-packages/faster_whisper/transcribe.py", line 641, in generate_with_fallback
    result = self.model.generate(
RuntimeError: CUDA failed with error out of memory
Traceback (most recent call last):
  File "/home/ubuntu/OpenVoice/job.py", line 334, in <module>
    clone_voice(f"./projects/{i}/{j}")
  File "/home/ubuntu/OpenVoice/job.py", line 201, in clone_voice
    return(convert_color(projectfolder))
  File "/home/ubuntu/OpenVoice/job.py", line 277, in convert_color
    target_se, audio_name = se_extractor.get_se(ref_audio_path, tone_color_converter, vad=False)
  File "/home/ubuntu/OpenVoice/openvoice/se_extractor.py", line 146, in get_se
    wavs_folder = split_audio_whisper(audio_path, target_dir=target_dir, audio_name=audio_name)
  File "/home/ubuntu/OpenVoice/openvoice/se_extractor.py", line 29, in split_audio_whisper
    segments = list(segments)
  File "/home/ubuntu/miniconda3/envs/openvoice/lib/python3.9/site-packages/faster_whisper/transcribe.py", line 433, in generate_segments
    ) = self.generate_with_fallback(encoder_output, prompt, tokenizer, options)
  File "/home/ubuntu/miniconda3/envs/openvoice/lib/python3.9/site-packages/faster_whisper/transcribe.py", line 641, in generate_with_fallback
    result = self.model.generate(
RuntimeError: CUDA failed with error out of memory
Traceback (most recent call last):
  File "/home/ubuntu/OpenVoice/job.py", line 334, in <module>
    clone_voice(f"./projects/{i}/{j}")
  File "/home/ubuntu/OpenVoice/job.py", line 201, in clone_voice
    return(convert_color(projectfolder))
  File "/home/ubuntu/OpenVoice/job.py", line 277, in convert_color
    target_se, audio_name = se_extractor.get_se(ref_audio_path, tone_color_converter, vad=False)
  File "/home/ubuntu/OpenVoice/openvoice/se_extractor.py", line 146, in get_se
    wavs_folder = split_audio_whisper(audio_path, target_dir=target_dir, audio_name=audio_name)
  File "/home/ubuntu/OpenVoice/openvoice/se_extractor.py", line 29, in split_audio_whisper
    segments = list(segments)
  File "/home/ubuntu/miniconda3/envs/openvoice/lib/python3.9/site-packages/faster_whisper/transcribe.py", line 433, in generate_segments
    ) = self.generate_with_fallback(encoder_output, prompt, tokenizer, options)
  File "/home/ubuntu/miniconda3/envs/openvoice/lib/python3.9/site-packages/faster_whisper/transcribe.py", line 641, in generate_with_fallback
    result = self.model.generate(
RuntimeError: CUDA failed with error out of memory
Traceback (most recent call last):
  File "/home/ubuntu/OpenVoice/job.py", line 334, in <module>
    clone_voice(f"./projects/{i}/{j}")
  File "/home/ubuntu/OpenVoice/job.py", line 201, in clone_voice
    return(convert_color(projectfolder))
  File "/home/ubuntu/OpenVoice/job.py", line 277, in convert_color
    target_se, audio_name = se_extractor.get_se(ref_audio_path, tone_color_converter, vad=False)
  File "/home/ubuntu/OpenVoice/openvoice/se_extractor.py", line 146, in get_se
    wavs_folder = split_audio_whisper(audio_path, target_dir=target_dir, audio_name=audio_name)
  File "/home/ubuntu/OpenVoice/openvoice/se_extractor.py", line 29, in split_audio_whisper
    segments = list(segments)
  File "/home/ubuntu/miniconda3/envs/openvoice/lib/python3.9/site-packages/faster_whisper/transcribe.py", line 433, in generate_segments
    ) = self.generate_with_fallback(encoder_output, prompt, tokenizer, options)
  File "/home/ubuntu/miniconda3/envs/openvoice/lib/python3.9/site-packages/faster_whisper/transcribe.py", line 641, in generate_with_fallback
    result = self.model.generate(
RuntimeError: CUDA failed with error out of memory
Traceback (most recent call last):
  File "/home/ubuntu/OpenVoice/job.py", line 334, in <module>
    clone_voice(f"./projects/{i}/{j}")
  File "/home/ubuntu/OpenVoice/job.py", line 201, in clone_voice
    return(convert_color(projectfolder))
  File "/home/ubuntu/OpenVoice/job.py", line 277, in convert_color
    target_se, audio_name = se_extractor.get_se(ref_audio_path, tone_color_converter, vad=False)
  File "/home/ubuntu/OpenVoice/openvoice/se_extractor.py", line 146, in get_se
    wavs_folder = split_audio_whisper(audio_path, target_dir=target_dir, audio_name=audio_name)
  File "/home/ubuntu/OpenVoice/openvoice/se_extractor.py", line 29, in split_audio_whisper
    segments = list(segments)
  File "/home/ubuntu/miniconda3/envs/openvoice/lib/python3.9/site-packages/faster_whisper/transcribe.py", line 433, in generate_segments
    ) = self.generate_with_fallback(encoder_output, prompt, tokenizer, options)
  File "/home/ubuntu/miniconda3/envs/openvoice/lib/python3.9/site-packages/faster_whisper/transcribe.py", line 641, in generate_with_fallback
    result = self.model.generate(
RuntimeError: CUDA failed with error out of memory
Traceback (most recent call last):
  File "/home/ubuntu/OpenVoice/job.py", line 334, in <module>
    clone_voice(f"./projects/{i}/{j}")
  File "/home/ubuntu/OpenVoice/job.py", line 201, in clone_voice
    return(convert_color(projectfolder))
  File "/home/ubuntu/OpenVoice/job.py", line 277, in convert_color
    target_se, audio_name = se_extractor.get_se(ref_audio_path, tone_color_converter, vad=False)
  File "/home/ubuntu/OpenVoice/openvoice/se_extractor.py", line 146, in get_se
    wavs_folder = split_audio_whisper(audio_path, target_dir=target_dir, audio_name=audio_name)
  File "/home/ubuntu/OpenVoice/openvoice/se_extractor.py", line 29, in split_audio_whisper
    segments = list(segments)
  File "/home/ubuntu/miniconda3/envs/openvoice/lib/python3.9/site-packages/faster_whisper/transcribe.py", line 433, in generate_segments
    ) = self.generate_with_fallback(encoder_output, prompt, tokenizer, options)
  File "/home/ubuntu/miniconda3/envs/openvoice/lib/python3.9/site-packages/faster_whisper/transcribe.py", line 641, in generate_with_fallback
    result = self.model.generate(
RuntimeError: CUDA failed with error out of memory
Traceback (most recent call last):
  File "/home/ubuntu/OpenVoice/job.py", line 334, in <module>
    clone_voice(f"./projects/{i}/{j}")
  File "/home/ubuntu/OpenVoice/job.py", line 201, in clone_voice
    return(convert_color(projectfolder))
  File "/home/ubuntu/OpenVoice/job.py", line 277, in convert_color
    target_se, audio_name = se_extractor.get_se(ref_audio_path, tone_color_converter, vad=False)
  File "/home/ubuntu/OpenVoice/openvoice/se_extractor.py", line 146, in get_se
    wavs_folder = split_audio_whisper(audio_path, target_dir=target_dir, audio_name=audio_name)
  File "/home/ubuntu/OpenVoice/openvoice/se_extractor.py", line 29, in split_audio_whisper
    segments = list(segments)
  File "/home/ubuntu/miniconda3/envs/openvoice/lib/python3.9/site-packages/faster_whisper/transcribe.py", line 433, in generate_segments
    ) = self.generate_with_fallback(encoder_output, prompt, tokenizer, options)
  File "/home/ubuntu/miniconda3/envs/openvoice/lib/python3.9/site-packages/faster_whisper/transcribe.py", line 641, in generate_with_fallback
    result = self.model.generate(
RuntimeError: CUDA failed with error out of memory
Traceback (most recent call last):
  File "/home/ubuntu/OpenVoice/job.py", line 334, in <module>
    clone_voice(f"./projects/{i}/{j}")
  File "/home/ubuntu/OpenVoice/job.py", line 201, in clone_voice
    return(convert_color(projectfolder))
  File "/home/ubuntu/OpenVoice/job.py", line 277, in convert_color
    target_se, audio_name = se_extractor.get_se(ref_audio_path, tone_color_converter, vad=False)
  File "/home/ubuntu/OpenVoice/openvoice/se_extractor.py", line 146, in get_se
    wavs_folder = split_audio_whisper(audio_path, target_dir=target_dir, audio_name=audio_name)
  File "/home/ubuntu/OpenVoice/openvoice/se_extractor.py", line 29, in split_audio_whisper
    segments = list(segments)
  File "/home/ubuntu/miniconda3/envs/openvoice/lib/python3.9/site-packages/faster_whisper/transcribe.py", line 433, in generate_segments
    ) = self.generate_with_fallback(encoder_output, prompt, tokenizer, options)
  File "/home/ubuntu/miniconda3/envs/openvoice/lib/python3.9/site-packages/faster_whisper/transcribe.py", line 641, in generate_with_fallback
    result = self.model.generate(
RuntimeError: CUDA failed with error out of memory
Traceback (most recent call last):
  File "/home/ubuntu/OpenVoice/job.py", line 334, in <module>
    clone_voice(f"./projects/{i}/{j}")
  File "/home/ubuntu/OpenVoice/job.py", line 201, in clone_voice
    return(convert_color(projectfolder))
  File "/home/ubuntu/OpenVoice/job.py", line 277, in convert_color
    target_se, audio_name = se_extractor.get_se(ref_audio_path, tone_color_converter, vad=False)
  File "/home/ubuntu/OpenVoice/openvoice/se_extractor.py", line 146, in get_se
    wavs_folder = split_audio_whisper(audio_path, target_dir=target_dir, audio_name=audio_name)
  File "/home/ubuntu/OpenVoice/openvoice/se_extractor.py", line 29, in split_audio_whisper
    segments = list(segments)
  File "/home/ubuntu/miniconda3/envs/openvoice/lib/python3.9/site-packages/faster_whisper/transcribe.py", line 433, in generate_segments
    ) = self.generate_with_fallback(encoder_output, prompt, tokenizer, options)
  File "/home/ubuntu/miniconda3/envs/openvoice/lib/python3.9/site-packages/faster_whisper/transcribe.py", line 641, in generate_with_fallback
    result = self.model.generate(
RuntimeError: CUDA failed with error out of memory
Traceback (most recent call last):
  File "/home/ubuntu/OpenVoice/job.py", line 334, in <module>
    clone_voice(f"./projects/{i}/{j}")
  File "/home/ubuntu/OpenVoice/job.py", line 201, in clone_voice
    return(convert_color(projectfolder))
  File "/home/ubuntu/OpenVoice/job.py", line 277, in convert_color
    target_se, audio_name = se_extractor.get_se(ref_audio_path, tone_color_converter, vad=False)
  File "/home/ubuntu/OpenVoice/openvoice/se_extractor.py", line 146, in get_se
    wavs_folder = split_audio_whisper(audio_path, target_dir=target_dir, audio_name=audio_name)
  File "/home/ubuntu/OpenVoice/openvoice/se_extractor.py", line 29, in split_audio_whisper
    segments = list(segments)
  File "/home/ubuntu/miniconda3/envs/openvoice/lib/python3.9/site-packages/faster_whisper/transcribe.py", line 433, in generate_segments
    ) = self.generate_with_fallback(encoder_output, prompt, tokenizer, options)
  File "/home/ubuntu/miniconda3/envs/openvoice/lib/python3.9/site-packages/faster_whisper/transcribe.py", line 641, in generate_with_fallback
    result = self.model.generate(
RuntimeError: CUDA failed with error out of memory
Traceback (most recent call last):
  File "/home/ubuntu/OpenVoice/job.py", line 334, in <module>
    clone_voice(f"./projects/{i}/{j}")
  File "/home/ubuntu/OpenVoice/job.py", line 201, in clone_voice
    return(convert_color(projectfolder))
  File "/home/ubuntu/OpenVoice/job.py", line 277, in convert_color
    target_se, audio_name = se_extractor.get_se(ref_audio_path, tone_color_converter, vad=False)
  File "/home/ubuntu/OpenVoice/openvoice/se_extractor.py", line 146, in get_se
    wavs_folder = split_audio_whisper(audio_path, target_dir=target_dir, audio_name=audio_name)
  File "/home/ubuntu/OpenVoice/openvoice/se_extractor.py", line 29, in split_audio_whisper
    segments = list(segments)
  File "/home/ubuntu/miniconda3/envs/openvoice/lib/python3.9/site-packages/faster_whisper/transcribe.py", line 433, in generate_segments
    ) = self.generate_with_fallback(encoder_output, prompt, tokenizer, options)
  File "/home/ubuntu/miniconda3/envs/openvoice/lib/python3.9/site-packages/faster_whisper/transcribe.py", line 641, in generate_with_fallback
    result = self.model.generate(
RuntimeError: CUDA failed with error out of memory
Traceback (most recent call last):
  File "/home/ubuntu/OpenVoice/job.py", line 334, in <module>
    clone_voice(f"./projects/{i}/{j}")
  File "/home/ubuntu/OpenVoice/job.py", line 201, in clone_voice
    return(convert_color(projectfolder))
  File "/home/ubuntu/OpenVoice/job.py", line 277, in convert_color
    target_se, audio_name = se_extractor.get_se(ref_audio_path, tone_color_converter, vad=False)
  File "/home/ubuntu/OpenVoice/openvoice/se_extractor.py", line 146, in get_se
    wavs_folder = split_audio_whisper(audio_path, target_dir=target_dir, audio_name=audio_name)
  File "/home/ubuntu/OpenVoice/openvoice/se_extractor.py", line 29, in split_audio_whisper
    segments = list(segments)
  File "/home/ubuntu/miniconda3/envs/openvoice/lib/python3.9/site-packages/faster_whisper/transcribe.py", line 433, in generate_segments
    ) = self.generate_with_fallback(encoder_output, prompt, tokenizer, options)
  File "/home/ubuntu/miniconda3/envs/openvoice/lib/python3.9/site-packages/faster_whisper/transcribe.py", line 641, in generate_with_fallback
    result = self.model.generate(
RuntimeError: CUDA failed with error out of memory
Traceback (most recent call last):
  File "/home/ubuntu/OpenVoice/job.py", line 334, in <module>
    clone_voice(f"./projects/{i}/{j}")
  File "/home/ubuntu/OpenVoice/job.py", line 201, in clone_voice
    return(convert_color(projectfolder))
  File "/home/ubuntu/OpenVoice/job.py", line 277, in convert_color
    target_se, audio_name = se_extractor.get_se(ref_audio_path, tone_color_converter, vad=False)
  File "/home/ubuntu/OpenVoice/openvoice/se_extractor.py", line 146, in get_se
    wavs_folder = split_audio_whisper(audio_path, target_dir=target_dir, audio_name=audio_name)
  File "/home/ubuntu/OpenVoice/openvoice/se_extractor.py", line 29, in split_audio_whisper
    segments = list(segments)
  File "/home/ubuntu/miniconda3/envs/openvoice/lib/python3.9/site-packages/faster_whisper/transcribe.py", line 433, in generate_segments
    ) = self.generate_with_fallback(encoder_output, prompt, tokenizer, options)
  File "/home/ubuntu/miniconda3/envs/openvoice/lib/python3.9/site-packages/faster_whisper/transcribe.py", line 641, in generate_with_fallback
    result = self.model.generate(
RuntimeError: CUDA failed with error out of memory
Traceback (most recent call last):
  File "/home/ubuntu/OpenVoice/job.py", line 334, in <module>
    clone_voice(f"./projects/{i}/{j}")
  File "/home/ubuntu/OpenVoice/job.py", line 201, in clone_voice
    return(convert_color(projectfolder))
  File "/home/ubuntu/OpenVoice/job.py", line 277, in convert_color
    target_se, audio_name = se_extractor.get_se(ref_audio_path, tone_color_converter, vad=False)
  File "/home/ubuntu/OpenVoice/openvoice/se_extractor.py", line 146, in get_se
    wavs_folder = split_audio_whisper(audio_path, target_dir=target_dir, audio_name=audio_name)
  File "/home/ubuntu/OpenVoice/openvoice/se_extractor.py", line 29, in split_audio_whisper
    segments = list(segments)
  File "/home/ubuntu/miniconda3/envs/openvoice/lib/python3.9/site-packages/faster_whisper/transcribe.py", line 433, in generate_segments
    ) = self.generate_with_fallback(encoder_output, prompt, tokenizer, options)
  File "/home/ubuntu/miniconda3/envs/openvoice/lib/python3.9/site-packages/faster_whisper/transcribe.py", line 641, in generate_with_fallback
    result = self.model.generate(
RuntimeError: CUDA failed with error out of memory
Traceback (most recent call last):
  File "/home/ubuntu/OpenVoice/job.py", line 334, in <module>
    clone_voice(f"./projects/{i}/{j}")
  File "/home/ubuntu/OpenVoice/job.py", line 201, in clone_voice
    return(convert_color(projectfolder))
  File "/home/ubuntu/OpenVoice/job.py", line 277, in convert_color
    target_se, audio_name = se_extractor.get_se(ref_audio_path, tone_color_converter, vad=False)
  File "/home/ubuntu/OpenVoice/openvoice/se_extractor.py", line 146, in get_se
    wavs_folder = split_audio_whisper(audio_path, target_dir=target_dir, audio_name=audio_name)
  File "/home/ubuntu/OpenVoice/openvoice/se_extractor.py", line 29, in split_audio_whisper
    segments = list(segments)
  File "/home/ubuntu/miniconda3/envs/openvoice/lib/python3.9/site-packages/faster_whisper/transcribe.py", line 433, in generate_segments
    ) = self.generate_with_fallback(encoder_output, prompt, tokenizer, options)
  File "/home/ubuntu/miniconda3/envs/openvoice/lib/python3.9/site-packages/faster_whisper/transcribe.py", line 641, in generate_with_fallback
    result = self.model.generate(
RuntimeError: CUDA failed with error out of memory
Traceback (most recent call last):
  File "/home/ubuntu/OpenVoice/job.py", line 334, in <module>
    clone_voice(f"./projects/{i}/{j}")
  File "/home/ubuntu/OpenVoice/job.py", line 201, in clone_voice
    return(convert_color(projectfolder))
  File "/home/ubuntu/OpenVoice/job.py", line 277, in convert_color
    target_se, audio_name = se_extractor.get_se(ref_audio_path, tone_color_converter, vad=False)
  File "/home/ubuntu/OpenVoice/openvoice/se_extractor.py", line 146, in get_se
    wavs_folder = split_audio_whisper(audio_path, target_dir=target_dir, audio_name=audio_name)
  File "/home/ubuntu/OpenVoice/openvoice/se_extractor.py", line 29, in split_audio_whisper
    segments = list(segments)
  File "/home/ubuntu/miniconda3/envs/openvoice/lib/python3.9/site-packages/faster_whisper/transcribe.py", line 433, in generate_segments
    ) = self.generate_with_fallback(encoder_output, prompt, tokenizer, options)
  File "/home/ubuntu/miniconda3/envs/openvoice/lib/python3.9/site-packages/faster_whisper/transcribe.py", line 641, in generate_with_fallback
    result = self.model.generate(
RuntimeError: CUDA failed with error out of memory
Traceback (most recent call last):
  File "/home/ubuntu/OpenVoice/job.py", line 334, in <module>
    clone_voice(f"./projects/{i}/{j}")
  File "/home/ubuntu/OpenVoice/job.py", line 201, in clone_voice
    return(convert_color(projectfolder))
  File "/home/ubuntu/OpenVoice/job.py", line 277, in convert_color
    target_se, audio_name = se_extractor.get_se(ref_audio_path, tone_color_converter, vad=False)
  File "/home/ubuntu/OpenVoice/openvoice/se_extractor.py", line 146, in get_se
    wavs_folder = split_audio_whisper(audio_path, target_dir=target_dir, audio_name=audio_name)
  File "/home/ubuntu/OpenVoice/openvoice/se_extractor.py", line 29, in split_audio_whisper
    segments = list(segments)
  File "/home/ubuntu/miniconda3/envs/openvoice/lib/python3.9/site-packages/faster_whisper/transcribe.py", line 433, in generate_segments
    ) = self.generate_with_fallback(encoder_output, prompt, tokenizer, options)
  File "/home/ubuntu/miniconda3/envs/openvoice/lib/python3.9/site-packages/faster_whisper/transcribe.py", line 641, in generate_with_fallback
    result = self.model.generate(
RuntimeError: CUDA failed with error out of memory
Traceback (most recent call last):
  File "/home/ubuntu/OpenVoice/job.py", line 334, in <module>
    clone_voice(f"./projects/{i}/{j}")
  File "/home/ubuntu/OpenVoice/job.py", line 201, in clone_voice
    return(convert_color(projectfolder))
  File "/home/ubuntu/OpenVoice/job.py", line 277, in convert_color
    target_se, audio_name = se_extractor.get_se(ref_audio_path, tone_color_converter, vad=False)
  File "/home/ubuntu/OpenVoice/openvoice/se_extractor.py", line 146, in get_se
    wavs_folder = split_audio_whisper(audio_path, target_dir=target_dir, audio_name=audio_name)
  File "/home/ubuntu/OpenVoice/openvoice/se_extractor.py", line 29, in split_audio_whisper
    segments = list(segments)
  File "/home/ubuntu/miniconda3/envs/openvoice/lib/python3.9/site-packages/faster_whisper/transcribe.py", line 433, in generate_segments
    ) = self.generate_with_fallback(encoder_output, prompt, tokenizer, options)
  File "/home/ubuntu/miniconda3/envs/openvoice/lib/python3.9/site-packages/faster_whisper/transcribe.py", line 641, in generate_with_fallback
    result = self.model.generate(
RuntimeError: CUDA failed with error out of memory
Traceback (most recent call last):
  File "/home/ubuntu/OpenVoice/job.py", line 334, in <module>
    clone_voice(f"./projects/{i}/{j}")
  File "/home/ubuntu/OpenVoice/job.py", line 201, in clone_voice
    return(convert_color(projectfolder))
  File "/home/ubuntu/OpenVoice/job.py", line 277, in convert_color
    target_se, audio_name = se_extractor.get_se(ref_audio_path, tone_color_converter, vad=False)
  File "/home/ubuntu/OpenVoice/openvoice/se_extractor.py", line 146, in get_se
    wavs_folder = split_audio_whisper(audio_path, target_dir=target_dir, audio_name=audio_name)
  File "/home/ubuntu/OpenVoice/openvoice/se_extractor.py", line 29, in split_audio_whisper
    segments = list(segments)
  File "/home/ubuntu/miniconda3/envs/openvoice/lib/python3.9/site-packages/faster_whisper/transcribe.py", line 433, in generate_segments
    ) = self.generate_with_fallback(encoder_output, prompt, tokenizer, options)
  File "/home/ubuntu/miniconda3/envs/openvoice/lib/python3.9/site-packages/faster_whisper/transcribe.py", line 641, in generate_with_fallback
    result = self.model.generate(
RuntimeError: CUDA failed with error out of memory
Traceback (most recent call last):
  File "/home/ubuntu/OpenVoice/job.py", line 334, in <module>
    clone_voice(f"./projects/{i}/{j}")
  File "/home/ubuntu/OpenVoice/job.py", line 201, in clone_voice
    return(convert_color(projectfolder))
  File "/home/ubuntu/OpenVoice/job.py", line 277, in convert_color
    target_se, audio_name = se_extractor.get_se(ref_audio_path, tone_color_converter, vad=False)
  File "/home/ubuntu/OpenVoice/openvoice/se_extractor.py", line 146, in get_se
    wavs_folder = split_audio_whisper(audio_path, target_dir=target_dir, audio_name=audio_name)
  File "/home/ubuntu/OpenVoice/openvoice/se_extractor.py", line 29, in split_audio_whisper
    segments = list(segments)
  File "/home/ubuntu/miniconda3/envs/openvoice/lib/python3.9/site-packages/faster_whisper/transcribe.py", line 433, in generate_segments
    ) = self.generate_with_fallback(encoder_output, prompt, tokenizer, options)
  File "/home/ubuntu/miniconda3/envs/openvoice/lib/python3.9/site-packages/faster_whisper/transcribe.py", line 641, in generate_with_fallback
    result = self.model.generate(
RuntimeError: CUDA failed with error out of memory
Traceback (most recent call last):
  File "/home/ubuntu/OpenVoice/job.py", line 334, in <module>
    clone_voice(f"./projects/{i}/{j}")
  File "/home/ubuntu/OpenVoice/job.py", line 201, in clone_voice
    return(convert_color(projectfolder))
  File "/home/ubuntu/OpenVoice/job.py", line 277, in convert_color
    target_se, audio_name = se_extractor.get_se(ref_audio_path, tone_color_converter, vad=False)
  File "/home/ubuntu/OpenVoice/openvoice/se_extractor.py", line 146, in get_se
    wavs_folder = split_audio_whisper(audio_path, target_dir=target_dir, audio_name=audio_name)
  File "/home/ubuntu/OpenVoice/openvoice/se_extractor.py", line 29, in split_audio_whisper
    segments = list(segments)
  File "/home/ubuntu/miniconda3/envs/openvoice/lib/python3.9/site-packages/faster_whisper/transcribe.py", line 433, in generate_segments
    ) = self.generate_with_fallback(encoder_output, prompt, tokenizer, options)
  File "/home/ubuntu/miniconda3/envs/openvoice/lib/python3.9/site-packages/faster_whisper/transcribe.py", line 641, in generate_with_fallback
    result = self.model.generate(
RuntimeError: CUDA failed with error out of memory
Traceback (most recent call last):
  File "/home/ubuntu/OpenVoice/job.py", line 334, in <module>
    clone_voice(f"./projects/{i}/{j}")
  File "/home/ubuntu/OpenVoice/job.py", line 201, in clone_voice
    return(convert_color(projectfolder))
  File "/home/ubuntu/OpenVoice/job.py", line 277, in convert_color
    target_se, audio_name = se_extractor.get_se(ref_audio_path, tone_color_converter, vad=False)
  File "/home/ubuntu/OpenVoice/openvoice/se_extractor.py", line 146, in get_se
    wavs_folder = split_audio_whisper(audio_path, target_dir=target_dir, audio_name=audio_name)
  File "/home/ubuntu/OpenVoice/openvoice/se_extractor.py", line 29, in split_audio_whisper
    segments = list(segments)
  File "/home/ubuntu/miniconda3/envs/openvoice/lib/python3.9/site-packages/faster_whisper/transcribe.py", line 433, in generate_segments
    ) = self.generate_with_fallback(encoder_output, prompt, tokenizer, options)
  File "/home/ubuntu/miniconda3/envs/openvoice/lib/python3.9/site-packages/faster_whisper/transcribe.py", line 641, in generate_with_fallback
    result = self.model.generate(
RuntimeError: CUDA failed with error out of memory
Traceback (most recent call last):
  File "/home/ubuntu/OpenVoice/job.py", line 334, in <module>
    clone_voice(f"./projects/{i}/{j}")
  File "/home/ubuntu/OpenVoice/job.py", line 201, in clone_voice
    return(convert_color(projectfolder))
  File "/home/ubuntu/OpenVoice/job.py", line 277, in convert_color
    target_se, audio_name = se_extractor.get_se(ref_audio_path, tone_color_converter, vad=False)
  File "/home/ubuntu/OpenVoice/openvoice/se_extractor.py", line 146, in get_se
    wavs_folder = split_audio_whisper(audio_path, target_dir=target_dir, audio_name=audio_name)
  File "/home/ubuntu/OpenVoice/openvoice/se_extractor.py", line 29, in split_audio_whisper
    segments = list(segments)
  File "/home/ubuntu/miniconda3/envs/openvoice/lib/python3.9/site-packages/faster_whisper/transcribe.py", line 433, in generate_segments
    ) = self.generate_with_fallback(encoder_output, prompt, tokenizer, options)
  File "/home/ubuntu/miniconda3/envs/openvoice/lib/python3.9/site-packages/faster_whisper/transcribe.py", line 641, in generate_with_fallback
    result = self.model.generate(
RuntimeError: CUDA failed with error out of memory
Traceback (most recent call last):
  File "/home/ubuntu/OpenVoice/job.py", line 334, in <module>
    clone_voice(f"./projects/{i}/{j}")
  File "/home/ubuntu/OpenVoice/job.py", line 201, in clone_voice
    return(convert_color(projectfolder))
  File "/home/ubuntu/OpenVoice/job.py", line 277, in convert_color
    target_se, audio_name = se_extractor.get_se(ref_audio_path, tone_color_converter, vad=False)
  File "/home/ubuntu/OpenVoice/openvoice/se_extractor.py", line 146, in get_se
    wavs_folder = split_audio_whisper(audio_path, target_dir=target_dir, audio_name=audio_name)
  File "/home/ubuntu/OpenVoice/openvoice/se_extractor.py", line 29, in split_audio_whisper
    segments = list(segments)
  File "/home/ubuntu/miniconda3/envs/openvoice/lib/python3.9/site-packages/faster_whisper/transcribe.py", line 433, in generate_segments
    ) = self.generate_with_fallback(encoder_output, prompt, tokenizer, options)
  File "/home/ubuntu/miniconda3/envs/openvoice/lib/python3.9/site-packages/faster_whisper/transcribe.py", line 641, in generate_with_fallback
    result = self.model.generate(
RuntimeError: CUDA failed with error out of memory
Traceback (most recent call last):
  File "/home/ubuntu/OpenVoice/job.py", line 334, in <module>
    clone_voice(f"./projects/{i}/{j}")
  File "/home/ubuntu/OpenVoice/job.py", line 201, in clone_voice
    return(convert_color(projectfolder))
  File "/home/ubuntu/OpenVoice/job.py", line 277, in convert_color
    target_se, audio_name = se_extractor.get_se(ref_audio_path, tone_color_converter, vad=False)
  File "/home/ubuntu/OpenVoice/openvoice/se_extractor.py", line 146, in get_se
    wavs_folder = split_audio_whisper(audio_path, target_dir=target_dir, audio_name=audio_name)
  File "/home/ubuntu/OpenVoice/openvoice/se_extractor.py", line 29, in split_audio_whisper
    segments = list(segments)
  File "/home/ubuntu/miniconda3/envs/openvoice/lib/python3.9/site-packages/faster_whisper/transcribe.py", line 433, in generate_segments
    ) = self.generate_with_fallback(encoder_output, prompt, tokenizer, options)
  File "/home/ubuntu/miniconda3/envs/openvoice/lib/python3.9/site-packages/faster_whisper/transcribe.py", line 641, in generate_with_fallback
    result = self.model.generate(
RuntimeError: CUDA failed with error out of memory
Traceback (most recent call last):
  File "/home/ubuntu/OpenVoice/job.py", line 334, in <module>
    clone_voice(f"./projects/{i}/{j}")
  File "/home/ubuntu/OpenVoice/job.py", line 201, in clone_voice
    return(convert_color(projectfolder))
  File "/home/ubuntu/OpenVoice/job.py", line 277, in convert_color
    target_se, audio_name = se_extractor.get_se(ref_audio_path, tone_color_converter, vad=False)
  File "/home/ubuntu/OpenVoice/openvoice/se_extractor.py", line 146, in get_se
    wavs_folder = split_audio_whisper(audio_path, target_dir=target_dir, audio_name=audio_name)
  File "/home/ubuntu/OpenVoice/openvoice/se_extractor.py", line 29, in split_audio_whisper
    segments = list(segments)
  File "/home/ubuntu/miniconda3/envs/openvoice/lib/python3.9/site-packages/faster_whisper/transcribe.py", line 433, in generate_segments
    ) = self.generate_with_fallback(encoder_output, prompt, tokenizer, options)
  File "/home/ubuntu/miniconda3/envs/openvoice/lib/python3.9/site-packages/faster_whisper/transcribe.py", line 641, in generate_with_fallback
    result = self.model.generate(
RuntimeError: CUDA failed with error out of memory
Traceback (most recent call last):
  File "/home/ubuntu/OpenVoice/job.py", line 334, in <module>
    clone_voice(f"./projects/{i}/{j}")
  File "/home/ubuntu/OpenVoice/job.py", line 201, in clone_voice
    return(convert_color(projectfolder))
  File "/home/ubuntu/OpenVoice/job.py", line 277, in convert_color
    target_se, audio_name = se_extractor.get_se(ref_audio_path, tone_color_converter, vad=False)
  File "/home/ubuntu/OpenVoice/openvoice/se_extractor.py", line 150, in get_se
    raise NotImplementedError('No audio segments found!')
NotImplementedError: No audio segments found!
Traceback (most recent call last):
  File "/home/ubuntu/OpenVoice/job.py", line 334, in <module>
    clone_voice(f"./projects/{i}/{j}")
  File "/home/ubuntu/OpenVoice/job.py", line 201, in clone_voice
    return(convert_color(projectfolder))
  File "/home/ubuntu/OpenVoice/job.py", line 277, in convert_color
    target_se, audio_name = se_extractor.get_se(ref_audio_path, tone_color_converter, vad=False)
  File "/home/ubuntu/OpenVoice/openvoice/se_extractor.py", line 146, in get_se
    wavs_folder = split_audio_whisper(audio_path, target_dir=target_dir, audio_name=audio_name)
  File "/home/ubuntu/OpenVoice/openvoice/se_extractor.py", line 29, in split_audio_whisper
    segments = list(segments)
  File "/home/ubuntu/miniconda3/envs/openvoice/lib/python3.9/site-packages/faster_whisper/transcribe.py", line 433, in generate_segments
    ) = self.generate_with_fallback(encoder_output, prompt, tokenizer, options)
  File "/home/ubuntu/miniconda3/envs/openvoice/lib/python3.9/site-packages/faster_whisper/transcribe.py", line 641, in generate_with_fallback
    result = self.model.generate(
RuntimeError: CUDA failed with error out of memory
Traceback (most recent call last):
  File "/home/ubuntu/OpenVoice/job.py", line 334, in <module>
    clone_voice(f"./projects/{i}/{j}")
  File "/home/ubuntu/OpenVoice/job.py", line 201, in clone_voice
    return(convert_color(projectfolder))
  File "/home/ubuntu/OpenVoice/job.py", line 277, in convert_color
    target_se, audio_name = se_extractor.get_se(ref_audio_path, tone_color_converter, vad=False)
  File "/home/ubuntu/OpenVoice/openvoice/se_extractor.py", line 146, in get_se
    wavs_folder = split_audio_whisper(audio_path, target_dir=target_dir, audio_name=audio_name)
  File "/home/ubuntu/OpenVoice/openvoice/se_extractor.py", line 29, in split_audio_whisper
    segments = list(segments)
  File "/home/ubuntu/miniconda3/envs/openvoice/lib/python3.9/site-packages/faster_whisper/transcribe.py", line 433, in generate_segments
    ) = self.generate_with_fallback(encoder_output, prompt, tokenizer, options)
  File "/home/ubuntu/miniconda3/envs/openvoice/lib/python3.9/site-packages/faster_whisper/transcribe.py", line 641, in generate_with_fallback
    result = self.model.generate(
RuntimeError: CUDA failed with error out of memory
Traceback (most recent call last):
  File "/home/ubuntu/OpenVoice/job.py", line 334, in <module>
    clone_voice(f"./projects/{i}/{j}")
  File "/home/ubuntu/OpenVoice/job.py", line 201, in clone_voice
    return(convert_color(projectfolder))
  File "/home/ubuntu/OpenVoice/job.py", line 277, in convert_color
    target_se, audio_name = se_extractor.get_se(ref_audio_path, tone_color_converter, vad=False)
  File "/home/ubuntu/OpenVoice/openvoice/se_extractor.py", line 146, in get_se
    wavs_folder = split_audio_whisper(audio_path, target_dir=target_dir, audio_name=audio_name)
  File "/home/ubuntu/OpenVoice/openvoice/se_extractor.py", line 29, in split_audio_whisper
    segments = list(segments)
  File "/home/ubuntu/miniconda3/envs/openvoice/lib/python3.9/site-packages/faster_whisper/transcribe.py", line 433, in generate_segments
    ) = self.generate_with_fallback(encoder_output, prompt, tokenizer, options)
  File "/home/ubuntu/miniconda3/envs/openvoice/lib/python3.9/site-packages/faster_whisper/transcribe.py", line 641, in generate_with_fallback
    result = self.model.generate(
RuntimeError: CUDA failed with error out of memory
Traceback (most recent call last):
  File "/home/ubuntu/OpenVoice/job.py", line 334, in <module>
    clone_voice(f"./projects/{i}/{j}")
  File "/home/ubuntu/OpenVoice/job.py", line 201, in clone_voice
    return(convert_color(projectfolder))
  File "/home/ubuntu/OpenVoice/job.py", line 277, in convert_color
    target_se, audio_name = se_extractor.get_se(ref_audio_path, tone_color_converter, vad=False)
  File "/home/ubuntu/OpenVoice/openvoice/se_extractor.py", line 146, in get_se
    wavs_folder = split_audio_whisper(audio_path, target_dir=target_dir, audio_name=audio_name)
  File "/home/ubuntu/OpenVoice/openvoice/se_extractor.py", line 29, in split_audio_whisper
    segments = list(segments)
  File "/home/ubuntu/miniconda3/envs/openvoice/lib/python3.9/site-packages/faster_whisper/transcribe.py", line 433, in generate_segments
    ) = self.generate_with_fallback(encoder_output, prompt, tokenizer, options)
  File "/home/ubuntu/miniconda3/envs/openvoice/lib/python3.9/site-packages/faster_whisper/transcribe.py", line 641, in generate_with_fallback
    result = self.model.generate(
RuntimeError: CUDA failed with error out of memory
Traceback (most recent call last):
  File "/home/ubuntu/OpenVoice/job.py", line 334, in <module>
    clone_voice(f"./projects/{i}/{j}")
  File "/home/ubuntu/OpenVoice/job.py", line 201, in clone_voice
    return(convert_color(projectfolder))
  File "/home/ubuntu/OpenVoice/job.py", line 277, in convert_color
    target_se, audio_name = se_extractor.get_se(ref_audio_path, tone_color_converter, vad=False)
  File "/home/ubuntu/OpenVoice/openvoice/se_extractor.py", line 146, in get_se
    wavs_folder = split_audio_whisper(audio_path, target_dir=target_dir, audio_name=audio_name)
  File "/home/ubuntu/OpenVoice/openvoice/se_extractor.py", line 29, in split_audio_whisper
    segments = list(segments)
  File "/home/ubuntu/miniconda3/envs/openvoice/lib/python3.9/site-packages/faster_whisper/transcribe.py", line 433, in generate_segments
    ) = self.generate_with_fallback(encoder_output, prompt, tokenizer, options)
  File "/home/ubuntu/miniconda3/envs/openvoice/lib/python3.9/site-packages/faster_whisper/transcribe.py", line 641, in generate_with_fallback
    result = self.model.generate(
RuntimeError: CUDA failed with error out of memory
Traceback (most recent call last):
  File "/home/ubuntu/OpenVoice/job.py", line 334, in <module>
    clone_voice(f"./projects/{i}/{j}")
  File "/home/ubuntu/OpenVoice/job.py", line 201, in clone_voice
    return(convert_color(projectfolder))
  File "/home/ubuntu/OpenVoice/job.py", line 277, in convert_color
    target_se, audio_name = se_extractor.get_se(ref_audio_path, tone_color_converter, vad=False)
  File "/home/ubuntu/OpenVoice/openvoice/se_extractor.py", line 150, in get_se
    raise NotImplementedError('No audio segments found!')
NotImplementedError: No audio segments found!
Traceback (most recent call last):
  File "/home/ubuntu/OpenVoice/job.py", line 334, in <module>
    clone_voice(f"./projects/{i}/{j}")
  File "/home/ubuntu/OpenVoice/job.py", line 201, in clone_voice
    return(convert_color(projectfolder))
  File "/home/ubuntu/OpenVoice/job.py", line 277, in convert_color
    target_se, audio_name = se_extractor.get_se(ref_audio_path, tone_color_converter, vad=False)
  File "/home/ubuntu/OpenVoice/openvoice/se_extractor.py", line 146, in get_se
    wavs_folder = split_audio_whisper(audio_path, target_dir=target_dir, audio_name=audio_name)
  File "/home/ubuntu/OpenVoice/openvoice/se_extractor.py", line 29, in split_audio_whisper
    segments = list(segments)
  File "/home/ubuntu/miniconda3/envs/openvoice/lib/python3.9/site-packages/faster_whisper/transcribe.py", line 433, in generate_segments
    ) = self.generate_with_fallback(encoder_output, prompt, tokenizer, options)
  File "/home/ubuntu/miniconda3/envs/openvoice/lib/python3.9/site-packages/faster_whisper/transcribe.py", line 641, in generate_with_fallback
    result = self.model.generate(
RuntimeError: CUDA failed with error out of memory
Traceback (most recent call last):
  File "/home/ubuntu/OpenVoice/job.py", line 334, in <module>
    clone_voice(f"./projects/{i}/{j}")
  File "/home/ubuntu/OpenVoice/job.py", line 201, in clone_voice
    return(convert_color(projectfolder))
  File "/home/ubuntu/OpenVoice/job.py", line 277, in convert_color
    target_se, audio_name = se_extractor.get_se(ref_audio_path, tone_color_converter, vad=False)
  File "/home/ubuntu/OpenVoice/openvoice/se_extractor.py", line 146, in get_se
    wavs_folder = split_audio_whisper(audio_path, target_dir=target_dir, audio_name=audio_name)
  File "/home/ubuntu/OpenVoice/openvoice/se_extractor.py", line 29, in split_audio_whisper
    segments = list(segments)
  File "/home/ubuntu/miniconda3/envs/openvoice/lib/python3.9/site-packages/faster_whisper/transcribe.py", line 433, in generate_segments
    ) = self.generate_with_fallback(encoder_output, prompt, tokenizer, options)
  File "/home/ubuntu/miniconda3/envs/openvoice/lib/python3.9/site-packages/faster_whisper/transcribe.py", line 641, in generate_with_fallback
    result = self.model.generate(
RuntimeError: CUDA failed with error out of memory
Traceback (most recent call last):
  File "/home/ubuntu/OpenVoice/job.py", line 334, in <module>
    clone_voice(f"./projects/{i}/{j}")
  File "/home/ubuntu/OpenVoice/job.py", line 201, in clone_voice
    return(convert_color(projectfolder))
  File "/home/ubuntu/OpenVoice/job.py", line 277, in convert_color
    target_se, audio_name = se_extractor.get_se(ref_audio_path, tone_color_converter, vad=False)
  File "/home/ubuntu/OpenVoice/openvoice/se_extractor.py", line 150, in get_se
    raise NotImplementedError('No audio segments found!')
NotImplementedError: No audio segments found!
Traceback (most recent call last):
  File "/home/ubuntu/OpenVoice/job.py", line 334, in <module>
    clone_voice(f"./projects/{i}/{j}")
  File "/home/ubuntu/OpenVoice/job.py", line 201, in clone_voice
    return(convert_color(projectfolder))
  File "/home/ubuntu/OpenVoice/job.py", line 277, in convert_color
    target_se, audio_name = se_extractor.get_se(ref_audio_path, tone_color_converter, vad=False)
  File "/home/ubuntu/OpenVoice/openvoice/se_extractor.py", line 146, in get_se
    wavs_folder = split_audio_whisper(audio_path, target_dir=target_dir, audio_name=audio_name)
  File "/home/ubuntu/OpenVoice/openvoice/se_extractor.py", line 29, in split_audio_whisper
    segments = list(segments)
  File "/home/ubuntu/miniconda3/envs/openvoice/lib/python3.9/site-packages/faster_whisper/transcribe.py", line 433, in generate_segments
    ) = self.generate_with_fallback(encoder_output, prompt, tokenizer, options)
  File "/home/ubuntu/miniconda3/envs/openvoice/lib/python3.9/site-packages/faster_whisper/transcribe.py", line 641, in generate_with_fallback
    result = self.model.generate(
RuntimeError: CUDA failed with error out of memory
Traceback (most recent call last):
  File "/home/ubuntu/OpenVoice/job.py", line 334, in <module>
    clone_voice(f"./projects/{i}/{j}")
  File "/home/ubuntu/OpenVoice/job.py", line 201, in clone_voice
    return(convert_color(projectfolder))
  File "/home/ubuntu/OpenVoice/job.py", line 277, in convert_color
    target_se, audio_name = se_extractor.get_se(ref_audio_path, tone_color_converter, vad=False)
  File "/home/ubuntu/OpenVoice/openvoice/se_extractor.py", line 146, in get_se
    wavs_folder = split_audio_whisper(audio_path, target_dir=target_dir, audio_name=audio_name)
  File "/home/ubuntu/OpenVoice/openvoice/se_extractor.py", line 29, in split_audio_whisper
    segments = list(segments)
  File "/home/ubuntu/miniconda3/envs/openvoice/lib/python3.9/site-packages/faster_whisper/transcribe.py", line 433, in generate_segments
    ) = self.generate_with_fallback(encoder_output, prompt, tokenizer, options)
  File "/home/ubuntu/miniconda3/envs/openvoice/lib/python3.9/site-packages/faster_whisper/transcribe.py", line 641, in generate_with_fallback
    result = self.model.generate(
RuntimeError: CUDA failed with error out of memory
Traceback (most recent call last):
  File "/home/ubuntu/OpenVoice/job.py", line 334, in <module>
    clone_voice(f"./projects/{i}/{j}")
  File "/home/ubuntu/OpenVoice/job.py", line 201, in clone_voice
    return(convert_color(projectfolder))
  File "/home/ubuntu/OpenVoice/job.py", line 277, in convert_color
    target_se, audio_name = se_extractor.get_se(ref_audio_path, tone_color_converter, vad=False)
  File "/home/ubuntu/OpenVoice/openvoice/se_extractor.py", line 146, in get_se
    wavs_folder = split_audio_whisper(audio_path, target_dir=target_dir, audio_name=audio_name)
  File "/home/ubuntu/OpenVoice/openvoice/se_extractor.py", line 29, in split_audio_whisper
    segments = list(segments)
  File "/home/ubuntu/miniconda3/envs/openvoice/lib/python3.9/site-packages/faster_whisper/transcribe.py", line 433, in generate_segments
    ) = self.generate_with_fallback(encoder_output, prompt, tokenizer, options)
  File "/home/ubuntu/miniconda3/envs/openvoice/lib/python3.9/site-packages/faster_whisper/transcribe.py", line 641, in generate_with_fallback
    result = self.model.generate(
RuntimeError: CUDA failed with error out of memory
Traceback (most recent call last):
  File "/home/ubuntu/OpenVoice/job.py", line 334, in <module>
    clone_voice(f"./projects/{i}/{j}")
  File "/home/ubuntu/OpenVoice/job.py", line 201, in clone_voice
    return(convert_color(projectfolder))
  File "/home/ubuntu/OpenVoice/job.py", line 277, in convert_color
    target_se, audio_name = se_extractor.get_se(ref_audio_path, tone_color_converter, vad=False)
  File "/home/ubuntu/OpenVoice/openvoice/se_extractor.py", line 146, in get_se
    wavs_folder = split_audio_whisper(audio_path, target_dir=target_dir, audio_name=audio_name)
  File "/home/ubuntu/OpenVoice/openvoice/se_extractor.py", line 29, in split_audio_whisper
    segments = list(segments)
  File "/home/ubuntu/miniconda3/envs/openvoice/lib/python3.9/site-packages/faster_whisper/transcribe.py", line 433, in generate_segments
    ) = self.generate_with_fallback(encoder_output, prompt, tokenizer, options)
  File "/home/ubuntu/miniconda3/envs/openvoice/lib/python3.9/site-packages/faster_whisper/transcribe.py", line 641, in generate_with_fallback
    result = self.model.generate(
RuntimeError: CUDA failed with error out of memory
Traceback (most recent call last):
  File "/home/ubuntu/OpenVoice/job.py", line 334, in <module>
    clone_voice(f"./projects/{i}/{j}")
  File "/home/ubuntu/OpenVoice/job.py", line 201, in clone_voice
    return(convert_color(projectfolder))
  File "/home/ubuntu/OpenVoice/job.py", line 277, in convert_color
    target_se, audio_name = se_extractor.get_se(ref_audio_path, tone_color_converter, vad=False)
  File "/home/ubuntu/OpenVoice/openvoice/se_extractor.py", line 146, in get_se
    wavs_folder = split_audio_whisper(audio_path, target_dir=target_dir, audio_name=audio_name)
  File "/home/ubuntu/OpenVoice/openvoice/se_extractor.py", line 29, in split_audio_whisper
    segments = list(segments)
  File "/home/ubuntu/miniconda3/envs/openvoice/lib/python3.9/site-packages/faster_whisper/transcribe.py", line 433, in generate_segments
    ) = self.generate_with_fallback(encoder_output, prompt, tokenizer, options)
  File "/home/ubuntu/miniconda3/envs/openvoice/lib/python3.9/site-packages/faster_whisper/transcribe.py", line 641, in generate_with_fallback
    result = self.model.generate(
RuntimeError: CUDA failed with error out of memory
Traceback (most recent call last):
  File "/home/ubuntu/OpenVoice/job.py", line 334, in <module>
    clone_voice(f"./projects/{i}/{j}")
  File "/home/ubuntu/OpenVoice/job.py", line 201, in clone_voice
    return(convert_color(projectfolder))
  File "/home/ubuntu/OpenVoice/job.py", line 277, in convert_color
    target_se, audio_name = se_extractor.get_se(ref_audio_path, tone_color_converter, vad=False)
  File "/home/ubuntu/OpenVoice/openvoice/se_extractor.py", line 146, in get_se
    wavs_folder = split_audio_whisper(audio_path, target_dir=target_dir, audio_name=audio_name)
  File "/home/ubuntu/OpenVoice/openvoice/se_extractor.py", line 29, in split_audio_whisper
    segments = list(segments)
  File "/home/ubuntu/miniconda3/envs/openvoice/lib/python3.9/site-packages/faster_whisper/transcribe.py", line 433, in generate_segments
    ) = self.generate_with_fallback(encoder_output, prompt, tokenizer, options)
  File "/home/ubuntu/miniconda3/envs/openvoice/lib/python3.9/site-packages/faster_whisper/transcribe.py", line 641, in generate_with_fallback
    result = self.model.generate(
RuntimeError: CUDA failed with error out of memory
Traceback (most recent call last):
  File "/home/ubuntu/OpenVoice/job.py", line 334, in <module>
    clone_voice(f"./projects/{i}/{j}")
  File "/home/ubuntu/OpenVoice/job.py", line 201, in clone_voice
    return(convert_color(projectfolder))
  File "/home/ubuntu/OpenVoice/job.py", line 277, in convert_color
    target_se, audio_name = se_extractor.get_se(ref_audio_path, tone_color_converter, vad=False)
  File "/home/ubuntu/OpenVoice/openvoice/se_extractor.py", line 146, in get_se
    wavs_folder = split_audio_whisper(audio_path, target_dir=target_dir, audio_name=audio_name)
  File "/home/ubuntu/OpenVoice/openvoice/se_extractor.py", line 29, in split_audio_whisper
    segments = list(segments)
  File "/home/ubuntu/miniconda3/envs/openvoice/lib/python3.9/site-packages/faster_whisper/transcribe.py", line 433, in generate_segments
    ) = self.generate_with_fallback(encoder_output, prompt, tokenizer, options)
  File "/home/ubuntu/miniconda3/envs/openvoice/lib/python3.9/site-packages/faster_whisper/transcribe.py", line 641, in generate_with_fallback
    result = self.model.generate(
RuntimeError: CUDA failed with error out of memory
Traceback (most recent call last):
  File "/home/ubuntu/OpenVoice/job.py", line 334, in <module>
    clone_voice(f"./projects/{i}/{j}")
  File "/home/ubuntu/OpenVoice/job.py", line 201, in clone_voice
    return(convert_color(projectfolder))
  File "/home/ubuntu/OpenVoice/job.py", line 277, in convert_color
    target_se, audio_name = se_extractor.get_se(ref_audio_path, tone_color_converter, vad=False)
  File "/home/ubuntu/OpenVoice/openvoice/se_extractor.py", line 150, in get_se
    raise NotImplementedError('No audio segments found!')
NotImplementedError: No audio segments found!
Traceback (most recent call last):
  File "/home/ubuntu/OpenVoice/job.py", line 334, in <module>
    clone_voice(f"./projects/{i}/{j}")
  File "/home/ubuntu/OpenVoice/job.py", line 201, in clone_voice
    return(convert_color(projectfolder))
  File "/home/ubuntu/OpenVoice/job.py", line 277, in convert_color
    target_se, audio_name = se_extractor.get_se(ref_audio_path, tone_color_converter, vad=False)
  File "/home/ubuntu/OpenVoice/openvoice/se_extractor.py", line 146, in get_se
    wavs_folder = split_audio_whisper(audio_path, target_dir=target_dir, audio_name=audio_name)
  File "/home/ubuntu/OpenVoice/openvoice/se_extractor.py", line 29, in split_audio_whisper
    segments = list(segments)
  File "/home/ubuntu/miniconda3/envs/openvoice/lib/python3.9/site-packages/faster_whisper/transcribe.py", line 433, in generate_segments
    ) = self.generate_with_fallback(encoder_output, prompt, tokenizer, options)
  File "/home/ubuntu/miniconda3/envs/openvoice/lib/python3.9/site-packages/faster_whisper/transcribe.py", line 641, in generate_with_fallback
    result = self.model.generate(
RuntimeError: CUDA failed with error out of memory
Traceback (most recent call last):
  File "/home/ubuntu/OpenVoice/job.py", line 334, in <module>
    clone_voice(f"./projects/{i}/{j}")
  File "/home/ubuntu/OpenVoice/job.py", line 201, in clone_voice
    return(convert_color(projectfolder))
  File "/home/ubuntu/OpenVoice/job.py", line 277, in convert_color
    target_se, audio_name = se_extractor.get_se(ref_audio_path, tone_color_converter, vad=False)
  File "/home/ubuntu/OpenVoice/openvoice/se_extractor.py", line 146, in get_se
    wavs_folder = split_audio_whisper(audio_path, target_dir=target_dir, audio_name=audio_name)
  File "/home/ubuntu/OpenVoice/openvoice/se_extractor.py", line 29, in split_audio_whisper
    segments = list(segments)
  File "/home/ubuntu/miniconda3/envs/openvoice/lib/python3.9/site-packages/faster_whisper/transcribe.py", line 433, in generate_segments
    ) = self.generate_with_fallback(encoder_output, prompt, tokenizer, options)
  File "/home/ubuntu/miniconda3/envs/openvoice/lib/python3.9/site-packages/faster_whisper/transcribe.py", line 641, in generate_with_fallback
    result = self.model.generate(
RuntimeError: CUDA failed with error out of memory
Traceback (most recent call last):
  File "/home/ubuntu/OpenVoice/job.py", line 334, in <module>
    clone_voice(f"./projects/{i}/{j}")
  File "/home/ubuntu/OpenVoice/job.py", line 201, in clone_voice
    return(convert_color(projectfolder))
  File "/home/ubuntu/OpenVoice/job.py", line 277, in convert_color
    target_se, audio_name = se_extractor.get_se(ref_audio_path, tone_color_converter, vad=False)
  File "/home/ubuntu/OpenVoice/openvoice/se_extractor.py", line 146, in get_se
    wavs_folder = split_audio_whisper(audio_path, target_dir=target_dir, audio_name=audio_name)
  File "/home/ubuntu/OpenVoice/openvoice/se_extractor.py", line 29, in split_audio_whisper
    segments = list(segments)
  File "/home/ubuntu/miniconda3/envs/openvoice/lib/python3.9/site-packages/faster_whisper/transcribe.py", line 433, in generate_segments
    ) = self.generate_with_fallback(encoder_output, prompt, tokenizer, options)
  File "/home/ubuntu/miniconda3/envs/openvoice/lib/python3.9/site-packages/faster_whisper/transcribe.py", line 641, in generate_with_fallback
    result = self.model.generate(
RuntimeError: CUDA failed with error out of memory
Traceback (most recent call last):
  File "/home/ubuntu/OpenVoice/job.py", line 334, in <module>
    clone_voice(f"./projects/{i}/{j}")
  File "/home/ubuntu/OpenVoice/job.py", line 201, in clone_voice
    return(convert_color(projectfolder))
  File "/home/ubuntu/OpenVoice/job.py", line 277, in convert_color
    target_se, audio_name = se_extractor.get_se(ref_audio_path, tone_color_converter, vad=False)
  File "/home/ubuntu/OpenVoice/openvoice/se_extractor.py", line 146, in get_se
    wavs_folder = split_audio_whisper(audio_path, target_dir=target_dir, audio_name=audio_name)
  File "/home/ubuntu/OpenVoice/openvoice/se_extractor.py", line 29, in split_audio_whisper
    segments = list(segments)
  File "/home/ubuntu/miniconda3/envs/openvoice/lib/python3.9/site-packages/faster_whisper/transcribe.py", line 433, in generate_segments
    ) = self.generate_with_fallback(encoder_output, prompt, tokenizer, options)
  File "/home/ubuntu/miniconda3/envs/openvoice/lib/python3.9/site-packages/faster_whisper/transcribe.py", line 641, in generate_with_fallback
    result = self.model.generate(
RuntimeError: CUDA failed with error out of memory
Traceback (most recent call last):
  File "/home/ubuntu/OpenVoice/job.py", line 334, in <module>
    clone_voice(f"./projects/{i}/{j}")
  File "/home/ubuntu/OpenVoice/job.py", line 201, in clone_voice
    return(convert_color(projectfolder))
  File "/home/ubuntu/OpenVoice/job.py", line 277, in convert_color
    target_se, audio_name = se_extractor.get_se(ref_audio_path, tone_color_converter, vad=False)
  File "/home/ubuntu/OpenVoice/openvoice/se_extractor.py", line 146, in get_se
    wavs_folder = split_audio_whisper(audio_path, target_dir=target_dir, audio_name=audio_name)
  File "/home/ubuntu/OpenVoice/openvoice/se_extractor.py", line 29, in split_audio_whisper
    segments = list(segments)
  File "/home/ubuntu/miniconda3/envs/openvoice/lib/python3.9/site-packages/faster_whisper/transcribe.py", line 433, in generate_segments
    ) = self.generate_with_fallback(encoder_output, prompt, tokenizer, options)
  File "/home/ubuntu/miniconda3/envs/openvoice/lib/python3.9/site-packages/faster_whisper/transcribe.py", line 641, in generate_with_fallback
    result = self.model.generate(
RuntimeError: CUDA failed with error out of memory
Traceback (most recent call last):
  File "/home/ubuntu/OpenVoice/job.py", line 334, in <module>
    clone_voice(f"./projects/{i}/{j}")
  File "/home/ubuntu/OpenVoice/job.py", line 201, in clone_voice
    return(convert_color(projectfolder))
  File "/home/ubuntu/OpenVoice/job.py", line 277, in convert_color
    target_se, audio_name = se_extractor.get_se(ref_audio_path, tone_color_converter, vad=False)
  File "/home/ubuntu/OpenVoice/openvoice/se_extractor.py", line 146, in get_se
    wavs_folder = split_audio_whisper(audio_path, target_dir=target_dir, audio_name=audio_name)
  File "/home/ubuntu/OpenVoice/openvoice/se_extractor.py", line 29, in split_audio_whisper
    segments = list(segments)
  File "/home/ubuntu/miniconda3/envs/openvoice/lib/python3.9/site-packages/faster_whisper/transcribe.py", line 433, in generate_segments
    ) = self.generate_with_fallback(encoder_output, prompt, tokenizer, options)
  File "/home/ubuntu/miniconda3/envs/openvoice/lib/python3.9/site-packages/faster_whisper/transcribe.py", line 641, in generate_with_fallback
    result = self.model.generate(
RuntimeError: CUDA failed with error out of memory
Traceback (most recent call last):
  File "/home/ubuntu/OpenVoice/job.py", line 334, in <module>
    clone_voice(f"./projects/{i}/{j}")
  File "/home/ubuntu/OpenVoice/job.py", line 201, in clone_voice
    return(convert_color(projectfolder))
  File "/home/ubuntu/OpenVoice/job.py", line 277, in convert_color
    target_se, audio_name = se_extractor.get_se(ref_audio_path, tone_color_converter, vad=False)
  File "/home/ubuntu/OpenVoice/openvoice/se_extractor.py", line 146, in get_se
    wavs_folder = split_audio_whisper(audio_path, target_dir=target_dir, audio_name=audio_name)
  File "/home/ubuntu/OpenVoice/openvoice/se_extractor.py", line 29, in split_audio_whisper
    segments = list(segments)
  File "/home/ubuntu/miniconda3/envs/openvoice/lib/python3.9/site-packages/faster_whisper/transcribe.py", line 433, in generate_segments
    ) = self.generate_with_fallback(encoder_output, prompt, tokenizer, options)
  File "/home/ubuntu/miniconda3/envs/openvoice/lib/python3.9/site-packages/faster_whisper/transcribe.py", line 641, in generate_with_fallback
    result = self.model.generate(
RuntimeError: CUDA failed with error out of memory
Traceback (most recent call last):
  File "/home/ubuntu/OpenVoice/job.py", line 334, in <module>
    clone_voice(f"./projects/{i}/{j}")
  File "/home/ubuntu/OpenVoice/job.py", line 201, in clone_voice
    return(convert_color(projectfolder))
  File "/home/ubuntu/OpenVoice/job.py", line 277, in convert_color
    target_se, audio_name = se_extractor.get_se(ref_audio_path, tone_color_converter, vad=False)
  File "/home/ubuntu/OpenVoice/openvoice/se_extractor.py", line 150, in get_se
    raise NotImplementedError('No audio segments found!')
NotImplementedError: No audio segments found!
Traceback (most recent call last):
  File "/home/ubuntu/OpenVoice/job.py", line 334, in <module>
    clone_voice(f"./projects/{i}/{j}")
  File "/home/ubuntu/OpenVoice/job.py", line 201, in clone_voice
    return(convert_color(projectfolder))
  File "/home/ubuntu/OpenVoice/job.py", line 277, in convert_color
    target_se, audio_name = se_extractor.get_se(ref_audio_path, tone_color_converter, vad=False)
  File "/home/ubuntu/OpenVoice/openvoice/se_extractor.py", line 146, in get_se
    wavs_folder = split_audio_whisper(audio_path, target_dir=target_dir, audio_name=audio_name)
  File "/home/ubuntu/OpenVoice/openvoice/se_extractor.py", line 29, in split_audio_whisper
    segments = list(segments)
  File "/home/ubuntu/miniconda3/envs/openvoice/lib/python3.9/site-packages/faster_whisper/transcribe.py", line 433, in generate_segments
    ) = self.generate_with_fallback(encoder_output, prompt, tokenizer, options)
  File "/home/ubuntu/miniconda3/envs/openvoice/lib/python3.9/site-packages/faster_whisper/transcribe.py", line 641, in generate_with_fallback
    result = self.model.generate(
RuntimeError: CUDA failed with error out of memory
Traceback (most recent call last):
  File "/home/ubuntu/OpenVoice/job.py", line 334, in <module>
    clone_voice(f"./projects/{i}/{j}")
  File "/home/ubuntu/OpenVoice/job.py", line 201, in clone_voice
    return(convert_color(projectfolder))
  File "/home/ubuntu/OpenVoice/job.py", line 277, in convert_color
    target_se, audio_name = se_extractor.get_se(ref_audio_path, tone_color_converter, vad=False)
  File "/home/ubuntu/OpenVoice/openvoice/se_extractor.py", line 146, in get_se
    wavs_folder = split_audio_whisper(audio_path, target_dir=target_dir, audio_name=audio_name)
  File "/home/ubuntu/OpenVoice/openvoice/se_extractor.py", line 29, in split_audio_whisper
    segments = list(segments)
  File "/home/ubuntu/miniconda3/envs/openvoice/lib/python3.9/site-packages/faster_whisper/transcribe.py", line 433, in generate_segments
    ) = self.generate_with_fallback(encoder_output, prompt, tokenizer, options)
  File "/home/ubuntu/miniconda3/envs/openvoice/lib/python3.9/site-packages/faster_whisper/transcribe.py", line 641, in generate_with_fallback
    result = self.model.generate(
RuntimeError: CUDA failed with error out of memory
Traceback (most recent call last):
  File "/home/ubuntu/OpenVoice/job.py", line 334, in <module>
    clone_voice(f"./projects/{i}/{j}")
  File "/home/ubuntu/OpenVoice/job.py", line 201, in clone_voice
    return(convert_color(projectfolder))
  File "/home/ubuntu/OpenVoice/job.py", line 277, in convert_color
    target_se, audio_name = se_extractor.get_se(ref_audio_path, tone_color_converter, vad=False)
  File "/home/ubuntu/OpenVoice/openvoice/se_extractor.py", line 146, in get_se
    wavs_folder = split_audio_whisper(audio_path, target_dir=target_dir, audio_name=audio_name)
  File "/home/ubuntu/OpenVoice/openvoice/se_extractor.py", line 29, in split_audio_whisper
    segments = list(segments)
  File "/home/ubuntu/miniconda3/envs/openvoice/lib/python3.9/site-packages/faster_whisper/transcribe.py", line 433, in generate_segments
    ) = self.generate_with_fallback(encoder_output, prompt, tokenizer, options)
  File "/home/ubuntu/miniconda3/envs/openvoice/lib/python3.9/site-packages/faster_whisper/transcribe.py", line 641, in generate_with_fallback
    result = self.model.generate(
RuntimeError: CUDA failed with error out of memory
Traceback (most recent call last):
  File "/home/ubuntu/OpenVoice/job.py", line 334, in <module>
    clone_voice(f"./projects/{i}/{j}")
  File "/home/ubuntu/OpenVoice/job.py", line 201, in clone_voice
    return(convert_color(projectfolder))
  File "/home/ubuntu/OpenVoice/job.py", line 277, in convert_color
    target_se, audio_name = se_extractor.get_se(ref_audio_path, tone_color_converter, vad=False)
  File "/home/ubuntu/OpenVoice/openvoice/se_extractor.py", line 146, in get_se
    wavs_folder = split_audio_whisper(audio_path, target_dir=target_dir, audio_name=audio_name)
  File "/home/ubuntu/OpenVoice/openvoice/se_extractor.py", line 29, in split_audio_whisper
    segments = list(segments)
  File "/home/ubuntu/miniconda3/envs/openvoice/lib/python3.9/site-packages/faster_whisper/transcribe.py", line 433, in generate_segments
    ) = self.generate_with_fallback(encoder_output, prompt, tokenizer, options)
  File "/home/ubuntu/miniconda3/envs/openvoice/lib/python3.9/site-packages/faster_whisper/transcribe.py", line 641, in generate_with_fallback
    result = self.model.generate(
RuntimeError: CUDA failed with error out of memory
Traceback (most recent call last):
  File "/home/ubuntu/OpenVoice/job.py", line 334, in <module>
    clone_voice(f"./projects/{i}/{j}")
  File "/home/ubuntu/OpenVoice/job.py", line 201, in clone_voice
    return(convert_color(projectfolder))
  File "/home/ubuntu/OpenVoice/job.py", line 277, in convert_color
    target_se, audio_name = se_extractor.get_se(ref_audio_path, tone_color_converter, vad=False)
  File "/home/ubuntu/OpenVoice/openvoice/se_extractor.py", line 146, in get_se
    wavs_folder = split_audio_whisper(audio_path, target_dir=target_dir, audio_name=audio_name)
  File "/home/ubuntu/OpenVoice/openvoice/se_extractor.py", line 29, in split_audio_whisper
    segments = list(segments)
  File "/home/ubuntu/miniconda3/envs/openvoice/lib/python3.9/site-packages/faster_whisper/transcribe.py", line 433, in generate_segments
    ) = self.generate_with_fallback(encoder_output, prompt, tokenizer, options)
  File "/home/ubuntu/miniconda3/envs/openvoice/lib/python3.9/site-packages/faster_whisper/transcribe.py", line 641, in generate_with_fallback
    result = self.model.generate(
RuntimeError: CUDA failed with error out of memory
Traceback (most recent call last):
  File "/home/ubuntu/OpenVoice/job.py", line 334, in <module>
    clone_voice(f"./projects/{i}/{j}")
  File "/home/ubuntu/OpenVoice/job.py", line 201, in clone_voice
    return(convert_color(projectfolder))
  File "/home/ubuntu/OpenVoice/job.py", line 277, in convert_color
    target_se, audio_name = se_extractor.get_se(ref_audio_path, tone_color_converter, vad=False)
  File "/home/ubuntu/OpenVoice/openvoice/se_extractor.py", line 146, in get_se
    wavs_folder = split_audio_whisper(audio_path, target_dir=target_dir, audio_name=audio_name)
  File "/home/ubuntu/OpenVoice/openvoice/se_extractor.py", line 29, in split_audio_whisper
    segments = list(segments)
  File "/home/ubuntu/miniconda3/envs/openvoice/lib/python3.9/site-packages/faster_whisper/transcribe.py", line 433, in generate_segments
    ) = self.generate_with_fallback(encoder_output, prompt, tokenizer, options)
  File "/home/ubuntu/miniconda3/envs/openvoice/lib/python3.9/site-packages/faster_whisper/transcribe.py", line 641, in generate_with_fallback
    result = self.model.generate(
RuntimeError: CUDA failed with error out of memory
Traceback (most recent call last):
  File "/home/ubuntu/OpenVoice/job.py", line 334, in <module>
    clone_voice(f"./projects/{i}/{j}")
  File "/home/ubuntu/OpenVoice/job.py", line 201, in clone_voice
    return(convert_color(projectfolder))
  File "/home/ubuntu/OpenVoice/job.py", line 277, in convert_color
    target_se, audio_name = se_extractor.get_se(ref_audio_path, tone_color_converter, vad=False)
  File "/home/ubuntu/OpenVoice/openvoice/se_extractor.py", line 146, in get_se
    wavs_folder = split_audio_whisper(audio_path, target_dir=target_dir, audio_name=audio_name)
  File "/home/ubuntu/OpenVoice/openvoice/se_extractor.py", line 29, in split_audio_whisper
    segments = list(segments)
  File "/home/ubuntu/miniconda3/envs/openvoice/lib/python3.9/site-packages/faster_whisper/transcribe.py", line 433, in generate_segments
    ) = self.generate_with_fallback(encoder_output, prompt, tokenizer, options)
  File "/home/ubuntu/miniconda3/envs/openvoice/lib/python3.9/site-packages/faster_whisper/transcribe.py", line 641, in generate_with_fallback
    result = self.model.generate(
RuntimeError: CUDA failed with error out of memory
Traceback (most recent call last):
  File "/home/ubuntu/OpenVoice/job.py", line 334, in <module>
    clone_voice(f"./projects/{i}/{j}")
  File "/home/ubuntu/OpenVoice/job.py", line 201, in clone_voice
    return(convert_color(projectfolder))
  File "/home/ubuntu/OpenVoice/job.py", line 277, in convert_color
    target_se, audio_name = se_extractor.get_se(ref_audio_path, tone_color_converter, vad=False)
  File "/home/ubuntu/OpenVoice/openvoice/se_extractor.py", line 146, in get_se
    wavs_folder = split_audio_whisper(audio_path, target_dir=target_dir, audio_name=audio_name)
  File "/home/ubuntu/OpenVoice/openvoice/se_extractor.py", line 29, in split_audio_whisper
    segments = list(segments)
  File "/home/ubuntu/miniconda3/envs/openvoice/lib/python3.9/site-packages/faster_whisper/transcribe.py", line 433, in generate_segments
    ) = self.generate_with_fallback(encoder_output, prompt, tokenizer, options)
  File "/home/ubuntu/miniconda3/envs/openvoice/lib/python3.9/site-packages/faster_whisper/transcribe.py", line 641, in generate_with_fallback
    result = self.model.generate(
RuntimeError: CUDA failed with error out of memory
Traceback (most recent call last):
  File "/home/ubuntu/OpenVoice/job.py", line 334, in <module>
    clone_voice(f"./projects/{i}/{j}")
  File "/home/ubuntu/OpenVoice/job.py", line 201, in clone_voice
    return(convert_color(projectfolder))
  File "/home/ubuntu/OpenVoice/job.py", line 277, in convert_color
    target_se, audio_name = se_extractor.get_se(ref_audio_path, tone_color_converter, vad=False)
  File "/home/ubuntu/OpenVoice/openvoice/se_extractor.py", line 146, in get_se
    wavs_folder = split_audio_whisper(audio_path, target_dir=target_dir, audio_name=audio_name)
  File "/home/ubuntu/OpenVoice/openvoice/se_extractor.py", line 29, in split_audio_whisper
    segments = list(segments)
  File "/home/ubuntu/miniconda3/envs/openvoice/lib/python3.9/site-packages/faster_whisper/transcribe.py", line 433, in generate_segments
    ) = self.generate_with_fallback(encoder_output, prompt, tokenizer, options)
  File "/home/ubuntu/miniconda3/envs/openvoice/lib/python3.9/site-packages/faster_whisper/transcribe.py", line 641, in generate_with_fallback
    result = self.model.generate(
RuntimeError: CUDA failed with error out of memory
Traceback (most recent call last):
  File "/home/ubuntu/OpenVoice/job.py", line 334, in <module>
    clone_voice(f"./projects/{i}/{j}")
  File "/home/ubuntu/OpenVoice/job.py", line 201, in clone_voice
    return(convert_color(projectfolder))
  File "/home/ubuntu/OpenVoice/job.py", line 277, in convert_color
    target_se, audio_name = se_extractor.get_se(ref_audio_path, tone_color_converter, vad=False)
  File "/home/ubuntu/OpenVoice/openvoice/se_extractor.py", line 146, in get_se
    wavs_folder = split_audio_whisper(audio_path, target_dir=target_dir, audio_name=audio_name)
  File "/home/ubuntu/OpenVoice/openvoice/se_extractor.py", line 29, in split_audio_whisper
    segments = list(segments)
  File "/home/ubuntu/miniconda3/envs/openvoice/lib/python3.9/site-packages/faster_whisper/transcribe.py", line 433, in generate_segments
    ) = self.generate_with_fallback(encoder_output, prompt, tokenizer, options)
  File "/home/ubuntu/miniconda3/envs/openvoice/lib/python3.9/site-packages/faster_whisper/transcribe.py", line 641, in generate_with_fallback
    result = self.model.generate(
RuntimeError: CUDA failed with error out of memory
Traceback (most recent call last):
  File "/home/ubuntu/OpenVoice/job.py", line 334, in <module>
    clone_voice(f"./projects/{i}/{j}")
  File "/home/ubuntu/OpenVoice/job.py", line 201, in clone_voice
    return(convert_color(projectfolder))
  File "/home/ubuntu/OpenVoice/job.py", line 277, in convert_color
    target_se, audio_name = se_extractor.get_se(ref_audio_path, tone_color_converter, vad=False)
  File "/home/ubuntu/OpenVoice/openvoice/se_extractor.py", line 146, in get_se
    wavs_folder = split_audio_whisper(audio_path, target_dir=target_dir, audio_name=audio_name)
  File "/home/ubuntu/OpenVoice/openvoice/se_extractor.py", line 29, in split_audio_whisper
    segments = list(segments)
  File "/home/ubuntu/miniconda3/envs/openvoice/lib/python3.9/site-packages/faster_whisper/transcribe.py", line 433, in generate_segments
    ) = self.generate_with_fallback(encoder_output, prompt, tokenizer, options)
  File "/home/ubuntu/miniconda3/envs/openvoice/lib/python3.9/site-packages/faster_whisper/transcribe.py", line 641, in generate_with_fallback
    result = self.model.generate(
RuntimeError: CUDA failed with error out of memory
Traceback (most recent call last):
  File "/home/ubuntu/OpenVoice/job.py", line 334, in <module>
    clone_voice(f"./projects/{i}/{j}")
  File "/home/ubuntu/OpenVoice/job.py", line 201, in clone_voice
    return(convert_color(projectfolder))
  File "/home/ubuntu/OpenVoice/job.py", line 277, in convert_color
    target_se, audio_name = se_extractor.get_se(ref_audio_path, tone_color_converter, vad=False)
  File "/home/ubuntu/OpenVoice/openvoice/se_extractor.py", line 146, in get_se
    wavs_folder = split_audio_whisper(audio_path, target_dir=target_dir, audio_name=audio_name)
  File "/home/ubuntu/OpenVoice/openvoice/se_extractor.py", line 29, in split_audio_whisper
    segments = list(segments)
  File "/home/ubuntu/miniconda3/envs/openvoice/lib/python3.9/site-packages/faster_whisper/transcribe.py", line 433, in generate_segments
    ) = self.generate_with_fallback(encoder_output, prompt, tokenizer, options)
  File "/home/ubuntu/miniconda3/envs/openvoice/lib/python3.9/site-packages/faster_whisper/transcribe.py", line 641, in generate_with_fallback
    result = self.model.generate(
RuntimeError: CUDA failed with error out of memory
Traceback (most recent call last):
  File "/home/ubuntu/OpenVoice/job.py", line 334, in <module>
    clone_voice(f"./projects/{i}/{j}")
  File "/home/ubuntu/OpenVoice/job.py", line 201, in clone_voice
    return(convert_color(projectfolder))
  File "/home/ubuntu/OpenVoice/job.py", line 277, in convert_color
    target_se, audio_name = se_extractor.get_se(ref_audio_path, tone_color_converter, vad=False)
  File "/home/ubuntu/OpenVoice/openvoice/se_extractor.py", line 146, in get_se
    wavs_folder = split_audio_whisper(audio_path, target_dir=target_dir, audio_name=audio_name)
  File "/home/ubuntu/OpenVoice/openvoice/se_extractor.py", line 29, in split_audio_whisper
    segments = list(segments)
  File "/home/ubuntu/miniconda3/envs/openvoice/lib/python3.9/site-packages/faster_whisper/transcribe.py", line 433, in generate_segments
    ) = self.generate_with_fallback(encoder_output, prompt, tokenizer, options)
  File "/home/ubuntu/miniconda3/envs/openvoice/lib/python3.9/site-packages/faster_whisper/transcribe.py", line 641, in generate_with_fallback
    result = self.model.generate(
RuntimeError: CUDA failed with error out of memory
Traceback (most recent call last):
  File "/home/ubuntu/OpenVoice/job.py", line 334, in <module>
    clone_voice(f"./projects/{i}/{j}")
  File "/home/ubuntu/OpenVoice/job.py", line 201, in clone_voice
    return(convert_color(projectfolder))
  File "/home/ubuntu/OpenVoice/job.py", line 277, in convert_color
    target_se, audio_name = se_extractor.get_se(ref_audio_path, tone_color_converter, vad=False)
  File "/home/ubuntu/OpenVoice/openvoice/se_extractor.py", line 146, in get_se
    wavs_folder = split_audio_whisper(audio_path, target_dir=target_dir, audio_name=audio_name)
  File "/home/ubuntu/OpenVoice/openvoice/se_extractor.py", line 29, in split_audio_whisper
    segments = list(segments)
  File "/home/ubuntu/miniconda3/envs/openvoice/lib/python3.9/site-packages/faster_whisper/transcribe.py", line 433, in generate_segments
    ) = self.generate_with_fallback(encoder_output, prompt, tokenizer, options)
  File "/home/ubuntu/miniconda3/envs/openvoice/lib/python3.9/site-packages/faster_whisper/transcribe.py", line 641, in generate_with_fallback
    result = self.model.generate(
RuntimeError: CUDA failed with error out of memory
Traceback (most recent call last):
  File "/home/ubuntu/OpenVoice/job.py", line 334, in <module>
    clone_voice(f"./projects/{i}/{j}")
  File "/home/ubuntu/OpenVoice/job.py", line 201, in clone_voice
    return(convert_color(projectfolder))
  File "/home/ubuntu/OpenVoice/job.py", line 277, in convert_color
    target_se, audio_name = se_extractor.get_se(ref_audio_path, tone_color_converter, vad=False)
  File "/home/ubuntu/OpenVoice/openvoice/se_extractor.py", line 146, in get_se
    wavs_folder = split_audio_whisper(audio_path, target_dir=target_dir, audio_name=audio_name)
  File "/home/ubuntu/OpenVoice/openvoice/se_extractor.py", line 29, in split_audio_whisper
    segments = list(segments)
  File "/home/ubuntu/miniconda3/envs/openvoice/lib/python3.9/site-packages/faster_whisper/transcribe.py", line 433, in generate_segments
    ) = self.generate_with_fallback(encoder_output, prompt, tokenizer, options)
  File "/home/ubuntu/miniconda3/envs/openvoice/lib/python3.9/site-packages/faster_whisper/transcribe.py", line 641, in generate_with_fallback
    result = self.model.generate(
RuntimeError: CUDA failed with error out of memory
Traceback (most recent call last):
  File "/home/ubuntu/OpenVoice/job.py", line 334, in <module>
    clone_voice(f"./projects/{i}/{j}")
  File "/home/ubuntu/OpenVoice/job.py", line 201, in clone_voice
    return(convert_color(projectfolder))
  File "/home/ubuntu/OpenVoice/job.py", line 277, in convert_color
    target_se, audio_name = se_extractor.get_se(ref_audio_path, tone_color_converter, vad=False)
  File "/home/ubuntu/OpenVoice/openvoice/se_extractor.py", line 146, in get_se
    wavs_folder = split_audio_whisper(audio_path, target_dir=target_dir, audio_name=audio_name)
  File "/home/ubuntu/OpenVoice/openvoice/se_extractor.py", line 29, in split_audio_whisper
    segments = list(segments)
  File "/home/ubuntu/miniconda3/envs/openvoice/lib/python3.9/site-packages/faster_whisper/transcribe.py", line 433, in generate_segments
    ) = self.generate_with_fallback(encoder_output, prompt, tokenizer, options)
  File "/home/ubuntu/miniconda3/envs/openvoice/lib/python3.9/site-packages/faster_whisper/transcribe.py", line 641, in generate_with_fallback
    result = self.model.generate(
RuntimeError: CUDA failed with error out of memory
Traceback (most recent call last):
  File "/home/ubuntu/OpenVoice/job.py", line 334, in <module>
    clone_voice(f"./projects/{i}/{j}")
  File "/home/ubuntu/OpenVoice/job.py", line 201, in clone_voice
    return(convert_color(projectfolder))
  File "/home/ubuntu/OpenVoice/job.py", line 277, in convert_color
    target_se, audio_name = se_extractor.get_se(ref_audio_path, tone_color_converter, vad=False)
  File "/home/ubuntu/OpenVoice/openvoice/se_extractor.py", line 146, in get_se
    wavs_folder = split_audio_whisper(audio_path, target_dir=target_dir, audio_name=audio_name)
  File "/home/ubuntu/OpenVoice/openvoice/se_extractor.py", line 29, in split_audio_whisper
    segments = list(segments)
  File "/home/ubuntu/miniconda3/envs/openvoice/lib/python3.9/site-packages/faster_whisper/transcribe.py", line 433, in generate_segments
    ) = self.generate_with_fallback(encoder_output, prompt, tokenizer, options)
  File "/home/ubuntu/miniconda3/envs/openvoice/lib/python3.9/site-packages/faster_whisper/transcribe.py", line 641, in generate_with_fallback
    result = self.model.generate(
RuntimeError: CUDA failed with error out of memory
Traceback (most recent call last):
  File "/home/ubuntu/OpenVoice/job.py", line 334, in <module>
    clone_voice(f"./projects/{i}/{j}")
  File "/home/ubuntu/OpenVoice/job.py", line 201, in clone_voice
    return(convert_color(projectfolder))
  File "/home/ubuntu/OpenVoice/job.py", line 277, in convert_color
    target_se, audio_name = se_extractor.get_se(ref_audio_path, tone_color_converter, vad=False)
  File "/home/ubuntu/OpenVoice/openvoice/se_extractor.py", line 146, in get_se
    wavs_folder = split_audio_whisper(audio_path, target_dir=target_dir, audio_name=audio_name)
  File "/home/ubuntu/OpenVoice/openvoice/se_extractor.py", line 29, in split_audio_whisper
    segments = list(segments)
  File "/home/ubuntu/miniconda3/envs/openvoice/lib/python3.9/site-packages/faster_whisper/transcribe.py", line 433, in generate_segments
    ) = self.generate_with_fallback(encoder_output, prompt, tokenizer, options)
  File "/home/ubuntu/miniconda3/envs/openvoice/lib/python3.9/site-packages/faster_whisper/transcribe.py", line 641, in generate_with_fallback
    result = self.model.generate(
RuntimeError: CUDA failed with error out of memory
Traceback (most recent call last):
  File "/home/ubuntu/OpenVoice/job.py", line 334, in <module>
    clone_voice(f"./projects/{i}/{j}")
  File "/home/ubuntu/OpenVoice/job.py", line 201, in clone_voice
    return(convert_color(projectfolder))
  File "/home/ubuntu/OpenVoice/job.py", line 277, in convert_color
    target_se, audio_name = se_extractor.get_se(ref_audio_path, tone_color_converter, vad=False)
  File "/home/ubuntu/OpenVoice/openvoice/se_extractor.py", line 146, in get_se
    wavs_folder = split_audio_whisper(audio_path, target_dir=target_dir, audio_name=audio_name)
  File "/home/ubuntu/OpenVoice/openvoice/se_extractor.py", line 29, in split_audio_whisper
    segments = list(segments)
  File "/home/ubuntu/miniconda3/envs/openvoice/lib/python3.9/site-packages/faster_whisper/transcribe.py", line 433, in generate_segments
    ) = self.generate_with_fallback(encoder_output, prompt, tokenizer, options)
  File "/home/ubuntu/miniconda3/envs/openvoice/lib/python3.9/site-packages/faster_whisper/transcribe.py", line 641, in generate_with_fallback
    result = self.model.generate(
RuntimeError: CUDA failed with error out of memory
Traceback (most recent call last):
  File "/home/ubuntu/OpenVoice/job.py", line 334, in <module>
    clone_voice(f"./projects/{i}/{j}")
  File "/home/ubuntu/OpenVoice/job.py", line 201, in clone_voice
    return(convert_color(projectfolder))
  File "/home/ubuntu/OpenVoice/job.py", line 277, in convert_color
    target_se, audio_name = se_extractor.get_se(ref_audio_path, tone_color_converter, vad=False)
  File "/home/ubuntu/OpenVoice/openvoice/se_extractor.py", line 146, in get_se
    wavs_folder = split_audio_whisper(audio_path, target_dir=target_dir, audio_name=audio_name)
  File "/home/ubuntu/OpenVoice/openvoice/se_extractor.py", line 29, in split_audio_whisper
    segments = list(segments)
  File "/home/ubuntu/miniconda3/envs/openvoice/lib/python3.9/site-packages/faster_whisper/transcribe.py", line 433, in generate_segments
    ) = self.generate_with_fallback(encoder_output, prompt, tokenizer, options)
  File "/home/ubuntu/miniconda3/envs/openvoice/lib/python3.9/site-packages/faster_whisper/transcribe.py", line 641, in generate_with_fallback
    result = self.model.generate(
RuntimeError: CUDA failed with error out of memory
Traceback (most recent call last):
  File "/home/ubuntu/OpenVoice/job.py", line 334, in <module>
    clone_voice(f"./projects/{i}/{j}")
  File "/home/ubuntu/OpenVoice/job.py", line 201, in clone_voice
    return(convert_color(projectfolder))
  File "/home/ubuntu/OpenVoice/job.py", line 277, in convert_color
    target_se, audio_name = se_extractor.get_se(ref_audio_path, tone_color_converter, vad=False)
  File "/home/ubuntu/OpenVoice/openvoice/se_extractor.py", line 146, in get_se
    wavs_folder = split_audio_whisper(audio_path, target_dir=target_dir, audio_name=audio_name)
  File "/home/ubuntu/OpenVoice/openvoice/se_extractor.py", line 29, in split_audio_whisper
    segments = list(segments)
  File "/home/ubuntu/miniconda3/envs/openvoice/lib/python3.9/site-packages/faster_whisper/transcribe.py", line 433, in generate_segments
    ) = self.generate_with_fallback(encoder_output, prompt, tokenizer, options)
  File "/home/ubuntu/miniconda3/envs/openvoice/lib/python3.9/site-packages/faster_whisper/transcribe.py", line 641, in generate_with_fallback
    result = self.model.generate(
RuntimeError: CUDA failed with error out of memory
Traceback (most recent call last):
  File "/home/ubuntu/OpenVoice/job.py", line 334, in <module>
    clone_voice(f"./projects/{i}/{j}")
  File "/home/ubuntu/OpenVoice/job.py", line 201, in clone_voice
    return(convert_color(projectfolder))
  File "/home/ubuntu/OpenVoice/job.py", line 277, in convert_color
    target_se, audio_name = se_extractor.get_se(ref_audio_path, tone_color_converter, vad=False)
  File "/home/ubuntu/OpenVoice/openvoice/se_extractor.py", line 146, in get_se
    wavs_folder = split_audio_whisper(audio_path, target_dir=target_dir, audio_name=audio_name)
  File "/home/ubuntu/OpenVoice/openvoice/se_extractor.py", line 29, in split_audio_whisper
    segments = list(segments)
  File "/home/ubuntu/miniconda3/envs/openvoice/lib/python3.9/site-packages/faster_whisper/transcribe.py", line 433, in generate_segments
    ) = self.generate_with_fallback(encoder_output, prompt, tokenizer, options)
  File "/home/ubuntu/miniconda3/envs/openvoice/lib/python3.9/site-packages/faster_whisper/transcribe.py", line 641, in generate_with_fallback
    result = self.model.generate(
RuntimeError: CUDA failed with error out of memory
Traceback (most recent call last):
  File "/home/ubuntu/OpenVoice/job.py", line 334, in <module>
    clone_voice(f"./projects/{i}/{j}")
  File "/home/ubuntu/OpenVoice/job.py", line 201, in clone_voice
    return(convert_color(projectfolder))
  File "/home/ubuntu/OpenVoice/job.py", line 277, in convert_color
    target_se, audio_name = se_extractor.get_se(ref_audio_path, tone_color_converter, vad=False)
  File "/home/ubuntu/OpenVoice/openvoice/se_extractor.py", line 146, in get_se
    wavs_folder = split_audio_whisper(audio_path, target_dir=target_dir, audio_name=audio_name)
  File "/home/ubuntu/OpenVoice/openvoice/se_extractor.py", line 29, in split_audio_whisper
    segments = list(segments)
  File "/home/ubuntu/miniconda3/envs/openvoice/lib/python3.9/site-packages/faster_whisper/transcribe.py", line 433, in generate_segments
    ) = self.generate_with_fallback(encoder_output, prompt, tokenizer, options)
  File "/home/ubuntu/miniconda3/envs/openvoice/lib/python3.9/site-packages/faster_whisper/transcribe.py", line 641, in generate_with_fallback
    result = self.model.generate(
RuntimeError: CUDA failed with error out of memory
Traceback (most recent call last):
  File "/home/ubuntu/OpenVoice/job.py", line 334, in <module>
    clone_voice(f"./projects/{i}/{j}")
  File "/home/ubuntu/OpenVoice/job.py", line 201, in clone_voice
    return(convert_color(projectfolder))
  File "/home/ubuntu/OpenVoice/job.py", line 277, in convert_color
    target_se, audio_name = se_extractor.get_se(ref_audio_path, tone_color_converter, vad=False)
  File "/home/ubuntu/OpenVoice/openvoice/se_extractor.py", line 146, in get_se
    wavs_folder = split_audio_whisper(audio_path, target_dir=target_dir, audio_name=audio_name)
  File "/home/ubuntu/OpenVoice/openvoice/se_extractor.py", line 29, in split_audio_whisper
    segments = list(segments)
  File "/home/ubuntu/miniconda3/envs/openvoice/lib/python3.9/site-packages/faster_whisper/transcribe.py", line 433, in generate_segments
    ) = self.generate_with_fallback(encoder_output, prompt, tokenizer, options)
  File "/home/ubuntu/miniconda3/envs/openvoice/lib/python3.9/site-packages/faster_whisper/transcribe.py", line 641, in generate_with_fallback
    result = self.model.generate(
RuntimeError: CUDA failed with error out of memory
Traceback (most recent call last):
  File "/home/ubuntu/OpenVoice/job.py", line 334, in <module>
    clone_voice(f"./projects/{i}/{j}")
  File "/home/ubuntu/OpenVoice/job.py", line 201, in clone_voice
    return(convert_color(projectfolder))
  File "/home/ubuntu/OpenVoice/job.py", line 277, in convert_color
    target_se, audio_name = se_extractor.get_se(ref_audio_path, tone_color_converter, vad=False)
  File "/home/ubuntu/OpenVoice/openvoice/se_extractor.py", line 146, in get_se
    wavs_folder = split_audio_whisper(audio_path, target_dir=target_dir, audio_name=audio_name)
  File "/home/ubuntu/OpenVoice/openvoice/se_extractor.py", line 29, in split_audio_whisper
    segments = list(segments)
  File "/home/ubuntu/miniconda3/envs/openvoice/lib/python3.9/site-packages/faster_whisper/transcribe.py", line 433, in generate_segments
    ) = self.generate_with_fallback(encoder_output, prompt, tokenizer, options)
  File "/home/ubuntu/miniconda3/envs/openvoice/lib/python3.9/site-packages/faster_whisper/transcribe.py", line 641, in generate_with_fallback
    result = self.model.generate(
RuntimeError: CUDA failed with error out of memory
Traceback (most recent call last):
  File "/home/ubuntu/OpenVoice/job.py", line 334, in <module>
    clone_voice(f"./projects/{i}/{j}")
  File "/home/ubuntu/OpenVoice/job.py", line 201, in clone_voice
    return(convert_color(projectfolder))
  File "/home/ubuntu/OpenVoice/job.py", line 277, in convert_color
    target_se, audio_name = se_extractor.get_se(ref_audio_path, tone_color_converter, vad=False)
  File "/home/ubuntu/OpenVoice/openvoice/se_extractor.py", line 146, in get_se
    wavs_folder = split_audio_whisper(audio_path, target_dir=target_dir, audio_name=audio_name)
  File "/home/ubuntu/OpenVoice/openvoice/se_extractor.py", line 29, in split_audio_whisper
    segments = list(segments)
  File "/home/ubuntu/miniconda3/envs/openvoice/lib/python3.9/site-packages/faster_whisper/transcribe.py", line 433, in generate_segments
    ) = self.generate_with_fallback(encoder_output, prompt, tokenizer, options)
  File "/home/ubuntu/miniconda3/envs/openvoice/lib/python3.9/site-packages/faster_whisper/transcribe.py", line 641, in generate_with_fallback
    result = self.model.generate(
RuntimeError: CUDA failed with error out of memory
Traceback (most recent call last):
  File "/home/ubuntu/OpenVoice/job.py", line 334, in <module>
    clone_voice(f"./projects/{i}/{j}")
  File "/home/ubuntu/OpenVoice/job.py", line 201, in clone_voice
    return(convert_color(projectfolder))
  File "/home/ubuntu/OpenVoice/job.py", line 277, in convert_color
    target_se, audio_name = se_extractor.get_se(ref_audio_path, tone_color_converter, vad=False)
  File "/home/ubuntu/OpenVoice/openvoice/se_extractor.py", line 150, in get_se
    raise NotImplementedError('No audio segments found!')
NotImplementedError: No audio segments found!
Traceback (most recent call last):
  File "/home/ubuntu/OpenVoice/job.py", line 334, in <module>
    clone_voice(f"./projects/{i}/{j}")
  File "/home/ubuntu/OpenVoice/job.py", line 201, in clone_voice
    return(convert_color(projectfolder))
  File "/home/ubuntu/OpenVoice/job.py", line 277, in convert_color
    target_se, audio_name = se_extractor.get_se(ref_audio_path, tone_color_converter, vad=False)
  File "/home/ubuntu/OpenVoice/openvoice/se_extractor.py", line 146, in get_se
    wavs_folder = split_audio_whisper(audio_path, target_dir=target_dir, audio_name=audio_name)
  File "/home/ubuntu/OpenVoice/openvoice/se_extractor.py", line 29, in split_audio_whisper
    segments = list(segments)
  File "/home/ubuntu/miniconda3/envs/openvoice/lib/python3.9/site-packages/faster_whisper/transcribe.py", line 433, in generate_segments
    ) = self.generate_with_fallback(encoder_output, prompt, tokenizer, options)
  File "/home/ubuntu/miniconda3/envs/openvoice/lib/python3.9/site-packages/faster_whisper/transcribe.py", line 641, in generate_with_fallback
    result = self.model.generate(
RuntimeError: CUDA failed with error out of memory
Traceback (most recent call last):
  File "/home/ubuntu/OpenVoice/job.py", line 334, in <module>
    clone_voice(f"./projects/{i}/{j}")
  File "/home/ubuntu/OpenVoice/job.py", line 201, in clone_voice
    return(convert_color(projectfolder))
  File "/home/ubuntu/OpenVoice/job.py", line 277, in convert_color
    target_se, audio_name = se_extractor.get_se(ref_audio_path, tone_color_converter, vad=False)
  File "/home/ubuntu/OpenVoice/openvoice/se_extractor.py", line 146, in get_se
    wavs_folder = split_audio_whisper(audio_path, target_dir=target_dir, audio_name=audio_name)
  File "/home/ubuntu/OpenVoice/openvoice/se_extractor.py", line 29, in split_audio_whisper
    segments = list(segments)
  File "/home/ubuntu/miniconda3/envs/openvoice/lib/python3.9/site-packages/faster_whisper/transcribe.py", line 433, in generate_segments
    ) = self.generate_with_fallback(encoder_output, prompt, tokenizer, options)
  File "/home/ubuntu/miniconda3/envs/openvoice/lib/python3.9/site-packages/faster_whisper/transcribe.py", line 641, in generate_with_fallback
    result = self.model.generate(
RuntimeError: CUDA failed with error out of memory
Traceback (most recent call last):
  File "/home/ubuntu/OpenVoice/job.py", line 334, in <module>
    clone_voice(f"./projects/{i}/{j}")
  File "/home/ubuntu/OpenVoice/job.py", line 201, in clone_voice
    return(convert_color(projectfolder))
  File "/home/ubuntu/OpenVoice/job.py", line 277, in convert_color
    target_se, audio_name = se_extractor.get_se(ref_audio_path, tone_color_converter, vad=False)
  File "/home/ubuntu/OpenVoice/openvoice/se_extractor.py", line 146, in get_se
    wavs_folder = split_audio_whisper(audio_path, target_dir=target_dir, audio_name=audio_name)
  File "/home/ubuntu/OpenVoice/openvoice/se_extractor.py", line 29, in split_audio_whisper
    segments = list(segments)
  File "/home/ubuntu/miniconda3/envs/openvoice/lib/python3.9/site-packages/faster_whisper/transcribe.py", line 433, in generate_segments
    ) = self.generate_with_fallback(encoder_output, prompt, tokenizer, options)
  File "/home/ubuntu/miniconda3/envs/openvoice/lib/python3.9/site-packages/faster_whisper/transcribe.py", line 641, in generate_with_fallback
    result = self.model.generate(
RuntimeError: CUDA failed with error out of memory
Traceback (most recent call last):
  File "/home/ubuntu/OpenVoice/job.py", line 334, in <module>
    clone_voice(f"./projects/{i}/{j}")
  File "/home/ubuntu/OpenVoice/job.py", line 201, in clone_voice
    return(convert_color(projectfolder))
  File "/home/ubuntu/OpenVoice/job.py", line 277, in convert_color
    target_se, audio_name = se_extractor.get_se(ref_audio_path, tone_color_converter, vad=False)
  File "/home/ubuntu/OpenVoice/openvoice/se_extractor.py", line 146, in get_se
    wavs_folder = split_audio_whisper(audio_path, target_dir=target_dir, audio_name=audio_name)
  File "/home/ubuntu/OpenVoice/openvoice/se_extractor.py", line 29, in split_audio_whisper
    segments = list(segments)
  File "/home/ubuntu/miniconda3/envs/openvoice/lib/python3.9/site-packages/faster_whisper/transcribe.py", line 433, in generate_segments
    ) = self.generate_with_fallback(encoder_output, prompt, tokenizer, options)
  File "/home/ubuntu/miniconda3/envs/openvoice/lib/python3.9/site-packages/faster_whisper/transcribe.py", line 641, in generate_with_fallback
    result = self.model.generate(
RuntimeError: CUDA failed with error out of memory
Traceback (most recent call last):
  File "/home/ubuntu/OpenVoice/job.py", line 334, in <module>
    clone_voice(f"./projects/{i}/{j}")
  File "/home/ubuntu/OpenVoice/job.py", line 201, in clone_voice
    return(convert_color(projectfolder))
  File "/home/ubuntu/OpenVoice/job.py", line 277, in convert_color
    target_se, audio_name = se_extractor.get_se(ref_audio_path, tone_color_converter, vad=False)
  File "/home/ubuntu/OpenVoice/openvoice/se_extractor.py", line 146, in get_se
    wavs_folder = split_audio_whisper(audio_path, target_dir=target_dir, audio_name=audio_name)
  File "/home/ubuntu/OpenVoice/openvoice/se_extractor.py", line 29, in split_audio_whisper
    segments = list(segments)
  File "/home/ubuntu/miniconda3/envs/openvoice/lib/python3.9/site-packages/faster_whisper/transcribe.py", line 433, in generate_segments
    ) = self.generate_with_fallback(encoder_output, prompt, tokenizer, options)
  File "/home/ubuntu/miniconda3/envs/openvoice/lib/python3.9/site-packages/faster_whisper/transcribe.py", line 641, in generate_with_fallback
    result = self.model.generate(
RuntimeError: CUDA failed with error out of memory
Traceback (most recent call last):
  File "/home/ubuntu/OpenVoice/job.py", line 334, in <module>
    clone_voice(f"./projects/{i}/{j}")
  File "/home/ubuntu/OpenVoice/job.py", line 201, in clone_voice
    return(convert_color(projectfolder))
  File "/home/ubuntu/OpenVoice/job.py", line 277, in convert_color
    target_se, audio_name = se_extractor.get_se(ref_audio_path, tone_color_converter, vad=False)
  File "/home/ubuntu/OpenVoice/openvoice/se_extractor.py", line 146, in get_se
    wavs_folder = split_audio_whisper(audio_path, target_dir=target_dir, audio_name=audio_name)
  File "/home/ubuntu/OpenVoice/openvoice/se_extractor.py", line 29, in split_audio_whisper
    segments = list(segments)
  File "/home/ubuntu/miniconda3/envs/openvoice/lib/python3.9/site-packages/faster_whisper/transcribe.py", line 433, in generate_segments
    ) = self.generate_with_fallback(encoder_output, prompt, tokenizer, options)
  File "/home/ubuntu/miniconda3/envs/openvoice/lib/python3.9/site-packages/faster_whisper/transcribe.py", line 641, in generate_with_fallback
    result = self.model.generate(
RuntimeError: CUDA failed with error out of memory
Traceback (most recent call last):
  File "/home/ubuntu/OpenVoice/job.py", line 334, in <module>
    clone_voice(f"./projects/{i}/{j}")
  File "/home/ubuntu/OpenVoice/job.py", line 201, in clone_voice
    return(convert_color(projectfolder))
  File "/home/ubuntu/OpenVoice/job.py", line 277, in convert_color
    target_se, audio_name = se_extractor.get_se(ref_audio_path, tone_color_converter, vad=False)
  File "/home/ubuntu/OpenVoice/openvoice/se_extractor.py", line 146, in get_se
    wavs_folder = split_audio_whisper(audio_path, target_dir=target_dir, audio_name=audio_name)
  File "/home/ubuntu/OpenVoice/openvoice/se_extractor.py", line 29, in split_audio_whisper
    segments = list(segments)
  File "/home/ubuntu/miniconda3/envs/openvoice/lib/python3.9/site-packages/faster_whisper/transcribe.py", line 433, in generate_segments
    ) = self.generate_with_fallback(encoder_output, prompt, tokenizer, options)
  File "/home/ubuntu/miniconda3/envs/openvoice/lib/python3.9/site-packages/faster_whisper/transcribe.py", line 641, in generate_with_fallback
    result = self.model.generate(
RuntimeError: CUDA failed with error out of memory
Traceback (most recent call last):
  File "/home/ubuntu/OpenVoice/job.py", line 334, in <module>
    clone_voice(f"./projects/{i}/{j}")
  File "/home/ubuntu/OpenVoice/job.py", line 201, in clone_voice
    return(convert_color(projectfolder))
  File "/home/ubuntu/OpenVoice/job.py", line 277, in convert_color
    target_se, audio_name = se_extractor.get_se(ref_audio_path, tone_color_converter, vad=False)
  File "/home/ubuntu/OpenVoice/openvoice/se_extractor.py", line 146, in get_se
    wavs_folder = split_audio_whisper(audio_path, target_dir=target_dir, audio_name=audio_name)
  File "/home/ubuntu/OpenVoice/openvoice/se_extractor.py", line 29, in split_audio_whisper
    segments = list(segments)
  File "/home/ubuntu/miniconda3/envs/openvoice/lib/python3.9/site-packages/faster_whisper/transcribe.py", line 433, in generate_segments
    ) = self.generate_with_fallback(encoder_output, prompt, tokenizer, options)
  File "/home/ubuntu/miniconda3/envs/openvoice/lib/python3.9/site-packages/faster_whisper/transcribe.py", line 641, in generate_with_fallback
    result = self.model.generate(
RuntimeError: CUDA failed with error out of memory
Traceback (most recent call last):
  File "/home/ubuntu/OpenVoice/job.py", line 334, in <module>
    clone_voice(f"./projects/{i}/{j}")
  File "/home/ubuntu/OpenVoice/job.py", line 201, in clone_voice
    return(convert_color(projectfolder))
  File "/home/ubuntu/OpenVoice/job.py", line 277, in convert_color
    target_se, audio_name = se_extractor.get_se(ref_audio_path, tone_color_converter, vad=False)
  File "/home/ubuntu/OpenVoice/openvoice/se_extractor.py", line 146, in get_se
    wavs_folder = split_audio_whisper(audio_path, target_dir=target_dir, audio_name=audio_name)
  File "/home/ubuntu/OpenVoice/openvoice/se_extractor.py", line 29, in split_audio_whisper
    segments = list(segments)
  File "/home/ubuntu/miniconda3/envs/openvoice/lib/python3.9/site-packages/faster_whisper/transcribe.py", line 433, in generate_segments
    ) = self.generate_with_fallback(encoder_output, prompt, tokenizer, options)
  File "/home/ubuntu/miniconda3/envs/openvoice/lib/python3.9/site-packages/faster_whisper/transcribe.py", line 641, in generate_with_fallback
    result = self.model.generate(
RuntimeError: CUDA failed with error out of memory
Traceback (most recent call last):
  File "/home/ubuntu/miniconda3/envs/openvoice/lib/python3.9/site-packages/librosa/core/audio.py", line 155, in load
    context = sf.SoundFile(path)
  File "/home/ubuntu/miniconda3/envs/openvoice/lib/python3.9/site-packages/soundfile.py", line 658, in __init__
    self._file = self._open(file, mode_int, closefd)
  File "/home/ubuntu/miniconda3/envs/openvoice/lib/python3.9/site-packages/soundfile.py", line 1216, in _open
    raise LibsndfileError(err, prefix="Error opening {0!r}: ".format(self.name))
soundfile.LibsndfileError: Error opening './projects/ddba899f-6818-43db-8c28-4979071de195/0/0_clone_Instant#hi-IN-RehaanNeural.mp3': File does not exist or is not a regular file (possibly a pipe?).

During handling of the above exception, another exception occurred:

Traceback (most recent call last):
  File "/home/ubuntu/OpenVoice/job.py", line 334, in <module>
    clone_voice(f"./projects/{i}/{j}")
  File "/home/ubuntu/OpenVoice/job.py", line 201, in clone_voice
    return(convert_color(projectfolder))
  File "/home/ubuntu/OpenVoice/job.py", line 314, in convert_color
    tone_color_converter.convert(
  File "/home/ubuntu/OpenVoice/openvoice/api.py", line 144, in convert
    audio, sample_rate = librosa.load(audio_src_path, sr=hps.data.sampling_rate)
  File "/home/ubuntu/miniconda3/envs/openvoice/lib/python3.9/site-packages/librosa/util/decorators.py", line 88, in inner_f
    return f(*args, **kwargs)
  File "/home/ubuntu/miniconda3/envs/openvoice/lib/python3.9/site-packages/librosa/core/audio.py", line 174, in load
    y, sr_native = __audioread_load(path, offset, duration, dtype)
  File "/home/ubuntu/miniconda3/envs/openvoice/lib/python3.9/site-packages/librosa/core/audio.py", line 198, in __audioread_load
    with audioread.audio_open(path) as input_file:
  File "/home/ubuntu/miniconda3/envs/openvoice/lib/python3.9/site-packages/audioread/__init__.py", line 127, in audio_open
    return BackendClass(path)
  File "/home/ubuntu/miniconda3/envs/openvoice/lib/python3.9/site-packages/audioread/rawread.py", line 62, in __init__
    self._file = aifc.open(self._fh)
  File "/home/ubuntu/miniconda3/envs/openvoice/lib/python3.9/aifc.py", line 917, in open
    return Aifc_read(f)
  File "/home/ubuntu/miniconda3/envs/openvoice/lib/python3.9/aifc.py", line 358, in __init__
    self.initfp(f)
  File "/home/ubuntu/miniconda3/envs/openvoice/lib/python3.9/aifc.py", line 314, in initfp
    chunk = Chunk(file)
  File "/home/ubuntu/miniconda3/envs/openvoice/lib/python3.9/chunk.py", line 63, in __init__
    raise EOFError
EOFError
Traceback (most recent call last):
  File "/home/ubuntu/OpenVoice/job.py", line 334, in <module>
    clone_voice(f"./projects/{i}/{j}")
  File "/home/ubuntu/OpenVoice/job.py", line 201, in clone_voice
    return(convert_color(projectfolder))
  File "/home/ubuntu/OpenVoice/job.py", line 277, in convert_color
    target_se, audio_name = se_extractor.get_se(ref_audio_path, tone_color_converter, vad=False)
  File "/home/ubuntu/OpenVoice/openvoice/se_extractor.py", line 146, in get_se
    wavs_folder = split_audio_whisper(audio_path, target_dir=target_dir, audio_name=audio_name)
  File "/home/ubuntu/OpenVoice/openvoice/se_extractor.py", line 29, in split_audio_whisper
    segments = list(segments)
  File "/home/ubuntu/miniconda3/envs/openvoice/lib/python3.9/site-packages/faster_whisper/transcribe.py", line 433, in generate_segments
    ) = self.generate_with_fallback(encoder_output, prompt, tokenizer, options)
  File "/home/ubuntu/miniconda3/envs/openvoice/lib/python3.9/site-packages/faster_whisper/transcribe.py", line 641, in generate_with_fallback
    result = self.model.generate(
RuntimeError: CUDA failed with error out of memory
Traceback (most recent call last):
  File "/home/ubuntu/OpenVoice/job.py", line 334, in <module>
    clone_voice(f"./projects/{i}/{j}")
  File "/home/ubuntu/OpenVoice/job.py", line 201, in clone_voice
    return(convert_color(projectfolder))
  File "/home/ubuntu/OpenVoice/job.py", line 277, in convert_color
    target_se, audio_name = se_extractor.get_se(ref_audio_path, tone_color_converter, vad=False)
  File "/home/ubuntu/OpenVoice/openvoice/se_extractor.py", line 146, in get_se
    wavs_folder = split_audio_whisper(audio_path, target_dir=target_dir, audio_name=audio_name)
  File "/home/ubuntu/OpenVoice/openvoice/se_extractor.py", line 29, in split_audio_whisper
    segments = list(segments)
  File "/home/ubuntu/miniconda3/envs/openvoice/lib/python3.9/site-packages/faster_whisper/transcribe.py", line 433, in generate_segments
    ) = self.generate_with_fallback(encoder_output, prompt, tokenizer, options)
  File "/home/ubuntu/miniconda3/envs/openvoice/lib/python3.9/site-packages/faster_whisper/transcribe.py", line 641, in generate_with_fallback
    result = self.model.generate(
RuntimeError: CUDA failed with error out of memory
Traceback (most recent call last):
  File "/home/ubuntu/OpenVoice/job.py", line 334, in <module>
    clone_voice(f"./projects/{i}/{j}")
  File "/home/ubuntu/OpenVoice/job.py", line 201, in clone_voice
    return(convert_color(projectfolder))
  File "/home/ubuntu/OpenVoice/job.py", line 277, in convert_color
    target_se, audio_name = se_extractor.get_se(ref_audio_path, tone_color_converter, vad=False)
  File "/home/ubuntu/OpenVoice/openvoice/se_extractor.py", line 150, in get_se
    raise NotImplementedError('No audio segments found!')
NotImplementedError: No audio segments found!
Traceback (most recent call last):
  File "/home/ubuntu/OpenVoice/job.py", line 334, in <module>
    clone_voice(f"./projects/{i}/{j}")
  File "/home/ubuntu/OpenVoice/job.py", line 201, in clone_voice
    return(convert_color(projectfolder))
  File "/home/ubuntu/OpenVoice/job.py", line 277, in convert_color
    target_se, audio_name = se_extractor.get_se(ref_audio_path, tone_color_converter, vad=False)
  File "/home/ubuntu/OpenVoice/openvoice/se_extractor.py", line 150, in get_se
    raise NotImplementedError('No audio segments found!')
NotImplementedError: No audio segments found!
Traceback (most recent call last):
  File "/home/ubuntu/OpenVoice/job.py", line 334, in <module>
    clone_voice(f"./projects/{i}/{j}")
  File "/home/ubuntu/OpenVoice/job.py", line 201, in clone_voice
    return(convert_color(projectfolder))
  File "/home/ubuntu/OpenVoice/job.py", line 277, in convert_color
    target_se, audio_name = se_extractor.get_se(ref_audio_path, tone_color_converter, vad=False)
  File "/home/ubuntu/OpenVoice/openvoice/se_extractor.py", line 146, in get_se
    wavs_folder = split_audio_whisper(audio_path, target_dir=target_dir, audio_name=audio_name)
  File "/home/ubuntu/OpenVoice/openvoice/se_extractor.py", line 29, in split_audio_whisper
    segments = list(segments)
  File "/home/ubuntu/miniconda3/envs/openvoice/lib/python3.9/site-packages/faster_whisper/transcribe.py", line 433, in generate_segments
    ) = self.generate_with_fallback(encoder_output, prompt, tokenizer, options)
  File "/home/ubuntu/miniconda3/envs/openvoice/lib/python3.9/site-packages/faster_whisper/transcribe.py", line 641, in generate_with_fallback
    result = self.model.generate(
RuntimeError: CUDA failed with error out of memory
Traceback (most recent call last):
  File "/home/ubuntu/OpenVoice/job.py", line 334, in <module>
    clone_voice(f"./projects/{i}/{j}")
  File "/home/ubuntu/OpenVoice/job.py", line 201, in clone_voice
    return(convert_color(projectfolder))
  File "/home/ubuntu/OpenVoice/job.py", line 277, in convert_color
    target_se, audio_name = se_extractor.get_se(ref_audio_path, tone_color_converter, vad=False)
  File "/home/ubuntu/OpenVoice/openvoice/se_extractor.py", line 146, in get_se
    wavs_folder = split_audio_whisper(audio_path, target_dir=target_dir, audio_name=audio_name)
  File "/home/ubuntu/OpenVoice/openvoice/se_extractor.py", line 29, in split_audio_whisper
    segments = list(segments)
  File "/home/ubuntu/miniconda3/envs/openvoice/lib/python3.9/site-packages/faster_whisper/transcribe.py", line 433, in generate_segments
    ) = self.generate_with_fallback(encoder_output, prompt, tokenizer, options)
  File "/home/ubuntu/miniconda3/envs/openvoice/lib/python3.9/site-packages/faster_whisper/transcribe.py", line 641, in generate_with_fallback
    result = self.model.generate(
RuntimeError: CUDA failed with error out of memory
Traceback (most recent call last):
  File "/home/ubuntu/OpenVoice/job.py", line 334, in <module>
    clone_voice(f"./projects/{i}/{j}")
  File "/home/ubuntu/OpenVoice/job.py", line 201, in clone_voice
    return(convert_color(projectfolder))
  File "/home/ubuntu/OpenVoice/job.py", line 277, in convert_color
    target_se, audio_name = se_extractor.get_se(ref_audio_path, tone_color_converter, vad=False)
  File "/home/ubuntu/OpenVoice/openvoice/se_extractor.py", line 146, in get_se
    wavs_folder = split_audio_whisper(audio_path, target_dir=target_dir, audio_name=audio_name)
  File "/home/ubuntu/OpenVoice/openvoice/se_extractor.py", line 29, in split_audio_whisper
    segments = list(segments)
  File "/home/ubuntu/miniconda3/envs/openvoice/lib/python3.9/site-packages/faster_whisper/transcribe.py", line 433, in generate_segments
    ) = self.generate_with_fallback(encoder_output, prompt, tokenizer, options)
  File "/home/ubuntu/miniconda3/envs/openvoice/lib/python3.9/site-packages/faster_whisper/transcribe.py", line 641, in generate_with_fallback
    result = self.model.generate(
RuntimeError: CUDA failed with error out of memory
Traceback (most recent call last):
  File "/home/ubuntu/OpenVoice/job.py", line 334, in <module>
    clone_voice(f"./projects/{i}/{j}")
  File "/home/ubuntu/OpenVoice/job.py", line 201, in clone_voice
    return(convert_color(projectfolder))
  File "/home/ubuntu/OpenVoice/job.py", line 277, in convert_color
    target_se, audio_name = se_extractor.get_se(ref_audio_path, tone_color_converter, vad=False)
  File "/home/ubuntu/OpenVoice/openvoice/se_extractor.py", line 146, in get_se
    wavs_folder = split_audio_whisper(audio_path, target_dir=target_dir, audio_name=audio_name)
  File "/home/ubuntu/OpenVoice/openvoice/se_extractor.py", line 29, in split_audio_whisper
    segments = list(segments)
  File "/home/ubuntu/miniconda3/envs/openvoice/lib/python3.9/site-packages/faster_whisper/transcribe.py", line 433, in generate_segments
    ) = self.generate_with_fallback(encoder_output, prompt, tokenizer, options)
  File "/home/ubuntu/miniconda3/envs/openvoice/lib/python3.9/site-packages/faster_whisper/transcribe.py", line 641, in generate_with_fallback
    result = self.model.generate(
RuntimeError: CUDA failed with error out of memory
Traceback (most recent call last):
  File "/home/ubuntu/OpenVoice/job.py", line 334, in <module>
    clone_voice(f"./projects/{i}/{j}")
  File "/home/ubuntu/OpenVoice/job.py", line 201, in clone_voice
    return(convert_color(projectfolder))
  File "/home/ubuntu/OpenVoice/job.py", line 277, in convert_color
    target_se, audio_name = se_extractor.get_se(ref_audio_path, tone_color_converter, vad=False)
  File "/home/ubuntu/OpenVoice/openvoice/se_extractor.py", line 146, in get_se
    wavs_folder = split_audio_whisper(audio_path, target_dir=target_dir, audio_name=audio_name)
  File "/home/ubuntu/OpenVoice/openvoice/se_extractor.py", line 29, in split_audio_whisper
    segments = list(segments)
  File "/home/ubuntu/miniconda3/envs/openvoice/lib/python3.9/site-packages/faster_whisper/transcribe.py", line 433, in generate_segments
    ) = self.generate_with_fallback(encoder_output, prompt, tokenizer, options)
  File "/home/ubuntu/miniconda3/envs/openvoice/lib/python3.9/site-packages/faster_whisper/transcribe.py", line 641, in generate_with_fallback
    result = self.model.generate(
RuntimeError: CUDA failed with error out of memory
Traceback (most recent call last):
  File "/home/ubuntu/OpenVoice/job.py", line 334, in <module>
    clone_voice(f"./projects/{i}/{j}")
  File "/home/ubuntu/OpenVoice/job.py", line 201, in clone_voice
    return(convert_color(projectfolder))
  File "/home/ubuntu/OpenVoice/job.py", line 277, in convert_color
    target_se, audio_name = se_extractor.get_se(ref_audio_path, tone_color_converter, vad=False)
  File "/home/ubuntu/OpenVoice/openvoice/se_extractor.py", line 146, in get_se
    wavs_folder = split_audio_whisper(audio_path, target_dir=target_dir, audio_name=audio_name)
  File "/home/ubuntu/OpenVoice/openvoice/se_extractor.py", line 29, in split_audio_whisper
    segments = list(segments)
  File "/home/ubuntu/miniconda3/envs/openvoice/lib/python3.9/site-packages/faster_whisper/transcribe.py", line 433, in generate_segments
    ) = self.generate_with_fallback(encoder_output, prompt, tokenizer, options)
  File "/home/ubuntu/miniconda3/envs/openvoice/lib/python3.9/site-packages/faster_whisper/transcribe.py", line 641, in generate_with_fallback
    result = self.model.generate(
RuntimeError: CUDA failed with error out of memory
Traceback (most recent call last):
  File "/home/ubuntu/OpenVoice/job.py", line 334, in <module>
    clone_voice(f"./projects/{i}/{j}")
  File "/home/ubuntu/OpenVoice/job.py", line 201, in clone_voice
    return(convert_color(projectfolder))
  File "/home/ubuntu/OpenVoice/job.py", line 277, in convert_color
    target_se, audio_name = se_extractor.get_se(ref_audio_path, tone_color_converter, vad=False)
  File "/home/ubuntu/OpenVoice/openvoice/se_extractor.py", line 146, in get_se
    wavs_folder = split_audio_whisper(audio_path, target_dir=target_dir, audio_name=audio_name)
  File "/home/ubuntu/OpenVoice/openvoice/se_extractor.py", line 29, in split_audio_whisper
    segments = list(segments)
  File "/home/ubuntu/miniconda3/envs/openvoice/lib/python3.9/site-packages/faster_whisper/transcribe.py", line 433, in generate_segments
    ) = self.generate_with_fallback(encoder_output, prompt, tokenizer, options)
  File "/home/ubuntu/miniconda3/envs/openvoice/lib/python3.9/site-packages/faster_whisper/transcribe.py", line 641, in generate_with_fallback
    result = self.model.generate(
RuntimeError: CUDA failed with error out of memory
Traceback (most recent call last):
  File "/home/ubuntu/OpenVoice/job.py", line 334, in <module>
    clone_voice(f"./projects/{i}/{j}")
  File "/home/ubuntu/OpenVoice/job.py", line 201, in clone_voice
    return(convert_color(projectfolder))
  File "/home/ubuntu/OpenVoice/job.py", line 277, in convert_color
    target_se, audio_name = se_extractor.get_se(ref_audio_path, tone_color_converter, vad=False)
  File "/home/ubuntu/OpenVoice/openvoice/se_extractor.py", line 146, in get_se
    wavs_folder = split_audio_whisper(audio_path, target_dir=target_dir, audio_name=audio_name)
  File "/home/ubuntu/OpenVoice/openvoice/se_extractor.py", line 29, in split_audio_whisper
    segments = list(segments)
  File "/home/ubuntu/miniconda3/envs/openvoice/lib/python3.9/site-packages/faster_whisper/transcribe.py", line 433, in generate_segments
    ) = self.generate_with_fallback(encoder_output, prompt, tokenizer, options)
  File "/home/ubuntu/miniconda3/envs/openvoice/lib/python3.9/site-packages/faster_whisper/transcribe.py", line 641, in generate_with_fallback
    result = self.model.generate(
RuntimeError: CUDA failed with error out of memory
Traceback (most recent call last):
  File "/home/ubuntu/OpenVoice/job.py", line 334, in <module>
    clone_voice(f"./projects/{i}/{j}")
  File "/home/ubuntu/OpenVoice/job.py", line 201, in clone_voice
    return(convert_color(projectfolder))
  File "/home/ubuntu/OpenVoice/job.py", line 277, in convert_color
    target_se, audio_name = se_extractor.get_se(ref_audio_path, tone_color_converter, vad=False)
  File "/home/ubuntu/OpenVoice/openvoice/se_extractor.py", line 146, in get_se
    wavs_folder = split_audio_whisper(audio_path, target_dir=target_dir, audio_name=audio_name)
  File "/home/ubuntu/OpenVoice/openvoice/se_extractor.py", line 29, in split_audio_whisper
    segments = list(segments)
  File "/home/ubuntu/miniconda3/envs/openvoice/lib/python3.9/site-packages/faster_whisper/transcribe.py", line 433, in generate_segments
    ) = self.generate_with_fallback(encoder_output, prompt, tokenizer, options)
  File "/home/ubuntu/miniconda3/envs/openvoice/lib/python3.9/site-packages/faster_whisper/transcribe.py", line 641, in generate_with_fallback
    result = self.model.generate(
RuntimeError: CUDA failed with error out of memory
Traceback (most recent call last):
  File "/home/ubuntu/OpenVoice/job.py", line 334, in <module>
    clone_voice(f"./projects/{i}/{j}")
  File "/home/ubuntu/OpenVoice/job.py", line 201, in clone_voice
    return(convert_color(projectfolder))
  File "/home/ubuntu/OpenVoice/job.py", line 277, in convert_color
    target_se, audio_name = se_extractor.get_se(ref_audio_path, tone_color_converter, vad=False)
  File "/home/ubuntu/OpenVoice/openvoice/se_extractor.py", line 146, in get_se
    wavs_folder = split_audio_whisper(audio_path, target_dir=target_dir, audio_name=audio_name)
  File "/home/ubuntu/OpenVoice/openvoice/se_extractor.py", line 29, in split_audio_whisper
    segments = list(segments)
  File "/home/ubuntu/miniconda3/envs/openvoice/lib/python3.9/site-packages/faster_whisper/transcribe.py", line 433, in generate_segments
    ) = self.generate_with_fallback(encoder_output, prompt, tokenizer, options)
  File "/home/ubuntu/miniconda3/envs/openvoice/lib/python3.9/site-packages/faster_whisper/transcribe.py", line 641, in generate_with_fallback
    result = self.model.generate(
RuntimeError: CUDA failed with error out of memory
Traceback (most recent call last):
  File "/home/ubuntu/OpenVoice/job.py", line 334, in <module>
    clone_voice(f"./projects/{i}/{j}")
  File "/home/ubuntu/OpenVoice/job.py", line 201, in clone_voice
    return(convert_color(projectfolder))
  File "/home/ubuntu/OpenVoice/job.py", line 277, in convert_color
    target_se, audio_name = se_extractor.get_se(ref_audio_path, tone_color_converter, vad=False)
  File "/home/ubuntu/OpenVoice/openvoice/se_extractor.py", line 150, in get_se
    raise NotImplementedError('No audio segments found!')
NotImplementedError: No audio segments found!
Traceback (most recent call last):
  File "/home/ubuntu/OpenVoice/job.py", line 334, in <module>
    clone_voice(f"./projects/{i}/{j}")
  File "/home/ubuntu/OpenVoice/job.py", line 201, in clone_voice
    return(convert_color(projectfolder))
  File "/home/ubuntu/OpenVoice/job.py", line 277, in convert_color
    target_se, audio_name = se_extractor.get_se(ref_audio_path, tone_color_converter, vad=False)
  File "/home/ubuntu/OpenVoice/openvoice/se_extractor.py", line 146, in get_se
    wavs_folder = split_audio_whisper(audio_path, target_dir=target_dir, audio_name=audio_name)
  File "/home/ubuntu/OpenVoice/openvoice/se_extractor.py", line 29, in split_audio_whisper
    segments = list(segments)
  File "/home/ubuntu/miniconda3/envs/openvoice/lib/python3.9/site-packages/faster_whisper/transcribe.py", line 433, in generate_segments
    ) = self.generate_with_fallback(encoder_output, prompt, tokenizer, options)
  File "/home/ubuntu/miniconda3/envs/openvoice/lib/python3.9/site-packages/faster_whisper/transcribe.py", line 641, in generate_with_fallback
    result = self.model.generate(
RuntimeError: CUDA failed with error out of memory
Traceback (most recent call last):
  File "/home/ubuntu/OpenVoice/job.py", line 334, in <module>
    clone_voice(f"./projects/{i}/{j}")
  File "/home/ubuntu/OpenVoice/job.py", line 201, in clone_voice
    return(convert_color(projectfolder))
  File "/home/ubuntu/OpenVoice/job.py", line 277, in convert_color
    target_se, audio_name = se_extractor.get_se(ref_audio_path, tone_color_converter, vad=False)
  File "/home/ubuntu/OpenVoice/openvoice/se_extractor.py", line 150, in get_se
    raise NotImplementedError('No audio segments found!')
NotImplementedError: No audio segments found!
Traceback (most recent call last):
  File "/home/ubuntu/OpenVoice/job.py", line 334, in <module>
    clone_voice(f"./projects/{i}/{j}")
  File "/home/ubuntu/OpenVoice/job.py", line 201, in clone_voice
    return(convert_color(projectfolder))
  File "/home/ubuntu/OpenVoice/job.py", line 277, in convert_color
    target_se, audio_name = se_extractor.get_se(ref_audio_path, tone_color_converter, vad=False)
  File "/home/ubuntu/OpenVoice/openvoice/se_extractor.py", line 150, in get_se
    raise NotImplementedError('No audio segments found!')
NotImplementedError: No audio segments found!
Traceback (most recent call last):
  File "/home/ubuntu/OpenVoice/job.py", line 334, in <module>
    clone_voice(f"./projects/{i}/{j}")
  File "/home/ubuntu/OpenVoice/job.py", line 201, in clone_voice
    return(convert_color(projectfolder))
  File "/home/ubuntu/OpenVoice/job.py", line 277, in convert_color
    target_se, audio_name = se_extractor.get_se(ref_audio_path, tone_color_converter, vad=False)
  File "/home/ubuntu/OpenVoice/openvoice/se_extractor.py", line 146, in get_se
    wavs_folder = split_audio_whisper(audio_path, target_dir=target_dir, audio_name=audio_name)
  File "/home/ubuntu/OpenVoice/openvoice/se_extractor.py", line 29, in split_audio_whisper
    segments = list(segments)
  File "/home/ubuntu/miniconda3/envs/openvoice/lib/python3.9/site-packages/faster_whisper/transcribe.py", line 433, in generate_segments
    ) = self.generate_with_fallback(encoder_output, prompt, tokenizer, options)
  File "/home/ubuntu/miniconda3/envs/openvoice/lib/python3.9/site-packages/faster_whisper/transcribe.py", line 641, in generate_with_fallback
    result = self.model.generate(
RuntimeError: CUDA failed with error out of memory
Traceback (most recent call last):
  File "/home/ubuntu/OpenVoice/job.py", line 334, in <module>
    clone_voice(f"./projects/{i}/{j}")
  File "/home/ubuntu/OpenVoice/job.py", line 201, in clone_voice
    return(convert_color(projectfolder))
  File "/home/ubuntu/OpenVoice/job.py", line 277, in convert_color
    target_se, audio_name = se_extractor.get_se(ref_audio_path, tone_color_converter, vad=False)
  File "/home/ubuntu/OpenVoice/openvoice/se_extractor.py", line 146, in get_se
    wavs_folder = split_audio_whisper(audio_path, target_dir=target_dir, audio_name=audio_name)
  File "/home/ubuntu/OpenVoice/openvoice/se_extractor.py", line 29, in split_audio_whisper
    segments = list(segments)
  File "/home/ubuntu/miniconda3/envs/openvoice/lib/python3.9/site-packages/faster_whisper/transcribe.py", line 433, in generate_segments
    ) = self.generate_with_fallback(encoder_output, prompt, tokenizer, options)
  File "/home/ubuntu/miniconda3/envs/openvoice/lib/python3.9/site-packages/faster_whisper/transcribe.py", line 641, in generate_with_fallback
    result = self.model.generate(
RuntimeError: CUDA failed with error out of memory
Traceback (most recent call last):
  File "/home/ubuntu/OpenVoice/job.py", line 334, in <module>
    clone_voice(f"./projects/{i}/{j}")
  File "/home/ubuntu/OpenVoice/job.py", line 201, in clone_voice
    return(convert_color(projectfolder))
  File "/home/ubuntu/OpenVoice/job.py", line 277, in convert_color
    target_se, audio_name = se_extractor.get_se(ref_audio_path, tone_color_converter, vad=False)
  File "/home/ubuntu/OpenVoice/openvoice/se_extractor.py", line 146, in get_se
    wavs_folder = split_audio_whisper(audio_path, target_dir=target_dir, audio_name=audio_name)
  File "/home/ubuntu/OpenVoice/openvoice/se_extractor.py", line 29, in split_audio_whisper
    segments = list(segments)
  File "/home/ubuntu/miniconda3/envs/openvoice/lib/python3.9/site-packages/faster_whisper/transcribe.py", line 433, in generate_segments
    ) = self.generate_with_fallback(encoder_output, prompt, tokenizer, options)
  File "/home/ubuntu/miniconda3/envs/openvoice/lib/python3.9/site-packages/faster_whisper/transcribe.py", line 641, in generate_with_fallback
    result = self.model.generate(
RuntimeError: CUDA failed with error out of memory
Traceback (most recent call last):
  File "/home/ubuntu/OpenVoice/job.py", line 334, in <module>
    clone_voice(f"./projects/{i}/{j}")
  File "/home/ubuntu/OpenVoice/job.py", line 201, in clone_voice
    return(convert_color(projectfolder))
  File "/home/ubuntu/OpenVoice/job.py", line 277, in convert_color
    target_se, audio_name = se_extractor.get_se(ref_audio_path, tone_color_converter, vad=False)
  File "/home/ubuntu/OpenVoice/openvoice/se_extractor.py", line 146, in get_se
    wavs_folder = split_audio_whisper(audio_path, target_dir=target_dir, audio_name=audio_name)
  File "/home/ubuntu/OpenVoice/openvoice/se_extractor.py", line 29, in split_audio_whisper
    segments = list(segments)
  File "/home/ubuntu/miniconda3/envs/openvoice/lib/python3.9/site-packages/faster_whisper/transcribe.py", line 433, in generate_segments
    ) = self.generate_with_fallback(encoder_output, prompt, tokenizer, options)
  File "/home/ubuntu/miniconda3/envs/openvoice/lib/python3.9/site-packages/faster_whisper/transcribe.py", line 641, in generate_with_fallback
    result = self.model.generate(
RuntimeError: CUDA failed with error out of memory
Traceback (most recent call last):
  File "/home/ubuntu/OpenVoice/job.py", line 334, in <module>
    clone_voice(f"./projects/{i}/{j}")
  File "/home/ubuntu/OpenVoice/job.py", line 201, in clone_voice
    return(convert_color(projectfolder))
  File "/home/ubuntu/OpenVoice/job.py", line 277, in convert_color
    target_se, audio_name = se_extractor.get_se(ref_audio_path, tone_color_converter, vad=False)
  File "/home/ubuntu/OpenVoice/openvoice/se_extractor.py", line 146, in get_se
    wavs_folder = split_audio_whisper(audio_path, target_dir=target_dir, audio_name=audio_name)
  File "/home/ubuntu/OpenVoice/openvoice/se_extractor.py", line 29, in split_audio_whisper
    segments = list(segments)
  File "/home/ubuntu/miniconda3/envs/openvoice/lib/python3.9/site-packages/faster_whisper/transcribe.py", line 433, in generate_segments
    ) = self.generate_with_fallback(encoder_output, prompt, tokenizer, options)
  File "/home/ubuntu/miniconda3/envs/openvoice/lib/python3.9/site-packages/faster_whisper/transcribe.py", line 641, in generate_with_fallback
    result = self.model.generate(
RuntimeError: CUDA failed with error out of memory
Traceback (most recent call last):
  File "/home/ubuntu/OpenVoice/job.py", line 334, in <module>
    clone_voice(f"./projects/{i}/{j}")
  File "/home/ubuntu/OpenVoice/job.py", line 201, in clone_voice
    return(convert_color(projectfolder))
  File "/home/ubuntu/OpenVoice/job.py", line 277, in convert_color
    target_se, audio_name = se_extractor.get_se(ref_audio_path, tone_color_converter, vad=False)
  File "/home/ubuntu/OpenVoice/openvoice/se_extractor.py", line 146, in get_se
    wavs_folder = split_audio_whisper(audio_path, target_dir=target_dir, audio_name=audio_name)
  File "/home/ubuntu/OpenVoice/openvoice/se_extractor.py", line 29, in split_audio_whisper
    segments = list(segments)
  File "/home/ubuntu/miniconda3/envs/openvoice/lib/python3.9/site-packages/faster_whisper/transcribe.py", line 433, in generate_segments
    ) = self.generate_with_fallback(encoder_output, prompt, tokenizer, options)
  File "/home/ubuntu/miniconda3/envs/openvoice/lib/python3.9/site-packages/faster_whisper/transcribe.py", line 641, in generate_with_fallback
    result = self.model.generate(
RuntimeError: CUDA failed with error out of memory
Traceback (most recent call last):
  File "/home/ubuntu/OpenVoice/job.py", line 334, in <module>
    clone_voice(f"./projects/{i}/{j}")
  File "/home/ubuntu/OpenVoice/job.py", line 201, in clone_voice
    return(convert_color(projectfolder))
  File "/home/ubuntu/OpenVoice/job.py", line 277, in convert_color
    target_se, audio_name = se_extractor.get_se(ref_audio_path, tone_color_converter, vad=False)
  File "/home/ubuntu/OpenVoice/openvoice/se_extractor.py", line 146, in get_se
    wavs_folder = split_audio_whisper(audio_path, target_dir=target_dir, audio_name=audio_name)
  File "/home/ubuntu/OpenVoice/openvoice/se_extractor.py", line 29, in split_audio_whisper
    segments = list(segments)
  File "/home/ubuntu/miniconda3/envs/openvoice/lib/python3.9/site-packages/faster_whisper/transcribe.py", line 433, in generate_segments
    ) = self.generate_with_fallback(encoder_output, prompt, tokenizer, options)
  File "/home/ubuntu/miniconda3/envs/openvoice/lib/python3.9/site-packages/faster_whisper/transcribe.py", line 641, in generate_with_fallback
    result = self.model.generate(
RuntimeError: CUDA failed with error out of memory
Traceback (most recent call last):
  File "/home/ubuntu/OpenVoice/job.py", line 334, in <module>
    clone_voice(f"./projects/{i}/{j}")
  File "/home/ubuntu/OpenVoice/job.py", line 201, in clone_voice
    return(convert_color(projectfolder))
  File "/home/ubuntu/OpenVoice/job.py", line 277, in convert_color
    target_se, audio_name = se_extractor.get_se(ref_audio_path, tone_color_converter, vad=False)
  File "/home/ubuntu/OpenVoice/openvoice/se_extractor.py", line 146, in get_se
    wavs_folder = split_audio_whisper(audio_path, target_dir=target_dir, audio_name=audio_name)
  File "/home/ubuntu/OpenVoice/openvoice/se_extractor.py", line 29, in split_audio_whisper
    segments = list(segments)
  File "/home/ubuntu/miniconda3/envs/openvoice/lib/python3.9/site-packages/faster_whisper/transcribe.py", line 433, in generate_segments
    ) = self.generate_with_fallback(encoder_output, prompt, tokenizer, options)
  File "/home/ubuntu/miniconda3/envs/openvoice/lib/python3.9/site-packages/faster_whisper/transcribe.py", line 641, in generate_with_fallback
    result = self.model.generate(
RuntimeError: CUDA failed with error out of memory
Traceback (most recent call last):
  File "/home/ubuntu/OpenVoice/job.py", line 334, in <module>
    clone_voice(f"./projects/{i}/{j}")
  File "/home/ubuntu/OpenVoice/job.py", line 201, in clone_voice
    return(convert_color(projectfolder))
  File "/home/ubuntu/OpenVoice/job.py", line 277, in convert_color
    target_se, audio_name = se_extractor.get_se(ref_audio_path, tone_color_converter, vad=False)
  File "/home/ubuntu/OpenVoice/openvoice/se_extractor.py", line 146, in get_se
    wavs_folder = split_audio_whisper(audio_path, target_dir=target_dir, audio_name=audio_name)
  File "/home/ubuntu/OpenVoice/openvoice/se_extractor.py", line 29, in split_audio_whisper
    segments = list(segments)
  File "/home/ubuntu/miniconda3/envs/openvoice/lib/python3.9/site-packages/faster_whisper/transcribe.py", line 433, in generate_segments
    ) = self.generate_with_fallback(encoder_output, prompt, tokenizer, options)
  File "/home/ubuntu/miniconda3/envs/openvoice/lib/python3.9/site-packages/faster_whisper/transcribe.py", line 641, in generate_with_fallback
    result = self.model.generate(
RuntimeError: CUDA failed with error out of memory
Traceback (most recent call last):
  File "/home/ubuntu/OpenVoice/job.py", line 334, in <module>
    clone_voice(f"./projects/{i}/{j}")
  File "/home/ubuntu/OpenVoice/job.py", line 201, in clone_voice
    return(convert_color(projectfolder))
  File "/home/ubuntu/OpenVoice/job.py", line 277, in convert_color
    target_se, audio_name = se_extractor.get_se(ref_audio_path, tone_color_converter, vad=False)
  File "/home/ubuntu/OpenVoice/openvoice/se_extractor.py", line 146, in get_se
    wavs_folder = split_audio_whisper(audio_path, target_dir=target_dir, audio_name=audio_name)
  File "/home/ubuntu/OpenVoice/openvoice/se_extractor.py", line 29, in split_audio_whisper
    segments = list(segments)
  File "/home/ubuntu/miniconda3/envs/openvoice/lib/python3.9/site-packages/faster_whisper/transcribe.py", line 433, in generate_segments
    ) = self.generate_with_fallback(encoder_output, prompt, tokenizer, options)
  File "/home/ubuntu/miniconda3/envs/openvoice/lib/python3.9/site-packages/faster_whisper/transcribe.py", line 641, in generate_with_fallback
    result = self.model.generate(
RuntimeError: CUDA failed with error out of memory
Traceback (most recent call last):
  File "/home/ubuntu/OpenVoice/job.py", line 334, in <module>
    clone_voice(f"./projects/{i}/{j}")
  File "/home/ubuntu/OpenVoice/job.py", line 201, in clone_voice
    return(convert_color(projectfolder))
  File "/home/ubuntu/OpenVoice/job.py", line 277, in convert_color
    target_se, audio_name = se_extractor.get_se(ref_audio_path, tone_color_converter, vad=False)
  File "/home/ubuntu/OpenVoice/openvoice/se_extractor.py", line 146, in get_se
    wavs_folder = split_audio_whisper(audio_path, target_dir=target_dir, audio_name=audio_name)
  File "/home/ubuntu/OpenVoice/openvoice/se_extractor.py", line 29, in split_audio_whisper
    segments = list(segments)
  File "/home/ubuntu/miniconda3/envs/openvoice/lib/python3.9/site-packages/faster_whisper/transcribe.py", line 433, in generate_segments
    ) = self.generate_with_fallback(encoder_output, prompt, tokenizer, options)
  File "/home/ubuntu/miniconda3/envs/openvoice/lib/python3.9/site-packages/faster_whisper/transcribe.py", line 641, in generate_with_fallback
    result = self.model.generate(
RuntimeError: CUDA failed with error out of memory
Traceback (most recent call last):
  File "/home/ubuntu/OpenVoice/job.py", line 334, in <module>
    clone_voice(f"./projects/{i}/{j}")
  File "/home/ubuntu/OpenVoice/job.py", line 201, in clone_voice
    return(convert_color(projectfolder))
  File "/home/ubuntu/OpenVoice/job.py", line 277, in convert_color
    target_se, audio_name = se_extractor.get_se(ref_audio_path, tone_color_converter, vad=False)
  File "/home/ubuntu/OpenVoice/openvoice/se_extractor.py", line 146, in get_se
    wavs_folder = split_audio_whisper(audio_path, target_dir=target_dir, audio_name=audio_name)
  File "/home/ubuntu/OpenVoice/openvoice/se_extractor.py", line 29, in split_audio_whisper
    segments = list(segments)
  File "/home/ubuntu/miniconda3/envs/openvoice/lib/python3.9/site-packages/faster_whisper/transcribe.py", line 433, in generate_segments
    ) = self.generate_with_fallback(encoder_output, prompt, tokenizer, options)
  File "/home/ubuntu/miniconda3/envs/openvoice/lib/python3.9/site-packages/faster_whisper/transcribe.py", line 641, in generate_with_fallback
    result = self.model.generate(
RuntimeError: CUDA failed with error out of memory
Traceback (most recent call last):
  File "/home/ubuntu/OpenVoice/job.py", line 334, in <module>
    clone_voice(f"./projects/{i}/{j}")
  File "/home/ubuntu/OpenVoice/job.py", line 201, in clone_voice
    return(convert_color(projectfolder))
  File "/home/ubuntu/OpenVoice/job.py", line 277, in convert_color
    target_se, audio_name = se_extractor.get_se(ref_audio_path, tone_color_converter, vad=False)
  File "/home/ubuntu/OpenVoice/openvoice/se_extractor.py", line 146, in get_se
    wavs_folder = split_audio_whisper(audio_path, target_dir=target_dir, audio_name=audio_name)
  File "/home/ubuntu/OpenVoice/openvoice/se_extractor.py", line 29, in split_audio_whisper
    segments = list(segments)
  File "/home/ubuntu/miniconda3/envs/openvoice/lib/python3.9/site-packages/faster_whisper/transcribe.py", line 433, in generate_segments
    ) = self.generate_with_fallback(encoder_output, prompt, tokenizer, options)
  File "/home/ubuntu/miniconda3/envs/openvoice/lib/python3.9/site-packages/faster_whisper/transcribe.py", line 641, in generate_with_fallback
    result = self.model.generate(
RuntimeError: CUDA failed with error out of memory
Traceback (most recent call last):
  File "/home/ubuntu/OpenVoice/job.py", line 334, in <module>
    clone_voice(f"./projects/{i}/{j}")
  File "/home/ubuntu/OpenVoice/job.py", line 201, in clone_voice
    return(convert_color(projectfolder))
  File "/home/ubuntu/OpenVoice/job.py", line 277, in convert_color
    target_se, audio_name = se_extractor.get_se(ref_audio_path, tone_color_converter, vad=False)
  File "/home/ubuntu/OpenVoice/openvoice/se_extractor.py", line 146, in get_se
    wavs_folder = split_audio_whisper(audio_path, target_dir=target_dir, audio_name=audio_name)
  File "/home/ubuntu/OpenVoice/openvoice/se_extractor.py", line 29, in split_audio_whisper
    segments = list(segments)
  File "/home/ubuntu/miniconda3/envs/openvoice/lib/python3.9/site-packages/faster_whisper/transcribe.py", line 433, in generate_segments
    ) = self.generate_with_fallback(encoder_output, prompt, tokenizer, options)
  File "/home/ubuntu/miniconda3/envs/openvoice/lib/python3.9/site-packages/faster_whisper/transcribe.py", line 641, in generate_with_fallback
    result = self.model.generate(
RuntimeError: CUDA failed with error out of memory
Traceback (most recent call last):
  File "/home/ubuntu/OpenVoice/job.py", line 334, in <module>
    clone_voice(f"./projects/{i}/{j}")
  File "/home/ubuntu/OpenVoice/job.py", line 201, in clone_voice
    return(convert_color(projectfolder))
  File "/home/ubuntu/OpenVoice/job.py", line 277, in convert_color
    target_se, audio_name = se_extractor.get_se(ref_audio_path, tone_color_converter, vad=False)
  File "/home/ubuntu/OpenVoice/openvoice/se_extractor.py", line 146, in get_se
    wavs_folder = split_audio_whisper(audio_path, target_dir=target_dir, audio_name=audio_name)
  File "/home/ubuntu/OpenVoice/openvoice/se_extractor.py", line 29, in split_audio_whisper
    segments = list(segments)
  File "/home/ubuntu/miniconda3/envs/openvoice/lib/python3.9/site-packages/faster_whisper/transcribe.py", line 433, in generate_segments
    ) = self.generate_with_fallback(encoder_output, prompt, tokenizer, options)
  File "/home/ubuntu/miniconda3/envs/openvoice/lib/python3.9/site-packages/faster_whisper/transcribe.py", line 641, in generate_with_fallback
    result = self.model.generate(
RuntimeError: CUDA failed with error out of memory
Traceback (most recent call last):
  File "/home/ubuntu/OpenVoice/job.py", line 334, in <module>
    clone_voice(f"./projects/{i}/{j}")
  File "/home/ubuntu/OpenVoice/job.py", line 201, in clone_voice
    return(convert_color(projectfolder))
  File "/home/ubuntu/OpenVoice/job.py", line 277, in convert_color
    target_se, audio_name = se_extractor.get_se(ref_audio_path, tone_color_converter, vad=False)
  File "/home/ubuntu/OpenVoice/openvoice/se_extractor.py", line 146, in get_se
    wavs_folder = split_audio_whisper(audio_path, target_dir=target_dir, audio_name=audio_name)
  File "/home/ubuntu/OpenVoice/openvoice/se_extractor.py", line 29, in split_audio_whisper
    segments = list(segments)
  File "/home/ubuntu/miniconda3/envs/openvoice/lib/python3.9/site-packages/faster_whisper/transcribe.py", line 433, in generate_segments
    ) = self.generate_with_fallback(encoder_output, prompt, tokenizer, options)
  File "/home/ubuntu/miniconda3/envs/openvoice/lib/python3.9/site-packages/faster_whisper/transcribe.py", line 641, in generate_with_fallback
    result = self.model.generate(
RuntimeError: CUDA failed with error out of memory
Traceback (most recent call last):
  File "/home/ubuntu/OpenVoice/job.py", line 334, in <module>
    clone_voice(f"./projects/{i}/{j}")
  File "/home/ubuntu/OpenVoice/job.py", line 201, in clone_voice
    return(convert_color(projectfolder))
  File "/home/ubuntu/OpenVoice/job.py", line 277, in convert_color
    target_se, audio_name = se_extractor.get_se(ref_audio_path, tone_color_converter, vad=False)
  File "/home/ubuntu/OpenVoice/openvoice/se_extractor.py", line 146, in get_se
    wavs_folder = split_audio_whisper(audio_path, target_dir=target_dir, audio_name=audio_name)
  File "/home/ubuntu/OpenVoice/openvoice/se_extractor.py", line 29, in split_audio_whisper
    segments = list(segments)
  File "/home/ubuntu/miniconda3/envs/openvoice/lib/python3.9/site-packages/faster_whisper/transcribe.py", line 433, in generate_segments
    ) = self.generate_with_fallback(encoder_output, prompt, tokenizer, options)
  File "/home/ubuntu/miniconda3/envs/openvoice/lib/python3.9/site-packages/faster_whisper/transcribe.py", line 641, in generate_with_fallback
    result = self.model.generate(
RuntimeError: CUDA failed with error out of memory
Traceback (most recent call last):
  File "/home/ubuntu/OpenVoice/job.py", line 334, in <module>
    clone_voice(f"./projects/{i}/{j}")
  File "/home/ubuntu/OpenVoice/job.py", line 201, in clone_voice
    return(convert_color(projectfolder))
  File "/home/ubuntu/OpenVoice/job.py", line 277, in convert_color
    target_se, audio_name = se_extractor.get_se(ref_audio_path, tone_color_converter, vad=False)
  File "/home/ubuntu/OpenVoice/openvoice/se_extractor.py", line 146, in get_se
    wavs_folder = split_audio_whisper(audio_path, target_dir=target_dir, audio_name=audio_name)
  File "/home/ubuntu/OpenVoice/openvoice/se_extractor.py", line 29, in split_audio_whisper
    segments = list(segments)
  File "/home/ubuntu/miniconda3/envs/openvoice/lib/python3.9/site-packages/faster_whisper/transcribe.py", line 433, in generate_segments
    ) = self.generate_with_fallback(encoder_output, prompt, tokenizer, options)
  File "/home/ubuntu/miniconda3/envs/openvoice/lib/python3.9/site-packages/faster_whisper/transcribe.py", line 641, in generate_with_fallback
    result = self.model.generate(
RuntimeError: CUDA failed with error out of memory
Traceback (most recent call last):
  File "/home/ubuntu/OpenVoice/job.py", line 334, in <module>
    clone_voice(f"./projects/{i}/{j}")
  File "/home/ubuntu/OpenVoice/job.py", line 201, in clone_voice
    return(convert_color(projectfolder))
  File "/home/ubuntu/OpenVoice/job.py", line 277, in convert_color
    target_se, audio_name = se_extractor.get_se(ref_audio_path, tone_color_converter, vad=False)
  File "/home/ubuntu/OpenVoice/openvoice/se_extractor.py", line 146, in get_se
    wavs_folder = split_audio_whisper(audio_path, target_dir=target_dir, audio_name=audio_name)
  File "/home/ubuntu/OpenVoice/openvoice/se_extractor.py", line 29, in split_audio_whisper
    segments = list(segments)
  File "/home/ubuntu/miniconda3/envs/openvoice/lib/python3.9/site-packages/faster_whisper/transcribe.py", line 433, in generate_segments
    ) = self.generate_with_fallback(encoder_output, prompt, tokenizer, options)
  File "/home/ubuntu/miniconda3/envs/openvoice/lib/python3.9/site-packages/faster_whisper/transcribe.py", line 641, in generate_with_fallback
    result = self.model.generate(
RuntimeError: CUDA failed with error out of memory
Traceback (most recent call last):
  File "/home/ubuntu/OpenVoice/job.py", line 334, in <module>
    clone_voice(f"./projects/{i}/{j}")
  File "/home/ubuntu/OpenVoice/job.py", line 201, in clone_voice
    return(convert_color(projectfolder))
  File "/home/ubuntu/OpenVoice/job.py", line 277, in convert_color
    target_se, audio_name = se_extractor.get_se(ref_audio_path, tone_color_converter, vad=False)
  File "/home/ubuntu/OpenVoice/openvoice/se_extractor.py", line 146, in get_se
    wavs_folder = split_audio_whisper(audio_path, target_dir=target_dir, audio_name=audio_name)
  File "/home/ubuntu/OpenVoice/openvoice/se_extractor.py", line 29, in split_audio_whisper
    segments = list(segments)
  File "/home/ubuntu/miniconda3/envs/openvoice/lib/python3.9/site-packages/faster_whisper/transcribe.py", line 433, in generate_segments
    ) = self.generate_with_fallback(encoder_output, prompt, tokenizer, options)
  File "/home/ubuntu/miniconda3/envs/openvoice/lib/python3.9/site-packages/faster_whisper/transcribe.py", line 641, in generate_with_fallback
    result = self.model.generate(
RuntimeError: CUDA failed with error out of memory
Traceback (most recent call last):
  File "/home/ubuntu/OpenVoice/job.py", line 334, in <module>
    clone_voice(f"./projects/{i}/{j}")
  File "/home/ubuntu/OpenVoice/job.py", line 201, in clone_voice
    return(convert_color(projectfolder))
  File "/home/ubuntu/OpenVoice/job.py", line 277, in convert_color
    target_se, audio_name = se_extractor.get_se(ref_audio_path, tone_color_converter, vad=False)
  File "/home/ubuntu/OpenVoice/openvoice/se_extractor.py", line 146, in get_se
    wavs_folder = split_audio_whisper(audio_path, target_dir=target_dir, audio_name=audio_name)
  File "/home/ubuntu/OpenVoice/openvoice/se_extractor.py", line 29, in split_audio_whisper
    segments = list(segments)
  File "/home/ubuntu/miniconda3/envs/openvoice/lib/python3.9/site-packages/faster_whisper/transcribe.py", line 433, in generate_segments
    ) = self.generate_with_fallback(encoder_output, prompt, tokenizer, options)
  File "/home/ubuntu/miniconda3/envs/openvoice/lib/python3.9/site-packages/faster_whisper/transcribe.py", line 641, in generate_with_fallback
    result = self.model.generate(
RuntimeError: CUDA failed with error out of memory
Traceback (most recent call last):
  File "/home/ubuntu/OpenVoice/job.py", line 334, in <module>
    clone_voice(f"./projects/{i}/{j}")
  File "/home/ubuntu/OpenVoice/job.py", line 201, in clone_voice
    return(convert_color(projectfolder))
  File "/home/ubuntu/OpenVoice/job.py", line 277, in convert_color
    target_se, audio_name = se_extractor.get_se(ref_audio_path, tone_color_converter, vad=False)
  File "/home/ubuntu/OpenVoice/openvoice/se_extractor.py", line 146, in get_se
    wavs_folder = split_audio_whisper(audio_path, target_dir=target_dir, audio_name=audio_name)
  File "/home/ubuntu/OpenVoice/openvoice/se_extractor.py", line 29, in split_audio_whisper
    segments = list(segments)
  File "/home/ubuntu/miniconda3/envs/openvoice/lib/python3.9/site-packages/faster_whisper/transcribe.py", line 433, in generate_segments
    ) = self.generate_with_fallback(encoder_output, prompt, tokenizer, options)
  File "/home/ubuntu/miniconda3/envs/openvoice/lib/python3.9/site-packages/faster_whisper/transcribe.py", line 641, in generate_with_fallback
    result = self.model.generate(
RuntimeError: CUDA failed with error out of memory
Traceback (most recent call last):
  File "/home/ubuntu/OpenVoice/job.py", line 334, in <module>
    clone_voice(f"./projects/{i}/{j}")
  File "/home/ubuntu/OpenVoice/job.py", line 201, in clone_voice
    return(convert_color(projectfolder))
  File "/home/ubuntu/OpenVoice/job.py", line 277, in convert_color
    target_se, audio_name = se_extractor.get_se(ref_audio_path, tone_color_converter, vad=False)
  File "/home/ubuntu/OpenVoice/openvoice/se_extractor.py", line 146, in get_se
    wavs_folder = split_audio_whisper(audio_path, target_dir=target_dir, audio_name=audio_name)
  File "/home/ubuntu/OpenVoice/openvoice/se_extractor.py", line 29, in split_audio_whisper
    segments = list(segments)
  File "/home/ubuntu/miniconda3/envs/openvoice/lib/python3.9/site-packages/faster_whisper/transcribe.py", line 433, in generate_segments
    ) = self.generate_with_fallback(encoder_output, prompt, tokenizer, options)
  File "/home/ubuntu/miniconda3/envs/openvoice/lib/python3.9/site-packages/faster_whisper/transcribe.py", line 641, in generate_with_fallback
    result = self.model.generate(
RuntimeError: CUDA failed with error out of memory
Traceback (most recent call last):
  File "/home/ubuntu/OpenVoice/job.py", line 334, in <module>
    clone_voice(f"./projects/{i}/{j}")
  File "/home/ubuntu/OpenVoice/job.py", line 201, in clone_voice
    return(convert_color(projectfolder))
  File "/home/ubuntu/OpenVoice/job.py", line 277, in convert_color
    target_se, audio_name = se_extractor.get_se(ref_audio_path, tone_color_converter, vad=False)
  File "/home/ubuntu/OpenVoice/openvoice/se_extractor.py", line 146, in get_se
    wavs_folder = split_audio_whisper(audio_path, target_dir=target_dir, audio_name=audio_name)
  File "/home/ubuntu/OpenVoice/openvoice/se_extractor.py", line 29, in split_audio_whisper
    segments = list(segments)
  File "/home/ubuntu/miniconda3/envs/openvoice/lib/python3.9/site-packages/faster_whisper/transcribe.py", line 433, in generate_segments
    ) = self.generate_with_fallback(encoder_output, prompt, tokenizer, options)
  File "/home/ubuntu/miniconda3/envs/openvoice/lib/python3.9/site-packages/faster_whisper/transcribe.py", line 641, in generate_with_fallback
    result = self.model.generate(
RuntimeError: CUDA failed with error out of memory
Traceback (most recent call last):
  File "/home/ubuntu/OpenVoice/job.py", line 334, in <module>
    clone_voice(f"./projects/{i}/{j}")
  File "/home/ubuntu/OpenVoice/job.py", line 201, in clone_voice
    return(convert_color(projectfolder))
  File "/home/ubuntu/OpenVoice/job.py", line 277, in convert_color
    target_se, audio_name = se_extractor.get_se(ref_audio_path, tone_color_converter, vad=False)
  File "/home/ubuntu/OpenVoice/openvoice/se_extractor.py", line 146, in get_se
    wavs_folder = split_audio_whisper(audio_path, target_dir=target_dir, audio_name=audio_name)
  File "/home/ubuntu/OpenVoice/openvoice/se_extractor.py", line 29, in split_audio_whisper
    segments = list(segments)
  File "/home/ubuntu/miniconda3/envs/openvoice/lib/python3.9/site-packages/faster_whisper/transcribe.py", line 433, in generate_segments
    ) = self.generate_with_fallback(encoder_output, prompt, tokenizer, options)
  File "/home/ubuntu/miniconda3/envs/openvoice/lib/python3.9/site-packages/faster_whisper/transcribe.py", line 641, in generate_with_fallback
    result = self.model.generate(
RuntimeError: CUDA failed with error out of memory
Traceback (most recent call last):
  File "/home/ubuntu/OpenVoice/job.py", line 334, in <module>
    clone_voice(f"./projects/{i}/{j}")
  File "/home/ubuntu/OpenVoice/job.py", line 201, in clone_voice
    return(convert_color(projectfolder))
  File "/home/ubuntu/OpenVoice/job.py", line 277, in convert_color
    target_se, audio_name = se_extractor.get_se(ref_audio_path, tone_color_converter, vad=False)
  File "/home/ubuntu/OpenVoice/openvoice/se_extractor.py", line 146, in get_se
    wavs_folder = split_audio_whisper(audio_path, target_dir=target_dir, audio_name=audio_name)
  File "/home/ubuntu/OpenVoice/openvoice/se_extractor.py", line 29, in split_audio_whisper
    segments = list(segments)
  File "/home/ubuntu/miniconda3/envs/openvoice/lib/python3.9/site-packages/faster_whisper/transcribe.py", line 433, in generate_segments
    ) = self.generate_with_fallback(encoder_output, prompt, tokenizer, options)
  File "/home/ubuntu/miniconda3/envs/openvoice/lib/python3.9/site-packages/faster_whisper/transcribe.py", line 641, in generate_with_fallback
    result = self.model.generate(
RuntimeError: CUDA failed with error out of memory
Traceback (most recent call last):
  File "/home/ubuntu/OpenVoice/job.py", line 334, in <module>
    clone_voice(f"./projects/{i}/{j}")
  File "/home/ubuntu/OpenVoice/job.py", line 201, in clone_voice
    return(convert_color(projectfolder))
  File "/home/ubuntu/OpenVoice/job.py", line 277, in convert_color
    target_se, audio_name = se_extractor.get_se(ref_audio_path, tone_color_converter, vad=False)
  File "/home/ubuntu/OpenVoice/openvoice/se_extractor.py", line 150, in get_se
    raise NotImplementedError('No audio segments found!')
NotImplementedError: No audio segments found!
Traceback (most recent call last):
  File "/home/ubuntu/OpenVoice/job.py", line 334, in <module>
    clone_voice(f"./projects/{i}/{j}")
  File "/home/ubuntu/OpenVoice/job.py", line 201, in clone_voice
    return(convert_color(projectfolder))
  File "/home/ubuntu/OpenVoice/job.py", line 277, in convert_color
    target_se, audio_name = se_extractor.get_se(ref_audio_path, tone_color_converter, vad=False)
  File "/home/ubuntu/OpenVoice/openvoice/se_extractor.py", line 146, in get_se
    wavs_folder = split_audio_whisper(audio_path, target_dir=target_dir, audio_name=audio_name)
  File "/home/ubuntu/OpenVoice/openvoice/se_extractor.py", line 29, in split_audio_whisper
    segments = list(segments)
  File "/home/ubuntu/miniconda3/envs/openvoice/lib/python3.9/site-packages/faster_whisper/transcribe.py", line 433, in generate_segments
    ) = self.generate_with_fallback(encoder_output, prompt, tokenizer, options)
  File "/home/ubuntu/miniconda3/envs/openvoice/lib/python3.9/site-packages/faster_whisper/transcribe.py", line 641, in generate_with_fallback
    result = self.model.generate(
RuntimeError: CUDA failed with error out of memory
Traceback (most recent call last):
  File "/home/ubuntu/OpenVoice/job.py", line 334, in <module>
    clone_voice(f"./projects/{i}/{j}")
  File "/home/ubuntu/OpenVoice/job.py", line 201, in clone_voice
    return(convert_color(projectfolder))
  File "/home/ubuntu/OpenVoice/job.py", line 277, in convert_color
    target_se, audio_name = se_extractor.get_se(ref_audio_path, tone_color_converter, vad=False)
  File "/home/ubuntu/OpenVoice/openvoice/se_extractor.py", line 146, in get_se
    wavs_folder = split_audio_whisper(audio_path, target_dir=target_dir, audio_name=audio_name)
  File "/home/ubuntu/OpenVoice/openvoice/se_extractor.py", line 29, in split_audio_whisper
    segments = list(segments)
  File "/home/ubuntu/miniconda3/envs/openvoice/lib/python3.9/site-packages/faster_whisper/transcribe.py", line 433, in generate_segments
    ) = self.generate_with_fallback(encoder_output, prompt, tokenizer, options)
  File "/home/ubuntu/miniconda3/envs/openvoice/lib/python3.9/site-packages/faster_whisper/transcribe.py", line 641, in generate_with_fallback
    result = self.model.generate(
RuntimeError: CUDA failed with error out of memory
Traceback (most recent call last):
  File "/home/ubuntu/OpenVoice/job.py", line 334, in <module>
    clone_voice(f"./projects/{i}/{j}")
  File "/home/ubuntu/OpenVoice/job.py", line 201, in clone_voice
    return(convert_color(projectfolder))
  File "/home/ubuntu/OpenVoice/job.py", line 277, in convert_color
    target_se, audio_name = se_extractor.get_se(ref_audio_path, tone_color_converter, vad=False)
  File "/home/ubuntu/OpenVoice/openvoice/se_extractor.py", line 146, in get_se
    wavs_folder = split_audio_whisper(audio_path, target_dir=target_dir, audio_name=audio_name)
  File "/home/ubuntu/OpenVoice/openvoice/se_extractor.py", line 29, in split_audio_whisper
    segments = list(segments)
  File "/home/ubuntu/miniconda3/envs/openvoice/lib/python3.9/site-packages/faster_whisper/transcribe.py", line 433, in generate_segments
    ) = self.generate_with_fallback(encoder_output, prompt, tokenizer, options)
  File "/home/ubuntu/miniconda3/envs/openvoice/lib/python3.9/site-packages/faster_whisper/transcribe.py", line 641, in generate_with_fallback
    result = self.model.generate(
RuntimeError: CUDA failed with error out of memory
Traceback (most recent call last):
  File "/home/ubuntu/OpenVoice/job.py", line 334, in <module>
    clone_voice(f"./projects/{i}/{j}")
  File "/home/ubuntu/OpenVoice/job.py", line 201, in clone_voice
    return(convert_color(projectfolder))
  File "/home/ubuntu/OpenVoice/job.py", line 277, in convert_color
    target_se, audio_name = se_extractor.get_se(ref_audio_path, tone_color_converter, vad=False)
  File "/home/ubuntu/OpenVoice/openvoice/se_extractor.py", line 146, in get_se
    wavs_folder = split_audio_whisper(audio_path, target_dir=target_dir, audio_name=audio_name)
  File "/home/ubuntu/OpenVoice/openvoice/se_extractor.py", line 29, in split_audio_whisper
    segments = list(segments)
  File "/home/ubuntu/miniconda3/envs/openvoice/lib/python3.9/site-packages/faster_whisper/transcribe.py", line 433, in generate_segments
    ) = self.generate_with_fallback(encoder_output, prompt, tokenizer, options)
  File "/home/ubuntu/miniconda3/envs/openvoice/lib/python3.9/site-packages/faster_whisper/transcribe.py", line 641, in generate_with_fallback
    result = self.model.generate(
RuntimeError: CUDA failed with error out of memory
Traceback (most recent call last):
  File "/home/ubuntu/OpenVoice/job.py", line 334, in <module>
    clone_voice(f"./projects/{i}/{j}")
  File "/home/ubuntu/OpenVoice/job.py", line 201, in clone_voice
    return(convert_color(projectfolder))
  File "/home/ubuntu/OpenVoice/job.py", line 277, in convert_color
    target_se, audio_name = se_extractor.get_se(ref_audio_path, tone_color_converter, vad=False)
  File "/home/ubuntu/OpenVoice/openvoice/se_extractor.py", line 146, in get_se
    wavs_folder = split_audio_whisper(audio_path, target_dir=target_dir, audio_name=audio_name)
  File "/home/ubuntu/OpenVoice/openvoice/se_extractor.py", line 29, in split_audio_whisper
    segments = list(segments)
  File "/home/ubuntu/miniconda3/envs/openvoice/lib/python3.9/site-packages/faster_whisper/transcribe.py", line 433, in generate_segments
    ) = self.generate_with_fallback(encoder_output, prompt, tokenizer, options)
  File "/home/ubuntu/miniconda3/envs/openvoice/lib/python3.9/site-packages/faster_whisper/transcribe.py", line 641, in generate_with_fallback
    result = self.model.generate(
RuntimeError: CUDA failed with error out of memory
Traceback (most recent call last):
  File "/home/ubuntu/OpenVoice/job.py", line 334, in <module>
    clone_voice(f"./projects/{i}/{j}")
  File "/home/ubuntu/OpenVoice/job.py", line 201, in clone_voice
    return(convert_color(projectfolder))
  File "/home/ubuntu/OpenVoice/job.py", line 277, in convert_color
    target_se, audio_name = se_extractor.get_se(ref_audio_path, tone_color_converter, vad=False)
  File "/home/ubuntu/OpenVoice/openvoice/se_extractor.py", line 146, in get_se
    wavs_folder = split_audio_whisper(audio_path, target_dir=target_dir, audio_name=audio_name)
  File "/home/ubuntu/OpenVoice/openvoice/se_extractor.py", line 29, in split_audio_whisper
    segments = list(segments)
  File "/home/ubuntu/miniconda3/envs/openvoice/lib/python3.9/site-packages/faster_whisper/transcribe.py", line 433, in generate_segments
    ) = self.generate_with_fallback(encoder_output, prompt, tokenizer, options)
  File "/home/ubuntu/miniconda3/envs/openvoice/lib/python3.9/site-packages/faster_whisper/transcribe.py", line 641, in generate_with_fallback
    result = self.model.generate(
RuntimeError: CUDA failed with error out of memory
Traceback (most recent call last):
  File "/home/ubuntu/OpenVoice/job.py", line 334, in <module>
    clone_voice(f"./projects/{i}/{j}")
  File "/home/ubuntu/OpenVoice/job.py", line 201, in clone_voice
    return(convert_color(projectfolder))
  File "/home/ubuntu/OpenVoice/job.py", line 277, in convert_color
    target_se, audio_name = se_extractor.get_se(ref_audio_path, tone_color_converter, vad=False)
  File "/home/ubuntu/OpenVoice/openvoice/se_extractor.py", line 146, in get_se
    wavs_folder = split_audio_whisper(audio_path, target_dir=target_dir, audio_name=audio_name)
  File "/home/ubuntu/OpenVoice/openvoice/se_extractor.py", line 29, in split_audio_whisper
    segments = list(segments)
  File "/home/ubuntu/miniconda3/envs/openvoice/lib/python3.9/site-packages/faster_whisper/transcribe.py", line 433, in generate_segments
    ) = self.generate_with_fallback(encoder_output, prompt, tokenizer, options)
  File "/home/ubuntu/miniconda3/envs/openvoice/lib/python3.9/site-packages/faster_whisper/transcribe.py", line 641, in generate_with_fallback
    result = self.model.generate(
RuntimeError: CUDA failed with error out of memory
Traceback (most recent call last):
  File "/home/ubuntu/OpenVoice/job.py", line 334, in <module>
    clone_voice(f"./projects/{i}/{j}")
  File "/home/ubuntu/OpenVoice/job.py", line 201, in clone_voice
    return(convert_color(projectfolder))
  File "/home/ubuntu/OpenVoice/job.py", line 277, in convert_color
    target_se, audio_name = se_extractor.get_se(ref_audio_path, tone_color_converter, vad=False)
  File "/home/ubuntu/OpenVoice/openvoice/se_extractor.py", line 146, in get_se
    wavs_folder = split_audio_whisper(audio_path, target_dir=target_dir, audio_name=audio_name)
  File "/home/ubuntu/OpenVoice/openvoice/se_extractor.py", line 29, in split_audio_whisper
    segments = list(segments)
  File "/home/ubuntu/miniconda3/envs/openvoice/lib/python3.9/site-packages/faster_whisper/transcribe.py", line 433, in generate_segments
    ) = self.generate_with_fallback(encoder_output, prompt, tokenizer, options)
  File "/home/ubuntu/miniconda3/envs/openvoice/lib/python3.9/site-packages/faster_whisper/transcribe.py", line 641, in generate_with_fallback
    result = self.model.generate(
RuntimeError: CUDA failed with error out of memory
Traceback (most recent call last):
  File "/home/ubuntu/OpenVoice/job.py", line 334, in <module>
    clone_voice(f"./projects/{i}/{j}")
  File "/home/ubuntu/OpenVoice/job.py", line 201, in clone_voice
    return(convert_color(projectfolder))
  File "/home/ubuntu/OpenVoice/job.py", line 277, in convert_color
    target_se, audio_name = se_extractor.get_se(ref_audio_path, tone_color_converter, vad=False)
  File "/home/ubuntu/OpenVoice/openvoice/se_extractor.py", line 146, in get_se
    wavs_folder = split_audio_whisper(audio_path, target_dir=target_dir, audio_name=audio_name)
  File "/home/ubuntu/OpenVoice/openvoice/se_extractor.py", line 29, in split_audio_whisper
    segments = list(segments)
  File "/home/ubuntu/miniconda3/envs/openvoice/lib/python3.9/site-packages/faster_whisper/transcribe.py", line 433, in generate_segments
    ) = self.generate_with_fallback(encoder_output, prompt, tokenizer, options)
  File "/home/ubuntu/miniconda3/envs/openvoice/lib/python3.9/site-packages/faster_whisper/transcribe.py", line 641, in generate_with_fallback
    result = self.model.generate(
RuntimeError: CUDA failed with error out of memory
Traceback (most recent call last):
  File "/home/ubuntu/OpenVoice/job.py", line 334, in <module>
    clone_voice(f"./projects/{i}/{j}")
  File "/home/ubuntu/OpenVoice/job.py", line 201, in clone_voice
    return(convert_color(projectfolder))
  File "/home/ubuntu/OpenVoice/job.py", line 277, in convert_color
    target_se, audio_name = se_extractor.get_se(ref_audio_path, tone_color_converter, vad=False)
  File "/home/ubuntu/OpenVoice/openvoice/se_extractor.py", line 146, in get_se
    wavs_folder = split_audio_whisper(audio_path, target_dir=target_dir, audio_name=audio_name)
  File "/home/ubuntu/OpenVoice/openvoice/se_extractor.py", line 29, in split_audio_whisper
    segments = list(segments)
  File "/home/ubuntu/miniconda3/envs/openvoice/lib/python3.9/site-packages/faster_whisper/transcribe.py", line 433, in generate_segments
    ) = self.generate_with_fallback(encoder_output, prompt, tokenizer, options)
  File "/home/ubuntu/miniconda3/envs/openvoice/lib/python3.9/site-packages/faster_whisper/transcribe.py", line 641, in generate_with_fallback
    result = self.model.generate(
RuntimeError: CUDA failed with error out of memory
Traceback (most recent call last):
  File "/home/ubuntu/OpenVoice/job.py", line 334, in <module>
    clone_voice(f"./projects/{i}/{j}")
  File "/home/ubuntu/OpenVoice/job.py", line 201, in clone_voice
    return(convert_color(projectfolder))
  File "/home/ubuntu/OpenVoice/job.py", line 277, in convert_color
    target_se, audio_name = se_extractor.get_se(ref_audio_path, tone_color_converter, vad=False)
  File "/home/ubuntu/OpenVoice/openvoice/se_extractor.py", line 146, in get_se
    wavs_folder = split_audio_whisper(audio_path, target_dir=target_dir, audio_name=audio_name)
  File "/home/ubuntu/OpenVoice/openvoice/se_extractor.py", line 29, in split_audio_whisper
    segments = list(segments)
  File "/home/ubuntu/miniconda3/envs/openvoice/lib/python3.9/site-packages/faster_whisper/transcribe.py", line 433, in generate_segments
    ) = self.generate_with_fallback(encoder_output, prompt, tokenizer, options)
  File "/home/ubuntu/miniconda3/envs/openvoice/lib/python3.9/site-packages/faster_whisper/transcribe.py", line 641, in generate_with_fallback
    result = self.model.generate(
RuntimeError: CUDA failed with error out of memory
Traceback (most recent call last):
  File "/home/ubuntu/OpenVoice/job.py", line 334, in <module>
    clone_voice(f"./projects/{i}/{j}")
  File "/home/ubuntu/OpenVoice/job.py", line 201, in clone_voice
    return(convert_color(projectfolder))
  File "/home/ubuntu/OpenVoice/job.py", line 277, in convert_color
    target_se, audio_name = se_extractor.get_se(ref_audio_path, tone_color_converter, vad=False)
  File "/home/ubuntu/OpenVoice/openvoice/se_extractor.py", line 146, in get_se
    wavs_folder = split_audio_whisper(audio_path, target_dir=target_dir, audio_name=audio_name)
  File "/home/ubuntu/OpenVoice/openvoice/se_extractor.py", line 29, in split_audio_whisper
    segments = list(segments)
  File "/home/ubuntu/miniconda3/envs/openvoice/lib/python3.9/site-packages/faster_whisper/transcribe.py", line 433, in generate_segments
    ) = self.generate_with_fallback(encoder_output, prompt, tokenizer, options)
  File "/home/ubuntu/miniconda3/envs/openvoice/lib/python3.9/site-packages/faster_whisper/transcribe.py", line 641, in generate_with_fallback
    result = self.model.generate(
RuntimeError: CUDA failed with error out of memory
Traceback (most recent call last):
  File "/home/ubuntu/OpenVoice/job.py", line 334, in <module>
    clone_voice(f"./projects/{i}/{j}")
  File "/home/ubuntu/OpenVoice/job.py", line 201, in clone_voice
    return(convert_color(projectfolder))
  File "/home/ubuntu/OpenVoice/job.py", line 277, in convert_color
    target_se, audio_name = se_extractor.get_se(ref_audio_path, tone_color_converter, vad=False)
  File "/home/ubuntu/OpenVoice/openvoice/se_extractor.py", line 146, in get_se
    wavs_folder = split_audio_whisper(audio_path, target_dir=target_dir, audio_name=audio_name)
  File "/home/ubuntu/OpenVoice/openvoice/se_extractor.py", line 29, in split_audio_whisper
    segments = list(segments)
  File "/home/ubuntu/miniconda3/envs/openvoice/lib/python3.9/site-packages/faster_whisper/transcribe.py", line 433, in generate_segments
    ) = self.generate_with_fallback(encoder_output, prompt, tokenizer, options)
  File "/home/ubuntu/miniconda3/envs/openvoice/lib/python3.9/site-packages/faster_whisper/transcribe.py", line 641, in generate_with_fallback
    result = self.model.generate(
RuntimeError: CUDA failed with error out of memory
Traceback (most recent call last):
  File "/home/ubuntu/OpenVoice/job.py", line 334, in <module>
    clone_voice(f"./projects/{i}/{j}")
  File "/home/ubuntu/OpenVoice/job.py", line 201, in clone_voice
    return(convert_color(projectfolder))
  File "/home/ubuntu/OpenVoice/job.py", line 277, in convert_color
    target_se, audio_name = se_extractor.get_se(ref_audio_path, tone_color_converter, vad=False)
  File "/home/ubuntu/OpenVoice/openvoice/se_extractor.py", line 146, in get_se
    wavs_folder = split_audio_whisper(audio_path, target_dir=target_dir, audio_name=audio_name)
  File "/home/ubuntu/OpenVoice/openvoice/se_extractor.py", line 29, in split_audio_whisper
    segments = list(segments)
  File "/home/ubuntu/miniconda3/envs/openvoice/lib/python3.9/site-packages/faster_whisper/transcribe.py", line 433, in generate_segments
    ) = self.generate_with_fallback(encoder_output, prompt, tokenizer, options)
  File "/home/ubuntu/miniconda3/envs/openvoice/lib/python3.9/site-packages/faster_whisper/transcribe.py", line 641, in generate_with_fallback
    result = self.model.generate(
RuntimeError: CUDA failed with error out of memory
Traceback (most recent call last):
  File "/home/ubuntu/OpenVoice/job.py", line 334, in <module>
    clone_voice(f"./projects/{i}/{j}")
  File "/home/ubuntu/OpenVoice/job.py", line 201, in clone_voice
    return(convert_color(projectfolder))
  File "/home/ubuntu/OpenVoice/job.py", line 277, in convert_color
    target_se, audio_name = se_extractor.get_se(ref_audio_path, tone_color_converter, vad=False)
  File "/home/ubuntu/OpenVoice/openvoice/se_extractor.py", line 146, in get_se
    wavs_folder = split_audio_whisper(audio_path, target_dir=target_dir, audio_name=audio_name)
  File "/home/ubuntu/OpenVoice/openvoice/se_extractor.py", line 29, in split_audio_whisper
    segments = list(segments)
  File "/home/ubuntu/miniconda3/envs/openvoice/lib/python3.9/site-packages/faster_whisper/transcribe.py", line 433, in generate_segments
    ) = self.generate_with_fallback(encoder_output, prompt, tokenizer, options)
  File "/home/ubuntu/miniconda3/envs/openvoice/lib/python3.9/site-packages/faster_whisper/transcribe.py", line 641, in generate_with_fallback
    result = self.model.generate(
RuntimeError: CUDA failed with error out of memory
Traceback (most recent call last):
  File "/home/ubuntu/OpenVoice/job.py", line 334, in <module>
    clone_voice(f"./projects/{i}/{j}")
  File "/home/ubuntu/OpenVoice/job.py", line 201, in clone_voice
    return(convert_color(projectfolder))
  File "/home/ubuntu/OpenVoice/job.py", line 277, in convert_color
    target_se, audio_name = se_extractor.get_se(ref_audio_path, tone_color_converter, vad=False)
  File "/home/ubuntu/OpenVoice/openvoice/se_extractor.py", line 146, in get_se
    wavs_folder = split_audio_whisper(audio_path, target_dir=target_dir, audio_name=audio_name)
  File "/home/ubuntu/OpenVoice/openvoice/se_extractor.py", line 29, in split_audio_whisper
    segments = list(segments)
  File "/home/ubuntu/miniconda3/envs/openvoice/lib/python3.9/site-packages/faster_whisper/transcribe.py", line 433, in generate_segments
    ) = self.generate_with_fallback(encoder_output, prompt, tokenizer, options)
  File "/home/ubuntu/miniconda3/envs/openvoice/lib/python3.9/site-packages/faster_whisper/transcribe.py", line 641, in generate_with_fallback
    result = self.model.generate(
RuntimeError: CUDA failed with error out of memory
Traceback (most recent call last):
  File "/home/ubuntu/OpenVoice/job.py", line 334, in <module>
    clone_voice(f"./projects/{i}/{j}")
  File "/home/ubuntu/OpenVoice/job.py", line 201, in clone_voice
    return(convert_color(projectfolder))
  File "/home/ubuntu/OpenVoice/job.py", line 277, in convert_color
    target_se, audio_name = se_extractor.get_se(ref_audio_path, tone_color_converter, vad=False)
  File "/home/ubuntu/OpenVoice/openvoice/se_extractor.py", line 150, in get_se
    raise NotImplementedError('No audio segments found!')
NotImplementedError: No audio segments found!
Traceback (most recent call last):
  File "/home/ubuntu/OpenVoice/job.py", line 334, in <module>
    clone_voice(f"./projects/{i}/{j}")
  File "/home/ubuntu/OpenVoice/job.py", line 201, in clone_voice
    return(convert_color(projectfolder))
  File "/home/ubuntu/OpenVoice/job.py", line 277, in convert_color
    target_se, audio_name = se_extractor.get_se(ref_audio_path, tone_color_converter, vad=False)
  File "/home/ubuntu/OpenVoice/openvoice/se_extractor.py", line 146, in get_se
    wavs_folder = split_audio_whisper(audio_path, target_dir=target_dir, audio_name=audio_name)
  File "/home/ubuntu/OpenVoice/openvoice/se_extractor.py", line 29, in split_audio_whisper
    segments = list(segments)
  File "/home/ubuntu/miniconda3/envs/openvoice/lib/python3.9/site-packages/faster_whisper/transcribe.py", line 433, in generate_segments
    ) = self.generate_with_fallback(encoder_output, prompt, tokenizer, options)
  File "/home/ubuntu/miniconda3/envs/openvoice/lib/python3.9/site-packages/faster_whisper/transcribe.py", line 641, in generate_with_fallback
    result = self.model.generate(
RuntimeError: CUDA failed with error out of memory
Traceback (most recent call last):
  File "/home/ubuntu/OpenVoice/job.py", line 334, in <module>
    clone_voice(f"./projects/{i}/{j}")
  File "/home/ubuntu/OpenVoice/job.py", line 201, in clone_voice
    return(convert_color(projectfolder))
  File "/home/ubuntu/OpenVoice/job.py", line 277, in convert_color
    target_se, audio_name = se_extractor.get_se(ref_audio_path, tone_color_converter, vad=False)
  File "/home/ubuntu/OpenVoice/openvoice/se_extractor.py", line 150, in get_se
    raise NotImplementedError('No audio segments found!')
NotImplementedError: No audio segments found!
Traceback (most recent call last):
  File "/home/ubuntu/OpenVoice/job.py", line 334, in <module>
    clone_voice(f"./projects/{i}/{j}")
  File "/home/ubuntu/OpenVoice/job.py", line 201, in clone_voice
    return(convert_color(projectfolder))
  File "/home/ubuntu/OpenVoice/job.py", line 277, in convert_color
    target_se, audio_name = se_extractor.get_se(ref_audio_path, tone_color_converter, vad=False)
  File "/home/ubuntu/OpenVoice/openvoice/se_extractor.py", line 146, in get_se
    wavs_folder = split_audio_whisper(audio_path, target_dir=target_dir, audio_name=audio_name)
  File "/home/ubuntu/OpenVoice/openvoice/se_extractor.py", line 29, in split_audio_whisper
    segments = list(segments)
  File "/home/ubuntu/miniconda3/envs/openvoice/lib/python3.9/site-packages/faster_whisper/transcribe.py", line 433, in generate_segments
    ) = self.generate_with_fallback(encoder_output, prompt, tokenizer, options)
  File "/home/ubuntu/miniconda3/envs/openvoice/lib/python3.9/site-packages/faster_whisper/transcribe.py", line 641, in generate_with_fallback
    result = self.model.generate(
RuntimeError: CUDA failed with error out of memory
Traceback (most recent call last):
  File "/home/ubuntu/OpenVoice/job.py", line 334, in <module>
    clone_voice(f"./projects/{i}/{j}")
  File "/home/ubuntu/OpenVoice/job.py", line 201, in clone_voice
    return(convert_color(projectfolder))
  File "/home/ubuntu/OpenVoice/job.py", line 277, in convert_color
    target_se, audio_name = se_extractor.get_se(ref_audio_path, tone_color_converter, vad=False)
  File "/home/ubuntu/OpenVoice/openvoice/se_extractor.py", line 150, in get_se
    raise NotImplementedError('No audio segments found!')
NotImplementedError: No audio segments found!
Traceback (most recent call last):
  File "/home/ubuntu/miniconda3/envs/openvoice/lib/python3.9/site-packages/librosa/core/audio.py", line 155, in load
    context = sf.SoundFile(path)
  File "/home/ubuntu/miniconda3/envs/openvoice/lib/python3.9/site-packages/soundfile.py", line 658, in __init__
    self._file = self._open(file, mode_int, closefd)
  File "/home/ubuntu/miniconda3/envs/openvoice/lib/python3.9/site-packages/soundfile.py", line 1216, in _open
    raise LibsndfileError(err, prefix="Error opening {0!r}: ".format(self.name))
soundfile.LibsndfileError: Error opening './projects/fa91f297-1310-46fa-a161-791d77322094/0/2_clone_Instant#bn-IN-BashkarNeural.mp3': File does not exist or is not a regular file (possibly a pipe?).

During handling of the above exception, another exception occurred:

Traceback (most recent call last):
  File "/home/ubuntu/OpenVoice/job.py", line 334, in <module>
    clone_voice(f"./projects/{i}/{j}")
  File "/home/ubuntu/OpenVoice/job.py", line 201, in clone_voice
    return(convert_color(projectfolder))
  File "/home/ubuntu/OpenVoice/job.py", line 314, in convert_color
    tone_color_converter.convert(
  File "/home/ubuntu/OpenVoice/openvoice/api.py", line 144, in convert
    audio, sample_rate = librosa.load(audio_src_path, sr=hps.data.sampling_rate)
  File "/home/ubuntu/miniconda3/envs/openvoice/lib/python3.9/site-packages/librosa/util/decorators.py", line 88, in inner_f
    return f(*args, **kwargs)
  File "/home/ubuntu/miniconda3/envs/openvoice/lib/python3.9/site-packages/librosa/core/audio.py", line 174, in load
    y, sr_native = __audioread_load(path, offset, duration, dtype)
  File "/home/ubuntu/miniconda3/envs/openvoice/lib/python3.9/site-packages/librosa/core/audio.py", line 198, in __audioread_load
    with audioread.audio_open(path) as input_file:
  File "/home/ubuntu/miniconda3/envs/openvoice/lib/python3.9/site-packages/audioread/__init__.py", line 127, in audio_open
    return BackendClass(path)
  File "/home/ubuntu/miniconda3/envs/openvoice/lib/python3.9/site-packages/audioread/rawread.py", line 62, in __init__
    self._file = aifc.open(self._fh)
  File "/home/ubuntu/miniconda3/envs/openvoice/lib/python3.9/aifc.py", line 917, in open
    return Aifc_read(f)
  File "/home/ubuntu/miniconda3/envs/openvoice/lib/python3.9/aifc.py", line 358, in __init__
    self.initfp(f)
  File "/home/ubuntu/miniconda3/envs/openvoice/lib/python3.9/aifc.py", line 314, in initfp
    chunk = Chunk(file)
  File "/home/ubuntu/miniconda3/envs/openvoice/lib/python3.9/chunk.py", line 63, in __init__
    raise EOFError
EOFError
Traceback (most recent call last):
  File "/home/ubuntu/OpenVoice/job.py", line 334, in <module>
    clone_voice(f"./projects/{i}/{j}")
  File "/home/ubuntu/OpenVoice/job.py", line 201, in clone_voice
    return(convert_color(projectfolder))
  File "/home/ubuntu/OpenVoice/job.py", line 277, in convert_color
    target_se, audio_name = se_extractor.get_se(ref_audio_path, tone_color_converter, vad=False)
  File "/home/ubuntu/OpenVoice/openvoice/se_extractor.py", line 146, in get_se
    wavs_folder = split_audio_whisper(audio_path, target_dir=target_dir, audio_name=audio_name)
  File "/home/ubuntu/OpenVoice/openvoice/se_extractor.py", line 29, in split_audio_whisper
    segments = list(segments)
  File "/home/ubuntu/miniconda3/envs/openvoice/lib/python3.9/site-packages/faster_whisper/transcribe.py", line 433, in generate_segments
    ) = self.generate_with_fallback(encoder_output, prompt, tokenizer, options)
  File "/home/ubuntu/miniconda3/envs/openvoice/lib/python3.9/site-packages/faster_whisper/transcribe.py", line 641, in generate_with_fallback
    result = self.model.generate(
RuntimeError: CUDA failed with error out of memory
Traceback (most recent call last):
  File "/home/ubuntu/OpenVoice/job.py", line 334, in <module>
    clone_voice(f"./projects/{i}/{j}")
  File "/home/ubuntu/OpenVoice/job.py", line 201, in clone_voice
    return(convert_color(projectfolder))
  File "/home/ubuntu/OpenVoice/job.py", line 277, in convert_color
    target_se, audio_name = se_extractor.get_se(ref_audio_path, tone_color_converter, vad=False)
  File "/home/ubuntu/OpenVoice/openvoice/se_extractor.py", line 146, in get_se
    wavs_folder = split_audio_whisper(audio_path, target_dir=target_dir, audio_name=audio_name)
  File "/home/ubuntu/OpenVoice/openvoice/se_extractor.py", line 29, in split_audio_whisper
    segments = list(segments)
  File "/home/ubuntu/miniconda3/envs/openvoice/lib/python3.9/site-packages/faster_whisper/transcribe.py", line 433, in generate_segments
    ) = self.generate_with_fallback(encoder_output, prompt, tokenizer, options)
  File "/home/ubuntu/miniconda3/envs/openvoice/lib/python3.9/site-packages/faster_whisper/transcribe.py", line 641, in generate_with_fallback
    result = self.model.generate(
RuntimeError: CUDA failed with error out of memory
Traceback (most recent call last):
  File "/home/ubuntu/OpenVoice/job.py", line 334, in <module>
    clone_voice(f"./projects/{i}/{j}")
  File "/home/ubuntu/OpenVoice/job.py", line 201, in clone_voice
    return(convert_color(projectfolder))
  File "/home/ubuntu/OpenVoice/job.py", line 277, in convert_color
    target_se, audio_name = se_extractor.get_se(ref_audio_path, tone_color_converter, vad=False)
  File "/home/ubuntu/OpenVoice/openvoice/se_extractor.py", line 146, in get_se
    wavs_folder = split_audio_whisper(audio_path, target_dir=target_dir, audio_name=audio_name)
  File "/home/ubuntu/OpenVoice/openvoice/se_extractor.py", line 29, in split_audio_whisper
    segments = list(segments)
  File "/home/ubuntu/miniconda3/envs/openvoice/lib/python3.9/site-packages/faster_whisper/transcribe.py", line 433, in generate_segments
    ) = self.generate_with_fallback(encoder_output, prompt, tokenizer, options)
  File "/home/ubuntu/miniconda3/envs/openvoice/lib/python3.9/site-packages/faster_whisper/transcribe.py", line 641, in generate_with_fallback
    result = self.model.generate(
RuntimeError: CUDA failed with error out of memory
Traceback (most recent call last):
  File "/home/ubuntu/OpenVoice/job.py", line 334, in <module>
    clone_voice(f"./projects/{i}/{j}")
  File "/home/ubuntu/OpenVoice/job.py", line 201, in clone_voice
    return(convert_color(projectfolder))
  File "/home/ubuntu/OpenVoice/job.py", line 277, in convert_color
    target_se, audio_name = se_extractor.get_se(ref_audio_path, tone_color_converter, vad=False)
  File "/home/ubuntu/OpenVoice/openvoice/se_extractor.py", line 146, in get_se
    wavs_folder = split_audio_whisper(audio_path, target_dir=target_dir, audio_name=audio_name)
  File "/home/ubuntu/OpenVoice/openvoice/se_extractor.py", line 29, in split_audio_whisper
    segments = list(segments)
  File "/home/ubuntu/miniconda3/envs/openvoice/lib/python3.9/site-packages/faster_whisper/transcribe.py", line 433, in generate_segments
    ) = self.generate_with_fallback(encoder_output, prompt, tokenizer, options)
  File "/home/ubuntu/miniconda3/envs/openvoice/lib/python3.9/site-packages/faster_whisper/transcribe.py", line 641, in generate_with_fallback
    result = self.model.generate(
RuntimeError: CUDA failed with error out of memory
Traceback (most recent call last):
  File "/home/ubuntu/OpenVoice/job.py", line 334, in <module>
    clone_voice(f"./projects/{i}/{j}")
  File "/home/ubuntu/OpenVoice/job.py", line 201, in clone_voice
    return(convert_color(projectfolder))
  File "/home/ubuntu/OpenVoice/job.py", line 277, in convert_color
    target_se, audio_name = se_extractor.get_se(ref_audio_path, tone_color_converter, vad=False)
  File "/home/ubuntu/OpenVoice/openvoice/se_extractor.py", line 146, in get_se
    wavs_folder = split_audio_whisper(audio_path, target_dir=target_dir, audio_name=audio_name)
  File "/home/ubuntu/OpenVoice/openvoice/se_extractor.py", line 29, in split_audio_whisper
    segments = list(segments)
  File "/home/ubuntu/miniconda3/envs/openvoice/lib/python3.9/site-packages/faster_whisper/transcribe.py", line 433, in generate_segments
    ) = self.generate_with_fallback(encoder_output, prompt, tokenizer, options)
  File "/home/ubuntu/miniconda3/envs/openvoice/lib/python3.9/site-packages/faster_whisper/transcribe.py", line 641, in generate_with_fallback
    result = self.model.generate(
RuntimeError: CUDA failed with error out of memory
Traceback (most recent call last):
  File "/home/ubuntu/OpenVoice/job.py", line 334, in <module>
    clone_voice(f"./projects/{i}/{j}")
  File "/home/ubuntu/OpenVoice/job.py", line 201, in clone_voice
    return(convert_color(projectfolder))
  File "/home/ubuntu/OpenVoice/job.py", line 277, in convert_color
    target_se, audio_name = se_extractor.get_se(ref_audio_path, tone_color_converter, vad=False)
  File "/home/ubuntu/OpenVoice/openvoice/se_extractor.py", line 146, in get_se
    wavs_folder = split_audio_whisper(audio_path, target_dir=target_dir, audio_name=audio_name)
  File "/home/ubuntu/OpenVoice/openvoice/se_extractor.py", line 29, in split_audio_whisper
    segments = list(segments)
  File "/home/ubuntu/miniconda3/envs/openvoice/lib/python3.9/site-packages/faster_whisper/transcribe.py", line 433, in generate_segments
    ) = self.generate_with_fallback(encoder_output, prompt, tokenizer, options)
  File "/home/ubuntu/miniconda3/envs/openvoice/lib/python3.9/site-packages/faster_whisper/transcribe.py", line 641, in generate_with_fallback
    result = self.model.generate(
RuntimeError: CUDA failed with error out of memory
Traceback (most recent call last):
  File "/home/ubuntu/OpenVoice/job.py", line 334, in <module>
    clone_voice(f"./projects/{i}/{j}")
  File "/home/ubuntu/OpenVoice/job.py", line 201, in clone_voice
    return(convert_color(projectfolder))
  File "/home/ubuntu/OpenVoice/job.py", line 277, in convert_color
    target_se, audio_name = se_extractor.get_se(ref_audio_path, tone_color_converter, vad=False)
  File "/home/ubuntu/OpenVoice/openvoice/se_extractor.py", line 146, in get_se
    wavs_folder = split_audio_whisper(audio_path, target_dir=target_dir, audio_name=audio_name)
  File "/home/ubuntu/OpenVoice/openvoice/se_extractor.py", line 29, in split_audio_whisper
    segments = list(segments)
  File "/home/ubuntu/miniconda3/envs/openvoice/lib/python3.9/site-packages/faster_whisper/transcribe.py", line 433, in generate_segments
    ) = self.generate_with_fallback(encoder_output, prompt, tokenizer, options)
  File "/home/ubuntu/miniconda3/envs/openvoice/lib/python3.9/site-packages/faster_whisper/transcribe.py", line 641, in generate_with_fallback
    result = self.model.generate(
RuntimeError: CUDA failed with error out of memory
Traceback (most recent call last):
  File "/home/ubuntu/OpenVoice/job.py", line 334, in <module>
    clone_voice(f"./projects/{i}/{j}")
  File "/home/ubuntu/OpenVoice/job.py", line 201, in clone_voice
    return(convert_color(projectfolder))
  File "/home/ubuntu/OpenVoice/job.py", line 277, in convert_color
    target_se, audio_name = se_extractor.get_se(ref_audio_path, tone_color_converter, vad=False)
  File "/home/ubuntu/OpenVoice/openvoice/se_extractor.py", line 146, in get_se
    wavs_folder = split_audio_whisper(audio_path, target_dir=target_dir, audio_name=audio_name)
  File "/home/ubuntu/OpenVoice/openvoice/se_extractor.py", line 29, in split_audio_whisper
    segments = list(segments)
  File "/home/ubuntu/miniconda3/envs/openvoice/lib/python3.9/site-packages/faster_whisper/transcribe.py", line 433, in generate_segments
    ) = self.generate_with_fallback(encoder_output, prompt, tokenizer, options)
  File "/home/ubuntu/miniconda3/envs/openvoice/lib/python3.9/site-packages/faster_whisper/transcribe.py", line 641, in generate_with_fallback
    result = self.model.generate(
RuntimeError: CUDA failed with error out of memory
Traceback (most recent call last):
  File "/home/ubuntu/OpenVoice/job.py", line 334, in <module>
    clone_voice(f"./projects/{i}/{j}")
  File "/home/ubuntu/OpenVoice/job.py", line 201, in clone_voice
    return(convert_color(projectfolder))
  File "/home/ubuntu/OpenVoice/job.py", line 277, in convert_color
    target_se, audio_name = se_extractor.get_se(ref_audio_path, tone_color_converter, vad=False)
  File "/home/ubuntu/OpenVoice/openvoice/se_extractor.py", line 146, in get_se
    wavs_folder = split_audio_whisper(audio_path, target_dir=target_dir, audio_name=audio_name)
  File "/home/ubuntu/OpenVoice/openvoice/se_extractor.py", line 29, in split_audio_whisper
    segments = list(segments)
  File "/home/ubuntu/miniconda3/envs/openvoice/lib/python3.9/site-packages/faster_whisper/transcribe.py", line 433, in generate_segments
    ) = self.generate_with_fallback(encoder_output, prompt, tokenizer, options)
  File "/home/ubuntu/miniconda3/envs/openvoice/lib/python3.9/site-packages/faster_whisper/transcribe.py", line 641, in generate_with_fallback
    result = self.model.generate(
RuntimeError: CUDA failed with error out of memory
Traceback (most recent call last):
  File "/home/ubuntu/OpenVoice/job.py", line 334, in <module>
    clone_voice(f"./projects/{i}/{j}")
  File "/home/ubuntu/OpenVoice/job.py", line 201, in clone_voice
    return(convert_color(projectfolder))
  File "/home/ubuntu/OpenVoice/job.py", line 277, in convert_color
    target_se, audio_name = se_extractor.get_se(ref_audio_path, tone_color_converter, vad=False)
  File "/home/ubuntu/OpenVoice/openvoice/se_extractor.py", line 146, in get_se
    wavs_folder = split_audio_whisper(audio_path, target_dir=target_dir, audio_name=audio_name)
  File "/home/ubuntu/OpenVoice/openvoice/se_extractor.py", line 29, in split_audio_whisper
    segments = list(segments)
  File "/home/ubuntu/miniconda3/envs/openvoice/lib/python3.9/site-packages/faster_whisper/transcribe.py", line 433, in generate_segments
    ) = self.generate_with_fallback(encoder_output, prompt, tokenizer, options)
  File "/home/ubuntu/miniconda3/envs/openvoice/lib/python3.9/site-packages/faster_whisper/transcribe.py", line 641, in generate_with_fallback
    result = self.model.generate(
RuntimeError: CUDA failed with error out of memory
Traceback (most recent call last):
  File "/home/ubuntu/OpenVoice/job.py", line 334, in <module>
    clone_voice(f"./projects/{i}/{j}")
  File "/home/ubuntu/OpenVoice/job.py", line 201, in clone_voice
    return(convert_color(projectfolder))
  File "/home/ubuntu/OpenVoice/job.py", line 277, in convert_color
    target_se, audio_name = se_extractor.get_se(ref_audio_path, tone_color_converter, vad=False)
  File "/home/ubuntu/OpenVoice/openvoice/se_extractor.py", line 146, in get_se
    wavs_folder = split_audio_whisper(audio_path, target_dir=target_dir, audio_name=audio_name)
  File "/home/ubuntu/OpenVoice/openvoice/se_extractor.py", line 29, in split_audio_whisper
    segments = list(segments)
  File "/home/ubuntu/miniconda3/envs/openvoice/lib/python3.9/site-packages/faster_whisper/transcribe.py", line 433, in generate_segments
    ) = self.generate_with_fallback(encoder_output, prompt, tokenizer, options)
  File "/home/ubuntu/miniconda3/envs/openvoice/lib/python3.9/site-packages/faster_whisper/transcribe.py", line 641, in generate_with_fallback
    result = self.model.generate(
RuntimeError: CUDA failed with error out of memory
Traceback (most recent call last):
  File "/home/ubuntu/OpenVoice/job.py", line 334, in <module>
    clone_voice(f"./projects/{i}/{j}")
  File "/home/ubuntu/OpenVoice/job.py", line 201, in clone_voice
    return(convert_color(projectfolder))
  File "/home/ubuntu/OpenVoice/job.py", line 277, in convert_color
    target_se, audio_name = se_extractor.get_se(ref_audio_path, tone_color_converter, vad=False)
  File "/home/ubuntu/OpenVoice/openvoice/se_extractor.py", line 146, in get_se
    wavs_folder = split_audio_whisper(audio_path, target_dir=target_dir, audio_name=audio_name)
  File "/home/ubuntu/OpenVoice/openvoice/se_extractor.py", line 29, in split_audio_whisper
    segments = list(segments)
  File "/home/ubuntu/miniconda3/envs/openvoice/lib/python3.9/site-packages/faster_whisper/transcribe.py", line 433, in generate_segments
    ) = self.generate_with_fallback(encoder_output, prompt, tokenizer, options)
  File "/home/ubuntu/miniconda3/envs/openvoice/lib/python3.9/site-packages/faster_whisper/transcribe.py", line 641, in generate_with_fallback
    result = self.model.generate(
RuntimeError: CUDA failed with error out of memory
Traceback (most recent call last):
  File "/home/ubuntu/OpenVoice/job.py", line 334, in <module>
    clone_voice(f"./projects/{i}/{j}")
  File "/home/ubuntu/OpenVoice/job.py", line 201, in clone_voice
    return(convert_color(projectfolder))
  File "/home/ubuntu/OpenVoice/job.py", line 277, in convert_color
    target_se, audio_name = se_extractor.get_se(ref_audio_path, tone_color_converter, vad=False)
  File "/home/ubuntu/OpenVoice/openvoice/se_extractor.py", line 146, in get_se
    wavs_folder = split_audio_whisper(audio_path, target_dir=target_dir, audio_name=audio_name)
  File "/home/ubuntu/OpenVoice/openvoice/se_extractor.py", line 29, in split_audio_whisper
    segments = list(segments)
  File "/home/ubuntu/miniconda3/envs/openvoice/lib/python3.9/site-packages/faster_whisper/transcribe.py", line 433, in generate_segments
    ) = self.generate_with_fallback(encoder_output, prompt, tokenizer, options)
  File "/home/ubuntu/miniconda3/envs/openvoice/lib/python3.9/site-packages/faster_whisper/transcribe.py", line 641, in generate_with_fallback
    result = self.model.generate(
RuntimeError: CUDA failed with error out of memory
Traceback (most recent call last):
  File "/home/ubuntu/OpenVoice/job.py", line 334, in <module>
    clone_voice(f"./projects/{i}/{j}")
  File "/home/ubuntu/OpenVoice/job.py", line 201, in clone_voice
    return(convert_color(projectfolder))
  File "/home/ubuntu/OpenVoice/job.py", line 277, in convert_color
    target_se, audio_name = se_extractor.get_se(ref_audio_path, tone_color_converter, vad=False)
  File "/home/ubuntu/OpenVoice/openvoice/se_extractor.py", line 146, in get_se
    wavs_folder = split_audio_whisper(audio_path, target_dir=target_dir, audio_name=audio_name)
  File "/home/ubuntu/OpenVoice/openvoice/se_extractor.py", line 29, in split_audio_whisper
    segments = list(segments)
  File "/home/ubuntu/miniconda3/envs/openvoice/lib/python3.9/site-packages/faster_whisper/transcribe.py", line 433, in generate_segments
    ) = self.generate_with_fallback(encoder_output, prompt, tokenizer, options)
  File "/home/ubuntu/miniconda3/envs/openvoice/lib/python3.9/site-packages/faster_whisper/transcribe.py", line 641, in generate_with_fallback
    result = self.model.generate(
RuntimeError: CUDA failed with error out of memory
Traceback (most recent call last):
  File "/home/ubuntu/OpenVoice/job.py", line 334, in <module>
    clone_voice(f"./projects/{i}/{j}")
  File "/home/ubuntu/OpenVoice/job.py", line 201, in clone_voice
    return(convert_color(projectfolder))
  File "/home/ubuntu/OpenVoice/job.py", line 277, in convert_color
    target_se, audio_name = se_extractor.get_se(ref_audio_path, tone_color_converter, vad=False)
  File "/home/ubuntu/OpenVoice/openvoice/se_extractor.py", line 146, in get_se
    wavs_folder = split_audio_whisper(audio_path, target_dir=target_dir, audio_name=audio_name)
  File "/home/ubuntu/OpenVoice/openvoice/se_extractor.py", line 29, in split_audio_whisper
    segments = list(segments)
  File "/home/ubuntu/miniconda3/envs/openvoice/lib/python3.9/site-packages/faster_whisper/transcribe.py", line 433, in generate_segments
    ) = self.generate_with_fallback(encoder_output, prompt, tokenizer, options)
  File "/home/ubuntu/miniconda3/envs/openvoice/lib/python3.9/site-packages/faster_whisper/transcribe.py", line 641, in generate_with_fallback
    result = self.model.generate(
RuntimeError: CUDA failed with error out of memory
Traceback (most recent call last):
  File "/home/ubuntu/OpenVoice/job.py", line 334, in <module>
    clone_voice(f"./projects/{i}/{j}")
  File "/home/ubuntu/OpenVoice/job.py", line 201, in clone_voice
    return(convert_color(projectfolder))
  File "/home/ubuntu/OpenVoice/job.py", line 277, in convert_color
    target_se, audio_name = se_extractor.get_se(ref_audio_path, tone_color_converter, vad=False)
  File "/home/ubuntu/OpenVoice/openvoice/se_extractor.py", line 146, in get_se
    wavs_folder = split_audio_whisper(audio_path, target_dir=target_dir, audio_name=audio_name)
  File "/home/ubuntu/OpenVoice/openvoice/se_extractor.py", line 29, in split_audio_whisper
    segments = list(segments)
  File "/home/ubuntu/miniconda3/envs/openvoice/lib/python3.9/site-packages/faster_whisper/transcribe.py", line 433, in generate_segments
    ) = self.generate_with_fallback(encoder_output, prompt, tokenizer, options)
  File "/home/ubuntu/miniconda3/envs/openvoice/lib/python3.9/site-packages/faster_whisper/transcribe.py", line 641, in generate_with_fallback
    result = self.model.generate(
RuntimeError: CUDA failed with error out of memory
Traceback (most recent call last):
  File "/home/ubuntu/OpenVoice/job.py", line 334, in <module>
    clone_voice(f"./projects/{i}/{j}")
  File "/home/ubuntu/OpenVoice/job.py", line 201, in clone_voice
    return(convert_color(projectfolder))
  File "/home/ubuntu/OpenVoice/job.py", line 277, in convert_color
    target_se, audio_name = se_extractor.get_se(ref_audio_path, tone_color_converter, vad=False)
  File "/home/ubuntu/OpenVoice/openvoice/se_extractor.py", line 146, in get_se
    wavs_folder = split_audio_whisper(audio_path, target_dir=target_dir, audio_name=audio_name)
  File "/home/ubuntu/OpenVoice/openvoice/se_extractor.py", line 29, in split_audio_whisper
    segments = list(segments)
  File "/home/ubuntu/miniconda3/envs/openvoice/lib/python3.9/site-packages/faster_whisper/transcribe.py", line 433, in generate_segments
    ) = self.generate_with_fallback(encoder_output, prompt, tokenizer, options)
  File "/home/ubuntu/miniconda3/envs/openvoice/lib/python3.9/site-packages/faster_whisper/transcribe.py", line 641, in generate_with_fallback
    result = self.model.generate(
RuntimeError: CUDA failed with error out of memory
Traceback (most recent call last):
  File "/home/ubuntu/OpenVoice/job.py", line 334, in <module>
    clone_voice(f"./projects/{i}/{j}")
  File "/home/ubuntu/OpenVoice/job.py", line 201, in clone_voice
    return(convert_color(projectfolder))
  File "/home/ubuntu/OpenVoice/job.py", line 277, in convert_color
    target_se, audio_name = se_extractor.get_se(ref_audio_path, tone_color_converter, vad=False)
  File "/home/ubuntu/OpenVoice/openvoice/se_extractor.py", line 146, in get_se
    wavs_folder = split_audio_whisper(audio_path, target_dir=target_dir, audio_name=audio_name)
  File "/home/ubuntu/OpenVoice/openvoice/se_extractor.py", line 29, in split_audio_whisper
    segments = list(segments)
  File "/home/ubuntu/miniconda3/envs/openvoice/lib/python3.9/site-packages/faster_whisper/transcribe.py", line 433, in generate_segments
    ) = self.generate_with_fallback(encoder_output, prompt, tokenizer, options)
  File "/home/ubuntu/miniconda3/envs/openvoice/lib/python3.9/site-packages/faster_whisper/transcribe.py", line 641, in generate_with_fallback
    result = self.model.generate(
RuntimeError: CUDA failed with error out of memory
Traceback (most recent call last):
  File "/home/ubuntu/OpenVoice/job.py", line 334, in <module>
    clone_voice(f"./projects/{i}/{j}")
  File "/home/ubuntu/OpenVoice/job.py", line 201, in clone_voice
    return(convert_color(projectfolder))
  File "/home/ubuntu/OpenVoice/job.py", line 277, in convert_color
    target_se, audio_name = se_extractor.get_se(ref_audio_path, tone_color_converter, vad=False)
  File "/home/ubuntu/OpenVoice/openvoice/se_extractor.py", line 146, in get_se
    wavs_folder = split_audio_whisper(audio_path, target_dir=target_dir, audio_name=audio_name)
  File "/home/ubuntu/OpenVoice/openvoice/se_extractor.py", line 29, in split_audio_whisper
    segments = list(segments)
  File "/home/ubuntu/miniconda3/envs/openvoice/lib/python3.9/site-packages/faster_whisper/transcribe.py", line 433, in generate_segments
    ) = self.generate_with_fallback(encoder_output, prompt, tokenizer, options)
  File "/home/ubuntu/miniconda3/envs/openvoice/lib/python3.9/site-packages/faster_whisper/transcribe.py", line 641, in generate_with_fallback
    result = self.model.generate(
RuntimeError: CUDA failed with error out of memory
Traceback (most recent call last):
  File "/home/ubuntu/OpenVoice/job.py", line 334, in <module>
    clone_voice(f"./projects/{i}/{j}")
  File "/home/ubuntu/OpenVoice/job.py", line 201, in clone_voice
    return(convert_color(projectfolder))
  File "/home/ubuntu/OpenVoice/job.py", line 277, in convert_color
    target_se, audio_name = se_extractor.get_se(ref_audio_path, tone_color_converter, vad=False)
  File "/home/ubuntu/OpenVoice/openvoice/se_extractor.py", line 150, in get_se
    raise NotImplementedError('No audio segments found!')
NotImplementedError: No audio segments found!
Traceback (most recent call last):
  File "/home/ubuntu/OpenVoice/job.py", line 334, in <module>
    clone_voice(f"./projects/{i}/{j}")
  File "/home/ubuntu/OpenVoice/job.py", line 201, in clone_voice
    return(convert_color(projectfolder))
  File "/home/ubuntu/OpenVoice/job.py", line 277, in convert_color
    target_se, audio_name = se_extractor.get_se(ref_audio_path, tone_color_converter, vad=False)
  File "/home/ubuntu/OpenVoice/openvoice/se_extractor.py", line 146, in get_se
    wavs_folder = split_audio_whisper(audio_path, target_dir=target_dir, audio_name=audio_name)
  File "/home/ubuntu/OpenVoice/openvoice/se_extractor.py", line 29, in split_audio_whisper
    segments = list(segments)
  File "/home/ubuntu/miniconda3/envs/openvoice/lib/python3.9/site-packages/faster_whisper/transcribe.py", line 433, in generate_segments
    ) = self.generate_with_fallback(encoder_output, prompt, tokenizer, options)
  File "/home/ubuntu/miniconda3/envs/openvoice/lib/python3.9/site-packages/faster_whisper/transcribe.py", line 641, in generate_with_fallback
    result = self.model.generate(
RuntimeError: CUDA failed with error out of memory
Traceback (most recent call last):
  File "/home/ubuntu/OpenVoice/job.py", line 334, in <module>
    clone_voice(f"./projects/{i}/{j}")
  File "/home/ubuntu/OpenVoice/job.py", line 201, in clone_voice
    return(convert_color(projectfolder))
  File "/home/ubuntu/OpenVoice/job.py", line 277, in convert_color
    target_se, audio_name = se_extractor.get_se(ref_audio_path, tone_color_converter, vad=False)
  File "/home/ubuntu/OpenVoice/openvoice/se_extractor.py", line 146, in get_se
    wavs_folder = split_audio_whisper(audio_path, target_dir=target_dir, audio_name=audio_name)
  File "/home/ubuntu/OpenVoice/openvoice/se_extractor.py", line 29, in split_audio_whisper
    segments = list(segments)
  File "/home/ubuntu/miniconda3/envs/openvoice/lib/python3.9/site-packages/faster_whisper/transcribe.py", line 433, in generate_segments
    ) = self.generate_with_fallback(encoder_output, prompt, tokenizer, options)
  File "/home/ubuntu/miniconda3/envs/openvoice/lib/python3.9/site-packages/faster_whisper/transcribe.py", line 641, in generate_with_fallback
    result = self.model.generate(
RuntimeError: CUDA failed with error out of memory
Traceback (most recent call last):
  File "/home/ubuntu/OpenVoice/job.py", line 334, in <module>
    clone_voice(f"./projects/{i}/{j}")
  File "/home/ubuntu/OpenVoice/job.py", line 201, in clone_voice
    return(convert_color(projectfolder))
  File "/home/ubuntu/OpenVoice/job.py", line 277, in convert_color
    target_se, audio_name = se_extractor.get_se(ref_audio_path, tone_color_converter, vad=False)
  File "/home/ubuntu/OpenVoice/openvoice/se_extractor.py", line 150, in get_se
    raise NotImplementedError('No audio segments found!')
NotImplementedError: No audio segments found!
Traceback (most recent call last):
  File "/home/ubuntu/OpenVoice/job.py", line 334, in <module>
    clone_voice(f"./projects/{i}/{j}")
  File "/home/ubuntu/OpenVoice/job.py", line 201, in clone_voice
    return(convert_color(projectfolder))
  File "/home/ubuntu/OpenVoice/job.py", line 277, in convert_color
    target_se, audio_name = se_extractor.get_se(ref_audio_path, tone_color_converter, vad=False)
  File "/home/ubuntu/OpenVoice/openvoice/se_extractor.py", line 150, in get_se
    raise NotImplementedError('No audio segments found!')
NotImplementedError: No audio segments found!
Traceback (most recent call last):
  File "/home/ubuntu/OpenVoice/job.py", line 334, in <module>
    clone_voice(f"./projects/{i}/{j}")
  File "/home/ubuntu/OpenVoice/job.py", line 201, in clone_voice
    return(convert_color(projectfolder))
  File "/home/ubuntu/OpenVoice/job.py", line 277, in convert_color
    target_se, audio_name = se_extractor.get_se(ref_audio_path, tone_color_converter, vad=False)
  File "/home/ubuntu/OpenVoice/openvoice/se_extractor.py", line 150, in get_se
    raise NotImplementedError('No audio segments found!')
NotImplementedError: No audio segments found!
Traceback (most recent call last):
  File "/home/ubuntu/OpenVoice/job.py", line 334, in <module>
    clone_voice(f"./projects/{i}/{j}")
  File "/home/ubuntu/OpenVoice/job.py", line 201, in clone_voice
    return(convert_color(projectfolder))
  File "/home/ubuntu/OpenVoice/job.py", line 277, in convert_color
    target_se, audio_name = se_extractor.get_se(ref_audio_path, tone_color_converter, vad=False)
  File "/home/ubuntu/OpenVoice/openvoice/se_extractor.py", line 146, in get_se
    wavs_folder = split_audio_whisper(audio_path, target_dir=target_dir, audio_name=audio_name)
  File "/home/ubuntu/OpenVoice/openvoice/se_extractor.py", line 29, in split_audio_whisper
    segments = list(segments)
  File "/home/ubuntu/miniconda3/envs/openvoice/lib/python3.9/site-packages/faster_whisper/transcribe.py", line 433, in generate_segments
    ) = self.generate_with_fallback(encoder_output, prompt, tokenizer, options)
  File "/home/ubuntu/miniconda3/envs/openvoice/lib/python3.9/site-packages/faster_whisper/transcribe.py", line 641, in generate_with_fallback
    result = self.model.generate(
RuntimeError: CUDA failed with error out of memory
Traceback (most recent call last):
  File "/home/ubuntu/OpenVoice/job.py", line 334, in <module>
    clone_voice(f"./projects/{i}/{j}")
  File "/home/ubuntu/OpenVoice/job.py", line 201, in clone_voice
    return(convert_color(projectfolder))
  File "/home/ubuntu/OpenVoice/job.py", line 277, in convert_color
    target_se, audio_name = se_extractor.get_se(ref_audio_path, tone_color_converter, vad=False)
  File "/home/ubuntu/OpenVoice/openvoice/se_extractor.py", line 146, in get_se
    wavs_folder = split_audio_whisper(audio_path, target_dir=target_dir, audio_name=audio_name)
  File "/home/ubuntu/OpenVoice/openvoice/se_extractor.py", line 29, in split_audio_whisper
    segments = list(segments)
  File "/home/ubuntu/miniconda3/envs/openvoice/lib/python3.9/site-packages/faster_whisper/transcribe.py", line 433, in generate_segments
    ) = self.generate_with_fallback(encoder_output, prompt, tokenizer, options)
  File "/home/ubuntu/miniconda3/envs/openvoice/lib/python3.9/site-packages/faster_whisper/transcribe.py", line 641, in generate_with_fallback
    result = self.model.generate(
RuntimeError: CUDA failed with error out of memory
Traceback (most recent call last):
  File "/home/ubuntu/OpenVoice/job.py", line 334, in <module>
    clone_voice(f"./projects/{i}/{j}")
  File "/home/ubuntu/OpenVoice/job.py", line 201, in clone_voice
    return(convert_color(projectfolder))
  File "/home/ubuntu/OpenVoice/job.py", line 277, in convert_color
    target_se, audio_name = se_extractor.get_se(ref_audio_path, tone_color_converter, vad=False)
  File "/home/ubuntu/OpenVoice/openvoice/se_extractor.py", line 146, in get_se
    wavs_folder = split_audio_whisper(audio_path, target_dir=target_dir, audio_name=audio_name)
  File "/home/ubuntu/OpenVoice/openvoice/se_extractor.py", line 29, in split_audio_whisper
    segments = list(segments)
  File "/home/ubuntu/miniconda3/envs/openvoice/lib/python3.9/site-packages/faster_whisper/transcribe.py", line 433, in generate_segments
    ) = self.generate_with_fallback(encoder_output, prompt, tokenizer, options)
  File "/home/ubuntu/miniconda3/envs/openvoice/lib/python3.9/site-packages/faster_whisper/transcribe.py", line 641, in generate_with_fallback
    result = self.model.generate(
RuntimeError: CUDA failed with error out of memory
Traceback (most recent call last):
  File "/home/ubuntu/OpenVoice/job.py", line 334, in <module>
    clone_voice(f"./projects/{i}/{j}")
  File "/home/ubuntu/OpenVoice/job.py", line 201, in clone_voice
    return(convert_color(projectfolder))
  File "/home/ubuntu/OpenVoice/job.py", line 277, in convert_color
    target_se, audio_name = se_extractor.get_se(ref_audio_path, tone_color_converter, vad=False)
  File "/home/ubuntu/OpenVoice/openvoice/se_extractor.py", line 146, in get_se
    wavs_folder = split_audio_whisper(audio_path, target_dir=target_dir, audio_name=audio_name)
  File "/home/ubuntu/OpenVoice/openvoice/se_extractor.py", line 29, in split_audio_whisper
    segments = list(segments)
  File "/home/ubuntu/miniconda3/envs/openvoice/lib/python3.9/site-packages/faster_whisper/transcribe.py", line 433, in generate_segments
    ) = self.generate_with_fallback(encoder_output, prompt, tokenizer, options)
  File "/home/ubuntu/miniconda3/envs/openvoice/lib/python3.9/site-packages/faster_whisper/transcribe.py", line 641, in generate_with_fallback
    result = self.model.generate(
RuntimeError: CUDA failed with error out of memory
Traceback (most recent call last):
  File "/home/ubuntu/OpenVoice/job.py", line 334, in <module>
    clone_voice(f"./projects/{i}/{j}")
  File "/home/ubuntu/OpenVoice/job.py", line 201, in clone_voice
    return(convert_color(projectfolder))
  File "/home/ubuntu/OpenVoice/job.py", line 277, in convert_color
    target_se, audio_name = se_extractor.get_se(ref_audio_path, tone_color_converter, vad=False)
  File "/home/ubuntu/OpenVoice/openvoice/se_extractor.py", line 146, in get_se
    wavs_folder = split_audio_whisper(audio_path, target_dir=target_dir, audio_name=audio_name)
  File "/home/ubuntu/OpenVoice/openvoice/se_extractor.py", line 29, in split_audio_whisper
    segments = list(segments)
  File "/home/ubuntu/miniconda3/envs/openvoice/lib/python3.9/site-packages/faster_whisper/transcribe.py", line 433, in generate_segments
    ) = self.generate_with_fallback(encoder_output, prompt, tokenizer, options)
  File "/home/ubuntu/miniconda3/envs/openvoice/lib/python3.9/site-packages/faster_whisper/transcribe.py", line 641, in generate_with_fallback
    result = self.model.generate(
RuntimeError: CUDA failed with error out of memory
Traceback (most recent call last):
  File "/home/ubuntu/OpenVoice/job.py", line 334, in <module>
    clone_voice(f"./projects/{i}/{j}")
  File "/home/ubuntu/OpenVoice/job.py", line 201, in clone_voice
    return(convert_color(projectfolder))
  File "/home/ubuntu/OpenVoice/job.py", line 277, in convert_color
    target_se, audio_name = se_extractor.get_se(ref_audio_path, tone_color_converter, vad=False)
  File "/home/ubuntu/OpenVoice/openvoice/se_extractor.py", line 146, in get_se
    wavs_folder = split_audio_whisper(audio_path, target_dir=target_dir, audio_name=audio_name)
  File "/home/ubuntu/OpenVoice/openvoice/se_extractor.py", line 29, in split_audio_whisper
    segments = list(segments)
  File "/home/ubuntu/miniconda3/envs/openvoice/lib/python3.9/site-packages/faster_whisper/transcribe.py", line 433, in generate_segments
    ) = self.generate_with_fallback(encoder_output, prompt, tokenizer, options)
  File "/home/ubuntu/miniconda3/envs/openvoice/lib/python3.9/site-packages/faster_whisper/transcribe.py", line 641, in generate_with_fallback
    result = self.model.generate(
RuntimeError: CUDA failed with error out of memory
Traceback (most recent call last):
  File "/home/ubuntu/OpenVoice/job.py", line 334, in <module>
    clone_voice(f"./projects/{i}/{j}")
  File "/home/ubuntu/OpenVoice/job.py", line 201, in clone_voice
    return(convert_color(projectfolder))
  File "/home/ubuntu/OpenVoice/job.py", line 277, in convert_color
    target_se, audio_name = se_extractor.get_se(ref_audio_path, tone_color_converter, vad=False)
  File "/home/ubuntu/OpenVoice/openvoice/se_extractor.py", line 146, in get_se
    wavs_folder = split_audio_whisper(audio_path, target_dir=target_dir, audio_name=audio_name)
  File "/home/ubuntu/OpenVoice/openvoice/se_extractor.py", line 29, in split_audio_whisper
    segments = list(segments)
  File "/home/ubuntu/miniconda3/envs/openvoice/lib/python3.9/site-packages/faster_whisper/transcribe.py", line 433, in generate_segments
    ) = self.generate_with_fallback(encoder_output, prompt, tokenizer, options)
  File "/home/ubuntu/miniconda3/envs/openvoice/lib/python3.9/site-packages/faster_whisper/transcribe.py", line 641, in generate_with_fallback
    result = self.model.generate(
RuntimeError: CUDA failed with error out of memory
Traceback (most recent call last):
  File "/home/ubuntu/OpenVoice/job.py", line 334, in <module>
    clone_voice(f"./projects/{i}/{j}")
  File "/home/ubuntu/OpenVoice/job.py", line 201, in clone_voice
    return(convert_color(projectfolder))
  File "/home/ubuntu/OpenVoice/job.py", line 277, in convert_color
    target_se, audio_name = se_extractor.get_se(ref_audio_path, tone_color_converter, vad=False)
  File "/home/ubuntu/OpenVoice/openvoice/se_extractor.py", line 146, in get_se
    wavs_folder = split_audio_whisper(audio_path, target_dir=target_dir, audio_name=audio_name)
  File "/home/ubuntu/OpenVoice/openvoice/se_extractor.py", line 29, in split_audio_whisper
    segments = list(segments)
  File "/home/ubuntu/miniconda3/envs/openvoice/lib/python3.9/site-packages/faster_whisper/transcribe.py", line 433, in generate_segments
    ) = self.generate_with_fallback(encoder_output, prompt, tokenizer, options)
  File "/home/ubuntu/miniconda3/envs/openvoice/lib/python3.9/site-packages/faster_whisper/transcribe.py", line 641, in generate_with_fallback
    result = self.model.generate(
RuntimeError: CUDA failed with error out of memory
Traceback (most recent call last):
  File "/home/ubuntu/OpenVoice/job.py", line 334, in <module>
    clone_voice(f"./projects/{i}/{j}")
  File "/home/ubuntu/OpenVoice/job.py", line 201, in clone_voice
    return(convert_color(projectfolder))
  File "/home/ubuntu/OpenVoice/job.py", line 277, in convert_color
    target_se, audio_name = se_extractor.get_se(ref_audio_path, tone_color_converter, vad=False)
  File "/home/ubuntu/OpenVoice/openvoice/se_extractor.py", line 146, in get_se
    wavs_folder = split_audio_whisper(audio_path, target_dir=target_dir, audio_name=audio_name)
  File "/home/ubuntu/OpenVoice/openvoice/se_extractor.py", line 29, in split_audio_whisper
    segments = list(segments)
  File "/home/ubuntu/miniconda3/envs/openvoice/lib/python3.9/site-packages/faster_whisper/transcribe.py", line 433, in generate_segments
    ) = self.generate_with_fallback(encoder_output, prompt, tokenizer, options)
  File "/home/ubuntu/miniconda3/envs/openvoice/lib/python3.9/site-packages/faster_whisper/transcribe.py", line 641, in generate_with_fallback
    result = self.model.generate(
RuntimeError: CUDA failed with error out of memory
Traceback (most recent call last):
  File "/home/ubuntu/OpenVoice/job.py", line 334, in <module>
    clone_voice(f"./projects/{i}/{j}")
  File "/home/ubuntu/OpenVoice/job.py", line 201, in clone_voice
    return(convert_color(projectfolder))
  File "/home/ubuntu/OpenVoice/job.py", line 277, in convert_color
    target_se, audio_name = se_extractor.get_se(ref_audio_path, tone_color_converter, vad=False)
  File "/home/ubuntu/OpenVoice/openvoice/se_extractor.py", line 146, in get_se
    wavs_folder = split_audio_whisper(audio_path, target_dir=target_dir, audio_name=audio_name)
  File "/home/ubuntu/OpenVoice/openvoice/se_extractor.py", line 29, in split_audio_whisper
    segments = list(segments)
  File "/home/ubuntu/miniconda3/envs/openvoice/lib/python3.9/site-packages/faster_whisper/transcribe.py", line 433, in generate_segments
    ) = self.generate_with_fallback(encoder_output, prompt, tokenizer, options)
  File "/home/ubuntu/miniconda3/envs/openvoice/lib/python3.9/site-packages/faster_whisper/transcribe.py", line 641, in generate_with_fallback
    result = self.model.generate(
RuntimeError: CUDA failed with error out of memory
Traceback (most recent call last):
  File "/home/ubuntu/OpenVoice/job.py", line 334, in <module>
    clone_voice(f"./projects/{i}/{j}")
  File "/home/ubuntu/OpenVoice/job.py", line 201, in clone_voice
    return(convert_color(projectfolder))
  File "/home/ubuntu/OpenVoice/job.py", line 277, in convert_color
    target_se, audio_name = se_extractor.get_se(ref_audio_path, tone_color_converter, vad=False)
  File "/home/ubuntu/OpenVoice/openvoice/se_extractor.py", line 146, in get_se
    wavs_folder = split_audio_whisper(audio_path, target_dir=target_dir, audio_name=audio_name)
  File "/home/ubuntu/OpenVoice/openvoice/se_extractor.py", line 29, in split_audio_whisper
    segments = list(segments)
  File "/home/ubuntu/miniconda3/envs/openvoice/lib/python3.9/site-packages/faster_whisper/transcribe.py", line 433, in generate_segments
    ) = self.generate_with_fallback(encoder_output, prompt, tokenizer, options)
  File "/home/ubuntu/miniconda3/envs/openvoice/lib/python3.9/site-packages/faster_whisper/transcribe.py", line 641, in generate_with_fallback
    result = self.model.generate(
RuntimeError: CUDA failed with error out of memory
Traceback (most recent call last):
  File "/home/ubuntu/OpenVoice/job.py", line 334, in <module>
    clone_voice(f"./projects/{i}/{j}")
  File "/home/ubuntu/OpenVoice/job.py", line 201, in clone_voice
    return(convert_color(projectfolder))
  File "/home/ubuntu/OpenVoice/job.py", line 277, in convert_color
    target_se, audio_name = se_extractor.get_se(ref_audio_path, tone_color_converter, vad=False)
  File "/home/ubuntu/OpenVoice/openvoice/se_extractor.py", line 146, in get_se
    wavs_folder = split_audio_whisper(audio_path, target_dir=target_dir, audio_name=audio_name)
  File "/home/ubuntu/OpenVoice/openvoice/se_extractor.py", line 29, in split_audio_whisper
    segments = list(segments)
  File "/home/ubuntu/miniconda3/envs/openvoice/lib/python3.9/site-packages/faster_whisper/transcribe.py", line 433, in generate_segments
    ) = self.generate_with_fallback(encoder_output, prompt, tokenizer, options)
  File "/home/ubuntu/miniconda3/envs/openvoice/lib/python3.9/site-packages/faster_whisper/transcribe.py", line 641, in generate_with_fallback
    result = self.model.generate(
RuntimeError: CUDA failed with error out of memory
Traceback (most recent call last):
  File "/home/ubuntu/OpenVoice/job.py", line 334, in <module>
    clone_voice(f"./projects/{i}/{j}")
  File "/home/ubuntu/OpenVoice/job.py", line 201, in clone_voice
    return(convert_color(projectfolder))
  File "/home/ubuntu/OpenVoice/job.py", line 277, in convert_color
    target_se, audio_name = se_extractor.get_se(ref_audio_path, tone_color_converter, vad=False)
  File "/home/ubuntu/OpenVoice/openvoice/se_extractor.py", line 146, in get_se
    wavs_folder = split_audio_whisper(audio_path, target_dir=target_dir, audio_name=audio_name)
  File "/home/ubuntu/OpenVoice/openvoice/se_extractor.py", line 29, in split_audio_whisper
    segments = list(segments)
  File "/home/ubuntu/miniconda3/envs/openvoice/lib/python3.9/site-packages/faster_whisper/transcribe.py", line 433, in generate_segments
    ) = self.generate_with_fallback(encoder_output, prompt, tokenizer, options)
  File "/home/ubuntu/miniconda3/envs/openvoice/lib/python3.9/site-packages/faster_whisper/transcribe.py", line 641, in generate_with_fallback
    result = self.model.generate(
RuntimeError: CUDA failed with error out of memory
Traceback (most recent call last):
  File "/home/ubuntu/OpenVoice/job.py", line 334, in <module>
    clone_voice(f"./projects/{i}/{j}")
  File "/home/ubuntu/OpenVoice/job.py", line 201, in clone_voice
    return(convert_color(projectfolder))
  File "/home/ubuntu/OpenVoice/job.py", line 277, in convert_color
    target_se, audio_name = se_extractor.get_se(ref_audio_path, tone_color_converter, vad=False)
  File "/home/ubuntu/OpenVoice/openvoice/se_extractor.py", line 146, in get_se
    wavs_folder = split_audio_whisper(audio_path, target_dir=target_dir, audio_name=audio_name)
  File "/home/ubuntu/OpenVoice/openvoice/se_extractor.py", line 29, in split_audio_whisper
    segments = list(segments)
  File "/home/ubuntu/miniconda3/envs/openvoice/lib/python3.9/site-packages/faster_whisper/transcribe.py", line 433, in generate_segments
    ) = self.generate_with_fallback(encoder_output, prompt, tokenizer, options)
  File "/home/ubuntu/miniconda3/envs/openvoice/lib/python3.9/site-packages/faster_whisper/transcribe.py", line 641, in generate_with_fallback
    result = self.model.generate(
RuntimeError: CUDA failed with error out of memory
Traceback (most recent call last):
  File "/home/ubuntu/OpenVoice/job.py", line 334, in <module>
    clone_voice(f"./projects/{i}/{j}")
  File "/home/ubuntu/OpenVoice/job.py", line 201, in clone_voice
    return(convert_color(projectfolder))
  File "/home/ubuntu/OpenVoice/job.py", line 277, in convert_color
    target_se, audio_name = se_extractor.get_se(ref_audio_path, tone_color_converter, vad=False)
  File "/home/ubuntu/OpenVoice/openvoice/se_extractor.py", line 146, in get_se
    wavs_folder = split_audio_whisper(audio_path, target_dir=target_dir, audio_name=audio_name)
  File "/home/ubuntu/OpenVoice/openvoice/se_extractor.py", line 29, in split_audio_whisper
    segments = list(segments)
  File "/home/ubuntu/miniconda3/envs/openvoice/lib/python3.9/site-packages/faster_whisper/transcribe.py", line 433, in generate_segments
    ) = self.generate_with_fallback(encoder_output, prompt, tokenizer, options)
  File "/home/ubuntu/miniconda3/envs/openvoice/lib/python3.9/site-packages/faster_whisper/transcribe.py", line 641, in generate_with_fallback
    result = self.model.generate(
RuntimeError: CUDA failed with error out of memory
Traceback (most recent call last):
  File "/home/ubuntu/OpenVoice/job.py", line 334, in <module>
    clone_voice(f"./projects/{i}/{j}")
  File "/home/ubuntu/OpenVoice/job.py", line 201, in clone_voice
    return(convert_color(projectfolder))
  File "/home/ubuntu/OpenVoice/job.py", line 277, in convert_color
    target_se, audio_name = se_extractor.get_se(ref_audio_path, tone_color_converter, vad=False)
  File "/home/ubuntu/OpenVoice/openvoice/se_extractor.py", line 146, in get_se
    wavs_folder = split_audio_whisper(audio_path, target_dir=target_dir, audio_name=audio_name)
  File "/home/ubuntu/OpenVoice/openvoice/se_extractor.py", line 29, in split_audio_whisper
    segments = list(segments)
  File "/home/ubuntu/miniconda3/envs/openvoice/lib/python3.9/site-packages/faster_whisper/transcribe.py", line 433, in generate_segments
    ) = self.generate_with_fallback(encoder_output, prompt, tokenizer, options)
  File "/home/ubuntu/miniconda3/envs/openvoice/lib/python3.9/site-packages/faster_whisper/transcribe.py", line 641, in generate_with_fallback
    result = self.model.generate(
RuntimeError: CUDA failed with error out of memory
Traceback (most recent call last):
  File "/home/ubuntu/OpenVoice/job.py", line 334, in <module>
    clone_voice(f"./projects/{i}/{j}")
  File "/home/ubuntu/OpenVoice/job.py", line 201, in clone_voice
    return(convert_color(projectfolder))
  File "/home/ubuntu/OpenVoice/job.py", line 277, in convert_color
    target_se, audio_name = se_extractor.get_se(ref_audio_path, tone_color_converter, vad=False)
  File "/home/ubuntu/OpenVoice/openvoice/se_extractor.py", line 146, in get_se
    wavs_folder = split_audio_whisper(audio_path, target_dir=target_dir, audio_name=audio_name)
  File "/home/ubuntu/OpenVoice/openvoice/se_extractor.py", line 29, in split_audio_whisper
    segments = list(segments)
  File "/home/ubuntu/miniconda3/envs/openvoice/lib/python3.9/site-packages/faster_whisper/transcribe.py", line 433, in generate_segments
    ) = self.generate_with_fallback(encoder_output, prompt, tokenizer, options)
  File "/home/ubuntu/miniconda3/envs/openvoice/lib/python3.9/site-packages/faster_whisper/transcribe.py", line 641, in generate_with_fallback
    result = self.model.generate(
RuntimeError: CUDA failed with error out of memory
Traceback (most recent call last):
  File "/home/ubuntu/OpenVoice/job.py", line 334, in <module>
    clone_voice(f"./projects/{i}/{j}")
  File "/home/ubuntu/OpenVoice/job.py", line 201, in clone_voice
    return(convert_color(projectfolder))
  File "/home/ubuntu/OpenVoice/job.py", line 277, in convert_color
    target_se, audio_name = se_extractor.get_se(ref_audio_path, tone_color_converter, vad=False)
  File "/home/ubuntu/OpenVoice/openvoice/se_extractor.py", line 146, in get_se
    wavs_folder = split_audio_whisper(audio_path, target_dir=target_dir, audio_name=audio_name)
  File "/home/ubuntu/OpenVoice/openvoice/se_extractor.py", line 29, in split_audio_whisper
    segments = list(segments)
  File "/home/ubuntu/miniconda3/envs/openvoice/lib/python3.9/site-packages/faster_whisper/transcribe.py", line 433, in generate_segments
    ) = self.generate_with_fallback(encoder_output, prompt, tokenizer, options)
  File "/home/ubuntu/miniconda3/envs/openvoice/lib/python3.9/site-packages/faster_whisper/transcribe.py", line 641, in generate_with_fallback
    result = self.model.generate(
RuntimeError: CUDA failed with error out of memory
Traceback (most recent call last):
  File "/home/ubuntu/OpenVoice/job.py", line 334, in <module>
    clone_voice(f"./projects/{i}/{j}")
  File "/home/ubuntu/OpenVoice/job.py", line 201, in clone_voice
    return(convert_color(projectfolder))
  File "/home/ubuntu/OpenVoice/job.py", line 277, in convert_color
    target_se, audio_name = se_extractor.get_se(ref_audio_path, tone_color_converter, vad=False)
  File "/home/ubuntu/OpenVoice/openvoice/se_extractor.py", line 146, in get_se
    wavs_folder = split_audio_whisper(audio_path, target_dir=target_dir, audio_name=audio_name)
  File "/home/ubuntu/OpenVoice/openvoice/se_extractor.py", line 29, in split_audio_whisper
    segments = list(segments)
  File "/home/ubuntu/miniconda3/envs/openvoice/lib/python3.9/site-packages/faster_whisper/transcribe.py", line 433, in generate_segments
    ) = self.generate_with_fallback(encoder_output, prompt, tokenizer, options)
  File "/home/ubuntu/miniconda3/envs/openvoice/lib/python3.9/site-packages/faster_whisper/transcribe.py", line 641, in generate_with_fallback
    result = self.model.generate(
RuntimeError: CUDA failed with error out of memory
Traceback (most recent call last):
  File "/home/ubuntu/OpenVoice/job.py", line 334, in <module>
    clone_voice(f"./projects/{i}/{j}")
  File "/home/ubuntu/OpenVoice/job.py", line 201, in clone_voice
    return(convert_color(projectfolder))
  File "/home/ubuntu/OpenVoice/job.py", line 277, in convert_color
    target_se, audio_name = se_extractor.get_se(ref_audio_path, tone_color_converter, vad=False)
  File "/home/ubuntu/OpenVoice/openvoice/se_extractor.py", line 146, in get_se
    wavs_folder = split_audio_whisper(audio_path, target_dir=target_dir, audio_name=audio_name)
  File "/home/ubuntu/OpenVoice/openvoice/se_extractor.py", line 29, in split_audio_whisper
    segments = list(segments)
  File "/home/ubuntu/miniconda3/envs/openvoice/lib/python3.9/site-packages/faster_whisper/transcribe.py", line 433, in generate_segments
    ) = self.generate_with_fallback(encoder_output, prompt, tokenizer, options)
  File "/home/ubuntu/miniconda3/envs/openvoice/lib/python3.9/site-packages/faster_whisper/transcribe.py", line 641, in generate_with_fallback
    result = self.model.generate(
RuntimeError: CUDA failed with error out of memory
Traceback (most recent call last):
  File "/home/ubuntu/OpenVoice/job.py", line 334, in <module>
    clone_voice(f"./projects/{i}/{j}")
  File "/home/ubuntu/OpenVoice/job.py", line 201, in clone_voice
    return(convert_color(projectfolder))
  File "/home/ubuntu/OpenVoice/job.py", line 277, in convert_color
    target_se, audio_name = se_extractor.get_se(ref_audio_path, tone_color_converter, vad=False)
  File "/home/ubuntu/OpenVoice/openvoice/se_extractor.py", line 146, in get_se
    wavs_folder = split_audio_whisper(audio_path, target_dir=target_dir, audio_name=audio_name)
  File "/home/ubuntu/OpenVoice/openvoice/se_extractor.py", line 29, in split_audio_whisper
    segments = list(segments)
  File "/home/ubuntu/miniconda3/envs/openvoice/lib/python3.9/site-packages/faster_whisper/transcribe.py", line 433, in generate_segments
    ) = self.generate_with_fallback(encoder_output, prompt, tokenizer, options)
  File "/home/ubuntu/miniconda3/envs/openvoice/lib/python3.9/site-packages/faster_whisper/transcribe.py", line 641, in generate_with_fallback
    result = self.model.generate(
RuntimeError: CUDA failed with error out of memory
Traceback (most recent call last):
  File "/home/ubuntu/OpenVoice/job.py", line 334, in <module>
    clone_voice(f"./projects/{i}/{j}")
  File "/home/ubuntu/OpenVoice/job.py", line 201, in clone_voice
    return(convert_color(projectfolder))
  File "/home/ubuntu/OpenVoice/job.py", line 277, in convert_color
    target_se, audio_name = se_extractor.get_se(ref_audio_path, tone_color_converter, vad=False)
  File "/home/ubuntu/OpenVoice/openvoice/se_extractor.py", line 150, in get_se
    raise NotImplementedError('No audio segments found!')
NotImplementedError: No audio segments found!
Traceback (most recent call last):
  File "/home/ubuntu/OpenVoice/job.py", line 334, in <module>
    clone_voice(f"./projects/{i}/{j}")
  File "/home/ubuntu/OpenVoice/job.py", line 201, in clone_voice
    return(convert_color(projectfolder))
  File "/home/ubuntu/OpenVoice/job.py", line 277, in convert_color
    target_se, audio_name = se_extractor.get_se(ref_audio_path, tone_color_converter, vad=False)
  File "/home/ubuntu/OpenVoice/openvoice/se_extractor.py", line 146, in get_se
    wavs_folder = split_audio_whisper(audio_path, target_dir=target_dir, audio_name=audio_name)
  File "/home/ubuntu/OpenVoice/openvoice/se_extractor.py", line 29, in split_audio_whisper
    segments = list(segments)
  File "/home/ubuntu/miniconda3/envs/openvoice/lib/python3.9/site-packages/faster_whisper/transcribe.py", line 433, in generate_segments
    ) = self.generate_with_fallback(encoder_output, prompt, tokenizer, options)
  File "/home/ubuntu/miniconda3/envs/openvoice/lib/python3.9/site-packages/faster_whisper/transcribe.py", line 641, in generate_with_fallback
    result = self.model.generate(
RuntimeError: CUDA failed with error out of memory
Traceback (most recent call last):
  File "/home/ubuntu/OpenVoice/job.py", line 334, in <module>
    clone_voice(f"./projects/{i}/{j}")
  File "/home/ubuntu/OpenVoice/job.py", line 201, in clone_voice
    return(convert_color(projectfolder))
  File "/home/ubuntu/OpenVoice/job.py", line 277, in convert_color
    target_se, audio_name = se_extractor.get_se(ref_audio_path, tone_color_converter, vad=False)
  File "/home/ubuntu/OpenVoice/openvoice/se_extractor.py", line 146, in get_se
    wavs_folder = split_audio_whisper(audio_path, target_dir=target_dir, audio_name=audio_name)
  File "/home/ubuntu/OpenVoice/openvoice/se_extractor.py", line 29, in split_audio_whisper
    segments = list(segments)
  File "/home/ubuntu/miniconda3/envs/openvoice/lib/python3.9/site-packages/faster_whisper/transcribe.py", line 433, in generate_segments
    ) = self.generate_with_fallback(encoder_output, prompt, tokenizer, options)
  File "/home/ubuntu/miniconda3/envs/openvoice/lib/python3.9/site-packages/faster_whisper/transcribe.py", line 641, in generate_with_fallback
    result = self.model.generate(
RuntimeError: CUDA failed with error out of memory
Traceback (most recent call last):
  File "/home/ubuntu/OpenVoice/job.py", line 334, in <module>
    clone_voice(f"./projects/{i}/{j}")
  File "/home/ubuntu/OpenVoice/job.py", line 201, in clone_voice
    return(convert_color(projectfolder))
  File "/home/ubuntu/OpenVoice/job.py", line 277, in convert_color
    target_se, audio_name = se_extractor.get_se(ref_audio_path, tone_color_converter, vad=False)
  File "/home/ubuntu/OpenVoice/openvoice/se_extractor.py", line 146, in get_se
    wavs_folder = split_audio_whisper(audio_path, target_dir=target_dir, audio_name=audio_name)
  File "/home/ubuntu/OpenVoice/openvoice/se_extractor.py", line 29, in split_audio_whisper
    segments = list(segments)
  File "/home/ubuntu/miniconda3/envs/openvoice/lib/python3.9/site-packages/faster_whisper/transcribe.py", line 433, in generate_segments
    ) = self.generate_with_fallback(encoder_output, prompt, tokenizer, options)
  File "/home/ubuntu/miniconda3/envs/openvoice/lib/python3.9/site-packages/faster_whisper/transcribe.py", line 641, in generate_with_fallback
    result = self.model.generate(
RuntimeError: CUDA failed with error out of memory
Traceback (most recent call last):
  File "/home/ubuntu/OpenVoice/job.py", line 334, in <module>
    clone_voice(f"./projects/{i}/{j}")
  File "/home/ubuntu/OpenVoice/job.py", line 201, in clone_voice
    return(convert_color(projectfolder))
  File "/home/ubuntu/OpenVoice/job.py", line 277, in convert_color
    target_se, audio_name = se_extractor.get_se(ref_audio_path, tone_color_converter, vad=False)
  File "/home/ubuntu/OpenVoice/openvoice/se_extractor.py", line 146, in get_se
    wavs_folder = split_audio_whisper(audio_path, target_dir=target_dir, audio_name=audio_name)
  File "/home/ubuntu/OpenVoice/openvoice/se_extractor.py", line 29, in split_audio_whisper
    segments = list(segments)
  File "/home/ubuntu/miniconda3/envs/openvoice/lib/python3.9/site-packages/faster_whisper/transcribe.py", line 433, in generate_segments
    ) = self.generate_with_fallback(encoder_output, prompt, tokenizer, options)
  File "/home/ubuntu/miniconda3/envs/openvoice/lib/python3.9/site-packages/faster_whisper/transcribe.py", line 641, in generate_with_fallback
    result = self.model.generate(
RuntimeError: CUDA failed with error out of memory
Traceback (most recent call last):
  File "/home/ubuntu/OpenVoice/job.py", line 334, in <module>
    clone_voice(f"./projects/{i}/{j}")
  File "/home/ubuntu/OpenVoice/job.py", line 201, in clone_voice
    return(convert_color(projectfolder))
  File "/home/ubuntu/OpenVoice/job.py", line 277, in convert_color
    target_se, audio_name = se_extractor.get_se(ref_audio_path, tone_color_converter, vad=False)
  File "/home/ubuntu/OpenVoice/openvoice/se_extractor.py", line 146, in get_se
    wavs_folder = split_audio_whisper(audio_path, target_dir=target_dir, audio_name=audio_name)
  File "/home/ubuntu/OpenVoice/openvoice/se_extractor.py", line 29, in split_audio_whisper
    segments = list(segments)
  File "/home/ubuntu/miniconda3/envs/openvoice/lib/python3.9/site-packages/faster_whisper/transcribe.py", line 433, in generate_segments
    ) = self.generate_with_fallback(encoder_output, prompt, tokenizer, options)
  File "/home/ubuntu/miniconda3/envs/openvoice/lib/python3.9/site-packages/faster_whisper/transcribe.py", line 641, in generate_with_fallback
    result = self.model.generate(
RuntimeError: CUDA failed with error out of memory
Traceback (most recent call last):
  File "/home/ubuntu/OpenVoice/job.py", line 334, in <module>
    clone_voice(f"./projects/{i}/{j}")
  File "/home/ubuntu/OpenVoice/job.py", line 201, in clone_voice
    return(convert_color(projectfolder))
  File "/home/ubuntu/OpenVoice/job.py", line 277, in convert_color
    target_se, audio_name = se_extractor.get_se(ref_audio_path, tone_color_converter, vad=False)
  File "/home/ubuntu/OpenVoice/openvoice/se_extractor.py", line 146, in get_se
    wavs_folder = split_audio_whisper(audio_path, target_dir=target_dir, audio_name=audio_name)
  File "/home/ubuntu/OpenVoice/openvoice/se_extractor.py", line 29, in split_audio_whisper
    segments = list(segments)
  File "/home/ubuntu/miniconda3/envs/openvoice/lib/python3.9/site-packages/faster_whisper/transcribe.py", line 433, in generate_segments
    ) = self.generate_with_fallback(encoder_output, prompt, tokenizer, options)
  File "/home/ubuntu/miniconda3/envs/openvoice/lib/python3.9/site-packages/faster_whisper/transcribe.py", line 641, in generate_with_fallback
    result = self.model.generate(
RuntimeError: CUDA failed with error out of memory
Traceback (most recent call last):
  File "/home/ubuntu/OpenVoice/job.py", line 334, in <module>
    clone_voice(f"./projects/{i}/{j}")
  File "/home/ubuntu/OpenVoice/job.py", line 201, in clone_voice
    return(convert_color(projectfolder))
  File "/home/ubuntu/OpenVoice/job.py", line 277, in convert_color
    target_se, audio_name = se_extractor.get_se(ref_audio_path, tone_color_converter, vad=False)
  File "/home/ubuntu/OpenVoice/openvoice/se_extractor.py", line 146, in get_se
    wavs_folder = split_audio_whisper(audio_path, target_dir=target_dir, audio_name=audio_name)
  File "/home/ubuntu/OpenVoice/openvoice/se_extractor.py", line 29, in split_audio_whisper
    segments = list(segments)
  File "/home/ubuntu/miniconda3/envs/openvoice/lib/python3.9/site-packages/faster_whisper/transcribe.py", line 433, in generate_segments
    ) = self.generate_with_fallback(encoder_output, prompt, tokenizer, options)
  File "/home/ubuntu/miniconda3/envs/openvoice/lib/python3.9/site-packages/faster_whisper/transcribe.py", line 641, in generate_with_fallback
    result = self.model.generate(
RuntimeError: CUDA failed with error out of memory
Traceback (most recent call last):
  File "/home/ubuntu/OpenVoice/job.py", line 334, in <module>
    clone_voice(f"./projects/{i}/{j}")
  File "/home/ubuntu/OpenVoice/job.py", line 201, in clone_voice
    return(convert_color(projectfolder))
  File "/home/ubuntu/OpenVoice/job.py", line 277, in convert_color
    target_se, audio_name = se_extractor.get_se(ref_audio_path, tone_color_converter, vad=False)
  File "/home/ubuntu/OpenVoice/openvoice/se_extractor.py", line 146, in get_se
    wavs_folder = split_audio_whisper(audio_path, target_dir=target_dir, audio_name=audio_name)
  File "/home/ubuntu/OpenVoice/openvoice/se_extractor.py", line 29, in split_audio_whisper
    segments = list(segments)
  File "/home/ubuntu/miniconda3/envs/openvoice/lib/python3.9/site-packages/faster_whisper/transcribe.py", line 433, in generate_segments
    ) = self.generate_with_fallback(encoder_output, prompt, tokenizer, options)
  File "/home/ubuntu/miniconda3/envs/openvoice/lib/python3.9/site-packages/faster_whisper/transcribe.py", line 641, in generate_with_fallback
    result = self.model.generate(
RuntimeError: CUDA failed with error out of memory
Traceback (most recent call last):
  File "/home/ubuntu/OpenVoice/job.py", line 334, in <module>
    clone_voice(f"./projects/{i}/{j}")
  File "/home/ubuntu/OpenVoice/job.py", line 201, in clone_voice
    return(convert_color(projectfolder))
  File "/home/ubuntu/OpenVoice/job.py", line 277, in convert_color
    target_se, audio_name = se_extractor.get_se(ref_audio_path, tone_color_converter, vad=False)
  File "/home/ubuntu/OpenVoice/openvoice/se_extractor.py", line 146, in get_se
    wavs_folder = split_audio_whisper(audio_path, target_dir=target_dir, audio_name=audio_name)
  File "/home/ubuntu/OpenVoice/openvoice/se_extractor.py", line 29, in split_audio_whisper
    segments = list(segments)
  File "/home/ubuntu/miniconda3/envs/openvoice/lib/python3.9/site-packages/faster_whisper/transcribe.py", line 433, in generate_segments
    ) = self.generate_with_fallback(encoder_output, prompt, tokenizer, options)
  File "/home/ubuntu/miniconda3/envs/openvoice/lib/python3.9/site-packages/faster_whisper/transcribe.py", line 641, in generate_with_fallback
    result = self.model.generate(
RuntimeError: CUDA failed with error out of memory
Traceback (most recent call last):
  File "/home/ubuntu/OpenVoice/job.py", line 334, in <module>
    clone_voice(f"./projects/{i}/{j}")
  File "/home/ubuntu/OpenVoice/job.py", line 201, in clone_voice
    return(convert_color(projectfolder))
  File "/home/ubuntu/OpenVoice/job.py", line 277, in convert_color
    target_se, audio_name = se_extractor.get_se(ref_audio_path, tone_color_converter, vad=False)
  File "/home/ubuntu/OpenVoice/openvoice/se_extractor.py", line 146, in get_se
    wavs_folder = split_audio_whisper(audio_path, target_dir=target_dir, audio_name=audio_name)
  File "/home/ubuntu/OpenVoice/openvoice/se_extractor.py", line 29, in split_audio_whisper
    segments = list(segments)
  File "/home/ubuntu/miniconda3/envs/openvoice/lib/python3.9/site-packages/faster_whisper/transcribe.py", line 433, in generate_segments
    ) = self.generate_with_fallback(encoder_output, prompt, tokenizer, options)
  File "/home/ubuntu/miniconda3/envs/openvoice/lib/python3.9/site-packages/faster_whisper/transcribe.py", line 641, in generate_with_fallback
    result = self.model.generate(
RuntimeError: CUDA failed with error out of memory
Traceback (most recent call last):
  File "/home/ubuntu/OpenVoice/job.py", line 334, in <module>
    clone_voice(f"./projects/{i}/{j}")
  File "/home/ubuntu/OpenVoice/job.py", line 201, in clone_voice
    return(convert_color(projectfolder))
  File "/home/ubuntu/OpenVoice/job.py", line 277, in convert_color
    target_se, audio_name = se_extractor.get_se(ref_audio_path, tone_color_converter, vad=False)
  File "/home/ubuntu/OpenVoice/openvoice/se_extractor.py", line 146, in get_se
    wavs_folder = split_audio_whisper(audio_path, target_dir=target_dir, audio_name=audio_name)
  File "/home/ubuntu/OpenVoice/openvoice/se_extractor.py", line 29, in split_audio_whisper
    segments = list(segments)
  File "/home/ubuntu/miniconda3/envs/openvoice/lib/python3.9/site-packages/faster_whisper/transcribe.py", line 433, in generate_segments
    ) = self.generate_with_fallback(encoder_output, prompt, tokenizer, options)
  File "/home/ubuntu/miniconda3/envs/openvoice/lib/python3.9/site-packages/faster_whisper/transcribe.py", line 641, in generate_with_fallback
    result = self.model.generate(
RuntimeError: CUDA failed with error out of memory
Traceback (most recent call last):
  File "/home/ubuntu/OpenVoice/job.py", line 334, in <module>
    clone_voice(f"./projects/{i}/{j}")
  File "/home/ubuntu/OpenVoice/job.py", line 201, in clone_voice
    return(convert_color(projectfolder))
  File "/home/ubuntu/OpenVoice/job.py", line 277, in convert_color
    target_se, audio_name = se_extractor.get_se(ref_audio_path, tone_color_converter, vad=False)
  File "/home/ubuntu/OpenVoice/openvoice/se_extractor.py", line 146, in get_se
    wavs_folder = split_audio_whisper(audio_path, target_dir=target_dir, audio_name=audio_name)
  File "/home/ubuntu/OpenVoice/openvoice/se_extractor.py", line 29, in split_audio_whisper
    segments = list(segments)
  File "/home/ubuntu/miniconda3/envs/openvoice/lib/python3.9/site-packages/faster_whisper/transcribe.py", line 433, in generate_segments
    ) = self.generate_with_fallback(encoder_output, prompt, tokenizer, options)
  File "/home/ubuntu/miniconda3/envs/openvoice/lib/python3.9/site-packages/faster_whisper/transcribe.py", line 641, in generate_with_fallback
    result = self.model.generate(
RuntimeError: CUDA failed with error out of memory
Traceback (most recent call last):
  File "/home/ubuntu/OpenVoice/job.py", line 334, in <module>
    clone_voice(f"./projects/{i}/{j}")
  File "/home/ubuntu/OpenVoice/job.py", line 201, in clone_voice
    return(convert_color(projectfolder))
  File "/home/ubuntu/OpenVoice/job.py", line 277, in convert_color
    target_se, audio_name = se_extractor.get_se(ref_audio_path, tone_color_converter, vad=False)
  File "/home/ubuntu/OpenVoice/openvoice/se_extractor.py", line 146, in get_se
    wavs_folder = split_audio_whisper(audio_path, target_dir=target_dir, audio_name=audio_name)
  File "/home/ubuntu/OpenVoice/openvoice/se_extractor.py", line 29, in split_audio_whisper
    segments = list(segments)
  File "/home/ubuntu/miniconda3/envs/openvoice/lib/python3.9/site-packages/faster_whisper/transcribe.py", line 433, in generate_segments
    ) = self.generate_with_fallback(encoder_output, prompt, tokenizer, options)
  File "/home/ubuntu/miniconda3/envs/openvoice/lib/python3.9/site-packages/faster_whisper/transcribe.py", line 641, in generate_with_fallback
    result = self.model.generate(
RuntimeError: CUDA failed with error out of memory
Traceback (most recent call last):
  File "/home/ubuntu/OpenVoice/job.py", line 334, in <module>
    clone_voice(f"./projects/{i}/{j}")
  File "/home/ubuntu/OpenVoice/job.py", line 201, in clone_voice
    return(convert_color(projectfolder))
  File "/home/ubuntu/OpenVoice/job.py", line 277, in convert_color
    target_se, audio_name = se_extractor.get_se(ref_audio_path, tone_color_converter, vad=False)
  File "/home/ubuntu/OpenVoice/openvoice/se_extractor.py", line 146, in get_se
    wavs_folder = split_audio_whisper(audio_path, target_dir=target_dir, audio_name=audio_name)
  File "/home/ubuntu/OpenVoice/openvoice/se_extractor.py", line 29, in split_audio_whisper
    segments = list(segments)
  File "/home/ubuntu/miniconda3/envs/openvoice/lib/python3.9/site-packages/faster_whisper/transcribe.py", line 433, in generate_segments
    ) = self.generate_with_fallback(encoder_output, prompt, tokenizer, options)
  File "/home/ubuntu/miniconda3/envs/openvoice/lib/python3.9/site-packages/faster_whisper/transcribe.py", line 641, in generate_with_fallback
    result = self.model.generate(
RuntimeError: CUDA failed with error out of memory
Traceback (most recent call last):
  File "/home/ubuntu/OpenVoice/job.py", line 334, in <module>
    clone_voice(f"./projects/{i}/{j}")
  File "/home/ubuntu/OpenVoice/job.py", line 201, in clone_voice
    return(convert_color(projectfolder))
  File "/home/ubuntu/OpenVoice/job.py", line 277, in convert_color
    target_se, audio_name = se_extractor.get_se(ref_audio_path, tone_color_converter, vad=False)
  File "/home/ubuntu/OpenVoice/openvoice/se_extractor.py", line 146, in get_se
    wavs_folder = split_audio_whisper(audio_path, target_dir=target_dir, audio_name=audio_name)
  File "/home/ubuntu/OpenVoice/openvoice/se_extractor.py", line 29, in split_audio_whisper
    segments = list(segments)
  File "/home/ubuntu/miniconda3/envs/openvoice/lib/python3.9/site-packages/faster_whisper/transcribe.py", line 433, in generate_segments
    ) = self.generate_with_fallback(encoder_output, prompt, tokenizer, options)
  File "/home/ubuntu/miniconda3/envs/openvoice/lib/python3.9/site-packages/faster_whisper/transcribe.py", line 641, in generate_with_fallback
    result = self.model.generate(
RuntimeError: CUDA failed with error out of memory
Traceback (most recent call last):
  File "/home/ubuntu/OpenVoice/job.py", line 334, in <module>
    clone_voice(f"./projects/{i}/{j}")
  File "/home/ubuntu/OpenVoice/job.py", line 201, in clone_voice
    return(convert_color(projectfolder))
  File "/home/ubuntu/OpenVoice/job.py", line 277, in convert_color
    target_se, audio_name = se_extractor.get_se(ref_audio_path, tone_color_converter, vad=False)
  File "/home/ubuntu/OpenVoice/openvoice/se_extractor.py", line 146, in get_se
    wavs_folder = split_audio_whisper(audio_path, target_dir=target_dir, audio_name=audio_name)
  File "/home/ubuntu/OpenVoice/openvoice/se_extractor.py", line 29, in split_audio_whisper
    segments = list(segments)
  File "/home/ubuntu/miniconda3/envs/openvoice/lib/python3.9/site-packages/faster_whisper/transcribe.py", line 433, in generate_segments
    ) = self.generate_with_fallback(encoder_output, prompt, tokenizer, options)
  File "/home/ubuntu/miniconda3/envs/openvoice/lib/python3.9/site-packages/faster_whisper/transcribe.py", line 641, in generate_with_fallback
    result = self.model.generate(
RuntimeError: CUDA failed with error out of memory
Traceback (most recent call last):
  File "/home/ubuntu/OpenVoice/job.py", line 334, in <module>
    clone_voice(f"./projects/{i}/{j}")
  File "/home/ubuntu/OpenVoice/job.py", line 201, in clone_voice
    return(convert_color(projectfolder))
  File "/home/ubuntu/OpenVoice/job.py", line 277, in convert_color
    target_se, audio_name = se_extractor.get_se(ref_audio_path, tone_color_converter, vad=False)
  File "/home/ubuntu/OpenVoice/openvoice/se_extractor.py", line 146, in get_se
    wavs_folder = split_audio_whisper(audio_path, target_dir=target_dir, audio_name=audio_name)
  File "/home/ubuntu/OpenVoice/openvoice/se_extractor.py", line 29, in split_audio_whisper
    segments = list(segments)
  File "/home/ubuntu/miniconda3/envs/openvoice/lib/python3.9/site-packages/faster_whisper/transcribe.py", line 433, in generate_segments
    ) = self.generate_with_fallback(encoder_output, prompt, tokenizer, options)
  File "/home/ubuntu/miniconda3/envs/openvoice/lib/python3.9/site-packages/faster_whisper/transcribe.py", line 641, in generate_with_fallback
    result = self.model.generate(
RuntimeError: CUDA failed with error out of memory
Traceback (most recent call last):
  File "/home/ubuntu/OpenVoice/job.py", line 334, in <module>
    clone_voice(f"./projects/{i}/{j}")
  File "/home/ubuntu/OpenVoice/job.py", line 201, in clone_voice
    return(convert_color(projectfolder))
  File "/home/ubuntu/OpenVoice/job.py", line 277, in convert_color
    target_se, audio_name = se_extractor.get_se(ref_audio_path, tone_color_converter, vad=False)
  File "/home/ubuntu/OpenVoice/openvoice/se_extractor.py", line 146, in get_se
    wavs_folder = split_audio_whisper(audio_path, target_dir=target_dir, audio_name=audio_name)
  File "/home/ubuntu/OpenVoice/openvoice/se_extractor.py", line 29, in split_audio_whisper
    segments = list(segments)
  File "/home/ubuntu/miniconda3/envs/openvoice/lib/python3.9/site-packages/faster_whisper/transcribe.py", line 433, in generate_segments
    ) = self.generate_with_fallback(encoder_output, prompt, tokenizer, options)
  File "/home/ubuntu/miniconda3/envs/openvoice/lib/python3.9/site-packages/faster_whisper/transcribe.py", line 641, in generate_with_fallback
    result = self.model.generate(
RuntimeError: CUDA failed with error out of memory
Traceback (most recent call last):
  File "/home/ubuntu/OpenVoice/job.py", line 334, in <module>
    clone_voice(f"./projects/{i}/{j}")
  File "/home/ubuntu/OpenVoice/job.py", line 201, in clone_voice
    return(convert_color(projectfolder))
  File "/home/ubuntu/OpenVoice/job.py", line 277, in convert_color
    target_se, audio_name = se_extractor.get_se(ref_audio_path, tone_color_converter, vad=False)
  File "/home/ubuntu/OpenVoice/openvoice/se_extractor.py", line 146, in get_se
    wavs_folder = split_audio_whisper(audio_path, target_dir=target_dir, audio_name=audio_name)
  File "/home/ubuntu/OpenVoice/openvoice/se_extractor.py", line 29, in split_audio_whisper
    segments = list(segments)
  File "/home/ubuntu/miniconda3/envs/openvoice/lib/python3.9/site-packages/faster_whisper/transcribe.py", line 433, in generate_segments
    ) = self.generate_with_fallback(encoder_output, prompt, tokenizer, options)
  File "/home/ubuntu/miniconda3/envs/openvoice/lib/python3.9/site-packages/faster_whisper/transcribe.py", line 641, in generate_with_fallback
    result = self.model.generate(
RuntimeError: CUDA failed with error out of memory
Traceback (most recent call last):
  File "/home/ubuntu/OpenVoice/job.py", line 334, in <module>
    clone_voice(f"./projects/{i}/{j}")
  File "/home/ubuntu/OpenVoice/job.py", line 201, in clone_voice
    return(convert_color(projectfolder))
  File "/home/ubuntu/OpenVoice/job.py", line 277, in convert_color
    target_se, audio_name = se_extractor.get_se(ref_audio_path, tone_color_converter, vad=False)
  File "/home/ubuntu/OpenVoice/openvoice/se_extractor.py", line 146, in get_se
    wavs_folder = split_audio_whisper(audio_path, target_dir=target_dir, audio_name=audio_name)
  File "/home/ubuntu/OpenVoice/openvoice/se_extractor.py", line 29, in split_audio_whisper
    segments = list(segments)
  File "/home/ubuntu/miniconda3/envs/openvoice/lib/python3.9/site-packages/faster_whisper/transcribe.py", line 433, in generate_segments
    ) = self.generate_with_fallback(encoder_output, prompt, tokenizer, options)
  File "/home/ubuntu/miniconda3/envs/openvoice/lib/python3.9/site-packages/faster_whisper/transcribe.py", line 641, in generate_with_fallback
    result = self.model.generate(
RuntimeError: CUDA failed with error out of memory
Traceback (most recent call last):
  File "/home/ubuntu/OpenVoice/job.py", line 334, in <module>
    clone_voice(f"./projects/{i}/{j}")
  File "/home/ubuntu/OpenVoice/job.py", line 201, in clone_voice
    return(convert_color(projectfolder))
  File "/home/ubuntu/OpenVoice/job.py", line 277, in convert_color
    target_se, audio_name = se_extractor.get_se(ref_audio_path, tone_color_converter, vad=False)
  File "/home/ubuntu/OpenVoice/openvoice/se_extractor.py", line 146, in get_se
    wavs_folder = split_audio_whisper(audio_path, target_dir=target_dir, audio_name=audio_name)
  File "/home/ubuntu/OpenVoice/openvoice/se_extractor.py", line 29, in split_audio_whisper
    segments = list(segments)
  File "/home/ubuntu/miniconda3/envs/openvoice/lib/python3.9/site-packages/faster_whisper/transcribe.py", line 433, in generate_segments
    ) = self.generate_with_fallback(encoder_output, prompt, tokenizer, options)
  File "/home/ubuntu/miniconda3/envs/openvoice/lib/python3.9/site-packages/faster_whisper/transcribe.py", line 641, in generate_with_fallback
    result = self.model.generate(
RuntimeError: CUDA failed with error out of memory
Traceback (most recent call last):
  File "/home/ubuntu/OpenVoice/job.py", line 334, in <module>
    clone_voice(f"./projects/{i}/{j}")
  File "/home/ubuntu/OpenVoice/job.py", line 201, in clone_voice
    return(convert_color(projectfolder))
  File "/home/ubuntu/OpenVoice/job.py", line 277, in convert_color
    target_se, audio_name = se_extractor.get_se(ref_audio_path, tone_color_converter, vad=False)
  File "/home/ubuntu/OpenVoice/openvoice/se_extractor.py", line 146, in get_se
    wavs_folder = split_audio_whisper(audio_path, target_dir=target_dir, audio_name=audio_name)
  File "/home/ubuntu/OpenVoice/openvoice/se_extractor.py", line 29, in split_audio_whisper
    segments = list(segments)
  File "/home/ubuntu/miniconda3/envs/openvoice/lib/python3.9/site-packages/faster_whisper/transcribe.py", line 433, in generate_segments
    ) = self.generate_with_fallback(encoder_output, prompt, tokenizer, options)
  File "/home/ubuntu/miniconda3/envs/openvoice/lib/python3.9/site-packages/faster_whisper/transcribe.py", line 641, in generate_with_fallback
    result = self.model.generate(
RuntimeError: CUDA failed with error out of memory
Traceback (most recent call last):
  File "/home/ubuntu/OpenVoice/job.py", line 334, in <module>
    clone_voice(f"./projects/{i}/{j}")
  File "/home/ubuntu/OpenVoice/job.py", line 201, in clone_voice
    return(convert_color(projectfolder))
  File "/home/ubuntu/OpenVoice/job.py", line 277, in convert_color
    target_se, audio_name = se_extractor.get_se(ref_audio_path, tone_color_converter, vad=False)
  File "/home/ubuntu/OpenVoice/openvoice/se_extractor.py", line 146, in get_se
    wavs_folder = split_audio_whisper(audio_path, target_dir=target_dir, audio_name=audio_name)
  File "/home/ubuntu/OpenVoice/openvoice/se_extractor.py", line 29, in split_audio_whisper
    segments = list(segments)
  File "/home/ubuntu/miniconda3/envs/openvoice/lib/python3.9/site-packages/faster_whisper/transcribe.py", line 433, in generate_segments
    ) = self.generate_with_fallback(encoder_output, prompt, tokenizer, options)
  File "/home/ubuntu/miniconda3/envs/openvoice/lib/python3.9/site-packages/faster_whisper/transcribe.py", line 641, in generate_with_fallback
    result = self.model.generate(
RuntimeError: CUDA failed with error out of memory
Traceback (most recent call last):
  File "/home/ubuntu/OpenVoice/job.py", line 334, in <module>
    clone_voice(f"./projects/{i}/{j}")
  File "/home/ubuntu/OpenVoice/job.py", line 201, in clone_voice
    return(convert_color(projectfolder))
  File "/home/ubuntu/OpenVoice/job.py", line 277, in convert_color
    target_se, audio_name = se_extractor.get_se(ref_audio_path, tone_color_converter, vad=False)
  File "/home/ubuntu/OpenVoice/openvoice/se_extractor.py", line 146, in get_se
    wavs_folder = split_audio_whisper(audio_path, target_dir=target_dir, audio_name=audio_name)
  File "/home/ubuntu/OpenVoice/openvoice/se_extractor.py", line 29, in split_audio_whisper
    segments = list(segments)
  File "/home/ubuntu/miniconda3/envs/openvoice/lib/python3.9/site-packages/faster_whisper/transcribe.py", line 433, in generate_segments
    ) = self.generate_with_fallback(encoder_output, prompt, tokenizer, options)
  File "/home/ubuntu/miniconda3/envs/openvoice/lib/python3.9/site-packages/faster_whisper/transcribe.py", line 641, in generate_with_fallback
    result = self.model.generate(
RuntimeError: CUDA failed with error out of memory
Traceback (most recent call last):
  File "/home/ubuntu/OpenVoice/job.py", line 334, in <module>
    clone_voice(f"./projects/{i}/{j}")
  File "/home/ubuntu/OpenVoice/job.py", line 201, in clone_voice
    return(convert_color(projectfolder))
  File "/home/ubuntu/OpenVoice/job.py", line 277, in convert_color
    target_se, audio_name = se_extractor.get_se(ref_audio_path, tone_color_converter, vad=False)
  File "/home/ubuntu/OpenVoice/openvoice/se_extractor.py", line 146, in get_se
    wavs_folder = split_audio_whisper(audio_path, target_dir=target_dir, audio_name=audio_name)
  File "/home/ubuntu/OpenVoice/openvoice/se_extractor.py", line 29, in split_audio_whisper
    segments = list(segments)
  File "/home/ubuntu/miniconda3/envs/openvoice/lib/python3.9/site-packages/faster_whisper/transcribe.py", line 433, in generate_segments
    ) = self.generate_with_fallback(encoder_output, prompt, tokenizer, options)
  File "/home/ubuntu/miniconda3/envs/openvoice/lib/python3.9/site-packages/faster_whisper/transcribe.py", line 641, in generate_with_fallback
    result = self.model.generate(
RuntimeError: CUDA failed with error out of memory
Traceback (most recent call last):
  File "/home/ubuntu/OpenVoice/job.py", line 334, in <module>
    clone_voice(f"./projects/{i}/{j}")
  File "/home/ubuntu/OpenVoice/job.py", line 201, in clone_voice
    return(convert_color(projectfolder))
  File "/home/ubuntu/OpenVoice/job.py", line 277, in convert_color
    target_se, audio_name = se_extractor.get_se(ref_audio_path, tone_color_converter, vad=False)
  File "/home/ubuntu/OpenVoice/openvoice/se_extractor.py", line 146, in get_se
    wavs_folder = split_audio_whisper(audio_path, target_dir=target_dir, audio_name=audio_name)
  File "/home/ubuntu/OpenVoice/openvoice/se_extractor.py", line 29, in split_audio_whisper
    segments = list(segments)
  File "/home/ubuntu/miniconda3/envs/openvoice/lib/python3.9/site-packages/faster_whisper/transcribe.py", line 433, in generate_segments
    ) = self.generate_with_fallback(encoder_output, prompt, tokenizer, options)
  File "/home/ubuntu/miniconda3/envs/openvoice/lib/python3.9/site-packages/faster_whisper/transcribe.py", line 641, in generate_with_fallback
    result = self.model.generate(
RuntimeError: CUDA failed with error out of memory
Traceback (most recent call last):
  File "/home/ubuntu/OpenVoice/job.py", line 334, in <module>
    clone_voice(f"./projects/{i}/{j}")
  File "/home/ubuntu/OpenVoice/job.py", line 201, in clone_voice
    return(convert_color(projectfolder))
  File "/home/ubuntu/OpenVoice/job.py", line 277, in convert_color
    target_se, audio_name = se_extractor.get_se(ref_audio_path, tone_color_converter, vad=False)
  File "/home/ubuntu/OpenVoice/openvoice/se_extractor.py", line 146, in get_se
    wavs_folder = split_audio_whisper(audio_path, target_dir=target_dir, audio_name=audio_name)
  File "/home/ubuntu/OpenVoice/openvoice/se_extractor.py", line 29, in split_audio_whisper
    segments = list(segments)
  File "/home/ubuntu/miniconda3/envs/openvoice/lib/python3.9/site-packages/faster_whisper/transcribe.py", line 433, in generate_segments
    ) = self.generate_with_fallback(encoder_output, prompt, tokenizer, options)
  File "/home/ubuntu/miniconda3/envs/openvoice/lib/python3.9/site-packages/faster_whisper/transcribe.py", line 641, in generate_with_fallback
    result = self.model.generate(
RuntimeError: CUDA failed with error out of memory
Traceback (most recent call last):
  File "/home/ubuntu/OpenVoice/job.py", line 334, in <module>
    clone_voice(f"./projects/{i}/{j}")
  File "/home/ubuntu/OpenVoice/job.py", line 201, in clone_voice
    return(convert_color(projectfolder))
  File "/home/ubuntu/OpenVoice/job.py", line 277, in convert_color
    target_se, audio_name = se_extractor.get_se(ref_audio_path, tone_color_converter, vad=False)
  File "/home/ubuntu/OpenVoice/openvoice/se_extractor.py", line 146, in get_se
    wavs_folder = split_audio_whisper(audio_path, target_dir=target_dir, audio_name=audio_name)
  File "/home/ubuntu/OpenVoice/openvoice/se_extractor.py", line 29, in split_audio_whisper
    segments = list(segments)
  File "/home/ubuntu/miniconda3/envs/openvoice/lib/python3.9/site-packages/faster_whisper/transcribe.py", line 433, in generate_segments
    ) = self.generate_with_fallback(encoder_output, prompt, tokenizer, options)
  File "/home/ubuntu/miniconda3/envs/openvoice/lib/python3.9/site-packages/faster_whisper/transcribe.py", line 641, in generate_with_fallback
    result = self.model.generate(
RuntimeError: CUDA failed with error out of memory
Traceback (most recent call last):
  File "/home/ubuntu/OpenVoice/job.py", line 334, in <module>
    clone_voice(f"./projects/{i}/{j}")
  File "/home/ubuntu/OpenVoice/job.py", line 201, in clone_voice
    return(convert_color(projectfolder))
  File "/home/ubuntu/OpenVoice/job.py", line 277, in convert_color
    target_se, audio_name = se_extractor.get_se(ref_audio_path, tone_color_converter, vad=False)
  File "/home/ubuntu/OpenVoice/openvoice/se_extractor.py", line 146, in get_se
    wavs_folder = split_audio_whisper(audio_path, target_dir=target_dir, audio_name=audio_name)
  File "/home/ubuntu/OpenVoice/openvoice/se_extractor.py", line 29, in split_audio_whisper
    segments = list(segments)
  File "/home/ubuntu/miniconda3/envs/openvoice/lib/python3.9/site-packages/faster_whisper/transcribe.py", line 433, in generate_segments
    ) = self.generate_with_fallback(encoder_output, prompt, tokenizer, options)
  File "/home/ubuntu/miniconda3/envs/openvoice/lib/python3.9/site-packages/faster_whisper/transcribe.py", line 641, in generate_with_fallback
    result = self.model.generate(
RuntimeError: CUDA failed with error out of memory
Traceback (most recent call last):
  File "/home/ubuntu/OpenVoice/job.py", line 334, in <module>
    clone_voice(f"./projects/{i}/{j}")
  File "/home/ubuntu/OpenVoice/job.py", line 201, in clone_voice
    return(convert_color(projectfolder))
  File "/home/ubuntu/OpenVoice/job.py", line 277, in convert_color
    target_se, audio_name = se_extractor.get_se(ref_audio_path, tone_color_converter, vad=False)
  File "/home/ubuntu/OpenVoice/openvoice/se_extractor.py", line 146, in get_se
    wavs_folder = split_audio_whisper(audio_path, target_dir=target_dir, audio_name=audio_name)
  File "/home/ubuntu/OpenVoice/openvoice/se_extractor.py", line 29, in split_audio_whisper
    segments = list(segments)
  File "/home/ubuntu/miniconda3/envs/openvoice/lib/python3.9/site-packages/faster_whisper/transcribe.py", line 433, in generate_segments
    ) = self.generate_with_fallback(encoder_output, prompt, tokenizer, options)
  File "/home/ubuntu/miniconda3/envs/openvoice/lib/python3.9/site-packages/faster_whisper/transcribe.py", line 641, in generate_with_fallback
    result = self.model.generate(
RuntimeError: CUDA failed with error out of memory
Traceback (most recent call last):
  File "/home/ubuntu/OpenVoice/job.py", line 334, in <module>
    clone_voice(f"./projects/{i}/{j}")
  File "/home/ubuntu/OpenVoice/job.py", line 201, in clone_voice
    return(convert_color(projectfolder))
  File "/home/ubuntu/OpenVoice/job.py", line 277, in convert_color
    target_se, audio_name = se_extractor.get_se(ref_audio_path, tone_color_converter, vad=False)
  File "/home/ubuntu/OpenVoice/openvoice/se_extractor.py", line 146, in get_se
    wavs_folder = split_audio_whisper(audio_path, target_dir=target_dir, audio_name=audio_name)
  File "/home/ubuntu/OpenVoice/openvoice/se_extractor.py", line 29, in split_audio_whisper
    segments = list(segments)
  File "/home/ubuntu/miniconda3/envs/openvoice/lib/python3.9/site-packages/faster_whisper/transcribe.py", line 433, in generate_segments
    ) = self.generate_with_fallback(encoder_output, prompt, tokenizer, options)
  File "/home/ubuntu/miniconda3/envs/openvoice/lib/python3.9/site-packages/faster_whisper/transcribe.py", line 641, in generate_with_fallback
    result = self.model.generate(
RuntimeError: CUDA failed with error out of memory
Traceback (most recent call last):
  File "/home/ubuntu/OpenVoice/job.py", line 334, in <module>
    clone_voice(f"./projects/{i}/{j}")
  File "/home/ubuntu/OpenVoice/job.py", line 201, in clone_voice
    return(convert_color(projectfolder))
  File "/home/ubuntu/OpenVoice/job.py", line 277, in convert_color
    target_se, audio_name = se_extractor.get_se(ref_audio_path, tone_color_converter, vad=False)
  File "/home/ubuntu/OpenVoice/openvoice/se_extractor.py", line 146, in get_se
    wavs_folder = split_audio_whisper(audio_path, target_dir=target_dir, audio_name=audio_name)
  File "/home/ubuntu/OpenVoice/openvoice/se_extractor.py", line 29, in split_audio_whisper
    segments = list(segments)
  File "/home/ubuntu/miniconda3/envs/openvoice/lib/python3.9/site-packages/faster_whisper/transcribe.py", line 433, in generate_segments
    ) = self.generate_with_fallback(encoder_output, prompt, tokenizer, options)
  File "/home/ubuntu/miniconda3/envs/openvoice/lib/python3.9/site-packages/faster_whisper/transcribe.py", line 641, in generate_with_fallback
    result = self.model.generate(
RuntimeError: CUDA failed with error out of memory
Traceback (most recent call last):
  File "/home/ubuntu/OpenVoice/job.py", line 334, in <module>
    clone_voice(f"./projects/{i}/{j}")
  File "/home/ubuntu/OpenVoice/job.py", line 201, in clone_voice
    return(convert_color(projectfolder))
  File "/home/ubuntu/OpenVoice/job.py", line 277, in convert_color
    target_se, audio_name = se_extractor.get_se(ref_audio_path, tone_color_converter, vad=False)
  File "/home/ubuntu/OpenVoice/openvoice/se_extractor.py", line 146, in get_se
    wavs_folder = split_audio_whisper(audio_path, target_dir=target_dir, audio_name=audio_name)
  File "/home/ubuntu/OpenVoice/openvoice/se_extractor.py", line 29, in split_audio_whisper
    segments = list(segments)
  File "/home/ubuntu/miniconda3/envs/openvoice/lib/python3.9/site-packages/faster_whisper/transcribe.py", line 433, in generate_segments
    ) = self.generate_with_fallback(encoder_output, prompt, tokenizer, options)
  File "/home/ubuntu/miniconda3/envs/openvoice/lib/python3.9/site-packages/faster_whisper/transcribe.py", line 641, in generate_with_fallback
    result = self.model.generate(
RuntimeError: CUDA failed with error out of memory
Traceback (most recent call last):
  File "/home/ubuntu/OpenVoice/job.py", line 334, in <module>
    clone_voice(f"./projects/{i}/{j}")
  File "/home/ubuntu/OpenVoice/job.py", line 201, in clone_voice
    return(convert_color(projectfolder))
  File "/home/ubuntu/OpenVoice/job.py", line 277, in convert_color
    target_se, audio_name = se_extractor.get_se(ref_audio_path, tone_color_converter, vad=False)
  File "/home/ubuntu/OpenVoice/openvoice/se_extractor.py", line 146, in get_se
    wavs_folder = split_audio_whisper(audio_path, target_dir=target_dir, audio_name=audio_name)
  File "/home/ubuntu/OpenVoice/openvoice/se_extractor.py", line 29, in split_audio_whisper
    segments = list(segments)
  File "/home/ubuntu/miniconda3/envs/openvoice/lib/python3.9/site-packages/faster_whisper/transcribe.py", line 433, in generate_segments
    ) = self.generate_with_fallback(encoder_output, prompt, tokenizer, options)
  File "/home/ubuntu/miniconda3/envs/openvoice/lib/python3.9/site-packages/faster_whisper/transcribe.py", line 641, in generate_with_fallback
    result = self.model.generate(
RuntimeError: CUDA failed with error out of memory
Traceback (most recent call last):
  File "/home/ubuntu/OpenVoice/job.py", line 334, in <module>
    clone_voice(f"./projects/{i}/{j}")
  File "/home/ubuntu/OpenVoice/job.py", line 201, in clone_voice
    return(convert_color(projectfolder))
  File "/home/ubuntu/OpenVoice/job.py", line 277, in convert_color
    target_se, audio_name = se_extractor.get_se(ref_audio_path, tone_color_converter, vad=False)
  File "/home/ubuntu/OpenVoice/openvoice/se_extractor.py", line 146, in get_se
    wavs_folder = split_audio_whisper(audio_path, target_dir=target_dir, audio_name=audio_name)
  File "/home/ubuntu/OpenVoice/openvoice/se_extractor.py", line 29, in split_audio_whisper
    segments = list(segments)
  File "/home/ubuntu/miniconda3/envs/openvoice/lib/python3.9/site-packages/faster_whisper/transcribe.py", line 433, in generate_segments
    ) = self.generate_with_fallback(encoder_output, prompt, tokenizer, options)
  File "/home/ubuntu/miniconda3/envs/openvoice/lib/python3.9/site-packages/faster_whisper/transcribe.py", line 641, in generate_with_fallback
    result = self.model.generate(
RuntimeError: CUDA failed with error out of memory
Traceback (most recent call last):
  File "/home/ubuntu/OpenVoice/job.py", line 334, in <module>
    clone_voice(f"./projects/{i}/{j}")
  File "/home/ubuntu/OpenVoice/job.py", line 201, in clone_voice
    return(convert_color(projectfolder))
  File "/home/ubuntu/OpenVoice/job.py", line 277, in convert_color
    target_se, audio_name = se_extractor.get_se(ref_audio_path, tone_color_converter, vad=False)
  File "/home/ubuntu/OpenVoice/openvoice/se_extractor.py", line 146, in get_se
    wavs_folder = split_audio_whisper(audio_path, target_dir=target_dir, audio_name=audio_name)
  File "/home/ubuntu/OpenVoice/openvoice/se_extractor.py", line 29, in split_audio_whisper
    segments = list(segments)
  File "/home/ubuntu/miniconda3/envs/openvoice/lib/python3.9/site-packages/faster_whisper/transcribe.py", line 433, in generate_segments
    ) = self.generate_with_fallback(encoder_output, prompt, tokenizer, options)
  File "/home/ubuntu/miniconda3/envs/openvoice/lib/python3.9/site-packages/faster_whisper/transcribe.py", line 641, in generate_with_fallback
    result = self.model.generate(
RuntimeError: CUDA failed with error out of memory
Traceback (most recent call last):
  File "/home/ubuntu/OpenVoice/job.py", line 334, in <module>
    clone_voice(f"./projects/{i}/{j}")
  File "/home/ubuntu/OpenVoice/job.py", line 201, in clone_voice
    return(convert_color(projectfolder))
  File "/home/ubuntu/OpenVoice/job.py", line 277, in convert_color
    target_se, audio_name = se_extractor.get_se(ref_audio_path, tone_color_converter, vad=False)
  File "/home/ubuntu/OpenVoice/openvoice/se_extractor.py", line 146, in get_se
    wavs_folder = split_audio_whisper(audio_path, target_dir=target_dir, audio_name=audio_name)
  File "/home/ubuntu/OpenVoice/openvoice/se_extractor.py", line 29, in split_audio_whisper
    segments = list(segments)
  File "/home/ubuntu/miniconda3/envs/openvoice/lib/python3.9/site-packages/faster_whisper/transcribe.py", line 433, in generate_segments
    ) = self.generate_with_fallback(encoder_output, prompt, tokenizer, options)
  File "/home/ubuntu/miniconda3/envs/openvoice/lib/python3.9/site-packages/faster_whisper/transcribe.py", line 641, in generate_with_fallback
    result = self.model.generate(
RuntimeError: CUDA failed with error out of memory
Traceback (most recent call last):
  File "/home/ubuntu/OpenVoice/job.py", line 334, in <module>
    clone_voice(f"./projects/{i}/{j}")
  File "/home/ubuntu/OpenVoice/job.py", line 201, in clone_voice
    return(convert_color(projectfolder))
  File "/home/ubuntu/OpenVoice/job.py", line 277, in convert_color
    target_se, audio_name = se_extractor.get_se(ref_audio_path, tone_color_converter, vad=False)
  File "/home/ubuntu/OpenVoice/openvoice/se_extractor.py", line 146, in get_se
    wavs_folder = split_audio_whisper(audio_path, target_dir=target_dir, audio_name=audio_name)
  File "/home/ubuntu/OpenVoice/openvoice/se_extractor.py", line 29, in split_audio_whisper
    segments = list(segments)
  File "/home/ubuntu/miniconda3/envs/openvoice/lib/python3.9/site-packages/faster_whisper/transcribe.py", line 433, in generate_segments
    ) = self.generate_with_fallback(encoder_output, prompt, tokenizer, options)
  File "/home/ubuntu/miniconda3/envs/openvoice/lib/python3.9/site-packages/faster_whisper/transcribe.py", line 641, in generate_with_fallback
    result = self.model.generate(
RuntimeError: CUDA failed with error out of memory
Traceback (most recent call last):
  File "/home/ubuntu/OpenVoice/job.py", line 334, in <module>
    clone_voice(f"./projects/{i}/{j}")
  File "/home/ubuntu/OpenVoice/job.py", line 201, in clone_voice
    return(convert_color(projectfolder))
  File "/home/ubuntu/OpenVoice/job.py", line 277, in convert_color
    target_se, audio_name = se_extractor.get_se(ref_audio_path, tone_color_converter, vad=False)
  File "/home/ubuntu/OpenVoice/openvoice/se_extractor.py", line 146, in get_se
    wavs_folder = split_audio_whisper(audio_path, target_dir=target_dir, audio_name=audio_name)
  File "/home/ubuntu/OpenVoice/openvoice/se_extractor.py", line 29, in split_audio_whisper
    segments = list(segments)
  File "/home/ubuntu/miniconda3/envs/openvoice/lib/python3.9/site-packages/faster_whisper/transcribe.py", line 433, in generate_segments
    ) = self.generate_with_fallback(encoder_output, prompt, tokenizer, options)
  File "/home/ubuntu/miniconda3/envs/openvoice/lib/python3.9/site-packages/faster_whisper/transcribe.py", line 641, in generate_with_fallback
    result = self.model.generate(
RuntimeError: CUDA failed with error out of memory
Traceback (most recent call last):
  File "/home/ubuntu/OpenVoice/job.py", line 334, in <module>
    clone_voice(f"./projects/{i}/{j}")
  File "/home/ubuntu/OpenVoice/job.py", line 201, in clone_voice
    return(convert_color(projectfolder))
  File "/home/ubuntu/OpenVoice/job.py", line 277, in convert_color
    target_se, audio_name = se_extractor.get_se(ref_audio_path, tone_color_converter, vad=False)
  File "/home/ubuntu/OpenVoice/openvoice/se_extractor.py", line 146, in get_se
    wavs_folder = split_audio_whisper(audio_path, target_dir=target_dir, audio_name=audio_name)
  File "/home/ubuntu/OpenVoice/openvoice/se_extractor.py", line 29, in split_audio_whisper
    segments = list(segments)
  File "/home/ubuntu/miniconda3/envs/openvoice/lib/python3.9/site-packages/faster_whisper/transcribe.py", line 433, in generate_segments
    ) = self.generate_with_fallback(encoder_output, prompt, tokenizer, options)
  File "/home/ubuntu/miniconda3/envs/openvoice/lib/python3.9/site-packages/faster_whisper/transcribe.py", line 641, in generate_with_fallback
    result = self.model.generate(
RuntimeError: CUDA failed with error out of memory
Traceback (most recent call last):
  File "/home/ubuntu/OpenVoice/job.py", line 334, in <module>
    clone_voice(f"./projects/{i}/{j}")
  File "/home/ubuntu/OpenVoice/job.py", line 201, in clone_voice
    return(convert_color(projectfolder))
  File "/home/ubuntu/OpenVoice/job.py", line 277, in convert_color
    target_se, audio_name = se_extractor.get_se(ref_audio_path, tone_color_converter, vad=False)
  File "/home/ubuntu/OpenVoice/openvoice/se_extractor.py", line 146, in get_se
    wavs_folder = split_audio_whisper(audio_path, target_dir=target_dir, audio_name=audio_name)
  File "/home/ubuntu/OpenVoice/openvoice/se_extractor.py", line 29, in split_audio_whisper
    segments = list(segments)
  File "/home/ubuntu/miniconda3/envs/openvoice/lib/python3.9/site-packages/faster_whisper/transcribe.py", line 433, in generate_segments
    ) = self.generate_with_fallback(encoder_output, prompt, tokenizer, options)
  File "/home/ubuntu/miniconda3/envs/openvoice/lib/python3.9/site-packages/faster_whisper/transcribe.py", line 641, in generate_with_fallback
    result = self.model.generate(
RuntimeError: CUDA failed with error out of memory
Traceback (most recent call last):
  File "/home/ubuntu/OpenVoice/job.py", line 334, in <module>
    clone_voice(f"./projects/{i}/{j}")
  File "/home/ubuntu/OpenVoice/job.py", line 201, in clone_voice
    return(convert_color(projectfolder))
  File "/home/ubuntu/OpenVoice/job.py", line 277, in convert_color
    target_se, audio_name = se_extractor.get_se(ref_audio_path, tone_color_converter, vad=False)
  File "/home/ubuntu/OpenVoice/openvoice/se_extractor.py", line 146, in get_se
    wavs_folder = split_audio_whisper(audio_path, target_dir=target_dir, audio_name=audio_name)
  File "/home/ubuntu/OpenVoice/openvoice/se_extractor.py", line 29, in split_audio_whisper
    segments = list(segments)
  File "/home/ubuntu/miniconda3/envs/openvoice/lib/python3.9/site-packages/faster_whisper/transcribe.py", line 433, in generate_segments
    ) = self.generate_with_fallback(encoder_output, prompt, tokenizer, options)
  File "/home/ubuntu/miniconda3/envs/openvoice/lib/python3.9/site-packages/faster_whisper/transcribe.py", line 641, in generate_with_fallback
    result = self.model.generate(
RuntimeError: CUDA failed with error out of memory
Traceback (most recent call last):
  File "/home/ubuntu/OpenVoice/job.py", line 334, in <module>
    clone_voice(f"./projects/{i}/{j}")
  File "/home/ubuntu/OpenVoice/job.py", line 201, in clone_voice
    return(convert_color(projectfolder))
  File "/home/ubuntu/OpenVoice/job.py", line 277, in convert_color
    target_se, audio_name = se_extractor.get_se(ref_audio_path, tone_color_converter, vad=False)
  File "/home/ubuntu/OpenVoice/openvoice/se_extractor.py", line 146, in get_se
    wavs_folder = split_audio_whisper(audio_path, target_dir=target_dir, audio_name=audio_name)
  File "/home/ubuntu/OpenVoice/openvoice/se_extractor.py", line 29, in split_audio_whisper
    segments = list(segments)
  File "/home/ubuntu/miniconda3/envs/openvoice/lib/python3.9/site-packages/faster_whisper/transcribe.py", line 433, in generate_segments
    ) = self.generate_with_fallback(encoder_output, prompt, tokenizer, options)
  File "/home/ubuntu/miniconda3/envs/openvoice/lib/python3.9/site-packages/faster_whisper/transcribe.py", line 641, in generate_with_fallback
    result = self.model.generate(
RuntimeError: CUDA failed with error out of memory
Traceback (most recent call last):
  File "/home/ubuntu/OpenVoice/job.py", line 334, in <module>
    clone_voice(f"./projects/{i}/{j}")
  File "/home/ubuntu/OpenVoice/job.py", line 201, in clone_voice
    return(convert_color(projectfolder))
  File "/home/ubuntu/OpenVoice/job.py", line 277, in convert_color
    target_se, audio_name = se_extractor.get_se(ref_audio_path, tone_color_converter, vad=False)
  File "/home/ubuntu/OpenVoice/openvoice/se_extractor.py", line 146, in get_se
    wavs_folder = split_audio_whisper(audio_path, target_dir=target_dir, audio_name=audio_name)
  File "/home/ubuntu/OpenVoice/openvoice/se_extractor.py", line 29, in split_audio_whisper
    segments = list(segments)
  File "/home/ubuntu/miniconda3/envs/openvoice/lib/python3.9/site-packages/faster_whisper/transcribe.py", line 433, in generate_segments
    ) = self.generate_with_fallback(encoder_output, prompt, tokenizer, options)
  File "/home/ubuntu/miniconda3/envs/openvoice/lib/python3.9/site-packages/faster_whisper/transcribe.py", line 641, in generate_with_fallback
    result = self.model.generate(
RuntimeError: CUDA failed with error out of memory
Traceback (most recent call last):
  File "/home/ubuntu/OpenVoice/job.py", line 334, in <module>
    clone_voice(f"./projects/{i}/{j}")
  File "/home/ubuntu/OpenVoice/job.py", line 201, in clone_voice
    return(convert_color(projectfolder))
  File "/home/ubuntu/OpenVoice/job.py", line 277, in convert_color
    target_se, audio_name = se_extractor.get_se(ref_audio_path, tone_color_converter, vad=False)
  File "/home/ubuntu/OpenVoice/openvoice/se_extractor.py", line 146, in get_se
    wavs_folder = split_audio_whisper(audio_path, target_dir=target_dir, audio_name=audio_name)
  File "/home/ubuntu/OpenVoice/openvoice/se_extractor.py", line 29, in split_audio_whisper
    segments = list(segments)
  File "/home/ubuntu/miniconda3/envs/openvoice/lib/python3.9/site-packages/faster_whisper/transcribe.py", line 433, in generate_segments
    ) = self.generate_with_fallback(encoder_output, prompt, tokenizer, options)
  File "/home/ubuntu/miniconda3/envs/openvoice/lib/python3.9/site-packages/faster_whisper/transcribe.py", line 641, in generate_with_fallback
    result = self.model.generate(
RuntimeError: CUDA failed with error out of memory
Traceback (most recent call last):
  File "/home/ubuntu/OpenVoice/job.py", line 334, in <module>
    clone_voice(f"./projects/{i}/{j}")
  File "/home/ubuntu/OpenVoice/job.py", line 201, in clone_voice
    return(convert_color(projectfolder))
  File "/home/ubuntu/OpenVoice/job.py", line 277, in convert_color
    target_se, audio_name = se_extractor.get_se(ref_audio_path, tone_color_converter, vad=False)
  File "/home/ubuntu/OpenVoice/openvoice/se_extractor.py", line 146, in get_se
    wavs_folder = split_audio_whisper(audio_path, target_dir=target_dir, audio_name=audio_name)
  File "/home/ubuntu/OpenVoice/openvoice/se_extractor.py", line 29, in split_audio_whisper
    segments = list(segments)
  File "/home/ubuntu/miniconda3/envs/openvoice/lib/python3.9/site-packages/faster_whisper/transcribe.py", line 433, in generate_segments
    ) = self.generate_with_fallback(encoder_output, prompt, tokenizer, options)
  File "/home/ubuntu/miniconda3/envs/openvoice/lib/python3.9/site-packages/faster_whisper/transcribe.py", line 641, in generate_with_fallback
    result = self.model.generate(
RuntimeError: CUDA failed with error out of memory
Traceback (most recent call last):
  File "/home/ubuntu/OpenVoice/job.py", line 334, in <module>
    clone_voice(f"./projects/{i}/{j}")
  File "/home/ubuntu/OpenVoice/job.py", line 201, in clone_voice
    return(convert_color(projectfolder))
  File "/home/ubuntu/OpenVoice/job.py", line 277, in convert_color
    target_se, audio_name = se_extractor.get_se(ref_audio_path, tone_color_converter, vad=False)
  File "/home/ubuntu/OpenVoice/openvoice/se_extractor.py", line 146, in get_se
    wavs_folder = split_audio_whisper(audio_path, target_dir=target_dir, audio_name=audio_name)
  File "/home/ubuntu/OpenVoice/openvoice/se_extractor.py", line 29, in split_audio_whisper
    segments = list(segments)
  File "/home/ubuntu/miniconda3/envs/openvoice/lib/python3.9/site-packages/faster_whisper/transcribe.py", line 433, in generate_segments
    ) = self.generate_with_fallback(encoder_output, prompt, tokenizer, options)
  File "/home/ubuntu/miniconda3/envs/openvoice/lib/python3.9/site-packages/faster_whisper/transcribe.py", line 641, in generate_with_fallback
    result = self.model.generate(
RuntimeError: CUDA failed with error out of memory
Traceback (most recent call last):
  File "/home/ubuntu/OpenVoice/job.py", line 334, in <module>
    clone_voice(f"./projects/{i}/{j}")
  File "/home/ubuntu/OpenVoice/job.py", line 201, in clone_voice
    return(convert_color(projectfolder))
  File "/home/ubuntu/OpenVoice/job.py", line 277, in convert_color
    target_se, audio_name = se_extractor.get_se(ref_audio_path, tone_color_converter, vad=False)
  File "/home/ubuntu/OpenVoice/openvoice/se_extractor.py", line 150, in get_se
    raise NotImplementedError('No audio segments found!')
NotImplementedError: No audio segments found!
Traceback (most recent call last):
  File "/home/ubuntu/OpenVoice/job.py", line 334, in <module>
    clone_voice(f"./projects/{i}/{j}")
  File "/home/ubuntu/OpenVoice/job.py", line 201, in clone_voice
    return(convert_color(projectfolder))
  File "/home/ubuntu/OpenVoice/job.py", line 277, in convert_color
    target_se, audio_name = se_extractor.get_se(ref_audio_path, tone_color_converter, vad=False)
  File "/home/ubuntu/OpenVoice/openvoice/se_extractor.py", line 146, in get_se
    wavs_folder = split_audio_whisper(audio_path, target_dir=target_dir, audio_name=audio_name)
  File "/home/ubuntu/OpenVoice/openvoice/se_extractor.py", line 29, in split_audio_whisper
    segments = list(segments)
  File "/home/ubuntu/miniconda3/envs/openvoice/lib/python3.9/site-packages/faster_whisper/transcribe.py", line 433, in generate_segments
    ) = self.generate_with_fallback(encoder_output, prompt, tokenizer, options)
  File "/home/ubuntu/miniconda3/envs/openvoice/lib/python3.9/site-packages/faster_whisper/transcribe.py", line 641, in generate_with_fallback
    result = self.model.generate(
RuntimeError: CUDA failed with error out of memory
Traceback (most recent call last):
  File "/home/ubuntu/OpenVoice/job.py", line 334, in <module>
    clone_voice(f"./projects/{i}/{j}")
  File "/home/ubuntu/OpenVoice/job.py", line 201, in clone_voice
    return(convert_color(projectfolder))
  File "/home/ubuntu/OpenVoice/job.py", line 277, in convert_color
    target_se, audio_name = se_extractor.get_se(ref_audio_path, tone_color_converter, vad=False)
  File "/home/ubuntu/OpenVoice/openvoice/se_extractor.py", line 146, in get_se
    wavs_folder = split_audio_whisper(audio_path, target_dir=target_dir, audio_name=audio_name)
  File "/home/ubuntu/OpenVoice/openvoice/se_extractor.py", line 29, in split_audio_whisper
    segments = list(segments)
  File "/home/ubuntu/miniconda3/envs/openvoice/lib/python3.9/site-packages/faster_whisper/transcribe.py", line 433, in generate_segments
    ) = self.generate_with_fallback(encoder_output, prompt, tokenizer, options)
  File "/home/ubuntu/miniconda3/envs/openvoice/lib/python3.9/site-packages/faster_whisper/transcribe.py", line 641, in generate_with_fallback
    result = self.model.generate(
RuntimeError: CUDA failed with error out of memory
Traceback (most recent call last):
  File "/home/ubuntu/OpenVoice/job.py", line 334, in <module>
    clone_voice(f"./projects/{i}/{j}")
  File "/home/ubuntu/OpenVoice/job.py", line 201, in clone_voice
    return(convert_color(projectfolder))
  File "/home/ubuntu/OpenVoice/job.py", line 277, in convert_color
    target_se, audio_name = se_extractor.get_se(ref_audio_path, tone_color_converter, vad=False)
  File "/home/ubuntu/OpenVoice/openvoice/se_extractor.py", line 146, in get_se
    wavs_folder = split_audio_whisper(audio_path, target_dir=target_dir, audio_name=audio_name)
  File "/home/ubuntu/OpenVoice/openvoice/se_extractor.py", line 29, in split_audio_whisper
    segments = list(segments)
  File "/home/ubuntu/miniconda3/envs/openvoice/lib/python3.9/site-packages/faster_whisper/transcribe.py", line 433, in generate_segments
    ) = self.generate_with_fallback(encoder_output, prompt, tokenizer, options)
  File "/home/ubuntu/miniconda3/envs/openvoice/lib/python3.9/site-packages/faster_whisper/transcribe.py", line 641, in generate_with_fallback
    result = self.model.generate(
RuntimeError: CUDA failed with error out of memory
Traceback (most recent call last):
  File "/home/ubuntu/OpenVoice/job.py", line 334, in <module>
    clone_voice(f"./projects/{i}/{j}")
  File "/home/ubuntu/OpenVoice/job.py", line 201, in clone_voice
    return(convert_color(projectfolder))
  File "/home/ubuntu/OpenVoice/job.py", line 277, in convert_color
    target_se, audio_name = se_extractor.get_se(ref_audio_path, tone_color_converter, vad=False)
  File "/home/ubuntu/OpenVoice/openvoice/se_extractor.py", line 146, in get_se
    wavs_folder = split_audio_whisper(audio_path, target_dir=target_dir, audio_name=audio_name)
  File "/home/ubuntu/OpenVoice/openvoice/se_extractor.py", line 29, in split_audio_whisper
    segments = list(segments)
  File "/home/ubuntu/miniconda3/envs/openvoice/lib/python3.9/site-packages/faster_whisper/transcribe.py", line 433, in generate_segments
    ) = self.generate_with_fallback(encoder_output, prompt, tokenizer, options)
  File "/home/ubuntu/miniconda3/envs/openvoice/lib/python3.9/site-packages/faster_whisper/transcribe.py", line 641, in generate_with_fallback
    result = self.model.generate(
RuntimeError: CUDA failed with error out of memory
Traceback (most recent call last):
  File "/home/ubuntu/OpenVoice/job.py", line 334, in <module>
    clone_voice(f"./projects/{i}/{j}")
  File "/home/ubuntu/OpenVoice/job.py", line 201, in clone_voice
    return(convert_color(projectfolder))
  File "/home/ubuntu/OpenVoice/job.py", line 277, in convert_color
    target_se, audio_name = se_extractor.get_se(ref_audio_path, tone_color_converter, vad=False)
  File "/home/ubuntu/OpenVoice/openvoice/se_extractor.py", line 150, in get_se
    raise NotImplementedError('No audio segments found!')
NotImplementedError: No audio segments found!
Traceback (most recent call last):
  File "/home/ubuntu/OpenVoice/job.py", line 334, in <module>
    clone_voice(f"./projects/{i}/{j}")
  File "/home/ubuntu/OpenVoice/job.py", line 201, in clone_voice
    return(convert_color(projectfolder))
  File "/home/ubuntu/OpenVoice/job.py", line 277, in convert_color
    target_se, audio_name = se_extractor.get_se(ref_audio_path, tone_color_converter, vad=False)
  File "/home/ubuntu/OpenVoice/openvoice/se_extractor.py", line 146, in get_se
    wavs_folder = split_audio_whisper(audio_path, target_dir=target_dir, audio_name=audio_name)
  File "/home/ubuntu/OpenVoice/openvoice/se_extractor.py", line 29, in split_audio_whisper
    segments = list(segments)
  File "/home/ubuntu/miniconda3/envs/openvoice/lib/python3.9/site-packages/faster_whisper/transcribe.py", line 433, in generate_segments
    ) = self.generate_with_fallback(encoder_output, prompt, tokenizer, options)
  File "/home/ubuntu/miniconda3/envs/openvoice/lib/python3.9/site-packages/faster_whisper/transcribe.py", line 641, in generate_with_fallback
    result = self.model.generate(
RuntimeError: CUDA failed with error out of memory
Traceback (most recent call last):
  File "/home/ubuntu/OpenVoice/job.py", line 334, in <module>
    clone_voice(f"./projects/{i}/{j}")
  File "/home/ubuntu/OpenVoice/job.py", line 201, in clone_voice
    return(convert_color(projectfolder))
  File "/home/ubuntu/OpenVoice/job.py", line 277, in convert_color
    target_se, audio_name = se_extractor.get_se(ref_audio_path, tone_color_converter, vad=False)
  File "/home/ubuntu/OpenVoice/openvoice/se_extractor.py", line 146, in get_se
    wavs_folder = split_audio_whisper(audio_path, target_dir=target_dir, audio_name=audio_name)
  File "/home/ubuntu/OpenVoice/openvoice/se_extractor.py", line 29, in split_audio_whisper
    segments = list(segments)
  File "/home/ubuntu/miniconda3/envs/openvoice/lib/python3.9/site-packages/faster_whisper/transcribe.py", line 433, in generate_segments
    ) = self.generate_with_fallback(encoder_output, prompt, tokenizer, options)
  File "/home/ubuntu/miniconda3/envs/openvoice/lib/python3.9/site-packages/faster_whisper/transcribe.py", line 641, in generate_with_fallback
    result = self.model.generate(
RuntimeError: CUDA failed with error out of memory
Traceback (most recent call last):
  File "/home/ubuntu/OpenVoice/job.py", line 334, in <module>
    clone_voice(f"./projects/{i}/{j}")
  File "/home/ubuntu/OpenVoice/job.py", line 201, in clone_voice
    return(convert_color(projectfolder))
  File "/home/ubuntu/OpenVoice/job.py", line 277, in convert_color
    target_se, audio_name = se_extractor.get_se(ref_audio_path, tone_color_converter, vad=False)
  File "/home/ubuntu/OpenVoice/openvoice/se_extractor.py", line 146, in get_se
    wavs_folder = split_audio_whisper(audio_path, target_dir=target_dir, audio_name=audio_name)
  File "/home/ubuntu/OpenVoice/openvoice/se_extractor.py", line 29, in split_audio_whisper
    segments = list(segments)
  File "/home/ubuntu/miniconda3/envs/openvoice/lib/python3.9/site-packages/faster_whisper/transcribe.py", line 433, in generate_segments
    ) = self.generate_with_fallback(encoder_output, prompt, tokenizer, options)
  File "/home/ubuntu/miniconda3/envs/openvoice/lib/python3.9/site-packages/faster_whisper/transcribe.py", line 641, in generate_with_fallback
    result = self.model.generate(
RuntimeError: CUDA failed with error out of memory
Traceback (most recent call last):
  File "/home/ubuntu/OpenVoice/job.py", line 334, in <module>
    clone_voice(f"./projects/{i}/{j}")
  File "/home/ubuntu/OpenVoice/job.py", line 201, in clone_voice
    return(convert_color(projectfolder))
  File "/home/ubuntu/OpenVoice/job.py", line 277, in convert_color
    target_se, audio_name = se_extractor.get_se(ref_audio_path, tone_color_converter, vad=False)
  File "/home/ubuntu/OpenVoice/openvoice/se_extractor.py", line 146, in get_se
    wavs_folder = split_audio_whisper(audio_path, target_dir=target_dir, audio_name=audio_name)
  File "/home/ubuntu/OpenVoice/openvoice/se_extractor.py", line 29, in split_audio_whisper
    segments = list(segments)
  File "/home/ubuntu/miniconda3/envs/openvoice/lib/python3.9/site-packages/faster_whisper/transcribe.py", line 433, in generate_segments
    ) = self.generate_with_fallback(encoder_output, prompt, tokenizer, options)
  File "/home/ubuntu/miniconda3/envs/openvoice/lib/python3.9/site-packages/faster_whisper/transcribe.py", line 641, in generate_with_fallback
    result = self.model.generate(
RuntimeError: CUDA failed with error out of memory
Traceback (most recent call last):
  File "/home/ubuntu/OpenVoice/job.py", line 334, in <module>
    clone_voice(f"./projects/{i}/{j}")
  File "/home/ubuntu/OpenVoice/job.py", line 201, in clone_voice
    return(convert_color(projectfolder))
  File "/home/ubuntu/OpenVoice/job.py", line 277, in convert_color
    target_se, audio_name = se_extractor.get_se(ref_audio_path, tone_color_converter, vad=False)
  File "/home/ubuntu/OpenVoice/openvoice/se_extractor.py", line 146, in get_se
    wavs_folder = split_audio_whisper(audio_path, target_dir=target_dir, audio_name=audio_name)
  File "/home/ubuntu/OpenVoice/openvoice/se_extractor.py", line 29, in split_audio_whisper
    segments = list(segments)
  File "/home/ubuntu/miniconda3/envs/openvoice/lib/python3.9/site-packages/faster_whisper/transcribe.py", line 433, in generate_segments
    ) = self.generate_with_fallback(encoder_output, prompt, tokenizer, options)
  File "/home/ubuntu/miniconda3/envs/openvoice/lib/python3.9/site-packages/faster_whisper/transcribe.py", line 641, in generate_with_fallback
    result = self.model.generate(
RuntimeError: CUDA failed with error out of memory
Traceback (most recent call last):
  File "/home/ubuntu/OpenVoice/job.py", line 334, in <module>
    clone_voice(f"./projects/{i}/{j}")
  File "/home/ubuntu/OpenVoice/job.py", line 201, in clone_voice
    return(convert_color(projectfolder))
  File "/home/ubuntu/OpenVoice/job.py", line 277, in convert_color
    target_se, audio_name = se_extractor.get_se(ref_audio_path, tone_color_converter, vad=False)
  File "/home/ubuntu/OpenVoice/openvoice/se_extractor.py", line 146, in get_se
    wavs_folder = split_audio_whisper(audio_path, target_dir=target_dir, audio_name=audio_name)
  File "/home/ubuntu/OpenVoice/openvoice/se_extractor.py", line 29, in split_audio_whisper
    segments = list(segments)
  File "/home/ubuntu/miniconda3/envs/openvoice/lib/python3.9/site-packages/faster_whisper/transcribe.py", line 433, in generate_segments
    ) = self.generate_with_fallback(encoder_output, prompt, tokenizer, options)
  File "/home/ubuntu/miniconda3/envs/openvoice/lib/python3.9/site-packages/faster_whisper/transcribe.py", line 641, in generate_with_fallback
    result = self.model.generate(
RuntimeError: CUDA failed with error out of memory
Traceback (most recent call last):
  File "/home/ubuntu/OpenVoice/job.py", line 334, in <module>
    clone_voice(f"./projects/{i}/{j}")
  File "/home/ubuntu/OpenVoice/job.py", line 201, in clone_voice
    return(convert_color(projectfolder))
  File "/home/ubuntu/OpenVoice/job.py", line 277, in convert_color
    target_se, audio_name = se_extractor.get_se(ref_audio_path, tone_color_converter, vad=False)
  File "/home/ubuntu/OpenVoice/openvoice/se_extractor.py", line 146, in get_se
    wavs_folder = split_audio_whisper(audio_path, target_dir=target_dir, audio_name=audio_name)
  File "/home/ubuntu/OpenVoice/openvoice/se_extractor.py", line 29, in split_audio_whisper
    segments = list(segments)
  File "/home/ubuntu/miniconda3/envs/openvoice/lib/python3.9/site-packages/faster_whisper/transcribe.py", line 433, in generate_segments
    ) = self.generate_with_fallback(encoder_output, prompt, tokenizer, options)
  File "/home/ubuntu/miniconda3/envs/openvoice/lib/python3.9/site-packages/faster_whisper/transcribe.py", line 641, in generate_with_fallback
    result = self.model.generate(
RuntimeError: CUDA failed with error out of memory
Traceback (most recent call last):
  File "/home/ubuntu/OpenVoice/job.py", line 334, in <module>
    clone_voice(f"./projects/{i}/{j}")
  File "/home/ubuntu/OpenVoice/job.py", line 201, in clone_voice
    return(convert_color(projectfolder))
  File "/home/ubuntu/OpenVoice/job.py", line 277, in convert_color
    target_se, audio_name = se_extractor.get_se(ref_audio_path, tone_color_converter, vad=False)
  File "/home/ubuntu/OpenVoice/openvoice/se_extractor.py", line 146, in get_se
    wavs_folder = split_audio_whisper(audio_path, target_dir=target_dir, audio_name=audio_name)
  File "/home/ubuntu/OpenVoice/openvoice/se_extractor.py", line 29, in split_audio_whisper
    segments = list(segments)
  File "/home/ubuntu/miniconda3/envs/openvoice/lib/python3.9/site-packages/faster_whisper/transcribe.py", line 433, in generate_segments
    ) = self.generate_with_fallback(encoder_output, prompt, tokenizer, options)
  File "/home/ubuntu/miniconda3/envs/openvoice/lib/python3.9/site-packages/faster_whisper/transcribe.py", line 641, in generate_with_fallback
    result = self.model.generate(
RuntimeError: CUDA failed with error out of memory
Traceback (most recent call last):
  File "/home/ubuntu/OpenVoice/job.py", line 334, in <module>
    clone_voice(f"./projects/{i}/{j}")
  File "/home/ubuntu/OpenVoice/job.py", line 201, in clone_voice
    return(convert_color(projectfolder))
  File "/home/ubuntu/OpenVoice/job.py", line 277, in convert_color
    target_se, audio_name = se_extractor.get_se(ref_audio_path, tone_color_converter, vad=False)
  File "/home/ubuntu/OpenVoice/openvoice/se_extractor.py", line 146, in get_se
    wavs_folder = split_audio_whisper(audio_path, target_dir=target_dir, audio_name=audio_name)
  File "/home/ubuntu/OpenVoice/openvoice/se_extractor.py", line 29, in split_audio_whisper
    segments = list(segments)
  File "/home/ubuntu/miniconda3/envs/openvoice/lib/python3.9/site-packages/faster_whisper/transcribe.py", line 433, in generate_segments
    ) = self.generate_with_fallback(encoder_output, prompt, tokenizer, options)
  File "/home/ubuntu/miniconda3/envs/openvoice/lib/python3.9/site-packages/faster_whisper/transcribe.py", line 641, in generate_with_fallback
    result = self.model.generate(
RuntimeError: CUDA failed with error out of memory
Traceback (most recent call last):
  File "/home/ubuntu/OpenVoice/job.py", line 334, in <module>
    clone_voice(f"./projects/{i}/{j}")
  File "/home/ubuntu/OpenVoice/job.py", line 201, in clone_voice
    return(convert_color(projectfolder))
  File "/home/ubuntu/OpenVoice/job.py", line 277, in convert_color
    target_se, audio_name = se_extractor.get_se(ref_audio_path, tone_color_converter, vad=False)
  File "/home/ubuntu/OpenVoice/openvoice/se_extractor.py", line 150, in get_se
    raise NotImplementedError('No audio segments found!')
NotImplementedError: No audio segments found!
Traceback (most recent call last):
  File "/home/ubuntu/OpenVoice/job.py", line 334, in <module>
    clone_voice(f"./projects/{i}/{j}")
  File "/home/ubuntu/OpenVoice/job.py", line 201, in clone_voice
    return(convert_color(projectfolder))
  File "/home/ubuntu/OpenVoice/job.py", line 277, in convert_color
    target_se, audio_name = se_extractor.get_se(ref_audio_path, tone_color_converter, vad=False)
  File "/home/ubuntu/OpenVoice/openvoice/se_extractor.py", line 150, in get_se
    raise NotImplementedError('No audio segments found!')
NotImplementedError: No audio segments found!
Traceback (most recent call last):
  File "/home/ubuntu/OpenVoice/job.py", line 334, in <module>
    clone_voice(f"./projects/{i}/{j}")
  File "/home/ubuntu/OpenVoice/job.py", line 201, in clone_voice
    return(convert_color(projectfolder))
  File "/home/ubuntu/OpenVoice/job.py", line 277, in convert_color
    target_se, audio_name = se_extractor.get_se(ref_audio_path, tone_color_converter, vad=False)
  File "/home/ubuntu/OpenVoice/openvoice/se_extractor.py", line 146, in get_se
    wavs_folder = split_audio_whisper(audio_path, target_dir=target_dir, audio_name=audio_name)
  File "/home/ubuntu/OpenVoice/openvoice/se_extractor.py", line 29, in split_audio_whisper
    segments = list(segments)
  File "/home/ubuntu/miniconda3/envs/openvoice/lib/python3.9/site-packages/faster_whisper/transcribe.py", line 433, in generate_segments
    ) = self.generate_with_fallback(encoder_output, prompt, tokenizer, options)
  File "/home/ubuntu/miniconda3/envs/openvoice/lib/python3.9/site-packages/faster_whisper/transcribe.py", line 641, in generate_with_fallback
    result = self.model.generate(
RuntimeError: CUDA failed with error out of memory
Traceback (most recent call last):
  File "/home/ubuntu/OpenVoice/job.py", line 334, in <module>
    clone_voice(f"./projects/{i}/{j}")
  File "/home/ubuntu/OpenVoice/job.py", line 201, in clone_voice
    return(convert_color(projectfolder))
  File "/home/ubuntu/OpenVoice/job.py", line 277, in convert_color
    target_se, audio_name = se_extractor.get_se(ref_audio_path, tone_color_converter, vad=False)
  File "/home/ubuntu/OpenVoice/openvoice/se_extractor.py", line 146, in get_se
    wavs_folder = split_audio_whisper(audio_path, target_dir=target_dir, audio_name=audio_name)
  File "/home/ubuntu/OpenVoice/openvoice/se_extractor.py", line 29, in split_audio_whisper
    segments = list(segments)
  File "/home/ubuntu/miniconda3/envs/openvoice/lib/python3.9/site-packages/faster_whisper/transcribe.py", line 433, in generate_segments
    ) = self.generate_with_fallback(encoder_output, prompt, tokenizer, options)
  File "/home/ubuntu/miniconda3/envs/openvoice/lib/python3.9/site-packages/faster_whisper/transcribe.py", line 641, in generate_with_fallback
    result = self.model.generate(
RuntimeError: CUDA failed with error out of memory
Traceback (most recent call last):
  File "/home/ubuntu/OpenVoice/job.py", line 334, in <module>
    clone_voice(f"./projects/{i}/{j}")
  File "/home/ubuntu/OpenVoice/job.py", line 201, in clone_voice
    return(convert_color(projectfolder))
  File "/home/ubuntu/OpenVoice/job.py", line 277, in convert_color
    target_se, audio_name = se_extractor.get_se(ref_audio_path, tone_color_converter, vad=False)
  File "/home/ubuntu/OpenVoice/openvoice/se_extractor.py", line 146, in get_se
    wavs_folder = split_audio_whisper(audio_path, target_dir=target_dir, audio_name=audio_name)
  File "/home/ubuntu/OpenVoice/openvoice/se_extractor.py", line 29, in split_audio_whisper
    segments = list(segments)
  File "/home/ubuntu/miniconda3/envs/openvoice/lib/python3.9/site-packages/faster_whisper/transcribe.py", line 433, in generate_segments
    ) = self.generate_with_fallback(encoder_output, prompt, tokenizer, options)
  File "/home/ubuntu/miniconda3/envs/openvoice/lib/python3.9/site-packages/faster_whisper/transcribe.py", line 641, in generate_with_fallback
    result = self.model.generate(
RuntimeError: CUDA failed with error out of memory
Traceback (most recent call last):
  File "/home/ubuntu/OpenVoice/job.py", line 334, in <module>
    clone_voice(f"./projects/{i}/{j}")
  File "/home/ubuntu/OpenVoice/job.py", line 201, in clone_voice
    return(convert_color(projectfolder))
  File "/home/ubuntu/OpenVoice/job.py", line 277, in convert_color
    target_se, audio_name = se_extractor.get_se(ref_audio_path, tone_color_converter, vad=False)
  File "/home/ubuntu/OpenVoice/openvoice/se_extractor.py", line 146, in get_se
    wavs_folder = split_audio_whisper(audio_path, target_dir=target_dir, audio_name=audio_name)
  File "/home/ubuntu/OpenVoice/openvoice/se_extractor.py", line 29, in split_audio_whisper
    segments = list(segments)
  File "/home/ubuntu/miniconda3/envs/openvoice/lib/python3.9/site-packages/faster_whisper/transcribe.py", line 433, in generate_segments
    ) = self.generate_with_fallback(encoder_output, prompt, tokenizer, options)
  File "/home/ubuntu/miniconda3/envs/openvoice/lib/python3.9/site-packages/faster_whisper/transcribe.py", line 641, in generate_with_fallback
    result = self.model.generate(
RuntimeError: CUDA failed with error out of memory
Traceback (most recent call last):
  File "/home/ubuntu/OpenVoice/job.py", line 334, in <module>
    clone_voice(f"./projects/{i}/{j}")
  File "/home/ubuntu/OpenVoice/job.py", line 201, in clone_voice
    return(convert_color(projectfolder))
  File "/home/ubuntu/OpenVoice/job.py", line 277, in convert_color
    target_se, audio_name = se_extractor.get_se(ref_audio_path, tone_color_converter, vad=False)
  File "/home/ubuntu/OpenVoice/openvoice/se_extractor.py", line 146, in get_se
    wavs_folder = split_audio_whisper(audio_path, target_dir=target_dir, audio_name=audio_name)
  File "/home/ubuntu/OpenVoice/openvoice/se_extractor.py", line 29, in split_audio_whisper
    segments = list(segments)
  File "/home/ubuntu/miniconda3/envs/openvoice/lib/python3.9/site-packages/faster_whisper/transcribe.py", line 433, in generate_segments
    ) = self.generate_with_fallback(encoder_output, prompt, tokenizer, options)
  File "/home/ubuntu/miniconda3/envs/openvoice/lib/python3.9/site-packages/faster_whisper/transcribe.py", line 641, in generate_with_fallback
    result = self.model.generate(
RuntimeError: CUDA failed with error out of memory
Traceback (most recent call last):
  File "/home/ubuntu/OpenVoice/job.py", line 334, in <module>
    clone_voice(f"./projects/{i}/{j}")
  File "/home/ubuntu/OpenVoice/job.py", line 201, in clone_voice
    return(convert_color(projectfolder))
  File "/home/ubuntu/OpenVoice/job.py", line 277, in convert_color
    target_se, audio_name = se_extractor.get_se(ref_audio_path, tone_color_converter, vad=False)
  File "/home/ubuntu/OpenVoice/openvoice/se_extractor.py", line 146, in get_se
    wavs_folder = split_audio_whisper(audio_path, target_dir=target_dir, audio_name=audio_name)
  File "/home/ubuntu/OpenVoice/openvoice/se_extractor.py", line 29, in split_audio_whisper
    segments = list(segments)
  File "/home/ubuntu/miniconda3/envs/openvoice/lib/python3.9/site-packages/faster_whisper/transcribe.py", line 433, in generate_segments
    ) = self.generate_with_fallback(encoder_output, prompt, tokenizer, options)
  File "/home/ubuntu/miniconda3/envs/openvoice/lib/python3.9/site-packages/faster_whisper/transcribe.py", line 641, in generate_with_fallback
    result = self.model.generate(
RuntimeError: CUDA failed with error out of memory
Traceback (most recent call last):
  File "/home/ubuntu/OpenVoice/job.py", line 334, in <module>
    clone_voice(f"./projects/{i}/{j}")
  File "/home/ubuntu/OpenVoice/job.py", line 201, in clone_voice
    return(convert_color(projectfolder))
  File "/home/ubuntu/OpenVoice/job.py", line 277, in convert_color
    target_se, audio_name = se_extractor.get_se(ref_audio_path, tone_color_converter, vad=False)
  File "/home/ubuntu/OpenVoice/openvoice/se_extractor.py", line 146, in get_se
    wavs_folder = split_audio_whisper(audio_path, target_dir=target_dir, audio_name=audio_name)
  File "/home/ubuntu/OpenVoice/openvoice/se_extractor.py", line 29, in split_audio_whisper
    segments = list(segments)
  File "/home/ubuntu/miniconda3/envs/openvoice/lib/python3.9/site-packages/faster_whisper/transcribe.py", line 433, in generate_segments
    ) = self.generate_with_fallback(encoder_output, prompt, tokenizer, options)
  File "/home/ubuntu/miniconda3/envs/openvoice/lib/python3.9/site-packages/faster_whisper/transcribe.py", line 641, in generate_with_fallback
    result = self.model.generate(
RuntimeError: CUDA failed with error out of memory
Traceback (most recent call last):
  File "/home/ubuntu/OpenVoice/job.py", line 334, in <module>
    clone_voice(f"./projects/{i}/{j}")
  File "/home/ubuntu/OpenVoice/job.py", line 201, in clone_voice
    return(convert_color(projectfolder))
  File "/home/ubuntu/OpenVoice/job.py", line 277, in convert_color
    target_se, audio_name = se_extractor.get_se(ref_audio_path, tone_color_converter, vad=False)
  File "/home/ubuntu/OpenVoice/openvoice/se_extractor.py", line 146, in get_se
    wavs_folder = split_audio_whisper(audio_path, target_dir=target_dir, audio_name=audio_name)
  File "/home/ubuntu/OpenVoice/openvoice/se_extractor.py", line 29, in split_audio_whisper
    segments = list(segments)
  File "/home/ubuntu/miniconda3/envs/openvoice/lib/python3.9/site-packages/faster_whisper/transcribe.py", line 433, in generate_segments
    ) = self.generate_with_fallback(encoder_output, prompt, tokenizer, options)
  File "/home/ubuntu/miniconda3/envs/openvoice/lib/python3.9/site-packages/faster_whisper/transcribe.py", line 641, in generate_with_fallback
    result = self.model.generate(
RuntimeError: CUDA failed with error out of memory
Traceback (most recent call last):
  File "/home/ubuntu/OpenVoice/job.py", line 334, in <module>
    clone_voice(f"./projects/{i}/{j}")
  File "/home/ubuntu/OpenVoice/job.py", line 201, in clone_voice
    return(convert_color(projectfolder))
  File "/home/ubuntu/OpenVoice/job.py", line 277, in convert_color
    target_se, audio_name = se_extractor.get_se(ref_audio_path, tone_color_converter, vad=False)
  File "/home/ubuntu/OpenVoice/openvoice/se_extractor.py", line 146, in get_se
    wavs_folder = split_audio_whisper(audio_path, target_dir=target_dir, audio_name=audio_name)
  File "/home/ubuntu/OpenVoice/openvoice/se_extractor.py", line 29, in split_audio_whisper
    segments = list(segments)
  File "/home/ubuntu/miniconda3/envs/openvoice/lib/python3.9/site-packages/faster_whisper/transcribe.py", line 433, in generate_segments
    ) = self.generate_with_fallback(encoder_output, prompt, tokenizer, options)
  File "/home/ubuntu/miniconda3/envs/openvoice/lib/python3.9/site-packages/faster_whisper/transcribe.py", line 641, in generate_with_fallback
    result = self.model.generate(
RuntimeError: CUDA failed with error out of memory
Traceback (most recent call last):
  File "/home/ubuntu/OpenVoice/job.py", line 334, in <module>
    clone_voice(f"./projects/{i}/{j}")
  File "/home/ubuntu/OpenVoice/job.py", line 201, in clone_voice
    return(convert_color(projectfolder))
  File "/home/ubuntu/OpenVoice/job.py", line 277, in convert_color
    target_se, audio_name = se_extractor.get_se(ref_audio_path, tone_color_converter, vad=False)
  File "/home/ubuntu/OpenVoice/openvoice/se_extractor.py", line 146, in get_se
    wavs_folder = split_audio_whisper(audio_path, target_dir=target_dir, audio_name=audio_name)
  File "/home/ubuntu/OpenVoice/openvoice/se_extractor.py", line 29, in split_audio_whisper
    segments = list(segments)
  File "/home/ubuntu/miniconda3/envs/openvoice/lib/python3.9/site-packages/faster_whisper/transcribe.py", line 433, in generate_segments
    ) = self.generate_with_fallback(encoder_output, prompt, tokenizer, options)
  File "/home/ubuntu/miniconda3/envs/openvoice/lib/python3.9/site-packages/faster_whisper/transcribe.py", line 641, in generate_with_fallback
    result = self.model.generate(
RuntimeError: CUDA failed with error out of memory
Traceback (most recent call last):
  File "/home/ubuntu/OpenVoice/job.py", line 334, in <module>
    clone_voice(f"./projects/{i}/{j}")
  File "/home/ubuntu/OpenVoice/job.py", line 201, in clone_voice
    return(convert_color(projectfolder))
  File "/home/ubuntu/OpenVoice/job.py", line 277, in convert_color
    target_se, audio_name = se_extractor.get_se(ref_audio_path, tone_color_converter, vad=False)
  File "/home/ubuntu/OpenVoice/openvoice/se_extractor.py", line 146, in get_se
    wavs_folder = split_audio_whisper(audio_path, target_dir=target_dir, audio_name=audio_name)
  File "/home/ubuntu/OpenVoice/openvoice/se_extractor.py", line 29, in split_audio_whisper
    segments = list(segments)
  File "/home/ubuntu/miniconda3/envs/openvoice/lib/python3.9/site-packages/faster_whisper/transcribe.py", line 433, in generate_segments
    ) = self.generate_with_fallback(encoder_output, prompt, tokenizer, options)
  File "/home/ubuntu/miniconda3/envs/openvoice/lib/python3.9/site-packages/faster_whisper/transcribe.py", line 641, in generate_with_fallback
    result = self.model.generate(
RuntimeError: CUDA failed with error out of memory
Traceback (most recent call last):
  File "/home/ubuntu/OpenVoice/job.py", line 334, in <module>
    clone_voice(f"./projects/{i}/{j}")
  File "/home/ubuntu/OpenVoice/job.py", line 201, in clone_voice
    return(convert_color(projectfolder))
  File "/home/ubuntu/OpenVoice/job.py", line 277, in convert_color
    target_se, audio_name = se_extractor.get_se(ref_audio_path, tone_color_converter, vad=False)
  File "/home/ubuntu/OpenVoice/openvoice/se_extractor.py", line 146, in get_se
    wavs_folder = split_audio_whisper(audio_path, target_dir=target_dir, audio_name=audio_name)
  File "/home/ubuntu/OpenVoice/openvoice/se_extractor.py", line 29, in split_audio_whisper
    segments = list(segments)
  File "/home/ubuntu/miniconda3/envs/openvoice/lib/python3.9/site-packages/faster_whisper/transcribe.py", line 433, in generate_segments
    ) = self.generate_with_fallback(encoder_output, prompt, tokenizer, options)
  File "/home/ubuntu/miniconda3/envs/openvoice/lib/python3.9/site-packages/faster_whisper/transcribe.py", line 641, in generate_with_fallback
    result = self.model.generate(
RuntimeError: CUDA failed with error out of memory
Traceback (most recent call last):
  File "/home/ubuntu/OpenVoice/job.py", line 334, in <module>
    clone_voice(f"./projects/{i}/{j}")
  File "/home/ubuntu/OpenVoice/job.py", line 201, in clone_voice
    return(convert_color(projectfolder))
  File "/home/ubuntu/OpenVoice/job.py", line 277, in convert_color
    target_se, audio_name = se_extractor.get_se(ref_audio_path, tone_color_converter, vad=False)
  File "/home/ubuntu/OpenVoice/openvoice/se_extractor.py", line 146, in get_se
    wavs_folder = split_audio_whisper(audio_path, target_dir=target_dir, audio_name=audio_name)
  File "/home/ubuntu/OpenVoice/openvoice/se_extractor.py", line 29, in split_audio_whisper
    segments = list(segments)
  File "/home/ubuntu/miniconda3/envs/openvoice/lib/python3.9/site-packages/faster_whisper/transcribe.py", line 433, in generate_segments
    ) = self.generate_with_fallback(encoder_output, prompt, tokenizer, options)
  File "/home/ubuntu/miniconda3/envs/openvoice/lib/python3.9/site-packages/faster_whisper/transcribe.py", line 641, in generate_with_fallback
    result = self.model.generate(
RuntimeError: CUDA failed with error out of memory
Traceback (most recent call last):
  File "/home/ubuntu/OpenVoice/job.py", line 334, in <module>
    clone_voice(f"./projects/{i}/{j}")
  File "/home/ubuntu/OpenVoice/job.py", line 201, in clone_voice
    return(convert_color(projectfolder))
  File "/home/ubuntu/OpenVoice/job.py", line 277, in convert_color
    target_se, audio_name = se_extractor.get_se(ref_audio_path, tone_color_converter, vad=False)
  File "/home/ubuntu/OpenVoice/openvoice/se_extractor.py", line 146, in get_se
    wavs_folder = split_audio_whisper(audio_path, target_dir=target_dir, audio_name=audio_name)
  File "/home/ubuntu/OpenVoice/openvoice/se_extractor.py", line 29, in split_audio_whisper
    segments = list(segments)
  File "/home/ubuntu/miniconda3/envs/openvoice/lib/python3.9/site-packages/faster_whisper/transcribe.py", line 433, in generate_segments
    ) = self.generate_with_fallback(encoder_output, prompt, tokenizer, options)
  File "/home/ubuntu/miniconda3/envs/openvoice/lib/python3.9/site-packages/faster_whisper/transcribe.py", line 641, in generate_with_fallback
    result = self.model.generate(
RuntimeError: CUDA failed with error out of memory
Traceback (most recent call last):
  File "/home/ubuntu/OpenVoice/job.py", line 334, in <module>
    clone_voice(f"./projects/{i}/{j}")
  File "/home/ubuntu/OpenVoice/job.py", line 201, in clone_voice
    return(convert_color(projectfolder))
  File "/home/ubuntu/OpenVoice/job.py", line 277, in convert_color
    target_se, audio_name = se_extractor.get_se(ref_audio_path, tone_color_converter, vad=False)
  File "/home/ubuntu/OpenVoice/openvoice/se_extractor.py", line 146, in get_se
    wavs_folder = split_audio_whisper(audio_path, target_dir=target_dir, audio_name=audio_name)
  File "/home/ubuntu/OpenVoice/openvoice/se_extractor.py", line 29, in split_audio_whisper
    segments = list(segments)
  File "/home/ubuntu/miniconda3/envs/openvoice/lib/python3.9/site-packages/faster_whisper/transcribe.py", line 433, in generate_segments
    ) = self.generate_with_fallback(encoder_output, prompt, tokenizer, options)
  File "/home/ubuntu/miniconda3/envs/openvoice/lib/python3.9/site-packages/faster_whisper/transcribe.py", line 641, in generate_with_fallback
    result = self.model.generate(
RuntimeError: CUDA failed with error out of memory
Traceback (most recent call last):
  File "/home/ubuntu/OpenVoice/job.py", line 334, in <module>
    clone_voice(f"./projects/{i}/{j}")
  File "/home/ubuntu/OpenVoice/job.py", line 201, in clone_voice
    return(convert_color(projectfolder))
  File "/home/ubuntu/OpenVoice/job.py", line 277, in convert_color
    target_se, audio_name = se_extractor.get_se(ref_audio_path, tone_color_converter, vad=False)
  File "/home/ubuntu/OpenVoice/openvoice/se_extractor.py", line 146, in get_se
    wavs_folder = split_audio_whisper(audio_path, target_dir=target_dir, audio_name=audio_name)
  File "/home/ubuntu/OpenVoice/openvoice/se_extractor.py", line 29, in split_audio_whisper
    segments = list(segments)
  File "/home/ubuntu/miniconda3/envs/openvoice/lib/python3.9/site-packages/faster_whisper/transcribe.py", line 433, in generate_segments
    ) = self.generate_with_fallback(encoder_output, prompt, tokenizer, options)
  File "/home/ubuntu/miniconda3/envs/openvoice/lib/python3.9/site-packages/faster_whisper/transcribe.py", line 641, in generate_with_fallback
    result = self.model.generate(
RuntimeError: CUDA failed with error out of memory
Traceback (most recent call last):
  File "/home/ubuntu/OpenVoice/job.py", line 334, in <module>
    clone_voice(f"./projects/{i}/{j}")
  File "/home/ubuntu/OpenVoice/job.py", line 201, in clone_voice
    return(convert_color(projectfolder))
  File "/home/ubuntu/OpenVoice/job.py", line 277, in convert_color
    target_se, audio_name = se_extractor.get_se(ref_audio_path, tone_color_converter, vad=False)
  File "/home/ubuntu/OpenVoice/openvoice/se_extractor.py", line 146, in get_se
    wavs_folder = split_audio_whisper(audio_path, target_dir=target_dir, audio_name=audio_name)
  File "/home/ubuntu/OpenVoice/openvoice/se_extractor.py", line 29, in split_audio_whisper
    segments = list(segments)
  File "/home/ubuntu/miniconda3/envs/openvoice/lib/python3.9/site-packages/faster_whisper/transcribe.py", line 433, in generate_segments
    ) = self.generate_with_fallback(encoder_output, prompt, tokenizer, options)
  File "/home/ubuntu/miniconda3/envs/openvoice/lib/python3.9/site-packages/faster_whisper/transcribe.py", line 641, in generate_with_fallback
    result = self.model.generate(
RuntimeError: CUDA failed with error out of memory
Traceback (most recent call last):
  File "/home/ubuntu/OpenVoice/job.py", line 334, in <module>
    clone_voice(f"./projects/{i}/{j}")
  File "/home/ubuntu/OpenVoice/job.py", line 201, in clone_voice
    return(convert_color(projectfolder))
  File "/home/ubuntu/OpenVoice/job.py", line 277, in convert_color
    target_se, audio_name = se_extractor.get_se(ref_audio_path, tone_color_converter, vad=False)
  File "/home/ubuntu/OpenVoice/openvoice/se_extractor.py", line 146, in get_se
    wavs_folder = split_audio_whisper(audio_path, target_dir=target_dir, audio_name=audio_name)
  File "/home/ubuntu/OpenVoice/openvoice/se_extractor.py", line 29, in split_audio_whisper
    segments = list(segments)
  File "/home/ubuntu/miniconda3/envs/openvoice/lib/python3.9/site-packages/faster_whisper/transcribe.py", line 433, in generate_segments
    ) = self.generate_with_fallback(encoder_output, prompt, tokenizer, options)
  File "/home/ubuntu/miniconda3/envs/openvoice/lib/python3.9/site-packages/faster_whisper/transcribe.py", line 641, in generate_with_fallback
    result = self.model.generate(
RuntimeError: CUDA failed with error out of memory
Traceback (most recent call last):
  File "/home/ubuntu/OpenVoice/job.py", line 334, in <module>
    clone_voice(f"./projects/{i}/{j}")
  File "/home/ubuntu/OpenVoice/job.py", line 201, in clone_voice
    return(convert_color(projectfolder))
  File "/home/ubuntu/OpenVoice/job.py", line 277, in convert_color
    target_se, audio_name = se_extractor.get_se(ref_audio_path, tone_color_converter, vad=False)
  File "/home/ubuntu/OpenVoice/openvoice/se_extractor.py", line 146, in get_se
    wavs_folder = split_audio_whisper(audio_path, target_dir=target_dir, audio_name=audio_name)
  File "/home/ubuntu/OpenVoice/openvoice/se_extractor.py", line 29, in split_audio_whisper
    segments = list(segments)
  File "/home/ubuntu/miniconda3/envs/openvoice/lib/python3.9/site-packages/faster_whisper/transcribe.py", line 433, in generate_segments
    ) = self.generate_with_fallback(encoder_output, prompt, tokenizer, options)
  File "/home/ubuntu/miniconda3/envs/openvoice/lib/python3.9/site-packages/faster_whisper/transcribe.py", line 641, in generate_with_fallback
    result = self.model.generate(
RuntimeError: CUDA failed with error out of memory
Traceback (most recent call last):
  File "/home/ubuntu/OpenVoice/job.py", line 334, in <module>
    clone_voice(f"./projects/{i}/{j}")
  File "/home/ubuntu/OpenVoice/job.py", line 201, in clone_voice
    return(convert_color(projectfolder))
  File "/home/ubuntu/OpenVoice/job.py", line 277, in convert_color
    target_se, audio_name = se_extractor.get_se(ref_audio_path, tone_color_converter, vad=False)
  File "/home/ubuntu/OpenVoice/openvoice/se_extractor.py", line 146, in get_se
    wavs_folder = split_audio_whisper(audio_path, target_dir=target_dir, audio_name=audio_name)
  File "/home/ubuntu/OpenVoice/openvoice/se_extractor.py", line 29, in split_audio_whisper
    segments = list(segments)
  File "/home/ubuntu/miniconda3/envs/openvoice/lib/python3.9/site-packages/faster_whisper/transcribe.py", line 433, in generate_segments
    ) = self.generate_with_fallback(encoder_output, prompt, tokenizer, options)
  File "/home/ubuntu/miniconda3/envs/openvoice/lib/python3.9/site-packages/faster_whisper/transcribe.py", line 641, in generate_with_fallback
    result = self.model.generate(
RuntimeError: CUDA failed with error out of memory
Traceback (most recent call last):
  File "/home/ubuntu/OpenVoice/job.py", line 334, in <module>
    clone_voice(f"./projects/{i}/{j}")
  File "/home/ubuntu/OpenVoice/job.py", line 201, in clone_voice
    return(convert_color(projectfolder))
  File "/home/ubuntu/OpenVoice/job.py", line 277, in convert_color
    target_se, audio_name = se_extractor.get_se(ref_audio_path, tone_color_converter, vad=False)
  File "/home/ubuntu/OpenVoice/openvoice/se_extractor.py", line 146, in get_se
    wavs_folder = split_audio_whisper(audio_path, target_dir=target_dir, audio_name=audio_name)
  File "/home/ubuntu/OpenVoice/openvoice/se_extractor.py", line 29, in split_audio_whisper
    segments = list(segments)
  File "/home/ubuntu/miniconda3/envs/openvoice/lib/python3.9/site-packages/faster_whisper/transcribe.py", line 433, in generate_segments
    ) = self.generate_with_fallback(encoder_output, prompt, tokenizer, options)
  File "/home/ubuntu/miniconda3/envs/openvoice/lib/python3.9/site-packages/faster_whisper/transcribe.py", line 641, in generate_with_fallback
    result = self.model.generate(
RuntimeError: CUDA failed with error out of memory
Traceback (most recent call last):
  File "/home/ubuntu/OpenVoice/job.py", line 334, in <module>
    clone_voice(f"./projects/{i}/{j}")
  File "/home/ubuntu/OpenVoice/job.py", line 201, in clone_voice
    return(convert_color(projectfolder))
  File "/home/ubuntu/OpenVoice/job.py", line 277, in convert_color
    target_se, audio_name = se_extractor.get_se(ref_audio_path, tone_color_converter, vad=False)
  File "/home/ubuntu/OpenVoice/openvoice/se_extractor.py", line 146, in get_se
    wavs_folder = split_audio_whisper(audio_path, target_dir=target_dir, audio_name=audio_name)
  File "/home/ubuntu/OpenVoice/openvoice/se_extractor.py", line 29, in split_audio_whisper
    segments = list(segments)
  File "/home/ubuntu/miniconda3/envs/openvoice/lib/python3.9/site-packages/faster_whisper/transcribe.py", line 433, in generate_segments
    ) = self.generate_with_fallback(encoder_output, prompt, tokenizer, options)
  File "/home/ubuntu/miniconda3/envs/openvoice/lib/python3.9/site-packages/faster_whisper/transcribe.py", line 641, in generate_with_fallback
    result = self.model.generate(
RuntimeError: CUDA failed with error out of memory
Traceback (most recent call last):
  File "/home/ubuntu/OpenVoice/job.py", line 334, in <module>
    clone_voice(f"./projects/{i}/{j}")
  File "/home/ubuntu/OpenVoice/job.py", line 201, in clone_voice
    return(convert_color(projectfolder))
  File "/home/ubuntu/OpenVoice/job.py", line 277, in convert_color
    target_se, audio_name = se_extractor.get_se(ref_audio_path, tone_color_converter, vad=False)
  File "/home/ubuntu/OpenVoice/openvoice/se_extractor.py", line 146, in get_se
    wavs_folder = split_audio_whisper(audio_path, target_dir=target_dir, audio_name=audio_name)
  File "/home/ubuntu/OpenVoice/openvoice/se_extractor.py", line 29, in split_audio_whisper
    segments = list(segments)
  File "/home/ubuntu/miniconda3/envs/openvoice/lib/python3.9/site-packages/faster_whisper/transcribe.py", line 433, in generate_segments
    ) = self.generate_with_fallback(encoder_output, prompt, tokenizer, options)
  File "/home/ubuntu/miniconda3/envs/openvoice/lib/python3.9/site-packages/faster_whisper/transcribe.py", line 641, in generate_with_fallback
    result = self.model.generate(
RuntimeError: CUDA failed with error out of memory
Traceback (most recent call last):
  File "/home/ubuntu/OpenVoice/job.py", line 334, in <module>
    clone_voice(f"./projects/{i}/{j}")
  File "/home/ubuntu/OpenVoice/job.py", line 201, in clone_voice
    return(convert_color(projectfolder))
  File "/home/ubuntu/OpenVoice/job.py", line 277, in convert_color
    target_se, audio_name = se_extractor.get_se(ref_audio_path, tone_color_converter, vad=False)
  File "/home/ubuntu/OpenVoice/openvoice/se_extractor.py", line 146, in get_se
    wavs_folder = split_audio_whisper(audio_path, target_dir=target_dir, audio_name=audio_name)
  File "/home/ubuntu/OpenVoice/openvoice/se_extractor.py", line 29, in split_audio_whisper
    segments = list(segments)
  File "/home/ubuntu/miniconda3/envs/openvoice/lib/python3.9/site-packages/faster_whisper/transcribe.py", line 433, in generate_segments
    ) = self.generate_with_fallback(encoder_output, prompt, tokenizer, options)
  File "/home/ubuntu/miniconda3/envs/openvoice/lib/python3.9/site-packages/faster_whisper/transcribe.py", line 641, in generate_with_fallback
    result = self.model.generate(
RuntimeError: CUDA failed with error out of memory
Traceback (most recent call last):
  File "/home/ubuntu/OpenVoice/job.py", line 334, in <module>
    clone_voice(f"./projects/{i}/{j}")
  File "/home/ubuntu/OpenVoice/job.py", line 201, in clone_voice
    return(convert_color(projectfolder))
  File "/home/ubuntu/OpenVoice/job.py", line 277, in convert_color
    target_se, audio_name = se_extractor.get_se(ref_audio_path, tone_color_converter, vad=False)
  File "/home/ubuntu/OpenVoice/openvoice/se_extractor.py", line 146, in get_se
    wavs_folder = split_audio_whisper(audio_path, target_dir=target_dir, audio_name=audio_name)
  File "/home/ubuntu/OpenVoice/openvoice/se_extractor.py", line 29, in split_audio_whisper
    segments = list(segments)
  File "/home/ubuntu/miniconda3/envs/openvoice/lib/python3.9/site-packages/faster_whisper/transcribe.py", line 433, in generate_segments
    ) = self.generate_with_fallback(encoder_output, prompt, tokenizer, options)
  File "/home/ubuntu/miniconda3/envs/openvoice/lib/python3.9/site-packages/faster_whisper/transcribe.py", line 641, in generate_with_fallback
    result = self.model.generate(
RuntimeError: CUDA failed with error out of memory
Traceback (most recent call last):
  File "/home/ubuntu/OpenVoice/job.py", line 334, in <module>
    clone_voice(f"./projects/{i}/{j}")
  File "/home/ubuntu/OpenVoice/job.py", line 201, in clone_voice
    return(convert_color(projectfolder))
  File "/home/ubuntu/OpenVoice/job.py", line 277, in convert_color
    target_se, audio_name = se_extractor.get_se(ref_audio_path, tone_color_converter, vad=False)
  File "/home/ubuntu/OpenVoice/openvoice/se_extractor.py", line 146, in get_se
    wavs_folder = split_audio_whisper(audio_path, target_dir=target_dir, audio_name=audio_name)
  File "/home/ubuntu/OpenVoice/openvoice/se_extractor.py", line 29, in split_audio_whisper
    segments = list(segments)
  File "/home/ubuntu/miniconda3/envs/openvoice/lib/python3.9/site-packages/faster_whisper/transcribe.py", line 433, in generate_segments
    ) = self.generate_with_fallback(encoder_output, prompt, tokenizer, options)
  File "/home/ubuntu/miniconda3/envs/openvoice/lib/python3.9/site-packages/faster_whisper/transcribe.py", line 641, in generate_with_fallback
    result = self.model.generate(
RuntimeError: CUDA failed with error out of memory
Traceback (most recent call last):
  File "/home/ubuntu/OpenVoice/job.py", line 334, in <module>
    clone_voice(f"./projects/{i}/{j}")
  File "/home/ubuntu/OpenVoice/job.py", line 201, in clone_voice
    return(convert_color(projectfolder))
  File "/home/ubuntu/OpenVoice/job.py", line 277, in convert_color
    target_se, audio_name = se_extractor.get_se(ref_audio_path, tone_color_converter, vad=False)
  File "/home/ubuntu/OpenVoice/openvoice/se_extractor.py", line 146, in get_se
    wavs_folder = split_audio_whisper(audio_path, target_dir=target_dir, audio_name=audio_name)
  File "/home/ubuntu/OpenVoice/openvoice/se_extractor.py", line 29, in split_audio_whisper
    segments = list(segments)
  File "/home/ubuntu/miniconda3/envs/openvoice/lib/python3.9/site-packages/faster_whisper/transcribe.py", line 433, in generate_segments
    ) = self.generate_with_fallback(encoder_output, prompt, tokenizer, options)
  File "/home/ubuntu/miniconda3/envs/openvoice/lib/python3.9/site-packages/faster_whisper/transcribe.py", line 641, in generate_with_fallback
    result = self.model.generate(
RuntimeError: CUDA failed with error out of memory
Traceback (most recent call last):
  File "/home/ubuntu/OpenVoice/job.py", line 334, in <module>
    clone_voice(f"./projects/{i}/{j}")
  File "/home/ubuntu/OpenVoice/job.py", line 201, in clone_voice
    return(convert_color(projectfolder))
  File "/home/ubuntu/OpenVoice/job.py", line 277, in convert_color
    target_se, audio_name = se_extractor.get_se(ref_audio_path, tone_color_converter, vad=False)
  File "/home/ubuntu/OpenVoice/openvoice/se_extractor.py", line 146, in get_se
    wavs_folder = split_audio_whisper(audio_path, target_dir=target_dir, audio_name=audio_name)
  File "/home/ubuntu/OpenVoice/openvoice/se_extractor.py", line 29, in split_audio_whisper
    segments = list(segments)
  File "/home/ubuntu/miniconda3/envs/openvoice/lib/python3.9/site-packages/faster_whisper/transcribe.py", line 433, in generate_segments
    ) = self.generate_with_fallback(encoder_output, prompt, tokenizer, options)
  File "/home/ubuntu/miniconda3/envs/openvoice/lib/python3.9/site-packages/faster_whisper/transcribe.py", line 641, in generate_with_fallback
    result = self.model.generate(
RuntimeError: CUDA failed with error out of memory
Traceback (most recent call last):
  File "/home/ubuntu/OpenVoice/job.py", line 334, in <module>
    clone_voice(f"./projects/{i}/{j}")
  File "/home/ubuntu/OpenVoice/job.py", line 201, in clone_voice
    return(convert_color(projectfolder))
  File "/home/ubuntu/OpenVoice/job.py", line 277, in convert_color
    target_se, audio_name = se_extractor.get_se(ref_audio_path, tone_color_converter, vad=False)
  File "/home/ubuntu/OpenVoice/openvoice/se_extractor.py", line 150, in get_se
    raise NotImplementedError('No audio segments found!')
NotImplementedError: No audio segments found!
Traceback (most recent call last):
  File "/home/ubuntu/OpenVoice/job.py", line 334, in <module>
    clone_voice(f"./projects/{i}/{j}")
  File "/home/ubuntu/OpenVoice/job.py", line 201, in clone_voice
    return(convert_color(projectfolder))
  File "/home/ubuntu/OpenVoice/job.py", line 277, in convert_color
    target_se, audio_name = se_extractor.get_se(ref_audio_path, tone_color_converter, vad=False)
  File "/home/ubuntu/OpenVoice/openvoice/se_extractor.py", line 146, in get_se
    wavs_folder = split_audio_whisper(audio_path, target_dir=target_dir, audio_name=audio_name)
  File "/home/ubuntu/OpenVoice/openvoice/se_extractor.py", line 29, in split_audio_whisper
    segments = list(segments)
  File "/home/ubuntu/miniconda3/envs/openvoice/lib/python3.9/site-packages/faster_whisper/transcribe.py", line 433, in generate_segments
    ) = self.generate_with_fallback(encoder_output, prompt, tokenizer, options)
  File "/home/ubuntu/miniconda3/envs/openvoice/lib/python3.9/site-packages/faster_whisper/transcribe.py", line 641, in generate_with_fallback
    result = self.model.generate(
RuntimeError: CUDA failed with error out of memory
Traceback (most recent call last):
  File "/home/ubuntu/OpenVoice/job.py", line 334, in <module>
    clone_voice(f"./projects/{i}/{j}")
  File "/home/ubuntu/OpenVoice/job.py", line 201, in clone_voice
    return(convert_color(projectfolder))
  File "/home/ubuntu/OpenVoice/job.py", line 277, in convert_color
    target_se, audio_name = se_extractor.get_se(ref_audio_path, tone_color_converter, vad=False)
  File "/home/ubuntu/OpenVoice/openvoice/se_extractor.py", line 146, in get_se
    wavs_folder = split_audio_whisper(audio_path, target_dir=target_dir, audio_name=audio_name)
  File "/home/ubuntu/OpenVoice/openvoice/se_extractor.py", line 29, in split_audio_whisper
    segments = list(segments)
  File "/home/ubuntu/miniconda3/envs/openvoice/lib/python3.9/site-packages/faster_whisper/transcribe.py", line 433, in generate_segments
    ) = self.generate_with_fallback(encoder_output, prompt, tokenizer, options)
  File "/home/ubuntu/miniconda3/envs/openvoice/lib/python3.9/site-packages/faster_whisper/transcribe.py", line 641, in generate_with_fallback
    result = self.model.generate(
RuntimeError: CUDA failed with error out of memory
Traceback (most recent call last):
  File "/home/ubuntu/OpenVoice/job.py", line 334, in <module>
    clone_voice(f"./projects/{i}/{j}")
  File "/home/ubuntu/OpenVoice/job.py", line 201, in clone_voice
    return(convert_color(projectfolder))
  File "/home/ubuntu/OpenVoice/job.py", line 277, in convert_color
    target_se, audio_name = se_extractor.get_se(ref_audio_path, tone_color_converter, vad=False)
  File "/home/ubuntu/OpenVoice/openvoice/se_extractor.py", line 146, in get_se
    wavs_folder = split_audio_whisper(audio_path, target_dir=target_dir, audio_name=audio_name)
  File "/home/ubuntu/OpenVoice/openvoice/se_extractor.py", line 29, in split_audio_whisper
    segments = list(segments)
  File "/home/ubuntu/miniconda3/envs/openvoice/lib/python3.9/site-packages/faster_whisper/transcribe.py", line 433, in generate_segments
    ) = self.generate_with_fallback(encoder_output, prompt, tokenizer, options)
  File "/home/ubuntu/miniconda3/envs/openvoice/lib/python3.9/site-packages/faster_whisper/transcribe.py", line 641, in generate_with_fallback
    result = self.model.generate(
RuntimeError: CUDA failed with error out of memory
Traceback (most recent call last):
  File "/home/ubuntu/OpenVoice/job.py", line 334, in <module>
    clone_voice(f"./projects/{i}/{j}")
  File "/home/ubuntu/OpenVoice/job.py", line 201, in clone_voice
    return(convert_color(projectfolder))
  File "/home/ubuntu/OpenVoice/job.py", line 277, in convert_color
    target_se, audio_name = se_extractor.get_se(ref_audio_path, tone_color_converter, vad=False)
  File "/home/ubuntu/OpenVoice/openvoice/se_extractor.py", line 146, in get_se
    wavs_folder = split_audio_whisper(audio_path, target_dir=target_dir, audio_name=audio_name)
  File "/home/ubuntu/OpenVoice/openvoice/se_extractor.py", line 29, in split_audio_whisper
    segments = list(segments)
  File "/home/ubuntu/miniconda3/envs/openvoice/lib/python3.9/site-packages/faster_whisper/transcribe.py", line 433, in generate_segments
    ) = self.generate_with_fallback(encoder_output, prompt, tokenizer, options)
  File "/home/ubuntu/miniconda3/envs/openvoice/lib/python3.9/site-packages/faster_whisper/transcribe.py", line 641, in generate_with_fallback
    result = self.model.generate(
RuntimeError: CUDA failed with error out of memory
Traceback (most recent call last):
  File "/home/ubuntu/OpenVoice/job.py", line 334, in <module>
    clone_voice(f"./projects/{i}/{j}")
  File "/home/ubuntu/OpenVoice/job.py", line 201, in clone_voice
    return(convert_color(projectfolder))
  File "/home/ubuntu/OpenVoice/job.py", line 277, in convert_color
    target_se, audio_name = se_extractor.get_se(ref_audio_path, tone_color_converter, vad=False)
  File "/home/ubuntu/OpenVoice/openvoice/se_extractor.py", line 146, in get_se
    wavs_folder = split_audio_whisper(audio_path, target_dir=target_dir, audio_name=audio_name)
  File "/home/ubuntu/OpenVoice/openvoice/se_extractor.py", line 29, in split_audio_whisper
    segments = list(segments)
  File "/home/ubuntu/miniconda3/envs/openvoice/lib/python3.9/site-packages/faster_whisper/transcribe.py", line 433, in generate_segments
    ) = self.generate_with_fallback(encoder_output, prompt, tokenizer, options)
  File "/home/ubuntu/miniconda3/envs/openvoice/lib/python3.9/site-packages/faster_whisper/transcribe.py", line 641, in generate_with_fallback
    result = self.model.generate(
RuntimeError: CUDA failed with error out of memory
Traceback (most recent call last):
  File "/home/ubuntu/OpenVoice/job.py", line 334, in <module>
    clone_voice(f"./projects/{i}/{j}")
  File "/home/ubuntu/OpenVoice/job.py", line 201, in clone_voice
    return(convert_color(projectfolder))
  File "/home/ubuntu/OpenVoice/job.py", line 277, in convert_color
    target_se, audio_name = se_extractor.get_se(ref_audio_path, tone_color_converter, vad=False)
  File "/home/ubuntu/OpenVoice/openvoice/se_extractor.py", line 146, in get_se
    wavs_folder = split_audio_whisper(audio_path, target_dir=target_dir, audio_name=audio_name)
  File "/home/ubuntu/OpenVoice/openvoice/se_extractor.py", line 29, in split_audio_whisper
    segments = list(segments)
  File "/home/ubuntu/miniconda3/envs/openvoice/lib/python3.9/site-packages/faster_whisper/transcribe.py", line 433, in generate_segments
    ) = self.generate_with_fallback(encoder_output, prompt, tokenizer, options)
  File "/home/ubuntu/miniconda3/envs/openvoice/lib/python3.9/site-packages/faster_whisper/transcribe.py", line 641, in generate_with_fallback
    result = self.model.generate(
RuntimeError: CUDA failed with error out of memory
Traceback (most recent call last):
  File "/home/ubuntu/OpenVoice/job.py", line 334, in <module>
    clone_voice(f"./projects/{i}/{j}")
  File "/home/ubuntu/OpenVoice/job.py", line 201, in clone_voice
    return(convert_color(projectfolder))
  File "/home/ubuntu/OpenVoice/job.py", line 277, in convert_color
    target_se, audio_name = se_extractor.get_se(ref_audio_path, tone_color_converter, vad=False)
  File "/home/ubuntu/OpenVoice/openvoice/se_extractor.py", line 146, in get_se
    wavs_folder = split_audio_whisper(audio_path, target_dir=target_dir, audio_name=audio_name)
  File "/home/ubuntu/OpenVoice/openvoice/se_extractor.py", line 29, in split_audio_whisper
    segments = list(segments)
  File "/home/ubuntu/miniconda3/envs/openvoice/lib/python3.9/site-packages/faster_whisper/transcribe.py", line 433, in generate_segments
    ) = self.generate_with_fallback(encoder_output, prompt, tokenizer, options)
  File "/home/ubuntu/miniconda3/envs/openvoice/lib/python3.9/site-packages/faster_whisper/transcribe.py", line 641, in generate_with_fallback
    result = self.model.generate(
RuntimeError: CUDA failed with error out of memory
Traceback (most recent call last):
  File "/home/ubuntu/OpenVoice/job.py", line 334, in <module>
    clone_voice(f"./projects/{i}/{j}")
  File "/home/ubuntu/OpenVoice/job.py", line 201, in clone_voice
    return(convert_color(projectfolder))
  File "/home/ubuntu/OpenVoice/job.py", line 277, in convert_color
    target_se, audio_name = se_extractor.get_se(ref_audio_path, tone_color_converter, vad=False)
  File "/home/ubuntu/OpenVoice/openvoice/se_extractor.py", line 146, in get_se
    wavs_folder = split_audio_whisper(audio_path, target_dir=target_dir, audio_name=audio_name)
  File "/home/ubuntu/OpenVoice/openvoice/se_extractor.py", line 29, in split_audio_whisper
    segments = list(segments)
  File "/home/ubuntu/miniconda3/envs/openvoice/lib/python3.9/site-packages/faster_whisper/transcribe.py", line 433, in generate_segments
    ) = self.generate_with_fallback(encoder_output, prompt, tokenizer, options)
  File "/home/ubuntu/miniconda3/envs/openvoice/lib/python3.9/site-packages/faster_whisper/transcribe.py", line 641, in generate_with_fallback
    result = self.model.generate(
RuntimeError: CUDA failed with error out of memory
Traceback (most recent call last):
  File "/home/ubuntu/OpenVoice/job.py", line 334, in <module>
    clone_voice(f"./projects/{i}/{j}")
  File "/home/ubuntu/OpenVoice/job.py", line 201, in clone_voice
    return(convert_color(projectfolder))
  File "/home/ubuntu/OpenVoice/job.py", line 277, in convert_color
    target_se, audio_name = se_extractor.get_se(ref_audio_path, tone_color_converter, vad=False)
  File "/home/ubuntu/OpenVoice/openvoice/se_extractor.py", line 146, in get_se
    wavs_folder = split_audio_whisper(audio_path, target_dir=target_dir, audio_name=audio_name)
  File "/home/ubuntu/OpenVoice/openvoice/se_extractor.py", line 29, in split_audio_whisper
    segments = list(segments)
  File "/home/ubuntu/miniconda3/envs/openvoice/lib/python3.9/site-packages/faster_whisper/transcribe.py", line 433, in generate_segments
    ) = self.generate_with_fallback(encoder_output, prompt, tokenizer, options)
  File "/home/ubuntu/miniconda3/envs/openvoice/lib/python3.9/site-packages/faster_whisper/transcribe.py", line 641, in generate_with_fallback
    result = self.model.generate(
RuntimeError: CUDA failed with error out of memory
Traceback (most recent call last):
  File "/home/ubuntu/OpenVoice/job.py", line 334, in <module>
    clone_voice(f"./projects/{i}/{j}")
  File "/home/ubuntu/OpenVoice/job.py", line 201, in clone_voice
    return(convert_color(projectfolder))
  File "/home/ubuntu/OpenVoice/job.py", line 277, in convert_color
    target_se, audio_name = se_extractor.get_se(ref_audio_path, tone_color_converter, vad=False)
  File "/home/ubuntu/OpenVoice/openvoice/se_extractor.py", line 146, in get_se
    wavs_folder = split_audio_whisper(audio_path, target_dir=target_dir, audio_name=audio_name)
  File "/home/ubuntu/OpenVoice/openvoice/se_extractor.py", line 29, in split_audio_whisper
    segments = list(segments)
  File "/home/ubuntu/miniconda3/envs/openvoice/lib/python3.9/site-packages/faster_whisper/transcribe.py", line 433, in generate_segments
    ) = self.generate_with_fallback(encoder_output, prompt, tokenizer, options)
  File "/home/ubuntu/miniconda3/envs/openvoice/lib/python3.9/site-packages/faster_whisper/transcribe.py", line 641, in generate_with_fallback
    result = self.model.generate(
RuntimeError: CUDA failed with error out of memory
Traceback (most recent call last):
  File "/home/ubuntu/OpenVoice/job.py", line 334, in <module>
    clone_voice(f"./projects/{i}/{j}")
  File "/home/ubuntu/OpenVoice/job.py", line 201, in clone_voice
    return(convert_color(projectfolder))
  File "/home/ubuntu/OpenVoice/job.py", line 277, in convert_color
    target_se, audio_name = se_extractor.get_se(ref_audio_path, tone_color_converter, vad=False)
  File "/home/ubuntu/OpenVoice/openvoice/se_extractor.py", line 146, in get_se
    wavs_folder = split_audio_whisper(audio_path, target_dir=target_dir, audio_name=audio_name)
  File "/home/ubuntu/OpenVoice/openvoice/se_extractor.py", line 29, in split_audio_whisper
    segments = list(segments)
  File "/home/ubuntu/miniconda3/envs/openvoice/lib/python3.9/site-packages/faster_whisper/transcribe.py", line 433, in generate_segments
    ) = self.generate_with_fallback(encoder_output, prompt, tokenizer, options)
  File "/home/ubuntu/miniconda3/envs/openvoice/lib/python3.9/site-packages/faster_whisper/transcribe.py", line 641, in generate_with_fallback
    result = self.model.generate(
RuntimeError: CUDA failed with error out of memory
Traceback (most recent call last):
  File "/home/ubuntu/OpenVoice/job.py", line 334, in <module>
    clone_voice(f"./projects/{i}/{j}")
  File "/home/ubuntu/OpenVoice/job.py", line 201, in clone_voice
    return(convert_color(projectfolder))
  File "/home/ubuntu/OpenVoice/job.py", line 277, in convert_color
    target_se, audio_name = se_extractor.get_se(ref_audio_path, tone_color_converter, vad=False)
  File "/home/ubuntu/OpenVoice/openvoice/se_extractor.py", line 146, in get_se
    wavs_folder = split_audio_whisper(audio_path, target_dir=target_dir, audio_name=audio_name)
  File "/home/ubuntu/OpenVoice/openvoice/se_extractor.py", line 29, in split_audio_whisper
    segments = list(segments)
  File "/home/ubuntu/miniconda3/envs/openvoice/lib/python3.9/site-packages/faster_whisper/transcribe.py", line 433, in generate_segments
    ) = self.generate_with_fallback(encoder_output, prompt, tokenizer, options)
  File "/home/ubuntu/miniconda3/envs/openvoice/lib/python3.9/site-packages/faster_whisper/transcribe.py", line 641, in generate_with_fallback
    result = self.model.generate(
RuntimeError: CUDA failed with error out of memory
Traceback (most recent call last):
  File "/home/ubuntu/OpenVoice/job.py", line 334, in <module>
    clone_voice(f"./projects/{i}/{j}")
  File "/home/ubuntu/OpenVoice/job.py", line 201, in clone_voice
    return(convert_color(projectfolder))
  File "/home/ubuntu/OpenVoice/job.py", line 277, in convert_color
    target_se, audio_name = se_extractor.get_se(ref_audio_path, tone_color_converter, vad=False)
  File "/home/ubuntu/OpenVoice/openvoice/se_extractor.py", line 146, in get_se
    wavs_folder = split_audio_whisper(audio_path, target_dir=target_dir, audio_name=audio_name)
  File "/home/ubuntu/OpenVoice/openvoice/se_extractor.py", line 29, in split_audio_whisper
    segments = list(segments)
  File "/home/ubuntu/miniconda3/envs/openvoice/lib/python3.9/site-packages/faster_whisper/transcribe.py", line 433, in generate_segments
    ) = self.generate_with_fallback(encoder_output, prompt, tokenizer, options)
  File "/home/ubuntu/miniconda3/envs/openvoice/lib/python3.9/site-packages/faster_whisper/transcribe.py", line 641, in generate_with_fallback
    result = self.model.generate(
RuntimeError: CUDA failed with error out of memory
Traceback (most recent call last):
  File "/home/ubuntu/OpenVoice/job.py", line 334, in <module>
    clone_voice(f"./projects/{i}/{j}")
  File "/home/ubuntu/OpenVoice/job.py", line 201, in clone_voice
    return(convert_color(projectfolder))
  File "/home/ubuntu/OpenVoice/job.py", line 277, in convert_color
    target_se, audio_name = se_extractor.get_se(ref_audio_path, tone_color_converter, vad=False)
  File "/home/ubuntu/OpenVoice/openvoice/se_extractor.py", line 146, in get_se
    wavs_folder = split_audio_whisper(audio_path, target_dir=target_dir, audio_name=audio_name)
  File "/home/ubuntu/OpenVoice/openvoice/se_extractor.py", line 29, in split_audio_whisper
    segments = list(segments)
  File "/home/ubuntu/miniconda3/envs/openvoice/lib/python3.9/site-packages/faster_whisper/transcribe.py", line 433, in generate_segments
    ) = self.generate_with_fallback(encoder_output, prompt, tokenizer, options)
  File "/home/ubuntu/miniconda3/envs/openvoice/lib/python3.9/site-packages/faster_whisper/transcribe.py", line 641, in generate_with_fallback
    result = self.model.generate(
RuntimeError: CUDA failed with error out of memory
Traceback (most recent call last):
  File "/home/ubuntu/OpenVoice/job.py", line 334, in <module>
    clone_voice(f"./projects/{i}/{j}")
  File "/home/ubuntu/OpenVoice/job.py", line 201, in clone_voice
    return(convert_color(projectfolder))
  File "/home/ubuntu/OpenVoice/job.py", line 277, in convert_color
    target_se, audio_name = se_extractor.get_se(ref_audio_path, tone_color_converter, vad=False)
  File "/home/ubuntu/OpenVoice/openvoice/se_extractor.py", line 150, in get_se
    raise NotImplementedError('No audio segments found!')
NotImplementedError: No audio segments found!
Traceback (most recent call last):
  File "/home/ubuntu/OpenVoice/job.py", line 334, in <module>
    clone_voice(f"./projects/{i}/{j}")
  File "/home/ubuntu/OpenVoice/job.py", line 201, in clone_voice
    return(convert_color(projectfolder))
  File "/home/ubuntu/OpenVoice/job.py", line 277, in convert_color
    target_se, audio_name = se_extractor.get_se(ref_audio_path, tone_color_converter, vad=False)
  File "/home/ubuntu/OpenVoice/openvoice/se_extractor.py", line 146, in get_se
    wavs_folder = split_audio_whisper(audio_path, target_dir=target_dir, audio_name=audio_name)
  File "/home/ubuntu/OpenVoice/openvoice/se_extractor.py", line 29, in split_audio_whisper
    segments = list(segments)
  File "/home/ubuntu/miniconda3/envs/openvoice/lib/python3.9/site-packages/faster_whisper/transcribe.py", line 433, in generate_segments
    ) = self.generate_with_fallback(encoder_output, prompt, tokenizer, options)
  File "/home/ubuntu/miniconda3/envs/openvoice/lib/python3.9/site-packages/faster_whisper/transcribe.py", line 641, in generate_with_fallback
    result = self.model.generate(
RuntimeError: CUDA failed with error out of memory
Traceback (most recent call last):
  File "/home/ubuntu/OpenVoice/job.py", line 334, in <module>
    clone_voice(f"./projects/{i}/{j}")
  File "/home/ubuntu/OpenVoice/job.py", line 201, in clone_voice
    return(convert_color(projectfolder))
  File "/home/ubuntu/OpenVoice/job.py", line 277, in convert_color
    target_se, audio_name = se_extractor.get_se(ref_audio_path, tone_color_converter, vad=False)
  File "/home/ubuntu/OpenVoice/openvoice/se_extractor.py", line 146, in get_se
    wavs_folder = split_audio_whisper(audio_path, target_dir=target_dir, audio_name=audio_name)
  File "/home/ubuntu/OpenVoice/openvoice/se_extractor.py", line 29, in split_audio_whisper
    segments = list(segments)
  File "/home/ubuntu/miniconda3/envs/openvoice/lib/python3.9/site-packages/faster_whisper/transcribe.py", line 433, in generate_segments
    ) = self.generate_with_fallback(encoder_output, prompt, tokenizer, options)
  File "/home/ubuntu/miniconda3/envs/openvoice/lib/python3.9/site-packages/faster_whisper/transcribe.py", line 641, in generate_with_fallback
    result = self.model.generate(
RuntimeError: CUDA failed with error out of memory
Traceback (most recent call last):
  File "/home/ubuntu/OpenVoice/job.py", line 334, in <module>
    clone_voice(f"./projects/{i}/{j}")
  File "/home/ubuntu/OpenVoice/job.py", line 201, in clone_voice
    return(convert_color(projectfolder))
  File "/home/ubuntu/OpenVoice/job.py", line 277, in convert_color
    target_se, audio_name = se_extractor.get_se(ref_audio_path, tone_color_converter, vad=False)
  File "/home/ubuntu/OpenVoice/openvoice/se_extractor.py", line 146, in get_se
    wavs_folder = split_audio_whisper(audio_path, target_dir=target_dir, audio_name=audio_name)
  File "/home/ubuntu/OpenVoice/openvoice/se_extractor.py", line 29, in split_audio_whisper
    segments = list(segments)
  File "/home/ubuntu/miniconda3/envs/openvoice/lib/python3.9/site-packages/faster_whisper/transcribe.py", line 433, in generate_segments
    ) = self.generate_with_fallback(encoder_output, prompt, tokenizer, options)
  File "/home/ubuntu/miniconda3/envs/openvoice/lib/python3.9/site-packages/faster_whisper/transcribe.py", line 641, in generate_with_fallback
    result = self.model.generate(
RuntimeError: CUDA failed with error out of memory
Traceback (most recent call last):
  File "/home/ubuntu/OpenVoice/job.py", line 334, in <module>
    clone_voice(f"./projects/{i}/{j}")
  File "/home/ubuntu/OpenVoice/job.py", line 201, in clone_voice
    return(convert_color(projectfolder))
  File "/home/ubuntu/OpenVoice/job.py", line 277, in convert_color
    target_se, audio_name = se_extractor.get_se(ref_audio_path, tone_color_converter, vad=False)
  File "/home/ubuntu/OpenVoice/openvoice/se_extractor.py", line 150, in get_se
    raise NotImplementedError('No audio segments found!')
NotImplementedError: No audio segments found!
Traceback (most recent call last):
  File "/home/ubuntu/OpenVoice/job.py", line 334, in <module>
    clone_voice(f"./projects/{i}/{j}")
  File "/home/ubuntu/OpenVoice/job.py", line 201, in clone_voice
    return(convert_color(projectfolder))
  File "/home/ubuntu/OpenVoice/job.py", line 277, in convert_color
    target_se, audio_name = se_extractor.get_se(ref_audio_path, tone_color_converter, vad=False)
  File "/home/ubuntu/OpenVoice/openvoice/se_extractor.py", line 146, in get_se
    wavs_folder = split_audio_whisper(audio_path, target_dir=target_dir, audio_name=audio_name)
  File "/home/ubuntu/OpenVoice/openvoice/se_extractor.py", line 29, in split_audio_whisper
    segments = list(segments)
  File "/home/ubuntu/miniconda3/envs/openvoice/lib/python3.9/site-packages/faster_whisper/transcribe.py", line 433, in generate_segments
    ) = self.generate_with_fallback(encoder_output, prompt, tokenizer, options)
  File "/home/ubuntu/miniconda3/envs/openvoice/lib/python3.9/site-packages/faster_whisper/transcribe.py", line 641, in generate_with_fallback
    result = self.model.generate(
RuntimeError: CUDA failed with error out of memory
Traceback (most recent call last):
  File "/home/ubuntu/OpenVoice/job.py", line 334, in <module>
    clone_voice(f"./projects/{i}/{j}")
  File "/home/ubuntu/OpenVoice/job.py", line 201, in clone_voice
    return(convert_color(projectfolder))
  File "/home/ubuntu/OpenVoice/job.py", line 277, in convert_color
    target_se, audio_name = se_extractor.get_se(ref_audio_path, tone_color_converter, vad=False)
  File "/home/ubuntu/OpenVoice/openvoice/se_extractor.py", line 150, in get_se
    raise NotImplementedError('No audio segments found!')
NotImplementedError: No audio segments found!
Traceback (most recent call last):
  File "/home/ubuntu/OpenVoice/job.py", line 334, in <module>
    clone_voice(f"./projects/{i}/{j}")
  File "/home/ubuntu/OpenVoice/job.py", line 201, in clone_voice
    return(convert_color(projectfolder))
  File "/home/ubuntu/OpenVoice/job.py", line 277, in convert_color
    target_se, audio_name = se_extractor.get_se(ref_audio_path, tone_color_converter, vad=False)
  File "/home/ubuntu/OpenVoice/openvoice/se_extractor.py", line 146, in get_se
    wavs_folder = split_audio_whisper(audio_path, target_dir=target_dir, audio_name=audio_name)
  File "/home/ubuntu/OpenVoice/openvoice/se_extractor.py", line 29, in split_audio_whisper
    segments = list(segments)
  File "/home/ubuntu/miniconda3/envs/openvoice/lib/python3.9/site-packages/faster_whisper/transcribe.py", line 433, in generate_segments
    ) = self.generate_with_fallback(encoder_output, prompt, tokenizer, options)
  File "/home/ubuntu/miniconda3/envs/openvoice/lib/python3.9/site-packages/faster_whisper/transcribe.py", line 641, in generate_with_fallback
    result = self.model.generate(
RuntimeError: CUDA failed with error out of memory
Traceback (most recent call last):
  File "/home/ubuntu/miniconda3/envs/openvoice/lib/python3.9/site-packages/librosa/core/audio.py", line 155, in load
    context = sf.SoundFile(path)
  File "/home/ubuntu/miniconda3/envs/openvoice/lib/python3.9/site-packages/soundfile.py", line 658, in __init__
    self._file = self._open(file, mode_int, closefd)
  File "/home/ubuntu/miniconda3/envs/openvoice/lib/python3.9/site-packages/soundfile.py", line 1216, in _open
    raise LibsndfileError(err, prefix="Error opening {0!r}: ".format(self.name))
soundfile.LibsndfileError: Error opening './projects/d017813c-f0b8-41eb-a8c1-9b2162b16fc7/0/0_clone_Instant#en-NG-EzinneNeural.mp3': File does not exist or is not a regular file (possibly a pipe?).

During handling of the above exception, another exception occurred:

Traceback (most recent call last):
  File "/home/ubuntu/OpenVoice/job.py", line 334, in <module>
    clone_voice(f"./projects/{i}/{j}")
  File "/home/ubuntu/OpenVoice/job.py", line 201, in clone_voice
    return(convert_color(projectfolder))
  File "/home/ubuntu/OpenVoice/job.py", line 314, in convert_color
    tone_color_converter.convert(
  File "/home/ubuntu/OpenVoice/openvoice/api.py", line 144, in convert
    audio, sample_rate = librosa.load(audio_src_path, sr=hps.data.sampling_rate)
  File "/home/ubuntu/miniconda3/envs/openvoice/lib/python3.9/site-packages/librosa/util/decorators.py", line 88, in inner_f
    return f(*args, **kwargs)
  File "/home/ubuntu/miniconda3/envs/openvoice/lib/python3.9/site-packages/librosa/core/audio.py", line 174, in load
    y, sr_native = __audioread_load(path, offset, duration, dtype)
  File "/home/ubuntu/miniconda3/envs/openvoice/lib/python3.9/site-packages/librosa/core/audio.py", line 198, in __audioread_load
    with audioread.audio_open(path) as input_file:
  File "/home/ubuntu/miniconda3/envs/openvoice/lib/python3.9/site-packages/audioread/__init__.py", line 127, in audio_open
    return BackendClass(path)
  File "/home/ubuntu/miniconda3/envs/openvoice/lib/python3.9/site-packages/audioread/rawread.py", line 62, in __init__
    self._file = aifc.open(self._fh)
  File "/home/ubuntu/miniconda3/envs/openvoice/lib/python3.9/aifc.py", line 917, in open
    return Aifc_read(f)
  File "/home/ubuntu/miniconda3/envs/openvoice/lib/python3.9/aifc.py", line 358, in __init__
    self.initfp(f)
  File "/home/ubuntu/miniconda3/envs/openvoice/lib/python3.9/aifc.py", line 314, in initfp
    chunk = Chunk(file)
  File "/home/ubuntu/miniconda3/envs/openvoice/lib/python3.9/chunk.py", line 63, in __init__
    raise EOFError
EOFError
Traceback (most recent call last):
  File "/home/ubuntu/OpenVoice/job.py", line 334, in <module>
    clone_voice(f"./projects/{i}/{j}")
  File "/home/ubuntu/OpenVoice/job.py", line 201, in clone_voice
    return(convert_color(projectfolder))
  File "/home/ubuntu/OpenVoice/job.py", line 277, in convert_color
    target_se, audio_name = se_extractor.get_se(ref_audio_path, tone_color_converter, vad=False)
  File "/home/ubuntu/OpenVoice/openvoice/se_extractor.py", line 146, in get_se
    wavs_folder = split_audio_whisper(audio_path, target_dir=target_dir, audio_name=audio_name)
  File "/home/ubuntu/OpenVoice/openvoice/se_extractor.py", line 29, in split_audio_whisper
    segments = list(segments)
  File "/home/ubuntu/miniconda3/envs/openvoice/lib/python3.9/site-packages/faster_whisper/transcribe.py", line 433, in generate_segments
    ) = self.generate_with_fallback(encoder_output, prompt, tokenizer, options)
  File "/home/ubuntu/miniconda3/envs/openvoice/lib/python3.9/site-packages/faster_whisper/transcribe.py", line 641, in generate_with_fallback
    result = self.model.generate(
RuntimeError: CUDA failed with error out of memory
Traceback (most recent call last):
  File "/home/ubuntu/OpenVoice/job.py", line 334, in <module>
    clone_voice(f"./projects/{i}/{j}")
  File "/home/ubuntu/OpenVoice/job.py", line 201, in clone_voice
    return(convert_color(projectfolder))
  File "/home/ubuntu/OpenVoice/job.py", line 277, in convert_color
    target_se, audio_name = se_extractor.get_se(ref_audio_path, tone_color_converter, vad=False)
  File "/home/ubuntu/OpenVoice/openvoice/se_extractor.py", line 146, in get_se
    wavs_folder = split_audio_whisper(audio_path, target_dir=target_dir, audio_name=audio_name)
  File "/home/ubuntu/OpenVoice/openvoice/se_extractor.py", line 29, in split_audio_whisper
    segments = list(segments)
  File "/home/ubuntu/miniconda3/envs/openvoice/lib/python3.9/site-packages/faster_whisper/transcribe.py", line 433, in generate_segments
    ) = self.generate_with_fallback(encoder_output, prompt, tokenizer, options)
  File "/home/ubuntu/miniconda3/envs/openvoice/lib/python3.9/site-packages/faster_whisper/transcribe.py", line 641, in generate_with_fallback
    result = self.model.generate(
RuntimeError: CUDA failed with error out of memory
Traceback (most recent call last):
  File "/home/ubuntu/OpenVoice/job.py", line 334, in <module>
    clone_voice(f"./projects/{i}/{j}")
  File "/home/ubuntu/OpenVoice/job.py", line 201, in clone_voice
    return(convert_color(projectfolder))
  File "/home/ubuntu/OpenVoice/job.py", line 277, in convert_color
    target_se, audio_name = se_extractor.get_se(ref_audio_path, tone_color_converter, vad=False)
  File "/home/ubuntu/OpenVoice/openvoice/se_extractor.py", line 146, in get_se
    wavs_folder = split_audio_whisper(audio_path, target_dir=target_dir, audio_name=audio_name)
  File "/home/ubuntu/OpenVoice/openvoice/se_extractor.py", line 29, in split_audio_whisper
    segments = list(segments)
  File "/home/ubuntu/miniconda3/envs/openvoice/lib/python3.9/site-packages/faster_whisper/transcribe.py", line 433, in generate_segments
    ) = self.generate_with_fallback(encoder_output, prompt, tokenizer, options)
  File "/home/ubuntu/miniconda3/envs/openvoice/lib/python3.9/site-packages/faster_whisper/transcribe.py", line 641, in generate_with_fallback
    result = self.model.generate(
RuntimeError: CUDA failed with error out of memory
Traceback (most recent call last):
  File "/home/ubuntu/OpenVoice/job.py", line 334, in <module>
    clone_voice(f"./projects/{i}/{j}")
  File "/home/ubuntu/OpenVoice/job.py", line 201, in clone_voice
    return(convert_color(projectfolder))
  File "/home/ubuntu/OpenVoice/job.py", line 277, in convert_color
    target_se, audio_name = se_extractor.get_se(ref_audio_path, tone_color_converter, vad=False)
  File "/home/ubuntu/OpenVoice/openvoice/se_extractor.py", line 146, in get_se
    wavs_folder = split_audio_whisper(audio_path, target_dir=target_dir, audio_name=audio_name)
  File "/home/ubuntu/OpenVoice/openvoice/se_extractor.py", line 29, in split_audio_whisper
    segments = list(segments)
  File "/home/ubuntu/miniconda3/envs/openvoice/lib/python3.9/site-packages/faster_whisper/transcribe.py", line 433, in generate_segments
    ) = self.generate_with_fallback(encoder_output, prompt, tokenizer, options)
  File "/home/ubuntu/miniconda3/envs/openvoice/lib/python3.9/site-packages/faster_whisper/transcribe.py", line 641, in generate_with_fallback
    result = self.model.generate(
RuntimeError: CUDA failed with error out of memory
Traceback (most recent call last):
  File "/home/ubuntu/OpenVoice/job.py", line 334, in <module>
    clone_voice(f"./projects/{i}/{j}")
  File "/home/ubuntu/OpenVoice/job.py", line 201, in clone_voice
    return(convert_color(projectfolder))
  File "/home/ubuntu/OpenVoice/job.py", line 277, in convert_color
    target_se, audio_name = se_extractor.get_se(ref_audio_path, tone_color_converter, vad=False)
  File "/home/ubuntu/OpenVoice/openvoice/se_extractor.py", line 146, in get_se
    wavs_folder = split_audio_whisper(audio_path, target_dir=target_dir, audio_name=audio_name)
  File "/home/ubuntu/OpenVoice/openvoice/se_extractor.py", line 29, in split_audio_whisper
    segments = list(segments)
  File "/home/ubuntu/miniconda3/envs/openvoice/lib/python3.9/site-packages/faster_whisper/transcribe.py", line 433, in generate_segments
    ) = self.generate_with_fallback(encoder_output, prompt, tokenizer, options)
  File "/home/ubuntu/miniconda3/envs/openvoice/lib/python3.9/site-packages/faster_whisper/transcribe.py", line 641, in generate_with_fallback
    result = self.model.generate(
RuntimeError: CUDA failed with error out of memory
Traceback (most recent call last):
  File "/home/ubuntu/OpenVoice/job.py", line 334, in <module>
    clone_voice(f"./projects/{i}/{j}")
  File "/home/ubuntu/OpenVoice/job.py", line 201, in clone_voice
    return(convert_color(projectfolder))
  File "/home/ubuntu/OpenVoice/job.py", line 277, in convert_color
    target_se, audio_name = se_extractor.get_se(ref_audio_path, tone_color_converter, vad=False)
  File "/home/ubuntu/OpenVoice/openvoice/se_extractor.py", line 146, in get_se
    wavs_folder = split_audio_whisper(audio_path, target_dir=target_dir, audio_name=audio_name)
  File "/home/ubuntu/OpenVoice/openvoice/se_extractor.py", line 29, in split_audio_whisper
    segments = list(segments)
  File "/home/ubuntu/miniconda3/envs/openvoice/lib/python3.9/site-packages/faster_whisper/transcribe.py", line 433, in generate_segments
    ) = self.generate_with_fallback(encoder_output, prompt, tokenizer, options)
  File "/home/ubuntu/miniconda3/envs/openvoice/lib/python3.9/site-packages/faster_whisper/transcribe.py", line 641, in generate_with_fallback
    result = self.model.generate(
RuntimeError: CUDA failed with error out of memory
Traceback (most recent call last):
  File "/home/ubuntu/OpenVoice/job.py", line 334, in <module>
    clone_voice(f"./projects/{i}/{j}")
  File "/home/ubuntu/OpenVoice/job.py", line 201, in clone_voice
    return(convert_color(projectfolder))
  File "/home/ubuntu/OpenVoice/job.py", line 277, in convert_color
    target_se, audio_name = se_extractor.get_se(ref_audio_path, tone_color_converter, vad=False)
  File "/home/ubuntu/OpenVoice/openvoice/se_extractor.py", line 150, in get_se
    raise NotImplementedError('No audio segments found!')
NotImplementedError: No audio segments found!
Traceback (most recent call last):
  File "/home/ubuntu/OpenVoice/job.py", line 334, in <module>
    clone_voice(f"./projects/{i}/{j}")
  File "/home/ubuntu/OpenVoice/job.py", line 201, in clone_voice
    return(convert_color(projectfolder))
  File "/home/ubuntu/OpenVoice/job.py", line 277, in convert_color
    target_se, audio_name = se_extractor.get_se(ref_audio_path, tone_color_converter, vad=False)
  File "/home/ubuntu/OpenVoice/openvoice/se_extractor.py", line 146, in get_se
    wavs_folder = split_audio_whisper(audio_path, target_dir=target_dir, audio_name=audio_name)
  File "/home/ubuntu/OpenVoice/openvoice/se_extractor.py", line 29, in split_audio_whisper
    segments = list(segments)
  File "/home/ubuntu/miniconda3/envs/openvoice/lib/python3.9/site-packages/faster_whisper/transcribe.py", line 433, in generate_segments
    ) = self.generate_with_fallback(encoder_output, prompt, tokenizer, options)
  File "/home/ubuntu/miniconda3/envs/openvoice/lib/python3.9/site-packages/faster_whisper/transcribe.py", line 641, in generate_with_fallback
    result = self.model.generate(
RuntimeError: CUDA failed with error out of memory
Traceback (most recent call last):
  File "/home/ubuntu/OpenVoice/job.py", line 334, in <module>
    clone_voice(f"./projects/{i}/{j}")
  File "/home/ubuntu/OpenVoice/job.py", line 201, in clone_voice
    return(convert_color(projectfolder))
  File "/home/ubuntu/OpenVoice/job.py", line 277, in convert_color
    target_se, audio_name = se_extractor.get_se(ref_audio_path, tone_color_converter, vad=False)
  File "/home/ubuntu/OpenVoice/openvoice/se_extractor.py", line 146, in get_se
    wavs_folder = split_audio_whisper(audio_path, target_dir=target_dir, audio_name=audio_name)
  File "/home/ubuntu/OpenVoice/openvoice/se_extractor.py", line 29, in split_audio_whisper
    segments = list(segments)
  File "/home/ubuntu/miniconda3/envs/openvoice/lib/python3.9/site-packages/faster_whisper/transcribe.py", line 433, in generate_segments
    ) = self.generate_with_fallback(encoder_output, prompt, tokenizer, options)
  File "/home/ubuntu/miniconda3/envs/openvoice/lib/python3.9/site-packages/faster_whisper/transcribe.py", line 641, in generate_with_fallback
    result = self.model.generate(
RuntimeError: CUDA failed with error out of memory
Traceback (most recent call last):
  File "/home/ubuntu/OpenVoice/job.py", line 334, in <module>
    clone_voice(f"./projects/{i}/{j}")
  File "/home/ubuntu/OpenVoice/job.py", line 201, in clone_voice
    return(convert_color(projectfolder))
  File "/home/ubuntu/OpenVoice/job.py", line 277, in convert_color
    target_se, audio_name = se_extractor.get_se(ref_audio_path, tone_color_converter, vad=False)
  File "/home/ubuntu/OpenVoice/openvoice/se_extractor.py", line 146, in get_se
    wavs_folder = split_audio_whisper(audio_path, target_dir=target_dir, audio_name=audio_name)
  File "/home/ubuntu/OpenVoice/openvoice/se_extractor.py", line 29, in split_audio_whisper
    segments = list(segments)
  File "/home/ubuntu/miniconda3/envs/openvoice/lib/python3.9/site-packages/faster_whisper/transcribe.py", line 433, in generate_segments
    ) = self.generate_with_fallback(encoder_output, prompt, tokenizer, options)
  File "/home/ubuntu/miniconda3/envs/openvoice/lib/python3.9/site-packages/faster_whisper/transcribe.py", line 641, in generate_with_fallback
    result = self.model.generate(
RuntimeError: CUDA failed with error out of memory
Traceback (most recent call last):
  File "/home/ubuntu/OpenVoice/job.py", line 334, in <module>
    clone_voice(f"./projects/{i}/{j}")
  File "/home/ubuntu/OpenVoice/job.py", line 201, in clone_voice
    return(convert_color(projectfolder))
  File "/home/ubuntu/OpenVoice/job.py", line 277, in convert_color
    target_se, audio_name = se_extractor.get_se(ref_audio_path, tone_color_converter, vad=False)
  File "/home/ubuntu/OpenVoice/openvoice/se_extractor.py", line 146, in get_se
    wavs_folder = split_audio_whisper(audio_path, target_dir=target_dir, audio_name=audio_name)
  File "/home/ubuntu/OpenVoice/openvoice/se_extractor.py", line 29, in split_audio_whisper
    segments = list(segments)
  File "/home/ubuntu/miniconda3/envs/openvoice/lib/python3.9/site-packages/faster_whisper/transcribe.py", line 433, in generate_segments
    ) = self.generate_with_fallback(encoder_output, prompt, tokenizer, options)
  File "/home/ubuntu/miniconda3/envs/openvoice/lib/python3.9/site-packages/faster_whisper/transcribe.py", line 641, in generate_with_fallback
    result = self.model.generate(
RuntimeError: CUDA failed with error out of memory
Traceback (most recent call last):
  File "/home/ubuntu/OpenVoice/job.py", line 334, in <module>
    clone_voice(f"./projects/{i}/{j}")
  File "/home/ubuntu/OpenVoice/job.py", line 201, in clone_voice
    return(convert_color(projectfolder))
  File "/home/ubuntu/OpenVoice/job.py", line 277, in convert_color
    target_se, audio_name = se_extractor.get_se(ref_audio_path, tone_color_converter, vad=False)
  File "/home/ubuntu/OpenVoice/openvoice/se_extractor.py", line 146, in get_se
    wavs_folder = split_audio_whisper(audio_path, target_dir=target_dir, audio_name=audio_name)
  File "/home/ubuntu/OpenVoice/openvoice/se_extractor.py", line 29, in split_audio_whisper
    segments = list(segments)
  File "/home/ubuntu/miniconda3/envs/openvoice/lib/python3.9/site-packages/faster_whisper/transcribe.py", line 433, in generate_segments
    ) = self.generate_with_fallback(encoder_output, prompt, tokenizer, options)
  File "/home/ubuntu/miniconda3/envs/openvoice/lib/python3.9/site-packages/faster_whisper/transcribe.py", line 641, in generate_with_fallback
    result = self.model.generate(
RuntimeError: CUDA failed with error out of memory
Traceback (most recent call last):
  File "/home/ubuntu/OpenVoice/job.py", line 334, in <module>
    clone_voice(f"./projects/{i}/{j}")
  File "/home/ubuntu/OpenVoice/job.py", line 201, in clone_voice
    return(convert_color(projectfolder))
  File "/home/ubuntu/OpenVoice/job.py", line 277, in convert_color
    target_se, audio_name = se_extractor.get_se(ref_audio_path, tone_color_converter, vad=False)
  File "/home/ubuntu/OpenVoice/openvoice/se_extractor.py", line 146, in get_se
    wavs_folder = split_audio_whisper(audio_path, target_dir=target_dir, audio_name=audio_name)
  File "/home/ubuntu/OpenVoice/openvoice/se_extractor.py", line 29, in split_audio_whisper
    segments = list(segments)
  File "/home/ubuntu/miniconda3/envs/openvoice/lib/python3.9/site-packages/faster_whisper/transcribe.py", line 433, in generate_segments
    ) = self.generate_with_fallback(encoder_output, prompt, tokenizer, options)
  File "/home/ubuntu/miniconda3/envs/openvoice/lib/python3.9/site-packages/faster_whisper/transcribe.py", line 641, in generate_with_fallback
    result = self.model.generate(
RuntimeError: CUDA failed with error out of memory
Traceback (most recent call last):
  File "/home/ubuntu/OpenVoice/job.py", line 334, in <module>
    clone_voice(f"./projects/{i}/{j}")
  File "/home/ubuntu/OpenVoice/job.py", line 201, in clone_voice
    return(convert_color(projectfolder))
  File "/home/ubuntu/OpenVoice/job.py", line 277, in convert_color
    target_se, audio_name = se_extractor.get_se(ref_audio_path, tone_color_converter, vad=False)
  File "/home/ubuntu/OpenVoice/openvoice/se_extractor.py", line 146, in get_se
    wavs_folder = split_audio_whisper(audio_path, target_dir=target_dir, audio_name=audio_name)
  File "/home/ubuntu/OpenVoice/openvoice/se_extractor.py", line 29, in split_audio_whisper
    segments = list(segments)
  File "/home/ubuntu/miniconda3/envs/openvoice/lib/python3.9/site-packages/faster_whisper/transcribe.py", line 433, in generate_segments
    ) = self.generate_with_fallback(encoder_output, prompt, tokenizer, options)
  File "/home/ubuntu/miniconda3/envs/openvoice/lib/python3.9/site-packages/faster_whisper/transcribe.py", line 641, in generate_with_fallback
    result = self.model.generate(
RuntimeError: CUDA failed with error out of memory
Traceback (most recent call last):
  File "/home/ubuntu/OpenVoice/job.py", line 334, in <module>
    clone_voice(f"./projects/{i}/{j}")
  File "/home/ubuntu/OpenVoice/job.py", line 201, in clone_voice
    return(convert_color(projectfolder))
  File "/home/ubuntu/OpenVoice/job.py", line 277, in convert_color
    target_se, audio_name = se_extractor.get_se(ref_audio_path, tone_color_converter, vad=False)
  File "/home/ubuntu/OpenVoice/openvoice/se_extractor.py", line 146, in get_se
    wavs_folder = split_audio_whisper(audio_path, target_dir=target_dir, audio_name=audio_name)
  File "/home/ubuntu/OpenVoice/openvoice/se_extractor.py", line 29, in split_audio_whisper
    segments = list(segments)
  File "/home/ubuntu/miniconda3/envs/openvoice/lib/python3.9/site-packages/faster_whisper/transcribe.py", line 433, in generate_segments
    ) = self.generate_with_fallback(encoder_output, prompt, tokenizer, options)
  File "/home/ubuntu/miniconda3/envs/openvoice/lib/python3.9/site-packages/faster_whisper/transcribe.py", line 641, in generate_with_fallback
    result = self.model.generate(
RuntimeError: CUDA failed with error out of memory
Traceback (most recent call last):
  File "/home/ubuntu/OpenVoice/job.py", line 334, in <module>
    clone_voice(f"./projects/{i}/{j}")
  File "/home/ubuntu/OpenVoice/job.py", line 201, in clone_voice
    return(convert_color(projectfolder))
  File "/home/ubuntu/OpenVoice/job.py", line 277, in convert_color
    target_se, audio_name = se_extractor.get_se(ref_audio_path, tone_color_converter, vad=False)
  File "/home/ubuntu/OpenVoice/openvoice/se_extractor.py", line 146, in get_se
    wavs_folder = split_audio_whisper(audio_path, target_dir=target_dir, audio_name=audio_name)
  File "/home/ubuntu/OpenVoice/openvoice/se_extractor.py", line 29, in split_audio_whisper
    segments = list(segments)
  File "/home/ubuntu/miniconda3/envs/openvoice/lib/python3.9/site-packages/faster_whisper/transcribe.py", line 433, in generate_segments
    ) = self.generate_with_fallback(encoder_output, prompt, tokenizer, options)
  File "/home/ubuntu/miniconda3/envs/openvoice/lib/python3.9/site-packages/faster_whisper/transcribe.py", line 641, in generate_with_fallback
    result = self.model.generate(
RuntimeError: CUDA failed with error out of memory
Traceback (most recent call last):
  File "/home/ubuntu/OpenVoice/job.py", line 334, in <module>
    clone_voice(f"./projects/{i}/{j}")
  File "/home/ubuntu/OpenVoice/job.py", line 201, in clone_voice
    return(convert_color(projectfolder))
  File "/home/ubuntu/OpenVoice/job.py", line 277, in convert_color
    target_se, audio_name = se_extractor.get_se(ref_audio_path, tone_color_converter, vad=False)
  File "/home/ubuntu/OpenVoice/openvoice/se_extractor.py", line 146, in get_se
    wavs_folder = split_audio_whisper(audio_path, target_dir=target_dir, audio_name=audio_name)
  File "/home/ubuntu/OpenVoice/openvoice/se_extractor.py", line 29, in split_audio_whisper
    segments = list(segments)
  File "/home/ubuntu/miniconda3/envs/openvoice/lib/python3.9/site-packages/faster_whisper/transcribe.py", line 433, in generate_segments
    ) = self.generate_with_fallback(encoder_output, prompt, tokenizer, options)
  File "/home/ubuntu/miniconda3/envs/openvoice/lib/python3.9/site-packages/faster_whisper/transcribe.py", line 641, in generate_with_fallback
    result = self.model.generate(
RuntimeError: CUDA failed with error out of memory
Traceback (most recent call last):
  File "/home/ubuntu/OpenVoice/job.py", line 334, in <module>
    clone_voice(f"./projects/{i}/{j}")
  File "/home/ubuntu/OpenVoice/job.py", line 201, in clone_voice
    return(convert_color(projectfolder))
  File "/home/ubuntu/OpenVoice/job.py", line 277, in convert_color
    target_se, audio_name = se_extractor.get_se(ref_audio_path, tone_color_converter, vad=False)
  File "/home/ubuntu/OpenVoice/openvoice/se_extractor.py", line 146, in get_se
    wavs_folder = split_audio_whisper(audio_path, target_dir=target_dir, audio_name=audio_name)
  File "/home/ubuntu/OpenVoice/openvoice/se_extractor.py", line 29, in split_audio_whisper
    segments = list(segments)
  File "/home/ubuntu/miniconda3/envs/openvoice/lib/python3.9/site-packages/faster_whisper/transcribe.py", line 433, in generate_segments
    ) = self.generate_with_fallback(encoder_output, prompt, tokenizer, options)
  File "/home/ubuntu/miniconda3/envs/openvoice/lib/python3.9/site-packages/faster_whisper/transcribe.py", line 641, in generate_with_fallback
    result = self.model.generate(
RuntimeError: CUDA failed with error out of memory
Traceback (most recent call last):
  File "/home/ubuntu/OpenVoice/job.py", line 334, in <module>
    clone_voice(f"./projects/{i}/{j}")
  File "/home/ubuntu/OpenVoice/job.py", line 201, in clone_voice
    return(convert_color(projectfolder))
  File "/home/ubuntu/OpenVoice/job.py", line 277, in convert_color
    target_se, audio_name = se_extractor.get_se(ref_audio_path, tone_color_converter, vad=False)
  File "/home/ubuntu/OpenVoice/openvoice/se_extractor.py", line 146, in get_se
    wavs_folder = split_audio_whisper(audio_path, target_dir=target_dir, audio_name=audio_name)
  File "/home/ubuntu/OpenVoice/openvoice/se_extractor.py", line 29, in split_audio_whisper
    segments = list(segments)
  File "/home/ubuntu/miniconda3/envs/openvoice/lib/python3.9/site-packages/faster_whisper/transcribe.py", line 433, in generate_segments
    ) = self.generate_with_fallback(encoder_output, prompt, tokenizer, options)
  File "/home/ubuntu/miniconda3/envs/openvoice/lib/python3.9/site-packages/faster_whisper/transcribe.py", line 641, in generate_with_fallback
    result = self.model.generate(
RuntimeError: CUDA failed with error out of memory
Traceback (most recent call last):
  File "/home/ubuntu/OpenVoice/job.py", line 334, in <module>
    clone_voice(f"./projects/{i}/{j}")
  File "/home/ubuntu/OpenVoice/job.py", line 201, in clone_voice
    return(convert_color(projectfolder))
  File "/home/ubuntu/OpenVoice/job.py", line 277, in convert_color
    target_se, audio_name = se_extractor.get_se(ref_audio_path, tone_color_converter, vad=False)
  File "/home/ubuntu/OpenVoice/openvoice/se_extractor.py", line 146, in get_se
    wavs_folder = split_audio_whisper(audio_path, target_dir=target_dir, audio_name=audio_name)
  File "/home/ubuntu/OpenVoice/openvoice/se_extractor.py", line 29, in split_audio_whisper
    segments = list(segments)
  File "/home/ubuntu/miniconda3/envs/openvoice/lib/python3.9/site-packages/faster_whisper/transcribe.py", line 433, in generate_segments
    ) = self.generate_with_fallback(encoder_output, prompt, tokenizer, options)
  File "/home/ubuntu/miniconda3/envs/openvoice/lib/python3.9/site-packages/faster_whisper/transcribe.py", line 641, in generate_with_fallback
    result = self.model.generate(
RuntimeError: CUDA failed with error out of memory
Traceback (most recent call last):
  File "/home/ubuntu/OpenVoice/job.py", line 334, in <module>
    clone_voice(f"./projects/{i}/{j}")
  File "/home/ubuntu/OpenVoice/job.py", line 201, in clone_voice
    return(convert_color(projectfolder))
  File "/home/ubuntu/OpenVoice/job.py", line 277, in convert_color
    target_se, audio_name = se_extractor.get_se(ref_audio_path, tone_color_converter, vad=False)
  File "/home/ubuntu/OpenVoice/openvoice/se_extractor.py", line 146, in get_se
    wavs_folder = split_audio_whisper(audio_path, target_dir=target_dir, audio_name=audio_name)
  File "/home/ubuntu/OpenVoice/openvoice/se_extractor.py", line 29, in split_audio_whisper
    segments = list(segments)
  File "/home/ubuntu/miniconda3/envs/openvoice/lib/python3.9/site-packages/faster_whisper/transcribe.py", line 433, in generate_segments
    ) = self.generate_with_fallback(encoder_output, prompt, tokenizer, options)
  File "/home/ubuntu/miniconda3/envs/openvoice/lib/python3.9/site-packages/faster_whisper/transcribe.py", line 641, in generate_with_fallback
    result = self.model.generate(
RuntimeError: CUDA failed with error out of memory
Traceback (most recent call last):
  File "/home/ubuntu/OpenVoice/job.py", line 334, in <module>
    clone_voice(f"./projects/{i}/{j}")
  File "/home/ubuntu/OpenVoice/job.py", line 201, in clone_voice
    return(convert_color(projectfolder))
  File "/home/ubuntu/OpenVoice/job.py", line 277, in convert_color
    target_se, audio_name = se_extractor.get_se(ref_audio_path, tone_color_converter, vad=False)
  File "/home/ubuntu/OpenVoice/openvoice/se_extractor.py", line 146, in get_se
    wavs_folder = split_audio_whisper(audio_path, target_dir=target_dir, audio_name=audio_name)
  File "/home/ubuntu/OpenVoice/openvoice/se_extractor.py", line 29, in split_audio_whisper
    segments = list(segments)
  File "/home/ubuntu/miniconda3/envs/openvoice/lib/python3.9/site-packages/faster_whisper/transcribe.py", line 433, in generate_segments
    ) = self.generate_with_fallback(encoder_output, prompt, tokenizer, options)
  File "/home/ubuntu/miniconda3/envs/openvoice/lib/python3.9/site-packages/faster_whisper/transcribe.py", line 641, in generate_with_fallback
    result = self.model.generate(
RuntimeError: CUDA failed with error out of memory
Traceback (most recent call last):
  File "/home/ubuntu/OpenVoice/job.py", line 334, in <module>
    clone_voice(f"./projects/{i}/{j}")
  File "/home/ubuntu/OpenVoice/job.py", line 201, in clone_voice
    return(convert_color(projectfolder))
  File "/home/ubuntu/OpenVoice/job.py", line 277, in convert_color
    target_se, audio_name = se_extractor.get_se(ref_audio_path, tone_color_converter, vad=False)
  File "/home/ubuntu/OpenVoice/openvoice/se_extractor.py", line 146, in get_se
    wavs_folder = split_audio_whisper(audio_path, target_dir=target_dir, audio_name=audio_name)
  File "/home/ubuntu/OpenVoice/openvoice/se_extractor.py", line 29, in split_audio_whisper
    segments = list(segments)
  File "/home/ubuntu/miniconda3/envs/openvoice/lib/python3.9/site-packages/faster_whisper/transcribe.py", line 433, in generate_segments
    ) = self.generate_with_fallback(encoder_output, prompt, tokenizer, options)
  File "/home/ubuntu/miniconda3/envs/openvoice/lib/python3.9/site-packages/faster_whisper/transcribe.py", line 641, in generate_with_fallback
    result = self.model.generate(
RuntimeError: CUDA failed with error out of memory
Traceback (most recent call last):
  File "/home/ubuntu/OpenVoice/job.py", line 334, in <module>
    clone_voice(f"./projects/{i}/{j}")
  File "/home/ubuntu/OpenVoice/job.py", line 201, in clone_voice
    return(convert_color(projectfolder))
  File "/home/ubuntu/OpenVoice/job.py", line 277, in convert_color
    target_se, audio_name = se_extractor.get_se(ref_audio_path, tone_color_converter, vad=False)
  File "/home/ubuntu/OpenVoice/openvoice/se_extractor.py", line 146, in get_se
    wavs_folder = split_audio_whisper(audio_path, target_dir=target_dir, audio_name=audio_name)
  File "/home/ubuntu/OpenVoice/openvoice/se_extractor.py", line 29, in split_audio_whisper
    segments = list(segments)
  File "/home/ubuntu/miniconda3/envs/openvoice/lib/python3.9/site-packages/faster_whisper/transcribe.py", line 433, in generate_segments
    ) = self.generate_with_fallback(encoder_output, prompt, tokenizer, options)
  File "/home/ubuntu/miniconda3/envs/openvoice/lib/python3.9/site-packages/faster_whisper/transcribe.py", line 641, in generate_with_fallback
    result = self.model.generate(
RuntimeError: CUDA failed with error out of memory
Traceback (most recent call last):
  File "/home/ubuntu/OpenVoice/job.py", line 334, in <module>
    clone_voice(f"./projects/{i}/{j}")
  File "/home/ubuntu/OpenVoice/job.py", line 201, in clone_voice
    return(convert_color(projectfolder))
  File "/home/ubuntu/OpenVoice/job.py", line 277, in convert_color
    target_se, audio_name = se_extractor.get_se(ref_audio_path, tone_color_converter, vad=False)
  File "/home/ubuntu/OpenVoice/openvoice/se_extractor.py", line 146, in get_se
    wavs_folder = split_audio_whisper(audio_path, target_dir=target_dir, audio_name=audio_name)
  File "/home/ubuntu/OpenVoice/openvoice/se_extractor.py", line 29, in split_audio_whisper
    segments = list(segments)
  File "/home/ubuntu/miniconda3/envs/openvoice/lib/python3.9/site-packages/faster_whisper/transcribe.py", line 433, in generate_segments
    ) = self.generate_with_fallback(encoder_output, prompt, tokenizer, options)
  File "/home/ubuntu/miniconda3/envs/openvoice/lib/python3.9/site-packages/faster_whisper/transcribe.py", line 641, in generate_with_fallback
    result = self.model.generate(
RuntimeError: CUDA failed with error out of memory
Traceback (most recent call last):
  File "/home/ubuntu/OpenVoice/job.py", line 334, in <module>
    clone_voice(f"./projects/{i}/{j}")
  File "/home/ubuntu/OpenVoice/job.py", line 201, in clone_voice
    return(convert_color(projectfolder))
  File "/home/ubuntu/OpenVoice/job.py", line 277, in convert_color
    target_se, audio_name = se_extractor.get_se(ref_audio_path, tone_color_converter, vad=False)
  File "/home/ubuntu/OpenVoice/openvoice/se_extractor.py", line 146, in get_se
    wavs_folder = split_audio_whisper(audio_path, target_dir=target_dir, audio_name=audio_name)
  File "/home/ubuntu/OpenVoice/openvoice/se_extractor.py", line 29, in split_audio_whisper
    segments = list(segments)
  File "/home/ubuntu/miniconda3/envs/openvoice/lib/python3.9/site-packages/faster_whisper/transcribe.py", line 433, in generate_segments
    ) = self.generate_with_fallback(encoder_output, prompt, tokenizer, options)
  File "/home/ubuntu/miniconda3/envs/openvoice/lib/python3.9/site-packages/faster_whisper/transcribe.py", line 641, in generate_with_fallback
    result = self.model.generate(
RuntimeError: CUDA failed with error out of memory
Traceback (most recent call last):
  File "/home/ubuntu/OpenVoice/job.py", line 334, in <module>
    clone_voice(f"./projects/{i}/{j}")
  File "/home/ubuntu/OpenVoice/job.py", line 201, in clone_voice
    return(convert_color(projectfolder))
  File "/home/ubuntu/OpenVoice/job.py", line 277, in convert_color
    target_se, audio_name = se_extractor.get_se(ref_audio_path, tone_color_converter, vad=False)
  File "/home/ubuntu/OpenVoice/openvoice/se_extractor.py", line 146, in get_se
    wavs_folder = split_audio_whisper(audio_path, target_dir=target_dir, audio_name=audio_name)
  File "/home/ubuntu/OpenVoice/openvoice/se_extractor.py", line 29, in split_audio_whisper
    segments = list(segments)
  File "/home/ubuntu/miniconda3/envs/openvoice/lib/python3.9/site-packages/faster_whisper/transcribe.py", line 433, in generate_segments
    ) = self.generate_with_fallback(encoder_output, prompt, tokenizer, options)
  File "/home/ubuntu/miniconda3/envs/openvoice/lib/python3.9/site-packages/faster_whisper/transcribe.py", line 641, in generate_with_fallback
    result = self.model.generate(
RuntimeError: CUDA failed with error out of memory
Traceback (most recent call last):
  File "/home/ubuntu/OpenVoice/job.py", line 334, in <module>
    clone_voice(f"./projects/{i}/{j}")
  File "/home/ubuntu/OpenVoice/job.py", line 201, in clone_voice
    return(convert_color(projectfolder))
  File "/home/ubuntu/OpenVoice/job.py", line 277, in convert_color
    target_se, audio_name = se_extractor.get_se(ref_audio_path, tone_color_converter, vad=False)
  File "/home/ubuntu/OpenVoice/openvoice/se_extractor.py", line 146, in get_se
    wavs_folder = split_audio_whisper(audio_path, target_dir=target_dir, audio_name=audio_name)
  File "/home/ubuntu/OpenVoice/openvoice/se_extractor.py", line 29, in split_audio_whisper
    segments = list(segments)
  File "/home/ubuntu/miniconda3/envs/openvoice/lib/python3.9/site-packages/faster_whisper/transcribe.py", line 433, in generate_segments
    ) = self.generate_with_fallback(encoder_output, prompt, tokenizer, options)
  File "/home/ubuntu/miniconda3/envs/openvoice/lib/python3.9/site-packages/faster_whisper/transcribe.py", line 641, in generate_with_fallback
    result = self.model.generate(
RuntimeError: CUDA failed with error out of memory
Traceback (most recent call last):
  File "/home/ubuntu/OpenVoice/job.py", line 334, in <module>
    clone_voice(f"./projects/{i}/{j}")
  File "/home/ubuntu/OpenVoice/job.py", line 201, in clone_voice
    return(convert_color(projectfolder))
  File "/home/ubuntu/OpenVoice/job.py", line 277, in convert_color
    target_se, audio_name = se_extractor.get_se(ref_audio_path, tone_color_converter, vad=False)
  File "/home/ubuntu/OpenVoice/openvoice/se_extractor.py", line 146, in get_se
    wavs_folder = split_audio_whisper(audio_path, target_dir=target_dir, audio_name=audio_name)
  File "/home/ubuntu/OpenVoice/openvoice/se_extractor.py", line 29, in split_audio_whisper
    segments = list(segments)
  File "/home/ubuntu/miniconda3/envs/openvoice/lib/python3.9/site-packages/faster_whisper/transcribe.py", line 433, in generate_segments
    ) = self.generate_with_fallback(encoder_output, prompt, tokenizer, options)
  File "/home/ubuntu/miniconda3/envs/openvoice/lib/python3.9/site-packages/faster_whisper/transcribe.py", line 641, in generate_with_fallback
    result = self.model.generate(
RuntimeError: CUDA failed with error out of memory
Traceback (most recent call last):
  File "/home/ubuntu/OpenVoice/job.py", line 334, in <module>
    clone_voice(f"./projects/{i}/{j}")
  File "/home/ubuntu/OpenVoice/job.py", line 201, in clone_voice
    return(convert_color(projectfolder))
  File "/home/ubuntu/OpenVoice/job.py", line 277, in convert_color
    target_se, audio_name = se_extractor.get_se(ref_audio_path, tone_color_converter, vad=False)
  File "/home/ubuntu/OpenVoice/openvoice/se_extractor.py", line 146, in get_se
    wavs_folder = split_audio_whisper(audio_path, target_dir=target_dir, audio_name=audio_name)
  File "/home/ubuntu/OpenVoice/openvoice/se_extractor.py", line 29, in split_audio_whisper
    segments = list(segments)
  File "/home/ubuntu/miniconda3/envs/openvoice/lib/python3.9/site-packages/faster_whisper/transcribe.py", line 433, in generate_segments
    ) = self.generate_with_fallback(encoder_output, prompt, tokenizer, options)
  File "/home/ubuntu/miniconda3/envs/openvoice/lib/python3.9/site-packages/faster_whisper/transcribe.py", line 641, in generate_with_fallback
    result = self.model.generate(
RuntimeError: CUDA failed with error out of memory
Traceback (most recent call last):
  File "/home/ubuntu/OpenVoice/job.py", line 334, in <module>
    clone_voice(f"./projects/{i}/{j}")
  File "/home/ubuntu/OpenVoice/job.py", line 201, in clone_voice
    return(convert_color(projectfolder))
  File "/home/ubuntu/OpenVoice/job.py", line 277, in convert_color
    target_se, audio_name = se_extractor.get_se(ref_audio_path, tone_color_converter, vad=False)
  File "/home/ubuntu/OpenVoice/openvoice/se_extractor.py", line 146, in get_se
    wavs_folder = split_audio_whisper(audio_path, target_dir=target_dir, audio_name=audio_name)
  File "/home/ubuntu/OpenVoice/openvoice/se_extractor.py", line 29, in split_audio_whisper
    segments = list(segments)
  File "/home/ubuntu/miniconda3/envs/openvoice/lib/python3.9/site-packages/faster_whisper/transcribe.py", line 433, in generate_segments
    ) = self.generate_with_fallback(encoder_output, prompt, tokenizer, options)
  File "/home/ubuntu/miniconda3/envs/openvoice/lib/python3.9/site-packages/faster_whisper/transcribe.py", line 641, in generate_with_fallback
    result = self.model.generate(
RuntimeError: CUDA failed with error out of memory
Traceback (most recent call last):
  File "/home/ubuntu/OpenVoice/job.py", line 334, in <module>
    clone_voice(f"./projects/{i}/{j}")
  File "/home/ubuntu/OpenVoice/job.py", line 201, in clone_voice
    return(convert_color(projectfolder))
  File "/home/ubuntu/OpenVoice/job.py", line 277, in convert_color
    target_se, audio_name = se_extractor.get_se(ref_audio_path, tone_color_converter, vad=False)
  File "/home/ubuntu/OpenVoice/openvoice/se_extractor.py", line 146, in get_se
    wavs_folder = split_audio_whisper(audio_path, target_dir=target_dir, audio_name=audio_name)
  File "/home/ubuntu/OpenVoice/openvoice/se_extractor.py", line 29, in split_audio_whisper
    segments = list(segments)
  File "/home/ubuntu/miniconda3/envs/openvoice/lib/python3.9/site-packages/faster_whisper/transcribe.py", line 433, in generate_segments
    ) = self.generate_with_fallback(encoder_output, prompt, tokenizer, options)
  File "/home/ubuntu/miniconda3/envs/openvoice/lib/python3.9/site-packages/faster_whisper/transcribe.py", line 641, in generate_with_fallback
    result = self.model.generate(
RuntimeError: CUDA failed with error out of memory
Traceback (most recent call last):
  File "/home/ubuntu/OpenVoice/job.py", line 334, in <module>
    clone_voice(f"./projects/{i}/{j}")
  File "/home/ubuntu/OpenVoice/job.py", line 201, in clone_voice
    return(convert_color(projectfolder))
  File "/home/ubuntu/OpenVoice/job.py", line 277, in convert_color
    target_se, audio_name = se_extractor.get_se(ref_audio_path, tone_color_converter, vad=False)
  File "/home/ubuntu/OpenVoice/openvoice/se_extractor.py", line 146, in get_se
    wavs_folder = split_audio_whisper(audio_path, target_dir=target_dir, audio_name=audio_name)
  File "/home/ubuntu/OpenVoice/openvoice/se_extractor.py", line 29, in split_audio_whisper
    segments = list(segments)
  File "/home/ubuntu/miniconda3/envs/openvoice/lib/python3.9/site-packages/faster_whisper/transcribe.py", line 433, in generate_segments
    ) = self.generate_with_fallback(encoder_output, prompt, tokenizer, options)
  File "/home/ubuntu/miniconda3/envs/openvoice/lib/python3.9/site-packages/faster_whisper/transcribe.py", line 641, in generate_with_fallback
    result = self.model.generate(
RuntimeError: CUDA failed with error out of memory
Traceback (most recent call last):
  File "/home/ubuntu/OpenVoice/job.py", line 334, in <module>
    clone_voice(f"./projects/{i}/{j}")
  File "/home/ubuntu/OpenVoice/job.py", line 201, in clone_voice
    return(convert_color(projectfolder))
  File "/home/ubuntu/OpenVoice/job.py", line 277, in convert_color
    target_se, audio_name = se_extractor.get_se(ref_audio_path, tone_color_converter, vad=False)
  File "/home/ubuntu/OpenVoice/openvoice/se_extractor.py", line 146, in get_se
    wavs_folder = split_audio_whisper(audio_path, target_dir=target_dir, audio_name=audio_name)
  File "/home/ubuntu/OpenVoice/openvoice/se_extractor.py", line 29, in split_audio_whisper
    segments = list(segments)
  File "/home/ubuntu/miniconda3/envs/openvoice/lib/python3.9/site-packages/faster_whisper/transcribe.py", line 433, in generate_segments
    ) = self.generate_with_fallback(encoder_output, prompt, tokenizer, options)
  File "/home/ubuntu/miniconda3/envs/openvoice/lib/python3.9/site-packages/faster_whisper/transcribe.py", line 641, in generate_with_fallback
    result = self.model.generate(
RuntimeError: CUDA failed with error out of memory
Traceback (most recent call last):
  File "/home/ubuntu/OpenVoice/job.py", line 334, in <module>
    clone_voice(f"./projects/{i}/{j}")
  File "/home/ubuntu/OpenVoice/job.py", line 201, in clone_voice
    return(convert_color(projectfolder))
  File "/home/ubuntu/OpenVoice/job.py", line 277, in convert_color
    target_se, audio_name = se_extractor.get_se(ref_audio_path, tone_color_converter, vad=False)
  File "/home/ubuntu/OpenVoice/openvoice/se_extractor.py", line 146, in get_se
    wavs_folder = split_audio_whisper(audio_path, target_dir=target_dir, audio_name=audio_name)
  File "/home/ubuntu/OpenVoice/openvoice/se_extractor.py", line 29, in split_audio_whisper
    segments = list(segments)
  File "/home/ubuntu/miniconda3/envs/openvoice/lib/python3.9/site-packages/faster_whisper/transcribe.py", line 433, in generate_segments
    ) = self.generate_with_fallback(encoder_output, prompt, tokenizer, options)
  File "/home/ubuntu/miniconda3/envs/openvoice/lib/python3.9/site-packages/faster_whisper/transcribe.py", line 641, in generate_with_fallback
    result = self.model.generate(
RuntimeError: CUDA failed with error out of memory
Traceback (most recent call last):
  File "/home/ubuntu/OpenVoice/job.py", line 334, in <module>
    clone_voice(f"./projects/{i}/{j}")
  File "/home/ubuntu/OpenVoice/job.py", line 201, in clone_voice
    return(convert_color(projectfolder))
  File "/home/ubuntu/OpenVoice/job.py", line 277, in convert_color
    target_se, audio_name = se_extractor.get_se(ref_audio_path, tone_color_converter, vad=False)
  File "/home/ubuntu/OpenVoice/openvoice/se_extractor.py", line 146, in get_se
    wavs_folder = split_audio_whisper(audio_path, target_dir=target_dir, audio_name=audio_name)
  File "/home/ubuntu/OpenVoice/openvoice/se_extractor.py", line 29, in split_audio_whisper
    segments = list(segments)
  File "/home/ubuntu/miniconda3/envs/openvoice/lib/python3.9/site-packages/faster_whisper/transcribe.py", line 433, in generate_segments
    ) = self.generate_with_fallback(encoder_output, prompt, tokenizer, options)
  File "/home/ubuntu/miniconda3/envs/openvoice/lib/python3.9/site-packages/faster_whisper/transcribe.py", line 641, in generate_with_fallback
    result = self.model.generate(
RuntimeError: CUDA failed with error out of memory
Traceback (most recent call last):
  File "/home/ubuntu/OpenVoice/job.py", line 334, in <module>
    clone_voice(f"./projects/{i}/{j}")
  File "/home/ubuntu/OpenVoice/job.py", line 201, in clone_voice
    return(convert_color(projectfolder))
  File "/home/ubuntu/OpenVoice/job.py", line 277, in convert_color
    target_se, audio_name = se_extractor.get_se(ref_audio_path, tone_color_converter, vad=False)
  File "/home/ubuntu/OpenVoice/openvoice/se_extractor.py", line 146, in get_se
    wavs_folder = split_audio_whisper(audio_path, target_dir=target_dir, audio_name=audio_name)
  File "/home/ubuntu/OpenVoice/openvoice/se_extractor.py", line 29, in split_audio_whisper
    segments = list(segments)
  File "/home/ubuntu/miniconda3/envs/openvoice/lib/python3.9/site-packages/faster_whisper/transcribe.py", line 433, in generate_segments
    ) = self.generate_with_fallback(encoder_output, prompt, tokenizer, options)
  File "/home/ubuntu/miniconda3/envs/openvoice/lib/python3.9/site-packages/faster_whisper/transcribe.py", line 641, in generate_with_fallback
    result = self.model.generate(
RuntimeError: CUDA failed with error out of memory
Traceback (most recent call last):
  File "/home/ubuntu/OpenVoice/job.py", line 334, in <module>
    clone_voice(f"./projects/{i}/{j}")
  File "/home/ubuntu/OpenVoice/job.py", line 201, in clone_voice
    return(convert_color(projectfolder))
  File "/home/ubuntu/OpenVoice/job.py", line 277, in convert_color
    target_se, audio_name = se_extractor.get_se(ref_audio_path, tone_color_converter, vad=False)
  File "/home/ubuntu/OpenVoice/openvoice/se_extractor.py", line 146, in get_se
    wavs_folder = split_audio_whisper(audio_path, target_dir=target_dir, audio_name=audio_name)
  File "/home/ubuntu/OpenVoice/openvoice/se_extractor.py", line 29, in split_audio_whisper
    segments = list(segments)
  File "/home/ubuntu/miniconda3/envs/openvoice/lib/python3.9/site-packages/faster_whisper/transcribe.py", line 433, in generate_segments
    ) = self.generate_with_fallback(encoder_output, prompt, tokenizer, options)
  File "/home/ubuntu/miniconda3/envs/openvoice/lib/python3.9/site-packages/faster_whisper/transcribe.py", line 641, in generate_with_fallback
    result = self.model.generate(
RuntimeError: CUDA failed with error out of memory
Traceback (most recent call last):
  File "/home/ubuntu/OpenVoice/job.py", line 334, in <module>
    clone_voice(f"./projects/{i}/{j}")
  File "/home/ubuntu/OpenVoice/job.py", line 201, in clone_voice
    return(convert_color(projectfolder))
  File "/home/ubuntu/OpenVoice/job.py", line 277, in convert_color
    target_se, audio_name = se_extractor.get_se(ref_audio_path, tone_color_converter, vad=False)
  File "/home/ubuntu/OpenVoice/openvoice/se_extractor.py", line 146, in get_se
    wavs_folder = split_audio_whisper(audio_path, target_dir=target_dir, audio_name=audio_name)
  File "/home/ubuntu/OpenVoice/openvoice/se_extractor.py", line 29, in split_audio_whisper
    segments = list(segments)
  File "/home/ubuntu/miniconda3/envs/openvoice/lib/python3.9/site-packages/faster_whisper/transcribe.py", line 433, in generate_segments
    ) = self.generate_with_fallback(encoder_output, prompt, tokenizer, options)
  File "/home/ubuntu/miniconda3/envs/openvoice/lib/python3.9/site-packages/faster_whisper/transcribe.py", line 641, in generate_with_fallback
    result = self.model.generate(
RuntimeError: CUDA failed with error out of memory
Traceback (most recent call last):
  File "/home/ubuntu/OpenVoice/job.py", line 334, in <module>
    clone_voice(f"./projects/{i}/{j}")
  File "/home/ubuntu/OpenVoice/job.py", line 201, in clone_voice
    return(convert_color(projectfolder))
  File "/home/ubuntu/OpenVoice/job.py", line 277, in convert_color
    target_se, audio_name = se_extractor.get_se(ref_audio_path, tone_color_converter, vad=False)
  File "/home/ubuntu/OpenVoice/openvoice/se_extractor.py", line 146, in get_se
    wavs_folder = split_audio_whisper(audio_path, target_dir=target_dir, audio_name=audio_name)
  File "/home/ubuntu/OpenVoice/openvoice/se_extractor.py", line 29, in split_audio_whisper
    segments = list(segments)
  File "/home/ubuntu/miniconda3/envs/openvoice/lib/python3.9/site-packages/faster_whisper/transcribe.py", line 433, in generate_segments
    ) = self.generate_with_fallback(encoder_output, prompt, tokenizer, options)
  File "/home/ubuntu/miniconda3/envs/openvoice/lib/python3.9/site-packages/faster_whisper/transcribe.py", line 641, in generate_with_fallback
    result = self.model.generate(
RuntimeError: CUDA failed with error out of memory
Traceback (most recent call last):
  File "/home/ubuntu/OpenVoice/job.py", line 334, in <module>
    clone_voice(f"./projects/{i}/{j}")
  File "/home/ubuntu/OpenVoice/job.py", line 201, in clone_voice
    return(convert_color(projectfolder))
  File "/home/ubuntu/OpenVoice/job.py", line 277, in convert_color
    target_se, audio_name = se_extractor.get_se(ref_audio_path, tone_color_converter, vad=False)
  File "/home/ubuntu/OpenVoice/openvoice/se_extractor.py", line 146, in get_se
    wavs_folder = split_audio_whisper(audio_path, target_dir=target_dir, audio_name=audio_name)
  File "/home/ubuntu/OpenVoice/openvoice/se_extractor.py", line 29, in split_audio_whisper
    segments = list(segments)
  File "/home/ubuntu/miniconda3/envs/openvoice/lib/python3.9/site-packages/faster_whisper/transcribe.py", line 433, in generate_segments
    ) = self.generate_with_fallback(encoder_output, prompt, tokenizer, options)
  File "/home/ubuntu/miniconda3/envs/openvoice/lib/python3.9/site-packages/faster_whisper/transcribe.py", line 641, in generate_with_fallback
    result = self.model.generate(
RuntimeError: CUDA failed with error out of memory
Traceback (most recent call last):
  File "/home/ubuntu/OpenVoice/job.py", line 334, in <module>
    clone_voice(f"./projects/{i}/{j}")
  File "/home/ubuntu/OpenVoice/job.py", line 201, in clone_voice
    return(convert_color(projectfolder))
  File "/home/ubuntu/OpenVoice/job.py", line 277, in convert_color
    target_se, audio_name = se_extractor.get_se(ref_audio_path, tone_color_converter, vad=False)
  File "/home/ubuntu/OpenVoice/openvoice/se_extractor.py", line 146, in get_se
    wavs_folder = split_audio_whisper(audio_path, target_dir=target_dir, audio_name=audio_name)
  File "/home/ubuntu/OpenVoice/openvoice/se_extractor.py", line 29, in split_audio_whisper
    segments = list(segments)
  File "/home/ubuntu/miniconda3/envs/openvoice/lib/python3.9/site-packages/faster_whisper/transcribe.py", line 433, in generate_segments
    ) = self.generate_with_fallback(encoder_output, prompt, tokenizer, options)
  File "/home/ubuntu/miniconda3/envs/openvoice/lib/python3.9/site-packages/faster_whisper/transcribe.py", line 641, in generate_with_fallback
    result = self.model.generate(
RuntimeError: CUDA failed with error out of memory
Traceback (most recent call last):
  File "/home/ubuntu/OpenVoice/job.py", line 334, in <module>
    clone_voice(f"./projects/{i}/{j}")
  File "/home/ubuntu/OpenVoice/job.py", line 201, in clone_voice
    return(convert_color(projectfolder))
  File "/home/ubuntu/OpenVoice/job.py", line 277, in convert_color
    target_se, audio_name = se_extractor.get_se(ref_audio_path, tone_color_converter, vad=False)
  File "/home/ubuntu/OpenVoice/openvoice/se_extractor.py", line 146, in get_se
    wavs_folder = split_audio_whisper(audio_path, target_dir=target_dir, audio_name=audio_name)
  File "/home/ubuntu/OpenVoice/openvoice/se_extractor.py", line 29, in split_audio_whisper
    segments = list(segments)
  File "/home/ubuntu/miniconda3/envs/openvoice/lib/python3.9/site-packages/faster_whisper/transcribe.py", line 433, in generate_segments
    ) = self.generate_with_fallback(encoder_output, prompt, tokenizer, options)
  File "/home/ubuntu/miniconda3/envs/openvoice/lib/python3.9/site-packages/faster_whisper/transcribe.py", line 641, in generate_with_fallback
    result = self.model.generate(
RuntimeError: CUDA failed with error out of memory
Traceback (most recent call last):
  File "/home/ubuntu/OpenVoice/job.py", line 334, in <module>
    clone_voice(f"./projects/{i}/{j}")
  File "/home/ubuntu/OpenVoice/job.py", line 201, in clone_voice
    return(convert_color(projectfolder))
  File "/home/ubuntu/OpenVoice/job.py", line 277, in convert_color
    target_se, audio_name = se_extractor.get_se(ref_audio_path, tone_color_converter, vad=False)
  File "/home/ubuntu/OpenVoice/openvoice/se_extractor.py", line 146, in get_se
    wavs_folder = split_audio_whisper(audio_path, target_dir=target_dir, audio_name=audio_name)
  File "/home/ubuntu/OpenVoice/openvoice/se_extractor.py", line 29, in split_audio_whisper
    segments = list(segments)
  File "/home/ubuntu/miniconda3/envs/openvoice/lib/python3.9/site-packages/faster_whisper/transcribe.py", line 433, in generate_segments
    ) = self.generate_with_fallback(encoder_output, prompt, tokenizer, options)
  File "/home/ubuntu/miniconda3/envs/openvoice/lib/python3.9/site-packages/faster_whisper/transcribe.py", line 641, in generate_with_fallback
    result = self.model.generate(
RuntimeError: CUDA failed with error out of memory
Traceback (most recent call last):
  File "/home/ubuntu/OpenVoice/job.py", line 334, in <module>
    clone_voice(f"./projects/{i}/{j}")
  File "/home/ubuntu/OpenVoice/job.py", line 201, in clone_voice
    return(convert_color(projectfolder))
  File "/home/ubuntu/OpenVoice/job.py", line 277, in convert_color
    target_se, audio_name = se_extractor.get_se(ref_audio_path, tone_color_converter, vad=False)
  File "/home/ubuntu/OpenVoice/openvoice/se_extractor.py", line 146, in get_se
    wavs_folder = split_audio_whisper(audio_path, target_dir=target_dir, audio_name=audio_name)
  File "/home/ubuntu/OpenVoice/openvoice/se_extractor.py", line 29, in split_audio_whisper
    segments = list(segments)
  File "/home/ubuntu/miniconda3/envs/openvoice/lib/python3.9/site-packages/faster_whisper/transcribe.py", line 433, in generate_segments
    ) = self.generate_with_fallback(encoder_output, prompt, tokenizer, options)
  File "/home/ubuntu/miniconda3/envs/openvoice/lib/python3.9/site-packages/faster_whisper/transcribe.py", line 641, in generate_with_fallback
    result = self.model.generate(
RuntimeError: CUDA failed with error out of memory
Traceback (most recent call last):
  File "/home/ubuntu/OpenVoice/job.py", line 334, in <module>
    clone_voice(f"./projects/{i}/{j}")
  File "/home/ubuntu/OpenVoice/job.py", line 201, in clone_voice
    return(convert_color(projectfolder))
  File "/home/ubuntu/OpenVoice/job.py", line 277, in convert_color
    target_se, audio_name = se_extractor.get_se(ref_audio_path, tone_color_converter, vad=False)
  File "/home/ubuntu/OpenVoice/openvoice/se_extractor.py", line 146, in get_se
    wavs_folder = split_audio_whisper(audio_path, target_dir=target_dir, audio_name=audio_name)
  File "/home/ubuntu/OpenVoice/openvoice/se_extractor.py", line 29, in split_audio_whisper
    segments = list(segments)
  File "/home/ubuntu/miniconda3/envs/openvoice/lib/python3.9/site-packages/faster_whisper/transcribe.py", line 433, in generate_segments
    ) = self.generate_with_fallback(encoder_output, prompt, tokenizer, options)
  File "/home/ubuntu/miniconda3/envs/openvoice/lib/python3.9/site-packages/faster_whisper/transcribe.py", line 641, in generate_with_fallback
    result = self.model.generate(
RuntimeError: CUDA failed with error out of memory
Traceback (most recent call last):
  File "/home/ubuntu/OpenVoice/job.py", line 334, in <module>
    clone_voice(f"./projects/{i}/{j}")
  File "/home/ubuntu/OpenVoice/job.py", line 201, in clone_voice
    return(convert_color(projectfolder))
  File "/home/ubuntu/OpenVoice/job.py", line 277, in convert_color
    target_se, audio_name = se_extractor.get_se(ref_audio_path, tone_color_converter, vad=False)
  File "/home/ubuntu/OpenVoice/openvoice/se_extractor.py", line 146, in get_se
    wavs_folder = split_audio_whisper(audio_path, target_dir=target_dir, audio_name=audio_name)
  File "/home/ubuntu/OpenVoice/openvoice/se_extractor.py", line 29, in split_audio_whisper
    segments = list(segments)
  File "/home/ubuntu/miniconda3/envs/openvoice/lib/python3.9/site-packages/faster_whisper/transcribe.py", line 433, in generate_segments
    ) = self.generate_with_fallback(encoder_output, prompt, tokenizer, options)
  File "/home/ubuntu/miniconda3/envs/openvoice/lib/python3.9/site-packages/faster_whisper/transcribe.py", line 641, in generate_with_fallback
    result = self.model.generate(
RuntimeError: CUDA failed with error out of memory
Traceback (most recent call last):
  File "/home/ubuntu/OpenVoice/job.py", line 334, in <module>
    clone_voice(f"./projects/{i}/{j}")
  File "/home/ubuntu/OpenVoice/job.py", line 201, in clone_voice
    return(convert_color(projectfolder))
  File "/home/ubuntu/OpenVoice/job.py", line 277, in convert_color
    target_se, audio_name = se_extractor.get_se(ref_audio_path, tone_color_converter, vad=False)
  File "/home/ubuntu/OpenVoice/openvoice/se_extractor.py", line 146, in get_se
    wavs_folder = split_audio_whisper(audio_path, target_dir=target_dir, audio_name=audio_name)
  File "/home/ubuntu/OpenVoice/openvoice/se_extractor.py", line 29, in split_audio_whisper
    segments = list(segments)
  File "/home/ubuntu/miniconda3/envs/openvoice/lib/python3.9/site-packages/faster_whisper/transcribe.py", line 433, in generate_segments
    ) = self.generate_with_fallback(encoder_output, prompt, tokenizer, options)
  File "/home/ubuntu/miniconda3/envs/openvoice/lib/python3.9/site-packages/faster_whisper/transcribe.py", line 641, in generate_with_fallback
    result = self.model.generate(
RuntimeError: CUDA failed with error out of memory
Traceback (most recent call last):
  File "/home/ubuntu/OpenVoice/job.py", line 334, in <module>
    clone_voice(f"./projects/{i}/{j}")
  File "/home/ubuntu/OpenVoice/job.py", line 201, in clone_voice
    return(convert_color(projectfolder))
  File "/home/ubuntu/OpenVoice/job.py", line 277, in convert_color
    target_se, audio_name = se_extractor.get_se(ref_audio_path, tone_color_converter, vad=False)
  File "/home/ubuntu/OpenVoice/openvoice/se_extractor.py", line 146, in get_se
    wavs_folder = split_audio_whisper(audio_path, target_dir=target_dir, audio_name=audio_name)
  File "/home/ubuntu/OpenVoice/openvoice/se_extractor.py", line 29, in split_audio_whisper
    segments = list(segments)
  File "/home/ubuntu/miniconda3/envs/openvoice/lib/python3.9/site-packages/faster_whisper/transcribe.py", line 433, in generate_segments
    ) = self.generate_with_fallback(encoder_output, prompt, tokenizer, options)
  File "/home/ubuntu/miniconda3/envs/openvoice/lib/python3.9/site-packages/faster_whisper/transcribe.py", line 641, in generate_with_fallback
    result = self.model.generate(
RuntimeError: CUDA failed with error out of memory
Traceback (most recent call last):
  File "/home/ubuntu/OpenVoice/job.py", line 334, in <module>
    clone_voice(f"./projects/{i}/{j}")
  File "/home/ubuntu/OpenVoice/job.py", line 201, in clone_voice
    return(convert_color(projectfolder))
  File "/home/ubuntu/OpenVoice/job.py", line 277, in convert_color
    target_se, audio_name = se_extractor.get_se(ref_audio_path, tone_color_converter, vad=False)
  File "/home/ubuntu/OpenVoice/openvoice/se_extractor.py", line 146, in get_se
    wavs_folder = split_audio_whisper(audio_path, target_dir=target_dir, audio_name=audio_name)
  File "/home/ubuntu/OpenVoice/openvoice/se_extractor.py", line 29, in split_audio_whisper
    segments = list(segments)
  File "/home/ubuntu/miniconda3/envs/openvoice/lib/python3.9/site-packages/faster_whisper/transcribe.py", line 433, in generate_segments
    ) = self.generate_with_fallback(encoder_output, prompt, tokenizer, options)
  File "/home/ubuntu/miniconda3/envs/openvoice/lib/python3.9/site-packages/faster_whisper/transcribe.py", line 641, in generate_with_fallback
    result = self.model.generate(
RuntimeError: CUDA failed with error out of memory
Traceback (most recent call last):
  File "/home/ubuntu/OpenVoice/job.py", line 334, in <module>
    clone_voice(f"./projects/{i}/{j}")
  File "/home/ubuntu/OpenVoice/job.py", line 201, in clone_voice
    return(convert_color(projectfolder))
  File "/home/ubuntu/OpenVoice/job.py", line 277, in convert_color
    target_se, audio_name = se_extractor.get_se(ref_audio_path, tone_color_converter, vad=False)
  File "/home/ubuntu/OpenVoice/openvoice/se_extractor.py", line 146, in get_se
    wavs_folder = split_audio_whisper(audio_path, target_dir=target_dir, audio_name=audio_name)
  File "/home/ubuntu/OpenVoice/openvoice/se_extractor.py", line 29, in split_audio_whisper
    segments = list(segments)
  File "/home/ubuntu/miniconda3/envs/openvoice/lib/python3.9/site-packages/faster_whisper/transcribe.py", line 433, in generate_segments
    ) = self.generate_with_fallback(encoder_output, prompt, tokenizer, options)
  File "/home/ubuntu/miniconda3/envs/openvoice/lib/python3.9/site-packages/faster_whisper/transcribe.py", line 641, in generate_with_fallback
    result = self.model.generate(
RuntimeError: CUDA failed with error out of memory
Traceback (most recent call last):
  File "/home/ubuntu/OpenVoice/job.py", line 334, in <module>
    clone_voice(f"./projects/{i}/{j}")
  File "/home/ubuntu/OpenVoice/job.py", line 201, in clone_voice
    return(convert_color(projectfolder))
  File "/home/ubuntu/OpenVoice/job.py", line 277, in convert_color
    target_se, audio_name = se_extractor.get_se(ref_audio_path, tone_color_converter, vad=False)
  File "/home/ubuntu/OpenVoice/openvoice/se_extractor.py", line 146, in get_se
    wavs_folder = split_audio_whisper(audio_path, target_dir=target_dir, audio_name=audio_name)
  File "/home/ubuntu/OpenVoice/openvoice/se_extractor.py", line 29, in split_audio_whisper
    segments = list(segments)
  File "/home/ubuntu/miniconda3/envs/openvoice/lib/python3.9/site-packages/faster_whisper/transcribe.py", line 433, in generate_segments
    ) = self.generate_with_fallback(encoder_output, prompt, tokenizer, options)
  File "/home/ubuntu/miniconda3/envs/openvoice/lib/python3.9/site-packages/faster_whisper/transcribe.py", line 641, in generate_with_fallback
    result = self.model.generate(
RuntimeError: CUDA failed with error out of memory
Traceback (most recent call last):
  File "/home/ubuntu/OpenVoice/job.py", line 334, in <module>
    clone_voice(f"./projects/{i}/{j}")
  File "/home/ubuntu/OpenVoice/job.py", line 201, in clone_voice
    return(convert_color(projectfolder))
  File "/home/ubuntu/OpenVoice/job.py", line 277, in convert_color
    target_se, audio_name = se_extractor.get_se(ref_audio_path, tone_color_converter, vad=False)
  File "/home/ubuntu/OpenVoice/openvoice/se_extractor.py", line 146, in get_se
    wavs_folder = split_audio_whisper(audio_path, target_dir=target_dir, audio_name=audio_name)
  File "/home/ubuntu/OpenVoice/openvoice/se_extractor.py", line 29, in split_audio_whisper
    segments = list(segments)
  File "/home/ubuntu/miniconda3/envs/openvoice/lib/python3.9/site-packages/faster_whisper/transcribe.py", line 433, in generate_segments
    ) = self.generate_with_fallback(encoder_output, prompt, tokenizer, options)
  File "/home/ubuntu/miniconda3/envs/openvoice/lib/python3.9/site-packages/faster_whisper/transcribe.py", line 641, in generate_with_fallback
    result = self.model.generate(
RuntimeError: CUDA failed with error out of memory
Traceback (most recent call last):
  File "/home/ubuntu/OpenVoice/job.py", line 334, in <module>
    clone_voice(f"./projects/{i}/{j}")
  File "/home/ubuntu/OpenVoice/job.py", line 201, in clone_voice
    return(convert_color(projectfolder))
  File "/home/ubuntu/OpenVoice/job.py", line 277, in convert_color
    target_se, audio_name = se_extractor.get_se(ref_audio_path, tone_color_converter, vad=False)
  File "/home/ubuntu/OpenVoice/openvoice/se_extractor.py", line 146, in get_se
    wavs_folder = split_audio_whisper(audio_path, target_dir=target_dir, audio_name=audio_name)
  File "/home/ubuntu/OpenVoice/openvoice/se_extractor.py", line 29, in split_audio_whisper
    segments = list(segments)
  File "/home/ubuntu/miniconda3/envs/openvoice/lib/python3.9/site-packages/faster_whisper/transcribe.py", line 433, in generate_segments
    ) = self.generate_with_fallback(encoder_output, prompt, tokenizer, options)
  File "/home/ubuntu/miniconda3/envs/openvoice/lib/python3.9/site-packages/faster_whisper/transcribe.py", line 641, in generate_with_fallback
    result = self.model.generate(
RuntimeError: CUDA failed with error out of memory
Traceback (most recent call last):
  File "/home/ubuntu/OpenVoice/job.py", line 334, in <module>
    clone_voice(f"./projects/{i}/{j}")
  File "/home/ubuntu/OpenVoice/job.py", line 201, in clone_voice
    return(convert_color(projectfolder))
  File "/home/ubuntu/OpenVoice/job.py", line 277, in convert_color
    target_se, audio_name = se_extractor.get_se(ref_audio_path, tone_color_converter, vad=False)
  File "/home/ubuntu/OpenVoice/openvoice/se_extractor.py", line 150, in get_se
    raise NotImplementedError('No audio segments found!')
NotImplementedError: No audio segments found!
Traceback (most recent call last):
  File "/home/ubuntu/OpenVoice/job.py", line 334, in <module>
    clone_voice(f"./projects/{i}/{j}")
  File "/home/ubuntu/OpenVoice/job.py", line 201, in clone_voice
    return(convert_color(projectfolder))
  File "/home/ubuntu/OpenVoice/job.py", line 277, in convert_color
    target_se, audio_name = se_extractor.get_se(ref_audio_path, tone_color_converter, vad=False)
  File "/home/ubuntu/OpenVoice/openvoice/se_extractor.py", line 146, in get_se
    wavs_folder = split_audio_whisper(audio_path, target_dir=target_dir, audio_name=audio_name)
  File "/home/ubuntu/OpenVoice/openvoice/se_extractor.py", line 29, in split_audio_whisper
    segments = list(segments)
  File "/home/ubuntu/miniconda3/envs/openvoice/lib/python3.9/site-packages/faster_whisper/transcribe.py", line 433, in generate_segments
    ) = self.generate_with_fallback(encoder_output, prompt, tokenizer, options)
  File "/home/ubuntu/miniconda3/envs/openvoice/lib/python3.9/site-packages/faster_whisper/transcribe.py", line 641, in generate_with_fallback
    result = self.model.generate(
RuntimeError: CUDA failed with error out of memory
Traceback (most recent call last):
  File "/home/ubuntu/OpenVoice/job.py", line 334, in <module>
    clone_voice(f"./projects/{i}/{j}")
  File "/home/ubuntu/OpenVoice/job.py", line 201, in clone_voice
    return(convert_color(projectfolder))
  File "/home/ubuntu/OpenVoice/job.py", line 277, in convert_color
    target_se, audio_name = se_extractor.get_se(ref_audio_path, tone_color_converter, vad=False)
  File "/home/ubuntu/OpenVoice/openvoice/se_extractor.py", line 146, in get_se
    wavs_folder = split_audio_whisper(audio_path, target_dir=target_dir, audio_name=audio_name)
  File "/home/ubuntu/OpenVoice/openvoice/se_extractor.py", line 29, in split_audio_whisper
    segments = list(segments)
  File "/home/ubuntu/miniconda3/envs/openvoice/lib/python3.9/site-packages/faster_whisper/transcribe.py", line 433, in generate_segments
    ) = self.generate_with_fallback(encoder_output, prompt, tokenizer, options)
  File "/home/ubuntu/miniconda3/envs/openvoice/lib/python3.9/site-packages/faster_whisper/transcribe.py", line 641, in generate_with_fallback
    result = self.model.generate(
RuntimeError: CUDA failed with error out of memory
Traceback (most recent call last):
  File "/home/ubuntu/OpenVoice/job.py", line 334, in <module>
    clone_voice(f"./projects/{i}/{j}")
  File "/home/ubuntu/OpenVoice/job.py", line 201, in clone_voice
    return(convert_color(projectfolder))
  File "/home/ubuntu/OpenVoice/job.py", line 277, in convert_color
    target_se, audio_name = se_extractor.get_se(ref_audio_path, tone_color_converter, vad=False)
  File "/home/ubuntu/OpenVoice/openvoice/se_extractor.py", line 146, in get_se
    wavs_folder = split_audio_whisper(audio_path, target_dir=target_dir, audio_name=audio_name)
  File "/home/ubuntu/OpenVoice/openvoice/se_extractor.py", line 29, in split_audio_whisper
    segments = list(segments)
  File "/home/ubuntu/miniconda3/envs/openvoice/lib/python3.9/site-packages/faster_whisper/transcribe.py", line 433, in generate_segments
    ) = self.generate_with_fallback(encoder_output, prompt, tokenizer, options)
  File "/home/ubuntu/miniconda3/envs/openvoice/lib/python3.9/site-packages/faster_whisper/transcribe.py", line 641, in generate_with_fallback
    result = self.model.generate(
RuntimeError: CUDA failed with error out of memory
Traceback (most recent call last):
  File "/home/ubuntu/OpenVoice/job.py", line 334, in <module>
    clone_voice(f"./projects/{i}/{j}")
  File "/home/ubuntu/OpenVoice/job.py", line 201, in clone_voice
    return(convert_color(projectfolder))
  File "/home/ubuntu/OpenVoice/job.py", line 277, in convert_color
    target_se, audio_name = se_extractor.get_se(ref_audio_path, tone_color_converter, vad=False)
  File "/home/ubuntu/OpenVoice/openvoice/se_extractor.py", line 146, in get_se
    wavs_folder = split_audio_whisper(audio_path, target_dir=target_dir, audio_name=audio_name)
  File "/home/ubuntu/OpenVoice/openvoice/se_extractor.py", line 29, in split_audio_whisper
    segments = list(segments)
  File "/home/ubuntu/miniconda3/envs/openvoice/lib/python3.9/site-packages/faster_whisper/transcribe.py", line 433, in generate_segments
    ) = self.generate_with_fallback(encoder_output, prompt, tokenizer, options)
  File "/home/ubuntu/miniconda3/envs/openvoice/lib/python3.9/site-packages/faster_whisper/transcribe.py", line 641, in generate_with_fallback
    result = self.model.generate(
RuntimeError: CUDA failed with error out of memory
Traceback (most recent call last):
  File "/home/ubuntu/OpenVoice/job.py", line 334, in <module>
    clone_voice(f"./projects/{i}/{j}")
  File "/home/ubuntu/OpenVoice/job.py", line 201, in clone_voice
    return(convert_color(projectfolder))
  File "/home/ubuntu/OpenVoice/job.py", line 277, in convert_color
    target_se, audio_name = se_extractor.get_se(ref_audio_path, tone_color_converter, vad=False)
  File "/home/ubuntu/OpenVoice/openvoice/se_extractor.py", line 146, in get_se
    wavs_folder = split_audio_whisper(audio_path, target_dir=target_dir, audio_name=audio_name)
  File "/home/ubuntu/OpenVoice/openvoice/se_extractor.py", line 29, in split_audio_whisper
    segments = list(segments)
  File "/home/ubuntu/miniconda3/envs/openvoice/lib/python3.9/site-packages/faster_whisper/transcribe.py", line 433, in generate_segments
    ) = self.generate_with_fallback(encoder_output, prompt, tokenizer, options)
  File "/home/ubuntu/miniconda3/envs/openvoice/lib/python3.9/site-packages/faster_whisper/transcribe.py", line 641, in generate_with_fallback
    result = self.model.generate(
RuntimeError: CUDA failed with error out of memory
Traceback (most recent call last):
  File "/home/ubuntu/OpenVoice/job.py", line 334, in <module>
    clone_voice(f"./projects/{i}/{j}")
  File "/home/ubuntu/OpenVoice/job.py", line 201, in clone_voice
    return(convert_color(projectfolder))
  File "/home/ubuntu/OpenVoice/job.py", line 277, in convert_color
    target_se, audio_name = se_extractor.get_se(ref_audio_path, tone_color_converter, vad=False)
  File "/home/ubuntu/OpenVoice/openvoice/se_extractor.py", line 146, in get_se
    wavs_folder = split_audio_whisper(audio_path, target_dir=target_dir, audio_name=audio_name)
  File "/home/ubuntu/OpenVoice/openvoice/se_extractor.py", line 29, in split_audio_whisper
    segments = list(segments)
  File "/home/ubuntu/miniconda3/envs/openvoice/lib/python3.9/site-packages/faster_whisper/transcribe.py", line 433, in generate_segments
    ) = self.generate_with_fallback(encoder_output, prompt, tokenizer, options)
  File "/home/ubuntu/miniconda3/envs/openvoice/lib/python3.9/site-packages/faster_whisper/transcribe.py", line 641, in generate_with_fallback
    result = self.model.generate(
RuntimeError: CUDA failed with error out of memory
Traceback (most recent call last):
  File "/home/ubuntu/OpenVoice/job.py", line 334, in <module>
    clone_voice(f"./projects/{i}/{j}")
  File "/home/ubuntu/OpenVoice/job.py", line 201, in clone_voice
    return(convert_color(projectfolder))
  File "/home/ubuntu/OpenVoice/job.py", line 277, in convert_color
    target_se, audio_name = se_extractor.get_se(ref_audio_path, tone_color_converter, vad=False)
  File "/home/ubuntu/OpenVoice/openvoice/se_extractor.py", line 146, in get_se
    wavs_folder = split_audio_whisper(audio_path, target_dir=target_dir, audio_name=audio_name)
  File "/home/ubuntu/OpenVoice/openvoice/se_extractor.py", line 29, in split_audio_whisper
    segments = list(segments)
  File "/home/ubuntu/miniconda3/envs/openvoice/lib/python3.9/site-packages/faster_whisper/transcribe.py", line 433, in generate_segments
    ) = self.generate_with_fallback(encoder_output, prompt, tokenizer, options)
  File "/home/ubuntu/miniconda3/envs/openvoice/lib/python3.9/site-packages/faster_whisper/transcribe.py", line 641, in generate_with_fallback
    result = self.model.generate(
RuntimeError: CUDA failed with error out of memory
Traceback (most recent call last):
  File "/home/ubuntu/OpenVoice/job.py", line 334, in <module>
    clone_voice(f"./projects/{i}/{j}")
  File "/home/ubuntu/OpenVoice/job.py", line 201, in clone_voice
    return(convert_color(projectfolder))
  File "/home/ubuntu/OpenVoice/job.py", line 277, in convert_color
    target_se, audio_name = se_extractor.get_se(ref_audio_path, tone_color_converter, vad=False)
  File "/home/ubuntu/OpenVoice/openvoice/se_extractor.py", line 146, in get_se
    wavs_folder = split_audio_whisper(audio_path, target_dir=target_dir, audio_name=audio_name)
  File "/home/ubuntu/OpenVoice/openvoice/se_extractor.py", line 29, in split_audio_whisper
    segments = list(segments)
  File "/home/ubuntu/miniconda3/envs/openvoice/lib/python3.9/site-packages/faster_whisper/transcribe.py", line 433, in generate_segments
    ) = self.generate_with_fallback(encoder_output, prompt, tokenizer, options)
  File "/home/ubuntu/miniconda3/envs/openvoice/lib/python3.9/site-packages/faster_whisper/transcribe.py", line 641, in generate_with_fallback
    result = self.model.generate(
RuntimeError: CUDA failed with error out of memory
Traceback (most recent call last):
  File "/home/ubuntu/OpenVoice/job.py", line 334, in <module>
    clone_voice(f"./projects/{i}/{j}")
  File "/home/ubuntu/OpenVoice/job.py", line 201, in clone_voice
    return(convert_color(projectfolder))
  File "/home/ubuntu/OpenVoice/job.py", line 277, in convert_color
    target_se, audio_name = se_extractor.get_se(ref_audio_path, tone_color_converter, vad=False)
  File "/home/ubuntu/OpenVoice/openvoice/se_extractor.py", line 146, in get_se
    wavs_folder = split_audio_whisper(audio_path, target_dir=target_dir, audio_name=audio_name)
  File "/home/ubuntu/OpenVoice/openvoice/se_extractor.py", line 29, in split_audio_whisper
    segments = list(segments)
  File "/home/ubuntu/miniconda3/envs/openvoice/lib/python3.9/site-packages/faster_whisper/transcribe.py", line 433, in generate_segments
    ) = self.generate_with_fallback(encoder_output, prompt, tokenizer, options)
  File "/home/ubuntu/miniconda3/envs/openvoice/lib/python3.9/site-packages/faster_whisper/transcribe.py", line 641, in generate_with_fallback
    result = self.model.generate(
RuntimeError: CUDA failed with error out of memory
Traceback (most recent call last):
  File "/home/ubuntu/OpenVoice/job.py", line 334, in <module>
    clone_voice(f"./projects/{i}/{j}")
  File "/home/ubuntu/OpenVoice/job.py", line 201, in clone_voice
    return(convert_color(projectfolder))
  File "/home/ubuntu/OpenVoice/job.py", line 277, in convert_color
    target_se, audio_name = se_extractor.get_se(ref_audio_path, tone_color_converter, vad=False)
  File "/home/ubuntu/OpenVoice/openvoice/se_extractor.py", line 150, in get_se
    raise NotImplementedError('No audio segments found!')
NotImplementedError: No audio segments found!
Traceback (most recent call last):
  File "/home/ubuntu/OpenVoice/job.py", line 334, in <module>
    clone_voice(f"./projects/{i}/{j}")
  File "/home/ubuntu/OpenVoice/job.py", line 201, in clone_voice
    return(convert_color(projectfolder))
  File "/home/ubuntu/OpenVoice/job.py", line 277, in convert_color
    target_se, audio_name = se_extractor.get_se(ref_audio_path, tone_color_converter, vad=False)
  File "/home/ubuntu/OpenVoice/openvoice/se_extractor.py", line 146, in get_se
    wavs_folder = split_audio_whisper(audio_path, target_dir=target_dir, audio_name=audio_name)
  File "/home/ubuntu/OpenVoice/openvoice/se_extractor.py", line 29, in split_audio_whisper
    segments = list(segments)
  File "/home/ubuntu/miniconda3/envs/openvoice/lib/python3.9/site-packages/faster_whisper/transcribe.py", line 433, in generate_segments
    ) = self.generate_with_fallback(encoder_output, prompt, tokenizer, options)
  File "/home/ubuntu/miniconda3/envs/openvoice/lib/python3.9/site-packages/faster_whisper/transcribe.py", line 641, in generate_with_fallback
    result = self.model.generate(
RuntimeError: CUDA failed with error out of memory
Traceback (most recent call last):
  File "/home/ubuntu/OpenVoice/job.py", line 334, in <module>
    clone_voice(f"./projects/{i}/{j}")
  File "/home/ubuntu/OpenVoice/job.py", line 201, in clone_voice
    return(convert_color(projectfolder))
  File "/home/ubuntu/OpenVoice/job.py", line 277, in convert_color
    target_se, audio_name = se_extractor.get_se(ref_audio_path, tone_color_converter, vad=False)
  File "/home/ubuntu/OpenVoice/openvoice/se_extractor.py", line 146, in get_se
    wavs_folder = split_audio_whisper(audio_path, target_dir=target_dir, audio_name=audio_name)
  File "/home/ubuntu/OpenVoice/openvoice/se_extractor.py", line 29, in split_audio_whisper
    segments = list(segments)
  File "/home/ubuntu/miniconda3/envs/openvoice/lib/python3.9/site-packages/faster_whisper/transcribe.py", line 433, in generate_segments
    ) = self.generate_with_fallback(encoder_output, prompt, tokenizer, options)
  File "/home/ubuntu/miniconda3/envs/openvoice/lib/python3.9/site-packages/faster_whisper/transcribe.py", line 641, in generate_with_fallback
    result = self.model.generate(
RuntimeError: CUDA failed with error out of memory
Traceback (most recent call last):
  File "/home/ubuntu/OpenVoice/job.py", line 334, in <module>
    clone_voice(f"./projects/{i}/{j}")
  File "/home/ubuntu/OpenVoice/job.py", line 201, in clone_voice
    return(convert_color(projectfolder))
  File "/home/ubuntu/OpenVoice/job.py", line 277, in convert_color
    target_se, audio_name = se_extractor.get_se(ref_audio_path, tone_color_converter, vad=False)
  File "/home/ubuntu/OpenVoice/openvoice/se_extractor.py", line 146, in get_se
    wavs_folder = split_audio_whisper(audio_path, target_dir=target_dir, audio_name=audio_name)
  File "/home/ubuntu/OpenVoice/openvoice/se_extractor.py", line 29, in split_audio_whisper
    segments = list(segments)
  File "/home/ubuntu/miniconda3/envs/openvoice/lib/python3.9/site-packages/faster_whisper/transcribe.py", line 433, in generate_segments
    ) = self.generate_with_fallback(encoder_output, prompt, tokenizer, options)
  File "/home/ubuntu/miniconda3/envs/openvoice/lib/python3.9/site-packages/faster_whisper/transcribe.py", line 641, in generate_with_fallback
    result = self.model.generate(
RuntimeError: CUDA failed with error out of memory
Traceback (most recent call last):
  File "/home/ubuntu/OpenVoice/job.py", line 334, in <module>
    clone_voice(f"./projects/{i}/{j}")
  File "/home/ubuntu/OpenVoice/job.py", line 201, in clone_voice
    return(convert_color(projectfolder))
  File "/home/ubuntu/OpenVoice/job.py", line 277, in convert_color
    target_se, audio_name = se_extractor.get_se(ref_audio_path, tone_color_converter, vad=False)
  File "/home/ubuntu/OpenVoice/openvoice/se_extractor.py", line 146, in get_se
    wavs_folder = split_audio_whisper(audio_path, target_dir=target_dir, audio_name=audio_name)
  File "/home/ubuntu/OpenVoice/openvoice/se_extractor.py", line 29, in split_audio_whisper
    segments = list(segments)
  File "/home/ubuntu/miniconda3/envs/openvoice/lib/python3.9/site-packages/faster_whisper/transcribe.py", line 433, in generate_segments
    ) = self.generate_with_fallback(encoder_output, prompt, tokenizer, options)
  File "/home/ubuntu/miniconda3/envs/openvoice/lib/python3.9/site-packages/faster_whisper/transcribe.py", line 641, in generate_with_fallback
    result = self.model.generate(
RuntimeError: CUDA failed with error out of memory
Traceback (most recent call last):
  File "/home/ubuntu/OpenVoice/job.py", line 334, in <module>
    clone_voice(f"./projects/{i}/{j}")
  File "/home/ubuntu/OpenVoice/job.py", line 201, in clone_voice
    return(convert_color(projectfolder))
  File "/home/ubuntu/OpenVoice/job.py", line 277, in convert_color
    target_se, audio_name = se_extractor.get_se(ref_audio_path, tone_color_converter, vad=False)
  File "/home/ubuntu/OpenVoice/openvoice/se_extractor.py", line 146, in get_se
    wavs_folder = split_audio_whisper(audio_path, target_dir=target_dir, audio_name=audio_name)
  File "/home/ubuntu/OpenVoice/openvoice/se_extractor.py", line 29, in split_audio_whisper
    segments = list(segments)
  File "/home/ubuntu/miniconda3/envs/openvoice/lib/python3.9/site-packages/faster_whisper/transcribe.py", line 433, in generate_segments
    ) = self.generate_with_fallback(encoder_output, prompt, tokenizer, options)
  File "/home/ubuntu/miniconda3/envs/openvoice/lib/python3.9/site-packages/faster_whisper/transcribe.py", line 641, in generate_with_fallback
    result = self.model.generate(
RuntimeError: CUDA failed with error out of memory
Traceback (most recent call last):
  File "/home/ubuntu/OpenVoice/job.py", line 334, in <module>
    clone_voice(f"./projects/{i}/{j}")
  File "/home/ubuntu/OpenVoice/job.py", line 201, in clone_voice
    return(convert_color(projectfolder))
  File "/home/ubuntu/OpenVoice/job.py", line 277, in convert_color
    target_se, audio_name = se_extractor.get_se(ref_audio_path, tone_color_converter, vad=False)
  File "/home/ubuntu/OpenVoice/openvoice/se_extractor.py", line 146, in get_se
    wavs_folder = split_audio_whisper(audio_path, target_dir=target_dir, audio_name=audio_name)
  File "/home/ubuntu/OpenVoice/openvoice/se_extractor.py", line 29, in split_audio_whisper
    segments = list(segments)
  File "/home/ubuntu/miniconda3/envs/openvoice/lib/python3.9/site-packages/faster_whisper/transcribe.py", line 433, in generate_segments
    ) = self.generate_with_fallback(encoder_output, prompt, tokenizer, options)
  File "/home/ubuntu/miniconda3/envs/openvoice/lib/python3.9/site-packages/faster_whisper/transcribe.py", line 641, in generate_with_fallback
    result = self.model.generate(
RuntimeError: CUDA failed with error out of memory
Traceback (most recent call last):
  File "/home/ubuntu/OpenVoice/job.py", line 334, in <module>
    clone_voice(f"./projects/{i}/{j}")
  File "/home/ubuntu/OpenVoice/job.py", line 201, in clone_voice
    return(convert_color(projectfolder))
  File "/home/ubuntu/OpenVoice/job.py", line 277, in convert_color
    target_se, audio_name = se_extractor.get_se(ref_audio_path, tone_color_converter, vad=False)
  File "/home/ubuntu/OpenVoice/openvoice/se_extractor.py", line 146, in get_se
    wavs_folder = split_audio_whisper(audio_path, target_dir=target_dir, audio_name=audio_name)
  File "/home/ubuntu/OpenVoice/openvoice/se_extractor.py", line 29, in split_audio_whisper
    segments = list(segments)
  File "/home/ubuntu/miniconda3/envs/openvoice/lib/python3.9/site-packages/faster_whisper/transcribe.py", line 433, in generate_segments
    ) = self.generate_with_fallback(encoder_output, prompt, tokenizer, options)
  File "/home/ubuntu/miniconda3/envs/openvoice/lib/python3.9/site-packages/faster_whisper/transcribe.py", line 641, in generate_with_fallback
    result = self.model.generate(
RuntimeError: CUDA failed with error out of memory
Traceback (most recent call last):
  File "/home/ubuntu/OpenVoice/job.py", line 334, in <module>
    clone_voice(f"./projects/{i}/{j}")
  File "/home/ubuntu/OpenVoice/job.py", line 201, in clone_voice
    return(convert_color(projectfolder))
  File "/home/ubuntu/OpenVoice/job.py", line 277, in convert_color
    target_se, audio_name = se_extractor.get_se(ref_audio_path, tone_color_converter, vad=False)
  File "/home/ubuntu/OpenVoice/openvoice/se_extractor.py", line 150, in get_se
    raise NotImplementedError('No audio segments found!')
NotImplementedError: No audio segments found!
Traceback (most recent call last):
  File "/home/ubuntu/OpenVoice/job.py", line 334, in <module>
    clone_voice(f"./projects/{i}/{j}")
  File "/home/ubuntu/OpenVoice/job.py", line 201, in clone_voice
    return(convert_color(projectfolder))
  File "/home/ubuntu/OpenVoice/job.py", line 277, in convert_color
    target_se, audio_name = se_extractor.get_se(ref_audio_path, tone_color_converter, vad=False)
  File "/home/ubuntu/OpenVoice/openvoice/se_extractor.py", line 146, in get_se
    wavs_folder = split_audio_whisper(audio_path, target_dir=target_dir, audio_name=audio_name)
  File "/home/ubuntu/OpenVoice/openvoice/se_extractor.py", line 29, in split_audio_whisper
    segments = list(segments)
  File "/home/ubuntu/miniconda3/envs/openvoice/lib/python3.9/site-packages/faster_whisper/transcribe.py", line 433, in generate_segments
    ) = self.generate_with_fallback(encoder_output, prompt, tokenizer, options)
  File "/home/ubuntu/miniconda3/envs/openvoice/lib/python3.9/site-packages/faster_whisper/transcribe.py", line 641, in generate_with_fallback
    result = self.model.generate(
RuntimeError: CUDA failed with error out of memory
Traceback (most recent call last):
  File "/home/ubuntu/OpenVoice/job.py", line 334, in <module>
    clone_voice(f"./projects/{i}/{j}")
  File "/home/ubuntu/OpenVoice/job.py", line 201, in clone_voice
    return(convert_color(projectfolder))
  File "/home/ubuntu/OpenVoice/job.py", line 277, in convert_color
    target_se, audio_name = se_extractor.get_se(ref_audio_path, tone_color_converter, vad=False)
  File "/home/ubuntu/OpenVoice/openvoice/se_extractor.py", line 146, in get_se
    wavs_folder = split_audio_whisper(audio_path, target_dir=target_dir, audio_name=audio_name)
  File "/home/ubuntu/OpenVoice/openvoice/se_extractor.py", line 29, in split_audio_whisper
    segments = list(segments)
  File "/home/ubuntu/miniconda3/envs/openvoice/lib/python3.9/site-packages/faster_whisper/transcribe.py", line 433, in generate_segments
    ) = self.generate_with_fallback(encoder_output, prompt, tokenizer, options)
  File "/home/ubuntu/miniconda3/envs/openvoice/lib/python3.9/site-packages/faster_whisper/transcribe.py", line 641, in generate_with_fallback
    result = self.model.generate(
RuntimeError: CUDA failed with error out of memory
Traceback (most recent call last):
  File "/home/ubuntu/OpenVoice/job.py", line 334, in <module>
    clone_voice(f"./projects/{i}/{j}")
  File "/home/ubuntu/OpenVoice/job.py", line 201, in clone_voice
    return(convert_color(projectfolder))
  File "/home/ubuntu/OpenVoice/job.py", line 277, in convert_color
    target_se, audio_name = se_extractor.get_se(ref_audio_path, tone_color_converter, vad=False)
  File "/home/ubuntu/OpenVoice/openvoice/se_extractor.py", line 150, in get_se
    raise NotImplementedError('No audio segments found!')
NotImplementedError: No audio segments found!
Traceback (most recent call last):
  File "/home/ubuntu/OpenVoice/job.py", line 334, in <module>
    clone_voice(f"./projects/{i}/{j}")
  File "/home/ubuntu/OpenVoice/job.py", line 201, in clone_voice
    return(convert_color(projectfolder))
  File "/home/ubuntu/OpenVoice/job.py", line 277, in convert_color
    target_se, audio_name = se_extractor.get_se(ref_audio_path, tone_color_converter, vad=False)
  File "/home/ubuntu/OpenVoice/openvoice/se_extractor.py", line 146, in get_se
    wavs_folder = split_audio_whisper(audio_path, target_dir=target_dir, audio_name=audio_name)
  File "/home/ubuntu/OpenVoice/openvoice/se_extractor.py", line 29, in split_audio_whisper
    segments = list(segments)
  File "/home/ubuntu/miniconda3/envs/openvoice/lib/python3.9/site-packages/faster_whisper/transcribe.py", line 433, in generate_segments
    ) = self.generate_with_fallback(encoder_output, prompt, tokenizer, options)
  File "/home/ubuntu/miniconda3/envs/openvoice/lib/python3.9/site-packages/faster_whisper/transcribe.py", line 641, in generate_with_fallback
    result = self.model.generate(
RuntimeError: CUDA failed with error out of memory
Traceback (most recent call last):
  File "/home/ubuntu/OpenVoice/job.py", line 334, in <module>
    clone_voice(f"./projects/{i}/{j}")
  File "/home/ubuntu/OpenVoice/job.py", line 201, in clone_voice
    return(convert_color(projectfolder))
  File "/home/ubuntu/OpenVoice/job.py", line 277, in convert_color
    target_se, audio_name = se_extractor.get_se(ref_audio_path, tone_color_converter, vad=False)
  File "/home/ubuntu/OpenVoice/openvoice/se_extractor.py", line 146, in get_se
    wavs_folder = split_audio_whisper(audio_path, target_dir=target_dir, audio_name=audio_name)
  File "/home/ubuntu/OpenVoice/openvoice/se_extractor.py", line 29, in split_audio_whisper
    segments = list(segments)
  File "/home/ubuntu/miniconda3/envs/openvoice/lib/python3.9/site-packages/faster_whisper/transcribe.py", line 433, in generate_segments
    ) = self.generate_with_fallback(encoder_output, prompt, tokenizer, options)
  File "/home/ubuntu/miniconda3/envs/openvoice/lib/python3.9/site-packages/faster_whisper/transcribe.py", line 641, in generate_with_fallback
    result = self.model.generate(
RuntimeError: CUDA failed with error out of memory
Traceback (most recent call last):
  File "/home/ubuntu/OpenVoice/job.py", line 334, in <module>
    clone_voice(f"./projects/{i}/{j}")
  File "/home/ubuntu/OpenVoice/job.py", line 201, in clone_voice
    return(convert_color(projectfolder))
  File "/home/ubuntu/OpenVoice/job.py", line 277, in convert_color
    target_se, audio_name = se_extractor.get_se(ref_audio_path, tone_color_converter, vad=False)
  File "/home/ubuntu/OpenVoice/openvoice/se_extractor.py", line 146, in get_se
    wavs_folder = split_audio_whisper(audio_path, target_dir=target_dir, audio_name=audio_name)
  File "/home/ubuntu/OpenVoice/openvoice/se_extractor.py", line 29, in split_audio_whisper
    segments = list(segments)
  File "/home/ubuntu/miniconda3/envs/openvoice/lib/python3.9/site-packages/faster_whisper/transcribe.py", line 433, in generate_segments
    ) = self.generate_with_fallback(encoder_output, prompt, tokenizer, options)
  File "/home/ubuntu/miniconda3/envs/openvoice/lib/python3.9/site-packages/faster_whisper/transcribe.py", line 641, in generate_with_fallback
    result = self.model.generate(
RuntimeError: CUDA failed with error out of memory
Traceback (most recent call last):
  File "/home/ubuntu/OpenVoice/job.py", line 334, in <module>
    clone_voice(f"./projects/{i}/{j}")
  File "/home/ubuntu/OpenVoice/job.py", line 201, in clone_voice
    return(convert_color(projectfolder))
  File "/home/ubuntu/OpenVoice/job.py", line 277, in convert_color
    target_se, audio_name = se_extractor.get_se(ref_audio_path, tone_color_converter, vad=False)
  File "/home/ubuntu/OpenVoice/openvoice/se_extractor.py", line 146, in get_se
    wavs_folder = split_audio_whisper(audio_path, target_dir=target_dir, audio_name=audio_name)
  File "/home/ubuntu/OpenVoice/openvoice/se_extractor.py", line 29, in split_audio_whisper
    segments = list(segments)
  File "/home/ubuntu/miniconda3/envs/openvoice/lib/python3.9/site-packages/faster_whisper/transcribe.py", line 433, in generate_segments
    ) = self.generate_with_fallback(encoder_output, prompt, tokenizer, options)
  File "/home/ubuntu/miniconda3/envs/openvoice/lib/python3.9/site-packages/faster_whisper/transcribe.py", line 641, in generate_with_fallback
    result = self.model.generate(
RuntimeError: CUDA failed with error out of memory
Traceback (most recent call last):
  File "/home/ubuntu/OpenVoice/job.py", line 334, in <module>
    clone_voice(f"./projects/{i}/{j}")
  File "/home/ubuntu/OpenVoice/job.py", line 201, in clone_voice
    return(convert_color(projectfolder))
  File "/home/ubuntu/OpenVoice/job.py", line 277, in convert_color
    target_se, audio_name = se_extractor.get_se(ref_audio_path, tone_color_converter, vad=False)
  File "/home/ubuntu/OpenVoice/openvoice/se_extractor.py", line 146, in get_se
    wavs_folder = split_audio_whisper(audio_path, target_dir=target_dir, audio_name=audio_name)
  File "/home/ubuntu/OpenVoice/openvoice/se_extractor.py", line 29, in split_audio_whisper
    segments = list(segments)
  File "/home/ubuntu/miniconda3/envs/openvoice/lib/python3.9/site-packages/faster_whisper/transcribe.py", line 433, in generate_segments
    ) = self.generate_with_fallback(encoder_output, prompt, tokenizer, options)
  File "/home/ubuntu/miniconda3/envs/openvoice/lib/python3.9/site-packages/faster_whisper/transcribe.py", line 641, in generate_with_fallback
    result = self.model.generate(
RuntimeError: CUDA failed with error out of memory
Traceback (most recent call last):
  File "/home/ubuntu/OpenVoice/job.py", line 334, in <module>
    clone_voice(f"./projects/{i}/{j}")
  File "/home/ubuntu/OpenVoice/job.py", line 201, in clone_voice
    return(convert_color(projectfolder))
  File "/home/ubuntu/OpenVoice/job.py", line 277, in convert_color
    target_se, audio_name = se_extractor.get_se(ref_audio_path, tone_color_converter, vad=False)
  File "/home/ubuntu/OpenVoice/openvoice/se_extractor.py", line 146, in get_se
    wavs_folder = split_audio_whisper(audio_path, target_dir=target_dir, audio_name=audio_name)
  File "/home/ubuntu/OpenVoice/openvoice/se_extractor.py", line 29, in split_audio_whisper
    segments = list(segments)
  File "/home/ubuntu/miniconda3/envs/openvoice/lib/python3.9/site-packages/faster_whisper/transcribe.py", line 433, in generate_segments
    ) = self.generate_with_fallback(encoder_output, prompt, tokenizer, options)
  File "/home/ubuntu/miniconda3/envs/openvoice/lib/python3.9/site-packages/faster_whisper/transcribe.py", line 641, in generate_with_fallback
    result = self.model.generate(
RuntimeError: CUDA failed with error out of memory
Traceback (most recent call last):
  File "/home/ubuntu/OpenVoice/job.py", line 334, in <module>
    clone_voice(f"./projects/{i}/{j}")
  File "/home/ubuntu/OpenVoice/job.py", line 201, in clone_voice
    return(convert_color(projectfolder))
  File "/home/ubuntu/OpenVoice/job.py", line 277, in convert_color
    target_se, audio_name = se_extractor.get_se(ref_audio_path, tone_color_converter, vad=False)
  File "/home/ubuntu/OpenVoice/openvoice/se_extractor.py", line 150, in get_se
    raise NotImplementedError('No audio segments found!')
NotImplementedError: No audio segments found!
Traceback (most recent call last):
  File "/home/ubuntu/OpenVoice/job.py", line 334, in <module>
    clone_voice(f"./projects/{i}/{j}")
  File "/home/ubuntu/OpenVoice/job.py", line 201, in clone_voice
    return(convert_color(projectfolder))
  File "/home/ubuntu/OpenVoice/job.py", line 277, in convert_color
    target_se, audio_name = se_extractor.get_se(ref_audio_path, tone_color_converter, vad=False)
  File "/home/ubuntu/OpenVoice/openvoice/se_extractor.py", line 150, in get_se
    raise NotImplementedError('No audio segments found!')
NotImplementedError: No audio segments found!
Traceback (most recent call last):
  File "/home/ubuntu/OpenVoice/job.py", line 334, in <module>
    clone_voice(f"./projects/{i}/{j}")
  File "/home/ubuntu/OpenVoice/job.py", line 201, in clone_voice
    return(convert_color(projectfolder))
  File "/home/ubuntu/OpenVoice/job.py", line 277, in convert_color
    target_se, audio_name = se_extractor.get_se(ref_audio_path, tone_color_converter, vad=False)
  File "/home/ubuntu/OpenVoice/openvoice/se_extractor.py", line 146, in get_se
    wavs_folder = split_audio_whisper(audio_path, target_dir=target_dir, audio_name=audio_name)
  File "/home/ubuntu/OpenVoice/openvoice/se_extractor.py", line 29, in split_audio_whisper
    segments = list(segments)
  File "/home/ubuntu/miniconda3/envs/openvoice/lib/python3.9/site-packages/faster_whisper/transcribe.py", line 433, in generate_segments
    ) = self.generate_with_fallback(encoder_output, prompt, tokenizer, options)
  File "/home/ubuntu/miniconda3/envs/openvoice/lib/python3.9/site-packages/faster_whisper/transcribe.py", line 641, in generate_with_fallback
    result = self.model.generate(
RuntimeError: CUDA failed with error out of memory
Traceback (most recent call last):
  File "/home/ubuntu/OpenVoice/job.py", line 334, in <module>
    clone_voice(f"./projects/{i}/{j}")
  File "/home/ubuntu/OpenVoice/job.py", line 201, in clone_voice
    return(convert_color(projectfolder))
  File "/home/ubuntu/OpenVoice/job.py", line 277, in convert_color
    target_se, audio_name = se_extractor.get_se(ref_audio_path, tone_color_converter, vad=False)
  File "/home/ubuntu/OpenVoice/openvoice/se_extractor.py", line 146, in get_se
    wavs_folder = split_audio_whisper(audio_path, target_dir=target_dir, audio_name=audio_name)
  File "/home/ubuntu/OpenVoice/openvoice/se_extractor.py", line 29, in split_audio_whisper
    segments = list(segments)
  File "/home/ubuntu/miniconda3/envs/openvoice/lib/python3.9/site-packages/faster_whisper/transcribe.py", line 433, in generate_segments
    ) = self.generate_with_fallback(encoder_output, prompt, tokenizer, options)
  File "/home/ubuntu/miniconda3/envs/openvoice/lib/python3.9/site-packages/faster_whisper/transcribe.py", line 641, in generate_with_fallback
    result = self.model.generate(
RuntimeError: CUDA failed with error out of memory
Traceback (most recent call last):
  File "/home/ubuntu/OpenVoice/job.py", line 334, in <module>
    clone_voice(f"./projects/{i}/{j}")
  File "/home/ubuntu/OpenVoice/job.py", line 201, in clone_voice
    return(convert_color(projectfolder))
  File "/home/ubuntu/OpenVoice/job.py", line 277, in convert_color
    target_se, audio_name = se_extractor.get_se(ref_audio_path, tone_color_converter, vad=False)
  File "/home/ubuntu/OpenVoice/openvoice/se_extractor.py", line 150, in get_se
    raise NotImplementedError('No audio segments found!')
NotImplementedError: No audio segments found!
Traceback (most recent call last):
  File "/home/ubuntu/OpenVoice/job.py", line 334, in <module>
    clone_voice(f"./projects/{i}/{j}")
  File "/home/ubuntu/OpenVoice/job.py", line 201, in clone_voice
    return(convert_color(projectfolder))
  File "/home/ubuntu/OpenVoice/job.py", line 277, in convert_color
    target_se, audio_name = se_extractor.get_se(ref_audio_path, tone_color_converter, vad=False)
  File "/home/ubuntu/OpenVoice/openvoice/se_extractor.py", line 146, in get_se
    wavs_folder = split_audio_whisper(audio_path, target_dir=target_dir, audio_name=audio_name)
  File "/home/ubuntu/OpenVoice/openvoice/se_extractor.py", line 29, in split_audio_whisper
    segments = list(segments)
  File "/home/ubuntu/miniconda3/envs/openvoice/lib/python3.9/site-packages/faster_whisper/transcribe.py", line 433, in generate_segments
    ) = self.generate_with_fallback(encoder_output, prompt, tokenizer, options)
  File "/home/ubuntu/miniconda3/envs/openvoice/lib/python3.9/site-packages/faster_whisper/transcribe.py", line 641, in generate_with_fallback
    result = self.model.generate(
RuntimeError: CUDA failed with error out of memory
Traceback (most recent call last):
  File "/home/ubuntu/OpenVoice/job.py", line 334, in <module>
    clone_voice(f"./projects/{i}/{j}")
  File "/home/ubuntu/OpenVoice/job.py", line 201, in clone_voice
    return(convert_color(projectfolder))
  File "/home/ubuntu/OpenVoice/job.py", line 277, in convert_color
    target_se, audio_name = se_extractor.get_se(ref_audio_path, tone_color_converter, vad=False)
  File "/home/ubuntu/OpenVoice/openvoice/se_extractor.py", line 146, in get_se
    wavs_folder = split_audio_whisper(audio_path, target_dir=target_dir, audio_name=audio_name)
  File "/home/ubuntu/OpenVoice/openvoice/se_extractor.py", line 29, in split_audio_whisper
    segments = list(segments)
  File "/home/ubuntu/miniconda3/envs/openvoice/lib/python3.9/site-packages/faster_whisper/transcribe.py", line 433, in generate_segments
    ) = self.generate_with_fallback(encoder_output, prompt, tokenizer, options)
  File "/home/ubuntu/miniconda3/envs/openvoice/lib/python3.9/site-packages/faster_whisper/transcribe.py", line 641, in generate_with_fallback
    result = self.model.generate(
RuntimeError: CUDA failed with error out of memory
Traceback (most recent call last):
  File "/home/ubuntu/OpenVoice/job.py", line 334, in <module>
    clone_voice(f"./projects/{i}/{j}")
  File "/home/ubuntu/OpenVoice/job.py", line 201, in clone_voice
    return(convert_color(projectfolder))
  File "/home/ubuntu/OpenVoice/job.py", line 277, in convert_color
    target_se, audio_name = se_extractor.get_se(ref_audio_path, tone_color_converter, vad=False)
  File "/home/ubuntu/OpenVoice/openvoice/se_extractor.py", line 146, in get_se
    wavs_folder = split_audio_whisper(audio_path, target_dir=target_dir, audio_name=audio_name)
  File "/home/ubuntu/OpenVoice/openvoice/se_extractor.py", line 29, in split_audio_whisper
    segments = list(segments)
  File "/home/ubuntu/miniconda3/envs/openvoice/lib/python3.9/site-packages/faster_whisper/transcribe.py", line 433, in generate_segments
    ) = self.generate_with_fallback(encoder_output, prompt, tokenizer, options)
  File "/home/ubuntu/miniconda3/envs/openvoice/lib/python3.9/site-packages/faster_whisper/transcribe.py", line 641, in generate_with_fallback
    result = self.model.generate(
RuntimeError: CUDA failed with error out of memory
Traceback (most recent call last):
  File "/home/ubuntu/OpenVoice/job.py", line 334, in <module>
    clone_voice(f"./projects/{i}/{j}")
  File "/home/ubuntu/OpenVoice/job.py", line 201, in clone_voice
    return(convert_color(projectfolder))
  File "/home/ubuntu/OpenVoice/job.py", line 277, in convert_color
    target_se, audio_name = se_extractor.get_se(ref_audio_path, tone_color_converter, vad=False)
  File "/home/ubuntu/OpenVoice/openvoice/se_extractor.py", line 146, in get_se
    wavs_folder = split_audio_whisper(audio_path, target_dir=target_dir, audio_name=audio_name)
  File "/home/ubuntu/OpenVoice/openvoice/se_extractor.py", line 29, in split_audio_whisper
    segments = list(segments)
  File "/home/ubuntu/miniconda3/envs/openvoice/lib/python3.9/site-packages/faster_whisper/transcribe.py", line 433, in generate_segments
    ) = self.generate_with_fallback(encoder_output, prompt, tokenizer, options)
  File "/home/ubuntu/miniconda3/envs/openvoice/lib/python3.9/site-packages/faster_whisper/transcribe.py", line 641, in generate_with_fallback
    result = self.model.generate(
RuntimeError: CUDA failed with error out of memory
Traceback (most recent call last):
  File "/home/ubuntu/OpenVoice/job.py", line 334, in <module>
    clone_voice(f"./projects/{i}/{j}")
  File "/home/ubuntu/OpenVoice/job.py", line 201, in clone_voice
    return(convert_color(projectfolder))
  File "/home/ubuntu/OpenVoice/job.py", line 277, in convert_color
    target_se, audio_name = se_extractor.get_se(ref_audio_path, tone_color_converter, vad=False)
  File "/home/ubuntu/OpenVoice/openvoice/se_extractor.py", line 146, in get_se
    wavs_folder = split_audio_whisper(audio_path, target_dir=target_dir, audio_name=audio_name)
  File "/home/ubuntu/OpenVoice/openvoice/se_extractor.py", line 29, in split_audio_whisper
    segments = list(segments)
  File "/home/ubuntu/miniconda3/envs/openvoice/lib/python3.9/site-packages/faster_whisper/transcribe.py", line 433, in generate_segments
    ) = self.generate_with_fallback(encoder_output, prompt, tokenizer, options)
  File "/home/ubuntu/miniconda3/envs/openvoice/lib/python3.9/site-packages/faster_whisper/transcribe.py", line 641, in generate_with_fallback
    result = self.model.generate(
RuntimeError: CUDA failed with error out of memory
Traceback (most recent call last):
  File "/home/ubuntu/OpenVoice/job.py", line 334, in <module>
    clone_voice(f"./projects/{i}/{j}")
  File "/home/ubuntu/OpenVoice/job.py", line 201, in clone_voice
    return(convert_color(projectfolder))
  File "/home/ubuntu/OpenVoice/job.py", line 277, in convert_color
    target_se, audio_name = se_extractor.get_se(ref_audio_path, tone_color_converter, vad=False)
  File "/home/ubuntu/OpenVoice/openvoice/se_extractor.py", line 146, in get_se
    wavs_folder = split_audio_whisper(audio_path, target_dir=target_dir, audio_name=audio_name)
  File "/home/ubuntu/OpenVoice/openvoice/se_extractor.py", line 29, in split_audio_whisper
    segments = list(segments)
  File "/home/ubuntu/miniconda3/envs/openvoice/lib/python3.9/site-packages/faster_whisper/transcribe.py", line 433, in generate_segments
    ) = self.generate_with_fallback(encoder_output, prompt, tokenizer, options)
  File "/home/ubuntu/miniconda3/envs/openvoice/lib/python3.9/site-packages/faster_whisper/transcribe.py", line 641, in generate_with_fallback
    result = self.model.generate(
RuntimeError: CUDA failed with error out of memory
Traceback (most recent call last):
  File "/home/ubuntu/OpenVoice/job.py", line 334, in <module>
    clone_voice(f"./projects/{i}/{j}")
  File "/home/ubuntu/OpenVoice/job.py", line 201, in clone_voice
    return(convert_color(projectfolder))
  File "/home/ubuntu/OpenVoice/job.py", line 277, in convert_color
    target_se, audio_name = se_extractor.get_se(ref_audio_path, tone_color_converter, vad=False)
  File "/home/ubuntu/OpenVoice/openvoice/se_extractor.py", line 150, in get_se
    raise NotImplementedError('No audio segments found!')
NotImplementedError: No audio segments found!
Traceback (most recent call last):
  File "/home/ubuntu/OpenVoice/job.py", line 334, in <module>
    clone_voice(f"./projects/{i}/{j}")
  File "/home/ubuntu/OpenVoice/job.py", line 201, in clone_voice
    return(convert_color(projectfolder))
  File "/home/ubuntu/OpenVoice/job.py", line 277, in convert_color
    target_se, audio_name = se_extractor.get_se(ref_audio_path, tone_color_converter, vad=False)
  File "/home/ubuntu/OpenVoice/openvoice/se_extractor.py", line 146, in get_se
    wavs_folder = split_audio_whisper(audio_path, target_dir=target_dir, audio_name=audio_name)
  File "/home/ubuntu/OpenVoice/openvoice/se_extractor.py", line 29, in split_audio_whisper
    segments = list(segments)
  File "/home/ubuntu/miniconda3/envs/openvoice/lib/python3.9/site-packages/faster_whisper/transcribe.py", line 433, in generate_segments
    ) = self.generate_with_fallback(encoder_output, prompt, tokenizer, options)
  File "/home/ubuntu/miniconda3/envs/openvoice/lib/python3.9/site-packages/faster_whisper/transcribe.py", line 641, in generate_with_fallback
    result = self.model.generate(
RuntimeError: CUDA failed with error out of memory
Traceback (most recent call last):
  File "/home/ubuntu/OpenVoice/job.py", line 334, in <module>
    clone_voice(f"./projects/{i}/{j}")
  File "/home/ubuntu/OpenVoice/job.py", line 201, in clone_voice
    return(convert_color(projectfolder))
  File "/home/ubuntu/OpenVoice/job.py", line 277, in convert_color
    target_se, audio_name = se_extractor.get_se(ref_audio_path, tone_color_converter, vad=False)
  File "/home/ubuntu/OpenVoice/openvoice/se_extractor.py", line 146, in get_se
    wavs_folder = split_audio_whisper(audio_path, target_dir=target_dir, audio_name=audio_name)
  File "/home/ubuntu/OpenVoice/openvoice/se_extractor.py", line 29, in split_audio_whisper
    segments = list(segments)
  File "/home/ubuntu/miniconda3/envs/openvoice/lib/python3.9/site-packages/faster_whisper/transcribe.py", line 433, in generate_segments
    ) = self.generate_with_fallback(encoder_output, prompt, tokenizer, options)
  File "/home/ubuntu/miniconda3/envs/openvoice/lib/python3.9/site-packages/faster_whisper/transcribe.py", line 641, in generate_with_fallback
    result = self.model.generate(
RuntimeError: CUDA failed with error out of memory
Traceback (most recent call last):
  File "/home/ubuntu/OpenVoice/job.py", line 334, in <module>
    clone_voice(f"./projects/{i}/{j}")
  File "/home/ubuntu/OpenVoice/job.py", line 201, in clone_voice
    return(convert_color(projectfolder))
  File "/home/ubuntu/OpenVoice/job.py", line 277, in convert_color
    target_se, audio_name = se_extractor.get_se(ref_audio_path, tone_color_converter, vad=False)
  File "/home/ubuntu/OpenVoice/openvoice/se_extractor.py", line 146, in get_se
    wavs_folder = split_audio_whisper(audio_path, target_dir=target_dir, audio_name=audio_name)
  File "/home/ubuntu/OpenVoice/openvoice/se_extractor.py", line 29, in split_audio_whisper
    segments = list(segments)
  File "/home/ubuntu/miniconda3/envs/openvoice/lib/python3.9/site-packages/faster_whisper/transcribe.py", line 433, in generate_segments
    ) = self.generate_with_fallback(encoder_output, prompt, tokenizer, options)
  File "/home/ubuntu/miniconda3/envs/openvoice/lib/python3.9/site-packages/faster_whisper/transcribe.py", line 641, in generate_with_fallback
    result = self.model.generate(
RuntimeError: CUDA failed with error out of memory
Traceback (most recent call last):
  File "/home/ubuntu/OpenVoice/job.py", line 334, in <module>
    clone_voice(f"./projects/{i}/{j}")
  File "/home/ubuntu/OpenVoice/job.py", line 201, in clone_voice
    return(convert_color(projectfolder))
  File "/home/ubuntu/OpenVoice/job.py", line 277, in convert_color
    target_se, audio_name = se_extractor.get_se(ref_audio_path, tone_color_converter, vad=False)
  File "/home/ubuntu/OpenVoice/openvoice/se_extractor.py", line 146, in get_se
    wavs_folder = split_audio_whisper(audio_path, target_dir=target_dir, audio_name=audio_name)
  File "/home/ubuntu/OpenVoice/openvoice/se_extractor.py", line 29, in split_audio_whisper
    segments = list(segments)
  File "/home/ubuntu/miniconda3/envs/openvoice/lib/python3.9/site-packages/faster_whisper/transcribe.py", line 433, in generate_segments
    ) = self.generate_with_fallback(encoder_output, prompt, tokenizer, options)
  File "/home/ubuntu/miniconda3/envs/openvoice/lib/python3.9/site-packages/faster_whisper/transcribe.py", line 641, in generate_with_fallback
    result = self.model.generate(
RuntimeError: CUDA failed with error out of memory
Traceback (most recent call last):
  File "/home/ubuntu/OpenVoice/job.py", line 334, in <module>
    clone_voice(f"./projects/{i}/{j}")
  File "/home/ubuntu/OpenVoice/job.py", line 201, in clone_voice
    return(convert_color(projectfolder))
  File "/home/ubuntu/OpenVoice/job.py", line 277, in convert_color
    target_se, audio_name = se_extractor.get_se(ref_audio_path, tone_color_converter, vad=False)
  File "/home/ubuntu/OpenVoice/openvoice/se_extractor.py", line 146, in get_se
    wavs_folder = split_audio_whisper(audio_path, target_dir=target_dir, audio_name=audio_name)
  File "/home/ubuntu/OpenVoice/openvoice/se_extractor.py", line 29, in split_audio_whisper
    segments = list(segments)
  File "/home/ubuntu/miniconda3/envs/openvoice/lib/python3.9/site-packages/faster_whisper/transcribe.py", line 433, in generate_segments
    ) = self.generate_with_fallback(encoder_output, prompt, tokenizer, options)
  File "/home/ubuntu/miniconda3/envs/openvoice/lib/python3.9/site-packages/faster_whisper/transcribe.py", line 641, in generate_with_fallback
    result = self.model.generate(
RuntimeError: CUDA failed with error out of memory
Traceback (most recent call last):
  File "/home/ubuntu/OpenVoice/job.py", line 334, in <module>
    clone_voice(f"./projects/{i}/{j}")
  File "/home/ubuntu/OpenVoice/job.py", line 201, in clone_voice
    return(convert_color(projectfolder))
  File "/home/ubuntu/OpenVoice/job.py", line 277, in convert_color
    target_se, audio_name = se_extractor.get_se(ref_audio_path, tone_color_converter, vad=False)
  File "/home/ubuntu/OpenVoice/openvoice/se_extractor.py", line 146, in get_se
    wavs_folder = split_audio_whisper(audio_path, target_dir=target_dir, audio_name=audio_name)
  File "/home/ubuntu/OpenVoice/openvoice/se_extractor.py", line 29, in split_audio_whisper
    segments = list(segments)
  File "/home/ubuntu/miniconda3/envs/openvoice/lib/python3.9/site-packages/faster_whisper/transcribe.py", line 433, in generate_segments
    ) = self.generate_with_fallback(encoder_output, prompt, tokenizer, options)
  File "/home/ubuntu/miniconda3/envs/openvoice/lib/python3.9/site-packages/faster_whisper/transcribe.py", line 641, in generate_with_fallback
    result = self.model.generate(
RuntimeError: CUDA failed with error out of memory
Traceback (most recent call last):
  File "/home/ubuntu/OpenVoice/job.py", line 334, in <module>
    clone_voice(f"./projects/{i}/{j}")
  File "/home/ubuntu/OpenVoice/job.py", line 201, in clone_voice
    return(convert_color(projectfolder))
  File "/home/ubuntu/OpenVoice/job.py", line 277, in convert_color
    target_se, audio_name = se_extractor.get_se(ref_audio_path, tone_color_converter, vad=False)
  File "/home/ubuntu/OpenVoice/openvoice/se_extractor.py", line 146, in get_se
    wavs_folder = split_audio_whisper(audio_path, target_dir=target_dir, audio_name=audio_name)
  File "/home/ubuntu/OpenVoice/openvoice/se_extractor.py", line 29, in split_audio_whisper
    segments = list(segments)
  File "/home/ubuntu/miniconda3/envs/openvoice/lib/python3.9/site-packages/faster_whisper/transcribe.py", line 433, in generate_segments
    ) = self.generate_with_fallback(encoder_output, prompt, tokenizer, options)
  File "/home/ubuntu/miniconda3/envs/openvoice/lib/python3.9/site-packages/faster_whisper/transcribe.py", line 641, in generate_with_fallback
    result = self.model.generate(
RuntimeError: CUDA failed with error out of memory
Traceback (most recent call last):
  File "/home/ubuntu/OpenVoice/job.py", line 334, in <module>
    clone_voice(f"./projects/{i}/{j}")
  File "/home/ubuntu/OpenVoice/job.py", line 201, in clone_voice
    return(convert_color(projectfolder))
  File "/home/ubuntu/OpenVoice/job.py", line 277, in convert_color
    target_se, audio_name = se_extractor.get_se(ref_audio_path, tone_color_converter, vad=False)
  File "/home/ubuntu/OpenVoice/openvoice/se_extractor.py", line 146, in get_se
    wavs_folder = split_audio_whisper(audio_path, target_dir=target_dir, audio_name=audio_name)
  File "/home/ubuntu/OpenVoice/openvoice/se_extractor.py", line 29, in split_audio_whisper
    segments = list(segments)
  File "/home/ubuntu/miniconda3/envs/openvoice/lib/python3.9/site-packages/faster_whisper/transcribe.py", line 433, in generate_segments
    ) = self.generate_with_fallback(encoder_output, prompt, tokenizer, options)
  File "/home/ubuntu/miniconda3/envs/openvoice/lib/python3.9/site-packages/faster_whisper/transcribe.py", line 641, in generate_with_fallback
    result = self.model.generate(
RuntimeError: CUDA failed with error out of memory
Traceback (most recent call last):
  File "/home/ubuntu/OpenVoice/job.py", line 334, in <module>
    clone_voice(f"./projects/{i}/{j}")
  File "/home/ubuntu/OpenVoice/job.py", line 201, in clone_voice
    return(convert_color(projectfolder))
  File "/home/ubuntu/OpenVoice/job.py", line 277, in convert_color
    target_se, audio_name = se_extractor.get_se(ref_audio_path, tone_color_converter, vad=False)
  File "/home/ubuntu/OpenVoice/openvoice/se_extractor.py", line 146, in get_se
    wavs_folder = split_audio_whisper(audio_path, target_dir=target_dir, audio_name=audio_name)
  File "/home/ubuntu/OpenVoice/openvoice/se_extractor.py", line 29, in split_audio_whisper
    segments = list(segments)
  File "/home/ubuntu/miniconda3/envs/openvoice/lib/python3.9/site-packages/faster_whisper/transcribe.py", line 433, in generate_segments
    ) = self.generate_with_fallback(encoder_output, prompt, tokenizer, options)
  File "/home/ubuntu/miniconda3/envs/openvoice/lib/python3.9/site-packages/faster_whisper/transcribe.py", line 641, in generate_with_fallback
    result = self.model.generate(
RuntimeError: CUDA failed with error out of memory
Traceback (most recent call last):
  File "/home/ubuntu/OpenVoice/job.py", line 334, in <module>
    clone_voice(f"./projects/{i}/{j}")
  File "/home/ubuntu/OpenVoice/job.py", line 201, in clone_voice
    return(convert_color(projectfolder))
  File "/home/ubuntu/OpenVoice/job.py", line 277, in convert_color
    target_se, audio_name = se_extractor.get_se(ref_audio_path, tone_color_converter, vad=False)
  File "/home/ubuntu/OpenVoice/openvoice/se_extractor.py", line 146, in get_se
    wavs_folder = split_audio_whisper(audio_path, target_dir=target_dir, audio_name=audio_name)
  File "/home/ubuntu/OpenVoice/openvoice/se_extractor.py", line 29, in split_audio_whisper
    segments = list(segments)
  File "/home/ubuntu/miniconda3/envs/openvoice/lib/python3.9/site-packages/faster_whisper/transcribe.py", line 433, in generate_segments
    ) = self.generate_with_fallback(encoder_output, prompt, tokenizer, options)
  File "/home/ubuntu/miniconda3/envs/openvoice/lib/python3.9/site-packages/faster_whisper/transcribe.py", line 641, in generate_with_fallback
    result = self.model.generate(
RuntimeError: CUDA failed with error out of memory
Traceback (most recent call last):
  File "/home/ubuntu/OpenVoice/job.py", line 334, in <module>
    clone_voice(f"./projects/{i}/{j}")
  File "/home/ubuntu/OpenVoice/job.py", line 201, in clone_voice
    return(convert_color(projectfolder))
  File "/home/ubuntu/OpenVoice/job.py", line 277, in convert_color
    target_se, audio_name = se_extractor.get_se(ref_audio_path, tone_color_converter, vad=False)
  File "/home/ubuntu/OpenVoice/openvoice/se_extractor.py", line 146, in get_se
    wavs_folder = split_audio_whisper(audio_path, target_dir=target_dir, audio_name=audio_name)
  File "/home/ubuntu/OpenVoice/openvoice/se_extractor.py", line 29, in split_audio_whisper
    segments = list(segments)
  File "/home/ubuntu/miniconda3/envs/openvoice/lib/python3.9/site-packages/faster_whisper/transcribe.py", line 433, in generate_segments
    ) = self.generate_with_fallback(encoder_output, prompt, tokenizer, options)
  File "/home/ubuntu/miniconda3/envs/openvoice/lib/python3.9/site-packages/faster_whisper/transcribe.py", line 641, in generate_with_fallback
    result = self.model.generate(
RuntimeError: CUDA failed with error out of memory
Traceback (most recent call last):
  File "/home/ubuntu/OpenVoice/job.py", line 334, in <module>
    clone_voice(f"./projects/{i}/{j}")
  File "/home/ubuntu/OpenVoice/job.py", line 201, in clone_voice
    return(convert_color(projectfolder))
  File "/home/ubuntu/OpenVoice/job.py", line 277, in convert_color
    target_se, audio_name = se_extractor.get_se(ref_audio_path, tone_color_converter, vad=False)
  File "/home/ubuntu/OpenVoice/openvoice/se_extractor.py", line 146, in get_se
    wavs_folder = split_audio_whisper(audio_path, target_dir=target_dir, audio_name=audio_name)
  File "/home/ubuntu/OpenVoice/openvoice/se_extractor.py", line 29, in split_audio_whisper
    segments = list(segments)
  File "/home/ubuntu/miniconda3/envs/openvoice/lib/python3.9/site-packages/faster_whisper/transcribe.py", line 433, in generate_segments
    ) = self.generate_with_fallback(encoder_output, prompt, tokenizer, options)
  File "/home/ubuntu/miniconda3/envs/openvoice/lib/python3.9/site-packages/faster_whisper/transcribe.py", line 641, in generate_with_fallback
    result = self.model.generate(
RuntimeError: CUDA failed with error out of memory
Traceback (most recent call last):
  File "/home/ubuntu/OpenVoice/job.py", line 334, in <module>
    clone_voice(f"./projects/{i}/{j}")
  File "/home/ubuntu/OpenVoice/job.py", line 201, in clone_voice
    return(convert_color(projectfolder))
  File "/home/ubuntu/OpenVoice/job.py", line 277, in convert_color
    target_se, audio_name = se_extractor.get_se(ref_audio_path, tone_color_converter, vad=False)
  File "/home/ubuntu/OpenVoice/openvoice/se_extractor.py", line 146, in get_se
    wavs_folder = split_audio_whisper(audio_path, target_dir=target_dir, audio_name=audio_name)
  File "/home/ubuntu/OpenVoice/openvoice/se_extractor.py", line 29, in split_audio_whisper
    segments = list(segments)
  File "/home/ubuntu/miniconda3/envs/openvoice/lib/python3.9/site-packages/faster_whisper/transcribe.py", line 433, in generate_segments
    ) = self.generate_with_fallback(encoder_output, prompt, tokenizer, options)
  File "/home/ubuntu/miniconda3/envs/openvoice/lib/python3.9/site-packages/faster_whisper/transcribe.py", line 641, in generate_with_fallback
    result = self.model.generate(
RuntimeError: CUDA failed with error out of memory
Traceback (most recent call last):
  File "/home/ubuntu/OpenVoice/job.py", line 334, in <module>
    clone_voice(f"./projects/{i}/{j}")
  File "/home/ubuntu/OpenVoice/job.py", line 201, in clone_voice
    return(convert_color(projectfolder))
  File "/home/ubuntu/OpenVoice/job.py", line 277, in convert_color
    target_se, audio_name = se_extractor.get_se(ref_audio_path, tone_color_converter, vad=False)
  File "/home/ubuntu/OpenVoice/openvoice/se_extractor.py", line 146, in get_se
    wavs_folder = split_audio_whisper(audio_path, target_dir=target_dir, audio_name=audio_name)
  File "/home/ubuntu/OpenVoice/openvoice/se_extractor.py", line 29, in split_audio_whisper
    segments = list(segments)
  File "/home/ubuntu/miniconda3/envs/openvoice/lib/python3.9/site-packages/faster_whisper/transcribe.py", line 433, in generate_segments
    ) = self.generate_with_fallback(encoder_output, prompt, tokenizer, options)
  File "/home/ubuntu/miniconda3/envs/openvoice/lib/python3.9/site-packages/faster_whisper/transcribe.py", line 641, in generate_with_fallback
    result = self.model.generate(
RuntimeError: CUDA failed with error out of memory
Traceback (most recent call last):
  File "/home/ubuntu/OpenVoice/job.py", line 334, in <module>
    clone_voice(f"./projects/{i}/{j}")
  File "/home/ubuntu/OpenVoice/job.py", line 201, in clone_voice
    return(convert_color(projectfolder))
  File "/home/ubuntu/OpenVoice/job.py", line 277, in convert_color
    target_se, audio_name = se_extractor.get_se(ref_audio_path, tone_color_converter, vad=False)
  File "/home/ubuntu/OpenVoice/openvoice/se_extractor.py", line 146, in get_se
    wavs_folder = split_audio_whisper(audio_path, target_dir=target_dir, audio_name=audio_name)
  File "/home/ubuntu/OpenVoice/openvoice/se_extractor.py", line 29, in split_audio_whisper
    segments = list(segments)
  File "/home/ubuntu/miniconda3/envs/openvoice/lib/python3.9/site-packages/faster_whisper/transcribe.py", line 433, in generate_segments
    ) = self.generate_with_fallback(encoder_output, prompt, tokenizer, options)
  File "/home/ubuntu/miniconda3/envs/openvoice/lib/python3.9/site-packages/faster_whisper/transcribe.py", line 641, in generate_with_fallback
    result = self.model.generate(
RuntimeError: CUDA failed with error out of memory
Traceback (most recent call last):
  File "/home/ubuntu/OpenVoice/job.py", line 334, in <module>
    clone_voice(f"./projects/{i}/{j}")
  File "/home/ubuntu/OpenVoice/job.py", line 201, in clone_voice
    return(convert_color(projectfolder))
  File "/home/ubuntu/OpenVoice/job.py", line 277, in convert_color
    target_se, audio_name = se_extractor.get_se(ref_audio_path, tone_color_converter, vad=False)
  File "/home/ubuntu/OpenVoice/openvoice/se_extractor.py", line 146, in get_se
    wavs_folder = split_audio_whisper(audio_path, target_dir=target_dir, audio_name=audio_name)
  File "/home/ubuntu/OpenVoice/openvoice/se_extractor.py", line 29, in split_audio_whisper
    segments = list(segments)
  File "/home/ubuntu/miniconda3/envs/openvoice/lib/python3.9/site-packages/faster_whisper/transcribe.py", line 433, in generate_segments
    ) = self.generate_with_fallback(encoder_output, prompt, tokenizer, options)
  File "/home/ubuntu/miniconda3/envs/openvoice/lib/python3.9/site-packages/faster_whisper/transcribe.py", line 641, in generate_with_fallback
    result = self.model.generate(
RuntimeError: CUDA failed with error out of memory
Traceback (most recent call last):
  File "/home/ubuntu/OpenVoice/job.py", line 334, in <module>
    clone_voice(f"./projects/{i}/{j}")
  File "/home/ubuntu/OpenVoice/job.py", line 201, in clone_voice
    return(convert_color(projectfolder))
  File "/home/ubuntu/OpenVoice/job.py", line 277, in convert_color
    target_se, audio_name = se_extractor.get_se(ref_audio_path, tone_color_converter, vad=False)
  File "/home/ubuntu/OpenVoice/openvoice/se_extractor.py", line 146, in get_se
    wavs_folder = split_audio_whisper(audio_path, target_dir=target_dir, audio_name=audio_name)
  File "/home/ubuntu/OpenVoice/openvoice/se_extractor.py", line 29, in split_audio_whisper
    segments = list(segments)
  File "/home/ubuntu/miniconda3/envs/openvoice/lib/python3.9/site-packages/faster_whisper/transcribe.py", line 433, in generate_segments
    ) = self.generate_with_fallback(encoder_output, prompt, tokenizer, options)
  File "/home/ubuntu/miniconda3/envs/openvoice/lib/python3.9/site-packages/faster_whisper/transcribe.py", line 641, in generate_with_fallback
    result = self.model.generate(
RuntimeError: CUDA failed with error out of memory
Traceback (most recent call last):
  File "/home/ubuntu/OpenVoice/job.py", line 334, in <module>
    clone_voice(f"./projects/{i}/{j}")
  File "/home/ubuntu/OpenVoice/job.py", line 201, in clone_voice
    return(convert_color(projectfolder))
  File "/home/ubuntu/OpenVoice/job.py", line 277, in convert_color
    target_se, audio_name = se_extractor.get_se(ref_audio_path, tone_color_converter, vad=False)
  File "/home/ubuntu/OpenVoice/openvoice/se_extractor.py", line 146, in get_se
    wavs_folder = split_audio_whisper(audio_path, target_dir=target_dir, audio_name=audio_name)
  File "/home/ubuntu/OpenVoice/openvoice/se_extractor.py", line 29, in split_audio_whisper
    segments = list(segments)
  File "/home/ubuntu/miniconda3/envs/openvoice/lib/python3.9/site-packages/faster_whisper/transcribe.py", line 433, in generate_segments
    ) = self.generate_with_fallback(encoder_output, prompt, tokenizer, options)
  File "/home/ubuntu/miniconda3/envs/openvoice/lib/python3.9/site-packages/faster_whisper/transcribe.py", line 641, in generate_with_fallback
    result = self.model.generate(
RuntimeError: CUDA failed with error out of memory
Traceback (most recent call last):
  File "/home/ubuntu/OpenVoice/job.py", line 334, in <module>
    clone_voice(f"./projects/{i}/{j}")
  File "/home/ubuntu/OpenVoice/job.py", line 201, in clone_voice
    return(convert_color(projectfolder))
  File "/home/ubuntu/OpenVoice/job.py", line 277, in convert_color
    target_se, audio_name = se_extractor.get_se(ref_audio_path, tone_color_converter, vad=False)
  File "/home/ubuntu/OpenVoice/openvoice/se_extractor.py", line 146, in get_se
    wavs_folder = split_audio_whisper(audio_path, target_dir=target_dir, audio_name=audio_name)
  File "/home/ubuntu/OpenVoice/openvoice/se_extractor.py", line 29, in split_audio_whisper
    segments = list(segments)
  File "/home/ubuntu/miniconda3/envs/openvoice/lib/python3.9/site-packages/faster_whisper/transcribe.py", line 433, in generate_segments
    ) = self.generate_with_fallback(encoder_output, prompt, tokenizer, options)
  File "/home/ubuntu/miniconda3/envs/openvoice/lib/python3.9/site-packages/faster_whisper/transcribe.py", line 641, in generate_with_fallback
    result = self.model.generate(
RuntimeError: CUDA failed with error out of memory
Traceback (most recent call last):
  File "/home/ubuntu/OpenVoice/job.py", line 334, in <module>
    clone_voice(f"./projects/{i}/{j}")
  File "/home/ubuntu/OpenVoice/job.py", line 201, in clone_voice
    return(convert_color(projectfolder))
  File "/home/ubuntu/OpenVoice/job.py", line 277, in convert_color
    target_se, audio_name = se_extractor.get_se(ref_audio_path, tone_color_converter, vad=False)
  File "/home/ubuntu/OpenVoice/openvoice/se_extractor.py", line 150, in get_se
    raise NotImplementedError('No audio segments found!')
NotImplementedError: No audio segments found!
Traceback (most recent call last):
  File "/home/ubuntu/OpenVoice/job.py", line 334, in <module>
    clone_voice(f"./projects/{i}/{j}")
  File "/home/ubuntu/OpenVoice/job.py", line 201, in clone_voice
    return(convert_color(projectfolder))
  File "/home/ubuntu/OpenVoice/job.py", line 277, in convert_color
    target_se, audio_name = se_extractor.get_se(ref_audio_path, tone_color_converter, vad=False)
  File "/home/ubuntu/OpenVoice/openvoice/se_extractor.py", line 146, in get_se
    wavs_folder = split_audio_whisper(audio_path, target_dir=target_dir, audio_name=audio_name)
  File "/home/ubuntu/OpenVoice/openvoice/se_extractor.py", line 29, in split_audio_whisper
    segments = list(segments)
  File "/home/ubuntu/miniconda3/envs/openvoice/lib/python3.9/site-packages/faster_whisper/transcribe.py", line 433, in generate_segments
    ) = self.generate_with_fallback(encoder_output, prompt, tokenizer, options)
  File "/home/ubuntu/miniconda3/envs/openvoice/lib/python3.9/site-packages/faster_whisper/transcribe.py", line 641, in generate_with_fallback
    result = self.model.generate(
RuntimeError: CUDA failed with error out of memory
Traceback (most recent call last):
  File "/home/ubuntu/OpenVoice/job.py", line 334, in <module>
    clone_voice(f"./projects/{i}/{j}")
  File "/home/ubuntu/OpenVoice/job.py", line 201, in clone_voice
    return(convert_color(projectfolder))
  File "/home/ubuntu/OpenVoice/job.py", line 277, in convert_color
    target_se, audio_name = se_extractor.get_se(ref_audio_path, tone_color_converter, vad=False)
  File "/home/ubuntu/OpenVoice/openvoice/se_extractor.py", line 146, in get_se
    wavs_folder = split_audio_whisper(audio_path, target_dir=target_dir, audio_name=audio_name)
  File "/home/ubuntu/OpenVoice/openvoice/se_extractor.py", line 29, in split_audio_whisper
    segments = list(segments)
  File "/home/ubuntu/miniconda3/envs/openvoice/lib/python3.9/site-packages/faster_whisper/transcribe.py", line 433, in generate_segments
    ) = self.generate_with_fallback(encoder_output, prompt, tokenizer, options)
  File "/home/ubuntu/miniconda3/envs/openvoice/lib/python3.9/site-packages/faster_whisper/transcribe.py", line 641, in generate_with_fallback
    result = self.model.generate(
RuntimeError: CUDA failed with error out of memory
Traceback (most recent call last):
  File "/home/ubuntu/OpenVoice/job.py", line 334, in <module>
    clone_voice(f"./projects/{i}/{j}")
  File "/home/ubuntu/OpenVoice/job.py", line 201, in clone_voice
    return(convert_color(projectfolder))
  File "/home/ubuntu/OpenVoice/job.py", line 277, in convert_color
    target_se, audio_name = se_extractor.get_se(ref_audio_path, tone_color_converter, vad=False)
  File "/home/ubuntu/OpenVoice/openvoice/se_extractor.py", line 146, in get_se
    wavs_folder = split_audio_whisper(audio_path, target_dir=target_dir, audio_name=audio_name)
  File "/home/ubuntu/OpenVoice/openvoice/se_extractor.py", line 29, in split_audio_whisper
    segments = list(segments)
  File "/home/ubuntu/miniconda3/envs/openvoice/lib/python3.9/site-packages/faster_whisper/transcribe.py", line 433, in generate_segments
    ) = self.generate_with_fallback(encoder_output, prompt, tokenizer, options)
  File "/home/ubuntu/miniconda3/envs/openvoice/lib/python3.9/site-packages/faster_whisper/transcribe.py", line 641, in generate_with_fallback
    result = self.model.generate(
RuntimeError: CUDA failed with error out of memory
Traceback (most recent call last):
  File "/home/ubuntu/OpenVoice/job.py", line 334, in <module>
    clone_voice(f"./projects/{i}/{j}")
  File "/home/ubuntu/OpenVoice/job.py", line 201, in clone_voice
    return(convert_color(projectfolder))
  File "/home/ubuntu/OpenVoice/job.py", line 277, in convert_color
    target_se, audio_name = se_extractor.get_se(ref_audio_path, tone_color_converter, vad=False)
  File "/home/ubuntu/OpenVoice/openvoice/se_extractor.py", line 146, in get_se
    wavs_folder = split_audio_whisper(audio_path, target_dir=target_dir, audio_name=audio_name)
  File "/home/ubuntu/OpenVoice/openvoice/se_extractor.py", line 29, in split_audio_whisper
    segments = list(segments)
  File "/home/ubuntu/miniconda3/envs/openvoice/lib/python3.9/site-packages/faster_whisper/transcribe.py", line 433, in generate_segments
    ) = self.generate_with_fallback(encoder_output, prompt, tokenizer, options)
  File "/home/ubuntu/miniconda3/envs/openvoice/lib/python3.9/site-packages/faster_whisper/transcribe.py", line 641, in generate_with_fallback
    result = self.model.generate(
RuntimeError: CUDA failed with error out of memory
Traceback (most recent call last):
  File "/home/ubuntu/OpenVoice/job.py", line 334, in <module>
    clone_voice(f"./projects/{i}/{j}")
  File "/home/ubuntu/OpenVoice/job.py", line 201, in clone_voice
    return(convert_color(projectfolder))
  File "/home/ubuntu/OpenVoice/job.py", line 277, in convert_color
    target_se, audio_name = se_extractor.get_se(ref_audio_path, tone_color_converter, vad=False)
  File "/home/ubuntu/OpenVoice/openvoice/se_extractor.py", line 146, in get_se
    wavs_folder = split_audio_whisper(audio_path, target_dir=target_dir, audio_name=audio_name)
  File "/home/ubuntu/OpenVoice/openvoice/se_extractor.py", line 29, in split_audio_whisper
    segments = list(segments)
  File "/home/ubuntu/miniconda3/envs/openvoice/lib/python3.9/site-packages/faster_whisper/transcribe.py", line 433, in generate_segments
    ) = self.generate_with_fallback(encoder_output, prompt, tokenizer, options)
  File "/home/ubuntu/miniconda3/envs/openvoice/lib/python3.9/site-packages/faster_whisper/transcribe.py", line 641, in generate_with_fallback
    result = self.model.generate(
RuntimeError: CUDA failed with error out of memory
Traceback (most recent call last):
  File "/home/ubuntu/OpenVoice/job.py", line 334, in <module>
    clone_voice(f"./projects/{i}/{j}")
  File "/home/ubuntu/OpenVoice/job.py", line 201, in clone_voice
    return(convert_color(projectfolder))
  File "/home/ubuntu/OpenVoice/job.py", line 277, in convert_color
    target_se, audio_name = se_extractor.get_se(ref_audio_path, tone_color_converter, vad=False)
  File "/home/ubuntu/OpenVoice/openvoice/se_extractor.py", line 146, in get_se
    wavs_folder = split_audio_whisper(audio_path, target_dir=target_dir, audio_name=audio_name)
  File "/home/ubuntu/OpenVoice/openvoice/se_extractor.py", line 29, in split_audio_whisper
    segments = list(segments)
  File "/home/ubuntu/miniconda3/envs/openvoice/lib/python3.9/site-packages/faster_whisper/transcribe.py", line 433, in generate_segments
    ) = self.generate_with_fallback(encoder_output, prompt, tokenizer, options)
  File "/home/ubuntu/miniconda3/envs/openvoice/lib/python3.9/site-packages/faster_whisper/transcribe.py", line 641, in generate_with_fallback
    result = self.model.generate(
RuntimeError: CUDA failed with error out of memory
Traceback (most recent call last):
  File "/home/ubuntu/OpenVoice/job.py", line 334, in <module>
    clone_voice(f"./projects/{i}/{j}")
  File "/home/ubuntu/OpenVoice/job.py", line 201, in clone_voice
    return(convert_color(projectfolder))
  File "/home/ubuntu/OpenVoice/job.py", line 277, in convert_color
    target_se, audio_name = se_extractor.get_se(ref_audio_path, tone_color_converter, vad=False)
  File "/home/ubuntu/OpenVoice/openvoice/se_extractor.py", line 146, in get_se
    wavs_folder = split_audio_whisper(audio_path, target_dir=target_dir, audio_name=audio_name)
  File "/home/ubuntu/OpenVoice/openvoice/se_extractor.py", line 29, in split_audio_whisper
    segments = list(segments)
  File "/home/ubuntu/miniconda3/envs/openvoice/lib/python3.9/site-packages/faster_whisper/transcribe.py", line 433, in generate_segments
    ) = self.generate_with_fallback(encoder_output, prompt, tokenizer, options)
  File "/home/ubuntu/miniconda3/envs/openvoice/lib/python3.9/site-packages/faster_whisper/transcribe.py", line 641, in generate_with_fallback
    result = self.model.generate(
RuntimeError: CUDA failed with error out of memory
Traceback (most recent call last):
  File "/home/ubuntu/OpenVoice/job.py", line 334, in <module>
    clone_voice(f"./projects/{i}/{j}")
  File "/home/ubuntu/OpenVoice/job.py", line 201, in clone_voice
    return(convert_color(projectfolder))
  File "/home/ubuntu/OpenVoice/job.py", line 277, in convert_color
    target_se, audio_name = se_extractor.get_se(ref_audio_path, tone_color_converter, vad=False)
  File "/home/ubuntu/OpenVoice/openvoice/se_extractor.py", line 146, in get_se
    wavs_folder = split_audio_whisper(audio_path, target_dir=target_dir, audio_name=audio_name)
  File "/home/ubuntu/OpenVoice/openvoice/se_extractor.py", line 29, in split_audio_whisper
    segments = list(segments)
  File "/home/ubuntu/miniconda3/envs/openvoice/lib/python3.9/site-packages/faster_whisper/transcribe.py", line 433, in generate_segments
    ) = self.generate_with_fallback(encoder_output, prompt, tokenizer, options)
  File "/home/ubuntu/miniconda3/envs/openvoice/lib/python3.9/site-packages/faster_whisper/transcribe.py", line 641, in generate_with_fallback
    result = self.model.generate(
RuntimeError: CUDA failed with error out of memory
Traceback (most recent call last):
  File "/home/ubuntu/OpenVoice/job.py", line 334, in <module>
    clone_voice(f"./projects/{i}/{j}")
  File "/home/ubuntu/OpenVoice/job.py", line 201, in clone_voice
    return(convert_color(projectfolder))
  File "/home/ubuntu/OpenVoice/job.py", line 277, in convert_color
    target_se, audio_name = se_extractor.get_se(ref_audio_path, tone_color_converter, vad=False)
  File "/home/ubuntu/OpenVoice/openvoice/se_extractor.py", line 146, in get_se
    wavs_folder = split_audio_whisper(audio_path, target_dir=target_dir, audio_name=audio_name)
  File "/home/ubuntu/OpenVoice/openvoice/se_extractor.py", line 29, in split_audio_whisper
    segments = list(segments)
  File "/home/ubuntu/miniconda3/envs/openvoice/lib/python3.9/site-packages/faster_whisper/transcribe.py", line 433, in generate_segments
    ) = self.generate_with_fallback(encoder_output, prompt, tokenizer, options)
  File "/home/ubuntu/miniconda3/envs/openvoice/lib/python3.9/site-packages/faster_whisper/transcribe.py", line 641, in generate_with_fallback
    result = self.model.generate(
RuntimeError: CUDA failed with error out of memory
Traceback (most recent call last):
  File "/home/ubuntu/OpenVoice/job.py", line 334, in <module>
    clone_voice(f"./projects/{i}/{j}")
  File "/home/ubuntu/OpenVoice/job.py", line 201, in clone_voice
    return(convert_color(projectfolder))
  File "/home/ubuntu/OpenVoice/job.py", line 277, in convert_color
    target_se, audio_name = se_extractor.get_se(ref_audio_path, tone_color_converter, vad=False)
  File "/home/ubuntu/OpenVoice/openvoice/se_extractor.py", line 146, in get_se
    wavs_folder = split_audio_whisper(audio_path, target_dir=target_dir, audio_name=audio_name)
  File "/home/ubuntu/OpenVoice/openvoice/se_extractor.py", line 29, in split_audio_whisper
    segments = list(segments)
  File "/home/ubuntu/miniconda3/envs/openvoice/lib/python3.9/site-packages/faster_whisper/transcribe.py", line 433, in generate_segments
    ) = self.generate_with_fallback(encoder_output, prompt, tokenizer, options)
  File "/home/ubuntu/miniconda3/envs/openvoice/lib/python3.9/site-packages/faster_whisper/transcribe.py", line 641, in generate_with_fallback
    result = self.model.generate(
RuntimeError: CUDA failed with error out of memory
Traceback (most recent call last):
  File "/home/ubuntu/OpenVoice/job.py", line 334, in <module>
    clone_voice(f"./projects/{i}/{j}")
  File "/home/ubuntu/OpenVoice/job.py", line 201, in clone_voice
    return(convert_color(projectfolder))
  File "/home/ubuntu/OpenVoice/job.py", line 277, in convert_color
    target_se, audio_name = se_extractor.get_se(ref_audio_path, tone_color_converter, vad=False)
  File "/home/ubuntu/OpenVoice/openvoice/se_extractor.py", line 146, in get_se
    wavs_folder = split_audio_whisper(audio_path, target_dir=target_dir, audio_name=audio_name)
  File "/home/ubuntu/OpenVoice/openvoice/se_extractor.py", line 29, in split_audio_whisper
    segments = list(segments)
  File "/home/ubuntu/miniconda3/envs/openvoice/lib/python3.9/site-packages/faster_whisper/transcribe.py", line 433, in generate_segments
    ) = self.generate_with_fallback(encoder_output, prompt, tokenizer, options)
  File "/home/ubuntu/miniconda3/envs/openvoice/lib/python3.9/site-packages/faster_whisper/transcribe.py", line 641, in generate_with_fallback
    result = self.model.generate(
RuntimeError: CUDA failed with error out of memory
Traceback (most recent call last):
  File "/home/ubuntu/OpenVoice/job.py", line 334, in <module>
    clone_voice(f"./projects/{i}/{j}")
  File "/home/ubuntu/OpenVoice/job.py", line 201, in clone_voice
    return(convert_color(projectfolder))
  File "/home/ubuntu/OpenVoice/job.py", line 277, in convert_color
    target_se, audio_name = se_extractor.get_se(ref_audio_path, tone_color_converter, vad=False)
  File "/home/ubuntu/OpenVoice/openvoice/se_extractor.py", line 146, in get_se
    wavs_folder = split_audio_whisper(audio_path, target_dir=target_dir, audio_name=audio_name)
  File "/home/ubuntu/OpenVoice/openvoice/se_extractor.py", line 29, in split_audio_whisper
    segments = list(segments)
  File "/home/ubuntu/miniconda3/envs/openvoice/lib/python3.9/site-packages/faster_whisper/transcribe.py", line 433, in generate_segments
    ) = self.generate_with_fallback(encoder_output, prompt, tokenizer, options)
  File "/home/ubuntu/miniconda3/envs/openvoice/lib/python3.9/site-packages/faster_whisper/transcribe.py", line 641, in generate_with_fallback
    result = self.model.generate(
RuntimeError: CUDA failed with error out of memory
Traceback (most recent call last):
  File "/home/ubuntu/OpenVoice/job.py", line 334, in <module>
    clone_voice(f"./projects/{i}/{j}")
  File "/home/ubuntu/OpenVoice/job.py", line 201, in clone_voice
    return(convert_color(projectfolder))
  File "/home/ubuntu/OpenVoice/job.py", line 277, in convert_color
    target_se, audio_name = se_extractor.get_se(ref_audio_path, tone_color_converter, vad=False)
  File "/home/ubuntu/OpenVoice/openvoice/se_extractor.py", line 146, in get_se
    wavs_folder = split_audio_whisper(audio_path, target_dir=target_dir, audio_name=audio_name)
  File "/home/ubuntu/OpenVoice/openvoice/se_extractor.py", line 29, in split_audio_whisper
    segments = list(segments)
  File "/home/ubuntu/miniconda3/envs/openvoice/lib/python3.9/site-packages/faster_whisper/transcribe.py", line 433, in generate_segments
    ) = self.generate_with_fallback(encoder_output, prompt, tokenizer, options)
  File "/home/ubuntu/miniconda3/envs/openvoice/lib/python3.9/site-packages/faster_whisper/transcribe.py", line 641, in generate_with_fallback
    result = self.model.generate(
RuntimeError: CUDA failed with error out of memory
Traceback (most recent call last):
  File "/home/ubuntu/OpenVoice/job.py", line 334, in <module>
    clone_voice(f"./projects/{i}/{j}")
  File "/home/ubuntu/OpenVoice/job.py", line 201, in clone_voice
    return(convert_color(projectfolder))
  File "/home/ubuntu/OpenVoice/job.py", line 277, in convert_color
    target_se, audio_name = se_extractor.get_se(ref_audio_path, tone_color_converter, vad=False)
  File "/home/ubuntu/OpenVoice/openvoice/se_extractor.py", line 146, in get_se
    wavs_folder = split_audio_whisper(audio_path, target_dir=target_dir, audio_name=audio_name)
  File "/home/ubuntu/OpenVoice/openvoice/se_extractor.py", line 29, in split_audio_whisper
    segments = list(segments)
  File "/home/ubuntu/miniconda3/envs/openvoice/lib/python3.9/site-packages/faster_whisper/transcribe.py", line 433, in generate_segments
    ) = self.generate_with_fallback(encoder_output, prompt, tokenizer, options)
  File "/home/ubuntu/miniconda3/envs/openvoice/lib/python3.9/site-packages/faster_whisper/transcribe.py", line 641, in generate_with_fallback
    result = self.model.generate(
RuntimeError: CUDA failed with error out of memory
Traceback (most recent call last):
  File "/home/ubuntu/OpenVoice/job.py", line 334, in <module>
    clone_voice(f"./projects/{i}/{j}")
  File "/home/ubuntu/OpenVoice/job.py", line 201, in clone_voice
    return(convert_color(projectfolder))
  File "/home/ubuntu/OpenVoice/job.py", line 277, in convert_color
    target_se, audio_name = se_extractor.get_se(ref_audio_path, tone_color_converter, vad=False)
  File "/home/ubuntu/OpenVoice/openvoice/se_extractor.py", line 146, in get_se
    wavs_folder = split_audio_whisper(audio_path, target_dir=target_dir, audio_name=audio_name)
  File "/home/ubuntu/OpenVoice/openvoice/se_extractor.py", line 29, in split_audio_whisper
    segments = list(segments)
  File "/home/ubuntu/miniconda3/envs/openvoice/lib/python3.9/site-packages/faster_whisper/transcribe.py", line 433, in generate_segments
    ) = self.generate_with_fallback(encoder_output, prompt, tokenizer, options)
  File "/home/ubuntu/miniconda3/envs/openvoice/lib/python3.9/site-packages/faster_whisper/transcribe.py", line 641, in generate_with_fallback
    result = self.model.generate(
RuntimeError: CUDA failed with error out of memory
Traceback (most recent call last):
  File "/home/ubuntu/OpenVoice/job.py", line 334, in <module>
    clone_voice(f"./projects/{i}/{j}")
  File "/home/ubuntu/OpenVoice/job.py", line 201, in clone_voice
    return(convert_color(projectfolder))
  File "/home/ubuntu/OpenVoice/job.py", line 277, in convert_color
    target_se, audio_name = se_extractor.get_se(ref_audio_path, tone_color_converter, vad=False)
  File "/home/ubuntu/OpenVoice/openvoice/se_extractor.py", line 146, in get_se
    wavs_folder = split_audio_whisper(audio_path, target_dir=target_dir, audio_name=audio_name)
  File "/home/ubuntu/OpenVoice/openvoice/se_extractor.py", line 29, in split_audio_whisper
    segments = list(segments)
  File "/home/ubuntu/miniconda3/envs/openvoice/lib/python3.9/site-packages/faster_whisper/transcribe.py", line 433, in generate_segments
    ) = self.generate_with_fallback(encoder_output, prompt, tokenizer, options)
  File "/home/ubuntu/miniconda3/envs/openvoice/lib/python3.9/site-packages/faster_whisper/transcribe.py", line 641, in generate_with_fallback
    result = self.model.generate(
RuntimeError: CUDA failed with error out of memory
Traceback (most recent call last):
  File "/home/ubuntu/OpenVoice/job.py", line 334, in <module>
    clone_voice(f"./projects/{i}/{j}")
  File "/home/ubuntu/OpenVoice/job.py", line 201, in clone_voice
    return(convert_color(projectfolder))
  File "/home/ubuntu/OpenVoice/job.py", line 277, in convert_color
    target_se, audio_name = se_extractor.get_se(ref_audio_path, tone_color_converter, vad=False)
  File "/home/ubuntu/OpenVoice/openvoice/se_extractor.py", line 146, in get_se
    wavs_folder = split_audio_whisper(audio_path, target_dir=target_dir, audio_name=audio_name)
  File "/home/ubuntu/OpenVoice/openvoice/se_extractor.py", line 29, in split_audio_whisper
    segments = list(segments)
  File "/home/ubuntu/miniconda3/envs/openvoice/lib/python3.9/site-packages/faster_whisper/transcribe.py", line 433, in generate_segments
    ) = self.generate_with_fallback(encoder_output, prompt, tokenizer, options)
  File "/home/ubuntu/miniconda3/envs/openvoice/lib/python3.9/site-packages/faster_whisper/transcribe.py", line 641, in generate_with_fallback
    result = self.model.generate(
RuntimeError: CUDA failed with error out of memory
Traceback (most recent call last):
  File "/home/ubuntu/OpenVoice/job.py", line 334, in <module>
    clone_voice(f"./projects/{i}/{j}")
  File "/home/ubuntu/OpenVoice/job.py", line 201, in clone_voice
    return(convert_color(projectfolder))
  File "/home/ubuntu/OpenVoice/job.py", line 277, in convert_color
    target_se, audio_name = se_extractor.get_se(ref_audio_path, tone_color_converter, vad=False)
  File "/home/ubuntu/OpenVoice/openvoice/se_extractor.py", line 146, in get_se
    wavs_folder = split_audio_whisper(audio_path, target_dir=target_dir, audio_name=audio_name)
  File "/home/ubuntu/OpenVoice/openvoice/se_extractor.py", line 29, in split_audio_whisper
    segments = list(segments)
  File "/home/ubuntu/miniconda3/envs/openvoice/lib/python3.9/site-packages/faster_whisper/transcribe.py", line 433, in generate_segments
    ) = self.generate_with_fallback(encoder_output, prompt, tokenizer, options)
  File "/home/ubuntu/miniconda3/envs/openvoice/lib/python3.9/site-packages/faster_whisper/transcribe.py", line 641, in generate_with_fallback
    result = self.model.generate(
RuntimeError: CUDA failed with error out of memory
Traceback (most recent call last):
  File "/home/ubuntu/OpenVoice/job.py", line 334, in <module>
    clone_voice(f"./projects/{i}/{j}")
  File "/home/ubuntu/OpenVoice/job.py", line 201, in clone_voice
    return(convert_color(projectfolder))
  File "/home/ubuntu/OpenVoice/job.py", line 277, in convert_color
    target_se, audio_name = se_extractor.get_se(ref_audio_path, tone_color_converter, vad=False)
  File "/home/ubuntu/OpenVoice/openvoice/se_extractor.py", line 146, in get_se
    wavs_folder = split_audio_whisper(audio_path, target_dir=target_dir, audio_name=audio_name)
  File "/home/ubuntu/OpenVoice/openvoice/se_extractor.py", line 29, in split_audio_whisper
    segments = list(segments)
  File "/home/ubuntu/miniconda3/envs/openvoice/lib/python3.9/site-packages/faster_whisper/transcribe.py", line 433, in generate_segments
    ) = self.generate_with_fallback(encoder_output, prompt, tokenizer, options)
  File "/home/ubuntu/miniconda3/envs/openvoice/lib/python3.9/site-packages/faster_whisper/transcribe.py", line 641, in generate_with_fallback
    result = self.model.generate(
RuntimeError: CUDA failed with error out of memory
Traceback (most recent call last):
  File "/home/ubuntu/OpenVoice/job.py", line 334, in <module>
    clone_voice(f"./projects/{i}/{j}")
  File "/home/ubuntu/OpenVoice/job.py", line 201, in clone_voice
    return(convert_color(projectfolder))
  File "/home/ubuntu/OpenVoice/job.py", line 277, in convert_color
    target_se, audio_name = se_extractor.get_se(ref_audio_path, tone_color_converter, vad=False)
  File "/home/ubuntu/OpenVoice/openvoice/se_extractor.py", line 146, in get_se
    wavs_folder = split_audio_whisper(audio_path, target_dir=target_dir, audio_name=audio_name)
  File "/home/ubuntu/OpenVoice/openvoice/se_extractor.py", line 29, in split_audio_whisper
    segments = list(segments)
  File "/home/ubuntu/miniconda3/envs/openvoice/lib/python3.9/site-packages/faster_whisper/transcribe.py", line 433, in generate_segments
    ) = self.generate_with_fallback(encoder_output, prompt, tokenizer, options)
  File "/home/ubuntu/miniconda3/envs/openvoice/lib/python3.9/site-packages/faster_whisper/transcribe.py", line 641, in generate_with_fallback
    result = self.model.generate(
RuntimeError: CUDA failed with error out of memory
Traceback (most recent call last):
  File "/home/ubuntu/OpenVoice/job.py", line 334, in <module>
    clone_voice(f"./projects/{i}/{j}")
  File "/home/ubuntu/OpenVoice/job.py", line 201, in clone_voice
    return(convert_color(projectfolder))
  File "/home/ubuntu/OpenVoice/job.py", line 277, in convert_color
    target_se, audio_name = se_extractor.get_se(ref_audio_path, tone_color_converter, vad=False)
  File "/home/ubuntu/OpenVoice/openvoice/se_extractor.py", line 146, in get_se
    wavs_folder = split_audio_whisper(audio_path, target_dir=target_dir, audio_name=audio_name)
  File "/home/ubuntu/OpenVoice/openvoice/se_extractor.py", line 29, in split_audio_whisper
    segments = list(segments)
  File "/home/ubuntu/miniconda3/envs/openvoice/lib/python3.9/site-packages/faster_whisper/transcribe.py", line 433, in generate_segments
    ) = self.generate_with_fallback(encoder_output, prompt, tokenizer, options)
  File "/home/ubuntu/miniconda3/envs/openvoice/lib/python3.9/site-packages/faster_whisper/transcribe.py", line 641, in generate_with_fallback
    result = self.model.generate(
RuntimeError: CUDA failed with error out of memory
Traceback (most recent call last):
  File "/home/ubuntu/OpenVoice/job.py", line 334, in <module>
    clone_voice(f"./projects/{i}/{j}")
  File "/home/ubuntu/OpenVoice/job.py", line 201, in clone_voice
    return(convert_color(projectfolder))
  File "/home/ubuntu/OpenVoice/job.py", line 277, in convert_color
    target_se, audio_name = se_extractor.get_se(ref_audio_path, tone_color_converter, vad=False)
  File "/home/ubuntu/OpenVoice/openvoice/se_extractor.py", line 146, in get_se
    wavs_folder = split_audio_whisper(audio_path, target_dir=target_dir, audio_name=audio_name)
  File "/home/ubuntu/OpenVoice/openvoice/se_extractor.py", line 29, in split_audio_whisper
    segments = list(segments)
  File "/home/ubuntu/miniconda3/envs/openvoice/lib/python3.9/site-packages/faster_whisper/transcribe.py", line 433, in generate_segments
    ) = self.generate_with_fallback(encoder_output, prompt, tokenizer, options)
  File "/home/ubuntu/miniconda3/envs/openvoice/lib/python3.9/site-packages/faster_whisper/transcribe.py", line 641, in generate_with_fallback
    result = self.model.generate(
RuntimeError: CUDA failed with error out of memory
Traceback (most recent call last):
  File "/home/ubuntu/OpenVoice/job.py", line 334, in <module>
    clone_voice(f"./projects/{i}/{j}")
  File "/home/ubuntu/OpenVoice/job.py", line 201, in clone_voice
    return(convert_color(projectfolder))
  File "/home/ubuntu/OpenVoice/job.py", line 277, in convert_color
    target_se, audio_name = se_extractor.get_se(ref_audio_path, tone_color_converter, vad=False)
  File "/home/ubuntu/OpenVoice/openvoice/se_extractor.py", line 146, in get_se
    wavs_folder = split_audio_whisper(audio_path, target_dir=target_dir, audio_name=audio_name)
  File "/home/ubuntu/OpenVoice/openvoice/se_extractor.py", line 29, in split_audio_whisper
    segments = list(segments)
  File "/home/ubuntu/miniconda3/envs/openvoice/lib/python3.9/site-packages/faster_whisper/transcribe.py", line 433, in generate_segments
    ) = self.generate_with_fallback(encoder_output, prompt, tokenizer, options)
  File "/home/ubuntu/miniconda3/envs/openvoice/lib/python3.9/site-packages/faster_whisper/transcribe.py", line 641, in generate_with_fallback
    result = self.model.generate(
RuntimeError: CUDA failed with error out of memory
Traceback (most recent call last):
  File "/home/ubuntu/OpenVoice/job.py", line 334, in <module>
    clone_voice(f"./projects/{i}/{j}")
  File "/home/ubuntu/OpenVoice/job.py", line 201, in clone_voice
    return(convert_color(projectfolder))
  File "/home/ubuntu/OpenVoice/job.py", line 277, in convert_color
    target_se, audio_name = se_extractor.get_se(ref_audio_path, tone_color_converter, vad=False)
  File "/home/ubuntu/OpenVoice/openvoice/se_extractor.py", line 146, in get_se
    wavs_folder = split_audio_whisper(audio_path, target_dir=target_dir, audio_name=audio_name)
  File "/home/ubuntu/OpenVoice/openvoice/se_extractor.py", line 29, in split_audio_whisper
    segments = list(segments)
  File "/home/ubuntu/miniconda3/envs/openvoice/lib/python3.9/site-packages/faster_whisper/transcribe.py", line 433, in generate_segments
    ) = self.generate_with_fallback(encoder_output, prompt, tokenizer, options)
  File "/home/ubuntu/miniconda3/envs/openvoice/lib/python3.9/site-packages/faster_whisper/transcribe.py", line 641, in generate_with_fallback
    result = self.model.generate(
RuntimeError: CUDA failed with error out of memory
Traceback (most recent call last):
  File "/home/ubuntu/OpenVoice/job.py", line 334, in <module>
    clone_voice(f"./projects/{i}/{j}")
  File "/home/ubuntu/OpenVoice/job.py", line 201, in clone_voice
    return(convert_color(projectfolder))
  File "/home/ubuntu/OpenVoice/job.py", line 277, in convert_color
    target_se, audio_name = se_extractor.get_se(ref_audio_path, tone_color_converter, vad=False)
  File "/home/ubuntu/OpenVoice/openvoice/se_extractor.py", line 146, in get_se
    wavs_folder = split_audio_whisper(audio_path, target_dir=target_dir, audio_name=audio_name)
  File "/home/ubuntu/OpenVoice/openvoice/se_extractor.py", line 29, in split_audio_whisper
    segments = list(segments)
  File "/home/ubuntu/miniconda3/envs/openvoice/lib/python3.9/site-packages/faster_whisper/transcribe.py", line 433, in generate_segments
    ) = self.generate_with_fallback(encoder_output, prompt, tokenizer, options)
  File "/home/ubuntu/miniconda3/envs/openvoice/lib/python3.9/site-packages/faster_whisper/transcribe.py", line 641, in generate_with_fallback
    result = self.model.generate(
RuntimeError: CUDA failed with error out of memory
Traceback (most recent call last):
  File "/home/ubuntu/OpenVoice/job.py", line 334, in <module>
    clone_voice(f"./projects/{i}/{j}")
  File "/home/ubuntu/OpenVoice/job.py", line 201, in clone_voice
    return(convert_color(projectfolder))
  File "/home/ubuntu/OpenVoice/job.py", line 277, in convert_color
    target_se, audio_name = se_extractor.get_se(ref_audio_path, tone_color_converter, vad=False)
  File "/home/ubuntu/OpenVoice/openvoice/se_extractor.py", line 146, in get_se
    wavs_folder = split_audio_whisper(audio_path, target_dir=target_dir, audio_name=audio_name)
  File "/home/ubuntu/OpenVoice/openvoice/se_extractor.py", line 29, in split_audio_whisper
    segments = list(segments)
  File "/home/ubuntu/miniconda3/envs/openvoice/lib/python3.9/site-packages/faster_whisper/transcribe.py", line 433, in generate_segments
    ) = self.generate_with_fallback(encoder_output, prompt, tokenizer, options)
  File "/home/ubuntu/miniconda3/envs/openvoice/lib/python3.9/site-packages/faster_whisper/transcribe.py", line 641, in generate_with_fallback
    result = self.model.generate(
RuntimeError: CUDA failed with error out of memory
Traceback (most recent call last):
  File "/home/ubuntu/OpenVoice/job.py", line 334, in <module>
    clone_voice(f"./projects/{i}/{j}")
  File "/home/ubuntu/OpenVoice/job.py", line 201, in clone_voice
    return(convert_color(projectfolder))
  File "/home/ubuntu/OpenVoice/job.py", line 277, in convert_color
    target_se, audio_name = se_extractor.get_se(ref_audio_path, tone_color_converter, vad=False)
  File "/home/ubuntu/OpenVoice/openvoice/se_extractor.py", line 146, in get_se
    wavs_folder = split_audio_whisper(audio_path, target_dir=target_dir, audio_name=audio_name)
  File "/home/ubuntu/OpenVoice/openvoice/se_extractor.py", line 29, in split_audio_whisper
    segments = list(segments)
  File "/home/ubuntu/miniconda3/envs/openvoice/lib/python3.9/site-packages/faster_whisper/transcribe.py", line 433, in generate_segments
    ) = self.generate_with_fallback(encoder_output, prompt, tokenizer, options)
  File "/home/ubuntu/miniconda3/envs/openvoice/lib/python3.9/site-packages/faster_whisper/transcribe.py", line 641, in generate_with_fallback
    result = self.model.generate(
RuntimeError: CUDA failed with error out of memory
Traceback (most recent call last):
  File "/home/ubuntu/OpenVoice/job.py", line 334, in <module>
    clone_voice(f"./projects/{i}/{j}")
  File "/home/ubuntu/OpenVoice/job.py", line 201, in clone_voice
    return(convert_color(projectfolder))
  File "/home/ubuntu/OpenVoice/job.py", line 277, in convert_color
    target_se, audio_name = se_extractor.get_se(ref_audio_path, tone_color_converter, vad=False)
  File "/home/ubuntu/OpenVoice/openvoice/se_extractor.py", line 146, in get_se
    wavs_folder = split_audio_whisper(audio_path, target_dir=target_dir, audio_name=audio_name)
  File "/home/ubuntu/OpenVoice/openvoice/se_extractor.py", line 29, in split_audio_whisper
    segments = list(segments)
  File "/home/ubuntu/miniconda3/envs/openvoice/lib/python3.9/site-packages/faster_whisper/transcribe.py", line 433, in generate_segments
    ) = self.generate_with_fallback(encoder_output, prompt, tokenizer, options)
  File "/home/ubuntu/miniconda3/envs/openvoice/lib/python3.9/site-packages/faster_whisper/transcribe.py", line 641, in generate_with_fallback
    result = self.model.generate(
RuntimeError: CUDA failed with error out of memory
Traceback (most recent call last):
  File "/home/ubuntu/OpenVoice/job.py", line 334, in <module>
    clone_voice(f"./projects/{i}/{j}")
  File "/home/ubuntu/OpenVoice/job.py", line 201, in clone_voice
    return(convert_color(projectfolder))
  File "/home/ubuntu/OpenVoice/job.py", line 277, in convert_color
    target_se, audio_name = se_extractor.get_se(ref_audio_path, tone_color_converter, vad=False)
  File "/home/ubuntu/OpenVoice/openvoice/se_extractor.py", line 146, in get_se
    wavs_folder = split_audio_whisper(audio_path, target_dir=target_dir, audio_name=audio_name)
  File "/home/ubuntu/OpenVoice/openvoice/se_extractor.py", line 29, in split_audio_whisper
    segments = list(segments)
  File "/home/ubuntu/miniconda3/envs/openvoice/lib/python3.9/site-packages/faster_whisper/transcribe.py", line 433, in generate_segments
    ) = self.generate_with_fallback(encoder_output, prompt, tokenizer, options)
  File "/home/ubuntu/miniconda3/envs/openvoice/lib/python3.9/site-packages/faster_whisper/transcribe.py", line 641, in generate_with_fallback
    result = self.model.generate(
RuntimeError: CUDA failed with error out of memory
Traceback (most recent call last):
  File "/home/ubuntu/OpenVoice/job.py", line 334, in <module>
    clone_voice(f"./projects/{i}/{j}")
  File "/home/ubuntu/OpenVoice/job.py", line 201, in clone_voice
    return(convert_color(projectfolder))
  File "/home/ubuntu/OpenVoice/job.py", line 277, in convert_color
    target_se, audio_name = se_extractor.get_se(ref_audio_path, tone_color_converter, vad=False)
  File "/home/ubuntu/OpenVoice/openvoice/se_extractor.py", line 146, in get_se
    wavs_folder = split_audio_whisper(audio_path, target_dir=target_dir, audio_name=audio_name)
  File "/home/ubuntu/OpenVoice/openvoice/se_extractor.py", line 29, in split_audio_whisper
    segments = list(segments)
  File "/home/ubuntu/miniconda3/envs/openvoice/lib/python3.9/site-packages/faster_whisper/transcribe.py", line 433, in generate_segments
    ) = self.generate_with_fallback(encoder_output, prompt, tokenizer, options)
  File "/home/ubuntu/miniconda3/envs/openvoice/lib/python3.9/site-packages/faster_whisper/transcribe.py", line 641, in generate_with_fallback
    result = self.model.generate(
RuntimeError: CUDA failed with error out of memory
Traceback (most recent call last):
  File "/home/ubuntu/OpenVoice/job.py", line 334, in <module>
    clone_voice(f"./projects/{i}/{j}")
  File "/home/ubuntu/OpenVoice/job.py", line 201, in clone_voice
    return(convert_color(projectfolder))
  File "/home/ubuntu/OpenVoice/job.py", line 277, in convert_color
    target_se, audio_name = se_extractor.get_se(ref_audio_path, tone_color_converter, vad=False)
  File "/home/ubuntu/OpenVoice/openvoice/se_extractor.py", line 146, in get_se
    wavs_folder = split_audio_whisper(audio_path, target_dir=target_dir, audio_name=audio_name)
  File "/home/ubuntu/OpenVoice/openvoice/se_extractor.py", line 29, in split_audio_whisper
    segments = list(segments)
  File "/home/ubuntu/miniconda3/envs/openvoice/lib/python3.9/site-packages/faster_whisper/transcribe.py", line 433, in generate_segments
    ) = self.generate_with_fallback(encoder_output, prompt, tokenizer, options)
  File "/home/ubuntu/miniconda3/envs/openvoice/lib/python3.9/site-packages/faster_whisper/transcribe.py", line 641, in generate_with_fallback
    result = self.model.generate(
RuntimeError: CUDA failed with error out of memory
Traceback (most recent call last):
  File "/home/ubuntu/OpenVoice/job.py", line 334, in <module>
    clone_voice(f"./projects/{i}/{j}")
  File "/home/ubuntu/OpenVoice/job.py", line 201, in clone_voice
    return(convert_color(projectfolder))
  File "/home/ubuntu/OpenVoice/job.py", line 277, in convert_color
    target_se, audio_name = se_extractor.get_se(ref_audio_path, tone_color_converter, vad=False)
  File "/home/ubuntu/OpenVoice/openvoice/se_extractor.py", line 146, in get_se
    wavs_folder = split_audio_whisper(audio_path, target_dir=target_dir, audio_name=audio_name)
  File "/home/ubuntu/OpenVoice/openvoice/se_extractor.py", line 29, in split_audio_whisper
    segments = list(segments)
  File "/home/ubuntu/miniconda3/envs/openvoice/lib/python3.9/site-packages/faster_whisper/transcribe.py", line 433, in generate_segments
    ) = self.generate_with_fallback(encoder_output, prompt, tokenizer, options)
  File "/home/ubuntu/miniconda3/envs/openvoice/lib/python3.9/site-packages/faster_whisper/transcribe.py", line 641, in generate_with_fallback
    result = self.model.generate(
RuntimeError: CUDA failed with error out of memory
Traceback (most recent call last):
  File "/home/ubuntu/OpenVoice/job.py", line 334, in <module>
    clone_voice(f"./projects/{i}/{j}")
  File "/home/ubuntu/OpenVoice/job.py", line 201, in clone_voice
    return(convert_color(projectfolder))
  File "/home/ubuntu/OpenVoice/job.py", line 277, in convert_color
    target_se, audio_name = se_extractor.get_se(ref_audio_path, tone_color_converter, vad=False)
  File "/home/ubuntu/OpenVoice/openvoice/se_extractor.py", line 146, in get_se
    wavs_folder = split_audio_whisper(audio_path, target_dir=target_dir, audio_name=audio_name)
  File "/home/ubuntu/OpenVoice/openvoice/se_extractor.py", line 29, in split_audio_whisper
    segments = list(segments)
  File "/home/ubuntu/miniconda3/envs/openvoice/lib/python3.9/site-packages/faster_whisper/transcribe.py", line 433, in generate_segments
    ) = self.generate_with_fallback(encoder_output, prompt, tokenizer, options)
  File "/home/ubuntu/miniconda3/envs/openvoice/lib/python3.9/site-packages/faster_whisper/transcribe.py", line 641, in generate_with_fallback
    result = self.model.generate(
RuntimeError: CUDA failed with error out of memory
Traceback (most recent call last):
  File "/home/ubuntu/OpenVoice/job.py", line 334, in <module>
    clone_voice(f"./projects/{i}/{j}")
  File "/home/ubuntu/OpenVoice/job.py", line 201, in clone_voice
    return(convert_color(projectfolder))
  File "/home/ubuntu/OpenVoice/job.py", line 277, in convert_color
    target_se, audio_name = se_extractor.get_se(ref_audio_path, tone_color_converter, vad=False)
  File "/home/ubuntu/OpenVoice/openvoice/se_extractor.py", line 146, in get_se
    wavs_folder = split_audio_whisper(audio_path, target_dir=target_dir, audio_name=audio_name)
  File "/home/ubuntu/OpenVoice/openvoice/se_extractor.py", line 29, in split_audio_whisper
    segments = list(segments)
  File "/home/ubuntu/miniconda3/envs/openvoice/lib/python3.9/site-packages/faster_whisper/transcribe.py", line 433, in generate_segments
    ) = self.generate_with_fallback(encoder_output, prompt, tokenizer, options)
  File "/home/ubuntu/miniconda3/envs/openvoice/lib/python3.9/site-packages/faster_whisper/transcribe.py", line 641, in generate_with_fallback
    result = self.model.generate(
RuntimeError: CUDA failed with error out of memory
Traceback (most recent call last):
  File "/home/ubuntu/OpenVoice/job.py", line 334, in <module>
    clone_voice(f"./projects/{i}/{j}")
  File "/home/ubuntu/OpenVoice/job.py", line 201, in clone_voice
    return(convert_color(projectfolder))
  File "/home/ubuntu/OpenVoice/job.py", line 277, in convert_color
    target_se, audio_name = se_extractor.get_se(ref_audio_path, tone_color_converter, vad=False)
  File "/home/ubuntu/OpenVoice/openvoice/se_extractor.py", line 146, in get_se
    wavs_folder = split_audio_whisper(audio_path, target_dir=target_dir, audio_name=audio_name)
  File "/home/ubuntu/OpenVoice/openvoice/se_extractor.py", line 29, in split_audio_whisper
    segments = list(segments)
  File "/home/ubuntu/miniconda3/envs/openvoice/lib/python3.9/site-packages/faster_whisper/transcribe.py", line 433, in generate_segments
    ) = self.generate_with_fallback(encoder_output, prompt, tokenizer, options)
  File "/home/ubuntu/miniconda3/envs/openvoice/lib/python3.9/site-packages/faster_whisper/transcribe.py", line 641, in generate_with_fallback
    result = self.model.generate(
RuntimeError: CUDA failed with error out of memory
Traceback (most recent call last):
  File "/home/ubuntu/OpenVoice/job.py", line 334, in <module>
    clone_voice(f"./projects/{i}/{j}")
  File "/home/ubuntu/OpenVoice/job.py", line 201, in clone_voice
    return(convert_color(projectfolder))
  File "/home/ubuntu/OpenVoice/job.py", line 277, in convert_color
    target_se, audio_name = se_extractor.get_se(ref_audio_path, tone_color_converter, vad=False)
  File "/home/ubuntu/OpenVoice/openvoice/se_extractor.py", line 146, in get_se
    wavs_folder = split_audio_whisper(audio_path, target_dir=target_dir, audio_name=audio_name)
  File "/home/ubuntu/OpenVoice/openvoice/se_extractor.py", line 29, in split_audio_whisper
    segments = list(segments)
  File "/home/ubuntu/miniconda3/envs/openvoice/lib/python3.9/site-packages/faster_whisper/transcribe.py", line 433, in generate_segments
    ) = self.generate_with_fallback(encoder_output, prompt, tokenizer, options)
  File "/home/ubuntu/miniconda3/envs/openvoice/lib/python3.9/site-packages/faster_whisper/transcribe.py", line 641, in generate_with_fallback
    result = self.model.generate(
RuntimeError: CUDA failed with error out of memory
Traceback (most recent call last):
  File "/home/ubuntu/OpenVoice/job.py", line 334, in <module>
    clone_voice(f"./projects/{i}/{j}")
  File "/home/ubuntu/OpenVoice/job.py", line 201, in clone_voice
    return(convert_color(projectfolder))
  File "/home/ubuntu/OpenVoice/job.py", line 277, in convert_color
    target_se, audio_name = se_extractor.get_se(ref_audio_path, tone_color_converter, vad=False)
  File "/home/ubuntu/OpenVoice/openvoice/se_extractor.py", line 146, in get_se
    wavs_folder = split_audio_whisper(audio_path, target_dir=target_dir, audio_name=audio_name)
  File "/home/ubuntu/OpenVoice/openvoice/se_extractor.py", line 29, in split_audio_whisper
    segments = list(segments)
  File "/home/ubuntu/miniconda3/envs/openvoice/lib/python3.9/site-packages/faster_whisper/transcribe.py", line 433, in generate_segments
    ) = self.generate_with_fallback(encoder_output, prompt, tokenizer, options)
  File "/home/ubuntu/miniconda3/envs/openvoice/lib/python3.9/site-packages/faster_whisper/transcribe.py", line 641, in generate_with_fallback
    result = self.model.generate(
RuntimeError: CUDA failed with error out of memory
Traceback (most recent call last):
  File "/home/ubuntu/OpenVoice/job.py", line 334, in <module>
    clone_voice(f"./projects/{i}/{j}")
  File "/home/ubuntu/OpenVoice/job.py", line 201, in clone_voice
    return(convert_color(projectfolder))
  File "/home/ubuntu/OpenVoice/job.py", line 277, in convert_color
    target_se, audio_name = se_extractor.get_se(ref_audio_path, tone_color_converter, vad=False)
  File "/home/ubuntu/OpenVoice/openvoice/se_extractor.py", line 146, in get_se
    wavs_folder = split_audio_whisper(audio_path, target_dir=target_dir, audio_name=audio_name)
  File "/home/ubuntu/OpenVoice/openvoice/se_extractor.py", line 29, in split_audio_whisper
    segments = list(segments)
  File "/home/ubuntu/miniconda3/envs/openvoice/lib/python3.9/site-packages/faster_whisper/transcribe.py", line 433, in generate_segments
    ) = self.generate_with_fallback(encoder_output, prompt, tokenizer, options)
  File "/home/ubuntu/miniconda3/envs/openvoice/lib/python3.9/site-packages/faster_whisper/transcribe.py", line 641, in generate_with_fallback
    result = self.model.generate(
RuntimeError: CUDA failed with error out of memory
Traceback (most recent call last):
  File "/home/ubuntu/OpenVoice/job.py", line 334, in <module>
    clone_voice(f"./projects/{i}/{j}")
  File "/home/ubuntu/OpenVoice/job.py", line 201, in clone_voice
    return(convert_color(projectfolder))
  File "/home/ubuntu/OpenVoice/job.py", line 277, in convert_color
    target_se, audio_name = se_extractor.get_se(ref_audio_path, tone_color_converter, vad=False)
  File "/home/ubuntu/OpenVoice/openvoice/se_extractor.py", line 146, in get_se
    wavs_folder = split_audio_whisper(audio_path, target_dir=target_dir, audio_name=audio_name)
  File "/home/ubuntu/OpenVoice/openvoice/se_extractor.py", line 29, in split_audio_whisper
    segments = list(segments)
  File "/home/ubuntu/miniconda3/envs/openvoice/lib/python3.9/site-packages/faster_whisper/transcribe.py", line 433, in generate_segments
    ) = self.generate_with_fallback(encoder_output, prompt, tokenizer, options)
  File "/home/ubuntu/miniconda3/envs/openvoice/lib/python3.9/site-packages/faster_whisper/transcribe.py", line 641, in generate_with_fallback
    result = self.model.generate(
RuntimeError: CUDA failed with error out of memory
Traceback (most recent call last):
  File "/home/ubuntu/OpenVoice/job.py", line 334, in <module>
    clone_voice(f"./projects/{i}/{j}")
  File "/home/ubuntu/OpenVoice/job.py", line 201, in clone_voice
    return(convert_color(projectfolder))
  File "/home/ubuntu/OpenVoice/job.py", line 277, in convert_color
    target_se, audio_name = se_extractor.get_se(ref_audio_path, tone_color_converter, vad=False)
  File "/home/ubuntu/OpenVoice/openvoice/se_extractor.py", line 146, in get_se
    wavs_folder = split_audio_whisper(audio_path, target_dir=target_dir, audio_name=audio_name)
  File "/home/ubuntu/OpenVoice/openvoice/se_extractor.py", line 29, in split_audio_whisper
    segments = list(segments)
  File "/home/ubuntu/miniconda3/envs/openvoice/lib/python3.9/site-packages/faster_whisper/transcribe.py", line 433, in generate_segments
    ) = self.generate_with_fallback(encoder_output, prompt, tokenizer, options)
  File "/home/ubuntu/miniconda3/envs/openvoice/lib/python3.9/site-packages/faster_whisper/transcribe.py", line 641, in generate_with_fallback
    result = self.model.generate(
RuntimeError: CUDA failed with error out of memory
Traceback (most recent call last):
  File "/home/ubuntu/OpenVoice/job.py", line 334, in <module>
    clone_voice(f"./projects/{i}/{j}")
  File "/home/ubuntu/OpenVoice/job.py", line 201, in clone_voice
    return(convert_color(projectfolder))
  File "/home/ubuntu/OpenVoice/job.py", line 277, in convert_color
    target_se, audio_name = se_extractor.get_se(ref_audio_path, tone_color_converter, vad=False)
  File "/home/ubuntu/OpenVoice/openvoice/se_extractor.py", line 146, in get_se
    wavs_folder = split_audio_whisper(audio_path, target_dir=target_dir, audio_name=audio_name)
  File "/home/ubuntu/OpenVoice/openvoice/se_extractor.py", line 29, in split_audio_whisper
    segments = list(segments)
  File "/home/ubuntu/miniconda3/envs/openvoice/lib/python3.9/site-packages/faster_whisper/transcribe.py", line 433, in generate_segments
    ) = self.generate_with_fallback(encoder_output, prompt, tokenizer, options)
  File "/home/ubuntu/miniconda3/envs/openvoice/lib/python3.9/site-packages/faster_whisper/transcribe.py", line 641, in generate_with_fallback
    result = self.model.generate(
RuntimeError: CUDA failed with error out of memory
Traceback (most recent call last):
  File "/home/ubuntu/OpenVoice/job.py", line 334, in <module>
    clone_voice(f"./projects/{i}/{j}")
  File "/home/ubuntu/OpenVoice/job.py", line 201, in clone_voice
    return(convert_color(projectfolder))
  File "/home/ubuntu/OpenVoice/job.py", line 277, in convert_color
    target_se, audio_name = se_extractor.get_se(ref_audio_path, tone_color_converter, vad=False)
  File "/home/ubuntu/OpenVoice/openvoice/se_extractor.py", line 146, in get_se
    wavs_folder = split_audio_whisper(audio_path, target_dir=target_dir, audio_name=audio_name)
  File "/home/ubuntu/OpenVoice/openvoice/se_extractor.py", line 29, in split_audio_whisper
    segments = list(segments)
  File "/home/ubuntu/miniconda3/envs/openvoice/lib/python3.9/site-packages/faster_whisper/transcribe.py", line 433, in generate_segments
    ) = self.generate_with_fallback(encoder_output, prompt, tokenizer, options)
  File "/home/ubuntu/miniconda3/envs/openvoice/lib/python3.9/site-packages/faster_whisper/transcribe.py", line 641, in generate_with_fallback
    result = self.model.generate(
RuntimeError: CUDA failed with error out of memory
Traceback (most recent call last):
  File "/home/ubuntu/OpenVoice/job.py", line 334, in <module>
    clone_voice(f"./projects/{i}/{j}")
  File "/home/ubuntu/OpenVoice/job.py", line 201, in clone_voice
    return(convert_color(projectfolder))
  File "/home/ubuntu/OpenVoice/job.py", line 277, in convert_color
    target_se, audio_name = se_extractor.get_se(ref_audio_path, tone_color_converter, vad=False)
  File "/home/ubuntu/OpenVoice/openvoice/se_extractor.py", line 146, in get_se
    wavs_folder = split_audio_whisper(audio_path, target_dir=target_dir, audio_name=audio_name)
  File "/home/ubuntu/OpenVoice/openvoice/se_extractor.py", line 29, in split_audio_whisper
    segments = list(segments)
  File "/home/ubuntu/miniconda3/envs/openvoice/lib/python3.9/site-packages/faster_whisper/transcribe.py", line 433, in generate_segments
    ) = self.generate_with_fallback(encoder_output, prompt, tokenizer, options)
  File "/home/ubuntu/miniconda3/envs/openvoice/lib/python3.9/site-packages/faster_whisper/transcribe.py", line 641, in generate_with_fallback
    result = self.model.generate(
RuntimeError: CUDA failed with error out of memory
Traceback (most recent call last):
  File "/home/ubuntu/OpenVoice/job.py", line 334, in <module>
    clone_voice(f"./projects/{i}/{j}")
  File "/home/ubuntu/OpenVoice/job.py", line 201, in clone_voice
    return(convert_color(projectfolder))
  File "/home/ubuntu/OpenVoice/job.py", line 277, in convert_color
    target_se, audio_name = se_extractor.get_se(ref_audio_path, tone_color_converter, vad=False)
  File "/home/ubuntu/OpenVoice/openvoice/se_extractor.py", line 146, in get_se
    wavs_folder = split_audio_whisper(audio_path, target_dir=target_dir, audio_name=audio_name)
  File "/home/ubuntu/OpenVoice/openvoice/se_extractor.py", line 29, in split_audio_whisper
    segments = list(segments)
  File "/home/ubuntu/miniconda3/envs/openvoice/lib/python3.9/site-packages/faster_whisper/transcribe.py", line 433, in generate_segments
    ) = self.generate_with_fallback(encoder_output, prompt, tokenizer, options)
  File "/home/ubuntu/miniconda3/envs/openvoice/lib/python3.9/site-packages/faster_whisper/transcribe.py", line 641, in generate_with_fallback
    result = self.model.generate(
RuntimeError: CUDA failed with error out of memory
Traceback (most recent call last):
  File "/home/ubuntu/OpenVoice/job.py", line 334, in <module>
    clone_voice(f"./projects/{i}/{j}")
  File "/home/ubuntu/OpenVoice/job.py", line 201, in clone_voice
    return(convert_color(projectfolder))
  File "/home/ubuntu/OpenVoice/job.py", line 277, in convert_color
    target_se, audio_name = se_extractor.get_se(ref_audio_path, tone_color_converter, vad=False)
  File "/home/ubuntu/OpenVoice/openvoice/se_extractor.py", line 150, in get_se
    raise NotImplementedError('No audio segments found!')
NotImplementedError: No audio segments found!
Traceback (most recent call last):
  File "/home/ubuntu/OpenVoice/job.py", line 334, in <module>
    clone_voice(f"./projects/{i}/{j}")
  File "/home/ubuntu/OpenVoice/job.py", line 201, in clone_voice
    return(convert_color(projectfolder))
  File "/home/ubuntu/OpenVoice/job.py", line 277, in convert_color
    target_se, audio_name = se_extractor.get_se(ref_audio_path, tone_color_converter, vad=False)
  File "/home/ubuntu/OpenVoice/openvoice/se_extractor.py", line 146, in get_se
    wavs_folder = split_audio_whisper(audio_path, target_dir=target_dir, audio_name=audio_name)
  File "/home/ubuntu/OpenVoice/openvoice/se_extractor.py", line 29, in split_audio_whisper
    segments = list(segments)
  File "/home/ubuntu/miniconda3/envs/openvoice/lib/python3.9/site-packages/faster_whisper/transcribe.py", line 433, in generate_segments
    ) = self.generate_with_fallback(encoder_output, prompt, tokenizer, options)
  File "/home/ubuntu/miniconda3/envs/openvoice/lib/python3.9/site-packages/faster_whisper/transcribe.py", line 641, in generate_with_fallback
    result = self.model.generate(
RuntimeError: CUDA failed with error out of memory
Traceback (most recent call last):
  File "/home/ubuntu/OpenVoice/job.py", line 334, in <module>
    clone_voice(f"./projects/{i}/{j}")
  File "/home/ubuntu/OpenVoice/job.py", line 201, in clone_voice
    return(convert_color(projectfolder))
  File "/home/ubuntu/OpenVoice/job.py", line 277, in convert_color
    target_se, audio_name = se_extractor.get_se(ref_audio_path, tone_color_converter, vad=False)
  File "/home/ubuntu/OpenVoice/openvoice/se_extractor.py", line 146, in get_se
    wavs_folder = split_audio_whisper(audio_path, target_dir=target_dir, audio_name=audio_name)
  File "/home/ubuntu/OpenVoice/openvoice/se_extractor.py", line 29, in split_audio_whisper
    segments = list(segments)
  File "/home/ubuntu/miniconda3/envs/openvoice/lib/python3.9/site-packages/faster_whisper/transcribe.py", line 433, in generate_segments
    ) = self.generate_with_fallback(encoder_output, prompt, tokenizer, options)
  File "/home/ubuntu/miniconda3/envs/openvoice/lib/python3.9/site-packages/faster_whisper/transcribe.py", line 641, in generate_with_fallback
    result = self.model.generate(
RuntimeError: CUDA failed with error out of memory
Traceback (most recent call last):
  File "/home/ubuntu/OpenVoice/job.py", line 334, in <module>
    clone_voice(f"./projects/{i}/{j}")
  File "/home/ubuntu/OpenVoice/job.py", line 201, in clone_voice
    return(convert_color(projectfolder))
  File "/home/ubuntu/OpenVoice/job.py", line 277, in convert_color
    target_se, audio_name = se_extractor.get_se(ref_audio_path, tone_color_converter, vad=False)
  File "/home/ubuntu/OpenVoice/openvoice/se_extractor.py", line 146, in get_se
    wavs_folder = split_audio_whisper(audio_path, target_dir=target_dir, audio_name=audio_name)
  File "/home/ubuntu/OpenVoice/openvoice/se_extractor.py", line 29, in split_audio_whisper
    segments = list(segments)
  File "/home/ubuntu/miniconda3/envs/openvoice/lib/python3.9/site-packages/faster_whisper/transcribe.py", line 433, in generate_segments
    ) = self.generate_with_fallback(encoder_output, prompt, tokenizer, options)
  File "/home/ubuntu/miniconda3/envs/openvoice/lib/python3.9/site-packages/faster_whisper/transcribe.py", line 641, in generate_with_fallback
    result = self.model.generate(
RuntimeError: CUDA failed with error out of memory
Traceback (most recent call last):
  File "/home/ubuntu/OpenVoice/job.py", line 334, in <module>
    clone_voice(f"./projects/{i}/{j}")
  File "/home/ubuntu/OpenVoice/job.py", line 201, in clone_voice
    return(convert_color(projectfolder))
  File "/home/ubuntu/OpenVoice/job.py", line 277, in convert_color
    target_se, audio_name = se_extractor.get_se(ref_audio_path, tone_color_converter, vad=False)
  File "/home/ubuntu/OpenVoice/openvoice/se_extractor.py", line 146, in get_se
    wavs_folder = split_audio_whisper(audio_path, target_dir=target_dir, audio_name=audio_name)
  File "/home/ubuntu/OpenVoice/openvoice/se_extractor.py", line 29, in split_audio_whisper
    segments = list(segments)
  File "/home/ubuntu/miniconda3/envs/openvoice/lib/python3.9/site-packages/faster_whisper/transcribe.py", line 433, in generate_segments
    ) = self.generate_with_fallback(encoder_output, prompt, tokenizer, options)
  File "/home/ubuntu/miniconda3/envs/openvoice/lib/python3.9/site-packages/faster_whisper/transcribe.py", line 641, in generate_with_fallback
    result = self.model.generate(
RuntimeError: CUDA failed with error out of memory
Traceback (most recent call last):
  File "/home/ubuntu/OpenVoice/job.py", line 334, in <module>
    clone_voice(f"./projects/{i}/{j}")
  File "/home/ubuntu/OpenVoice/job.py", line 201, in clone_voice
    return(convert_color(projectfolder))
  File "/home/ubuntu/OpenVoice/job.py", line 277, in convert_color
    target_se, audio_name = se_extractor.get_se(ref_audio_path, tone_color_converter, vad=False)
  File "/home/ubuntu/OpenVoice/openvoice/se_extractor.py", line 146, in get_se
    wavs_folder = split_audio_whisper(audio_path, target_dir=target_dir, audio_name=audio_name)
  File "/home/ubuntu/OpenVoice/openvoice/se_extractor.py", line 29, in split_audio_whisper
    segments = list(segments)
  File "/home/ubuntu/miniconda3/envs/openvoice/lib/python3.9/site-packages/faster_whisper/transcribe.py", line 433, in generate_segments
    ) = self.generate_with_fallback(encoder_output, prompt, tokenizer, options)
  File "/home/ubuntu/miniconda3/envs/openvoice/lib/python3.9/site-packages/faster_whisper/transcribe.py", line 641, in generate_with_fallback
    result = self.model.generate(
RuntimeError: CUDA failed with error out of memory
Traceback (most recent call last):
  File "/home/ubuntu/OpenVoice/job.py", line 334, in <module>
    clone_voice(f"./projects/{i}/{j}")
  File "/home/ubuntu/OpenVoice/job.py", line 201, in clone_voice
    return(convert_color(projectfolder))
  File "/home/ubuntu/OpenVoice/job.py", line 277, in convert_color
    target_se, audio_name = se_extractor.get_se(ref_audio_path, tone_color_converter, vad=False)
  File "/home/ubuntu/OpenVoice/openvoice/se_extractor.py", line 146, in get_se
    wavs_folder = split_audio_whisper(audio_path, target_dir=target_dir, audio_name=audio_name)
  File "/home/ubuntu/OpenVoice/openvoice/se_extractor.py", line 29, in split_audio_whisper
    segments = list(segments)
  File "/home/ubuntu/miniconda3/envs/openvoice/lib/python3.9/site-packages/faster_whisper/transcribe.py", line 433, in generate_segments
    ) = self.generate_with_fallback(encoder_output, prompt, tokenizer, options)
  File "/home/ubuntu/miniconda3/envs/openvoice/lib/python3.9/site-packages/faster_whisper/transcribe.py", line 641, in generate_with_fallback
    result = self.model.generate(
RuntimeError: CUDA failed with error out of memory
Traceback (most recent call last):
  File "/home/ubuntu/OpenVoice/job.py", line 334, in <module>
    clone_voice(f"./projects/{i}/{j}")
  File "/home/ubuntu/OpenVoice/job.py", line 201, in clone_voice
    return(convert_color(projectfolder))
  File "/home/ubuntu/OpenVoice/job.py", line 277, in convert_color
    target_se, audio_name = se_extractor.get_se(ref_audio_path, tone_color_converter, vad=False)
  File "/home/ubuntu/OpenVoice/openvoice/se_extractor.py", line 146, in get_se
    wavs_folder = split_audio_whisper(audio_path, target_dir=target_dir, audio_name=audio_name)
  File "/home/ubuntu/OpenVoice/openvoice/se_extractor.py", line 29, in split_audio_whisper
    segments = list(segments)
  File "/home/ubuntu/miniconda3/envs/openvoice/lib/python3.9/site-packages/faster_whisper/transcribe.py", line 433, in generate_segments
    ) = self.generate_with_fallback(encoder_output, prompt, tokenizer, options)
  File "/home/ubuntu/miniconda3/envs/openvoice/lib/python3.9/site-packages/faster_whisper/transcribe.py", line 641, in generate_with_fallback
    result = self.model.generate(
RuntimeError: CUDA failed with error out of memory
Traceback (most recent call last):
  File "/home/ubuntu/OpenVoice/job.py", line 334, in <module>
    clone_voice(f"./projects/{i}/{j}")
  File "/home/ubuntu/OpenVoice/job.py", line 201, in clone_voice
    return(convert_color(projectfolder))
  File "/home/ubuntu/OpenVoice/job.py", line 277, in convert_color
    target_se, audio_name = se_extractor.get_se(ref_audio_path, tone_color_converter, vad=False)
  File "/home/ubuntu/OpenVoice/openvoice/se_extractor.py", line 146, in get_se
    wavs_folder = split_audio_whisper(audio_path, target_dir=target_dir, audio_name=audio_name)
  File "/home/ubuntu/OpenVoice/openvoice/se_extractor.py", line 29, in split_audio_whisper
    segments = list(segments)
  File "/home/ubuntu/miniconda3/envs/openvoice/lib/python3.9/site-packages/faster_whisper/transcribe.py", line 433, in generate_segments
    ) = self.generate_with_fallback(encoder_output, prompt, tokenizer, options)
  File "/home/ubuntu/miniconda3/envs/openvoice/lib/python3.9/site-packages/faster_whisper/transcribe.py", line 641, in generate_with_fallback
    result = self.model.generate(
RuntimeError: CUDA failed with error out of memory
Traceback (most recent call last):
  File "/home/ubuntu/OpenVoice/job.py", line 334, in <module>
    clone_voice(f"./projects/{i}/{j}")
  File "/home/ubuntu/OpenVoice/job.py", line 201, in clone_voice
    return(convert_color(projectfolder))
  File "/home/ubuntu/OpenVoice/job.py", line 277, in convert_color
    target_se, audio_name = se_extractor.get_se(ref_audio_path, tone_color_converter, vad=False)
  File "/home/ubuntu/OpenVoice/openvoice/se_extractor.py", line 146, in get_se
    wavs_folder = split_audio_whisper(audio_path, target_dir=target_dir, audio_name=audio_name)
  File "/home/ubuntu/OpenVoice/openvoice/se_extractor.py", line 29, in split_audio_whisper
    segments = list(segments)
  File "/home/ubuntu/miniconda3/envs/openvoice/lib/python3.9/site-packages/faster_whisper/transcribe.py", line 433, in generate_segments
    ) = self.generate_with_fallback(encoder_output, prompt, tokenizer, options)
  File "/home/ubuntu/miniconda3/envs/openvoice/lib/python3.9/site-packages/faster_whisper/transcribe.py", line 641, in generate_with_fallback
    result = self.model.generate(
RuntimeError: CUDA failed with error out of memory
Traceback (most recent call last):
  File "/home/ubuntu/OpenVoice/job.py", line 334, in <module>
    clone_voice(f"./projects/{i}/{j}")
  File "/home/ubuntu/OpenVoice/job.py", line 201, in clone_voice
    return(convert_color(projectfolder))
  File "/home/ubuntu/OpenVoice/job.py", line 277, in convert_color
    target_se, audio_name = se_extractor.get_se(ref_audio_path, tone_color_converter, vad=False)
  File "/home/ubuntu/OpenVoice/openvoice/se_extractor.py", line 150, in get_se
    raise NotImplementedError('No audio segments found!')
NotImplementedError: No audio segments found!
Traceback (most recent call last):
  File "/home/ubuntu/OpenVoice/job.py", line 334, in <module>
    clone_voice(f"./projects/{i}/{j}")
  File "/home/ubuntu/OpenVoice/job.py", line 201, in clone_voice
    return(convert_color(projectfolder))
  File "/home/ubuntu/OpenVoice/job.py", line 277, in convert_color
    target_se, audio_name = se_extractor.get_se(ref_audio_path, tone_color_converter, vad=False)
  File "/home/ubuntu/OpenVoice/openvoice/se_extractor.py", line 146, in get_se
    wavs_folder = split_audio_whisper(audio_path, target_dir=target_dir, audio_name=audio_name)
  File "/home/ubuntu/OpenVoice/openvoice/se_extractor.py", line 29, in split_audio_whisper
    segments = list(segments)
  File "/home/ubuntu/miniconda3/envs/openvoice/lib/python3.9/site-packages/faster_whisper/transcribe.py", line 433, in generate_segments
    ) = self.generate_with_fallback(encoder_output, prompt, tokenizer, options)
  File "/home/ubuntu/miniconda3/envs/openvoice/lib/python3.9/site-packages/faster_whisper/transcribe.py", line 641, in generate_with_fallback
    result = self.model.generate(
RuntimeError: CUDA failed with error out of memory
Traceback (most recent call last):
  File "/home/ubuntu/OpenVoice/job.py", line 334, in <module>
    clone_voice(f"./projects/{i}/{j}")
  File "/home/ubuntu/OpenVoice/job.py", line 201, in clone_voice
    return(convert_color(projectfolder))
  File "/home/ubuntu/OpenVoice/job.py", line 277, in convert_color
    target_se, audio_name = se_extractor.get_se(ref_audio_path, tone_color_converter, vad=False)
  File "/home/ubuntu/OpenVoice/openvoice/se_extractor.py", line 146, in get_se
    wavs_folder = split_audio_whisper(audio_path, target_dir=target_dir, audio_name=audio_name)
  File "/home/ubuntu/OpenVoice/openvoice/se_extractor.py", line 29, in split_audio_whisper
    segments = list(segments)
  File "/home/ubuntu/miniconda3/envs/openvoice/lib/python3.9/site-packages/faster_whisper/transcribe.py", line 433, in generate_segments
    ) = self.generate_with_fallback(encoder_output, prompt, tokenizer, options)
  File "/home/ubuntu/miniconda3/envs/openvoice/lib/python3.9/site-packages/faster_whisper/transcribe.py", line 641, in generate_with_fallback
    result = self.model.generate(
RuntimeError: CUDA failed with error out of memory
Traceback (most recent call last):
  File "/home/ubuntu/OpenVoice/job.py", line 334, in <module>
    clone_voice(f"./projects/{i}/{j}")
  File "/home/ubuntu/OpenVoice/job.py", line 201, in clone_voice
    return(convert_color(projectfolder))
  File "/home/ubuntu/OpenVoice/job.py", line 277, in convert_color
    target_se, audio_name = se_extractor.get_se(ref_audio_path, tone_color_converter, vad=False)
  File "/home/ubuntu/OpenVoice/openvoice/se_extractor.py", line 146, in get_se
    wavs_folder = split_audio_whisper(audio_path, target_dir=target_dir, audio_name=audio_name)
  File "/home/ubuntu/OpenVoice/openvoice/se_extractor.py", line 29, in split_audio_whisper
    segments = list(segments)
  File "/home/ubuntu/miniconda3/envs/openvoice/lib/python3.9/site-packages/faster_whisper/transcribe.py", line 433, in generate_segments
    ) = self.generate_with_fallback(encoder_output, prompt, tokenizer, options)
  File "/home/ubuntu/miniconda3/envs/openvoice/lib/python3.9/site-packages/faster_whisper/transcribe.py", line 641, in generate_with_fallback
    result = self.model.generate(
RuntimeError: CUDA failed with error out of memory
Traceback (most recent call last):
  File "/home/ubuntu/OpenVoice/job.py", line 334, in <module>
    clone_voice(f"./projects/{i}/{j}")
  File "/home/ubuntu/OpenVoice/job.py", line 201, in clone_voice
    return(convert_color(projectfolder))
  File "/home/ubuntu/OpenVoice/job.py", line 277, in convert_color
    target_se, audio_name = se_extractor.get_se(ref_audio_path, tone_color_converter, vad=False)
  File "/home/ubuntu/OpenVoice/openvoice/se_extractor.py", line 146, in get_se
    wavs_folder = split_audio_whisper(audio_path, target_dir=target_dir, audio_name=audio_name)
  File "/home/ubuntu/OpenVoice/openvoice/se_extractor.py", line 29, in split_audio_whisper
    segments = list(segments)
  File "/home/ubuntu/miniconda3/envs/openvoice/lib/python3.9/site-packages/faster_whisper/transcribe.py", line 433, in generate_segments
    ) = self.generate_with_fallback(encoder_output, prompt, tokenizer, options)
  File "/home/ubuntu/miniconda3/envs/openvoice/lib/python3.9/site-packages/faster_whisper/transcribe.py", line 641, in generate_with_fallback
    result = self.model.generate(
RuntimeError: CUDA failed with error out of memory
Traceback (most recent call last):
  File "/home/ubuntu/OpenVoice/job.py", line 334, in <module>
    clone_voice(f"./projects/{i}/{j}")
  File "/home/ubuntu/OpenVoice/job.py", line 201, in clone_voice
    return(convert_color(projectfolder))
  File "/home/ubuntu/OpenVoice/job.py", line 277, in convert_color
    target_se, audio_name = se_extractor.get_se(ref_audio_path, tone_color_converter, vad=False)
  File "/home/ubuntu/OpenVoice/openvoice/se_extractor.py", line 146, in get_se
    wavs_folder = split_audio_whisper(audio_path, target_dir=target_dir, audio_name=audio_name)
  File "/home/ubuntu/OpenVoice/openvoice/se_extractor.py", line 29, in split_audio_whisper
    segments = list(segments)
  File "/home/ubuntu/miniconda3/envs/openvoice/lib/python3.9/site-packages/faster_whisper/transcribe.py", line 433, in generate_segments
    ) = self.generate_with_fallback(encoder_output, prompt, tokenizer, options)
  File "/home/ubuntu/miniconda3/envs/openvoice/lib/python3.9/site-packages/faster_whisper/transcribe.py", line 641, in generate_with_fallback
    result = self.model.generate(
RuntimeError: CUDA failed with error out of memory
Traceback (most recent call last):
  File "/home/ubuntu/OpenVoice/job.py", line 334, in <module>
    clone_voice(f"./projects/{i}/{j}")
  File "/home/ubuntu/OpenVoice/job.py", line 201, in clone_voice
    return(convert_color(projectfolder))
  File "/home/ubuntu/OpenVoice/job.py", line 277, in convert_color
    target_se, audio_name = se_extractor.get_se(ref_audio_path, tone_color_converter, vad=False)
  File "/home/ubuntu/OpenVoice/openvoice/se_extractor.py", line 146, in get_se
    wavs_folder = split_audio_whisper(audio_path, target_dir=target_dir, audio_name=audio_name)
  File "/home/ubuntu/OpenVoice/openvoice/se_extractor.py", line 29, in split_audio_whisper
    segments = list(segments)
  File "/home/ubuntu/miniconda3/envs/openvoice/lib/python3.9/site-packages/faster_whisper/transcribe.py", line 433, in generate_segments
    ) = self.generate_with_fallback(encoder_output, prompt, tokenizer, options)
  File "/home/ubuntu/miniconda3/envs/openvoice/lib/python3.9/site-packages/faster_whisper/transcribe.py", line 641, in generate_with_fallback
    result = self.model.generate(
RuntimeError: CUDA failed with error out of memory
Traceback (most recent call last):
  File "/home/ubuntu/miniconda3/envs/openvoice/lib/python3.9/site-packages/librosa/core/audio.py", line 155, in load
    context = sf.SoundFile(path)
  File "/home/ubuntu/miniconda3/envs/openvoice/lib/python3.9/site-packages/soundfile.py", line 658, in __init__
    self._file = self._open(file, mode_int, closefd)
  File "/home/ubuntu/miniconda3/envs/openvoice/lib/python3.9/site-packages/soundfile.py", line 1216, in _open
    raise LibsndfileError(err, prefix="Error opening {0!r}: ".format(self.name))
soundfile.LibsndfileError: Error opening './projects/7e8ba3aa-6ccf-475b-8d4d-79114d83d31e/0/0_clone_Instant#kn-IN-GaganNeural.mp3': File does not exist or is not a regular file (possibly a pipe?).

During handling of the above exception, another exception occurred:

Traceback (most recent call last):
  File "/home/ubuntu/OpenVoice/job.py", line 334, in <module>
    clone_voice(f"./projects/{i}/{j}")
  File "/home/ubuntu/OpenVoice/job.py", line 201, in clone_voice
    return(convert_color(projectfolder))
  File "/home/ubuntu/OpenVoice/job.py", line 314, in convert_color
    tone_color_converter.convert(
  File "/home/ubuntu/OpenVoice/openvoice/api.py", line 144, in convert
    audio, sample_rate = librosa.load(audio_src_path, sr=hps.data.sampling_rate)
  File "/home/ubuntu/miniconda3/envs/openvoice/lib/python3.9/site-packages/librosa/util/decorators.py", line 88, in inner_f
    return f(*args, **kwargs)
  File "/home/ubuntu/miniconda3/envs/openvoice/lib/python3.9/site-packages/librosa/core/audio.py", line 174, in load
    y, sr_native = __audioread_load(path, offset, duration, dtype)
  File "/home/ubuntu/miniconda3/envs/openvoice/lib/python3.9/site-packages/librosa/core/audio.py", line 198, in __audioread_load
    with audioread.audio_open(path) as input_file:
  File "/home/ubuntu/miniconda3/envs/openvoice/lib/python3.9/site-packages/audioread/__init__.py", line 127, in audio_open
    return BackendClass(path)
  File "/home/ubuntu/miniconda3/envs/openvoice/lib/python3.9/site-packages/audioread/rawread.py", line 62, in __init__
    self._file = aifc.open(self._fh)
  File "/home/ubuntu/miniconda3/envs/openvoice/lib/python3.9/aifc.py", line 917, in open
    return Aifc_read(f)
  File "/home/ubuntu/miniconda3/envs/openvoice/lib/python3.9/aifc.py", line 358, in __init__
    self.initfp(f)
  File "/home/ubuntu/miniconda3/envs/openvoice/lib/python3.9/aifc.py", line 314, in initfp
    chunk = Chunk(file)
  File "/home/ubuntu/miniconda3/envs/openvoice/lib/python3.9/chunk.py", line 63, in __init__
    raise EOFError
EOFError
Traceback (most recent call last):
  File "/home/ubuntu/OpenVoice/job.py", line 334, in <module>
    clone_voice(f"./projects/{i}/{j}")
  File "/home/ubuntu/OpenVoice/job.py", line 201, in clone_voice
    return(convert_color(projectfolder))
  File "/home/ubuntu/OpenVoice/job.py", line 277, in convert_color
    target_se, audio_name = se_extractor.get_se(ref_audio_path, tone_color_converter, vad=False)
  File "/home/ubuntu/OpenVoice/openvoice/se_extractor.py", line 146, in get_se
    wavs_folder = split_audio_whisper(audio_path, target_dir=target_dir, audio_name=audio_name)
  File "/home/ubuntu/OpenVoice/openvoice/se_extractor.py", line 29, in split_audio_whisper
    segments = list(segments)
  File "/home/ubuntu/miniconda3/envs/openvoice/lib/python3.9/site-packages/faster_whisper/transcribe.py", line 433, in generate_segments
    ) = self.generate_with_fallback(encoder_output, prompt, tokenizer, options)
  File "/home/ubuntu/miniconda3/envs/openvoice/lib/python3.9/site-packages/faster_whisper/transcribe.py", line 641, in generate_with_fallback
    result = self.model.generate(
RuntimeError: CUDA failed with error out of memory
Traceback (most recent call last):
  File "/home/ubuntu/OpenVoice/job.py", line 334, in <module>
    clone_voice(f"./projects/{i}/{j}")
  File "/home/ubuntu/OpenVoice/job.py", line 201, in clone_voice
    return(convert_color(projectfolder))
  File "/home/ubuntu/OpenVoice/job.py", line 277, in convert_color
    target_se, audio_name = se_extractor.get_se(ref_audio_path, tone_color_converter, vad=False)
  File "/home/ubuntu/OpenVoice/openvoice/se_extractor.py", line 146, in get_se
    wavs_folder = split_audio_whisper(audio_path, target_dir=target_dir, audio_name=audio_name)
  File "/home/ubuntu/OpenVoice/openvoice/se_extractor.py", line 29, in split_audio_whisper
    segments = list(segments)
  File "/home/ubuntu/miniconda3/envs/openvoice/lib/python3.9/site-packages/faster_whisper/transcribe.py", line 433, in generate_segments
    ) = self.generate_with_fallback(encoder_output, prompt, tokenizer, options)
  File "/home/ubuntu/miniconda3/envs/openvoice/lib/python3.9/site-packages/faster_whisper/transcribe.py", line 641, in generate_with_fallback
    result = self.model.generate(
RuntimeError: CUDA failed with error out of memory
Traceback (most recent call last):
  File "/home/ubuntu/OpenVoice/job.py", line 334, in <module>
    clone_voice(f"./projects/{i}/{j}")
  File "/home/ubuntu/OpenVoice/job.py", line 201, in clone_voice
    return(convert_color(projectfolder))
  File "/home/ubuntu/OpenVoice/job.py", line 277, in convert_color
    target_se, audio_name = se_extractor.get_se(ref_audio_path, tone_color_converter, vad=False)
  File "/home/ubuntu/OpenVoice/openvoice/se_extractor.py", line 146, in get_se
    wavs_folder = split_audio_whisper(audio_path, target_dir=target_dir, audio_name=audio_name)
  File "/home/ubuntu/OpenVoice/openvoice/se_extractor.py", line 29, in split_audio_whisper
    segments = list(segments)
  File "/home/ubuntu/miniconda3/envs/openvoice/lib/python3.9/site-packages/faster_whisper/transcribe.py", line 433, in generate_segments
    ) = self.generate_with_fallback(encoder_output, prompt, tokenizer, options)
  File "/home/ubuntu/miniconda3/envs/openvoice/lib/python3.9/site-packages/faster_whisper/transcribe.py", line 641, in generate_with_fallback
    result = self.model.generate(
RuntimeError: CUDA failed with error out of memory
Traceback (most recent call last):
  File "/home/ubuntu/OpenVoice/job.py", line 334, in <module>
    clone_voice(f"./projects/{i}/{j}")
  File "/home/ubuntu/OpenVoice/job.py", line 201, in clone_voice
    return(convert_color(projectfolder))
  File "/home/ubuntu/OpenVoice/job.py", line 277, in convert_color
    target_se, audio_name = se_extractor.get_se(ref_audio_path, tone_color_converter, vad=False)
  File "/home/ubuntu/OpenVoice/openvoice/se_extractor.py", line 146, in get_se
    wavs_folder = split_audio_whisper(audio_path, target_dir=target_dir, audio_name=audio_name)
  File "/home/ubuntu/OpenVoice/openvoice/se_extractor.py", line 29, in split_audio_whisper
    segments = list(segments)
  File "/home/ubuntu/miniconda3/envs/openvoice/lib/python3.9/site-packages/faster_whisper/transcribe.py", line 433, in generate_segments
    ) = self.generate_with_fallback(encoder_output, prompt, tokenizer, options)
  File "/home/ubuntu/miniconda3/envs/openvoice/lib/python3.9/site-packages/faster_whisper/transcribe.py", line 641, in generate_with_fallback
    result = self.model.generate(
RuntimeError: CUDA failed with error out of memory
Traceback (most recent call last):
  File "/home/ubuntu/OpenVoice/job.py", line 334, in <module>
    clone_voice(f"./projects/{i}/{j}")
  File "/home/ubuntu/OpenVoice/job.py", line 201, in clone_voice
    return(convert_color(projectfolder))
  File "/home/ubuntu/OpenVoice/job.py", line 277, in convert_color
    target_se, audio_name = se_extractor.get_se(ref_audio_path, tone_color_converter, vad=False)
  File "/home/ubuntu/OpenVoice/openvoice/se_extractor.py", line 146, in get_se
    wavs_folder = split_audio_whisper(audio_path, target_dir=target_dir, audio_name=audio_name)
  File "/home/ubuntu/OpenVoice/openvoice/se_extractor.py", line 29, in split_audio_whisper
    segments = list(segments)
  File "/home/ubuntu/miniconda3/envs/openvoice/lib/python3.9/site-packages/faster_whisper/transcribe.py", line 433, in generate_segments
    ) = self.generate_with_fallback(encoder_output, prompt, tokenizer, options)
  File "/home/ubuntu/miniconda3/envs/openvoice/lib/python3.9/site-packages/faster_whisper/transcribe.py", line 641, in generate_with_fallback
    result = self.model.generate(
RuntimeError: CUDA failed with error out of memory
Traceback (most recent call last):
  File "/home/ubuntu/OpenVoice/job.py", line 334, in <module>
    clone_voice(f"./projects/{i}/{j}")
  File "/home/ubuntu/OpenVoice/job.py", line 201, in clone_voice
    return(convert_color(projectfolder))
  File "/home/ubuntu/OpenVoice/job.py", line 277, in convert_color
    target_se, audio_name = se_extractor.get_se(ref_audio_path, tone_color_converter, vad=False)
  File "/home/ubuntu/OpenVoice/openvoice/se_extractor.py", line 146, in get_se
    wavs_folder = split_audio_whisper(audio_path, target_dir=target_dir, audio_name=audio_name)
  File "/home/ubuntu/OpenVoice/openvoice/se_extractor.py", line 29, in split_audio_whisper
    segments = list(segments)
  File "/home/ubuntu/miniconda3/envs/openvoice/lib/python3.9/site-packages/faster_whisper/transcribe.py", line 433, in generate_segments
    ) = self.generate_with_fallback(encoder_output, prompt, tokenizer, options)
  File "/home/ubuntu/miniconda3/envs/openvoice/lib/python3.9/site-packages/faster_whisper/transcribe.py", line 641, in generate_with_fallback
    result = self.model.generate(
RuntimeError: CUDA failed with error out of memory
Traceback (most recent call last):
  File "/home/ubuntu/OpenVoice/job.py", line 334, in <module>
    clone_voice(f"./projects/{i}/{j}")
  File "/home/ubuntu/OpenVoice/job.py", line 201, in clone_voice
    return(convert_color(projectfolder))
  File "/home/ubuntu/OpenVoice/job.py", line 277, in convert_color
    target_se, audio_name = se_extractor.get_se(ref_audio_path, tone_color_converter, vad=False)
  File "/home/ubuntu/OpenVoice/openvoice/se_extractor.py", line 146, in get_se
    wavs_folder = split_audio_whisper(audio_path, target_dir=target_dir, audio_name=audio_name)
  File "/home/ubuntu/OpenVoice/openvoice/se_extractor.py", line 29, in split_audio_whisper
    segments = list(segments)
  File "/home/ubuntu/miniconda3/envs/openvoice/lib/python3.9/site-packages/faster_whisper/transcribe.py", line 433, in generate_segments
    ) = self.generate_with_fallback(encoder_output, prompt, tokenizer, options)
  File "/home/ubuntu/miniconda3/envs/openvoice/lib/python3.9/site-packages/faster_whisper/transcribe.py", line 641, in generate_with_fallback
    result = self.model.generate(
RuntimeError: CUDA failed with error out of memory
Traceback (most recent call last):
  File "/home/ubuntu/OpenVoice/job.py", line 334, in <module>
    clone_voice(f"./projects/{i}/{j}")
  File "/home/ubuntu/OpenVoice/job.py", line 201, in clone_voice
    return(convert_color(projectfolder))
  File "/home/ubuntu/OpenVoice/job.py", line 277, in convert_color
    target_se, audio_name = se_extractor.get_se(ref_audio_path, tone_color_converter, vad=False)
  File "/home/ubuntu/OpenVoice/openvoice/se_extractor.py", line 146, in get_se
    wavs_folder = split_audio_whisper(audio_path, target_dir=target_dir, audio_name=audio_name)
  File "/home/ubuntu/OpenVoice/openvoice/se_extractor.py", line 29, in split_audio_whisper
    segments = list(segments)
  File "/home/ubuntu/miniconda3/envs/openvoice/lib/python3.9/site-packages/faster_whisper/transcribe.py", line 433, in generate_segments
    ) = self.generate_with_fallback(encoder_output, prompt, tokenizer, options)
  File "/home/ubuntu/miniconda3/envs/openvoice/lib/python3.9/site-packages/faster_whisper/transcribe.py", line 641, in generate_with_fallback
    result = self.model.generate(
RuntimeError: CUDA failed with error out of memory
Traceback (most recent call last):
  File "/home/ubuntu/OpenVoice/job.py", line 334, in <module>
    clone_voice(f"./projects/{i}/{j}")
  File "/home/ubuntu/OpenVoice/job.py", line 201, in clone_voice
    return(convert_color(projectfolder))
  File "/home/ubuntu/OpenVoice/job.py", line 277, in convert_color
    target_se, audio_name = se_extractor.get_se(ref_audio_path, tone_color_converter, vad=False)
  File "/home/ubuntu/OpenVoice/openvoice/se_extractor.py", line 146, in get_se
    wavs_folder = split_audio_whisper(audio_path, target_dir=target_dir, audio_name=audio_name)
  File "/home/ubuntu/OpenVoice/openvoice/se_extractor.py", line 29, in split_audio_whisper
    segments = list(segments)
  File "/home/ubuntu/miniconda3/envs/openvoice/lib/python3.9/site-packages/faster_whisper/transcribe.py", line 433, in generate_segments
    ) = self.generate_with_fallback(encoder_output, prompt, tokenizer, options)
  File "/home/ubuntu/miniconda3/envs/openvoice/lib/python3.9/site-packages/faster_whisper/transcribe.py", line 641, in generate_with_fallback
    result = self.model.generate(
RuntimeError: CUDA failed with error out of memory
Traceback (most recent call last):
  File "/home/ubuntu/OpenVoice/job.py", line 334, in <module>
    clone_voice(f"./projects/{i}/{j}")
  File "/home/ubuntu/OpenVoice/job.py", line 201, in clone_voice
    return(convert_color(projectfolder))
  File "/home/ubuntu/OpenVoice/job.py", line 277, in convert_color
    target_se, audio_name = se_extractor.get_se(ref_audio_path, tone_color_converter, vad=False)
  File "/home/ubuntu/OpenVoice/openvoice/se_extractor.py", line 146, in get_se
    wavs_folder = split_audio_whisper(audio_path, target_dir=target_dir, audio_name=audio_name)
  File "/home/ubuntu/OpenVoice/openvoice/se_extractor.py", line 29, in split_audio_whisper
    segments = list(segments)
  File "/home/ubuntu/miniconda3/envs/openvoice/lib/python3.9/site-packages/faster_whisper/transcribe.py", line 433, in generate_segments
    ) = self.generate_with_fallback(encoder_output, prompt, tokenizer, options)
  File "/home/ubuntu/miniconda3/envs/openvoice/lib/python3.9/site-packages/faster_whisper/transcribe.py", line 641, in generate_with_fallback
    result = self.model.generate(
RuntimeError: CUDA failed with error out of memory
Traceback (most recent call last):
  File "/home/ubuntu/OpenVoice/job.py", line 334, in <module>
    clone_voice(f"./projects/{i}/{j}")
  File "/home/ubuntu/OpenVoice/job.py", line 201, in clone_voice
    return(convert_color(projectfolder))
  File "/home/ubuntu/OpenVoice/job.py", line 277, in convert_color
    target_se, audio_name = se_extractor.get_se(ref_audio_path, tone_color_converter, vad=False)
  File "/home/ubuntu/OpenVoice/openvoice/se_extractor.py", line 146, in get_se
    wavs_folder = split_audio_whisper(audio_path, target_dir=target_dir, audio_name=audio_name)
  File "/home/ubuntu/OpenVoice/openvoice/se_extractor.py", line 29, in split_audio_whisper
    segments = list(segments)
  File "/home/ubuntu/miniconda3/envs/openvoice/lib/python3.9/site-packages/faster_whisper/transcribe.py", line 433, in generate_segments
    ) = self.generate_with_fallback(encoder_output, prompt, tokenizer, options)
  File "/home/ubuntu/miniconda3/envs/openvoice/lib/python3.9/site-packages/faster_whisper/transcribe.py", line 641, in generate_with_fallback
    result = self.model.generate(
RuntimeError: CUDA failed with error out of memory
Traceback (most recent call last):
  File "/home/ubuntu/OpenVoice/job.py", line 334, in <module>
    clone_voice(f"./projects/{i}/{j}")
  File "/home/ubuntu/OpenVoice/job.py", line 201, in clone_voice
    return(convert_color(projectfolder))
  File "/home/ubuntu/OpenVoice/job.py", line 277, in convert_color
    target_se, audio_name = se_extractor.get_se(ref_audio_path, tone_color_converter, vad=False)
  File "/home/ubuntu/OpenVoice/openvoice/se_extractor.py", line 146, in get_se
    wavs_folder = split_audio_whisper(audio_path, target_dir=target_dir, audio_name=audio_name)
  File "/home/ubuntu/OpenVoice/openvoice/se_extractor.py", line 29, in split_audio_whisper
    segments = list(segments)
  File "/home/ubuntu/miniconda3/envs/openvoice/lib/python3.9/site-packages/faster_whisper/transcribe.py", line 433, in generate_segments
    ) = self.generate_with_fallback(encoder_output, prompt, tokenizer, options)
  File "/home/ubuntu/miniconda3/envs/openvoice/lib/python3.9/site-packages/faster_whisper/transcribe.py", line 641, in generate_with_fallback
    result = self.model.generate(
RuntimeError: CUDA failed with error out of memory
Traceback (most recent call last):
  File "/home/ubuntu/OpenVoice/job.py", line 334, in <module>
    clone_voice(f"./projects/{i}/{j}")
  File "/home/ubuntu/OpenVoice/job.py", line 201, in clone_voice
    return(convert_color(projectfolder))
  File "/home/ubuntu/OpenVoice/job.py", line 277, in convert_color
    target_se, audio_name = se_extractor.get_se(ref_audio_path, tone_color_converter, vad=False)
  File "/home/ubuntu/OpenVoice/openvoice/se_extractor.py", line 146, in get_se
    wavs_folder = split_audio_whisper(audio_path, target_dir=target_dir, audio_name=audio_name)
  File "/home/ubuntu/OpenVoice/openvoice/se_extractor.py", line 29, in split_audio_whisper
    segments = list(segments)
  File "/home/ubuntu/miniconda3/envs/openvoice/lib/python3.9/site-packages/faster_whisper/transcribe.py", line 433, in generate_segments
    ) = self.generate_with_fallback(encoder_output, prompt, tokenizer, options)
  File "/home/ubuntu/miniconda3/envs/openvoice/lib/python3.9/site-packages/faster_whisper/transcribe.py", line 641, in generate_with_fallback
    result = self.model.generate(
RuntimeError: CUDA failed with error out of memory
Traceback (most recent call last):
  File "/home/ubuntu/OpenVoice/job.py", line 334, in <module>
    clone_voice(f"./projects/{i}/{j}")
  File "/home/ubuntu/OpenVoice/job.py", line 201, in clone_voice
    return(convert_color(projectfolder))
  File "/home/ubuntu/OpenVoice/job.py", line 277, in convert_color
    target_se, audio_name = se_extractor.get_se(ref_audio_path, tone_color_converter, vad=False)
  File "/home/ubuntu/OpenVoice/openvoice/se_extractor.py", line 146, in get_se
    wavs_folder = split_audio_whisper(audio_path, target_dir=target_dir, audio_name=audio_name)
  File "/home/ubuntu/OpenVoice/openvoice/se_extractor.py", line 29, in split_audio_whisper
    segments = list(segments)
  File "/home/ubuntu/miniconda3/envs/openvoice/lib/python3.9/site-packages/faster_whisper/transcribe.py", line 433, in generate_segments
    ) = self.generate_with_fallback(encoder_output, prompt, tokenizer, options)
  File "/home/ubuntu/miniconda3/envs/openvoice/lib/python3.9/site-packages/faster_whisper/transcribe.py", line 641, in generate_with_fallback
    result = self.model.generate(
RuntimeError: CUDA failed with error out of memory
Traceback (most recent call last):
  File "/home/ubuntu/OpenVoice/job.py", line 334, in <module>
    clone_voice(f"./projects/{i}/{j}")
  File "/home/ubuntu/OpenVoice/job.py", line 201, in clone_voice
    return(convert_color(projectfolder))
  File "/home/ubuntu/OpenVoice/job.py", line 277, in convert_color
    target_se, audio_name = se_extractor.get_se(ref_audio_path, tone_color_converter, vad=False)
  File "/home/ubuntu/OpenVoice/openvoice/se_extractor.py", line 146, in get_se
    wavs_folder = split_audio_whisper(audio_path, target_dir=target_dir, audio_name=audio_name)
  File "/home/ubuntu/OpenVoice/openvoice/se_extractor.py", line 29, in split_audio_whisper
    segments = list(segments)
  File "/home/ubuntu/miniconda3/envs/openvoice/lib/python3.9/site-packages/faster_whisper/transcribe.py", line 433, in generate_segments
    ) = self.generate_with_fallback(encoder_output, prompt, tokenizer, options)
  File "/home/ubuntu/miniconda3/envs/openvoice/lib/python3.9/site-packages/faster_whisper/transcribe.py", line 641, in generate_with_fallback
    result = self.model.generate(
RuntimeError: CUDA failed with error out of memory
Traceback (most recent call last):
  File "/home/ubuntu/OpenVoice/job.py", line 334, in <module>
    clone_voice(f"./projects/{i}/{j}")
  File "/home/ubuntu/OpenVoice/job.py", line 201, in clone_voice
    return(convert_color(projectfolder))
  File "/home/ubuntu/OpenVoice/job.py", line 277, in convert_color
    target_se, audio_name = se_extractor.get_se(ref_audio_path, tone_color_converter, vad=False)
  File "/home/ubuntu/OpenVoice/openvoice/se_extractor.py", line 146, in get_se
    wavs_folder = split_audio_whisper(audio_path, target_dir=target_dir, audio_name=audio_name)
  File "/home/ubuntu/OpenVoice/openvoice/se_extractor.py", line 29, in split_audio_whisper
    segments = list(segments)
  File "/home/ubuntu/miniconda3/envs/openvoice/lib/python3.9/site-packages/faster_whisper/transcribe.py", line 433, in generate_segments
    ) = self.generate_with_fallback(encoder_output, prompt, tokenizer, options)
  File "/home/ubuntu/miniconda3/envs/openvoice/lib/python3.9/site-packages/faster_whisper/transcribe.py", line 641, in generate_with_fallback
    result = self.model.generate(
RuntimeError: CUDA failed with error out of memory
Traceback (most recent call last):
  File "/home/ubuntu/OpenVoice/job.py", line 334, in <module>
    clone_voice(f"./projects/{i}/{j}")
  File "/home/ubuntu/OpenVoice/job.py", line 201, in clone_voice
    return(convert_color(projectfolder))
  File "/home/ubuntu/OpenVoice/job.py", line 277, in convert_color
    target_se, audio_name = se_extractor.get_se(ref_audio_path, tone_color_converter, vad=False)
  File "/home/ubuntu/OpenVoice/openvoice/se_extractor.py", line 146, in get_se
    wavs_folder = split_audio_whisper(audio_path, target_dir=target_dir, audio_name=audio_name)
  File "/home/ubuntu/OpenVoice/openvoice/se_extractor.py", line 29, in split_audio_whisper
    segments = list(segments)
  File "/home/ubuntu/miniconda3/envs/openvoice/lib/python3.9/site-packages/faster_whisper/transcribe.py", line 433, in generate_segments
    ) = self.generate_with_fallback(encoder_output, prompt, tokenizer, options)
  File "/home/ubuntu/miniconda3/envs/openvoice/lib/python3.9/site-packages/faster_whisper/transcribe.py", line 641, in generate_with_fallback
    result = self.model.generate(
RuntimeError: CUDA failed with error out of memory
Traceback (most recent call last):
  File "/home/ubuntu/OpenVoice/job.py", line 334, in <module>
    clone_voice(f"./projects/{i}/{j}")
  File "/home/ubuntu/OpenVoice/job.py", line 201, in clone_voice
    return(convert_color(projectfolder))
  File "/home/ubuntu/OpenVoice/job.py", line 277, in convert_color
    target_se, audio_name = se_extractor.get_se(ref_audio_path, tone_color_converter, vad=False)
  File "/home/ubuntu/OpenVoice/openvoice/se_extractor.py", line 146, in get_se
    wavs_folder = split_audio_whisper(audio_path, target_dir=target_dir, audio_name=audio_name)
  File "/home/ubuntu/OpenVoice/openvoice/se_extractor.py", line 29, in split_audio_whisper
    segments = list(segments)
  File "/home/ubuntu/miniconda3/envs/openvoice/lib/python3.9/site-packages/faster_whisper/transcribe.py", line 433, in generate_segments
    ) = self.generate_with_fallback(encoder_output, prompt, tokenizer, options)
  File "/home/ubuntu/miniconda3/envs/openvoice/lib/python3.9/site-packages/faster_whisper/transcribe.py", line 641, in generate_with_fallback
    result = self.model.generate(
RuntimeError: CUDA failed with error out of memory
Traceback (most recent call last):
  File "/home/ubuntu/OpenVoice/job.py", line 334, in <module>
    clone_voice(f"./projects/{i}/{j}")
  File "/home/ubuntu/OpenVoice/job.py", line 201, in clone_voice
    return(convert_color(projectfolder))
  File "/home/ubuntu/OpenVoice/job.py", line 277, in convert_color
    target_se, audio_name = se_extractor.get_se(ref_audio_path, tone_color_converter, vad=False)
  File "/home/ubuntu/OpenVoice/openvoice/se_extractor.py", line 146, in get_se
    wavs_folder = split_audio_whisper(audio_path, target_dir=target_dir, audio_name=audio_name)
  File "/home/ubuntu/OpenVoice/openvoice/se_extractor.py", line 29, in split_audio_whisper
    segments = list(segments)
  File "/home/ubuntu/miniconda3/envs/openvoice/lib/python3.9/site-packages/faster_whisper/transcribe.py", line 433, in generate_segments
    ) = self.generate_with_fallback(encoder_output, prompt, tokenizer, options)
  File "/home/ubuntu/miniconda3/envs/openvoice/lib/python3.9/site-packages/faster_whisper/transcribe.py", line 641, in generate_with_fallback
    result = self.model.generate(
RuntimeError: CUDA failed with error out of memory
Traceback (most recent call last):
  File "/home/ubuntu/OpenVoice/job.py", line 334, in <module>
    clone_voice(f"./projects/{i}/{j}")
  File "/home/ubuntu/OpenVoice/job.py", line 201, in clone_voice
    return(convert_color(projectfolder))
  File "/home/ubuntu/OpenVoice/job.py", line 277, in convert_color
    target_se, audio_name = se_extractor.get_se(ref_audio_path, tone_color_converter, vad=False)
  File "/home/ubuntu/OpenVoice/openvoice/se_extractor.py", line 146, in get_se
    wavs_folder = split_audio_whisper(audio_path, target_dir=target_dir, audio_name=audio_name)
  File "/home/ubuntu/OpenVoice/openvoice/se_extractor.py", line 29, in split_audio_whisper
    segments = list(segments)
  File "/home/ubuntu/miniconda3/envs/openvoice/lib/python3.9/site-packages/faster_whisper/transcribe.py", line 433, in generate_segments
    ) = self.generate_with_fallback(encoder_output, prompt, tokenizer, options)
  File "/home/ubuntu/miniconda3/envs/openvoice/lib/python3.9/site-packages/faster_whisper/transcribe.py", line 641, in generate_with_fallback
    result = self.model.generate(
RuntimeError: CUDA failed with error out of memory
Traceback (most recent call last):
  File "/home/ubuntu/OpenVoice/job.py", line 334, in <module>
    clone_voice(f"./projects/{i}/{j}")
  File "/home/ubuntu/OpenVoice/job.py", line 201, in clone_voice
    return(convert_color(projectfolder))
  File "/home/ubuntu/OpenVoice/job.py", line 277, in convert_color
    target_se, audio_name = se_extractor.get_se(ref_audio_path, tone_color_converter, vad=False)
  File "/home/ubuntu/OpenVoice/openvoice/se_extractor.py", line 146, in get_se
    wavs_folder = split_audio_whisper(audio_path, target_dir=target_dir, audio_name=audio_name)
  File "/home/ubuntu/OpenVoice/openvoice/se_extractor.py", line 29, in split_audio_whisper
    segments = list(segments)
  File "/home/ubuntu/miniconda3/envs/openvoice/lib/python3.9/site-packages/faster_whisper/transcribe.py", line 433, in generate_segments
    ) = self.generate_with_fallback(encoder_output, prompt, tokenizer, options)
  File "/home/ubuntu/miniconda3/envs/openvoice/lib/python3.9/site-packages/faster_whisper/transcribe.py", line 641, in generate_with_fallback
    result = self.model.generate(
RuntimeError: CUDA failed with error out of memory
Traceback (most recent call last):
  File "/home/ubuntu/OpenVoice/job.py", line 334, in <module>
    clone_voice(f"./projects/{i}/{j}")
  File "/home/ubuntu/OpenVoice/job.py", line 201, in clone_voice
    return(convert_color(projectfolder))
  File "/home/ubuntu/OpenVoice/job.py", line 277, in convert_color
    target_se, audio_name = se_extractor.get_se(ref_audio_path, tone_color_converter, vad=False)
  File "/home/ubuntu/OpenVoice/openvoice/se_extractor.py", line 146, in get_se
    wavs_folder = split_audio_whisper(audio_path, target_dir=target_dir, audio_name=audio_name)
  File "/home/ubuntu/OpenVoice/openvoice/se_extractor.py", line 29, in split_audio_whisper
    segments = list(segments)
  File "/home/ubuntu/miniconda3/envs/openvoice/lib/python3.9/site-packages/faster_whisper/transcribe.py", line 433, in generate_segments
    ) = self.generate_with_fallback(encoder_output, prompt, tokenizer, options)
  File "/home/ubuntu/miniconda3/envs/openvoice/lib/python3.9/site-packages/faster_whisper/transcribe.py", line 641, in generate_with_fallback
    result = self.model.generate(
RuntimeError: CUDA failed with error out of memory
Traceback (most recent call last):
  File "/home/ubuntu/OpenVoice/job.py", line 334, in <module>
    clone_voice(f"./projects/{i}/{j}")
  File "/home/ubuntu/OpenVoice/job.py", line 201, in clone_voice
    return(convert_color(projectfolder))
  File "/home/ubuntu/OpenVoice/job.py", line 277, in convert_color
    target_se, audio_name = se_extractor.get_se(ref_audio_path, tone_color_converter, vad=False)
  File "/home/ubuntu/OpenVoice/openvoice/se_extractor.py", line 146, in get_se
    wavs_folder = split_audio_whisper(audio_path, target_dir=target_dir, audio_name=audio_name)
  File "/home/ubuntu/OpenVoice/openvoice/se_extractor.py", line 29, in split_audio_whisper
    segments = list(segments)
  File "/home/ubuntu/miniconda3/envs/openvoice/lib/python3.9/site-packages/faster_whisper/transcribe.py", line 433, in generate_segments
    ) = self.generate_with_fallback(encoder_output, prompt, tokenizer, options)
  File "/home/ubuntu/miniconda3/envs/openvoice/lib/python3.9/site-packages/faster_whisper/transcribe.py", line 641, in generate_with_fallback
    result = self.model.generate(
RuntimeError: CUDA failed with error out of memory
Traceback (most recent call last):
  File "/home/ubuntu/OpenVoice/job.py", line 334, in <module>
    clone_voice(f"./projects/{i}/{j}")
  File "/home/ubuntu/OpenVoice/job.py", line 201, in clone_voice
    return(convert_color(projectfolder))
  File "/home/ubuntu/OpenVoice/job.py", line 277, in convert_color
    target_se, audio_name = se_extractor.get_se(ref_audio_path, tone_color_converter, vad=False)
  File "/home/ubuntu/OpenVoice/openvoice/se_extractor.py", line 146, in get_se
    wavs_folder = split_audio_whisper(audio_path, target_dir=target_dir, audio_name=audio_name)
  File "/home/ubuntu/OpenVoice/openvoice/se_extractor.py", line 29, in split_audio_whisper
    segments = list(segments)
  File "/home/ubuntu/miniconda3/envs/openvoice/lib/python3.9/site-packages/faster_whisper/transcribe.py", line 433, in generate_segments
    ) = self.generate_with_fallback(encoder_output, prompt, tokenizer, options)
  File "/home/ubuntu/miniconda3/envs/openvoice/lib/python3.9/site-packages/faster_whisper/transcribe.py", line 641, in generate_with_fallback
    result = self.model.generate(
RuntimeError: CUDA failed with error out of memory
Traceback (most recent call last):
  File "/home/ubuntu/OpenVoice/job.py", line 334, in <module>
    clone_voice(f"./projects/{i}/{j}")
  File "/home/ubuntu/OpenVoice/job.py", line 201, in clone_voice
    return(convert_color(projectfolder))
  File "/home/ubuntu/OpenVoice/job.py", line 277, in convert_color
    target_se, audio_name = se_extractor.get_se(ref_audio_path, tone_color_converter, vad=False)
  File "/home/ubuntu/OpenVoice/openvoice/se_extractor.py", line 146, in get_se
    wavs_folder = split_audio_whisper(audio_path, target_dir=target_dir, audio_name=audio_name)
  File "/home/ubuntu/OpenVoice/openvoice/se_extractor.py", line 29, in split_audio_whisper
    segments = list(segments)
  File "/home/ubuntu/miniconda3/envs/openvoice/lib/python3.9/site-packages/faster_whisper/transcribe.py", line 433, in generate_segments
    ) = self.generate_with_fallback(encoder_output, prompt, tokenizer, options)
  File "/home/ubuntu/miniconda3/envs/openvoice/lib/python3.9/site-packages/faster_whisper/transcribe.py", line 641, in generate_with_fallback
    result = self.model.generate(
RuntimeError: CUDA failed with error out of memory
Traceback (most recent call last):
  File "/home/ubuntu/OpenVoice/job.py", line 334, in <module>
    clone_voice(f"./projects/{i}/{j}")
  File "/home/ubuntu/OpenVoice/job.py", line 201, in clone_voice
    return(convert_color(projectfolder))
  File "/home/ubuntu/OpenVoice/job.py", line 277, in convert_color
    target_se, audio_name = se_extractor.get_se(ref_audio_path, tone_color_converter, vad=False)
  File "/home/ubuntu/OpenVoice/openvoice/se_extractor.py", line 146, in get_se
    wavs_folder = split_audio_whisper(audio_path, target_dir=target_dir, audio_name=audio_name)
  File "/home/ubuntu/OpenVoice/openvoice/se_extractor.py", line 29, in split_audio_whisper
    segments = list(segments)
  File "/home/ubuntu/miniconda3/envs/openvoice/lib/python3.9/site-packages/faster_whisper/transcribe.py", line 433, in generate_segments
    ) = self.generate_with_fallback(encoder_output, prompt, tokenizer, options)
  File "/home/ubuntu/miniconda3/envs/openvoice/lib/python3.9/site-packages/faster_whisper/transcribe.py", line 641, in generate_with_fallback
    result = self.model.generate(
RuntimeError: CUDA failed with error out of memory
Traceback (most recent call last):
  File "/home/ubuntu/OpenVoice/job.py", line 334, in <module>
    clone_voice(f"./projects/{i}/{j}")
  File "/home/ubuntu/OpenVoice/job.py", line 201, in clone_voice
    return(convert_color(projectfolder))
  File "/home/ubuntu/OpenVoice/job.py", line 277, in convert_color
    target_se, audio_name = se_extractor.get_se(ref_audio_path, tone_color_converter, vad=False)
  File "/home/ubuntu/OpenVoice/openvoice/se_extractor.py", line 146, in get_se
    wavs_folder = split_audio_whisper(audio_path, target_dir=target_dir, audio_name=audio_name)
  File "/home/ubuntu/OpenVoice/openvoice/se_extractor.py", line 29, in split_audio_whisper
    segments = list(segments)
  File "/home/ubuntu/miniconda3/envs/openvoice/lib/python3.9/site-packages/faster_whisper/transcribe.py", line 433, in generate_segments
    ) = self.generate_with_fallback(encoder_output, prompt, tokenizer, options)
  File "/home/ubuntu/miniconda3/envs/openvoice/lib/python3.9/site-packages/faster_whisper/transcribe.py", line 641, in generate_with_fallback
    result = self.model.generate(
RuntimeError: CUDA failed with error out of memory
Traceback (most recent call last):
  File "/home/ubuntu/OpenVoice/job.py", line 334, in <module>
    clone_voice(f"./projects/{i}/{j}")
  File "/home/ubuntu/OpenVoice/job.py", line 201, in clone_voice
    return(convert_color(projectfolder))
  File "/home/ubuntu/OpenVoice/job.py", line 277, in convert_color
    target_se, audio_name = se_extractor.get_se(ref_audio_path, tone_color_converter, vad=False)
  File "/home/ubuntu/OpenVoice/openvoice/se_extractor.py", line 146, in get_se
    wavs_folder = split_audio_whisper(audio_path, target_dir=target_dir, audio_name=audio_name)
  File "/home/ubuntu/OpenVoice/openvoice/se_extractor.py", line 29, in split_audio_whisper
    segments = list(segments)
  File "/home/ubuntu/miniconda3/envs/openvoice/lib/python3.9/site-packages/faster_whisper/transcribe.py", line 433, in generate_segments
    ) = self.generate_with_fallback(encoder_output, prompt, tokenizer, options)
  File "/home/ubuntu/miniconda3/envs/openvoice/lib/python3.9/site-packages/faster_whisper/transcribe.py", line 641, in generate_with_fallback
    result = self.model.generate(
RuntimeError: CUDA failed with error out of memory
Traceback (most recent call last):
  File "/home/ubuntu/OpenVoice/job.py", line 334, in <module>
    clone_voice(f"./projects/{i}/{j}")
  File "/home/ubuntu/OpenVoice/job.py", line 201, in clone_voice
    return(convert_color(projectfolder))
  File "/home/ubuntu/OpenVoice/job.py", line 277, in convert_color
    target_se, audio_name = se_extractor.get_se(ref_audio_path, tone_color_converter, vad=False)
  File "/home/ubuntu/OpenVoice/openvoice/se_extractor.py", line 150, in get_se
    raise NotImplementedError('No audio segments found!')
NotImplementedError: No audio segments found!
Traceback (most recent call last):
  File "/home/ubuntu/OpenVoice/job.py", line 334, in <module>
    clone_voice(f"./projects/{i}/{j}")
  File "/home/ubuntu/OpenVoice/job.py", line 201, in clone_voice
    return(convert_color(projectfolder))
  File "/home/ubuntu/OpenVoice/job.py", line 277, in convert_color
    target_se, audio_name = se_extractor.get_se(ref_audio_path, tone_color_converter, vad=False)
  File "/home/ubuntu/OpenVoice/openvoice/se_extractor.py", line 146, in get_se
    wavs_folder = split_audio_whisper(audio_path, target_dir=target_dir, audio_name=audio_name)
  File "/home/ubuntu/OpenVoice/openvoice/se_extractor.py", line 29, in split_audio_whisper
    segments = list(segments)
  File "/home/ubuntu/miniconda3/envs/openvoice/lib/python3.9/site-packages/faster_whisper/transcribe.py", line 433, in generate_segments
    ) = self.generate_with_fallback(encoder_output, prompt, tokenizer, options)
  File "/home/ubuntu/miniconda3/envs/openvoice/lib/python3.9/site-packages/faster_whisper/transcribe.py", line 641, in generate_with_fallback
    result = self.model.generate(
RuntimeError: CUDA failed with error out of memory
Traceback (most recent call last):
  File "/home/ubuntu/OpenVoice/job.py", line 334, in <module>
    clone_voice(f"./projects/{i}/{j}")
  File "/home/ubuntu/OpenVoice/job.py", line 201, in clone_voice
    return(convert_color(projectfolder))
  File "/home/ubuntu/OpenVoice/job.py", line 277, in convert_color
    target_se, audio_name = se_extractor.get_se(ref_audio_path, tone_color_converter, vad=False)
  File "/home/ubuntu/OpenVoice/openvoice/se_extractor.py", line 146, in get_se
    wavs_folder = split_audio_whisper(audio_path, target_dir=target_dir, audio_name=audio_name)
  File "/home/ubuntu/OpenVoice/openvoice/se_extractor.py", line 29, in split_audio_whisper
    segments = list(segments)
  File "/home/ubuntu/miniconda3/envs/openvoice/lib/python3.9/site-packages/faster_whisper/transcribe.py", line 433, in generate_segments
    ) = self.generate_with_fallback(encoder_output, prompt, tokenizer, options)
  File "/home/ubuntu/miniconda3/envs/openvoice/lib/python3.9/site-packages/faster_whisper/transcribe.py", line 641, in generate_with_fallback
    result = self.model.generate(
RuntimeError: CUDA failed with error out of memory
Traceback (most recent call last):
  File "/home/ubuntu/OpenVoice/job.py", line 334, in <module>
    clone_voice(f"./projects/{i}/{j}")
  File "/home/ubuntu/OpenVoice/job.py", line 201, in clone_voice
    return(convert_color(projectfolder))
  File "/home/ubuntu/OpenVoice/job.py", line 277, in convert_color
    target_se, audio_name = se_extractor.get_se(ref_audio_path, tone_color_converter, vad=False)
  File "/home/ubuntu/OpenVoice/openvoice/se_extractor.py", line 146, in get_se
    wavs_folder = split_audio_whisper(audio_path, target_dir=target_dir, audio_name=audio_name)
  File "/home/ubuntu/OpenVoice/openvoice/se_extractor.py", line 29, in split_audio_whisper
    segments = list(segments)
  File "/home/ubuntu/miniconda3/envs/openvoice/lib/python3.9/site-packages/faster_whisper/transcribe.py", line 433, in generate_segments
    ) = self.generate_with_fallback(encoder_output, prompt, tokenizer, options)
  File "/home/ubuntu/miniconda3/envs/openvoice/lib/python3.9/site-packages/faster_whisper/transcribe.py", line 641, in generate_with_fallback
    result = self.model.generate(
RuntimeError: CUDA failed with error out of memory
Traceback (most recent call last):
  File "/home/ubuntu/OpenVoice/job.py", line 334, in <module>
    clone_voice(f"./projects/{i}/{j}")
  File "/home/ubuntu/OpenVoice/job.py", line 201, in clone_voice
    return(convert_color(projectfolder))
  File "/home/ubuntu/OpenVoice/job.py", line 277, in convert_color
    target_se, audio_name = se_extractor.get_se(ref_audio_path, tone_color_converter, vad=False)
  File "/home/ubuntu/OpenVoice/openvoice/se_extractor.py", line 146, in get_se
    wavs_folder = split_audio_whisper(audio_path, target_dir=target_dir, audio_name=audio_name)
  File "/home/ubuntu/OpenVoice/openvoice/se_extractor.py", line 29, in split_audio_whisper
    segments = list(segments)
  File "/home/ubuntu/miniconda3/envs/openvoice/lib/python3.9/site-packages/faster_whisper/transcribe.py", line 433, in generate_segments
    ) = self.generate_with_fallback(encoder_output, prompt, tokenizer, options)
  File "/home/ubuntu/miniconda3/envs/openvoice/lib/python3.9/site-packages/faster_whisper/transcribe.py", line 641, in generate_with_fallback
    result = self.model.generate(
RuntimeError: CUDA failed with error out of memory
Traceback (most recent call last):
  File "/home/ubuntu/OpenVoice/job.py", line 334, in <module>
    clone_voice(f"./projects/{i}/{j}")
  File "/home/ubuntu/OpenVoice/job.py", line 201, in clone_voice
    return(convert_color(projectfolder))
  File "/home/ubuntu/OpenVoice/job.py", line 277, in convert_color
    target_se, audio_name = se_extractor.get_se(ref_audio_path, tone_color_converter, vad=False)
  File "/home/ubuntu/OpenVoice/openvoice/se_extractor.py", line 146, in get_se
    wavs_folder = split_audio_whisper(audio_path, target_dir=target_dir, audio_name=audio_name)
  File "/home/ubuntu/OpenVoice/openvoice/se_extractor.py", line 29, in split_audio_whisper
    segments = list(segments)
  File "/home/ubuntu/miniconda3/envs/openvoice/lib/python3.9/site-packages/faster_whisper/transcribe.py", line 433, in generate_segments
    ) = self.generate_with_fallback(encoder_output, prompt, tokenizer, options)
  File "/home/ubuntu/miniconda3/envs/openvoice/lib/python3.9/site-packages/faster_whisper/transcribe.py", line 641, in generate_with_fallback
    result = self.model.generate(
RuntimeError: CUDA failed with error out of memory
Traceback (most recent call last):
  File "/home/ubuntu/OpenVoice/job.py", line 334, in <module>
    clone_voice(f"./projects/{i}/{j}")
  File "/home/ubuntu/OpenVoice/job.py", line 201, in clone_voice
    return(convert_color(projectfolder))
  File "/home/ubuntu/OpenVoice/job.py", line 277, in convert_color
    target_se, audio_name = se_extractor.get_se(ref_audio_path, tone_color_converter, vad=False)
  File "/home/ubuntu/OpenVoice/openvoice/se_extractor.py", line 146, in get_se
    wavs_folder = split_audio_whisper(audio_path, target_dir=target_dir, audio_name=audio_name)
  File "/home/ubuntu/OpenVoice/openvoice/se_extractor.py", line 29, in split_audio_whisper
    segments = list(segments)
  File "/home/ubuntu/miniconda3/envs/openvoice/lib/python3.9/site-packages/faster_whisper/transcribe.py", line 433, in generate_segments
    ) = self.generate_with_fallback(encoder_output, prompt, tokenizer, options)
  File "/home/ubuntu/miniconda3/envs/openvoice/lib/python3.9/site-packages/faster_whisper/transcribe.py", line 641, in generate_with_fallback
    result = self.model.generate(
RuntimeError: CUDA failed with error out of memory
Traceback (most recent call last):
  File "/home/ubuntu/OpenVoice/job.py", line 334, in <module>
    clone_voice(f"./projects/{i}/{j}")
  File "/home/ubuntu/OpenVoice/job.py", line 201, in clone_voice
    return(convert_color(projectfolder))
  File "/home/ubuntu/OpenVoice/job.py", line 277, in convert_color
    target_se, audio_name = se_extractor.get_se(ref_audio_path, tone_color_converter, vad=False)
  File "/home/ubuntu/OpenVoice/openvoice/se_extractor.py", line 146, in get_se
    wavs_folder = split_audio_whisper(audio_path, target_dir=target_dir, audio_name=audio_name)
  File "/home/ubuntu/OpenVoice/openvoice/se_extractor.py", line 29, in split_audio_whisper
    segments = list(segments)
  File "/home/ubuntu/miniconda3/envs/openvoice/lib/python3.9/site-packages/faster_whisper/transcribe.py", line 433, in generate_segments
    ) = self.generate_with_fallback(encoder_output, prompt, tokenizer, options)
  File "/home/ubuntu/miniconda3/envs/openvoice/lib/python3.9/site-packages/faster_whisper/transcribe.py", line 641, in generate_with_fallback
    result = self.model.generate(
RuntimeError: CUDA failed with error out of memory
Traceback (most recent call last):
  File "/home/ubuntu/OpenVoice/job.py", line 334, in <module>
    clone_voice(f"./projects/{i}/{j}")
  File "/home/ubuntu/OpenVoice/job.py", line 201, in clone_voice
    return(convert_color(projectfolder))
  File "/home/ubuntu/OpenVoice/job.py", line 277, in convert_color
    target_se, audio_name = se_extractor.get_se(ref_audio_path, tone_color_converter, vad=False)
  File "/home/ubuntu/OpenVoice/openvoice/se_extractor.py", line 146, in get_se
    wavs_folder = split_audio_whisper(audio_path, target_dir=target_dir, audio_name=audio_name)
  File "/home/ubuntu/OpenVoice/openvoice/se_extractor.py", line 29, in split_audio_whisper
    segments = list(segments)
  File "/home/ubuntu/miniconda3/envs/openvoice/lib/python3.9/site-packages/faster_whisper/transcribe.py", line 433, in generate_segments
    ) = self.generate_with_fallback(encoder_output, prompt, tokenizer, options)
  File "/home/ubuntu/miniconda3/envs/openvoice/lib/python3.9/site-packages/faster_whisper/transcribe.py", line 641, in generate_with_fallback
    result = self.model.generate(
RuntimeError: CUDA failed with error out of memory
Traceback (most recent call last):
  File "/home/ubuntu/OpenVoice/job.py", line 334, in <module>
    clone_voice(f"./projects/{i}/{j}")
  File "/home/ubuntu/OpenVoice/job.py", line 201, in clone_voice
    return(convert_color(projectfolder))
  File "/home/ubuntu/OpenVoice/job.py", line 277, in convert_color
    target_se, audio_name = se_extractor.get_se(ref_audio_path, tone_color_converter, vad=False)
  File "/home/ubuntu/OpenVoice/openvoice/se_extractor.py", line 146, in get_se
    wavs_folder = split_audio_whisper(audio_path, target_dir=target_dir, audio_name=audio_name)
  File "/home/ubuntu/OpenVoice/openvoice/se_extractor.py", line 29, in split_audio_whisper
    segments = list(segments)
  File "/home/ubuntu/miniconda3/envs/openvoice/lib/python3.9/site-packages/faster_whisper/transcribe.py", line 433, in generate_segments
    ) = self.generate_with_fallback(encoder_output, prompt, tokenizer, options)
  File "/home/ubuntu/miniconda3/envs/openvoice/lib/python3.9/site-packages/faster_whisper/transcribe.py", line 641, in generate_with_fallback
    result = self.model.generate(
RuntimeError: CUDA failed with error out of memory
Traceback (most recent call last):
  File "/home/ubuntu/OpenVoice/job.py", line 334, in <module>
    clone_voice(f"./projects/{i}/{j}")
  File "/home/ubuntu/OpenVoice/job.py", line 201, in clone_voice
    return(convert_color(projectfolder))
  File "/home/ubuntu/OpenVoice/job.py", line 277, in convert_color
    target_se, audio_name = se_extractor.get_se(ref_audio_path, tone_color_converter, vad=False)
  File "/home/ubuntu/OpenVoice/openvoice/se_extractor.py", line 146, in get_se
    wavs_folder = split_audio_whisper(audio_path, target_dir=target_dir, audio_name=audio_name)
  File "/home/ubuntu/OpenVoice/openvoice/se_extractor.py", line 29, in split_audio_whisper
    segments = list(segments)
  File "/home/ubuntu/miniconda3/envs/openvoice/lib/python3.9/site-packages/faster_whisper/transcribe.py", line 433, in generate_segments
    ) = self.generate_with_fallback(encoder_output, prompt, tokenizer, options)
  File "/home/ubuntu/miniconda3/envs/openvoice/lib/python3.9/site-packages/faster_whisper/transcribe.py", line 641, in generate_with_fallback
    result = self.model.generate(
RuntimeError: CUDA failed with error out of memory
Traceback (most recent call last):
  File "/home/ubuntu/OpenVoice/job.py", line 334, in <module>
    clone_voice(f"./projects/{i}/{j}")
  File "/home/ubuntu/OpenVoice/job.py", line 201, in clone_voice
    return(convert_color(projectfolder))
  File "/home/ubuntu/OpenVoice/job.py", line 277, in convert_color
    target_se, audio_name = se_extractor.get_se(ref_audio_path, tone_color_converter, vad=False)
  File "/home/ubuntu/OpenVoice/openvoice/se_extractor.py", line 146, in get_se
    wavs_folder = split_audio_whisper(audio_path, target_dir=target_dir, audio_name=audio_name)
  File "/home/ubuntu/OpenVoice/openvoice/se_extractor.py", line 29, in split_audio_whisper
    segments = list(segments)
  File "/home/ubuntu/miniconda3/envs/openvoice/lib/python3.9/site-packages/faster_whisper/transcribe.py", line 433, in generate_segments
    ) = self.generate_with_fallback(encoder_output, prompt, tokenizer, options)
  File "/home/ubuntu/miniconda3/envs/openvoice/lib/python3.9/site-packages/faster_whisper/transcribe.py", line 641, in generate_with_fallback
    result = self.model.generate(
RuntimeError: CUDA failed with error out of memory
Traceback (most recent call last):
  File "/home/ubuntu/OpenVoice/job.py", line 334, in <module>
    clone_voice(f"./projects/{i}/{j}")
  File "/home/ubuntu/OpenVoice/job.py", line 201, in clone_voice
    return(convert_color(projectfolder))
  File "/home/ubuntu/OpenVoice/job.py", line 277, in convert_color
    target_se, audio_name = se_extractor.get_se(ref_audio_path, tone_color_converter, vad=False)
  File "/home/ubuntu/OpenVoice/openvoice/se_extractor.py", line 146, in get_se
    wavs_folder = split_audio_whisper(audio_path, target_dir=target_dir, audio_name=audio_name)
  File "/home/ubuntu/OpenVoice/openvoice/se_extractor.py", line 29, in split_audio_whisper
    segments = list(segments)
  File "/home/ubuntu/miniconda3/envs/openvoice/lib/python3.9/site-packages/faster_whisper/transcribe.py", line 433, in generate_segments
    ) = self.generate_with_fallback(encoder_output, prompt, tokenizer, options)
  File "/home/ubuntu/miniconda3/envs/openvoice/lib/python3.9/site-packages/faster_whisper/transcribe.py", line 641, in generate_with_fallback
    result = self.model.generate(
RuntimeError: CUDA failed with error out of memory
Traceback (most recent call last):
  File "/home/ubuntu/OpenVoice/job.py", line 334, in <module>
    clone_voice(f"./projects/{i}/{j}")
  File "/home/ubuntu/OpenVoice/job.py", line 201, in clone_voice
    return(convert_color(projectfolder))
  File "/home/ubuntu/OpenVoice/job.py", line 277, in convert_color
    target_se, audio_name = se_extractor.get_se(ref_audio_path, tone_color_converter, vad=False)
  File "/home/ubuntu/OpenVoice/openvoice/se_extractor.py", line 146, in get_se
    wavs_folder = split_audio_whisper(audio_path, target_dir=target_dir, audio_name=audio_name)
  File "/home/ubuntu/OpenVoice/openvoice/se_extractor.py", line 29, in split_audio_whisper
    segments = list(segments)
  File "/home/ubuntu/miniconda3/envs/openvoice/lib/python3.9/site-packages/faster_whisper/transcribe.py", line 433, in generate_segments
    ) = self.generate_with_fallback(encoder_output, prompt, tokenizer, options)
  File "/home/ubuntu/miniconda3/envs/openvoice/lib/python3.9/site-packages/faster_whisper/transcribe.py", line 641, in generate_with_fallback
    result = self.model.generate(
RuntimeError: CUDA failed with error out of memory
Traceback (most recent call last):
  File "/home/ubuntu/OpenVoice/job.py", line 334, in <module>
    clone_voice(f"./projects/{i}/{j}")
  File "/home/ubuntu/OpenVoice/job.py", line 201, in clone_voice
    return(convert_color(projectfolder))
  File "/home/ubuntu/OpenVoice/job.py", line 277, in convert_color
    target_se, audio_name = se_extractor.get_se(ref_audio_path, tone_color_converter, vad=False)
  File "/home/ubuntu/OpenVoice/openvoice/se_extractor.py", line 146, in get_se
    wavs_folder = split_audio_whisper(audio_path, target_dir=target_dir, audio_name=audio_name)
  File "/home/ubuntu/OpenVoice/openvoice/se_extractor.py", line 29, in split_audio_whisper
    segments = list(segments)
  File "/home/ubuntu/miniconda3/envs/openvoice/lib/python3.9/site-packages/faster_whisper/transcribe.py", line 433, in generate_segments
    ) = self.generate_with_fallback(encoder_output, prompt, tokenizer, options)
  File "/home/ubuntu/miniconda3/envs/openvoice/lib/python3.9/site-packages/faster_whisper/transcribe.py", line 641, in generate_with_fallback
    result = self.model.generate(
RuntimeError: CUDA failed with error out of memory
Traceback (most recent call last):
  File "/home/ubuntu/OpenVoice/job.py", line 334, in <module>
    clone_voice(f"./projects/{i}/{j}")
  File "/home/ubuntu/OpenVoice/job.py", line 201, in clone_voice
    return(convert_color(projectfolder))
  File "/home/ubuntu/OpenVoice/job.py", line 277, in convert_color
    target_se, audio_name = se_extractor.get_se(ref_audio_path, tone_color_converter, vad=False)
  File "/home/ubuntu/OpenVoice/openvoice/se_extractor.py", line 146, in get_se
    wavs_folder = split_audio_whisper(audio_path, target_dir=target_dir, audio_name=audio_name)
  File "/home/ubuntu/OpenVoice/openvoice/se_extractor.py", line 29, in split_audio_whisper
    segments = list(segments)
  File "/home/ubuntu/miniconda3/envs/openvoice/lib/python3.9/site-packages/faster_whisper/transcribe.py", line 433, in generate_segments
    ) = self.generate_with_fallback(encoder_output, prompt, tokenizer, options)
  File "/home/ubuntu/miniconda3/envs/openvoice/lib/python3.9/site-packages/faster_whisper/transcribe.py", line 641, in generate_with_fallback
    result = self.model.generate(
RuntimeError: CUDA failed with error out of memory
Traceback (most recent call last):
  File "/home/ubuntu/OpenVoice/job.py", line 334, in <module>
    clone_voice(f"./projects/{i}/{j}")
  File "/home/ubuntu/OpenVoice/job.py", line 201, in clone_voice
    return(convert_color(projectfolder))
  File "/home/ubuntu/OpenVoice/job.py", line 277, in convert_color
    target_se, audio_name = se_extractor.get_se(ref_audio_path, tone_color_converter, vad=False)
  File "/home/ubuntu/OpenVoice/openvoice/se_extractor.py", line 146, in get_se
    wavs_folder = split_audio_whisper(audio_path, target_dir=target_dir, audio_name=audio_name)
  File "/home/ubuntu/OpenVoice/openvoice/se_extractor.py", line 29, in split_audio_whisper
    segments = list(segments)
  File "/home/ubuntu/miniconda3/envs/openvoice/lib/python3.9/site-packages/faster_whisper/transcribe.py", line 433, in generate_segments
    ) = self.generate_with_fallback(encoder_output, prompt, tokenizer, options)
  File "/home/ubuntu/miniconda3/envs/openvoice/lib/python3.9/site-packages/faster_whisper/transcribe.py", line 641, in generate_with_fallback
    result = self.model.generate(
RuntimeError: CUDA failed with error out of memory
Traceback (most recent call last):
  File "/home/ubuntu/OpenVoice/job.py", line 334, in <module>
    clone_voice(f"./projects/{i}/{j}")
  File "/home/ubuntu/OpenVoice/job.py", line 201, in clone_voice
    return(convert_color(projectfolder))
  File "/home/ubuntu/OpenVoice/job.py", line 277, in convert_color
    target_se, audio_name = se_extractor.get_se(ref_audio_path, tone_color_converter, vad=False)
  File "/home/ubuntu/OpenVoice/openvoice/se_extractor.py", line 146, in get_se
    wavs_folder = split_audio_whisper(audio_path, target_dir=target_dir, audio_name=audio_name)
  File "/home/ubuntu/OpenVoice/openvoice/se_extractor.py", line 29, in split_audio_whisper
    segments = list(segments)
  File "/home/ubuntu/miniconda3/envs/openvoice/lib/python3.9/site-packages/faster_whisper/transcribe.py", line 433, in generate_segments
    ) = self.generate_with_fallback(encoder_output, prompt, tokenizer, options)
  File "/home/ubuntu/miniconda3/envs/openvoice/lib/python3.9/site-packages/faster_whisper/transcribe.py", line 641, in generate_with_fallback
    result = self.model.generate(
RuntimeError: CUDA failed with error out of memory
Traceback (most recent call last):
  File "/home/ubuntu/OpenVoice/job.py", line 334, in <module>
    clone_voice(f"./projects/{i}/{j}")
  File "/home/ubuntu/OpenVoice/job.py", line 201, in clone_voice
    return(convert_color(projectfolder))
  File "/home/ubuntu/OpenVoice/job.py", line 277, in convert_color
    target_se, audio_name = se_extractor.get_se(ref_audio_path, tone_color_converter, vad=False)
  File "/home/ubuntu/OpenVoice/openvoice/se_extractor.py", line 146, in get_se
    wavs_folder = split_audio_whisper(audio_path, target_dir=target_dir, audio_name=audio_name)
  File "/home/ubuntu/OpenVoice/openvoice/se_extractor.py", line 29, in split_audio_whisper
    segments = list(segments)
  File "/home/ubuntu/miniconda3/envs/openvoice/lib/python3.9/site-packages/faster_whisper/transcribe.py", line 433, in generate_segments
    ) = self.generate_with_fallback(encoder_output, prompt, tokenizer, options)
  File "/home/ubuntu/miniconda3/envs/openvoice/lib/python3.9/site-packages/faster_whisper/transcribe.py", line 641, in generate_with_fallback
    result = self.model.generate(
RuntimeError: CUDA failed with error out of memory
Traceback (most recent call last):
  File "/home/ubuntu/OpenVoice/job.py", line 334, in <module>
    clone_voice(f"./projects/{i}/{j}")
  File "/home/ubuntu/OpenVoice/job.py", line 201, in clone_voice
    return(convert_color(projectfolder))
  File "/home/ubuntu/OpenVoice/job.py", line 277, in convert_color
    target_se, audio_name = se_extractor.get_se(ref_audio_path, tone_color_converter, vad=False)
  File "/home/ubuntu/OpenVoice/openvoice/se_extractor.py", line 146, in get_se
    wavs_folder = split_audio_whisper(audio_path, target_dir=target_dir, audio_name=audio_name)
  File "/home/ubuntu/OpenVoice/openvoice/se_extractor.py", line 29, in split_audio_whisper
    segments = list(segments)
  File "/home/ubuntu/miniconda3/envs/openvoice/lib/python3.9/site-packages/faster_whisper/transcribe.py", line 433, in generate_segments
    ) = self.generate_with_fallback(encoder_output, prompt, tokenizer, options)
  File "/home/ubuntu/miniconda3/envs/openvoice/lib/python3.9/site-packages/faster_whisper/transcribe.py", line 641, in generate_with_fallback
    result = self.model.generate(
RuntimeError: CUDA failed with error out of memory
Traceback (most recent call last):
  File "/home/ubuntu/OpenVoice/job.py", line 334, in <module>
    clone_voice(f"./projects/{i}/{j}")
  File "/home/ubuntu/OpenVoice/job.py", line 201, in clone_voice
    return(convert_color(projectfolder))
  File "/home/ubuntu/OpenVoice/job.py", line 277, in convert_color
    target_se, audio_name = se_extractor.get_se(ref_audio_path, tone_color_converter, vad=False)
  File "/home/ubuntu/OpenVoice/openvoice/se_extractor.py", line 146, in get_se
    wavs_folder = split_audio_whisper(audio_path, target_dir=target_dir, audio_name=audio_name)
  File "/home/ubuntu/OpenVoice/openvoice/se_extractor.py", line 29, in split_audio_whisper
    segments = list(segments)
  File "/home/ubuntu/miniconda3/envs/openvoice/lib/python3.9/site-packages/faster_whisper/transcribe.py", line 433, in generate_segments
    ) = self.generate_with_fallback(encoder_output, prompt, tokenizer, options)
  File "/home/ubuntu/miniconda3/envs/openvoice/lib/python3.9/site-packages/faster_whisper/transcribe.py", line 641, in generate_with_fallback
    result = self.model.generate(
RuntimeError: CUDA failed with error out of memory
Traceback (most recent call last):
  File "/home/ubuntu/OpenVoice/job.py", line 334, in <module>
    clone_voice(f"./projects/{i}/{j}")
  File "/home/ubuntu/OpenVoice/job.py", line 201, in clone_voice
    return(convert_color(projectfolder))
  File "/home/ubuntu/OpenVoice/job.py", line 277, in convert_color
    target_se, audio_name = se_extractor.get_se(ref_audio_path, tone_color_converter, vad=False)
  File "/home/ubuntu/OpenVoice/openvoice/se_extractor.py", line 146, in get_se
    wavs_folder = split_audio_whisper(audio_path, target_dir=target_dir, audio_name=audio_name)
  File "/home/ubuntu/OpenVoice/openvoice/se_extractor.py", line 29, in split_audio_whisper
    segments = list(segments)
  File "/home/ubuntu/miniconda3/envs/openvoice/lib/python3.9/site-packages/faster_whisper/transcribe.py", line 433, in generate_segments
    ) = self.generate_with_fallback(encoder_output, prompt, tokenizer, options)
  File "/home/ubuntu/miniconda3/envs/openvoice/lib/python3.9/site-packages/faster_whisper/transcribe.py", line 641, in generate_with_fallback
    result = self.model.generate(
RuntimeError: CUDA failed with error out of memory
Traceback (most recent call last):
  File "/home/ubuntu/OpenVoice/job.py", line 279, in convert_color
    source_se = torch.load(f'checkpoints_v2/google_base_speakers/models/{voicecode}.pth', map_location=device)
  File "/home/ubuntu/miniconda3/envs/openvoice/lib/python3.9/site-packages/torch/serialization.py", line 997, in load
    with _open_file_like(f, 'rb') as opened_file:
  File "/home/ubuntu/miniconda3/envs/openvoice/lib/python3.9/site-packages/torch/serialization.py", line 444, in _open_file_like
    return _open_file(name_or_buffer, mode)
  File "/home/ubuntu/miniconda3/envs/openvoice/lib/python3.9/site-packages/torch/serialization.py", line 425, in __init__
    super().__init__(open(name, mode))
FileNotFoundError: [Errno 2] No such file or directory: 'checkpoints_v2/google_base_speakers/models/cmn-CN-Wavenet-C.pth'

During handling of the above exception, another exception occurred:

Traceback (most recent call last):
  File "/home/ubuntu/OpenVoice/job.py", line 288, in convert_color
    synthesis_input = texttospeech.SynthesisInput(text=texts_[voicecode[:2]])
KeyError: 'cm'

During handling of the above exception, another exception occurred:

Traceback (most recent call last):
  File "/home/ubuntu/OpenVoice/job.py", line 334, in <module>
    clone_voice(f"./projects/{i}/{j}")
  File "/home/ubuntu/OpenVoice/job.py", line 201, in clone_voice
    return(convert_color(projectfolder))
  File "/home/ubuntu/OpenVoice/job.py", line 296, in convert_color
    create_speech_azure(texts_[voicecode[:2]],f"checkpoints_v2/google_base_speakers/src/{voicecode}.mp3",voicecode)
KeyError: 'cm'
Traceback (most recent call last):
  File "/home/ubuntu/OpenVoice/job.py", line 334, in <module>
    clone_voice(f"./projects/{i}/{j}")
  File "/home/ubuntu/OpenVoice/job.py", line 201, in clone_voice
    return(convert_color(projectfolder))
  File "/home/ubuntu/OpenVoice/job.py", line 277, in convert_color
    target_se, audio_name = se_extractor.get_se(ref_audio_path, tone_color_converter, vad=False)
  File "/home/ubuntu/OpenVoice/openvoice/se_extractor.py", line 146, in get_se
    wavs_folder = split_audio_whisper(audio_path, target_dir=target_dir, audio_name=audio_name)
  File "/home/ubuntu/OpenVoice/openvoice/se_extractor.py", line 29, in split_audio_whisper
    segments = list(segments)
  File "/home/ubuntu/miniconda3/envs/openvoice/lib/python3.9/site-packages/faster_whisper/transcribe.py", line 433, in generate_segments
    ) = self.generate_with_fallback(encoder_output, prompt, tokenizer, options)
  File "/home/ubuntu/miniconda3/envs/openvoice/lib/python3.9/site-packages/faster_whisper/transcribe.py", line 641, in generate_with_fallback
    result = self.model.generate(
RuntimeError: CUDA failed with error out of memory
Traceback (most recent call last):
  File "/home/ubuntu/OpenVoice/job.py", line 334, in <module>
    clone_voice(f"./projects/{i}/{j}")
  File "/home/ubuntu/OpenVoice/job.py", line 201, in clone_voice
    return(convert_color(projectfolder))
  File "/home/ubuntu/OpenVoice/job.py", line 277, in convert_color
    target_se, audio_name = se_extractor.get_se(ref_audio_path, tone_color_converter, vad=False)
  File "/home/ubuntu/OpenVoice/openvoice/se_extractor.py", line 146, in get_se
    wavs_folder = split_audio_whisper(audio_path, target_dir=target_dir, audio_name=audio_name)
  File "/home/ubuntu/OpenVoice/openvoice/se_extractor.py", line 29, in split_audio_whisper
    segments = list(segments)
  File "/home/ubuntu/miniconda3/envs/openvoice/lib/python3.9/site-packages/faster_whisper/transcribe.py", line 433, in generate_segments
    ) = self.generate_with_fallback(encoder_output, prompt, tokenizer, options)
  File "/home/ubuntu/miniconda3/envs/openvoice/lib/python3.9/site-packages/faster_whisper/transcribe.py", line 641, in generate_with_fallback
    result = self.model.generate(
RuntimeError: CUDA failed with error out of memory
Traceback (most recent call last):
  File "/home/ubuntu/OpenVoice/job.py", line 334, in <module>
    clone_voice(f"./projects/{i}/{j}")
  File "/home/ubuntu/OpenVoice/job.py", line 201, in clone_voice
    return(convert_color(projectfolder))
  File "/home/ubuntu/OpenVoice/job.py", line 277, in convert_color
    target_se, audio_name = se_extractor.get_se(ref_audio_path, tone_color_converter, vad=False)
  File "/home/ubuntu/OpenVoice/openvoice/se_extractor.py", line 146, in get_se
    wavs_folder = split_audio_whisper(audio_path, target_dir=target_dir, audio_name=audio_name)
  File "/home/ubuntu/OpenVoice/openvoice/se_extractor.py", line 29, in split_audio_whisper
    segments = list(segments)
  File "/home/ubuntu/miniconda3/envs/openvoice/lib/python3.9/site-packages/faster_whisper/transcribe.py", line 433, in generate_segments
    ) = self.generate_with_fallback(encoder_output, prompt, tokenizer, options)
  File "/home/ubuntu/miniconda3/envs/openvoice/lib/python3.9/site-packages/faster_whisper/transcribe.py", line 641, in generate_with_fallback
    result = self.model.generate(
RuntimeError: CUDA failed with error out of memory
Traceback (most recent call last):
  File "/home/ubuntu/OpenVoice/job.py", line 334, in <module>
    clone_voice(f"./projects/{i}/{j}")
  File "/home/ubuntu/OpenVoice/job.py", line 201, in clone_voice
    return(convert_color(projectfolder))
  File "/home/ubuntu/OpenVoice/job.py", line 277, in convert_color
    target_se, audio_name = se_extractor.get_se(ref_audio_path, tone_color_converter, vad=False)
  File "/home/ubuntu/OpenVoice/openvoice/se_extractor.py", line 146, in get_se
    wavs_folder = split_audio_whisper(audio_path, target_dir=target_dir, audio_name=audio_name)
  File "/home/ubuntu/OpenVoice/openvoice/se_extractor.py", line 29, in split_audio_whisper
    segments = list(segments)
  File "/home/ubuntu/miniconda3/envs/openvoice/lib/python3.9/site-packages/faster_whisper/transcribe.py", line 433, in generate_segments
    ) = self.generate_with_fallback(encoder_output, prompt, tokenizer, options)
  File "/home/ubuntu/miniconda3/envs/openvoice/lib/python3.9/site-packages/faster_whisper/transcribe.py", line 641, in generate_with_fallback
    result = self.model.generate(
RuntimeError: CUDA failed with error out of memory
Traceback (most recent call last):
  File "/home/ubuntu/OpenVoice/job.py", line 334, in <module>
    clone_voice(f"./projects/{i}/{j}")
  File "/home/ubuntu/OpenVoice/job.py", line 201, in clone_voice
    return(convert_color(projectfolder))
  File "/home/ubuntu/OpenVoice/job.py", line 277, in convert_color
    target_se, audio_name = se_extractor.get_se(ref_audio_path, tone_color_converter, vad=False)
  File "/home/ubuntu/OpenVoice/openvoice/se_extractor.py", line 146, in get_se
    wavs_folder = split_audio_whisper(audio_path, target_dir=target_dir, audio_name=audio_name)
  File "/home/ubuntu/OpenVoice/openvoice/se_extractor.py", line 29, in split_audio_whisper
    segments = list(segments)
  File "/home/ubuntu/miniconda3/envs/openvoice/lib/python3.9/site-packages/faster_whisper/transcribe.py", line 433, in generate_segments
    ) = self.generate_with_fallback(encoder_output, prompt, tokenizer, options)
  File "/home/ubuntu/miniconda3/envs/openvoice/lib/python3.9/site-packages/faster_whisper/transcribe.py", line 641, in generate_with_fallback
    result = self.model.generate(
RuntimeError: CUDA failed with error out of memory
Traceback (most recent call last):
  File "/home/ubuntu/OpenVoice/job.py", line 334, in <module>
    clone_voice(f"./projects/{i}/{j}")
  File "/home/ubuntu/OpenVoice/job.py", line 201, in clone_voice
    return(convert_color(projectfolder))
  File "/home/ubuntu/OpenVoice/job.py", line 277, in convert_color
    target_se, audio_name = se_extractor.get_se(ref_audio_path, tone_color_converter, vad=False)
  File "/home/ubuntu/OpenVoice/openvoice/se_extractor.py", line 146, in get_se
    wavs_folder = split_audio_whisper(audio_path, target_dir=target_dir, audio_name=audio_name)
  File "/home/ubuntu/OpenVoice/openvoice/se_extractor.py", line 29, in split_audio_whisper
    segments = list(segments)
  File "/home/ubuntu/miniconda3/envs/openvoice/lib/python3.9/site-packages/faster_whisper/transcribe.py", line 433, in generate_segments
    ) = self.generate_with_fallback(encoder_output, prompt, tokenizer, options)
  File "/home/ubuntu/miniconda3/envs/openvoice/lib/python3.9/site-packages/faster_whisper/transcribe.py", line 641, in generate_with_fallback
    result = self.model.generate(
RuntimeError: CUDA failed with error out of memory
Traceback (most recent call last):
  File "/home/ubuntu/OpenVoice/job.py", line 334, in <module>
    clone_voice(f"./projects/{i}/{j}")
  File "/home/ubuntu/OpenVoice/job.py", line 201, in clone_voice
    return(convert_color(projectfolder))
  File "/home/ubuntu/OpenVoice/job.py", line 277, in convert_color
    target_se, audio_name = se_extractor.get_se(ref_audio_path, tone_color_converter, vad=False)
  File "/home/ubuntu/OpenVoice/openvoice/se_extractor.py", line 150, in get_se
    raise NotImplementedError('No audio segments found!')
NotImplementedError: No audio segments found!
Traceback (most recent call last):
  File "/home/ubuntu/OpenVoice/job.py", line 334, in <module>
    clone_voice(f"./projects/{i}/{j}")
  File "/home/ubuntu/OpenVoice/job.py", line 201, in clone_voice
    return(convert_color(projectfolder))
  File "/home/ubuntu/OpenVoice/job.py", line 277, in convert_color
    target_se, audio_name = se_extractor.get_se(ref_audio_path, tone_color_converter, vad=False)
  File "/home/ubuntu/OpenVoice/openvoice/se_extractor.py", line 146, in get_se
    wavs_folder = split_audio_whisper(audio_path, target_dir=target_dir, audio_name=audio_name)
  File "/home/ubuntu/OpenVoice/openvoice/se_extractor.py", line 29, in split_audio_whisper
    segments = list(segments)
  File "/home/ubuntu/miniconda3/envs/openvoice/lib/python3.9/site-packages/faster_whisper/transcribe.py", line 433, in generate_segments
    ) = self.generate_with_fallback(encoder_output, prompt, tokenizer, options)
  File "/home/ubuntu/miniconda3/envs/openvoice/lib/python3.9/site-packages/faster_whisper/transcribe.py", line 641, in generate_with_fallback
    result = self.model.generate(
RuntimeError: CUDA failed with error out of memory
Traceback (most recent call last):
  File "/home/ubuntu/OpenVoice/job.py", line 334, in <module>
    clone_voice(f"./projects/{i}/{j}")
  File "/home/ubuntu/OpenVoice/job.py", line 201, in clone_voice
    return(convert_color(projectfolder))
  File "/home/ubuntu/OpenVoice/job.py", line 277, in convert_color
    target_se, audio_name = se_extractor.get_se(ref_audio_path, tone_color_converter, vad=False)
  File "/home/ubuntu/OpenVoice/openvoice/se_extractor.py", line 146, in get_se
    wavs_folder = split_audio_whisper(audio_path, target_dir=target_dir, audio_name=audio_name)
  File "/home/ubuntu/OpenVoice/openvoice/se_extractor.py", line 29, in split_audio_whisper
    segments = list(segments)
  File "/home/ubuntu/miniconda3/envs/openvoice/lib/python3.9/site-packages/faster_whisper/transcribe.py", line 433, in generate_segments
    ) = self.generate_with_fallback(encoder_output, prompt, tokenizer, options)
  File "/home/ubuntu/miniconda3/envs/openvoice/lib/python3.9/site-packages/faster_whisper/transcribe.py", line 641, in generate_with_fallback
    result = self.model.generate(
RuntimeError: CUDA failed with error out of memory
Traceback (most recent call last):
  File "/home/ubuntu/OpenVoice/job.py", line 334, in <module>
    clone_voice(f"./projects/{i}/{j}")
  File "/home/ubuntu/OpenVoice/job.py", line 201, in clone_voice
    return(convert_color(projectfolder))
  File "/home/ubuntu/OpenVoice/job.py", line 277, in convert_color
    target_se, audio_name = se_extractor.get_se(ref_audio_path, tone_color_converter, vad=False)
  File "/home/ubuntu/OpenVoice/openvoice/se_extractor.py", line 146, in get_se
    wavs_folder = split_audio_whisper(audio_path, target_dir=target_dir, audio_name=audio_name)
  File "/home/ubuntu/OpenVoice/openvoice/se_extractor.py", line 29, in split_audio_whisper
    segments = list(segments)
  File "/home/ubuntu/miniconda3/envs/openvoice/lib/python3.9/site-packages/faster_whisper/transcribe.py", line 433, in generate_segments
    ) = self.generate_with_fallback(encoder_output, prompt, tokenizer, options)
  File "/home/ubuntu/miniconda3/envs/openvoice/lib/python3.9/site-packages/faster_whisper/transcribe.py", line 641, in generate_with_fallback
    result = self.model.generate(
RuntimeError: CUDA failed with error out of memory
Traceback (most recent call last):
  File "/home/ubuntu/OpenVoice/job.py", line 334, in <module>
    clone_voice(f"./projects/{i}/{j}")
  File "/home/ubuntu/OpenVoice/job.py", line 201, in clone_voice
    return(convert_color(projectfolder))
  File "/home/ubuntu/OpenVoice/job.py", line 277, in convert_color
    target_se, audio_name = se_extractor.get_se(ref_audio_path, tone_color_converter, vad=False)
  File "/home/ubuntu/OpenVoice/openvoice/se_extractor.py", line 146, in get_se
    wavs_folder = split_audio_whisper(audio_path, target_dir=target_dir, audio_name=audio_name)
  File "/home/ubuntu/OpenVoice/openvoice/se_extractor.py", line 29, in split_audio_whisper
    segments = list(segments)
  File "/home/ubuntu/miniconda3/envs/openvoice/lib/python3.9/site-packages/faster_whisper/transcribe.py", line 433, in generate_segments
    ) = self.generate_with_fallback(encoder_output, prompt, tokenizer, options)
  File "/home/ubuntu/miniconda3/envs/openvoice/lib/python3.9/site-packages/faster_whisper/transcribe.py", line 641, in generate_with_fallback
    result = self.model.generate(
RuntimeError: CUDA failed with error out of memory
Traceback (most recent call last):
  File "/home/ubuntu/OpenVoice/job.py", line 334, in <module>
    clone_voice(f"./projects/{i}/{j}")
  File "/home/ubuntu/OpenVoice/job.py", line 201, in clone_voice
    return(convert_color(projectfolder))
  File "/home/ubuntu/OpenVoice/job.py", line 277, in convert_color
    target_se, audio_name = se_extractor.get_se(ref_audio_path, tone_color_converter, vad=False)
  File "/home/ubuntu/OpenVoice/openvoice/se_extractor.py", line 146, in get_se
    wavs_folder = split_audio_whisper(audio_path, target_dir=target_dir, audio_name=audio_name)
  File "/home/ubuntu/OpenVoice/openvoice/se_extractor.py", line 29, in split_audio_whisper
    segments = list(segments)
  File "/home/ubuntu/miniconda3/envs/openvoice/lib/python3.9/site-packages/faster_whisper/transcribe.py", line 433, in generate_segments
    ) = self.generate_with_fallback(encoder_output, prompt, tokenizer, options)
  File "/home/ubuntu/miniconda3/envs/openvoice/lib/python3.9/site-packages/faster_whisper/transcribe.py", line 641, in generate_with_fallback
    result = self.model.generate(
RuntimeError: CUDA failed with error out of memory
Traceback (most recent call last):
  File "/home/ubuntu/OpenVoice/job.py", line 334, in <module>
    clone_voice(f"./projects/{i}/{j}")
  File "/home/ubuntu/OpenVoice/job.py", line 201, in clone_voice
    return(convert_color(projectfolder))
  File "/home/ubuntu/OpenVoice/job.py", line 277, in convert_color
    target_se, audio_name = se_extractor.get_se(ref_audio_path, tone_color_converter, vad=False)
  File "/home/ubuntu/OpenVoice/openvoice/se_extractor.py", line 146, in get_se
    wavs_folder = split_audio_whisper(audio_path, target_dir=target_dir, audio_name=audio_name)
  File "/home/ubuntu/OpenVoice/openvoice/se_extractor.py", line 29, in split_audio_whisper
    segments = list(segments)
  File "/home/ubuntu/miniconda3/envs/openvoice/lib/python3.9/site-packages/faster_whisper/transcribe.py", line 433, in generate_segments
    ) = self.generate_with_fallback(encoder_output, prompt, tokenizer, options)
  File "/home/ubuntu/miniconda3/envs/openvoice/lib/python3.9/site-packages/faster_whisper/transcribe.py", line 641, in generate_with_fallback
    result = self.model.generate(
RuntimeError: CUDA failed with error out of memory
Traceback (most recent call last):
  File "/home/ubuntu/OpenVoice/job.py", line 334, in <module>
    clone_voice(f"./projects/{i}/{j}")
  File "/home/ubuntu/OpenVoice/job.py", line 201, in clone_voice
    return(convert_color(projectfolder))
  File "/home/ubuntu/OpenVoice/job.py", line 277, in convert_color
    target_se, audio_name = se_extractor.get_se(ref_audio_path, tone_color_converter, vad=False)
  File "/home/ubuntu/OpenVoice/openvoice/se_extractor.py", line 146, in get_se
    wavs_folder = split_audio_whisper(audio_path, target_dir=target_dir, audio_name=audio_name)
  File "/home/ubuntu/OpenVoice/openvoice/se_extractor.py", line 29, in split_audio_whisper
    segments = list(segments)
  File "/home/ubuntu/miniconda3/envs/openvoice/lib/python3.9/site-packages/faster_whisper/transcribe.py", line 433, in generate_segments
    ) = self.generate_with_fallback(encoder_output, prompt, tokenizer, options)
  File "/home/ubuntu/miniconda3/envs/openvoice/lib/python3.9/site-packages/faster_whisper/transcribe.py", line 641, in generate_with_fallback
    result = self.model.generate(
RuntimeError: CUDA failed with error out of memory
Traceback (most recent call last):
  File "/home/ubuntu/OpenVoice/job.py", line 334, in <module>
    clone_voice(f"./projects/{i}/{j}")
  File "/home/ubuntu/OpenVoice/job.py", line 201, in clone_voice
    return(convert_color(projectfolder))
  File "/home/ubuntu/OpenVoice/job.py", line 277, in convert_color
    target_se, audio_name = se_extractor.get_se(ref_audio_path, tone_color_converter, vad=False)
  File "/home/ubuntu/OpenVoice/openvoice/se_extractor.py", line 146, in get_se
    wavs_folder = split_audio_whisper(audio_path, target_dir=target_dir, audio_name=audio_name)
  File "/home/ubuntu/OpenVoice/openvoice/se_extractor.py", line 29, in split_audio_whisper
    segments = list(segments)
  File "/home/ubuntu/miniconda3/envs/openvoice/lib/python3.9/site-packages/faster_whisper/transcribe.py", line 433, in generate_segments
    ) = self.generate_with_fallback(encoder_output, prompt, tokenizer, options)
  File "/home/ubuntu/miniconda3/envs/openvoice/lib/python3.9/site-packages/faster_whisper/transcribe.py", line 641, in generate_with_fallback
    result = self.model.generate(
RuntimeError: CUDA failed with error out of memory
Traceback (most recent call last):
  File "/home/ubuntu/OpenVoice/job.py", line 334, in <module>
    clone_voice(f"./projects/{i}/{j}")
  File "/home/ubuntu/OpenVoice/job.py", line 201, in clone_voice
    return(convert_color(projectfolder))
  File "/home/ubuntu/OpenVoice/job.py", line 277, in convert_color
    target_se, audio_name = se_extractor.get_se(ref_audio_path, tone_color_converter, vad=False)
  File "/home/ubuntu/OpenVoice/openvoice/se_extractor.py", line 146, in get_se
    wavs_folder = split_audio_whisper(audio_path, target_dir=target_dir, audio_name=audio_name)
  File "/home/ubuntu/OpenVoice/openvoice/se_extractor.py", line 29, in split_audio_whisper
    segments = list(segments)
  File "/home/ubuntu/miniconda3/envs/openvoice/lib/python3.9/site-packages/faster_whisper/transcribe.py", line 433, in generate_segments
    ) = self.generate_with_fallback(encoder_output, prompt, tokenizer, options)
  File "/home/ubuntu/miniconda3/envs/openvoice/lib/python3.9/site-packages/faster_whisper/transcribe.py", line 641, in generate_with_fallback
    result = self.model.generate(
RuntimeError: CUDA failed with error out of memory
Traceback (most recent call last):
  File "/home/ubuntu/OpenVoice/job.py", line 334, in <module>
    clone_voice(f"./projects/{i}/{j}")
  File "/home/ubuntu/OpenVoice/job.py", line 201, in clone_voice
    return(convert_color(projectfolder))
  File "/home/ubuntu/OpenVoice/job.py", line 277, in convert_color
    target_se, audio_name = se_extractor.get_se(ref_audio_path, tone_color_converter, vad=False)
  File "/home/ubuntu/OpenVoice/openvoice/se_extractor.py", line 146, in get_se
    wavs_folder = split_audio_whisper(audio_path, target_dir=target_dir, audio_name=audio_name)
  File "/home/ubuntu/OpenVoice/openvoice/se_extractor.py", line 29, in split_audio_whisper
    segments = list(segments)
  File "/home/ubuntu/miniconda3/envs/openvoice/lib/python3.9/site-packages/faster_whisper/transcribe.py", line 433, in generate_segments
    ) = self.generate_with_fallback(encoder_output, prompt, tokenizer, options)
  File "/home/ubuntu/miniconda3/envs/openvoice/lib/python3.9/site-packages/faster_whisper/transcribe.py", line 641, in generate_with_fallback
    result = self.model.generate(
RuntimeError: CUDA failed with error out of memory
Traceback (most recent call last):
  File "/home/ubuntu/OpenVoice/job.py", line 334, in <module>
    clone_voice(f"./projects/{i}/{j}")
  File "/home/ubuntu/OpenVoice/job.py", line 201, in clone_voice
    return(convert_color(projectfolder))
  File "/home/ubuntu/OpenVoice/job.py", line 277, in convert_color
    target_se, audio_name = se_extractor.get_se(ref_audio_path, tone_color_converter, vad=False)
  File "/home/ubuntu/OpenVoice/openvoice/se_extractor.py", line 146, in get_se
    wavs_folder = split_audio_whisper(audio_path, target_dir=target_dir, audio_name=audio_name)
  File "/home/ubuntu/OpenVoice/openvoice/se_extractor.py", line 29, in split_audio_whisper
    segments = list(segments)
  File "/home/ubuntu/miniconda3/envs/openvoice/lib/python3.9/site-packages/faster_whisper/transcribe.py", line 433, in generate_segments
    ) = self.generate_with_fallback(encoder_output, prompt, tokenizer, options)
  File "/home/ubuntu/miniconda3/envs/openvoice/lib/python3.9/site-packages/faster_whisper/transcribe.py", line 641, in generate_with_fallback
    result = self.model.generate(
RuntimeError: CUDA failed with error out of memory
Traceback (most recent call last):
  File "/home/ubuntu/OpenVoice/job.py", line 334, in <module>
    clone_voice(f"./projects/{i}/{j}")
  File "/home/ubuntu/OpenVoice/job.py", line 201, in clone_voice
    return(convert_color(projectfolder))
  File "/home/ubuntu/OpenVoice/job.py", line 277, in convert_color
    target_se, audio_name = se_extractor.get_se(ref_audio_path, tone_color_converter, vad=False)
  File "/home/ubuntu/OpenVoice/openvoice/se_extractor.py", line 146, in get_se
    wavs_folder = split_audio_whisper(audio_path, target_dir=target_dir, audio_name=audio_name)
  File "/home/ubuntu/OpenVoice/openvoice/se_extractor.py", line 29, in split_audio_whisper
    segments = list(segments)
  File "/home/ubuntu/miniconda3/envs/openvoice/lib/python3.9/site-packages/faster_whisper/transcribe.py", line 433, in generate_segments
    ) = self.generate_with_fallback(encoder_output, prompt, tokenizer, options)
  File "/home/ubuntu/miniconda3/envs/openvoice/lib/python3.9/site-packages/faster_whisper/transcribe.py", line 641, in generate_with_fallback
    result = self.model.generate(
RuntimeError: CUDA failed with error out of memory
Traceback (most recent call last):
  File "/home/ubuntu/OpenVoice/job.py", line 334, in <module>
    clone_voice(f"./projects/{i}/{j}")
  File "/home/ubuntu/OpenVoice/job.py", line 201, in clone_voice
    return(convert_color(projectfolder))
  File "/home/ubuntu/OpenVoice/job.py", line 277, in convert_color
    target_se, audio_name = se_extractor.get_se(ref_audio_path, tone_color_converter, vad=False)
  File "/home/ubuntu/OpenVoice/openvoice/se_extractor.py", line 146, in get_se
    wavs_folder = split_audio_whisper(audio_path, target_dir=target_dir, audio_name=audio_name)
  File "/home/ubuntu/OpenVoice/openvoice/se_extractor.py", line 29, in split_audio_whisper
    segments = list(segments)
  File "/home/ubuntu/miniconda3/envs/openvoice/lib/python3.9/site-packages/faster_whisper/transcribe.py", line 433, in generate_segments
    ) = self.generate_with_fallback(encoder_output, prompt, tokenizer, options)
  File "/home/ubuntu/miniconda3/envs/openvoice/lib/python3.9/site-packages/faster_whisper/transcribe.py", line 641, in generate_with_fallback
    result = self.model.generate(
RuntimeError: CUDA failed with error out of memory
Traceback (most recent call last):
  File "/home/ubuntu/OpenVoice/job.py", line 334, in <module>
    clone_voice(f"./projects/{i}/{j}")
  File "/home/ubuntu/OpenVoice/job.py", line 201, in clone_voice
    return(convert_color(projectfolder))
  File "/home/ubuntu/OpenVoice/job.py", line 277, in convert_color
    target_se, audio_name = se_extractor.get_se(ref_audio_path, tone_color_converter, vad=False)
  File "/home/ubuntu/OpenVoice/openvoice/se_extractor.py", line 146, in get_se
    wavs_folder = split_audio_whisper(audio_path, target_dir=target_dir, audio_name=audio_name)
  File "/home/ubuntu/OpenVoice/openvoice/se_extractor.py", line 29, in split_audio_whisper
    segments = list(segments)
  File "/home/ubuntu/miniconda3/envs/openvoice/lib/python3.9/site-packages/faster_whisper/transcribe.py", line 433, in generate_segments
    ) = self.generate_with_fallback(encoder_output, prompt, tokenizer, options)
  File "/home/ubuntu/miniconda3/envs/openvoice/lib/python3.9/site-packages/faster_whisper/transcribe.py", line 641, in generate_with_fallback
    result = self.model.generate(
RuntimeError: CUDA failed with error out of memory
Traceback (most recent call last):
  File "/home/ubuntu/OpenVoice/job.py", line 334, in <module>
    clone_voice(f"./projects/{i}/{j}")
  File "/home/ubuntu/OpenVoice/job.py", line 201, in clone_voice
    return(convert_color(projectfolder))
  File "/home/ubuntu/OpenVoice/job.py", line 277, in convert_color
    target_se, audio_name = se_extractor.get_se(ref_audio_path, tone_color_converter, vad=False)
  File "/home/ubuntu/OpenVoice/openvoice/se_extractor.py", line 146, in get_se
    wavs_folder = split_audio_whisper(audio_path, target_dir=target_dir, audio_name=audio_name)
  File "/home/ubuntu/OpenVoice/openvoice/se_extractor.py", line 29, in split_audio_whisper
    segments = list(segments)
  File "/home/ubuntu/miniconda3/envs/openvoice/lib/python3.9/site-packages/faster_whisper/transcribe.py", line 433, in generate_segments
    ) = self.generate_with_fallback(encoder_output, prompt, tokenizer, options)
  File "/home/ubuntu/miniconda3/envs/openvoice/lib/python3.9/site-packages/faster_whisper/transcribe.py", line 641, in generate_with_fallback
    result = self.model.generate(
RuntimeError: CUDA failed with error out of memory
Traceback (most recent call last):
  File "/home/ubuntu/OpenVoice/job.py", line 334, in <module>
    clone_voice(f"./projects/{i}/{j}")
  File "/home/ubuntu/OpenVoice/job.py", line 201, in clone_voice
    return(convert_color(projectfolder))
  File "/home/ubuntu/OpenVoice/job.py", line 277, in convert_color
    target_se, audio_name = se_extractor.get_se(ref_audio_path, tone_color_converter, vad=False)
  File "/home/ubuntu/OpenVoice/openvoice/se_extractor.py", line 146, in get_se
    wavs_folder = split_audio_whisper(audio_path, target_dir=target_dir, audio_name=audio_name)
  File "/home/ubuntu/OpenVoice/openvoice/se_extractor.py", line 29, in split_audio_whisper
    segments = list(segments)
  File "/home/ubuntu/miniconda3/envs/openvoice/lib/python3.9/site-packages/faster_whisper/transcribe.py", line 433, in generate_segments
    ) = self.generate_with_fallback(encoder_output, prompt, tokenizer, options)
  File "/home/ubuntu/miniconda3/envs/openvoice/lib/python3.9/site-packages/faster_whisper/transcribe.py", line 641, in generate_with_fallback
    result = self.model.generate(
RuntimeError: CUDA failed with error out of memory
Traceback (most recent call last):
  File "/home/ubuntu/OpenVoice/job.py", line 334, in <module>
    clone_voice(f"./projects/{i}/{j}")
  File "/home/ubuntu/OpenVoice/job.py", line 201, in clone_voice
    return(convert_color(projectfolder))
  File "/home/ubuntu/OpenVoice/job.py", line 277, in convert_color
    target_se, audio_name = se_extractor.get_se(ref_audio_path, tone_color_converter, vad=False)
  File "/home/ubuntu/OpenVoice/openvoice/se_extractor.py", line 146, in get_se
    wavs_folder = split_audio_whisper(audio_path, target_dir=target_dir, audio_name=audio_name)
  File "/home/ubuntu/OpenVoice/openvoice/se_extractor.py", line 29, in split_audio_whisper
    segments = list(segments)
  File "/home/ubuntu/miniconda3/envs/openvoice/lib/python3.9/site-packages/faster_whisper/transcribe.py", line 433, in generate_segments
    ) = self.generate_with_fallback(encoder_output, prompt, tokenizer, options)
  File "/home/ubuntu/miniconda3/envs/openvoice/lib/python3.9/site-packages/faster_whisper/transcribe.py", line 641, in generate_with_fallback
    result = self.model.generate(
RuntimeError: CUDA failed with error out of memory
Traceback (most recent call last):
  File "/home/ubuntu/OpenVoice/job.py", line 334, in <module>
    clone_voice(f"./projects/{i}/{j}")
  File "/home/ubuntu/OpenVoice/job.py", line 201, in clone_voice
    return(convert_color(projectfolder))
  File "/home/ubuntu/OpenVoice/job.py", line 277, in convert_color
    target_se, audio_name = se_extractor.get_se(ref_audio_path, tone_color_converter, vad=False)
  File "/home/ubuntu/OpenVoice/openvoice/se_extractor.py", line 146, in get_se
    wavs_folder = split_audio_whisper(audio_path, target_dir=target_dir, audio_name=audio_name)
  File "/home/ubuntu/OpenVoice/openvoice/se_extractor.py", line 29, in split_audio_whisper
    segments = list(segments)
  File "/home/ubuntu/miniconda3/envs/openvoice/lib/python3.9/site-packages/faster_whisper/transcribe.py", line 433, in generate_segments
    ) = self.generate_with_fallback(encoder_output, prompt, tokenizer, options)
  File "/home/ubuntu/miniconda3/envs/openvoice/lib/python3.9/site-packages/faster_whisper/transcribe.py", line 641, in generate_with_fallback
    result = self.model.generate(
RuntimeError: CUDA failed with error out of memory
Traceback (most recent call last):
  File "/home/ubuntu/OpenVoice/job.py", line 334, in <module>
    clone_voice(f"./projects/{i}/{j}")
  File "/home/ubuntu/OpenVoice/job.py", line 201, in clone_voice
    return(convert_color(projectfolder))
  File "/home/ubuntu/OpenVoice/job.py", line 277, in convert_color
    target_se, audio_name = se_extractor.get_se(ref_audio_path, tone_color_converter, vad=False)
  File "/home/ubuntu/OpenVoice/openvoice/se_extractor.py", line 146, in get_se
    wavs_folder = split_audio_whisper(audio_path, target_dir=target_dir, audio_name=audio_name)
  File "/home/ubuntu/OpenVoice/openvoice/se_extractor.py", line 29, in split_audio_whisper
    segments = list(segments)
  File "/home/ubuntu/miniconda3/envs/openvoice/lib/python3.9/site-packages/faster_whisper/transcribe.py", line 433, in generate_segments
    ) = self.generate_with_fallback(encoder_output, prompt, tokenizer, options)
  File "/home/ubuntu/miniconda3/envs/openvoice/lib/python3.9/site-packages/faster_whisper/transcribe.py", line 641, in generate_with_fallback
    result = self.model.generate(
RuntimeError: CUDA failed with error out of memory
Traceback (most recent call last):
  File "/home/ubuntu/OpenVoice/job.py", line 334, in <module>
    clone_voice(f"./projects/{i}/{j}")
  File "/home/ubuntu/OpenVoice/job.py", line 201, in clone_voice
    return(convert_color(projectfolder))
  File "/home/ubuntu/OpenVoice/job.py", line 277, in convert_color
    target_se, audio_name = se_extractor.get_se(ref_audio_path, tone_color_converter, vad=False)
  File "/home/ubuntu/OpenVoice/openvoice/se_extractor.py", line 146, in get_se
    wavs_folder = split_audio_whisper(audio_path, target_dir=target_dir, audio_name=audio_name)
  File "/home/ubuntu/OpenVoice/openvoice/se_extractor.py", line 29, in split_audio_whisper
    segments = list(segments)
  File "/home/ubuntu/miniconda3/envs/openvoice/lib/python3.9/site-packages/faster_whisper/transcribe.py", line 433, in generate_segments
    ) = self.generate_with_fallback(encoder_output, prompt, tokenizer, options)
  File "/home/ubuntu/miniconda3/envs/openvoice/lib/python3.9/site-packages/faster_whisper/transcribe.py", line 641, in generate_with_fallback
    result = self.model.generate(
RuntimeError: CUDA failed with error out of memory
Traceback (most recent call last):
  File "/home/ubuntu/OpenVoice/job.py", line 334, in <module>
    clone_voice(f"./projects/{i}/{j}")
  File "/home/ubuntu/OpenVoice/job.py", line 201, in clone_voice
    return(convert_color(projectfolder))
  File "/home/ubuntu/OpenVoice/job.py", line 277, in convert_color
    target_se, audio_name = se_extractor.get_se(ref_audio_path, tone_color_converter, vad=False)
  File "/home/ubuntu/OpenVoice/openvoice/se_extractor.py", line 146, in get_se
    wavs_folder = split_audio_whisper(audio_path, target_dir=target_dir, audio_name=audio_name)
  File "/home/ubuntu/OpenVoice/openvoice/se_extractor.py", line 29, in split_audio_whisper
    segments = list(segments)
  File "/home/ubuntu/miniconda3/envs/openvoice/lib/python3.9/site-packages/faster_whisper/transcribe.py", line 433, in generate_segments
    ) = self.generate_with_fallback(encoder_output, prompt, tokenizer, options)
  File "/home/ubuntu/miniconda3/envs/openvoice/lib/python3.9/site-packages/faster_whisper/transcribe.py", line 641, in generate_with_fallback
    result = self.model.generate(
RuntimeError: CUDA failed with error out of memory
Traceback (most recent call last):
  File "/home/ubuntu/OpenVoice/job.py", line 334, in <module>
    clone_voice(f"./projects/{i}/{j}")
  File "/home/ubuntu/OpenVoice/job.py", line 201, in clone_voice
    return(convert_color(projectfolder))
  File "/home/ubuntu/OpenVoice/job.py", line 277, in convert_color
    target_se, audio_name = se_extractor.get_se(ref_audio_path, tone_color_converter, vad=False)
  File "/home/ubuntu/OpenVoice/openvoice/se_extractor.py", line 146, in get_se
    wavs_folder = split_audio_whisper(audio_path, target_dir=target_dir, audio_name=audio_name)
  File "/home/ubuntu/OpenVoice/openvoice/se_extractor.py", line 29, in split_audio_whisper
    segments = list(segments)
  File "/home/ubuntu/miniconda3/envs/openvoice/lib/python3.9/site-packages/faster_whisper/transcribe.py", line 433, in generate_segments
    ) = self.generate_with_fallback(encoder_output, prompt, tokenizer, options)
  File "/home/ubuntu/miniconda3/envs/openvoice/lib/python3.9/site-packages/faster_whisper/transcribe.py", line 641, in generate_with_fallback
    result = self.model.generate(
RuntimeError: CUDA failed with error out of memory
Traceback (most recent call last):
  File "/home/ubuntu/OpenVoice/job.py", line 334, in <module>
    clone_voice(f"./projects/{i}/{j}")
  File "/home/ubuntu/OpenVoice/job.py", line 201, in clone_voice
    return(convert_color(projectfolder))
  File "/home/ubuntu/OpenVoice/job.py", line 277, in convert_color
    target_se, audio_name = se_extractor.get_se(ref_audio_path, tone_color_converter, vad=False)
  File "/home/ubuntu/OpenVoice/openvoice/se_extractor.py", line 146, in get_se
    wavs_folder = split_audio_whisper(audio_path, target_dir=target_dir, audio_name=audio_name)
  File "/home/ubuntu/OpenVoice/openvoice/se_extractor.py", line 29, in split_audio_whisper
    segments = list(segments)
  File "/home/ubuntu/miniconda3/envs/openvoice/lib/python3.9/site-packages/faster_whisper/transcribe.py", line 433, in generate_segments
    ) = self.generate_with_fallback(encoder_output, prompt, tokenizer, options)
  File "/home/ubuntu/miniconda3/envs/openvoice/lib/python3.9/site-packages/faster_whisper/transcribe.py", line 641, in generate_with_fallback
    result = self.model.generate(
RuntimeError: CUDA failed with error out of memory
Traceback (most recent call last):
  File "/home/ubuntu/OpenVoice/job.py", line 334, in <module>
    clone_voice(f"./projects/{i}/{j}")
  File "/home/ubuntu/OpenVoice/job.py", line 201, in clone_voice
    return(convert_color(projectfolder))
  File "/home/ubuntu/OpenVoice/job.py", line 277, in convert_color
    target_se, audio_name = se_extractor.get_se(ref_audio_path, tone_color_converter, vad=False)
  File "/home/ubuntu/OpenVoice/openvoice/se_extractor.py", line 146, in get_se
    wavs_folder = split_audio_whisper(audio_path, target_dir=target_dir, audio_name=audio_name)
  File "/home/ubuntu/OpenVoice/openvoice/se_extractor.py", line 29, in split_audio_whisper
    segments = list(segments)
  File "/home/ubuntu/miniconda3/envs/openvoice/lib/python3.9/site-packages/faster_whisper/transcribe.py", line 433, in generate_segments
    ) = self.generate_with_fallback(encoder_output, prompt, tokenizer, options)
  File "/home/ubuntu/miniconda3/envs/openvoice/lib/python3.9/site-packages/faster_whisper/transcribe.py", line 641, in generate_with_fallback
    result = self.model.generate(
RuntimeError: CUDA failed with error out of memory
Traceback (most recent call last):
  File "/home/ubuntu/OpenVoice/job.py", line 334, in <module>
    clone_voice(f"./projects/{i}/{j}")
  File "/home/ubuntu/OpenVoice/job.py", line 201, in clone_voice
    return(convert_color(projectfolder))
  File "/home/ubuntu/OpenVoice/job.py", line 277, in convert_color
    target_se, audio_name = se_extractor.get_se(ref_audio_path, tone_color_converter, vad=False)
  File "/home/ubuntu/OpenVoice/openvoice/se_extractor.py", line 146, in get_se
    wavs_folder = split_audio_whisper(audio_path, target_dir=target_dir, audio_name=audio_name)
  File "/home/ubuntu/OpenVoice/openvoice/se_extractor.py", line 29, in split_audio_whisper
    segments = list(segments)
  File "/home/ubuntu/miniconda3/envs/openvoice/lib/python3.9/site-packages/faster_whisper/transcribe.py", line 433, in generate_segments
    ) = self.generate_with_fallback(encoder_output, prompt, tokenizer, options)
  File "/home/ubuntu/miniconda3/envs/openvoice/lib/python3.9/site-packages/faster_whisper/transcribe.py", line 641, in generate_with_fallback
    result = self.model.generate(
RuntimeError: CUDA failed with error out of memory
Traceback (most recent call last):
  File "/home/ubuntu/OpenVoice/job.py", line 334, in <module>
    clone_voice(f"./projects/{i}/{j}")
  File "/home/ubuntu/OpenVoice/job.py", line 201, in clone_voice
    return(convert_color(projectfolder))
  File "/home/ubuntu/OpenVoice/job.py", line 277, in convert_color
    target_se, audio_name = se_extractor.get_se(ref_audio_path, tone_color_converter, vad=False)
  File "/home/ubuntu/OpenVoice/openvoice/se_extractor.py", line 146, in get_se
    wavs_folder = split_audio_whisper(audio_path, target_dir=target_dir, audio_name=audio_name)
  File "/home/ubuntu/OpenVoice/openvoice/se_extractor.py", line 29, in split_audio_whisper
    segments = list(segments)
  File "/home/ubuntu/miniconda3/envs/openvoice/lib/python3.9/site-packages/faster_whisper/transcribe.py", line 433, in generate_segments
    ) = self.generate_with_fallback(encoder_output, prompt, tokenizer, options)
  File "/home/ubuntu/miniconda3/envs/openvoice/lib/python3.9/site-packages/faster_whisper/transcribe.py", line 641, in generate_with_fallback
    result = self.model.generate(
RuntimeError: CUDA failed with error out of memory
Traceback (most recent call last):
  File "/home/ubuntu/OpenVoice/job.py", line 334, in <module>
    clone_voice(f"./projects/{i}/{j}")
  File "/home/ubuntu/OpenVoice/job.py", line 201, in clone_voice
    return(convert_color(projectfolder))
  File "/home/ubuntu/OpenVoice/job.py", line 277, in convert_color
    target_se, audio_name = se_extractor.get_se(ref_audio_path, tone_color_converter, vad=False)
  File "/home/ubuntu/OpenVoice/openvoice/se_extractor.py", line 146, in get_se
    wavs_folder = split_audio_whisper(audio_path, target_dir=target_dir, audio_name=audio_name)
  File "/home/ubuntu/OpenVoice/openvoice/se_extractor.py", line 29, in split_audio_whisper
    segments = list(segments)
  File "/home/ubuntu/miniconda3/envs/openvoice/lib/python3.9/site-packages/faster_whisper/transcribe.py", line 433, in generate_segments
    ) = self.generate_with_fallback(encoder_output, prompt, tokenizer, options)
  File "/home/ubuntu/miniconda3/envs/openvoice/lib/python3.9/site-packages/faster_whisper/transcribe.py", line 641, in generate_with_fallback
    result = self.model.generate(
RuntimeError: CUDA failed with error out of memory
Traceback (most recent call last):
  File "/home/ubuntu/OpenVoice/job.py", line 334, in <module>
    clone_voice(f"./projects/{i}/{j}")
  File "/home/ubuntu/OpenVoice/job.py", line 201, in clone_voice
    return(convert_color(projectfolder))
  File "/home/ubuntu/OpenVoice/job.py", line 277, in convert_color
    target_se, audio_name = se_extractor.get_se(ref_audio_path, tone_color_converter, vad=False)
  File "/home/ubuntu/OpenVoice/openvoice/se_extractor.py", line 146, in get_se
    wavs_folder = split_audio_whisper(audio_path, target_dir=target_dir, audio_name=audio_name)
  File "/home/ubuntu/OpenVoice/openvoice/se_extractor.py", line 29, in split_audio_whisper
    segments = list(segments)
  File "/home/ubuntu/miniconda3/envs/openvoice/lib/python3.9/site-packages/faster_whisper/transcribe.py", line 433, in generate_segments
    ) = self.generate_with_fallback(encoder_output, prompt, tokenizer, options)
  File "/home/ubuntu/miniconda3/envs/openvoice/lib/python3.9/site-packages/faster_whisper/transcribe.py", line 641, in generate_with_fallback
    result = self.model.generate(
RuntimeError: CUDA failed with error out of memory
Traceback (most recent call last):
  File "/home/ubuntu/OpenVoice/job.py", line 334, in <module>
    clone_voice(f"./projects/{i}/{j}")
  File "/home/ubuntu/OpenVoice/job.py", line 201, in clone_voice
    return(convert_color(projectfolder))
  File "/home/ubuntu/OpenVoice/job.py", line 277, in convert_color
    target_se, audio_name = se_extractor.get_se(ref_audio_path, tone_color_converter, vad=False)
  File "/home/ubuntu/OpenVoice/openvoice/se_extractor.py", line 146, in get_se
    wavs_folder = split_audio_whisper(audio_path, target_dir=target_dir, audio_name=audio_name)
  File "/home/ubuntu/OpenVoice/openvoice/se_extractor.py", line 29, in split_audio_whisper
    segments = list(segments)
  File "/home/ubuntu/miniconda3/envs/openvoice/lib/python3.9/site-packages/faster_whisper/transcribe.py", line 433, in generate_segments
    ) = self.generate_with_fallback(encoder_output, prompt, tokenizer, options)
  File "/home/ubuntu/miniconda3/envs/openvoice/lib/python3.9/site-packages/faster_whisper/transcribe.py", line 641, in generate_with_fallback
    result = self.model.generate(
RuntimeError: CUDA failed with error out of memory
Traceback (most recent call last):
  File "/home/ubuntu/OpenVoice/job.py", line 334, in <module>
    clone_voice(f"./projects/{i}/{j}")
  File "/home/ubuntu/OpenVoice/job.py", line 201, in clone_voice
    return(convert_color(projectfolder))
  File "/home/ubuntu/OpenVoice/job.py", line 277, in convert_color
    target_se, audio_name = se_extractor.get_se(ref_audio_path, tone_color_converter, vad=False)
  File "/home/ubuntu/OpenVoice/openvoice/se_extractor.py", line 146, in get_se
    wavs_folder = split_audio_whisper(audio_path, target_dir=target_dir, audio_name=audio_name)
  File "/home/ubuntu/OpenVoice/openvoice/se_extractor.py", line 29, in split_audio_whisper
    segments = list(segments)
  File "/home/ubuntu/miniconda3/envs/openvoice/lib/python3.9/site-packages/faster_whisper/transcribe.py", line 433, in generate_segments
    ) = self.generate_with_fallback(encoder_output, prompt, tokenizer, options)
  File "/home/ubuntu/miniconda3/envs/openvoice/lib/python3.9/site-packages/faster_whisper/transcribe.py", line 641, in generate_with_fallback
    result = self.model.generate(
RuntimeError: CUDA failed with error out of memory
Traceback (most recent call last):
  File "/home/ubuntu/OpenVoice/job.py", line 334, in <module>
    clone_voice(f"./projects/{i}/{j}")
  File "/home/ubuntu/OpenVoice/job.py", line 201, in clone_voice
    return(convert_color(projectfolder))
  File "/home/ubuntu/OpenVoice/job.py", line 277, in convert_color
    target_se, audio_name = se_extractor.get_se(ref_audio_path, tone_color_converter, vad=False)
  File "/home/ubuntu/OpenVoice/openvoice/se_extractor.py", line 146, in get_se
    wavs_folder = split_audio_whisper(audio_path, target_dir=target_dir, audio_name=audio_name)
  File "/home/ubuntu/OpenVoice/openvoice/se_extractor.py", line 29, in split_audio_whisper
    segments = list(segments)
  File "/home/ubuntu/miniconda3/envs/openvoice/lib/python3.9/site-packages/faster_whisper/transcribe.py", line 433, in generate_segments
    ) = self.generate_with_fallback(encoder_output, prompt, tokenizer, options)
  File "/home/ubuntu/miniconda3/envs/openvoice/lib/python3.9/site-packages/faster_whisper/transcribe.py", line 641, in generate_with_fallback
    result = self.model.generate(
RuntimeError: CUDA failed with error out of memory
Traceback (most recent call last):
  File "/home/ubuntu/OpenVoice/job.py", line 334, in <module>
    clone_voice(f"./projects/{i}/{j}")
  File "/home/ubuntu/OpenVoice/job.py", line 201, in clone_voice
    return(convert_color(projectfolder))
  File "/home/ubuntu/OpenVoice/job.py", line 277, in convert_color
    target_se, audio_name = se_extractor.get_se(ref_audio_path, tone_color_converter, vad=False)
  File "/home/ubuntu/OpenVoice/openvoice/se_extractor.py", line 146, in get_se
    wavs_folder = split_audio_whisper(audio_path, target_dir=target_dir, audio_name=audio_name)
  File "/home/ubuntu/OpenVoice/openvoice/se_extractor.py", line 29, in split_audio_whisper
    segments = list(segments)
  File "/home/ubuntu/miniconda3/envs/openvoice/lib/python3.9/site-packages/faster_whisper/transcribe.py", line 433, in generate_segments
    ) = self.generate_with_fallback(encoder_output, prompt, tokenizer, options)
  File "/home/ubuntu/miniconda3/envs/openvoice/lib/python3.9/site-packages/faster_whisper/transcribe.py", line 641, in generate_with_fallback
    result = self.model.generate(
RuntimeError: CUDA failed with error out of memory
Traceback (most recent call last):
  File "/home/ubuntu/OpenVoice/job.py", line 334, in <module>
    clone_voice(f"./projects/{i}/{j}")
  File "/home/ubuntu/OpenVoice/job.py", line 201, in clone_voice
    return(convert_color(projectfolder))
  File "/home/ubuntu/OpenVoice/job.py", line 277, in convert_color
    target_se, audio_name = se_extractor.get_se(ref_audio_path, tone_color_converter, vad=False)
  File "/home/ubuntu/OpenVoice/openvoice/se_extractor.py", line 146, in get_se
    wavs_folder = split_audio_whisper(audio_path, target_dir=target_dir, audio_name=audio_name)
  File "/home/ubuntu/OpenVoice/openvoice/se_extractor.py", line 29, in split_audio_whisper
    segments = list(segments)
  File "/home/ubuntu/miniconda3/envs/openvoice/lib/python3.9/site-packages/faster_whisper/transcribe.py", line 433, in generate_segments
    ) = self.generate_with_fallback(encoder_output, prompt, tokenizer, options)
  File "/home/ubuntu/miniconda3/envs/openvoice/lib/python3.9/site-packages/faster_whisper/transcribe.py", line 641, in generate_with_fallback
    result = self.model.generate(
RuntimeError: CUDA failed with error out of memory
Traceback (most recent call last):
  File "/home/ubuntu/OpenVoice/job.py", line 334, in <module>
    clone_voice(f"./projects/{i}/{j}")
  File "/home/ubuntu/OpenVoice/job.py", line 201, in clone_voice
    return(convert_color(projectfolder))
  File "/home/ubuntu/OpenVoice/job.py", line 277, in convert_color
    target_se, audio_name = se_extractor.get_se(ref_audio_path, tone_color_converter, vad=False)
  File "/home/ubuntu/OpenVoice/openvoice/se_extractor.py", line 146, in get_se
    wavs_folder = split_audio_whisper(audio_path, target_dir=target_dir, audio_name=audio_name)
  File "/home/ubuntu/OpenVoice/openvoice/se_extractor.py", line 29, in split_audio_whisper
    segments = list(segments)
  File "/home/ubuntu/miniconda3/envs/openvoice/lib/python3.9/site-packages/faster_whisper/transcribe.py", line 433, in generate_segments
    ) = self.generate_with_fallback(encoder_output, prompt, tokenizer, options)
  File "/home/ubuntu/miniconda3/envs/openvoice/lib/python3.9/site-packages/faster_whisper/transcribe.py", line 641, in generate_with_fallback
    result = self.model.generate(
RuntimeError: CUDA failed with error out of memory
Traceback (most recent call last):
  File "/home/ubuntu/OpenVoice/job.py", line 334, in <module>
    clone_voice(f"./projects/{i}/{j}")
  File "/home/ubuntu/OpenVoice/job.py", line 201, in clone_voice
    return(convert_color(projectfolder))
  File "/home/ubuntu/OpenVoice/job.py", line 277, in convert_color
    target_se, audio_name = se_extractor.get_se(ref_audio_path, tone_color_converter, vad=False)
  File "/home/ubuntu/OpenVoice/openvoice/se_extractor.py", line 146, in get_se
    wavs_folder = split_audio_whisper(audio_path, target_dir=target_dir, audio_name=audio_name)
  File "/home/ubuntu/OpenVoice/openvoice/se_extractor.py", line 29, in split_audio_whisper
    segments = list(segments)
  File "/home/ubuntu/miniconda3/envs/openvoice/lib/python3.9/site-packages/faster_whisper/transcribe.py", line 433, in generate_segments
    ) = self.generate_with_fallback(encoder_output, prompt, tokenizer, options)
  File "/home/ubuntu/miniconda3/envs/openvoice/lib/python3.9/site-packages/faster_whisper/transcribe.py", line 641, in generate_with_fallback
    result = self.model.generate(
RuntimeError: CUDA failed with error out of memory
Traceback (most recent call last):
  File "/home/ubuntu/OpenVoice/job.py", line 334, in <module>
    clone_voice(f"./projects/{i}/{j}")
  File "/home/ubuntu/OpenVoice/job.py", line 201, in clone_voice
    return(convert_color(projectfolder))
  File "/home/ubuntu/OpenVoice/job.py", line 277, in convert_color
    target_se, audio_name = se_extractor.get_se(ref_audio_path, tone_color_converter, vad=False)
  File "/home/ubuntu/OpenVoice/openvoice/se_extractor.py", line 146, in get_se
    wavs_folder = split_audio_whisper(audio_path, target_dir=target_dir, audio_name=audio_name)
  File "/home/ubuntu/OpenVoice/openvoice/se_extractor.py", line 29, in split_audio_whisper
    segments = list(segments)
  File "/home/ubuntu/miniconda3/envs/openvoice/lib/python3.9/site-packages/faster_whisper/transcribe.py", line 433, in generate_segments
    ) = self.generate_with_fallback(encoder_output, prompt, tokenizer, options)
  File "/home/ubuntu/miniconda3/envs/openvoice/lib/python3.9/site-packages/faster_whisper/transcribe.py", line 641, in generate_with_fallback
    result = self.model.generate(
RuntimeError: CUDA failed with error out of memory
Traceback (most recent call last):
  File "/home/ubuntu/OpenVoice/job.py", line 334, in <module>
    clone_voice(f"./projects/{i}/{j}")
  File "/home/ubuntu/OpenVoice/job.py", line 201, in clone_voice
    return(convert_color(projectfolder))
  File "/home/ubuntu/OpenVoice/job.py", line 277, in convert_color
    target_se, audio_name = se_extractor.get_se(ref_audio_path, tone_color_converter, vad=False)
  File "/home/ubuntu/OpenVoice/openvoice/se_extractor.py", line 146, in get_se
    wavs_folder = split_audio_whisper(audio_path, target_dir=target_dir, audio_name=audio_name)
  File "/home/ubuntu/OpenVoice/openvoice/se_extractor.py", line 29, in split_audio_whisper
    segments = list(segments)
  File "/home/ubuntu/miniconda3/envs/openvoice/lib/python3.9/site-packages/faster_whisper/transcribe.py", line 433, in generate_segments
    ) = self.generate_with_fallback(encoder_output, prompt, tokenizer, options)
  File "/home/ubuntu/miniconda3/envs/openvoice/lib/python3.9/site-packages/faster_whisper/transcribe.py", line 641, in generate_with_fallback
    result = self.model.generate(
RuntimeError: CUDA failed with error out of memory
Traceback (most recent call last):
  File "/home/ubuntu/OpenVoice/job.py", line 334, in <module>
    clone_voice(f"./projects/{i}/{j}")
  File "/home/ubuntu/OpenVoice/job.py", line 201, in clone_voice
    return(convert_color(projectfolder))
  File "/home/ubuntu/OpenVoice/job.py", line 277, in convert_color
    target_se, audio_name = se_extractor.get_se(ref_audio_path, tone_color_converter, vad=False)
  File "/home/ubuntu/OpenVoice/openvoice/se_extractor.py", line 146, in get_se
    wavs_folder = split_audio_whisper(audio_path, target_dir=target_dir, audio_name=audio_name)
  File "/home/ubuntu/OpenVoice/openvoice/se_extractor.py", line 29, in split_audio_whisper
    segments = list(segments)
  File "/home/ubuntu/miniconda3/envs/openvoice/lib/python3.9/site-packages/faster_whisper/transcribe.py", line 433, in generate_segments
    ) = self.generate_with_fallback(encoder_output, prompt, tokenizer, options)
  File "/home/ubuntu/miniconda3/envs/openvoice/lib/python3.9/site-packages/faster_whisper/transcribe.py", line 641, in generate_with_fallback
    result = self.model.generate(
RuntimeError: CUDA failed with error out of memory
Traceback (most recent call last):
  File "/home/ubuntu/OpenVoice/job.py", line 334, in <module>
    clone_voice(f"./projects/{i}/{j}")
  File "/home/ubuntu/OpenVoice/job.py", line 201, in clone_voice
    return(convert_color(projectfolder))
  File "/home/ubuntu/OpenVoice/job.py", line 277, in convert_color
    target_se, audio_name = se_extractor.get_se(ref_audio_path, tone_color_converter, vad=False)
  File "/home/ubuntu/OpenVoice/openvoice/se_extractor.py", line 146, in get_se
    wavs_folder = split_audio_whisper(audio_path, target_dir=target_dir, audio_name=audio_name)
  File "/home/ubuntu/OpenVoice/openvoice/se_extractor.py", line 29, in split_audio_whisper
    segments = list(segments)
  File "/home/ubuntu/miniconda3/envs/openvoice/lib/python3.9/site-packages/faster_whisper/transcribe.py", line 433, in generate_segments
    ) = self.generate_with_fallback(encoder_output, prompt, tokenizer, options)
  File "/home/ubuntu/miniconda3/envs/openvoice/lib/python3.9/site-packages/faster_whisper/transcribe.py", line 641, in generate_with_fallback
    result = self.model.generate(
RuntimeError: CUDA failed with error out of memory
Traceback (most recent call last):
  File "/home/ubuntu/OpenVoice/job.py", line 334, in <module>
    clone_voice(f"./projects/{i}/{j}")
  File "/home/ubuntu/OpenVoice/job.py", line 201, in clone_voice
    return(convert_color(projectfolder))
  File "/home/ubuntu/OpenVoice/job.py", line 277, in convert_color
    target_se, audio_name = se_extractor.get_se(ref_audio_path, tone_color_converter, vad=False)
  File "/home/ubuntu/OpenVoice/openvoice/se_extractor.py", line 146, in get_se
    wavs_folder = split_audio_whisper(audio_path, target_dir=target_dir, audio_name=audio_name)
  File "/home/ubuntu/OpenVoice/openvoice/se_extractor.py", line 29, in split_audio_whisper
    segments = list(segments)
  File "/home/ubuntu/miniconda3/envs/openvoice/lib/python3.9/site-packages/faster_whisper/transcribe.py", line 433, in generate_segments
    ) = self.generate_with_fallback(encoder_output, prompt, tokenizer, options)
  File "/home/ubuntu/miniconda3/envs/openvoice/lib/python3.9/site-packages/faster_whisper/transcribe.py", line 641, in generate_with_fallback
    result = self.model.generate(
RuntimeError: CUDA failed with error out of memory
Traceback (most recent call last):
  File "/home/ubuntu/OpenVoice/job.py", line 334, in <module>
    clone_voice(f"./projects/{i}/{j}")
  File "/home/ubuntu/OpenVoice/job.py", line 201, in clone_voice
    return(convert_color(projectfolder))
  File "/home/ubuntu/OpenVoice/job.py", line 277, in convert_color
    target_se, audio_name = se_extractor.get_se(ref_audio_path, tone_color_converter, vad=False)
  File "/home/ubuntu/OpenVoice/openvoice/se_extractor.py", line 146, in get_se
    wavs_folder = split_audio_whisper(audio_path, target_dir=target_dir, audio_name=audio_name)
  File "/home/ubuntu/OpenVoice/openvoice/se_extractor.py", line 29, in split_audio_whisper
    segments = list(segments)
  File "/home/ubuntu/miniconda3/envs/openvoice/lib/python3.9/site-packages/faster_whisper/transcribe.py", line 433, in generate_segments
    ) = self.generate_with_fallback(encoder_output, prompt, tokenizer, options)
  File "/home/ubuntu/miniconda3/envs/openvoice/lib/python3.9/site-packages/faster_whisper/transcribe.py", line 641, in generate_with_fallback
    result = self.model.generate(
RuntimeError: CUDA failed with error out of memory
Traceback (most recent call last):
  File "/home/ubuntu/OpenVoice/job.py", line 334, in <module>
    clone_voice(f"./projects/{i}/{j}")
  File "/home/ubuntu/OpenVoice/job.py", line 201, in clone_voice
    return(convert_color(projectfolder))
  File "/home/ubuntu/OpenVoice/job.py", line 277, in convert_color
    target_se, audio_name = se_extractor.get_se(ref_audio_path, tone_color_converter, vad=False)
  File "/home/ubuntu/OpenVoice/openvoice/se_extractor.py", line 146, in get_se
    wavs_folder = split_audio_whisper(audio_path, target_dir=target_dir, audio_name=audio_name)
  File "/home/ubuntu/OpenVoice/openvoice/se_extractor.py", line 29, in split_audio_whisper
    segments = list(segments)
  File "/home/ubuntu/miniconda3/envs/openvoice/lib/python3.9/site-packages/faster_whisper/transcribe.py", line 433, in generate_segments
    ) = self.generate_with_fallback(encoder_output, prompt, tokenizer, options)
  File "/home/ubuntu/miniconda3/envs/openvoice/lib/python3.9/site-packages/faster_whisper/transcribe.py", line 641, in generate_with_fallback
    result = self.model.generate(
RuntimeError: CUDA failed with error out of memory
Traceback (most recent call last):
  File "/home/ubuntu/OpenVoice/job.py", line 334, in <module>
    clone_voice(f"./projects/{i}/{j}")
  File "/home/ubuntu/OpenVoice/job.py", line 201, in clone_voice
    return(convert_color(projectfolder))
  File "/home/ubuntu/OpenVoice/job.py", line 277, in convert_color
    target_se, audio_name = se_extractor.get_se(ref_audio_path, tone_color_converter, vad=False)
  File "/home/ubuntu/OpenVoice/openvoice/se_extractor.py", line 146, in get_se
    wavs_folder = split_audio_whisper(audio_path, target_dir=target_dir, audio_name=audio_name)
  File "/home/ubuntu/OpenVoice/openvoice/se_extractor.py", line 29, in split_audio_whisper
    segments = list(segments)
  File "/home/ubuntu/miniconda3/envs/openvoice/lib/python3.9/site-packages/faster_whisper/transcribe.py", line 433, in generate_segments
    ) = self.generate_with_fallback(encoder_output, prompt, tokenizer, options)
  File "/home/ubuntu/miniconda3/envs/openvoice/lib/python3.9/site-packages/faster_whisper/transcribe.py", line 641, in generate_with_fallback
    result = self.model.generate(
RuntimeError: CUDA failed with error out of memory
Traceback (most recent call last):
  File "/home/ubuntu/OpenVoice/job.py", line 334, in <module>
    clone_voice(f"./projects/{i}/{j}")
  File "/home/ubuntu/OpenVoice/job.py", line 201, in clone_voice
    return(convert_color(projectfolder))
  File "/home/ubuntu/OpenVoice/job.py", line 277, in convert_color
    target_se, audio_name = se_extractor.get_se(ref_audio_path, tone_color_converter, vad=False)
  File "/home/ubuntu/OpenVoice/openvoice/se_extractor.py", line 146, in get_se
    wavs_folder = split_audio_whisper(audio_path, target_dir=target_dir, audio_name=audio_name)
  File "/home/ubuntu/OpenVoice/openvoice/se_extractor.py", line 29, in split_audio_whisper
    segments = list(segments)
  File "/home/ubuntu/miniconda3/envs/openvoice/lib/python3.9/site-packages/faster_whisper/transcribe.py", line 433, in generate_segments
    ) = self.generate_with_fallback(encoder_output, prompt, tokenizer, options)
  File "/home/ubuntu/miniconda3/envs/openvoice/lib/python3.9/site-packages/faster_whisper/transcribe.py", line 641, in generate_with_fallback
    result = self.model.generate(
RuntimeError: CUDA failed with error out of memory
Traceback (most recent call last):
  File "/home/ubuntu/OpenVoice/job.py", line 334, in <module>
    clone_voice(f"./projects/{i}/{j}")
  File "/home/ubuntu/OpenVoice/job.py", line 201, in clone_voice
    return(convert_color(projectfolder))
  File "/home/ubuntu/OpenVoice/job.py", line 277, in convert_color
    target_se, audio_name = se_extractor.get_se(ref_audio_path, tone_color_converter, vad=False)
  File "/home/ubuntu/OpenVoice/openvoice/se_extractor.py", line 146, in get_se
    wavs_folder = split_audio_whisper(audio_path, target_dir=target_dir, audio_name=audio_name)
  File "/home/ubuntu/OpenVoice/openvoice/se_extractor.py", line 29, in split_audio_whisper
    segments = list(segments)
  File "/home/ubuntu/miniconda3/envs/openvoice/lib/python3.9/site-packages/faster_whisper/transcribe.py", line 433, in generate_segments
    ) = self.generate_with_fallback(encoder_output, prompt, tokenizer, options)
  File "/home/ubuntu/miniconda3/envs/openvoice/lib/python3.9/site-packages/faster_whisper/transcribe.py", line 641, in generate_with_fallback
    result = self.model.generate(
RuntimeError: CUDA failed with error out of memory
Traceback (most recent call last):
  File "/home/ubuntu/OpenVoice/job.py", line 334, in <module>
    clone_voice(f"./projects/{i}/{j}")
  File "/home/ubuntu/OpenVoice/job.py", line 201, in clone_voice
    return(convert_color(projectfolder))
  File "/home/ubuntu/OpenVoice/job.py", line 277, in convert_color
    target_se, audio_name = se_extractor.get_se(ref_audio_path, tone_color_converter, vad=False)
  File "/home/ubuntu/OpenVoice/openvoice/se_extractor.py", line 146, in get_se
    wavs_folder = split_audio_whisper(audio_path, target_dir=target_dir, audio_name=audio_name)
  File "/home/ubuntu/OpenVoice/openvoice/se_extractor.py", line 29, in split_audio_whisper
    segments = list(segments)
  File "/home/ubuntu/miniconda3/envs/openvoice/lib/python3.9/site-packages/faster_whisper/transcribe.py", line 433, in generate_segments
    ) = self.generate_with_fallback(encoder_output, prompt, tokenizer, options)
  File "/home/ubuntu/miniconda3/envs/openvoice/lib/python3.9/site-packages/faster_whisper/transcribe.py", line 641, in generate_with_fallback
    result = self.model.generate(
RuntimeError: CUDA failed with error out of memory
Traceback (most recent call last):
  File "/home/ubuntu/OpenVoice/job.py", line 334, in <module>
    clone_voice(f"./projects/{i}/{j}")
  File "/home/ubuntu/OpenVoice/job.py", line 201, in clone_voice
    return(convert_color(projectfolder))
  File "/home/ubuntu/OpenVoice/job.py", line 277, in convert_color
    target_se, audio_name = se_extractor.get_se(ref_audio_path, tone_color_converter, vad=False)
  File "/home/ubuntu/OpenVoice/openvoice/se_extractor.py", line 146, in get_se
    wavs_folder = split_audio_whisper(audio_path, target_dir=target_dir, audio_name=audio_name)
  File "/home/ubuntu/OpenVoice/openvoice/se_extractor.py", line 29, in split_audio_whisper
    segments = list(segments)
  File "/home/ubuntu/miniconda3/envs/openvoice/lib/python3.9/site-packages/faster_whisper/transcribe.py", line 433, in generate_segments
    ) = self.generate_with_fallback(encoder_output, prompt, tokenizer, options)
  File "/home/ubuntu/miniconda3/envs/openvoice/lib/python3.9/site-packages/faster_whisper/transcribe.py", line 641, in generate_with_fallback
    result = self.model.generate(
RuntimeError: CUDA failed with error out of memory
Traceback (most recent call last):
  File "/home/ubuntu/OpenVoice/job.py", line 334, in <module>
    clone_voice(f"./projects/{i}/{j}")
  File "/home/ubuntu/OpenVoice/job.py", line 201, in clone_voice
    return(convert_color(projectfolder))
  File "/home/ubuntu/OpenVoice/job.py", line 277, in convert_color
    target_se, audio_name = se_extractor.get_se(ref_audio_path, tone_color_converter, vad=False)
  File "/home/ubuntu/OpenVoice/openvoice/se_extractor.py", line 146, in get_se
    wavs_folder = split_audio_whisper(audio_path, target_dir=target_dir, audio_name=audio_name)
  File "/home/ubuntu/OpenVoice/openvoice/se_extractor.py", line 29, in split_audio_whisper
    segments = list(segments)
  File "/home/ubuntu/miniconda3/envs/openvoice/lib/python3.9/site-packages/faster_whisper/transcribe.py", line 433, in generate_segments
    ) = self.generate_with_fallback(encoder_output, prompt, tokenizer, options)
  File "/home/ubuntu/miniconda3/envs/openvoice/lib/python3.9/site-packages/faster_whisper/transcribe.py", line 641, in generate_with_fallback
    result = self.model.generate(
RuntimeError: CUDA failed with error out of memory
Traceback (most recent call last):
  File "/home/ubuntu/OpenVoice/job.py", line 334, in <module>
    clone_voice(f"./projects/{i}/{j}")
  File "/home/ubuntu/OpenVoice/job.py", line 201, in clone_voice
    return(convert_color(projectfolder))
  File "/home/ubuntu/OpenVoice/job.py", line 277, in convert_color
    target_se, audio_name = se_extractor.get_se(ref_audio_path, tone_color_converter, vad=False)
  File "/home/ubuntu/OpenVoice/openvoice/se_extractor.py", line 146, in get_se
    wavs_folder = split_audio_whisper(audio_path, target_dir=target_dir, audio_name=audio_name)
  File "/home/ubuntu/OpenVoice/openvoice/se_extractor.py", line 29, in split_audio_whisper
    segments = list(segments)
  File "/home/ubuntu/miniconda3/envs/openvoice/lib/python3.9/site-packages/faster_whisper/transcribe.py", line 433, in generate_segments
    ) = self.generate_with_fallback(encoder_output, prompt, tokenizer, options)
  File "/home/ubuntu/miniconda3/envs/openvoice/lib/python3.9/site-packages/faster_whisper/transcribe.py", line 641, in generate_with_fallback
    result = self.model.generate(
RuntimeError: CUDA failed with error out of memory
Traceback (most recent call last):
  File "/home/ubuntu/OpenVoice/job.py", line 334, in <module>
    clone_voice(f"./projects/{i}/{j}")
  File "/home/ubuntu/OpenVoice/job.py", line 201, in clone_voice
    return(convert_color(projectfolder))
  File "/home/ubuntu/OpenVoice/job.py", line 277, in convert_color
    target_se, audio_name = se_extractor.get_se(ref_audio_path, tone_color_converter, vad=False)
  File "/home/ubuntu/OpenVoice/openvoice/se_extractor.py", line 146, in get_se
    wavs_folder = split_audio_whisper(audio_path, target_dir=target_dir, audio_name=audio_name)
  File "/home/ubuntu/OpenVoice/openvoice/se_extractor.py", line 29, in split_audio_whisper
    segments = list(segments)
  File "/home/ubuntu/miniconda3/envs/openvoice/lib/python3.9/site-packages/faster_whisper/transcribe.py", line 433, in generate_segments
    ) = self.generate_with_fallback(encoder_output, prompt, tokenizer, options)
  File "/home/ubuntu/miniconda3/envs/openvoice/lib/python3.9/site-packages/faster_whisper/transcribe.py", line 641, in generate_with_fallback
    result = self.model.generate(
RuntimeError: CUDA failed with error out of memory
Traceback (most recent call last):
  File "/home/ubuntu/OpenVoice/job.py", line 334, in <module>
    clone_voice(f"./projects/{i}/{j}")
  File "/home/ubuntu/OpenVoice/job.py", line 201, in clone_voice
    return(convert_color(projectfolder))
  File "/home/ubuntu/OpenVoice/job.py", line 277, in convert_color
    target_se, audio_name = se_extractor.get_se(ref_audio_path, tone_color_converter, vad=False)
  File "/home/ubuntu/OpenVoice/openvoice/se_extractor.py", line 146, in get_se
    wavs_folder = split_audio_whisper(audio_path, target_dir=target_dir, audio_name=audio_name)
  File "/home/ubuntu/OpenVoice/openvoice/se_extractor.py", line 29, in split_audio_whisper
    segments = list(segments)
  File "/home/ubuntu/miniconda3/envs/openvoice/lib/python3.9/site-packages/faster_whisper/transcribe.py", line 433, in generate_segments
    ) = self.generate_with_fallback(encoder_output, prompt, tokenizer, options)
  File "/home/ubuntu/miniconda3/envs/openvoice/lib/python3.9/site-packages/faster_whisper/transcribe.py", line 641, in generate_with_fallback
    result = self.model.generate(
RuntimeError: CUDA failed with error out of memory
Traceback (most recent call last):
  File "/home/ubuntu/OpenVoice/job.py", line 334, in <module>
    clone_voice(f"./projects/{i}/{j}")
  File "/home/ubuntu/OpenVoice/job.py", line 201, in clone_voice
    return(convert_color(projectfolder))
  File "/home/ubuntu/OpenVoice/job.py", line 277, in convert_color
    target_se, audio_name = se_extractor.get_se(ref_audio_path, tone_color_converter, vad=False)
  File "/home/ubuntu/OpenVoice/openvoice/se_extractor.py", line 146, in get_se
    wavs_folder = split_audio_whisper(audio_path, target_dir=target_dir, audio_name=audio_name)
  File "/home/ubuntu/OpenVoice/openvoice/se_extractor.py", line 29, in split_audio_whisper
    segments = list(segments)
  File "/home/ubuntu/miniconda3/envs/openvoice/lib/python3.9/site-packages/faster_whisper/transcribe.py", line 433, in generate_segments
    ) = self.generate_with_fallback(encoder_output, prompt, tokenizer, options)
  File "/home/ubuntu/miniconda3/envs/openvoice/lib/python3.9/site-packages/faster_whisper/transcribe.py", line 641, in generate_with_fallback
    result = self.model.generate(
RuntimeError: CUDA failed with error out of memory
Traceback (most recent call last):
  File "/home/ubuntu/OpenVoice/job.py", line 334, in <module>
    clone_voice(f"./projects/{i}/{j}")
  File "/home/ubuntu/OpenVoice/job.py", line 201, in clone_voice
    return(convert_color(projectfolder))
  File "/home/ubuntu/OpenVoice/job.py", line 277, in convert_color
    target_se, audio_name = se_extractor.get_se(ref_audio_path, tone_color_converter, vad=False)
  File "/home/ubuntu/OpenVoice/openvoice/se_extractor.py", line 146, in get_se
    wavs_folder = split_audio_whisper(audio_path, target_dir=target_dir, audio_name=audio_name)
  File "/home/ubuntu/OpenVoice/openvoice/se_extractor.py", line 29, in split_audio_whisper
    segments = list(segments)
  File "/home/ubuntu/miniconda3/envs/openvoice/lib/python3.9/site-packages/faster_whisper/transcribe.py", line 433, in generate_segments
    ) = self.generate_with_fallback(encoder_output, prompt, tokenizer, options)
  File "/home/ubuntu/miniconda3/envs/openvoice/lib/python3.9/site-packages/faster_whisper/transcribe.py", line 641, in generate_with_fallback
    result = self.model.generate(
RuntimeError: CUDA failed with error out of memory
Traceback (most recent call last):
  File "/home/ubuntu/OpenVoice/job.py", line 334, in <module>
    clone_voice(f"./projects/{i}/{j}")
  File "/home/ubuntu/OpenVoice/job.py", line 201, in clone_voice
    return(convert_color(projectfolder))
  File "/home/ubuntu/OpenVoice/job.py", line 277, in convert_color
    target_se, audio_name = se_extractor.get_se(ref_audio_path, tone_color_converter, vad=False)
  File "/home/ubuntu/OpenVoice/openvoice/se_extractor.py", line 146, in get_se
    wavs_folder = split_audio_whisper(audio_path, target_dir=target_dir, audio_name=audio_name)
  File "/home/ubuntu/OpenVoice/openvoice/se_extractor.py", line 29, in split_audio_whisper
    segments = list(segments)
  File "/home/ubuntu/miniconda3/envs/openvoice/lib/python3.9/site-packages/faster_whisper/transcribe.py", line 433, in generate_segments
    ) = self.generate_with_fallback(encoder_output, prompt, tokenizer, options)
  File "/home/ubuntu/miniconda3/envs/openvoice/lib/python3.9/site-packages/faster_whisper/transcribe.py", line 641, in generate_with_fallback
    result = self.model.generate(
RuntimeError: CUDA failed with error out of memory
Traceback (most recent call last):
  File "/home/ubuntu/OpenVoice/job.py", line 334, in <module>
    clone_voice(f"./projects/{i}/{j}")
  File "/home/ubuntu/OpenVoice/job.py", line 201, in clone_voice
    return(convert_color(projectfolder))
  File "/home/ubuntu/OpenVoice/job.py", line 277, in convert_color
    target_se, audio_name = se_extractor.get_se(ref_audio_path, tone_color_converter, vad=False)
  File "/home/ubuntu/OpenVoice/openvoice/se_extractor.py", line 146, in get_se
    wavs_folder = split_audio_whisper(audio_path, target_dir=target_dir, audio_name=audio_name)
  File "/home/ubuntu/OpenVoice/openvoice/se_extractor.py", line 29, in split_audio_whisper
    segments = list(segments)
  File "/home/ubuntu/miniconda3/envs/openvoice/lib/python3.9/site-packages/faster_whisper/transcribe.py", line 433, in generate_segments
    ) = self.generate_with_fallback(encoder_output, prompt, tokenizer, options)
  File "/home/ubuntu/miniconda3/envs/openvoice/lib/python3.9/site-packages/faster_whisper/transcribe.py", line 641, in generate_with_fallback
    result = self.model.generate(
RuntimeError: CUDA failed with error out of memory
Traceback (most recent call last):
  File "/home/ubuntu/OpenVoice/job.py", line 334, in <module>
    clone_voice(f"./projects/{i}/{j}")
  File "/home/ubuntu/OpenVoice/job.py", line 201, in clone_voice
    return(convert_color(projectfolder))
  File "/home/ubuntu/OpenVoice/job.py", line 277, in convert_color
    target_se, audio_name = se_extractor.get_se(ref_audio_path, tone_color_converter, vad=False)
  File "/home/ubuntu/OpenVoice/openvoice/se_extractor.py", line 146, in get_se
    wavs_folder = split_audio_whisper(audio_path, target_dir=target_dir, audio_name=audio_name)
  File "/home/ubuntu/OpenVoice/openvoice/se_extractor.py", line 29, in split_audio_whisper
    segments = list(segments)
  File "/home/ubuntu/miniconda3/envs/openvoice/lib/python3.9/site-packages/faster_whisper/transcribe.py", line 433, in generate_segments
    ) = self.generate_with_fallback(encoder_output, prompt, tokenizer, options)
  File "/home/ubuntu/miniconda3/envs/openvoice/lib/python3.9/site-packages/faster_whisper/transcribe.py", line 641, in generate_with_fallback
    result = self.model.generate(
RuntimeError: CUDA failed with error out of memory
Traceback (most recent call last):
  File "/home/ubuntu/OpenVoice/job.py", line 334, in <module>
    clone_voice(f"./projects/{i}/{j}")
  File "/home/ubuntu/OpenVoice/job.py", line 201, in clone_voice
    return(convert_color(projectfolder))
  File "/home/ubuntu/OpenVoice/job.py", line 277, in convert_color
    target_se, audio_name = se_extractor.get_se(ref_audio_path, tone_color_converter, vad=False)
  File "/home/ubuntu/OpenVoice/openvoice/se_extractor.py", line 146, in get_se
    wavs_folder = split_audio_whisper(audio_path, target_dir=target_dir, audio_name=audio_name)
  File "/home/ubuntu/OpenVoice/openvoice/se_extractor.py", line 29, in split_audio_whisper
    segments = list(segments)
  File "/home/ubuntu/miniconda3/envs/openvoice/lib/python3.9/site-packages/faster_whisper/transcribe.py", line 433, in generate_segments
    ) = self.generate_with_fallback(encoder_output, prompt, tokenizer, options)
  File "/home/ubuntu/miniconda3/envs/openvoice/lib/python3.9/site-packages/faster_whisper/transcribe.py", line 641, in generate_with_fallback
    result = self.model.generate(
RuntimeError: CUDA failed with error out of memory
Traceback (most recent call last):
  File "/home/ubuntu/OpenVoice/job.py", line 334, in <module>
    clone_voice(f"./projects/{i}/{j}")
  File "/home/ubuntu/OpenVoice/job.py", line 201, in clone_voice
    return(convert_color(projectfolder))
  File "/home/ubuntu/OpenVoice/job.py", line 277, in convert_color
    target_se, audio_name = se_extractor.get_se(ref_audio_path, tone_color_converter, vad=False)
  File "/home/ubuntu/OpenVoice/openvoice/se_extractor.py", line 146, in get_se
    wavs_folder = split_audio_whisper(audio_path, target_dir=target_dir, audio_name=audio_name)
  File "/home/ubuntu/OpenVoice/openvoice/se_extractor.py", line 29, in split_audio_whisper
    segments = list(segments)
  File "/home/ubuntu/miniconda3/envs/openvoice/lib/python3.9/site-packages/faster_whisper/transcribe.py", line 433, in generate_segments
    ) = self.generate_with_fallback(encoder_output, prompt, tokenizer, options)
  File "/home/ubuntu/miniconda3/envs/openvoice/lib/python3.9/site-packages/faster_whisper/transcribe.py", line 641, in generate_with_fallback
    result = self.model.generate(
RuntimeError: CUDA failed with error out of memory
Traceback (most recent call last):
  File "/home/ubuntu/OpenVoice/job.py", line 334, in <module>
    clone_voice(f"./projects/{i}/{j}")
  File "/home/ubuntu/OpenVoice/job.py", line 201, in clone_voice
    return(convert_color(projectfolder))
  File "/home/ubuntu/OpenVoice/job.py", line 277, in convert_color
    target_se, audio_name = se_extractor.get_se(ref_audio_path, tone_color_converter, vad=False)
  File "/home/ubuntu/OpenVoice/openvoice/se_extractor.py", line 146, in get_se
    wavs_folder = split_audio_whisper(audio_path, target_dir=target_dir, audio_name=audio_name)
  File "/home/ubuntu/OpenVoice/openvoice/se_extractor.py", line 29, in split_audio_whisper
    segments = list(segments)
  File "/home/ubuntu/miniconda3/envs/openvoice/lib/python3.9/site-packages/faster_whisper/transcribe.py", line 433, in generate_segments
    ) = self.generate_with_fallback(encoder_output, prompt, tokenizer, options)
  File "/home/ubuntu/miniconda3/envs/openvoice/lib/python3.9/site-packages/faster_whisper/transcribe.py", line 641, in generate_with_fallback
    result = self.model.generate(
RuntimeError: CUDA failed with error out of memory
Traceback (most recent call last):
  File "/home/ubuntu/OpenVoice/job.py", line 334, in <module>
    clone_voice(f"./projects/{i}/{j}")
  File "/home/ubuntu/OpenVoice/job.py", line 201, in clone_voice
    return(convert_color(projectfolder))
  File "/home/ubuntu/OpenVoice/job.py", line 277, in convert_color
    target_se, audio_name = se_extractor.get_se(ref_audio_path, tone_color_converter, vad=False)
  File "/home/ubuntu/OpenVoice/openvoice/se_extractor.py", line 146, in get_se
    wavs_folder = split_audio_whisper(audio_path, target_dir=target_dir, audio_name=audio_name)
  File "/home/ubuntu/OpenVoice/openvoice/se_extractor.py", line 29, in split_audio_whisper
    segments = list(segments)
  File "/home/ubuntu/miniconda3/envs/openvoice/lib/python3.9/site-packages/faster_whisper/transcribe.py", line 433, in generate_segments
    ) = self.generate_with_fallback(encoder_output, prompt, tokenizer, options)
  File "/home/ubuntu/miniconda3/envs/openvoice/lib/python3.9/site-packages/faster_whisper/transcribe.py", line 641, in generate_with_fallback
    result = self.model.generate(
RuntimeError: CUDA failed with error out of memory
Traceback (most recent call last):
  File "/home/ubuntu/OpenVoice/job.py", line 334, in <module>
    clone_voice(f"./projects/{i}/{j}")
  File "/home/ubuntu/OpenVoice/job.py", line 201, in clone_voice
    return(convert_color(projectfolder))
  File "/home/ubuntu/OpenVoice/job.py", line 277, in convert_color
    target_se, audio_name = se_extractor.get_se(ref_audio_path, tone_color_converter, vad=False)
  File "/home/ubuntu/OpenVoice/openvoice/se_extractor.py", line 146, in get_se
    wavs_folder = split_audio_whisper(audio_path, target_dir=target_dir, audio_name=audio_name)
  File "/home/ubuntu/OpenVoice/openvoice/se_extractor.py", line 29, in split_audio_whisper
    segments = list(segments)
  File "/home/ubuntu/miniconda3/envs/openvoice/lib/python3.9/site-packages/faster_whisper/transcribe.py", line 433, in generate_segments
    ) = self.generate_with_fallback(encoder_output, prompt, tokenizer, options)
  File "/home/ubuntu/miniconda3/envs/openvoice/lib/python3.9/site-packages/faster_whisper/transcribe.py", line 641, in generate_with_fallback
    result = self.model.generate(
RuntimeError: CUDA failed with error out of memory
Traceback (most recent call last):
  File "/home/ubuntu/OpenVoice/job.py", line 334, in <module>
    clone_voice(f"./projects/{i}/{j}")
  File "/home/ubuntu/OpenVoice/job.py", line 201, in clone_voice
    return(convert_color(projectfolder))
  File "/home/ubuntu/OpenVoice/job.py", line 277, in convert_color
    target_se, audio_name = se_extractor.get_se(ref_audio_path, tone_color_converter, vad=False)
  File "/home/ubuntu/OpenVoice/openvoice/se_extractor.py", line 146, in get_se
    wavs_folder = split_audio_whisper(audio_path, target_dir=target_dir, audio_name=audio_name)
  File "/home/ubuntu/OpenVoice/openvoice/se_extractor.py", line 29, in split_audio_whisper
    segments = list(segments)
  File "/home/ubuntu/miniconda3/envs/openvoice/lib/python3.9/site-packages/faster_whisper/transcribe.py", line 433, in generate_segments
    ) = self.generate_with_fallback(encoder_output, prompt, tokenizer, options)
  File "/home/ubuntu/miniconda3/envs/openvoice/lib/python3.9/site-packages/faster_whisper/transcribe.py", line 641, in generate_with_fallback
    result = self.model.generate(
RuntimeError: CUDA failed with error out of memory
Traceback (most recent call last):
  File "/home/ubuntu/OpenVoice/job.py", line 334, in <module>
    clone_voice(f"./projects/{i}/{j}")
  File "/home/ubuntu/OpenVoice/job.py", line 201, in clone_voice
    return(convert_color(projectfolder))
  File "/home/ubuntu/OpenVoice/job.py", line 277, in convert_color
    target_se, audio_name = se_extractor.get_se(ref_audio_path, tone_color_converter, vad=False)
  File "/home/ubuntu/OpenVoice/openvoice/se_extractor.py", line 150, in get_se
    raise NotImplementedError('No audio segments found!')
NotImplementedError: No audio segments found!
Traceback (most recent call last):
  File "/home/ubuntu/OpenVoice/job.py", line 334, in <module>
    clone_voice(f"./projects/{i}/{j}")
  File "/home/ubuntu/OpenVoice/job.py", line 201, in clone_voice
    return(convert_color(projectfolder))
  File "/home/ubuntu/OpenVoice/job.py", line 277, in convert_color
    target_se, audio_name = se_extractor.get_se(ref_audio_path, tone_color_converter, vad=False)
  File "/home/ubuntu/OpenVoice/openvoice/se_extractor.py", line 146, in get_se
    wavs_folder = split_audio_whisper(audio_path, target_dir=target_dir, audio_name=audio_name)
  File "/home/ubuntu/OpenVoice/openvoice/se_extractor.py", line 29, in split_audio_whisper
    segments = list(segments)
  File "/home/ubuntu/miniconda3/envs/openvoice/lib/python3.9/site-packages/faster_whisper/transcribe.py", line 433, in generate_segments
    ) = self.generate_with_fallback(encoder_output, prompt, tokenizer, options)
  File "/home/ubuntu/miniconda3/envs/openvoice/lib/python3.9/site-packages/faster_whisper/transcribe.py", line 641, in generate_with_fallback
    result = self.model.generate(
RuntimeError: CUDA failed with error out of memory
Traceback (most recent call last):
  File "/home/ubuntu/OpenVoice/job.py", line 334, in <module>
    clone_voice(f"./projects/{i}/{j}")
  File "/home/ubuntu/OpenVoice/job.py", line 201, in clone_voice
    return(convert_color(projectfolder))
  File "/home/ubuntu/OpenVoice/job.py", line 277, in convert_color
    target_se, audio_name = se_extractor.get_se(ref_audio_path, tone_color_converter, vad=False)
  File "/home/ubuntu/OpenVoice/openvoice/se_extractor.py", line 146, in get_se
    wavs_folder = split_audio_whisper(audio_path, target_dir=target_dir, audio_name=audio_name)
  File "/home/ubuntu/OpenVoice/openvoice/se_extractor.py", line 29, in split_audio_whisper
    segments = list(segments)
  File "/home/ubuntu/miniconda3/envs/openvoice/lib/python3.9/site-packages/faster_whisper/transcribe.py", line 433, in generate_segments
    ) = self.generate_with_fallback(encoder_output, prompt, tokenizer, options)
  File "/home/ubuntu/miniconda3/envs/openvoice/lib/python3.9/site-packages/faster_whisper/transcribe.py", line 641, in generate_with_fallback
    result = self.model.generate(
RuntimeError: CUDA failed with error out of memory
Traceback (most recent call last):
  File "/home/ubuntu/OpenVoice/job.py", line 334, in <module>
    clone_voice(f"./projects/{i}/{j}")
  File "/home/ubuntu/OpenVoice/job.py", line 201, in clone_voice
    return(convert_color(projectfolder))
  File "/home/ubuntu/OpenVoice/job.py", line 277, in convert_color
    target_se, audio_name = se_extractor.get_se(ref_audio_path, tone_color_converter, vad=False)
  File "/home/ubuntu/OpenVoice/openvoice/se_extractor.py", line 146, in get_se
    wavs_folder = split_audio_whisper(audio_path, target_dir=target_dir, audio_name=audio_name)
  File "/home/ubuntu/OpenVoice/openvoice/se_extractor.py", line 29, in split_audio_whisper
    segments = list(segments)
  File "/home/ubuntu/miniconda3/envs/openvoice/lib/python3.9/site-packages/faster_whisper/transcribe.py", line 433, in generate_segments
    ) = self.generate_with_fallback(encoder_output, prompt, tokenizer, options)
  File "/home/ubuntu/miniconda3/envs/openvoice/lib/python3.9/site-packages/faster_whisper/transcribe.py", line 641, in generate_with_fallback
    result = self.model.generate(
RuntimeError: CUDA failed with error out of memory
Traceback (most recent call last):
  File "/home/ubuntu/OpenVoice/job.py", line 334, in <module>
    clone_voice(f"./projects/{i}/{j}")
  File "/home/ubuntu/OpenVoice/job.py", line 201, in clone_voice
    return(convert_color(projectfolder))
  File "/home/ubuntu/OpenVoice/job.py", line 277, in convert_color
    target_se, audio_name = se_extractor.get_se(ref_audio_path, tone_color_converter, vad=False)
  File "/home/ubuntu/OpenVoice/openvoice/se_extractor.py", line 146, in get_se
    wavs_folder = split_audio_whisper(audio_path, target_dir=target_dir, audio_name=audio_name)
  File "/home/ubuntu/OpenVoice/openvoice/se_extractor.py", line 29, in split_audio_whisper
    segments = list(segments)
  File "/home/ubuntu/miniconda3/envs/openvoice/lib/python3.9/site-packages/faster_whisper/transcribe.py", line 433, in generate_segments
    ) = self.generate_with_fallback(encoder_output, prompt, tokenizer, options)
  File "/home/ubuntu/miniconda3/envs/openvoice/lib/python3.9/site-packages/faster_whisper/transcribe.py", line 641, in generate_with_fallback
    result = self.model.generate(
RuntimeError: CUDA failed with error out of memory
Traceback (most recent call last):
  File "/home/ubuntu/OpenVoice/job.py", line 334, in <module>
    clone_voice(f"./projects/{i}/{j}")
  File "/home/ubuntu/OpenVoice/job.py", line 201, in clone_voice
    return(convert_color(projectfolder))
  File "/home/ubuntu/OpenVoice/job.py", line 277, in convert_color
    target_se, audio_name = se_extractor.get_se(ref_audio_path, tone_color_converter, vad=False)
  File "/home/ubuntu/OpenVoice/openvoice/se_extractor.py", line 146, in get_se
    wavs_folder = split_audio_whisper(audio_path, target_dir=target_dir, audio_name=audio_name)
  File "/home/ubuntu/OpenVoice/openvoice/se_extractor.py", line 29, in split_audio_whisper
    segments = list(segments)
  File "/home/ubuntu/miniconda3/envs/openvoice/lib/python3.9/site-packages/faster_whisper/transcribe.py", line 433, in generate_segments
    ) = self.generate_with_fallback(encoder_output, prompt, tokenizer, options)
  File "/home/ubuntu/miniconda3/envs/openvoice/lib/python3.9/site-packages/faster_whisper/transcribe.py", line 641, in generate_with_fallback
    result = self.model.generate(
RuntimeError: CUDA failed with error out of memory
Traceback (most recent call last):
  File "/home/ubuntu/OpenVoice/job.py", line 334, in <module>
    clone_voice(f"./projects/{i}/{j}")
  File "/home/ubuntu/OpenVoice/job.py", line 201, in clone_voice
    return(convert_color(projectfolder))
  File "/home/ubuntu/OpenVoice/job.py", line 277, in convert_color
    target_se, audio_name = se_extractor.get_se(ref_audio_path, tone_color_converter, vad=False)
  File "/home/ubuntu/OpenVoice/openvoice/se_extractor.py", line 146, in get_se
    wavs_folder = split_audio_whisper(audio_path, target_dir=target_dir, audio_name=audio_name)
  File "/home/ubuntu/OpenVoice/openvoice/se_extractor.py", line 29, in split_audio_whisper
    segments = list(segments)
  File "/home/ubuntu/miniconda3/envs/openvoice/lib/python3.9/site-packages/faster_whisper/transcribe.py", line 433, in generate_segments
    ) = self.generate_with_fallback(encoder_output, prompt, tokenizer, options)
  File "/home/ubuntu/miniconda3/envs/openvoice/lib/python3.9/site-packages/faster_whisper/transcribe.py", line 641, in generate_with_fallback
    result = self.model.generate(
RuntimeError: CUDA failed with error out of memory
Traceback (most recent call last):
  File "/home/ubuntu/OpenVoice/job.py", line 334, in <module>
    clone_voice(f"./projects/{i}/{j}")
  File "/home/ubuntu/OpenVoice/job.py", line 201, in clone_voice
    return(convert_color(projectfolder))
  File "/home/ubuntu/OpenVoice/job.py", line 277, in convert_color
    target_se, audio_name = se_extractor.get_se(ref_audio_path, tone_color_converter, vad=False)
  File "/home/ubuntu/OpenVoice/openvoice/se_extractor.py", line 146, in get_se
    wavs_folder = split_audio_whisper(audio_path, target_dir=target_dir, audio_name=audio_name)
  File "/home/ubuntu/OpenVoice/openvoice/se_extractor.py", line 29, in split_audio_whisper
    segments = list(segments)
  File "/home/ubuntu/miniconda3/envs/openvoice/lib/python3.9/site-packages/faster_whisper/transcribe.py", line 433, in generate_segments
    ) = self.generate_with_fallback(encoder_output, prompt, tokenizer, options)
  File "/home/ubuntu/miniconda3/envs/openvoice/lib/python3.9/site-packages/faster_whisper/transcribe.py", line 641, in generate_with_fallback
    result = self.model.generate(
RuntimeError: CUDA failed with error out of memory
Traceback (most recent call last):
  File "/home/ubuntu/OpenVoice/job.py", line 334, in <module>
    clone_voice(f"./projects/{i}/{j}")
  File "/home/ubuntu/OpenVoice/job.py", line 201, in clone_voice
    return(convert_color(projectfolder))
  File "/home/ubuntu/OpenVoice/job.py", line 277, in convert_color
    target_se, audio_name = se_extractor.get_se(ref_audio_path, tone_color_converter, vad=False)
  File "/home/ubuntu/OpenVoice/openvoice/se_extractor.py", line 146, in get_se
    wavs_folder = split_audio_whisper(audio_path, target_dir=target_dir, audio_name=audio_name)
  File "/home/ubuntu/OpenVoice/openvoice/se_extractor.py", line 29, in split_audio_whisper
    segments = list(segments)
  File "/home/ubuntu/miniconda3/envs/openvoice/lib/python3.9/site-packages/faster_whisper/transcribe.py", line 433, in generate_segments
    ) = self.generate_with_fallback(encoder_output, prompt, tokenizer, options)
  File "/home/ubuntu/miniconda3/envs/openvoice/lib/python3.9/site-packages/faster_whisper/transcribe.py", line 641, in generate_with_fallback
    result = self.model.generate(
RuntimeError: CUDA failed with error out of memory
Traceback (most recent call last):
  File "/home/ubuntu/OpenVoice/job.py", line 334, in <module>
    clone_voice(f"./projects/{i}/{j}")
  File "/home/ubuntu/OpenVoice/job.py", line 201, in clone_voice
    return(convert_color(projectfolder))
  File "/home/ubuntu/OpenVoice/job.py", line 277, in convert_color
    target_se, audio_name = se_extractor.get_se(ref_audio_path, tone_color_converter, vad=False)
  File "/home/ubuntu/OpenVoice/openvoice/se_extractor.py", line 146, in get_se
    wavs_folder = split_audio_whisper(audio_path, target_dir=target_dir, audio_name=audio_name)
  File "/home/ubuntu/OpenVoice/openvoice/se_extractor.py", line 29, in split_audio_whisper
    segments = list(segments)
  File "/home/ubuntu/miniconda3/envs/openvoice/lib/python3.9/site-packages/faster_whisper/transcribe.py", line 433, in generate_segments
    ) = self.generate_with_fallback(encoder_output, prompt, tokenizer, options)
  File "/home/ubuntu/miniconda3/envs/openvoice/lib/python3.9/site-packages/faster_whisper/transcribe.py", line 641, in generate_with_fallback
    result = self.model.generate(
RuntimeError: CUDA failed with error out of memory
Traceback (most recent call last):
  File "/home/ubuntu/OpenVoice/job.py", line 334, in <module>
    clone_voice(f"./projects/{i}/{j}")
  File "/home/ubuntu/OpenVoice/job.py", line 201, in clone_voice
    return(convert_color(projectfolder))
  File "/home/ubuntu/OpenVoice/job.py", line 277, in convert_color
    target_se, audio_name = se_extractor.get_se(ref_audio_path, tone_color_converter, vad=False)
  File "/home/ubuntu/OpenVoice/openvoice/se_extractor.py", line 146, in get_se
    wavs_folder = split_audio_whisper(audio_path, target_dir=target_dir, audio_name=audio_name)
  File "/home/ubuntu/OpenVoice/openvoice/se_extractor.py", line 29, in split_audio_whisper
    segments = list(segments)
  File "/home/ubuntu/miniconda3/envs/openvoice/lib/python3.9/site-packages/faster_whisper/transcribe.py", line 433, in generate_segments
    ) = self.generate_with_fallback(encoder_output, prompt, tokenizer, options)
  File "/home/ubuntu/miniconda3/envs/openvoice/lib/python3.9/site-packages/faster_whisper/transcribe.py", line 641, in generate_with_fallback
    result = self.model.generate(
RuntimeError: CUDA failed with error out of memory
Traceback (most recent call last):
  File "/home/ubuntu/OpenVoice/job.py", line 334, in <module>
    clone_voice(f"./projects/{i}/{j}")
  File "/home/ubuntu/OpenVoice/job.py", line 201, in clone_voice
    return(convert_color(projectfolder))
  File "/home/ubuntu/OpenVoice/job.py", line 277, in convert_color
    target_se, audio_name = se_extractor.get_se(ref_audio_path, tone_color_converter, vad=False)
  File "/home/ubuntu/OpenVoice/openvoice/se_extractor.py", line 146, in get_se
    wavs_folder = split_audio_whisper(audio_path, target_dir=target_dir, audio_name=audio_name)
  File "/home/ubuntu/OpenVoice/openvoice/se_extractor.py", line 29, in split_audio_whisper
    segments = list(segments)
  File "/home/ubuntu/miniconda3/envs/openvoice/lib/python3.9/site-packages/faster_whisper/transcribe.py", line 433, in generate_segments
    ) = self.generate_with_fallback(encoder_output, prompt, tokenizer, options)
  File "/home/ubuntu/miniconda3/envs/openvoice/lib/python3.9/site-packages/faster_whisper/transcribe.py", line 641, in generate_with_fallback
    result = self.model.generate(
RuntimeError: CUDA failed with error out of memory
Traceback (most recent call last):
  File "/home/ubuntu/OpenVoice/job.py", line 334, in <module>
    clone_voice(f"./projects/{i}/{j}")
  File "/home/ubuntu/OpenVoice/job.py", line 201, in clone_voice
    return(convert_color(projectfolder))
  File "/home/ubuntu/OpenVoice/job.py", line 277, in convert_color
    target_se, audio_name = se_extractor.get_se(ref_audio_path, tone_color_converter, vad=False)
  File "/home/ubuntu/OpenVoice/openvoice/se_extractor.py", line 146, in get_se
    wavs_folder = split_audio_whisper(audio_path, target_dir=target_dir, audio_name=audio_name)
  File "/home/ubuntu/OpenVoice/openvoice/se_extractor.py", line 29, in split_audio_whisper
    segments = list(segments)
  File "/home/ubuntu/miniconda3/envs/openvoice/lib/python3.9/site-packages/faster_whisper/transcribe.py", line 433, in generate_segments
    ) = self.generate_with_fallback(encoder_output, prompt, tokenizer, options)
  File "/home/ubuntu/miniconda3/envs/openvoice/lib/python3.9/site-packages/faster_whisper/transcribe.py", line 641, in generate_with_fallback
    result = self.model.generate(
RuntimeError: CUDA failed with error out of memory
Traceback (most recent call last):
  File "/home/ubuntu/OpenVoice/job.py", line 334, in <module>
    clone_voice(f"./projects/{i}/{j}")
  File "/home/ubuntu/OpenVoice/job.py", line 201, in clone_voice
    return(convert_color(projectfolder))
  File "/home/ubuntu/OpenVoice/job.py", line 277, in convert_color
    target_se, audio_name = se_extractor.get_se(ref_audio_path, tone_color_converter, vad=False)
  File "/home/ubuntu/OpenVoice/openvoice/se_extractor.py", line 146, in get_se
    wavs_folder = split_audio_whisper(audio_path, target_dir=target_dir, audio_name=audio_name)
  File "/home/ubuntu/OpenVoice/openvoice/se_extractor.py", line 29, in split_audio_whisper
    segments = list(segments)
  File "/home/ubuntu/miniconda3/envs/openvoice/lib/python3.9/site-packages/faster_whisper/transcribe.py", line 433, in generate_segments
    ) = self.generate_with_fallback(encoder_output, prompt, tokenizer, options)
  File "/home/ubuntu/miniconda3/envs/openvoice/lib/python3.9/site-packages/faster_whisper/transcribe.py", line 641, in generate_with_fallback
    result = self.model.generate(
RuntimeError: CUDA failed with error out of memory
Traceback (most recent call last):
  File "/home/ubuntu/OpenVoice/job.py", line 334, in <module>
    clone_voice(f"./projects/{i}/{j}")
  File "/home/ubuntu/OpenVoice/job.py", line 201, in clone_voice
    return(convert_color(projectfolder))
  File "/home/ubuntu/OpenVoice/job.py", line 277, in convert_color
    target_se, audio_name = se_extractor.get_se(ref_audio_path, tone_color_converter, vad=False)
  File "/home/ubuntu/OpenVoice/openvoice/se_extractor.py", line 146, in get_se
    wavs_folder = split_audio_whisper(audio_path, target_dir=target_dir, audio_name=audio_name)
  File "/home/ubuntu/OpenVoice/openvoice/se_extractor.py", line 29, in split_audio_whisper
    segments = list(segments)
  File "/home/ubuntu/miniconda3/envs/openvoice/lib/python3.9/site-packages/faster_whisper/transcribe.py", line 433, in generate_segments
    ) = self.generate_with_fallback(encoder_output, prompt, tokenizer, options)
  File "/home/ubuntu/miniconda3/envs/openvoice/lib/python3.9/site-packages/faster_whisper/transcribe.py", line 641, in generate_with_fallback
    result = self.model.generate(
RuntimeError: CUDA failed with error out of memory
Traceback (most recent call last):
  File "/home/ubuntu/OpenVoice/job.py", line 334, in <module>
    clone_voice(f"./projects/{i}/{j}")
  File "/home/ubuntu/OpenVoice/job.py", line 201, in clone_voice
    return(convert_color(projectfolder))
  File "/home/ubuntu/OpenVoice/job.py", line 277, in convert_color
    target_se, audio_name = se_extractor.get_se(ref_audio_path, tone_color_converter, vad=False)
  File "/home/ubuntu/OpenVoice/openvoice/se_extractor.py", line 146, in get_se
    wavs_folder = split_audio_whisper(audio_path, target_dir=target_dir, audio_name=audio_name)
  File "/home/ubuntu/OpenVoice/openvoice/se_extractor.py", line 29, in split_audio_whisper
    segments = list(segments)
  File "/home/ubuntu/miniconda3/envs/openvoice/lib/python3.9/site-packages/faster_whisper/transcribe.py", line 433, in generate_segments
    ) = self.generate_with_fallback(encoder_output, prompt, tokenizer, options)
  File "/home/ubuntu/miniconda3/envs/openvoice/lib/python3.9/site-packages/faster_whisper/transcribe.py", line 641, in generate_with_fallback
    result = self.model.generate(
RuntimeError: CUDA failed with error out of memory
Traceback (most recent call last):
  File "/home/ubuntu/OpenVoice/job.py", line 334, in <module>
    clone_voice(f"./projects/{i}/{j}")
  File "/home/ubuntu/OpenVoice/job.py", line 201, in clone_voice
    return(convert_color(projectfolder))
  File "/home/ubuntu/OpenVoice/job.py", line 277, in convert_color
    target_se, audio_name = se_extractor.get_se(ref_audio_path, tone_color_converter, vad=False)
  File "/home/ubuntu/OpenVoice/openvoice/se_extractor.py", line 146, in get_se
    wavs_folder = split_audio_whisper(audio_path, target_dir=target_dir, audio_name=audio_name)
  File "/home/ubuntu/OpenVoice/openvoice/se_extractor.py", line 29, in split_audio_whisper
    segments = list(segments)
  File "/home/ubuntu/miniconda3/envs/openvoice/lib/python3.9/site-packages/faster_whisper/transcribe.py", line 433, in generate_segments
    ) = self.generate_with_fallback(encoder_output, prompt, tokenizer, options)
  File "/home/ubuntu/miniconda3/envs/openvoice/lib/python3.9/site-packages/faster_whisper/transcribe.py", line 641, in generate_with_fallback
    result = self.model.generate(
RuntimeError: CUDA failed with error out of memory
Traceback (most recent call last):
  File "/home/ubuntu/OpenVoice/job.py", line 334, in <module>
    clone_voice(f"./projects/{i}/{j}")
  File "/home/ubuntu/OpenVoice/job.py", line 201, in clone_voice
    return(convert_color(projectfolder))
  File "/home/ubuntu/OpenVoice/job.py", line 277, in convert_color
    target_se, audio_name = se_extractor.get_se(ref_audio_path, tone_color_converter, vad=False)
  File "/home/ubuntu/OpenVoice/openvoice/se_extractor.py", line 146, in get_se
    wavs_folder = split_audio_whisper(audio_path, target_dir=target_dir, audio_name=audio_name)
  File "/home/ubuntu/OpenVoice/openvoice/se_extractor.py", line 29, in split_audio_whisper
    segments = list(segments)
  File "/home/ubuntu/miniconda3/envs/openvoice/lib/python3.9/site-packages/faster_whisper/transcribe.py", line 433, in generate_segments
    ) = self.generate_with_fallback(encoder_output, prompt, tokenizer, options)
  File "/home/ubuntu/miniconda3/envs/openvoice/lib/python3.9/site-packages/faster_whisper/transcribe.py", line 641, in generate_with_fallback
    result = self.model.generate(
RuntimeError: CUDA failed with error out of memory
Traceback (most recent call last):
  File "/home/ubuntu/OpenVoice/job.py", line 334, in <module>
    clone_voice(f"./projects/{i}/{j}")
  File "/home/ubuntu/OpenVoice/job.py", line 201, in clone_voice
    return(convert_color(projectfolder))
  File "/home/ubuntu/OpenVoice/job.py", line 277, in convert_color
    target_se, audio_name = se_extractor.get_se(ref_audio_path, tone_color_converter, vad=False)
  File "/home/ubuntu/OpenVoice/openvoice/se_extractor.py", line 146, in get_se
    wavs_folder = split_audio_whisper(audio_path, target_dir=target_dir, audio_name=audio_name)
  File "/home/ubuntu/OpenVoice/openvoice/se_extractor.py", line 29, in split_audio_whisper
    segments = list(segments)
  File "/home/ubuntu/miniconda3/envs/openvoice/lib/python3.9/site-packages/faster_whisper/transcribe.py", line 433, in generate_segments
    ) = self.generate_with_fallback(encoder_output, prompt, tokenizer, options)
  File "/home/ubuntu/miniconda3/envs/openvoice/lib/python3.9/site-packages/faster_whisper/transcribe.py", line 641, in generate_with_fallback
    result = self.model.generate(
RuntimeError: CUDA failed with error out of memory
Traceback (most recent call last):
  File "/home/ubuntu/OpenVoice/job.py", line 334, in <module>
    clone_voice(f"./projects/{i}/{j}")
  File "/home/ubuntu/OpenVoice/job.py", line 201, in clone_voice
    return(convert_color(projectfolder))
  File "/home/ubuntu/OpenVoice/job.py", line 277, in convert_color
    target_se, audio_name = se_extractor.get_se(ref_audio_path, tone_color_converter, vad=False)
  File "/home/ubuntu/OpenVoice/openvoice/se_extractor.py", line 146, in get_se
    wavs_folder = split_audio_whisper(audio_path, target_dir=target_dir, audio_name=audio_name)
  File "/home/ubuntu/OpenVoice/openvoice/se_extractor.py", line 29, in split_audio_whisper
    segments = list(segments)
  File "/home/ubuntu/miniconda3/envs/openvoice/lib/python3.9/site-packages/faster_whisper/transcribe.py", line 433, in generate_segments
    ) = self.generate_with_fallback(encoder_output, prompt, tokenizer, options)
  File "/home/ubuntu/miniconda3/envs/openvoice/lib/python3.9/site-packages/faster_whisper/transcribe.py", line 641, in generate_with_fallback
    result = self.model.generate(
RuntimeError: CUDA failed with error out of memory
Traceback (most recent call last):
  File "/home/ubuntu/OpenVoice/job.py", line 334, in <module>
    clone_voice(f"./projects/{i}/{j}")
  File "/home/ubuntu/OpenVoice/job.py", line 201, in clone_voice
    return(convert_color(projectfolder))
  File "/home/ubuntu/OpenVoice/job.py", line 277, in convert_color
    target_se, audio_name = se_extractor.get_se(ref_audio_path, tone_color_converter, vad=False)
  File "/home/ubuntu/OpenVoice/openvoice/se_extractor.py", line 146, in get_se
    wavs_folder = split_audio_whisper(audio_path, target_dir=target_dir, audio_name=audio_name)
  File "/home/ubuntu/OpenVoice/openvoice/se_extractor.py", line 29, in split_audio_whisper
    segments = list(segments)
  File "/home/ubuntu/miniconda3/envs/openvoice/lib/python3.9/site-packages/faster_whisper/transcribe.py", line 433, in generate_segments
    ) = self.generate_with_fallback(encoder_output, prompt, tokenizer, options)
  File "/home/ubuntu/miniconda3/envs/openvoice/lib/python3.9/site-packages/faster_whisper/transcribe.py", line 641, in generate_with_fallback
    result = self.model.generate(
RuntimeError: CUDA failed with error out of memory
Traceback (most recent call last):
  File "/home/ubuntu/OpenVoice/job.py", line 334, in <module>
    clone_voice(f"./projects/{i}/{j}")
  File "/home/ubuntu/OpenVoice/job.py", line 201, in clone_voice
    return(convert_color(projectfolder))
  File "/home/ubuntu/OpenVoice/job.py", line 277, in convert_color
    target_se, audio_name = se_extractor.get_se(ref_audio_path, tone_color_converter, vad=False)
  File "/home/ubuntu/OpenVoice/openvoice/se_extractor.py", line 146, in get_se
    wavs_folder = split_audio_whisper(audio_path, target_dir=target_dir, audio_name=audio_name)
  File "/home/ubuntu/OpenVoice/openvoice/se_extractor.py", line 29, in split_audio_whisper
    segments = list(segments)
  File "/home/ubuntu/miniconda3/envs/openvoice/lib/python3.9/site-packages/faster_whisper/transcribe.py", line 433, in generate_segments
    ) = self.generate_with_fallback(encoder_output, prompt, tokenizer, options)
  File "/home/ubuntu/miniconda3/envs/openvoice/lib/python3.9/site-packages/faster_whisper/transcribe.py", line 641, in generate_with_fallback
    result = self.model.generate(
RuntimeError: CUDA failed with error out of memory
Traceback (most recent call last):
  File "/home/ubuntu/OpenVoice/job.py", line 334, in <module>
    clone_voice(f"./projects/{i}/{j}")
  File "/home/ubuntu/OpenVoice/job.py", line 201, in clone_voice
    return(convert_color(projectfolder))
  File "/home/ubuntu/OpenVoice/job.py", line 277, in convert_color
    target_se, audio_name = se_extractor.get_se(ref_audio_path, tone_color_converter, vad=False)
  File "/home/ubuntu/OpenVoice/openvoice/se_extractor.py", line 146, in get_se
    wavs_folder = split_audio_whisper(audio_path, target_dir=target_dir, audio_name=audio_name)
  File "/home/ubuntu/OpenVoice/openvoice/se_extractor.py", line 29, in split_audio_whisper
    segments = list(segments)
  File "/home/ubuntu/miniconda3/envs/openvoice/lib/python3.9/site-packages/faster_whisper/transcribe.py", line 433, in generate_segments
    ) = self.generate_with_fallback(encoder_output, prompt, tokenizer, options)
  File "/home/ubuntu/miniconda3/envs/openvoice/lib/python3.9/site-packages/faster_whisper/transcribe.py", line 641, in generate_with_fallback
    result = self.model.generate(
RuntimeError: CUDA failed with error out of memory
Traceback (most recent call last):
  File "/home/ubuntu/OpenVoice/job.py", line 334, in <module>
    clone_voice(f"./projects/{i}/{j}")
  File "/home/ubuntu/OpenVoice/job.py", line 201, in clone_voice
    return(convert_color(projectfolder))
  File "/home/ubuntu/OpenVoice/job.py", line 277, in convert_color
    target_se, audio_name = se_extractor.get_se(ref_audio_path, tone_color_converter, vad=False)
  File "/home/ubuntu/OpenVoice/openvoice/se_extractor.py", line 146, in get_se
    wavs_folder = split_audio_whisper(audio_path, target_dir=target_dir, audio_name=audio_name)
  File "/home/ubuntu/OpenVoice/openvoice/se_extractor.py", line 29, in split_audio_whisper
    segments = list(segments)
  File "/home/ubuntu/miniconda3/envs/openvoice/lib/python3.9/site-packages/faster_whisper/transcribe.py", line 433, in generate_segments
    ) = self.generate_with_fallback(encoder_output, prompt, tokenizer, options)
  File "/home/ubuntu/miniconda3/envs/openvoice/lib/python3.9/site-packages/faster_whisper/transcribe.py", line 641, in generate_with_fallback
    result = self.model.generate(
RuntimeError: CUDA failed with error out of memory
Traceback (most recent call last):
  File "/home/ubuntu/OpenVoice/job.py", line 334, in <module>
    clone_voice(f"./projects/{i}/{j}")
  File "/home/ubuntu/OpenVoice/job.py", line 201, in clone_voice
    return(convert_color(projectfolder))
  File "/home/ubuntu/OpenVoice/job.py", line 277, in convert_color
    target_se, audio_name = se_extractor.get_se(ref_audio_path, tone_color_converter, vad=False)
  File "/home/ubuntu/OpenVoice/openvoice/se_extractor.py", line 146, in get_se
    wavs_folder = split_audio_whisper(audio_path, target_dir=target_dir, audio_name=audio_name)
  File "/home/ubuntu/OpenVoice/openvoice/se_extractor.py", line 29, in split_audio_whisper
    segments = list(segments)
  File "/home/ubuntu/miniconda3/envs/openvoice/lib/python3.9/site-packages/faster_whisper/transcribe.py", line 433, in generate_segments
    ) = self.generate_with_fallback(encoder_output, prompt, tokenizer, options)
  File "/home/ubuntu/miniconda3/envs/openvoice/lib/python3.9/site-packages/faster_whisper/transcribe.py", line 641, in generate_with_fallback
    result = self.model.generate(
RuntimeError: CUDA failed with error out of memory
Traceback (most recent call last):
  File "/home/ubuntu/OpenVoice/job.py", line 334, in <module>
    clone_voice(f"./projects/{i}/{j}")
  File "/home/ubuntu/OpenVoice/job.py", line 201, in clone_voice
    return(convert_color(projectfolder))
  File "/home/ubuntu/OpenVoice/job.py", line 277, in convert_color
    target_se, audio_name = se_extractor.get_se(ref_audio_path, tone_color_converter, vad=False)
  File "/home/ubuntu/OpenVoice/openvoice/se_extractor.py", line 146, in get_se
    wavs_folder = split_audio_whisper(audio_path, target_dir=target_dir, audio_name=audio_name)
  File "/home/ubuntu/OpenVoice/openvoice/se_extractor.py", line 29, in split_audio_whisper
    segments = list(segments)
  File "/home/ubuntu/miniconda3/envs/openvoice/lib/python3.9/site-packages/faster_whisper/transcribe.py", line 433, in generate_segments
    ) = self.generate_with_fallback(encoder_output, prompt, tokenizer, options)
  File "/home/ubuntu/miniconda3/envs/openvoice/lib/python3.9/site-packages/faster_whisper/transcribe.py", line 641, in generate_with_fallback
    result = self.model.generate(
RuntimeError: CUDA failed with error out of memory
Traceback (most recent call last):
  File "/home/ubuntu/OpenVoice/job.py", line 334, in <module>
    clone_voice(f"./projects/{i}/{j}")
  File "/home/ubuntu/OpenVoice/job.py", line 201, in clone_voice
    return(convert_color(projectfolder))
  File "/home/ubuntu/OpenVoice/job.py", line 277, in convert_color
    target_se, audio_name = se_extractor.get_se(ref_audio_path, tone_color_converter, vad=False)
  File "/home/ubuntu/OpenVoice/openvoice/se_extractor.py", line 150, in get_se
    raise NotImplementedError('No audio segments found!')
NotImplementedError: No audio segments found!
Traceback (most recent call last):
  File "/home/ubuntu/OpenVoice/job.py", line 334, in <module>
    clone_voice(f"./projects/{i}/{j}")
  File "/home/ubuntu/OpenVoice/job.py", line 201, in clone_voice
    return(convert_color(projectfolder))
  File "/home/ubuntu/OpenVoice/job.py", line 277, in convert_color
    target_se, audio_name = se_extractor.get_se(ref_audio_path, tone_color_converter, vad=False)
  File "/home/ubuntu/OpenVoice/openvoice/se_extractor.py", line 146, in get_se
    wavs_folder = split_audio_whisper(audio_path, target_dir=target_dir, audio_name=audio_name)
  File "/home/ubuntu/OpenVoice/openvoice/se_extractor.py", line 29, in split_audio_whisper
    segments = list(segments)
  File "/home/ubuntu/miniconda3/envs/openvoice/lib/python3.9/site-packages/faster_whisper/transcribe.py", line 433, in generate_segments
    ) = self.generate_with_fallback(encoder_output, prompt, tokenizer, options)
  File "/home/ubuntu/miniconda3/envs/openvoice/lib/python3.9/site-packages/faster_whisper/transcribe.py", line 641, in generate_with_fallback
    result = self.model.generate(
RuntimeError: CUDA failed with error out of memory
Traceback (most recent call last):
  File "/home/ubuntu/OpenVoice/job.py", line 334, in <module>
    clone_voice(f"./projects/{i}/{j}")
  File "/home/ubuntu/OpenVoice/job.py", line 201, in clone_voice
    return(convert_color(projectfolder))
  File "/home/ubuntu/OpenVoice/job.py", line 277, in convert_color
    target_se, audio_name = se_extractor.get_se(ref_audio_path, tone_color_converter, vad=False)
  File "/home/ubuntu/OpenVoice/openvoice/se_extractor.py", line 146, in get_se
    wavs_folder = split_audio_whisper(audio_path, target_dir=target_dir, audio_name=audio_name)
  File "/home/ubuntu/OpenVoice/openvoice/se_extractor.py", line 29, in split_audio_whisper
    segments = list(segments)
  File "/home/ubuntu/miniconda3/envs/openvoice/lib/python3.9/site-packages/faster_whisper/transcribe.py", line 433, in generate_segments
    ) = self.generate_with_fallback(encoder_output, prompt, tokenizer, options)
  File "/home/ubuntu/miniconda3/envs/openvoice/lib/python3.9/site-packages/faster_whisper/transcribe.py", line 641, in generate_with_fallback
    result = self.model.generate(
RuntimeError: CUDA failed with error out of memory
Traceback (most recent call last):
  File "/home/ubuntu/OpenVoice/job.py", line 334, in <module>
    clone_voice(f"./projects/{i}/{j}")
  File "/home/ubuntu/OpenVoice/job.py", line 201, in clone_voice
    return(convert_color(projectfolder))
  File "/home/ubuntu/OpenVoice/job.py", line 277, in convert_color
    target_se, audio_name = se_extractor.get_se(ref_audio_path, tone_color_converter, vad=False)
  File "/home/ubuntu/OpenVoice/openvoice/se_extractor.py", line 146, in get_se
    wavs_folder = split_audio_whisper(audio_path, target_dir=target_dir, audio_name=audio_name)
  File "/home/ubuntu/OpenVoice/openvoice/se_extractor.py", line 29, in split_audio_whisper
    segments = list(segments)
  File "/home/ubuntu/miniconda3/envs/openvoice/lib/python3.9/site-packages/faster_whisper/transcribe.py", line 433, in generate_segments
    ) = self.generate_with_fallback(encoder_output, prompt, tokenizer, options)
  File "/home/ubuntu/miniconda3/envs/openvoice/lib/python3.9/site-packages/faster_whisper/transcribe.py", line 641, in generate_with_fallback
    result = self.model.generate(
RuntimeError: CUDA failed with error out of memory
Traceback (most recent call last):
  File "/home/ubuntu/OpenVoice/job.py", line 334, in <module>
    clone_voice(f"./projects/{i}/{j}")
  File "/home/ubuntu/OpenVoice/job.py", line 201, in clone_voice
    return(convert_color(projectfolder))
  File "/home/ubuntu/OpenVoice/job.py", line 277, in convert_color
    target_se, audio_name = se_extractor.get_se(ref_audio_path, tone_color_converter, vad=False)
  File "/home/ubuntu/OpenVoice/openvoice/se_extractor.py", line 146, in get_se
    wavs_folder = split_audio_whisper(audio_path, target_dir=target_dir, audio_name=audio_name)
  File "/home/ubuntu/OpenVoice/openvoice/se_extractor.py", line 29, in split_audio_whisper
    segments = list(segments)
  File "/home/ubuntu/miniconda3/envs/openvoice/lib/python3.9/site-packages/faster_whisper/transcribe.py", line 433, in generate_segments
    ) = self.generate_with_fallback(encoder_output, prompt, tokenizer, options)
  File "/home/ubuntu/miniconda3/envs/openvoice/lib/python3.9/site-packages/faster_whisper/transcribe.py", line 641, in generate_with_fallback
    result = self.model.generate(
RuntimeError: CUDA failed with error out of memory
Traceback (most recent call last):
  File "/home/ubuntu/OpenVoice/job.py", line 334, in <module>
    clone_voice(f"./projects/{i}/{j}")
  File "/home/ubuntu/OpenVoice/job.py", line 201, in clone_voice
    return(convert_color(projectfolder))
  File "/home/ubuntu/OpenVoice/job.py", line 277, in convert_color
    target_se, audio_name = se_extractor.get_se(ref_audio_path, tone_color_converter, vad=False)
  File "/home/ubuntu/OpenVoice/openvoice/se_extractor.py", line 146, in get_se
    wavs_folder = split_audio_whisper(audio_path, target_dir=target_dir, audio_name=audio_name)
  File "/home/ubuntu/OpenVoice/openvoice/se_extractor.py", line 29, in split_audio_whisper
    segments = list(segments)
  File "/home/ubuntu/miniconda3/envs/openvoice/lib/python3.9/site-packages/faster_whisper/transcribe.py", line 433, in generate_segments
    ) = self.generate_with_fallback(encoder_output, prompt, tokenizer, options)
  File "/home/ubuntu/miniconda3/envs/openvoice/lib/python3.9/site-packages/faster_whisper/transcribe.py", line 641, in generate_with_fallback
    result = self.model.generate(
RuntimeError: CUDA failed with error out of memory
Traceback (most recent call last):
  File "/home/ubuntu/OpenVoice/job.py", line 334, in <module>
    clone_voice(f"./projects/{i}/{j}")
  File "/home/ubuntu/OpenVoice/job.py", line 201, in clone_voice
    return(convert_color(projectfolder))
  File "/home/ubuntu/OpenVoice/job.py", line 277, in convert_color
    target_se, audio_name = se_extractor.get_se(ref_audio_path, tone_color_converter, vad=False)
  File "/home/ubuntu/OpenVoice/openvoice/se_extractor.py", line 146, in get_se
    wavs_folder = split_audio_whisper(audio_path, target_dir=target_dir, audio_name=audio_name)
  File "/home/ubuntu/OpenVoice/openvoice/se_extractor.py", line 29, in split_audio_whisper
    segments = list(segments)
  File "/home/ubuntu/miniconda3/envs/openvoice/lib/python3.9/site-packages/faster_whisper/transcribe.py", line 433, in generate_segments
    ) = self.generate_with_fallback(encoder_output, prompt, tokenizer, options)
  File "/home/ubuntu/miniconda3/envs/openvoice/lib/python3.9/site-packages/faster_whisper/transcribe.py", line 641, in generate_with_fallback
    result = self.model.generate(
RuntimeError: CUDA failed with error out of memory
Traceback (most recent call last):
  File "/home/ubuntu/OpenVoice/job.py", line 334, in <module>
    clone_voice(f"./projects/{i}/{j}")
  File "/home/ubuntu/OpenVoice/job.py", line 201, in clone_voice
    return(convert_color(projectfolder))
  File "/home/ubuntu/OpenVoice/job.py", line 277, in convert_color
    target_se, audio_name = se_extractor.get_se(ref_audio_path, tone_color_converter, vad=False)
  File "/home/ubuntu/OpenVoice/openvoice/se_extractor.py", line 150, in get_se
    raise NotImplementedError('No audio segments found!')
NotImplementedError: No audio segments found!
Traceback (most recent call last):
  File "/home/ubuntu/OpenVoice/job.py", line 334, in <module>
    clone_voice(f"./projects/{i}/{j}")
  File "/home/ubuntu/OpenVoice/job.py", line 201, in clone_voice
    return(convert_color(projectfolder))
  File "/home/ubuntu/OpenVoice/job.py", line 277, in convert_color
    target_se, audio_name = se_extractor.get_se(ref_audio_path, tone_color_converter, vad=False)
  File "/home/ubuntu/OpenVoice/openvoice/se_extractor.py", line 150, in get_se
    raise NotImplementedError('No audio segments found!')
NotImplementedError: No audio segments found!
Traceback (most recent call last):
  File "/home/ubuntu/OpenVoice/job.py", line 334, in <module>
    clone_voice(f"./projects/{i}/{j}")
  File "/home/ubuntu/OpenVoice/job.py", line 201, in clone_voice
    return(convert_color(projectfolder))
  File "/home/ubuntu/OpenVoice/job.py", line 277, in convert_color
    target_se, audio_name = se_extractor.get_se(ref_audio_path, tone_color_converter, vad=False)
  File "/home/ubuntu/OpenVoice/openvoice/se_extractor.py", line 150, in get_se
    raise NotImplementedError('No audio segments found!')
NotImplementedError: No audio segments found!
Traceback (most recent call last):
  File "/home/ubuntu/OpenVoice/job.py", line 334, in <module>
    clone_voice(f"./projects/{i}/{j}")
  File "/home/ubuntu/OpenVoice/job.py", line 201, in clone_voice
    return(convert_color(projectfolder))
  File "/home/ubuntu/OpenVoice/job.py", line 277, in convert_color
    target_se, audio_name = se_extractor.get_se(ref_audio_path, tone_color_converter, vad=False)
  File "/home/ubuntu/OpenVoice/openvoice/se_extractor.py", line 150, in get_se
    raise NotImplementedError('No audio segments found!')
NotImplementedError: No audio segments found!
Traceback (most recent call last):
  File "/home/ubuntu/OpenVoice/job.py", line 334, in <module>
    clone_voice(f"./projects/{i}/{j}")
  File "/home/ubuntu/OpenVoice/job.py", line 201, in clone_voice
    return(convert_color(projectfolder))
  File "/home/ubuntu/OpenVoice/job.py", line 277, in convert_color
    target_se, audio_name = se_extractor.get_se(ref_audio_path, tone_color_converter, vad=False)
  File "/home/ubuntu/OpenVoice/openvoice/se_extractor.py", line 150, in get_se
    raise NotImplementedError('No audio segments found!')
NotImplementedError: No audio segments found!
Traceback (most recent call last):
  File "/home/ubuntu/OpenVoice/job.py", line 334, in <module>
    clone_voice(f"./projects/{i}/{j}")
  File "/home/ubuntu/OpenVoice/job.py", line 201, in clone_voice
    return(convert_color(projectfolder))
  File "/home/ubuntu/OpenVoice/job.py", line 277, in convert_color
    target_se, audio_name = se_extractor.get_se(ref_audio_path, tone_color_converter, vad=False)
  File "/home/ubuntu/OpenVoice/openvoice/se_extractor.py", line 150, in get_se
    raise NotImplementedError('No audio segments found!')
NotImplementedError: No audio segments found!
Traceback (most recent call last):
  File "/home/ubuntu/OpenVoice/job.py", line 334, in <module>
    clone_voice(f"./projects/{i}/{j}")
  File "/home/ubuntu/OpenVoice/job.py", line 201, in clone_voice
    return(convert_color(projectfolder))
  File "/home/ubuntu/OpenVoice/job.py", line 277, in convert_color
    target_se, audio_name = se_extractor.get_se(ref_audio_path, tone_color_converter, vad=False)
  File "/home/ubuntu/OpenVoice/openvoice/se_extractor.py", line 150, in get_se
    raise NotImplementedError('No audio segments found!')
NotImplementedError: No audio segments found!
Traceback (most recent call last):
  File "/home/ubuntu/OpenVoice/job.py", line 334, in <module>
    clone_voice(f"./projects/{i}/{j}")
  File "/home/ubuntu/OpenVoice/job.py", line 201, in clone_voice
    return(convert_color(projectfolder))
  File "/home/ubuntu/OpenVoice/job.py", line 277, in convert_color
    target_se, audio_name = se_extractor.get_se(ref_audio_path, tone_color_converter, vad=False)
  File "/home/ubuntu/OpenVoice/openvoice/se_extractor.py", line 150, in get_se
    raise NotImplementedError('No audio segments found!')
NotImplementedError: No audio segments found!
Traceback (most recent call last):
  File "/home/ubuntu/OpenVoice/job.py", line 334, in <module>
    clone_voice(f"./projects/{i}/{j}")
  File "/home/ubuntu/OpenVoice/job.py", line 201, in clone_voice
    return(convert_color(projectfolder))
  File "/home/ubuntu/OpenVoice/job.py", line 277, in convert_color
    target_se, audio_name = se_extractor.get_se(ref_audio_path, tone_color_converter, vad=False)
  File "/home/ubuntu/OpenVoice/openvoice/se_extractor.py", line 150, in get_se
    raise NotImplementedError('No audio segments found!')
NotImplementedError: No audio segments found!
Traceback (most recent call last):
  File "/home/ubuntu/OpenVoice/job.py", line 334, in <module>
    clone_voice(f"./projects/{i}/{j}")
  File "/home/ubuntu/OpenVoice/job.py", line 201, in clone_voice
    return(convert_color(projectfolder))
  File "/home/ubuntu/OpenVoice/job.py", line 277, in convert_color
    target_se, audio_name = se_extractor.get_se(ref_audio_path, tone_color_converter, vad=False)
  File "/home/ubuntu/OpenVoice/openvoice/se_extractor.py", line 150, in get_se
    raise NotImplementedError('No audio segments found!')
NotImplementedError: No audio segments found!
Traceback (most recent call last):
  File "/home/ubuntu/OpenVoice/job.py", line 334, in <module>
    clone_voice(f"./projects/{i}/{j}")
  File "/home/ubuntu/OpenVoice/job.py", line 201, in clone_voice
    return(convert_color(projectfolder))
  File "/home/ubuntu/OpenVoice/job.py", line 277, in convert_color
    target_se, audio_name = se_extractor.get_se(ref_audio_path, tone_color_converter, vad=False)
  File "/home/ubuntu/OpenVoice/openvoice/se_extractor.py", line 150, in get_se
    raise NotImplementedError('No audio segments found!')
NotImplementedError: No audio segments found!
Traceback (most recent call last):
  File "/home/ubuntu/OpenVoice/job.py", line 334, in <module>
    clone_voice(f"./projects/{i}/{j}")
  File "/home/ubuntu/OpenVoice/job.py", line 201, in clone_voice
    return(convert_color(projectfolder))
  File "/home/ubuntu/OpenVoice/job.py", line 277, in convert_color
    target_se, audio_name = se_extractor.get_se(ref_audio_path, tone_color_converter, vad=False)
  File "/home/ubuntu/OpenVoice/openvoice/se_extractor.py", line 150, in get_se
    raise NotImplementedError('No audio segments found!')
NotImplementedError: No audio segments found!
Traceback (most recent call last):
  File "/home/ubuntu/OpenVoice/job.py", line 334, in <module>
    clone_voice(f"./projects/{i}/{j}")
  File "/home/ubuntu/OpenVoice/job.py", line 201, in clone_voice
    return(convert_color(projectfolder))
  File "/home/ubuntu/OpenVoice/job.py", line 277, in convert_color
    target_se, audio_name = se_extractor.get_se(ref_audio_path, tone_color_converter, vad=False)
  File "/home/ubuntu/OpenVoice/openvoice/se_extractor.py", line 150, in get_se
    raise NotImplementedError('No audio segments found!')
NotImplementedError: No audio segments found!
Traceback (most recent call last):
  File "/home/ubuntu/OpenVoice/job.py", line 334, in <module>
    clone_voice(f"./projects/{i}/{j}")
  File "/home/ubuntu/OpenVoice/job.py", line 201, in clone_voice
    return(convert_color(projectfolder))
  File "/home/ubuntu/OpenVoice/job.py", line 277, in convert_color
    target_se, audio_name = se_extractor.get_se(ref_audio_path, tone_color_converter, vad=False)
  File "/home/ubuntu/OpenVoice/openvoice/se_extractor.py", line 150, in get_se
    raise NotImplementedError('No audio segments found!')
NotImplementedError: No audio segments found!
Traceback (most recent call last):
  File "/home/ubuntu/OpenVoice/job.py", line 334, in <module>
    clone_voice(f"./projects/{i}/{j}")
  File "/home/ubuntu/OpenVoice/job.py", line 201, in clone_voice
    return(convert_color(projectfolder))
  File "/home/ubuntu/OpenVoice/job.py", line 277, in convert_color
    target_se, audio_name = se_extractor.get_se(ref_audio_path, tone_color_converter, vad=False)
  File "/home/ubuntu/OpenVoice/openvoice/se_extractor.py", line 150, in get_se
    raise NotImplementedError('No audio segments found!')
NotImplementedError: No audio segments found!
Traceback (most recent call last):
  File "/home/ubuntu/OpenVoice/job.py", line 334, in <module>
    clone_voice(f"./projects/{i}/{j}")
  File "/home/ubuntu/OpenVoice/job.py", line 201, in clone_voice
    return(convert_color(projectfolder))
  File "/home/ubuntu/OpenVoice/job.py", line 277, in convert_color
    target_se, audio_name = se_extractor.get_se(ref_audio_path, tone_color_converter, vad=False)
  File "/home/ubuntu/OpenVoice/openvoice/se_extractor.py", line 150, in get_se
    raise NotImplementedError('No audio segments found!')
NotImplementedError: No audio segments found!
Traceback (most recent call last):
  File "/home/ubuntu/OpenVoice/job.py", line 334, in <module>
    clone_voice(f"./projects/{i}/{j}")
  File "/home/ubuntu/OpenVoice/job.py", line 201, in clone_voice
    return(convert_color(projectfolder))
  File "/home/ubuntu/OpenVoice/job.py", line 277, in convert_color
    target_se, audio_name = se_extractor.get_se(ref_audio_path, tone_color_converter, vad=False)
  File "/home/ubuntu/OpenVoice/openvoice/se_extractor.py", line 150, in get_se
    raise NotImplementedError('No audio segments found!')
NotImplementedError: No audio segments found!
Traceback (most recent call last):
  File "/home/ubuntu/OpenVoice/job.py", line 334, in <module>
    clone_voice(f"./projects/{i}/{j}")
  File "/home/ubuntu/OpenVoice/job.py", line 201, in clone_voice
    return(convert_color(projectfolder))
  File "/home/ubuntu/OpenVoice/job.py", line 277, in convert_color
    target_se, audio_name = se_extractor.get_se(ref_audio_path, tone_color_converter, vad=False)
  File "/home/ubuntu/OpenVoice/openvoice/se_extractor.py", line 150, in get_se
    raise NotImplementedError('No audio segments found!')
NotImplementedError: No audio segments found!
Traceback (most recent call last):
  File "/home/ubuntu/OpenVoice/job.py", line 334, in <module>
    clone_voice(f"./projects/{i}/{j}")
  File "/home/ubuntu/OpenVoice/job.py", line 201, in clone_voice
    return(convert_color(projectfolder))
  File "/home/ubuntu/OpenVoice/job.py", line 277, in convert_color
    target_se, audio_name = se_extractor.get_se(ref_audio_path, tone_color_converter, vad=False)
  File "/home/ubuntu/OpenVoice/openvoice/se_extractor.py", line 150, in get_se
    raise NotImplementedError('No audio segments found!')
NotImplementedError: No audio segments found!
Traceback (most recent call last):
  File "/home/ubuntu/OpenVoice/job.py", line 334, in <module>
    clone_voice(f"./projects/{i}/{j}")
  File "/home/ubuntu/OpenVoice/job.py", line 201, in clone_voice
    return(convert_color(projectfolder))
  File "/home/ubuntu/OpenVoice/job.py", line 277, in convert_color
    target_se, audio_name = se_extractor.get_se(ref_audio_path, tone_color_converter, vad=False)
  File "/home/ubuntu/OpenVoice/openvoice/se_extractor.py", line 150, in get_se
    raise NotImplementedError('No audio segments found!')
NotImplementedError: No audio segments found!
Traceback (most recent call last):
  File "/home/ubuntu/OpenVoice/job.py", line 334, in <module>
    clone_voice(f"./projects/{i}/{j}")
  File "/home/ubuntu/OpenVoice/job.py", line 201, in clone_voice
    return(convert_color(projectfolder))
  File "/home/ubuntu/OpenVoice/job.py", line 277, in convert_color
    target_se, audio_name = se_extractor.get_se(ref_audio_path, tone_color_converter, vad=False)
  File "/home/ubuntu/OpenVoice/openvoice/se_extractor.py", line 150, in get_se
    raise NotImplementedError('No audio segments found!')
NotImplementedError: No audio segments found!
Traceback (most recent call last):
  File "/home/ubuntu/OpenVoice/job.py", line 334, in <module>
    clone_voice(f"./projects/{i}/{j}")
  File "/home/ubuntu/OpenVoice/job.py", line 201, in clone_voice
    return(convert_color(projectfolder))
  File "/home/ubuntu/OpenVoice/job.py", line 277, in convert_color
    target_se, audio_name = se_extractor.get_se(ref_audio_path, tone_color_converter, vad=False)
  File "/home/ubuntu/OpenVoice/openvoice/se_extractor.py", line 150, in get_se
    raise NotImplementedError('No audio segments found!')
NotImplementedError: No audio segments found!
Traceback (most recent call last):
  File "/home/ubuntu/OpenVoice/job.py", line 334, in <module>
    clone_voice(f"./projects/{i}/{j}")
  File "/home/ubuntu/OpenVoice/job.py", line 201, in clone_voice
    return(convert_color(projectfolder))
  File "/home/ubuntu/OpenVoice/job.py", line 277, in convert_color
    target_se, audio_name = se_extractor.get_se(ref_audio_path, tone_color_converter, vad=False)
  File "/home/ubuntu/OpenVoice/openvoice/se_extractor.py", line 150, in get_se
    raise NotImplementedError('No audio segments found!')
NotImplementedError: No audio segments found!
Traceback (most recent call last):
  File "/home/ubuntu/OpenVoice/job.py", line 334, in <module>
    clone_voice(f"./projects/{i}/{j}")
  File "/home/ubuntu/OpenVoice/job.py", line 201, in clone_voice
    return(convert_color(projectfolder))
  File "/home/ubuntu/OpenVoice/job.py", line 277, in convert_color
    target_se, audio_name = se_extractor.get_se(ref_audio_path, tone_color_converter, vad=False)
  File "/home/ubuntu/OpenVoice/openvoice/se_extractor.py", line 150, in get_se
    raise NotImplementedError('No audio segments found!')
NotImplementedError: No audio segments found!
Traceback (most recent call last):
  File "/home/ubuntu/OpenVoice/job.py", line 334, in <module>
    clone_voice(f"./projects/{i}/{j}")
  File "/home/ubuntu/OpenVoice/job.py", line 201, in clone_voice
    return(convert_color(projectfolder))
  File "/home/ubuntu/OpenVoice/job.py", line 277, in convert_color
    target_se, audio_name = se_extractor.get_se(ref_audio_path, tone_color_converter, vad=False)
  File "/home/ubuntu/OpenVoice/openvoice/se_extractor.py", line 150, in get_se
    raise NotImplementedError('No audio segments found!')
NotImplementedError: No audio segments found!
Traceback (most recent call last):
  File "/home/ubuntu/OpenVoice/job.py", line 334, in <module>
    clone_voice(f"./projects/{i}/{j}")
  File "/home/ubuntu/OpenVoice/job.py", line 201, in clone_voice
    return(convert_color(projectfolder))
  File "/home/ubuntu/OpenVoice/job.py", line 277, in convert_color
    target_se, audio_name = se_extractor.get_se(ref_audio_path, tone_color_converter, vad=False)
  File "/home/ubuntu/OpenVoice/openvoice/se_extractor.py", line 150, in get_se
    raise NotImplementedError('No audio segments found!')
NotImplementedError: No audio segments found!
Traceback (most recent call last):
  File "/home/ubuntu/OpenVoice/job.py", line 334, in <module>
    clone_voice(f"./projects/{i}/{j}")
  File "/home/ubuntu/OpenVoice/job.py", line 201, in clone_voice
    return(convert_color(projectfolder))
  File "/home/ubuntu/OpenVoice/job.py", line 277, in convert_color
    target_se, audio_name = se_extractor.get_se(ref_audio_path, tone_color_converter, vad=False)
  File "/home/ubuntu/OpenVoice/openvoice/se_extractor.py", line 150, in get_se
    raise NotImplementedError('No audio segments found!')
NotImplementedError: No audio segments found!
Traceback (most recent call last):
  File "/home/ubuntu/OpenVoice/job.py", line 334, in <module>
    clone_voice(f"./projects/{i}/{j}")
  File "/home/ubuntu/OpenVoice/job.py", line 201, in clone_voice
    return(convert_color(projectfolder))
  File "/home/ubuntu/OpenVoice/job.py", line 277, in convert_color
    target_se, audio_name = se_extractor.get_se(ref_audio_path, tone_color_converter, vad=False)
  File "/home/ubuntu/OpenVoice/openvoice/se_extractor.py", line 150, in get_se
    raise NotImplementedError('No audio segments found!')
NotImplementedError: No audio segments found!
Traceback (most recent call last):
  File "/home/ubuntu/OpenVoice/job.py", line 334, in <module>
    clone_voice(f"./projects/{i}/{j}")
  File "/home/ubuntu/OpenVoice/job.py", line 201, in clone_voice
    return(convert_color(projectfolder))
  File "/home/ubuntu/OpenVoice/job.py", line 277, in convert_color
    target_se, audio_name = se_extractor.get_se(ref_audio_path, tone_color_converter, vad=False)
  File "/home/ubuntu/OpenVoice/openvoice/se_extractor.py", line 150, in get_se
    raise NotImplementedError('No audio segments found!')
NotImplementedError: No audio segments found!
Traceback (most recent call last):
  File "/home/ubuntu/OpenVoice/job.py", line 334, in <module>
    clone_voice(f"./projects/{i}/{j}")
  File "/home/ubuntu/OpenVoice/job.py", line 201, in clone_voice
    return(convert_color(projectfolder))
  File "/home/ubuntu/OpenVoice/job.py", line 277, in convert_color
    target_se, audio_name = se_extractor.get_se(ref_audio_path, tone_color_converter, vad=False)
  File "/home/ubuntu/OpenVoice/openvoice/se_extractor.py", line 150, in get_se
    raise NotImplementedError('No audio segments found!')
NotImplementedError: No audio segments found!
Traceback (most recent call last):
  File "/home/ubuntu/OpenVoice/job.py", line 334, in <module>
    clone_voice(f"./projects/{i}/{j}")
  File "/home/ubuntu/OpenVoice/job.py", line 201, in clone_voice
    return(convert_color(projectfolder))
  File "/home/ubuntu/OpenVoice/job.py", line 277, in convert_color
    target_se, audio_name = se_extractor.get_se(ref_audio_path, tone_color_converter, vad=False)
  File "/home/ubuntu/OpenVoice/openvoice/se_extractor.py", line 150, in get_se
    raise NotImplementedError('No audio segments found!')
NotImplementedError: No audio segments found!
Traceback (most recent call last):
  File "/home/ubuntu/OpenVoice/job.py", line 334, in <module>
    clone_voice(f"./projects/{i}/{j}")
  File "/home/ubuntu/OpenVoice/job.py", line 201, in clone_voice
    return(convert_color(projectfolder))
  File "/home/ubuntu/OpenVoice/job.py", line 277, in convert_color
    target_se, audio_name = se_extractor.get_se(ref_audio_path, tone_color_converter, vad=False)
  File "/home/ubuntu/OpenVoice/openvoice/se_extractor.py", line 150, in get_se
    raise NotImplementedError('No audio segments found!')
NotImplementedError: No audio segments found!
Traceback (most recent call last):
  File "/home/ubuntu/OpenVoice/job.py", line 334, in <module>
    clone_voice(f"./projects/{i}/{j}")
  File "/home/ubuntu/OpenVoice/job.py", line 201, in clone_voice
    return(convert_color(projectfolder))
  File "/home/ubuntu/OpenVoice/job.py", line 277, in convert_color
    target_se, audio_name = se_extractor.get_se(ref_audio_path, tone_color_converter, vad=False)
  File "/home/ubuntu/OpenVoice/openvoice/se_extractor.py", line 150, in get_se
    raise NotImplementedError('No audio segments found!')
NotImplementedError: No audio segments found!
Traceback (most recent call last):
  File "/home/ubuntu/OpenVoice/job.py", line 334, in <module>
    clone_voice(f"./projects/{i}/{j}")
  File "/home/ubuntu/OpenVoice/job.py", line 201, in clone_voice
    return(convert_color(projectfolder))
  File "/home/ubuntu/OpenVoice/job.py", line 277, in convert_color
    target_se, audio_name = se_extractor.get_se(ref_audio_path, tone_color_converter, vad=False)
  File "/home/ubuntu/OpenVoice/openvoice/se_extractor.py", line 150, in get_se
    raise NotImplementedError('No audio segments found!')
NotImplementedError: No audio segments found!
Traceback (most recent call last):
  File "/home/ubuntu/OpenVoice/job.py", line 334, in <module>
    clone_voice(f"./projects/{i}/{j}")
  File "/home/ubuntu/OpenVoice/job.py", line 201, in clone_voice
    return(convert_color(projectfolder))
  File "/home/ubuntu/OpenVoice/job.py", line 277, in convert_color
    target_se, audio_name = se_extractor.get_se(ref_audio_path, tone_color_converter, vad=False)
  File "/home/ubuntu/OpenVoice/openvoice/se_extractor.py", line 150, in get_se
    raise NotImplementedError('No audio segments found!')
NotImplementedError: No audio segments found!
Traceback (most recent call last):
  File "/home/ubuntu/OpenVoice/job.py", line 334, in <module>
    clone_voice(f"./projects/{i}/{j}")
  File "/home/ubuntu/OpenVoice/job.py", line 201, in clone_voice
    return(convert_color(projectfolder))
  File "/home/ubuntu/OpenVoice/job.py", line 277, in convert_color
    target_se, audio_name = se_extractor.get_se(ref_audio_path, tone_color_converter, vad=False)
  File "/home/ubuntu/OpenVoice/openvoice/se_extractor.py", line 150, in get_se
    raise NotImplementedError('No audio segments found!')
NotImplementedError: No audio segments found!
Traceback (most recent call last):
  File "/home/ubuntu/OpenVoice/job.py", line 334, in <module>
    clone_voice(f"./projects/{i}/{j}")
  File "/home/ubuntu/OpenVoice/job.py", line 201, in clone_voice
    return(convert_color(projectfolder))
  File "/home/ubuntu/OpenVoice/job.py", line 277, in convert_color
    target_se, audio_name = se_extractor.get_se(ref_audio_path, tone_color_converter, vad=False)
  File "/home/ubuntu/OpenVoice/openvoice/se_extractor.py", line 150, in get_se
    raise NotImplementedError('No audio segments found!')
NotImplementedError: No audio segments found!
Traceback (most recent call last):
  File "/home/ubuntu/OpenVoice/job.py", line 334, in <module>
    clone_voice(f"./projects/{i}/{j}")
  File "/home/ubuntu/OpenVoice/job.py", line 201, in clone_voice
    return(convert_color(projectfolder))
  File "/home/ubuntu/OpenVoice/job.py", line 277, in convert_color
    target_se, audio_name = se_extractor.get_se(ref_audio_path, tone_color_converter, vad=False)
  File "/home/ubuntu/OpenVoice/openvoice/se_extractor.py", line 150, in get_se
    raise NotImplementedError('No audio segments found!')
NotImplementedError: No audio segments found!
Traceback (most recent call last):
  File "/home/ubuntu/OpenVoice/job.py", line 334, in <module>
    clone_voice(f"./projects/{i}/{j}")
  File "/home/ubuntu/OpenVoice/job.py", line 201, in clone_voice
    return(convert_color(projectfolder))
  File "/home/ubuntu/OpenVoice/job.py", line 277, in convert_color
    target_se, audio_name = se_extractor.get_se(ref_audio_path, tone_color_converter, vad=False)
  File "/home/ubuntu/OpenVoice/openvoice/se_extractor.py", line 150, in get_se
    raise NotImplementedError('No audio segments found!')
NotImplementedError: No audio segments found!
Traceback (most recent call last):
  File "/home/ubuntu/OpenVoice/job.py", line 334, in <module>
    clone_voice(f"./projects/{i}/{j}")
  File "/home/ubuntu/OpenVoice/job.py", line 201, in clone_voice
    return(convert_color(projectfolder))
  File "/home/ubuntu/OpenVoice/job.py", line 277, in convert_color
    target_se, audio_name = se_extractor.get_se(ref_audio_path, tone_color_converter, vad=False)
  File "/home/ubuntu/OpenVoice/openvoice/se_extractor.py", line 150, in get_se
    raise NotImplementedError('No audio segments found!')
NotImplementedError: No audio segments found!
Traceback (most recent call last):
  File "/home/ubuntu/OpenVoice/job.py", line 334, in <module>
    clone_voice(f"./projects/{i}/{j}")
  File "/home/ubuntu/OpenVoice/job.py", line 201, in clone_voice
    return(convert_color(projectfolder))
  File "/home/ubuntu/OpenVoice/job.py", line 277, in convert_color
    target_se, audio_name = se_extractor.get_se(ref_audio_path, tone_color_converter, vad=False)
  File "/home/ubuntu/OpenVoice/openvoice/se_extractor.py", line 150, in get_se
    raise NotImplementedError('No audio segments found!')
NotImplementedError: No audio segments found!
Traceback (most recent call last):
  File "/home/ubuntu/OpenVoice/job.py", line 334, in <module>
    clone_voice(f"./projects/{i}/{j}")
  File "/home/ubuntu/OpenVoice/job.py", line 201, in clone_voice
    return(convert_color(projectfolder))
  File "/home/ubuntu/OpenVoice/job.py", line 277, in convert_color
    target_se, audio_name = se_extractor.get_se(ref_audio_path, tone_color_converter, vad=False)
  File "/home/ubuntu/OpenVoice/openvoice/se_extractor.py", line 150, in get_se
    raise NotImplementedError('No audio segments found!')
NotImplementedError: No audio segments found!
Traceback (most recent call last):
  File "/home/ubuntu/OpenVoice/job.py", line 334, in <module>
    clone_voice(f"./projects/{i}/{j}")
  File "/home/ubuntu/OpenVoice/job.py", line 201, in clone_voice
    return(convert_color(projectfolder))
  File "/home/ubuntu/OpenVoice/job.py", line 277, in convert_color
    target_se, audio_name = se_extractor.get_se(ref_audio_path, tone_color_converter, vad=False)
  File "/home/ubuntu/OpenVoice/openvoice/se_extractor.py", line 150, in get_se
    raise NotImplementedError('No audio segments found!')
NotImplementedError: No audio segments found!
Traceback (most recent call last):
  File "/home/ubuntu/OpenVoice/job.py", line 334, in <module>
    clone_voice(f"./projects/{i}/{j}")
  File "/home/ubuntu/OpenVoice/job.py", line 201, in clone_voice
    return(convert_color(projectfolder))
  File "/home/ubuntu/OpenVoice/job.py", line 277, in convert_color
    target_se, audio_name = se_extractor.get_se(ref_audio_path, tone_color_converter, vad=False)
  File "/home/ubuntu/OpenVoice/openvoice/se_extractor.py", line 150, in get_se
    raise NotImplementedError('No audio segments found!')
NotImplementedError: No audio segments found!
Traceback (most recent call last):
  File "/home/ubuntu/OpenVoice/job.py", line 334, in <module>
    clone_voice(f"./projects/{i}/{j}")
  File "/home/ubuntu/OpenVoice/job.py", line 201, in clone_voice
    return(convert_color(projectfolder))
  File "/home/ubuntu/OpenVoice/job.py", line 277, in convert_color
    target_se, audio_name = se_extractor.get_se(ref_audio_path, tone_color_converter, vad=False)
  File "/home/ubuntu/OpenVoice/openvoice/se_extractor.py", line 150, in get_se
    raise NotImplementedError('No audio segments found!')
NotImplementedError: No audio segments found!
Traceback (most recent call last):
  File "/home/ubuntu/OpenVoice/job.py", line 334, in <module>
    clone_voice(f"./projects/{i}/{j}")
  File "/home/ubuntu/OpenVoice/job.py", line 201, in clone_voice
    return(convert_color(projectfolder))
  File "/home/ubuntu/OpenVoice/job.py", line 277, in convert_color
    target_se, audio_name = se_extractor.get_se(ref_audio_path, tone_color_converter, vad=False)
  File "/home/ubuntu/OpenVoice/openvoice/se_extractor.py", line 150, in get_se
    raise NotImplementedError('No audio segments found!')
NotImplementedError: No audio segments found!
Traceback (most recent call last):
  File "/home/ubuntu/OpenVoice/job.py", line 334, in <module>
    clone_voice(f"./projects/{i}/{j}")
  File "/home/ubuntu/OpenVoice/job.py", line 201, in clone_voice
    return(convert_color(projectfolder))
  File "/home/ubuntu/OpenVoice/job.py", line 277, in convert_color
    target_se, audio_name = se_extractor.get_se(ref_audio_path, tone_color_converter, vad=False)
  File "/home/ubuntu/OpenVoice/openvoice/se_extractor.py", line 150, in get_se
    raise NotImplementedError('No audio segments found!')
NotImplementedError: No audio segments found!
Traceback (most recent call last):
  File "/home/ubuntu/OpenVoice/job.py", line 334, in <module>
    clone_voice(f"./projects/{i}/{j}")
  File "/home/ubuntu/OpenVoice/job.py", line 201, in clone_voice
    return(convert_color(projectfolder))
  File "/home/ubuntu/OpenVoice/job.py", line 277, in convert_color
    target_se, audio_name = se_extractor.get_se(ref_audio_path, tone_color_converter, vad=False)
  File "/home/ubuntu/OpenVoice/openvoice/se_extractor.py", line 150, in get_se
    raise NotImplementedError('No audio segments found!')
NotImplementedError: No audio segments found!
Traceback (most recent call last):
  File "/home/ubuntu/OpenVoice/job.py", line 334, in <module>
    clone_voice(f"./projects/{i}/{j}")
  File "/home/ubuntu/OpenVoice/job.py", line 201, in clone_voice
    return(convert_color(projectfolder))
  File "/home/ubuntu/OpenVoice/job.py", line 277, in convert_color
    target_se, audio_name = se_extractor.get_se(ref_audio_path, tone_color_converter, vad=False)
  File "/home/ubuntu/OpenVoice/openvoice/se_extractor.py", line 150, in get_se
    raise NotImplementedError('No audio segments found!')
NotImplementedError: No audio segments found!
Traceback (most recent call last):
  File "/home/ubuntu/OpenVoice/job.py", line 334, in <module>
    clone_voice(f"./projects/{i}/{j}")
  File "/home/ubuntu/OpenVoice/job.py", line 201, in clone_voice
    return(convert_color(projectfolder))
  File "/home/ubuntu/OpenVoice/job.py", line 277, in convert_color
    target_se, audio_name = se_extractor.get_se(ref_audio_path, tone_color_converter, vad=False)
  File "/home/ubuntu/OpenVoice/openvoice/se_extractor.py", line 150, in get_se
    raise NotImplementedError('No audio segments found!')
NotImplementedError: No audio segments found!
Traceback (most recent call last):
  File "/home/ubuntu/OpenVoice/job.py", line 334, in <module>
    clone_voice(f"./projects/{i}/{j}")
  File "/home/ubuntu/OpenVoice/job.py", line 201, in clone_voice
    return(convert_color(projectfolder))
  File "/home/ubuntu/OpenVoice/job.py", line 277, in convert_color
    target_se, audio_name = se_extractor.get_se(ref_audio_path, tone_color_converter, vad=False)
  File "/home/ubuntu/OpenVoice/openvoice/se_extractor.py", line 150, in get_se
    raise NotImplementedError('No audio segments found!')
NotImplementedError: No audio segments found!
Traceback (most recent call last):
  File "/home/ubuntu/OpenVoice/job.py", line 334, in <module>
    clone_voice(f"./projects/{i}/{j}")
  File "/home/ubuntu/OpenVoice/job.py", line 201, in clone_voice
    return(convert_color(projectfolder))
  File "/home/ubuntu/OpenVoice/job.py", line 277, in convert_color
    target_se, audio_name = se_extractor.get_se(ref_audio_path, tone_color_converter, vad=False)
  File "/home/ubuntu/OpenVoice/openvoice/se_extractor.py", line 150, in get_se
    raise NotImplementedError('No audio segments found!')
NotImplementedError: No audio segments found!
Traceback (most recent call last):
  File "/home/ubuntu/OpenVoice/job.py", line 334, in <module>
    clone_voice(f"./projects/{i}/{j}")
  File "/home/ubuntu/OpenVoice/job.py", line 201, in clone_voice
    return(convert_color(projectfolder))
  File "/home/ubuntu/OpenVoice/job.py", line 277, in convert_color
    target_se, audio_name = se_extractor.get_se(ref_audio_path, tone_color_converter, vad=False)
  File "/home/ubuntu/OpenVoice/openvoice/se_extractor.py", line 150, in get_se
    raise NotImplementedError('No audio segments found!')
NotImplementedError: No audio segments found!
Traceback (most recent call last):
  File "/home/ubuntu/OpenVoice/job.py", line 334, in <module>
    clone_voice(f"./projects/{i}/{j}")
  File "/home/ubuntu/OpenVoice/job.py", line 201, in clone_voice
    return(convert_color(projectfolder))
  File "/home/ubuntu/OpenVoice/job.py", line 277, in convert_color
    target_se, audio_name = se_extractor.get_se(ref_audio_path, tone_color_converter, vad=False)
  File "/home/ubuntu/OpenVoice/openvoice/se_extractor.py", line 150, in get_se
    raise NotImplementedError('No audio segments found!')
NotImplementedError: No audio segments found!
Traceback (most recent call last):
  File "/home/ubuntu/OpenVoice/job.py", line 334, in <module>
    clone_voice(f"./projects/{i}/{j}")
  File "/home/ubuntu/OpenVoice/job.py", line 201, in clone_voice
    return(convert_color(projectfolder))
  File "/home/ubuntu/OpenVoice/job.py", line 277, in convert_color
    target_se, audio_name = se_extractor.get_se(ref_audio_path, tone_color_converter, vad=False)
  File "/home/ubuntu/OpenVoice/openvoice/se_extractor.py", line 150, in get_se
    raise NotImplementedError('No audio segments found!')
NotImplementedError: No audio segments found!
Traceback (most recent call last):
  File "/home/ubuntu/OpenVoice/job.py", line 334, in <module>
    clone_voice(f"./projects/{i}/{j}")
  File "/home/ubuntu/OpenVoice/job.py", line 201, in clone_voice
    return(convert_color(projectfolder))
  File "/home/ubuntu/OpenVoice/job.py", line 277, in convert_color
    target_se, audio_name = se_extractor.get_se(ref_audio_path, tone_color_converter, vad=False)
  File "/home/ubuntu/OpenVoice/openvoice/se_extractor.py", line 150, in get_se
    raise NotImplementedError('No audio segments found!')
NotImplementedError: No audio segments found!
Traceback (most recent call last):
  File "/home/ubuntu/OpenVoice/job.py", line 334, in <module>
    clone_voice(f"./projects/{i}/{j}")
  File "/home/ubuntu/OpenVoice/job.py", line 201, in clone_voice
    return(convert_color(projectfolder))
  File "/home/ubuntu/OpenVoice/job.py", line 277, in convert_color
    target_se, audio_name = se_extractor.get_se(ref_audio_path, tone_color_converter, vad=False)
  File "/home/ubuntu/OpenVoice/openvoice/se_extractor.py", line 150, in get_se
    raise NotImplementedError('No audio segments found!')
NotImplementedError: No audio segments found!
Traceback (most recent call last):
  File "/home/ubuntu/OpenVoice/job.py", line 334, in <module>
    clone_voice(f"./projects/{i}/{j}")
  File "/home/ubuntu/OpenVoice/job.py", line 201, in clone_voice
    return(convert_color(projectfolder))
  File "/home/ubuntu/OpenVoice/job.py", line 277, in convert_color
    target_se, audio_name = se_extractor.get_se(ref_audio_path, tone_color_converter, vad=False)
  File "/home/ubuntu/OpenVoice/openvoice/se_extractor.py", line 150, in get_se
    raise NotImplementedError('No audio segments found!')
NotImplementedError: No audio segments found!
Traceback (most recent call last):
  File "/home/ubuntu/OpenVoice/job.py", line 334, in <module>
    clone_voice(f"./projects/{i}/{j}")
  File "/home/ubuntu/OpenVoice/job.py", line 201, in clone_voice
    return(convert_color(projectfolder))
  File "/home/ubuntu/OpenVoice/job.py", line 277, in convert_color
    target_se, audio_name = se_extractor.get_se(ref_audio_path, tone_color_converter, vad=False)
  File "/home/ubuntu/OpenVoice/openvoice/se_extractor.py", line 150, in get_se
    raise NotImplementedError('No audio segments found!')
NotImplementedError: No audio segments found!
Traceback (most recent call last):
  File "/home/ubuntu/OpenVoice/job.py", line 334, in <module>
    clone_voice(f"./projects/{i}/{j}")
  File "/home/ubuntu/OpenVoice/job.py", line 201, in clone_voice
    return(convert_color(projectfolder))
  File "/home/ubuntu/OpenVoice/job.py", line 277, in convert_color
    target_se, audio_name = se_extractor.get_se(ref_audio_path, tone_color_converter, vad=False)
  File "/home/ubuntu/OpenVoice/openvoice/se_extractor.py", line 150, in get_se
    raise NotImplementedError('No audio segments found!')
NotImplementedError: No audio segments found!
Traceback (most recent call last):
  File "/home/ubuntu/miniconda3/envs/openvoice/lib/python3.9/site-packages/librosa/core/audio.py", line 155, in load
    context = sf.SoundFile(path)
  File "/home/ubuntu/miniconda3/envs/openvoice/lib/python3.9/site-packages/soundfile.py", line 658, in __init__
    self._file = self._open(file, mode_int, closefd)
  File "/home/ubuntu/miniconda3/envs/openvoice/lib/python3.9/site-packages/soundfile.py", line 1216, in _open
    raise LibsndfileError(err, prefix="Error opening {0!r}: ".format(self.name))
soundfile.LibsndfileError: Error opening './projects/e650bd16-a3e2-4382-9d56-eeca32548c02/0/1_clone_Instant#hi-IN-RehaanNeural.mp3': File does not exist or is not a regular file (possibly a pipe?).

During handling of the above exception, another exception occurred:

Traceback (most recent call last):
  File "/home/ubuntu/OpenVoice/job.py", line 334, in <module>
    clone_voice(f"./projects/{i}/{j}")
  File "/home/ubuntu/OpenVoice/job.py", line 201, in clone_voice
    return(convert_color(projectfolder))
  File "/home/ubuntu/OpenVoice/job.py", line 314, in convert_color
    tone_color_converter.convert(
  File "/home/ubuntu/OpenVoice/openvoice/api.py", line 144, in convert
    audio, sample_rate = librosa.load(audio_src_path, sr=hps.data.sampling_rate)
  File "/home/ubuntu/miniconda3/envs/openvoice/lib/python3.9/site-packages/librosa/util/decorators.py", line 88, in inner_f
    return f(*args, **kwargs)
  File "/home/ubuntu/miniconda3/envs/openvoice/lib/python3.9/site-packages/librosa/core/audio.py", line 174, in load
    y, sr_native = __audioread_load(path, offset, duration, dtype)
  File "/home/ubuntu/miniconda3/envs/openvoice/lib/python3.9/site-packages/librosa/core/audio.py", line 198, in __audioread_load
    with audioread.audio_open(path) as input_file:
  File "/home/ubuntu/miniconda3/envs/openvoice/lib/python3.9/site-packages/audioread/__init__.py", line 127, in audio_open
    return BackendClass(path)
  File "/home/ubuntu/miniconda3/envs/openvoice/lib/python3.9/site-packages/audioread/rawread.py", line 62, in __init__
    self._file = aifc.open(self._fh)
  File "/home/ubuntu/miniconda3/envs/openvoice/lib/python3.9/aifc.py", line 917, in open
    return Aifc_read(f)
  File "/home/ubuntu/miniconda3/envs/openvoice/lib/python3.9/aifc.py", line 358, in __init__
    self.initfp(f)
  File "/home/ubuntu/miniconda3/envs/openvoice/lib/python3.9/aifc.py", line 314, in initfp
    chunk = Chunk(file)
  File "/home/ubuntu/miniconda3/envs/openvoice/lib/python3.9/chunk.py", line 63, in __init__
    raise EOFError
EOFError
Traceback (most recent call last):
  File "/home/ubuntu/OpenVoice/job.py", line 334, in <module>
    clone_voice(f"./projects/{i}/{j}")
  File "/home/ubuntu/OpenVoice/job.py", line 201, in clone_voice
    return(convert_color(projectfolder))
  File "/home/ubuntu/OpenVoice/job.py", line 277, in convert_color
    target_se, audio_name = se_extractor.get_se(ref_audio_path, tone_color_converter, vad=False)
  File "/home/ubuntu/OpenVoice/openvoice/se_extractor.py", line 150, in get_se
    raise NotImplementedError('No audio segments found!')
NotImplementedError: No audio segments found!
Traceback (most recent call last):
  File "/home/ubuntu/OpenVoice/job.py", line 334, in <module>
    clone_voice(f"./projects/{i}/{j}")
  File "/home/ubuntu/OpenVoice/job.py", line 201, in clone_voice
    return(convert_color(projectfolder))
  File "/home/ubuntu/OpenVoice/job.py", line 277, in convert_color
    target_se, audio_name = se_extractor.get_se(ref_audio_path, tone_color_converter, vad=False)
  File "/home/ubuntu/OpenVoice/openvoice/se_extractor.py", line 150, in get_se
    raise NotImplementedError('No audio segments found!')
NotImplementedError: No audio segments found!
Traceback (most recent call last):
  File "/home/ubuntu/OpenVoice/job.py", line 334, in <module>
    clone_voice(f"./projects/{i}/{j}")
  File "/home/ubuntu/OpenVoice/job.py", line 201, in clone_voice
    return(convert_color(projectfolder))
  File "/home/ubuntu/OpenVoice/job.py", line 277, in convert_color
    target_se, audio_name = se_extractor.get_se(ref_audio_path, tone_color_converter, vad=False)
  File "/home/ubuntu/OpenVoice/openvoice/se_extractor.py", line 150, in get_se
    raise NotImplementedError('No audio segments found!')
NotImplementedError: No audio segments found!
Traceback (most recent call last):
  File "/home/ubuntu/OpenVoice/job.py", line 334, in <module>
    clone_voice(f"./projects/{i}/{j}")
  File "/home/ubuntu/OpenVoice/job.py", line 201, in clone_voice
    return(convert_color(projectfolder))
  File "/home/ubuntu/OpenVoice/job.py", line 277, in convert_color
    target_se, audio_name = se_extractor.get_se(ref_audio_path, tone_color_converter, vad=False)
  File "/home/ubuntu/OpenVoice/openvoice/se_extractor.py", line 150, in get_se
    raise NotImplementedError('No audio segments found!')
NotImplementedError: No audio segments found!
Traceback (most recent call last):
  File "/home/ubuntu/OpenVoice/job.py", line 279, in convert_color
    source_se = torch.load(f'checkpoints_v2/google_base_speakers/models/{voicecode}.pth', map_location=device)
  File "/home/ubuntu/miniconda3/envs/openvoice/lib/python3.9/site-packages/torch/serialization.py", line 997, in load
    with _open_file_like(f, 'rb') as opened_file:
  File "/home/ubuntu/miniconda3/envs/openvoice/lib/python3.9/site-packages/torch/serialization.py", line 444, in _open_file_like
    return _open_file(name_or_buffer, mode)
  File "/home/ubuntu/miniconda3/envs/openvoice/lib/python3.9/site-packages/torch/serialization.py", line 425, in __init__
    super().__init__(open(name, mode))
FileNotFoundError: [Errno 2] No such file or directory: 'checkpoints_v2/google_base_speakers/models/en-US-OnyxMultilingualNeuralHD.pth'

During handling of the above exception, another exception occurred:

Traceback (most recent call last):
  File "/home/ubuntu/miniconda3/envs/openvoice/lib/python3.9/site-packages/librosa/core/audio.py", line 155, in load
    context = sf.SoundFile(path)
  File "/home/ubuntu/miniconda3/envs/openvoice/lib/python3.9/site-packages/soundfile.py", line 658, in __init__
    self._file = self._open(file, mode_int, closefd)
  File "/home/ubuntu/miniconda3/envs/openvoice/lib/python3.9/site-packages/soundfile.py", line 1216, in _open
    raise LibsndfileError(err, prefix="Error opening {0!r}: ".format(self.name))
soundfile.LibsndfileError: Error opening 'checkpoints_v2/google_base_speakers/src/en-US-OnyxMultilingualNeuralHD.mp3': File does not exist or is not a regular file (possibly a pipe?).

During handling of the above exception, another exception occurred:

Traceback (most recent call last):
  File "/home/ubuntu/OpenVoice/job.py", line 334, in <module>
    clone_voice(f"./projects/{i}/{j}")
  File "/home/ubuntu/OpenVoice/job.py", line 201, in clone_voice
    return(convert_color(projectfolder))
  File "/home/ubuntu/OpenVoice/job.py", line 301, in convert_color
    source_se, audio_name = se_extractor.get_se(f"checkpoints_v2/google_base_speakers/src/{voicecode}.mp3", tone_color_converter, vad=True)
  File "/home/ubuntu/OpenVoice/openvoice/se_extractor.py", line 134, in get_se
    audio_name = f"{os.path.basename(audio_path).rsplit('.', 1)[0]}_{version}_{hash_numpy_array(audio_path)}"
  File "/home/ubuntu/OpenVoice/openvoice/se_extractor.py", line 119, in hash_numpy_array
    array, _ = librosa.load(audio_path, sr=None, mono=True)
  File "/home/ubuntu/miniconda3/envs/openvoice/lib/python3.9/site-packages/librosa/util/decorators.py", line 88, in inner_f
    return f(*args, **kwargs)
  File "/home/ubuntu/miniconda3/envs/openvoice/lib/python3.9/site-packages/librosa/core/audio.py", line 174, in load
    y, sr_native = __audioread_load(path, offset, duration, dtype)
  File "/home/ubuntu/miniconda3/envs/openvoice/lib/python3.9/site-packages/librosa/core/audio.py", line 198, in __audioread_load
    with audioread.audio_open(path) as input_file:
  File "/home/ubuntu/miniconda3/envs/openvoice/lib/python3.9/site-packages/audioread/__init__.py", line 127, in audio_open
    return BackendClass(path)
  File "/home/ubuntu/miniconda3/envs/openvoice/lib/python3.9/site-packages/audioread/rawread.py", line 62, in __init__
    self._file = aifc.open(self._fh)
  File "/home/ubuntu/miniconda3/envs/openvoice/lib/python3.9/aifc.py", line 917, in open
    return Aifc_read(f)
  File "/home/ubuntu/miniconda3/envs/openvoice/lib/python3.9/aifc.py", line 358, in __init__
    self.initfp(f)
  File "/home/ubuntu/miniconda3/envs/openvoice/lib/python3.9/aifc.py", line 314, in initfp
    chunk = Chunk(file)
  File "/home/ubuntu/miniconda3/envs/openvoice/lib/python3.9/chunk.py", line 63, in __init__
    raise EOFError
EOFError
Traceback (most recent call last):
  File "/home/ubuntu/OpenVoice/job.py", line 279, in convert_color
    source_se = torch.load(f'checkpoints_v2/google_base_speakers/models/{voicecode}.pth', map_location=device)
  File "/home/ubuntu/miniconda3/envs/openvoice/lib/python3.9/site-packages/torch/serialization.py", line 997, in load
    with _open_file_like(f, 'rb') as opened_file:
  File "/home/ubuntu/miniconda3/envs/openvoice/lib/python3.9/site-packages/torch/serialization.py", line 444, in _open_file_like
    return _open_file(name_or_buffer, mode)
  File "/home/ubuntu/miniconda3/envs/openvoice/lib/python3.9/site-packages/torch/serialization.py", line 425, in __init__
    super().__init__(open(name, mode))
FileNotFoundError: [Errno 2] No such file or directory: 'checkpoints_v2/google_base_speakers/models/en-US-OnyxMultilingualNeuralHD.pth'

During handling of the above exception, another exception occurred:

Traceback (most recent call last):
  File "/home/ubuntu/miniconda3/envs/openvoice/lib/python3.9/site-packages/librosa/core/audio.py", line 155, in load
    context = sf.SoundFile(path)
  File "/home/ubuntu/miniconda3/envs/openvoice/lib/python3.9/site-packages/soundfile.py", line 658, in __init__
    self._file = self._open(file, mode_int, closefd)
  File "/home/ubuntu/miniconda3/envs/openvoice/lib/python3.9/site-packages/soundfile.py", line 1216, in _open
    raise LibsndfileError(err, prefix="Error opening {0!r}: ".format(self.name))
soundfile.LibsndfileError: Error opening 'checkpoints_v2/google_base_speakers/src/en-US-OnyxMultilingualNeuralHD.mp3': File does not exist or is not a regular file (possibly a pipe?).

During handling of the above exception, another exception occurred:

Traceback (most recent call last):
  File "/home/ubuntu/OpenVoice/job.py", line 334, in <module>
    clone_voice(f"./projects/{i}/{j}")
  File "/home/ubuntu/OpenVoice/job.py", line 201, in clone_voice
    return(convert_color(projectfolder))
  File "/home/ubuntu/OpenVoice/job.py", line 301, in convert_color
    source_se, audio_name = se_extractor.get_se(f"checkpoints_v2/google_base_speakers/src/{voicecode}.mp3", tone_color_converter, vad=True)
  File "/home/ubuntu/OpenVoice/openvoice/se_extractor.py", line 134, in get_se
    audio_name = f"{os.path.basename(audio_path).rsplit('.', 1)[0]}_{version}_{hash_numpy_array(audio_path)}"
  File "/home/ubuntu/OpenVoice/openvoice/se_extractor.py", line 119, in hash_numpy_array
    array, _ = librosa.load(audio_path, sr=None, mono=True)
  File "/home/ubuntu/miniconda3/envs/openvoice/lib/python3.9/site-packages/librosa/util/decorators.py", line 88, in inner_f
    return f(*args, **kwargs)
  File "/home/ubuntu/miniconda3/envs/openvoice/lib/python3.9/site-packages/librosa/core/audio.py", line 174, in load
    y, sr_native = __audioread_load(path, offset, duration, dtype)
  File "/home/ubuntu/miniconda3/envs/openvoice/lib/python3.9/site-packages/librosa/core/audio.py", line 198, in __audioread_load
    with audioread.audio_open(path) as input_file:
  File "/home/ubuntu/miniconda3/envs/openvoice/lib/python3.9/site-packages/audioread/__init__.py", line 127, in audio_open
    return BackendClass(path)
  File "/home/ubuntu/miniconda3/envs/openvoice/lib/python3.9/site-packages/audioread/rawread.py", line 62, in __init__
    self._file = aifc.open(self._fh)
  File "/home/ubuntu/miniconda3/envs/openvoice/lib/python3.9/aifc.py", line 917, in open
    return Aifc_read(f)
  File "/home/ubuntu/miniconda3/envs/openvoice/lib/python3.9/aifc.py", line 358, in __init__
    self.initfp(f)
  File "/home/ubuntu/miniconda3/envs/openvoice/lib/python3.9/aifc.py", line 314, in initfp
    chunk = Chunk(file)
  File "/home/ubuntu/miniconda3/envs/openvoice/lib/python3.9/chunk.py", line 63, in __init__
    raise EOFError
EOFError
Traceback (most recent call last):
  File "/home/ubuntu/OpenVoice/job.py", line 334, in <module>
    clone_voice(f"./projects/{i}/{j}")
  File "/home/ubuntu/OpenVoice/job.py", line 201, in clone_voice
    return(convert_color(projectfolder))
  File "/home/ubuntu/OpenVoice/job.py", line 277, in convert_color
    target_se, audio_name = se_extractor.get_se(ref_audio_path, tone_color_converter, vad=False)
  File "/home/ubuntu/OpenVoice/openvoice/se_extractor.py", line 150, in get_se
    raise NotImplementedError('No audio segments found!')
NotImplementedError: No audio segments found!
Traceback (most recent call last):
  File "/home/ubuntu/OpenVoice/job.py", line 334, in <module>
    clone_voice(f"./projects/{i}/{j}")
  File "/home/ubuntu/OpenVoice/job.py", line 201, in clone_voice
    return(convert_color(projectfolder))
  File "/home/ubuntu/OpenVoice/job.py", line 277, in convert_color
    target_se, audio_name = se_extractor.get_se(ref_audio_path, tone_color_converter, vad=False)
  File "/home/ubuntu/OpenVoice/openvoice/se_extractor.py", line 150, in get_se
    raise NotImplementedError('No audio segments found!')
NotImplementedError: No audio segments found!
Traceback (most recent call last):
  File "/home/ubuntu/OpenVoice/job.py", line 334, in <module>
    clone_voice(f"./projects/{i}/{j}")
  File "/home/ubuntu/OpenVoice/job.py", line 201, in clone_voice
    return(convert_color(projectfolder))
  File "/home/ubuntu/OpenVoice/job.py", line 277, in convert_color
    target_se, audio_name = se_extractor.get_se(ref_audio_path, tone_color_converter, vad=False)
  File "/home/ubuntu/OpenVoice/openvoice/se_extractor.py", line 150, in get_se
    raise NotImplementedError('No audio segments found!')
NotImplementedError: No audio segments found!
Traceback (most recent call last):
  File "/home/ubuntu/OpenVoice/job.py", line 334, in <module>
    clone_voice(f"./projects/{i}/{j}")
  File "/home/ubuntu/OpenVoice/job.py", line 201, in clone_voice
    return(convert_color(projectfolder))
  File "/home/ubuntu/OpenVoice/job.py", line 277, in convert_color
    target_se, audio_name = se_extractor.get_se(ref_audio_path, tone_color_converter, vad=False)
  File "/home/ubuntu/OpenVoice/openvoice/se_extractor.py", line 150, in get_se
    raise NotImplementedError('No audio segments found!')
NotImplementedError: No audio segments found!
Traceback (most recent call last):
  File "/home/ubuntu/OpenVoice/job.py", line 334, in <module>
    clone_voice(f"./projects/{i}/{j}")
  File "/home/ubuntu/OpenVoice/job.py", line 201, in clone_voice
    return(convert_color(projectfolder))
  File "/home/ubuntu/OpenVoice/job.py", line 277, in convert_color
    target_se, audio_name = se_extractor.get_se(ref_audio_path, tone_color_converter, vad=False)
  File "/home/ubuntu/OpenVoice/openvoice/se_extractor.py", line 150, in get_se
    raise NotImplementedError('No audio segments found!')
NotImplementedError: No audio segments found!
Traceback (most recent call last):
  File "/home/ubuntu/OpenVoice/job.py", line 334, in <module>
    clone_voice(f"./projects/{i}/{j}")
  File "/home/ubuntu/OpenVoice/job.py", line 201, in clone_voice
    return(convert_color(projectfolder))
  File "/home/ubuntu/OpenVoice/job.py", line 277, in convert_color
    target_se, audio_name = se_extractor.get_se(ref_audio_path, tone_color_converter, vad=False)
  File "/home/ubuntu/OpenVoice/openvoice/se_extractor.py", line 150, in get_se
    raise NotImplementedError('No audio segments found!')
NotImplementedError: No audio segments found!
Traceback (most recent call last):
  File "/home/ubuntu/OpenVoice/job.py", line 334, in <module>
    clone_voice(f"./projects/{i}/{j}")
  File "/home/ubuntu/OpenVoice/job.py", line 201, in clone_voice
    return(convert_color(projectfolder))
  File "/home/ubuntu/OpenVoice/job.py", line 277, in convert_color
    target_se, audio_name = se_extractor.get_se(ref_audio_path, tone_color_converter, vad=False)
  File "/home/ubuntu/OpenVoice/openvoice/se_extractor.py", line 150, in get_se
    raise NotImplementedError('No audio segments found!')
NotImplementedError: No audio segments found!
Traceback (most recent call last):
  File "/home/ubuntu/OpenVoice/job.py", line 334, in <module>
    clone_voice(f"./projects/{i}/{j}")
  File "/home/ubuntu/OpenVoice/job.py", line 201, in clone_voice
    return(convert_color(projectfolder))
  File "/home/ubuntu/OpenVoice/job.py", line 277, in convert_color
    target_se, audio_name = se_extractor.get_se(ref_audio_path, tone_color_converter, vad=False)
  File "/home/ubuntu/OpenVoice/openvoice/se_extractor.py", line 150, in get_se
    raise NotImplementedError('No audio segments found!')
NotImplementedError: No audio segments found!
Traceback (most recent call last):
  File "/home/ubuntu/OpenVoice/job.py", line 334, in <module>
    clone_voice(f"./projects/{i}/{j}")
  File "/home/ubuntu/OpenVoice/job.py", line 201, in clone_voice
    return(convert_color(projectfolder))
  File "/home/ubuntu/OpenVoice/job.py", line 277, in convert_color
    target_se, audio_name = se_extractor.get_se(ref_audio_path, tone_color_converter, vad=False)
  File "/home/ubuntu/OpenVoice/openvoice/se_extractor.py", line 150, in get_se
    raise NotImplementedError('No audio segments found!')
NotImplementedError: No audio segments found!
Traceback (most recent call last):
  File "/home/ubuntu/OpenVoice/job.py", line 334, in <module>
    clone_voice(f"./projects/{i}/{j}")
  File "/home/ubuntu/OpenVoice/job.py", line 201, in clone_voice
    return(convert_color(projectfolder))
  File "/home/ubuntu/OpenVoice/job.py", line 277, in convert_color
    target_se, audio_name = se_extractor.get_se(ref_audio_path, tone_color_converter, vad=False)
  File "/home/ubuntu/OpenVoice/openvoice/se_extractor.py", line 150, in get_se
    raise NotImplementedError('No audio segments found!')
NotImplementedError: No audio segments found!
Traceback (most recent call last):
  File "/home/ubuntu/miniconda3/envs/openvoice/lib/python3.9/site-packages/librosa/core/audio.py", line 155, in load
    context = sf.SoundFile(path)
  File "/home/ubuntu/miniconda3/envs/openvoice/lib/python3.9/site-packages/soundfile.py", line 658, in __init__
    self._file = self._open(file, mode_int, closefd)
  File "/home/ubuntu/miniconda3/envs/openvoice/lib/python3.9/site-packages/soundfile.py", line 1216, in _open
    raise LibsndfileError(err, prefix="Error opening {0!r}: ".format(self.name))
soundfile.LibsndfileError: Error opening './projects/3fbff191-7894-40e2-b292-95f328047bed/0/0_clone_Instant#fa-IR-FaridNeural.mp3': File does not exist or is not a regular file (possibly a pipe?).

During handling of the above exception, another exception occurred:

Traceback (most recent call last):
  File "/home/ubuntu/OpenVoice/job.py", line 334, in <module>
    clone_voice(f"./projects/{i}/{j}")
  File "/home/ubuntu/OpenVoice/job.py", line 201, in clone_voice
    return(convert_color(projectfolder))
  File "/home/ubuntu/OpenVoice/job.py", line 314, in convert_color
    tone_color_converter.convert(
  File "/home/ubuntu/OpenVoice/openvoice/api.py", line 144, in convert
    audio, sample_rate = librosa.load(audio_src_path, sr=hps.data.sampling_rate)
  File "/home/ubuntu/miniconda3/envs/openvoice/lib/python3.9/site-packages/librosa/util/decorators.py", line 88, in inner_f
    return f(*args, **kwargs)
  File "/home/ubuntu/miniconda3/envs/openvoice/lib/python3.9/site-packages/librosa/core/audio.py", line 174, in load
    y, sr_native = __audioread_load(path, offset, duration, dtype)
  File "/home/ubuntu/miniconda3/envs/openvoice/lib/python3.9/site-packages/librosa/core/audio.py", line 198, in __audioread_load
    with audioread.audio_open(path) as input_file:
  File "/home/ubuntu/miniconda3/envs/openvoice/lib/python3.9/site-packages/audioread/__init__.py", line 127, in audio_open
    return BackendClass(path)
  File "/home/ubuntu/miniconda3/envs/openvoice/lib/python3.9/site-packages/audioread/rawread.py", line 62, in __init__
    self._file = aifc.open(self._fh)
  File "/home/ubuntu/miniconda3/envs/openvoice/lib/python3.9/aifc.py", line 917, in open
    return Aifc_read(f)
  File "/home/ubuntu/miniconda3/envs/openvoice/lib/python3.9/aifc.py", line 358, in __init__
    self.initfp(f)
  File "/home/ubuntu/miniconda3/envs/openvoice/lib/python3.9/aifc.py", line 314, in initfp
    chunk = Chunk(file)
  File "/home/ubuntu/miniconda3/envs/openvoice/lib/python3.9/chunk.py", line 63, in __init__
    raise EOFError
EOFError
Traceback (most recent call last):
  File "/home/ubuntu/OpenVoice/job.py", line 334, in <module>
    clone_voice(f"./projects/{i}/{j}")
  File "/home/ubuntu/OpenVoice/job.py", line 201, in clone_voice
    return(convert_color(projectfolder))
  File "/home/ubuntu/OpenVoice/job.py", line 277, in convert_color
    target_se, audio_name = se_extractor.get_se(ref_audio_path, tone_color_converter, vad=False)
  File "/home/ubuntu/OpenVoice/openvoice/se_extractor.py", line 150, in get_se
    raise NotImplementedError('No audio segments found!')
NotImplementedError: No audio segments found!
Traceback (most recent call last):
  File "/home/ubuntu/OpenVoice/job.py", line 334, in <module>
    clone_voice(f"./projects/{i}/{j}")
  File "/home/ubuntu/OpenVoice/job.py", line 201, in clone_voice
    return(convert_color(projectfolder))
  File "/home/ubuntu/OpenVoice/job.py", line 277, in convert_color
    target_se, audio_name = se_extractor.get_se(ref_audio_path, tone_color_converter, vad=False)
  File "/home/ubuntu/OpenVoice/openvoice/se_extractor.py", line 150, in get_se
    raise NotImplementedError('No audio segments found!')
NotImplementedError: No audio segments found!
Traceback (most recent call last):
  File "/home/ubuntu/OpenVoice/job.py", line 334, in <module>
    clone_voice(f"./projects/{i}/{j}")
  File "/home/ubuntu/OpenVoice/job.py", line 201, in clone_voice
    return(convert_color(projectfolder))
  File "/home/ubuntu/OpenVoice/job.py", line 277, in convert_color
    target_se, audio_name = se_extractor.get_se(ref_audio_path, tone_color_converter, vad=False)
  File "/home/ubuntu/OpenVoice/openvoice/se_extractor.py", line 150, in get_se
    raise NotImplementedError('No audio segments found!')
NotImplementedError: No audio segments found!
Traceback (most recent call last):
  File "/home/ubuntu/OpenVoice/job.py", line 334, in <module>
    clone_voice(f"./projects/{i}/{j}")
  File "/home/ubuntu/OpenVoice/job.py", line 201, in clone_voice
    return(convert_color(projectfolder))
  File "/home/ubuntu/OpenVoice/job.py", line 277, in convert_color
    target_se, audio_name = se_extractor.get_se(ref_audio_path, tone_color_converter, vad=False)
  File "/home/ubuntu/OpenVoice/openvoice/se_extractor.py", line 150, in get_se
    raise NotImplementedError('No audio segments found!')
NotImplementedError: No audio segments found!
Traceback (most recent call last):
  File "/home/ubuntu/OpenVoice/job.py", line 334, in <module>
    clone_voice(f"./projects/{i}/{j}")
  File "/home/ubuntu/OpenVoice/job.py", line 201, in clone_voice
    return(convert_color(projectfolder))
  File "/home/ubuntu/OpenVoice/job.py", line 277, in convert_color
    target_se, audio_name = se_extractor.get_se(ref_audio_path, tone_color_converter, vad=False)
  File "/home/ubuntu/OpenVoice/openvoice/se_extractor.py", line 150, in get_se
    raise NotImplementedError('No audio segments found!')
NotImplementedError: No audio segments found!
Traceback (most recent call last):
  File "/home/ubuntu/OpenVoice/job.py", line 334, in <module>
    clone_voice(f"./projects/{i}/{j}")
  File "/home/ubuntu/OpenVoice/job.py", line 201, in clone_voice
    return(convert_color(projectfolder))
  File "/home/ubuntu/OpenVoice/job.py", line 277, in convert_color
    target_se, audio_name = se_extractor.get_se(ref_audio_path, tone_color_converter, vad=False)
  File "/home/ubuntu/OpenVoice/openvoice/se_extractor.py", line 150, in get_se
    raise NotImplementedError('No audio segments found!')
NotImplementedError: No audio segments found!
Traceback (most recent call last):
  File "/home/ubuntu/OpenVoice/job.py", line 334, in <module>
    clone_voice(f"./projects/{i}/{j}")
  File "/home/ubuntu/OpenVoice/job.py", line 201, in clone_voice
    return(convert_color(projectfolder))
  File "/home/ubuntu/OpenVoice/job.py", line 277, in convert_color
    target_se, audio_name = se_extractor.get_se(ref_audio_path, tone_color_converter, vad=False)
  File "/home/ubuntu/OpenVoice/openvoice/se_extractor.py", line 150, in get_se
    raise NotImplementedError('No audio segments found!')
NotImplementedError: No audio segments found!
Traceback (most recent call last):
  File "/home/ubuntu/OpenVoice/job.py", line 334, in <module>
    clone_voice(f"./projects/{i}/{j}")
  File "/home/ubuntu/OpenVoice/job.py", line 201, in clone_voice
    return(convert_color(projectfolder))
  File "/home/ubuntu/OpenVoice/job.py", line 277, in convert_color
    target_se, audio_name = se_extractor.get_se(ref_audio_path, tone_color_converter, vad=False)
  File "/home/ubuntu/OpenVoice/openvoice/se_extractor.py", line 150, in get_se
    raise NotImplementedError('No audio segments found!')
NotImplementedError: No audio segments found!
Traceback (most recent call last):
  File "/home/ubuntu/OpenVoice/job.py", line 334, in <module>
    clone_voice(f"./projects/{i}/{j}")
  File "/home/ubuntu/OpenVoice/job.py", line 201, in clone_voice
    return(convert_color(projectfolder))
  File "/home/ubuntu/OpenVoice/job.py", line 277, in convert_color
    target_se, audio_name = se_extractor.get_se(ref_audio_path, tone_color_converter, vad=False)
  File "/home/ubuntu/OpenVoice/openvoice/se_extractor.py", line 150, in get_se
    raise NotImplementedError('No audio segments found!')
NotImplementedError: No audio segments found!
Traceback (most recent call last):
  File "/home/ubuntu/OpenVoice/job.py", line 334, in <module>
    clone_voice(f"./projects/{i}/{j}")
  File "/home/ubuntu/OpenVoice/job.py", line 201, in clone_voice
    return(convert_color(projectfolder))
  File "/home/ubuntu/OpenVoice/job.py", line 277, in convert_color
    target_se, audio_name = se_extractor.get_se(ref_audio_path, tone_color_converter, vad=False)
  File "/home/ubuntu/OpenVoice/openvoice/se_extractor.py", line 150, in get_se
    raise NotImplementedError('No audio segments found!')
NotImplementedError: No audio segments found!
Traceback (most recent call last):
  File "/home/ubuntu/OpenVoice/job.py", line 334, in <module>
    clone_voice(f"./projects/{i}/{j}")
  File "/home/ubuntu/OpenVoice/job.py", line 201, in clone_voice
    return(convert_color(projectfolder))
  File "/home/ubuntu/OpenVoice/job.py", line 277, in convert_color
    target_se, audio_name = se_extractor.get_se(ref_audio_path, tone_color_converter, vad=False)
  File "/home/ubuntu/OpenVoice/openvoice/se_extractor.py", line 150, in get_se
    raise NotImplementedError('No audio segments found!')
NotImplementedError: No audio segments found!
Traceback (most recent call last):
  File "/home/ubuntu/OpenVoice/job.py", line 334, in <module>
    clone_voice(f"./projects/{i}/{j}")
  File "/home/ubuntu/OpenVoice/job.py", line 201, in clone_voice
    return(convert_color(projectfolder))
  File "/home/ubuntu/OpenVoice/job.py", line 277, in convert_color
    target_se, audio_name = se_extractor.get_se(ref_audio_path, tone_color_converter, vad=False)
  File "/home/ubuntu/OpenVoice/openvoice/se_extractor.py", line 150, in get_se
    raise NotImplementedError('No audio segments found!')
NotImplementedError: No audio segments found!
Traceback (most recent call last):
  File "/home/ubuntu/OpenVoice/job.py", line 334, in <module>
    clone_voice(f"./projects/{i}/{j}")
  File "/home/ubuntu/OpenVoice/job.py", line 201, in clone_voice
    return(convert_color(projectfolder))
  File "/home/ubuntu/OpenVoice/job.py", line 277, in convert_color
    target_se, audio_name = se_extractor.get_se(ref_audio_path, tone_color_converter, vad=False)
  File "/home/ubuntu/OpenVoice/openvoice/se_extractor.py", line 150, in get_se
    raise NotImplementedError('No audio segments found!')
NotImplementedError: No audio segments found!
Traceback (most recent call last):
  File "/home/ubuntu/OpenVoice/job.py", line 334, in <module>
    clone_voice(f"./projects/{i}/{j}")
  File "/home/ubuntu/OpenVoice/job.py", line 201, in clone_voice
    return(convert_color(projectfolder))
  File "/home/ubuntu/OpenVoice/job.py", line 277, in convert_color
    target_se, audio_name = se_extractor.get_se(ref_audio_path, tone_color_converter, vad=False)
  File "/home/ubuntu/OpenVoice/openvoice/se_extractor.py", line 150, in get_se
    raise NotImplementedError('No audio segments found!')
NotImplementedError: No audio segments found!
Traceback (most recent call last):
  File "/home/ubuntu/OpenVoice/job.py", line 334, in <module>
    clone_voice(f"./projects/{i}/{j}")
  File "/home/ubuntu/OpenVoice/job.py", line 201, in clone_voice
    return(convert_color(projectfolder))
  File "/home/ubuntu/OpenVoice/job.py", line 277, in convert_color
    target_se, audio_name = se_extractor.get_se(ref_audio_path, tone_color_converter, vad=False)
  File "/home/ubuntu/OpenVoice/openvoice/se_extractor.py", line 150, in get_se
    raise NotImplementedError('No audio segments found!')
NotImplementedError: No audio segments found!
Traceback (most recent call last):
  File "/home/ubuntu/OpenVoice/job.py", line 334, in <module>
    clone_voice(f"./projects/{i}/{j}")
  File "/home/ubuntu/OpenVoice/job.py", line 201, in clone_voice
    return(convert_color(projectfolder))
  File "/home/ubuntu/OpenVoice/job.py", line 277, in convert_color
    target_se, audio_name = se_extractor.get_se(ref_audio_path, tone_color_converter, vad=False)
  File "/home/ubuntu/OpenVoice/openvoice/se_extractor.py", line 150, in get_se
    raise NotImplementedError('No audio segments found!')
NotImplementedError: No audio segments found!
Traceback (most recent call last):
  File "/home/ubuntu/OpenVoice/job.py", line 334, in <module>
    clone_voice(f"./projects/{i}/{j}")
  File "/home/ubuntu/OpenVoice/job.py", line 201, in clone_voice
    return(convert_color(projectfolder))
  File "/home/ubuntu/OpenVoice/job.py", line 277, in convert_color
    target_se, audio_name = se_extractor.get_se(ref_audio_path, tone_color_converter, vad=False)
  File "/home/ubuntu/OpenVoice/openvoice/se_extractor.py", line 150, in get_se
    raise NotImplementedError('No audio segments found!')
NotImplementedError: No audio segments found!
Traceback (most recent call last):
  File "/home/ubuntu/OpenVoice/job.py", line 334, in <module>
    clone_voice(f"./projects/{i}/{j}")
  File "/home/ubuntu/OpenVoice/job.py", line 201, in clone_voice
    return(convert_color(projectfolder))
  File "/home/ubuntu/OpenVoice/job.py", line 277, in convert_color
    target_se, audio_name = se_extractor.get_se(ref_audio_path, tone_color_converter, vad=False)
  File "/home/ubuntu/OpenVoice/openvoice/se_extractor.py", line 150, in get_se
    raise NotImplementedError('No audio segments found!')
NotImplementedError: No audio segments found!
Traceback (most recent call last):
  File "/home/ubuntu/OpenVoice/job.py", line 334, in <module>
    clone_voice(f"./projects/{i}/{j}")
  File "/home/ubuntu/OpenVoice/job.py", line 201, in clone_voice
    return(convert_color(projectfolder))
  File "/home/ubuntu/OpenVoice/job.py", line 277, in convert_color
    target_se, audio_name = se_extractor.get_se(ref_audio_path, tone_color_converter, vad=False)
  File "/home/ubuntu/OpenVoice/openvoice/se_extractor.py", line 150, in get_se
    raise NotImplementedError('No audio segments found!')
NotImplementedError: No audio segments found!
Traceback (most recent call last):
  File "/home/ubuntu/OpenVoice/job.py", line 334, in <module>
    clone_voice(f"./projects/{i}/{j}")
  File "/home/ubuntu/OpenVoice/job.py", line 201, in clone_voice
    return(convert_color(projectfolder))
  File "/home/ubuntu/OpenVoice/job.py", line 277, in convert_color
    target_se, audio_name = se_extractor.get_se(ref_audio_path, tone_color_converter, vad=False)
  File "/home/ubuntu/OpenVoice/openvoice/se_extractor.py", line 150, in get_se
    raise NotImplementedError('No audio segments found!')
NotImplementedError: No audio segments found!
Traceback (most recent call last):
  File "/home/ubuntu/OpenVoice/job.py", line 334, in <module>
    clone_voice(f"./projects/{i}/{j}")
  File "/home/ubuntu/OpenVoice/job.py", line 201, in clone_voice
    return(convert_color(projectfolder))
  File "/home/ubuntu/OpenVoice/job.py", line 277, in convert_color
    target_se, audio_name = se_extractor.get_se(ref_audio_path, tone_color_converter, vad=False)
  File "/home/ubuntu/OpenVoice/openvoice/se_extractor.py", line 150, in get_se
    raise NotImplementedError('No audio segments found!')
NotImplementedError: No audio segments found!
Traceback (most recent call last):
  File "/home/ubuntu/OpenVoice/job.py", line 334, in <module>
    clone_voice(f"./projects/{i}/{j}")
  File "/home/ubuntu/OpenVoice/job.py", line 201, in clone_voice
    return(convert_color(projectfolder))
  File "/home/ubuntu/OpenVoice/job.py", line 277, in convert_color
    target_se, audio_name = se_extractor.get_se(ref_audio_path, tone_color_converter, vad=False)
  File "/home/ubuntu/OpenVoice/openvoice/se_extractor.py", line 150, in get_se
    raise NotImplementedError('No audio segments found!')
NotImplementedError: No audio segments found!
Traceback (most recent call last):
  File "/home/ubuntu/OpenVoice/job.py", line 334, in <module>
    clone_voice(f"./projects/{i}/{j}")
  File "/home/ubuntu/OpenVoice/job.py", line 201, in clone_voice
    return(convert_color(projectfolder))
  File "/home/ubuntu/OpenVoice/job.py", line 277, in convert_color
    target_se, audio_name = se_extractor.get_se(ref_audio_path, tone_color_converter, vad=False)
  File "/home/ubuntu/OpenVoice/openvoice/se_extractor.py", line 150, in get_se
    raise NotImplementedError('No audio segments found!')
NotImplementedError: No audio segments found!
Traceback (most recent call last):
  File "/home/ubuntu/OpenVoice/job.py", line 334, in <module>
    clone_voice(f"./projects/{i}/{j}")
  File "/home/ubuntu/OpenVoice/job.py", line 201, in clone_voice
    return(convert_color(projectfolder))
  File "/home/ubuntu/OpenVoice/job.py", line 277, in convert_color
    target_se, audio_name = se_extractor.get_se(ref_audio_path, tone_color_converter, vad=False)
  File "/home/ubuntu/OpenVoice/openvoice/se_extractor.py", line 150, in get_se
    raise NotImplementedError('No audio segments found!')
NotImplementedError: No audio segments found!
Traceback (most recent call last):
  File "/home/ubuntu/OpenVoice/job.py", line 334, in <module>
    clone_voice(f"./projects/{i}/{j}")
  File "/home/ubuntu/OpenVoice/job.py", line 201, in clone_voice
    return(convert_color(projectfolder))
  File "/home/ubuntu/OpenVoice/job.py", line 277, in convert_color
    target_se, audio_name = se_extractor.get_se(ref_audio_path, tone_color_converter, vad=False)
  File "/home/ubuntu/OpenVoice/openvoice/se_extractor.py", line 150, in get_se
    raise NotImplementedError('No audio segments found!')
NotImplementedError: No audio segments found!
Traceback (most recent call last):
  File "/home/ubuntu/OpenVoice/job.py", line 334, in <module>
    clone_voice(f"./projects/{i}/{j}")
  File "/home/ubuntu/OpenVoice/job.py", line 201, in clone_voice
    return(convert_color(projectfolder))
  File "/home/ubuntu/OpenVoice/job.py", line 277, in convert_color
    target_se, audio_name = se_extractor.get_se(ref_audio_path, tone_color_converter, vad=False)
  File "/home/ubuntu/OpenVoice/openvoice/se_extractor.py", line 150, in get_se
    raise NotImplementedError('No audio segments found!')
NotImplementedError: No audio segments found!
Traceback (most recent call last):
  File "/home/ubuntu/OpenVoice/job.py", line 334, in <module>
    clone_voice(f"./projects/{i}/{j}")
  File "/home/ubuntu/OpenVoice/job.py", line 201, in clone_voice
    return(convert_color(projectfolder))
  File "/home/ubuntu/OpenVoice/job.py", line 277, in convert_color
    target_se, audio_name = se_extractor.get_se(ref_audio_path, tone_color_converter, vad=False)
  File "/home/ubuntu/OpenVoice/openvoice/se_extractor.py", line 150, in get_se
    raise NotImplementedError('No audio segments found!')
NotImplementedError: No audio segments found!
Traceback (most recent call last):
  File "/home/ubuntu/OpenVoice/job.py", line 279, in convert_color
    source_se = torch.load(f'checkpoints_v2/google_base_speakers/models/{voicecode}.pth', map_location=device)
  File "/home/ubuntu/miniconda3/envs/openvoice/lib/python3.9/site-packages/torch/serialization.py", line 997, in load
    with _open_file_like(f, 'rb') as opened_file:
  File "/home/ubuntu/miniconda3/envs/openvoice/lib/python3.9/site-packages/torch/serialization.py", line 444, in _open_file_like
    return _open_file(name_or_buffer, mode)
  File "/home/ubuntu/miniconda3/envs/openvoice/lib/python3.9/site-packages/torch/serialization.py", line 425, in __init__
    super().__init__(open(name, mode))
FileNotFoundError: [Errno 2] No such file or directory: 'checkpoints_v2/google_base_speakers/models/cmn-CN-Wavenet-C.pth'

During handling of the above exception, another exception occurred:

Traceback (most recent call last):
  File "/home/ubuntu/OpenVoice/job.py", line 288, in convert_color
    synthesis_input = texttospeech.SynthesisInput(text=texts_[voicecode[:2]])
KeyError: 'cm'

During handling of the above exception, another exception occurred:

Traceback (most recent call last):
  File "/home/ubuntu/OpenVoice/job.py", line 334, in <module>
    clone_voice(f"./projects/{i}/{j}")
  File "/home/ubuntu/OpenVoice/job.py", line 201, in clone_voice
    return(convert_color(projectfolder))
  File "/home/ubuntu/OpenVoice/job.py", line 296, in convert_color
    create_speech_azure(texts_[voicecode[:2]],f"checkpoints_v2/google_base_speakers/src/{voicecode}.mp3",voicecode)
KeyError: 'cm'
Traceback (most recent call last):
  File "/home/ubuntu/OpenVoice/job.py", line 334, in <module>
    clone_voice(f"./projects/{i}/{j}")
  File "/home/ubuntu/OpenVoice/job.py", line 201, in clone_voice
    return(convert_color(projectfolder))
  File "/home/ubuntu/OpenVoice/job.py", line 277, in convert_color
    target_se, audio_name = se_extractor.get_se(ref_audio_path, tone_color_converter, vad=False)
  File "/home/ubuntu/OpenVoice/openvoice/se_extractor.py", line 150, in get_se
    raise NotImplementedError('No audio segments found!')
NotImplementedError: No audio segments found!
Traceback (most recent call last):
  File "/home/ubuntu/OpenVoice/job.py", line 334, in <module>
    clone_voice(f"./projects/{i}/{j}")
  File "/home/ubuntu/OpenVoice/job.py", line 201, in clone_voice
    return(convert_color(projectfolder))
  File "/home/ubuntu/OpenVoice/job.py", line 277, in convert_color
    target_se, audio_name = se_extractor.get_se(ref_audio_path, tone_color_converter, vad=False)
  File "/home/ubuntu/OpenVoice/openvoice/se_extractor.py", line 150, in get_se
    raise NotImplementedError('No audio segments found!')
NotImplementedError: No audio segments found!
Traceback (most recent call last):
  File "/home/ubuntu/OpenVoice/job.py", line 334, in <module>
    clone_voice(f"./projects/{i}/{j}")
  File "/home/ubuntu/OpenVoice/job.py", line 201, in clone_voice
    return(convert_color(projectfolder))
  File "/home/ubuntu/OpenVoice/job.py", line 277, in convert_color
    target_se, audio_name = se_extractor.get_se(ref_audio_path, tone_color_converter, vad=False)
  File "/home/ubuntu/OpenVoice/openvoice/se_extractor.py", line 150, in get_se
    raise NotImplementedError('No audio segments found!')
NotImplementedError: No audio segments found!
Traceback (most recent call last):
  File "/home/ubuntu/OpenVoice/job.py", line 334, in <module>
    clone_voice(f"./projects/{i}/{j}")
  File "/home/ubuntu/OpenVoice/job.py", line 201, in clone_voice
    return(convert_color(projectfolder))
  File "/home/ubuntu/OpenVoice/job.py", line 277, in convert_color
    target_se, audio_name = se_extractor.get_se(ref_audio_path, tone_color_converter, vad=False)
  File "/home/ubuntu/OpenVoice/openvoice/se_extractor.py", line 150, in get_se
    raise NotImplementedError('No audio segments found!')
NotImplementedError: No audio segments found!
Traceback (most recent call last):
  File "/home/ubuntu/OpenVoice/job.py", line 334, in <module>
    clone_voice(f"./projects/{i}/{j}")
  File "/home/ubuntu/OpenVoice/job.py", line 201, in clone_voice
    return(convert_color(projectfolder))
  File "/home/ubuntu/OpenVoice/job.py", line 277, in convert_color
    target_se, audio_name = se_extractor.get_se(ref_audio_path, tone_color_converter, vad=False)
  File "/home/ubuntu/OpenVoice/openvoice/se_extractor.py", line 150, in get_se
    raise NotImplementedError('No audio segments found!')
NotImplementedError: No audio segments found!
Traceback (most recent call last):
  File "/home/ubuntu/OpenVoice/job.py", line 334, in <module>
    clone_voice(f"./projects/{i}/{j}")
  File "/home/ubuntu/OpenVoice/job.py", line 201, in clone_voice
    return(convert_color(projectfolder))
  File "/home/ubuntu/OpenVoice/job.py", line 277, in convert_color
    target_se, audio_name = se_extractor.get_se(ref_audio_path, tone_color_converter, vad=False)
  File "/home/ubuntu/OpenVoice/openvoice/se_extractor.py", line 150, in get_se
    raise NotImplementedError('No audio segments found!')
NotImplementedError: No audio segments found!
Traceback (most recent call last):
  File "/home/ubuntu/OpenVoice/job.py", line 334, in <module>
    clone_voice(f"./projects/{i}/{j}")
  File "/home/ubuntu/OpenVoice/job.py", line 201, in clone_voice
    return(convert_color(projectfolder))
  File "/home/ubuntu/OpenVoice/job.py", line 277, in convert_color
    target_se, audio_name = se_extractor.get_se(ref_audio_path, tone_color_converter, vad=False)
  File "/home/ubuntu/OpenVoice/openvoice/se_extractor.py", line 150, in get_se
    raise NotImplementedError('No audio segments found!')
NotImplementedError: No audio segments found!
Traceback (most recent call last):
  File "/home/ubuntu/OpenVoice/job.py", line 334, in <module>
    clone_voice(f"./projects/{i}/{j}")
  File "/home/ubuntu/OpenVoice/job.py", line 201, in clone_voice
    return(convert_color(projectfolder))
  File "/home/ubuntu/OpenVoice/job.py", line 277, in convert_color
    target_se, audio_name = se_extractor.get_se(ref_audio_path, tone_color_converter, vad=False)
  File "/home/ubuntu/OpenVoice/openvoice/se_extractor.py", line 150, in get_se
    raise NotImplementedError('No audio segments found!')
NotImplementedError: No audio segments found!
Traceback (most recent call last):
  File "/home/ubuntu/OpenVoice/job.py", line 334, in <module>
    clone_voice(f"./projects/{i}/{j}")
  File "/home/ubuntu/OpenVoice/job.py", line 201, in clone_voice
    return(convert_color(projectfolder))
  File "/home/ubuntu/OpenVoice/job.py", line 277, in convert_color
    target_se, audio_name = se_extractor.get_se(ref_audio_path, tone_color_converter, vad=False)
  File "/home/ubuntu/OpenVoice/openvoice/se_extractor.py", line 150, in get_se
    raise NotImplementedError('No audio segments found!')
NotImplementedError: No audio segments found!
Traceback (most recent call last):
  File "/home/ubuntu/OpenVoice/job.py", line 334, in <module>
    clone_voice(f"./projects/{i}/{j}")
  File "/home/ubuntu/OpenVoice/job.py", line 201, in clone_voice
    return(convert_color(projectfolder))
  File "/home/ubuntu/OpenVoice/job.py", line 277, in convert_color
    target_se, audio_name = se_extractor.get_se(ref_audio_path, tone_color_converter, vad=False)
  File "/home/ubuntu/OpenVoice/openvoice/se_extractor.py", line 150, in get_se
    raise NotImplementedError('No audio segments found!')
NotImplementedError: No audio segments found!
Traceback (most recent call last):
  File "/home/ubuntu/OpenVoice/job.py", line 334, in <module>
    clone_voice(f"./projects/{i}/{j}")
  File "/home/ubuntu/OpenVoice/job.py", line 201, in clone_voice
    return(convert_color(projectfolder))
  File "/home/ubuntu/OpenVoice/job.py", line 277, in convert_color
    target_se, audio_name = se_extractor.get_se(ref_audio_path, tone_color_converter, vad=False)
  File "/home/ubuntu/OpenVoice/openvoice/se_extractor.py", line 150, in get_se
    raise NotImplementedError('No audio segments found!')
NotImplementedError: No audio segments found!
Traceback (most recent call last):
  File "/home/ubuntu/OpenVoice/job.py", line 334, in <module>
    clone_voice(f"./projects/{i}/{j}")
  File "/home/ubuntu/OpenVoice/job.py", line 201, in clone_voice
    return(convert_color(projectfolder))
  File "/home/ubuntu/OpenVoice/job.py", line 277, in convert_color
    target_se, audio_name = se_extractor.get_se(ref_audio_path, tone_color_converter, vad=False)
  File "/home/ubuntu/OpenVoice/openvoice/se_extractor.py", line 150, in get_se
    raise NotImplementedError('No audio segments found!')
NotImplementedError: No audio segments found!
Traceback (most recent call last):
  File "/home/ubuntu/OpenVoice/job.py", line 334, in <module>
    clone_voice(f"./projects/{i}/{j}")
  File "/home/ubuntu/OpenVoice/job.py", line 201, in clone_voice
    return(convert_color(projectfolder))
  File "/home/ubuntu/OpenVoice/job.py", line 277, in convert_color
    target_se, audio_name = se_extractor.get_se(ref_audio_path, tone_color_converter, vad=False)
  File "/home/ubuntu/OpenVoice/openvoice/se_extractor.py", line 150, in get_se
    raise NotImplementedError('No audio segments found!')
NotImplementedError: No audio segments found!
Traceback (most recent call last):
  File "/home/ubuntu/OpenVoice/job.py", line 334, in <module>
    clone_voice(f"./projects/{i}/{j}")
  File "/home/ubuntu/OpenVoice/job.py", line 201, in clone_voice
    return(convert_color(projectfolder))
  File "/home/ubuntu/OpenVoice/job.py", line 277, in convert_color
    target_se, audio_name = se_extractor.get_se(ref_audio_path, tone_color_converter, vad=False)
  File "/home/ubuntu/OpenVoice/openvoice/se_extractor.py", line 150, in get_se
    raise NotImplementedError('No audio segments found!')
NotImplementedError: No audio segments found!
Traceback (most recent call last):
  File "/home/ubuntu/OpenVoice/job.py", line 334, in <module>
    clone_voice(f"./projects/{i}/{j}")
  File "/home/ubuntu/OpenVoice/job.py", line 201, in clone_voice
    return(convert_color(projectfolder))
  File "/home/ubuntu/OpenVoice/job.py", line 277, in convert_color
    target_se, audio_name = se_extractor.get_se(ref_audio_path, tone_color_converter, vad=False)
  File "/home/ubuntu/OpenVoice/openvoice/se_extractor.py", line 150, in get_se
    raise NotImplementedError('No audio segments found!')
NotImplementedError: No audio segments found!
Traceback (most recent call last):
  File "/home/ubuntu/OpenVoice/job.py", line 334, in <module>
    clone_voice(f"./projects/{i}/{j}")
  File "/home/ubuntu/OpenVoice/job.py", line 201, in clone_voice
    return(convert_color(projectfolder))
  File "/home/ubuntu/OpenVoice/job.py", line 277, in convert_color
    target_se, audio_name = se_extractor.get_se(ref_audio_path, tone_color_converter, vad=False)
  File "/home/ubuntu/OpenVoice/openvoice/se_extractor.py", line 150, in get_se
    raise NotImplementedError('No audio segments found!')
NotImplementedError: No audio segments found!
Traceback (most recent call last):
  File "/home/ubuntu/OpenVoice/job.py", line 279, in convert_color
    source_se = torch.load(f'checkpoints_v2/google_base_speakers/models/{voicecode}.pth', map_location=device)
  File "/home/ubuntu/miniconda3/envs/openvoice/lib/python3.9/site-packages/torch/serialization.py", line 997, in load
    with _open_file_like(f, 'rb') as opened_file:
  File "/home/ubuntu/miniconda3/envs/openvoice/lib/python3.9/site-packages/torch/serialization.py", line 444, in _open_file_like
    return _open_file(name_or_buffer, mode)
  File "/home/ubuntu/miniconda3/envs/openvoice/lib/python3.9/site-packages/torch/serialization.py", line 425, in __init__
    super().__init__(open(name, mode))
FileNotFoundError: [Errno 2] No such file or directory: 'checkpoints_v2/google_base_speakers/models/sr-Latn-RS-NicholasNeural.pth'

During handling of the above exception, another exception occurred:

Traceback (most recent call last):
  File "/home/ubuntu/miniconda3/envs/openvoice/lib/python3.9/site-packages/librosa/core/audio.py", line 155, in load
    context = sf.SoundFile(path)
  File "/home/ubuntu/miniconda3/envs/openvoice/lib/python3.9/site-packages/soundfile.py", line 658, in __init__
    self._file = self._open(file, mode_int, closefd)
  File "/home/ubuntu/miniconda3/envs/openvoice/lib/python3.9/site-packages/soundfile.py", line 1216, in _open
    raise LibsndfileError(err, prefix="Error opening {0!r}: ".format(self.name))
soundfile.LibsndfileError: Error opening 'checkpoints_v2/google_base_speakers/src/sr-Latn-RS-NicholasNeural.mp3': File does not exist or is not a regular file (possibly a pipe?).

During handling of the above exception, another exception occurred:

Traceback (most recent call last):
  File "/home/ubuntu/OpenVoice/job.py", line 334, in <module>
    clone_voice(f"./projects/{i}/{j}")
  File "/home/ubuntu/OpenVoice/job.py", line 201, in clone_voice
    return(convert_color(projectfolder))
  File "/home/ubuntu/OpenVoice/job.py", line 301, in convert_color
    source_se, audio_name = se_extractor.get_se(f"checkpoints_v2/google_base_speakers/src/{voicecode}.mp3", tone_color_converter, vad=True)
  File "/home/ubuntu/OpenVoice/openvoice/se_extractor.py", line 134, in get_se
    audio_name = f"{os.path.basename(audio_path).rsplit('.', 1)[0]}_{version}_{hash_numpy_array(audio_path)}"
  File "/home/ubuntu/OpenVoice/openvoice/se_extractor.py", line 119, in hash_numpy_array
    array, _ = librosa.load(audio_path, sr=None, mono=True)
  File "/home/ubuntu/miniconda3/envs/openvoice/lib/python3.9/site-packages/librosa/util/decorators.py", line 88, in inner_f
    return f(*args, **kwargs)
  File "/home/ubuntu/miniconda3/envs/openvoice/lib/python3.9/site-packages/librosa/core/audio.py", line 174, in load
    y, sr_native = __audioread_load(path, offset, duration, dtype)
  File "/home/ubuntu/miniconda3/envs/openvoice/lib/python3.9/site-packages/librosa/core/audio.py", line 198, in __audioread_load
    with audioread.audio_open(path) as input_file:
  File "/home/ubuntu/miniconda3/envs/openvoice/lib/python3.9/site-packages/audioread/__init__.py", line 127, in audio_open
    return BackendClass(path)
  File "/home/ubuntu/miniconda3/envs/openvoice/lib/python3.9/site-packages/audioread/rawread.py", line 62, in __init__
    self._file = aifc.open(self._fh)
  File "/home/ubuntu/miniconda3/envs/openvoice/lib/python3.9/aifc.py", line 917, in open
    return Aifc_read(f)
  File "/home/ubuntu/miniconda3/envs/openvoice/lib/python3.9/aifc.py", line 358, in __init__
    self.initfp(f)
  File "/home/ubuntu/miniconda3/envs/openvoice/lib/python3.9/aifc.py", line 314, in initfp
    chunk = Chunk(file)
  File "/home/ubuntu/miniconda3/envs/openvoice/lib/python3.9/chunk.py", line 63, in __init__
    raise EOFError
EOFError
Traceback (most recent call last):
  File "/home/ubuntu/OpenVoice/job.py", line 279, in convert_color
    source_se = torch.load(f'checkpoints_v2/google_base_speakers/models/{voicecode}.pth', map_location=device)
  File "/home/ubuntu/miniconda3/envs/openvoice/lib/python3.9/site-packages/torch/serialization.py", line 997, in load
    with _open_file_like(f, 'rb') as opened_file:
  File "/home/ubuntu/miniconda3/envs/openvoice/lib/python3.9/site-packages/torch/serialization.py", line 444, in _open_file_like
    return _open_file(name_or_buffer, mode)
  File "/home/ubuntu/miniconda3/envs/openvoice/lib/python3.9/site-packages/torch/serialization.py", line 425, in __init__
    super().__init__(open(name, mode))
FileNotFoundError: [Errno 2] No such file or directory: 'checkpoints_v2/google_base_speakers/models/sr-Latn-RS-NicholasNeural.pth'

During handling of the above exception, another exception occurred:

Traceback (most recent call last):
  File "/home/ubuntu/miniconda3/envs/openvoice/lib/python3.9/site-packages/librosa/core/audio.py", line 155, in load
    context = sf.SoundFile(path)
  File "/home/ubuntu/miniconda3/envs/openvoice/lib/python3.9/site-packages/soundfile.py", line 658, in __init__
    self._file = self._open(file, mode_int, closefd)
  File "/home/ubuntu/miniconda3/envs/openvoice/lib/python3.9/site-packages/soundfile.py", line 1216, in _open
    raise LibsndfileError(err, prefix="Error opening {0!r}: ".format(self.name))
soundfile.LibsndfileError: Error opening 'checkpoints_v2/google_base_speakers/src/sr-Latn-RS-NicholasNeural.mp3': File does not exist or is not a regular file (possibly a pipe?).

During handling of the above exception, another exception occurred:

Traceback (most recent call last):
  File "/home/ubuntu/OpenVoice/job.py", line 334, in <module>
    clone_voice(f"./projects/{i}/{j}")
  File "/home/ubuntu/OpenVoice/job.py", line 201, in clone_voice
    return(convert_color(projectfolder))
  File "/home/ubuntu/OpenVoice/job.py", line 301, in convert_color
    source_se, audio_name = se_extractor.get_se(f"checkpoints_v2/google_base_speakers/src/{voicecode}.mp3", tone_color_converter, vad=True)
  File "/home/ubuntu/OpenVoice/openvoice/se_extractor.py", line 134, in get_se
    audio_name = f"{os.path.basename(audio_path).rsplit('.', 1)[0]}_{version}_{hash_numpy_array(audio_path)}"
  File "/home/ubuntu/OpenVoice/openvoice/se_extractor.py", line 119, in hash_numpy_array
    array, _ = librosa.load(audio_path, sr=None, mono=True)
  File "/home/ubuntu/miniconda3/envs/openvoice/lib/python3.9/site-packages/librosa/util/decorators.py", line 88, in inner_f
    return f(*args, **kwargs)
  File "/home/ubuntu/miniconda3/envs/openvoice/lib/python3.9/site-packages/librosa/core/audio.py", line 174, in load
    y, sr_native = __audioread_load(path, offset, duration, dtype)
  File "/home/ubuntu/miniconda3/envs/openvoice/lib/python3.9/site-packages/librosa/core/audio.py", line 198, in __audioread_load
    with audioread.audio_open(path) as input_file:
  File "/home/ubuntu/miniconda3/envs/openvoice/lib/python3.9/site-packages/audioread/__init__.py", line 127, in audio_open
    return BackendClass(path)
  File "/home/ubuntu/miniconda3/envs/openvoice/lib/python3.9/site-packages/audioread/rawread.py", line 62, in __init__
    self._file = aifc.open(self._fh)
  File "/home/ubuntu/miniconda3/envs/openvoice/lib/python3.9/aifc.py", line 917, in open
    return Aifc_read(f)
  File "/home/ubuntu/miniconda3/envs/openvoice/lib/python3.9/aifc.py", line 358, in __init__
    self.initfp(f)
  File "/home/ubuntu/miniconda3/envs/openvoice/lib/python3.9/aifc.py", line 314, in initfp
    chunk = Chunk(file)
  File "/home/ubuntu/miniconda3/envs/openvoice/lib/python3.9/chunk.py", line 63, in __init__
    raise EOFError
EOFError
Traceback (most recent call last):
  File "/home/ubuntu/OpenVoice/job.py", line 334, in <module>
    clone_voice(f"./projects/{i}/{j}")
  File "/home/ubuntu/OpenVoice/job.py", line 201, in clone_voice
    return(convert_color(projectfolder))
  File "/home/ubuntu/OpenVoice/job.py", line 277, in convert_color
    target_se, audio_name = se_extractor.get_se(ref_audio_path, tone_color_converter, vad=False)
  File "/home/ubuntu/OpenVoice/openvoice/se_extractor.py", line 150, in get_se
    raise NotImplementedError('No audio segments found!')
NotImplementedError: No audio segments found!
Traceback (most recent call last):
  File "/home/ubuntu/OpenVoice/job.py", line 279, in convert_color
    source_se = torch.load(f'checkpoints_v2/google_base_speakers/models/{voicecode}.pth', map_location=device)
  File "/home/ubuntu/miniconda3/envs/openvoice/lib/python3.9/site-packages/torch/serialization.py", line 997, in load
    with _open_file_like(f, 'rb') as opened_file:
  File "/home/ubuntu/miniconda3/envs/openvoice/lib/python3.9/site-packages/torch/serialization.py", line 444, in _open_file_like
    return _open_file(name_or_buffer, mode)
  File "/home/ubuntu/miniconda3/envs/openvoice/lib/python3.9/site-packages/torch/serialization.py", line 425, in __init__
    super().__init__(open(name, mode))
FileNotFoundError: [Errno 2] No such file or directory: 'checkpoints_v2/google_base_speakers/models/cmn-CN-Wavenet-C.pth'

During handling of the above exception, another exception occurred:

Traceback (most recent call last):
  File "/home/ubuntu/OpenVoice/job.py", line 288, in convert_color
    synthesis_input = texttospeech.SynthesisInput(text=texts_[voicecode[:2]])
KeyError: 'cm'

During handling of the above exception, another exception occurred:

Traceback (most recent call last):
  File "/home/ubuntu/OpenVoice/job.py", line 334, in <module>
    clone_voice(f"./projects/{i}/{j}")
  File "/home/ubuntu/OpenVoice/job.py", line 201, in clone_voice
    return(convert_color(projectfolder))
  File "/home/ubuntu/OpenVoice/job.py", line 296, in convert_color
    create_speech_azure(texts_[voicecode[:2]],f"checkpoints_v2/google_base_speakers/src/{voicecode}.mp3",voicecode)
KeyError: 'cm'
Traceback (most recent call last):
  File "/home/ubuntu/OpenVoice/job.py", line 334, in <module>
    clone_voice(f"./projects/{i}/{j}")
  File "/home/ubuntu/OpenVoice/job.py", line 201, in clone_voice
    return(convert_color(projectfolder))
  File "/home/ubuntu/OpenVoice/job.py", line 277, in convert_color
    target_se, audio_name = se_extractor.get_se(ref_audio_path, tone_color_converter, vad=False)
  File "/home/ubuntu/OpenVoice/openvoice/se_extractor.py", line 150, in get_se
    raise NotImplementedError('No audio segments found!')
NotImplementedError: No audio segments found!
Traceback (most recent call last):
  File "/home/ubuntu/OpenVoice/job.py", line 334, in <module>
    clone_voice(f"./projects/{i}/{j}")
  File "/home/ubuntu/OpenVoice/job.py", line 201, in clone_voice
    return(convert_color(projectfolder))
  File "/home/ubuntu/OpenVoice/job.py", line 277, in convert_color
    target_se, audio_name = se_extractor.get_se(ref_audio_path, tone_color_converter, vad=False)
  File "/home/ubuntu/OpenVoice/openvoice/se_extractor.py", line 150, in get_se
    raise NotImplementedError('No audio segments found!')
NotImplementedError: No audio segments found!
Traceback (most recent call last):
  File "/home/ubuntu/OpenVoice/job.py", line 334, in <module>
    clone_voice(f"./projects/{i}/{j}")
  File "/home/ubuntu/OpenVoice/job.py", line 201, in clone_voice
    return(convert_color(projectfolder))
  File "/home/ubuntu/OpenVoice/job.py", line 277, in convert_color
    target_se, audio_name = se_extractor.get_se(ref_audio_path, tone_color_converter, vad=False)
  File "/home/ubuntu/OpenVoice/openvoice/se_extractor.py", line 150, in get_se
    raise NotImplementedError('No audio segments found!')
NotImplementedError: No audio segments found!
Traceback (most recent call last):
  File "/home/ubuntu/OpenVoice/job.py", line 334, in <module>
    clone_voice(f"./projects/{i}/{j}")
  File "/home/ubuntu/OpenVoice/job.py", line 201, in clone_voice
    return(convert_color(projectfolder))
  File "/home/ubuntu/OpenVoice/job.py", line 277, in convert_color
    target_se, audio_name = se_extractor.get_se(ref_audio_path, tone_color_converter, vad=False)
  File "/home/ubuntu/OpenVoice/openvoice/se_extractor.py", line 150, in get_se
    raise NotImplementedError('No audio segments found!')
NotImplementedError: No audio segments found!
Traceback (most recent call last):
  File "/home/ubuntu/OpenVoice/job.py", line 334, in <module>
    clone_voice(f"./projects/{i}/{j}")
  File "/home/ubuntu/OpenVoice/job.py", line 201, in clone_voice
    return(convert_color(projectfolder))
  File "/home/ubuntu/OpenVoice/job.py", line 277, in convert_color
    target_se, audio_name = se_extractor.get_se(ref_audio_path, tone_color_converter, vad=False)
  File "/home/ubuntu/OpenVoice/openvoice/se_extractor.py", line 150, in get_se
    raise NotImplementedError('No audio segments found!')
NotImplementedError: No audio segments found!
Traceback (most recent call last):
  File "/home/ubuntu/OpenVoice/job.py", line 334, in <module>
    clone_voice(f"./projects/{i}/{j}")
  File "/home/ubuntu/OpenVoice/job.py", line 201, in clone_voice
    return(convert_color(projectfolder))
  File "/home/ubuntu/OpenVoice/job.py", line 277, in convert_color
    target_se, audio_name = se_extractor.get_se(ref_audio_path, tone_color_converter, vad=False)
  File "/home/ubuntu/OpenVoice/openvoice/se_extractor.py", line 150, in get_se
    raise NotImplementedError('No audio segments found!')
NotImplementedError: No audio segments found!
Traceback (most recent call last):
  File "/home/ubuntu/OpenVoice/job.py", line 334, in <module>
    clone_voice(f"./projects/{i}/{j}")
  File "/home/ubuntu/OpenVoice/job.py", line 201, in clone_voice
    return(convert_color(projectfolder))
  File "/home/ubuntu/OpenVoice/job.py", line 277, in convert_color
    target_se, audio_name = se_extractor.get_se(ref_audio_path, tone_color_converter, vad=False)
  File "/home/ubuntu/OpenVoice/openvoice/se_extractor.py", line 150, in get_se
    raise NotImplementedError('No audio segments found!')
NotImplementedError: No audio segments found!
Traceback (most recent call last):
  File "/home/ubuntu/OpenVoice/job.py", line 279, in convert_color
    source_se = torch.load(f'checkpoints_v2/google_base_speakers/models/{voicecode}.pth', map_location=device)
  File "/home/ubuntu/miniconda3/envs/openvoice/lib/python3.9/site-packages/torch/serialization.py", line 997, in load
    with _open_file_like(f, 'rb') as opened_file:
  File "/home/ubuntu/miniconda3/envs/openvoice/lib/python3.9/site-packages/torch/serialization.py", line 444, in _open_file_like
    return _open_file(name_or_buffer, mode)
  File "/home/ubuntu/miniconda3/envs/openvoice/lib/python3.9/site-packages/torch/serialization.py", line 425, in __init__
    super().__init__(open(name, mode))
FileNotFoundError: [Errno 2] No such file or directory: 'checkpoints_v2/google_base_speakers/models/sr-Latn-RS-NicholasNeural.pth'

During handling of the above exception, another exception occurred:

Traceback (most recent call last):
  File "/home/ubuntu/miniconda3/envs/openvoice/lib/python3.9/site-packages/librosa/core/audio.py", line 155, in load
    context = sf.SoundFile(path)
  File "/home/ubuntu/miniconda3/envs/openvoice/lib/python3.9/site-packages/soundfile.py", line 658, in __init__
    self._file = self._open(file, mode_int, closefd)
  File "/home/ubuntu/miniconda3/envs/openvoice/lib/python3.9/site-packages/soundfile.py", line 1216, in _open
    raise LibsndfileError(err, prefix="Error opening {0!r}: ".format(self.name))
soundfile.LibsndfileError: Error opening 'checkpoints_v2/google_base_speakers/src/sr-Latn-RS-NicholasNeural.mp3': File does not exist or is not a regular file (possibly a pipe?).

During handling of the above exception, another exception occurred:

Traceback (most recent call last):
  File "/home/ubuntu/OpenVoice/job.py", line 334, in <module>
    clone_voice(f"./projects/{i}/{j}")
  File "/home/ubuntu/OpenVoice/job.py", line 201, in clone_voice
    return(convert_color(projectfolder))
  File "/home/ubuntu/OpenVoice/job.py", line 301, in convert_color
    source_se, audio_name = se_extractor.get_se(f"checkpoints_v2/google_base_speakers/src/{voicecode}.mp3", tone_color_converter, vad=True)
  File "/home/ubuntu/OpenVoice/openvoice/se_extractor.py", line 134, in get_se
    audio_name = f"{os.path.basename(audio_path).rsplit('.', 1)[0]}_{version}_{hash_numpy_array(audio_path)}"
  File "/home/ubuntu/OpenVoice/openvoice/se_extractor.py", line 119, in hash_numpy_array
    array, _ = librosa.load(audio_path, sr=None, mono=True)
  File "/home/ubuntu/miniconda3/envs/openvoice/lib/python3.9/site-packages/librosa/util/decorators.py", line 88, in inner_f
    return f(*args, **kwargs)
  File "/home/ubuntu/miniconda3/envs/openvoice/lib/python3.9/site-packages/librosa/core/audio.py", line 174, in load
    y, sr_native = __audioread_load(path, offset, duration, dtype)
  File "/home/ubuntu/miniconda3/envs/openvoice/lib/python3.9/site-packages/librosa/core/audio.py", line 198, in __audioread_load
    with audioread.audio_open(path) as input_file:
  File "/home/ubuntu/miniconda3/envs/openvoice/lib/python3.9/site-packages/audioread/__init__.py", line 127, in audio_open
    return BackendClass(path)
  File "/home/ubuntu/miniconda3/envs/openvoice/lib/python3.9/site-packages/audioread/rawread.py", line 62, in __init__
    self._file = aifc.open(self._fh)
  File "/home/ubuntu/miniconda3/envs/openvoice/lib/python3.9/aifc.py", line 917, in open
    return Aifc_read(f)
  File "/home/ubuntu/miniconda3/envs/openvoice/lib/python3.9/aifc.py", line 358, in __init__
    self.initfp(f)
  File "/home/ubuntu/miniconda3/envs/openvoice/lib/python3.9/aifc.py", line 314, in initfp
    chunk = Chunk(file)
  File "/home/ubuntu/miniconda3/envs/openvoice/lib/python3.9/chunk.py", line 63, in __init__
    raise EOFError
EOFError
Traceback (most recent call last):
  File "/home/ubuntu/OpenVoice/job.py", line 334, in <module>
    clone_voice(f"./projects/{i}/{j}")
  File "/home/ubuntu/OpenVoice/job.py", line 201, in clone_voice
    return(convert_color(projectfolder))
  File "/home/ubuntu/OpenVoice/job.py", line 277, in convert_color
    target_se, audio_name = se_extractor.get_se(ref_audio_path, tone_color_converter, vad=False)
  File "/home/ubuntu/OpenVoice/openvoice/se_extractor.py", line 150, in get_se
    raise NotImplementedError('No audio segments found!')
NotImplementedError: No audio segments found!
Traceback (most recent call last):
  File "/home/ubuntu/OpenVoice/job.py", line 334, in <module>
    clone_voice(f"./projects/{i}/{j}")
  File "/home/ubuntu/OpenVoice/job.py", line 201, in clone_voice
    return(convert_color(projectfolder))
  File "/home/ubuntu/OpenVoice/job.py", line 277, in convert_color
    target_se, audio_name = se_extractor.get_se(ref_audio_path, tone_color_converter, vad=False)
  File "/home/ubuntu/OpenVoice/openvoice/se_extractor.py", line 150, in get_se
    raise NotImplementedError('No audio segments found!')
NotImplementedError: No audio segments found!
Traceback (most recent call last):
  File "/home/ubuntu/OpenVoice/job.py", line 334, in <module>
    clone_voice(f"./projects/{i}/{j}")
  File "/home/ubuntu/OpenVoice/job.py", line 201, in clone_voice
    return(convert_color(projectfolder))
  File "/home/ubuntu/OpenVoice/job.py", line 277, in convert_color
    target_se, audio_name = se_extractor.get_se(ref_audio_path, tone_color_converter, vad=False)
  File "/home/ubuntu/OpenVoice/openvoice/se_extractor.py", line 150, in get_se
    raise NotImplementedError('No audio segments found!')
NotImplementedError: No audio segments found!
Traceback (most recent call last):
  File "/home/ubuntu/OpenVoice/job.py", line 334, in <module>
    clone_voice(f"./projects/{i}/{j}")
  File "/home/ubuntu/OpenVoice/job.py", line 201, in clone_voice
    return(convert_color(projectfolder))
  File "/home/ubuntu/OpenVoice/job.py", line 277, in convert_color
    target_se, audio_name = se_extractor.get_se(ref_audio_path, tone_color_converter, vad=False)
  File "/home/ubuntu/OpenVoice/openvoice/se_extractor.py", line 150, in get_se
    raise NotImplementedError('No audio segments found!')
NotImplementedError: No audio segments found!
Traceback (most recent call last):
  File "/home/ubuntu/OpenVoice/job.py", line 279, in convert_color
    source_se = torch.load(f'checkpoints_v2/google_base_speakers/models/{voicecode}.pth', map_location=device)
  File "/home/ubuntu/miniconda3/envs/openvoice/lib/python3.9/site-packages/torch/serialization.py", line 997, in load
    with _open_file_like(f, 'rb') as opened_file:
  File "/home/ubuntu/miniconda3/envs/openvoice/lib/python3.9/site-packages/torch/serialization.py", line 444, in _open_file_like
    return _open_file(name_or_buffer, mode)
  File "/home/ubuntu/miniconda3/envs/openvoice/lib/python3.9/site-packages/torch/serialization.py", line 425, in __init__
    super().__init__(open(name, mode))
FileNotFoundError: [Errno 2] No such file or directory: 'checkpoints_v2/google_base_speakers/models/sr-Latn-RS-NicholasNeural.pth'

During handling of the above exception, another exception occurred:

Traceback (most recent call last):
  File "/home/ubuntu/miniconda3/envs/openvoice/lib/python3.9/site-packages/librosa/core/audio.py", line 155, in load
    context = sf.SoundFile(path)
  File "/home/ubuntu/miniconda3/envs/openvoice/lib/python3.9/site-packages/soundfile.py", line 658, in __init__
    self._file = self._open(file, mode_int, closefd)
  File "/home/ubuntu/miniconda3/envs/openvoice/lib/python3.9/site-packages/soundfile.py", line 1216, in _open
    raise LibsndfileError(err, prefix="Error opening {0!r}: ".format(self.name))
soundfile.LibsndfileError: Error opening 'checkpoints_v2/google_base_speakers/src/sr-Latn-RS-NicholasNeural.mp3': File does not exist or is not a regular file (possibly a pipe?).

During handling of the above exception, another exception occurred:

Traceback (most recent call last):
  File "/home/ubuntu/OpenVoice/job.py", line 334, in <module>
    clone_voice(f"./projects/{i}/{j}")
  File "/home/ubuntu/OpenVoice/job.py", line 201, in clone_voice
    return(convert_color(projectfolder))
  File "/home/ubuntu/OpenVoice/job.py", line 301, in convert_color
    source_se, audio_name = se_extractor.get_se(f"checkpoints_v2/google_base_speakers/src/{voicecode}.mp3", tone_color_converter, vad=True)
  File "/home/ubuntu/OpenVoice/openvoice/se_extractor.py", line 134, in get_se
    audio_name = f"{os.path.basename(audio_path).rsplit('.', 1)[0]}_{version}_{hash_numpy_array(audio_path)}"
  File "/home/ubuntu/OpenVoice/openvoice/se_extractor.py", line 119, in hash_numpy_array
    array, _ = librosa.load(audio_path, sr=None, mono=True)
  File "/home/ubuntu/miniconda3/envs/openvoice/lib/python3.9/site-packages/librosa/util/decorators.py", line 88, in inner_f
    return f(*args, **kwargs)
  File "/home/ubuntu/miniconda3/envs/openvoice/lib/python3.9/site-packages/librosa/core/audio.py", line 174, in load
    y, sr_native = __audioread_load(path, offset, duration, dtype)
  File "/home/ubuntu/miniconda3/envs/openvoice/lib/python3.9/site-packages/librosa/core/audio.py", line 198, in __audioread_load
    with audioread.audio_open(path) as input_file:
  File "/home/ubuntu/miniconda3/envs/openvoice/lib/python3.9/site-packages/audioread/__init__.py", line 127, in audio_open
    return BackendClass(path)
  File "/home/ubuntu/miniconda3/envs/openvoice/lib/python3.9/site-packages/audioread/rawread.py", line 62, in __init__
    self._file = aifc.open(self._fh)
  File "/home/ubuntu/miniconda3/envs/openvoice/lib/python3.9/aifc.py", line 917, in open
    return Aifc_read(f)
  File "/home/ubuntu/miniconda3/envs/openvoice/lib/python3.9/aifc.py", line 358, in __init__
    self.initfp(f)
  File "/home/ubuntu/miniconda3/envs/openvoice/lib/python3.9/aifc.py", line 314, in initfp
    chunk = Chunk(file)
  File "/home/ubuntu/miniconda3/envs/openvoice/lib/python3.9/chunk.py", line 63, in __init__
    raise EOFError
EOFError
Traceback (most recent call last):
  File "/home/ubuntu/OpenVoice/job.py", line 334, in <module>
    clone_voice(f"./projects/{i}/{j}")
  File "/home/ubuntu/OpenVoice/job.py", line 201, in clone_voice
    return(convert_color(projectfolder))
  File "/home/ubuntu/OpenVoice/job.py", line 277, in convert_color
    target_se, audio_name = se_extractor.get_se(ref_audio_path, tone_color_converter, vad=False)
  File "/home/ubuntu/OpenVoice/openvoice/se_extractor.py", line 150, in get_se
    raise NotImplementedError('No audio segments found!')
NotImplementedError: No audio segments found!
Traceback (most recent call last):
  File "/home/ubuntu/OpenVoice/job.py", line 334, in <module>
    clone_voice(f"./projects/{i}/{j}")
  File "/home/ubuntu/OpenVoice/job.py", line 201, in clone_voice
    return(convert_color(projectfolder))
  File "/home/ubuntu/OpenVoice/job.py", line 277, in convert_color
    target_se, audio_name = se_extractor.get_se(ref_audio_path, tone_color_converter, vad=False)
  File "/home/ubuntu/OpenVoice/openvoice/se_extractor.py", line 150, in get_se
    raise NotImplementedError('No audio segments found!')
NotImplementedError: No audio segments found!
Traceback (most recent call last):
  File "/home/ubuntu/OpenVoice/job.py", line 334, in <module>
    clone_voice(f"./projects/{i}/{j}")
  File "/home/ubuntu/OpenVoice/job.py", line 201, in clone_voice
    return(convert_color(projectfolder))
  File "/home/ubuntu/OpenVoice/job.py", line 277, in convert_color
    target_se, audio_name = se_extractor.get_se(ref_audio_path, tone_color_converter, vad=False)
  File "/home/ubuntu/OpenVoice/openvoice/se_extractor.py", line 150, in get_se
    raise NotImplementedError('No audio segments found!')
NotImplementedError: No audio segments found!
Traceback (most recent call last):
  File "/home/ubuntu/OpenVoice/job.py", line 334, in <module>
    clone_voice(f"./projects/{i}/{j}")
  File "/home/ubuntu/OpenVoice/job.py", line 201, in clone_voice
    return(convert_color(projectfolder))
  File "/home/ubuntu/OpenVoice/job.py", line 277, in convert_color
    target_se, audio_name = se_extractor.get_se(ref_audio_path, tone_color_converter, vad=False)
  File "/home/ubuntu/OpenVoice/openvoice/se_extractor.py", line 150, in get_se
    raise NotImplementedError('No audio segments found!')
NotImplementedError: No audio segments found!
Traceback (most recent call last):
  File "/home/ubuntu/OpenVoice/job.py", line 334, in <module>
    clone_voice(f"./projects/{i}/{j}")
  File "/home/ubuntu/OpenVoice/job.py", line 201, in clone_voice
    return(convert_color(projectfolder))
  File "/home/ubuntu/OpenVoice/job.py", line 277, in convert_color
    target_se, audio_name = se_extractor.get_se(ref_audio_path, tone_color_converter, vad=False)
  File "/home/ubuntu/OpenVoice/openvoice/se_extractor.py", line 150, in get_se
    raise NotImplementedError('No audio segments found!')
NotImplementedError: No audio segments found!
Traceback (most recent call last):
  File "/home/ubuntu/OpenVoice/job.py", line 334, in <module>
    clone_voice(f"./projects/{i}/{j}")
  File "/home/ubuntu/OpenVoice/job.py", line 201, in clone_voice
    return(convert_color(projectfolder))
  File "/home/ubuntu/OpenVoice/job.py", line 277, in convert_color
    target_se, audio_name = se_extractor.get_se(ref_audio_path, tone_color_converter, vad=False)
  File "/home/ubuntu/OpenVoice/openvoice/se_extractor.py", line 150, in get_se
    raise NotImplementedError('No audio segments found!')
NotImplementedError: No audio segments found!
Traceback (most recent call last):
  File "/home/ubuntu/OpenVoice/job.py", line 334, in <module>
    clone_voice(f"./projects/{i}/{j}")
  File "/home/ubuntu/OpenVoice/job.py", line 201, in clone_voice
    return(convert_color(projectfolder))
  File "/home/ubuntu/OpenVoice/job.py", line 277, in convert_color
    target_se, audio_name = se_extractor.get_se(ref_audio_path, tone_color_converter, vad=False)
  File "/home/ubuntu/OpenVoice/openvoice/se_extractor.py", line 150, in get_se
    raise NotImplementedError('No audio segments found!')
NotImplementedError: No audio segments found!
Traceback (most recent call last):
  File "/home/ubuntu/OpenVoice/job.py", line 334, in <module>
    clone_voice(f"./projects/{i}/{j}")
  File "/home/ubuntu/OpenVoice/job.py", line 201, in clone_voice
    return(convert_color(projectfolder))
  File "/home/ubuntu/OpenVoice/job.py", line 277, in convert_color
    target_se, audio_name = se_extractor.get_se(ref_audio_path, tone_color_converter, vad=False)
  File "/home/ubuntu/OpenVoice/openvoice/se_extractor.py", line 150, in get_se
    raise NotImplementedError('No audio segments found!')
NotImplementedError: No audio segments found!
Traceback (most recent call last):
  File "/home/ubuntu/OpenVoice/job.py", line 334, in <module>
    clone_voice(f"./projects/{i}/{j}")
  File "/home/ubuntu/OpenVoice/job.py", line 201, in clone_voice
    return(convert_color(projectfolder))
  File "/home/ubuntu/OpenVoice/job.py", line 277, in convert_color
    target_se, audio_name = se_extractor.get_se(ref_audio_path, tone_color_converter, vad=False)
  File "/home/ubuntu/OpenVoice/openvoice/se_extractor.py", line 150, in get_se
    raise NotImplementedError('No audio segments found!')
NotImplementedError: No audio segments found!
Traceback (most recent call last):
  File "/home/ubuntu/OpenVoice/job.py", line 334, in <module>
    clone_voice(f"./projects/{i}/{j}")
  File "/home/ubuntu/OpenVoice/job.py", line 201, in clone_voice
    return(convert_color(projectfolder))
  File "/home/ubuntu/OpenVoice/job.py", line 277, in convert_color
    target_se, audio_name = se_extractor.get_se(ref_audio_path, tone_color_converter, vad=False)
  File "/home/ubuntu/OpenVoice/openvoice/se_extractor.py", line 150, in get_se
    raise NotImplementedError('No audio segments found!')
NotImplementedError: No audio segments found!
Traceback (most recent call last):
  File "/home/ubuntu/OpenVoice/job.py", line 334, in <module>
    clone_voice(f"./projects/{i}/{j}")
  File "/home/ubuntu/OpenVoice/job.py", line 201, in clone_voice
    return(convert_color(projectfolder))
  File "/home/ubuntu/OpenVoice/job.py", line 277, in convert_color
    target_se, audio_name = se_extractor.get_se(ref_audio_path, tone_color_converter, vad=False)
  File "/home/ubuntu/OpenVoice/openvoice/se_extractor.py", line 150, in get_se
    raise NotImplementedError('No audio segments found!')
NotImplementedError: No audio segments found!
Traceback (most recent call last):
  File "/home/ubuntu/OpenVoice/job.py", line 334, in <module>
    clone_voice(f"./projects/{i}/{j}")
  File "/home/ubuntu/OpenVoice/job.py", line 201, in clone_voice
    return(convert_color(projectfolder))
  File "/home/ubuntu/OpenVoice/job.py", line 277, in convert_color
    target_se, audio_name = se_extractor.get_se(ref_audio_path, tone_color_converter, vad=False)
  File "/home/ubuntu/OpenVoice/openvoice/se_extractor.py", line 150, in get_se
    raise NotImplementedError('No audio segments found!')
NotImplementedError: No audio segments found!
Traceback (most recent call last):
  File "/home/ubuntu/OpenVoice/job.py", line 334, in <module>
    clone_voice(f"./projects/{i}/{j}")
  File "/home/ubuntu/OpenVoice/job.py", line 201, in clone_voice
    return(convert_color(projectfolder))
  File "/home/ubuntu/OpenVoice/job.py", line 277, in convert_color
    target_se, audio_name = se_extractor.get_se(ref_audio_path, tone_color_converter, vad=False)
  File "/home/ubuntu/OpenVoice/openvoice/se_extractor.py", line 150, in get_se
    raise NotImplementedError('No audio segments found!')
NotImplementedError: No audio segments found!
Traceback (most recent call last):
  File "/home/ubuntu/OpenVoice/job.py", line 334, in <module>
    clone_voice(f"./projects/{i}/{j}")
  File "/home/ubuntu/OpenVoice/job.py", line 201, in clone_voice
    return(convert_color(projectfolder))
  File "/home/ubuntu/OpenVoice/job.py", line 277, in convert_color
    target_se, audio_name = se_extractor.get_se(ref_audio_path, tone_color_converter, vad=False)
  File "/home/ubuntu/OpenVoice/openvoice/se_extractor.py", line 150, in get_se
    raise NotImplementedError('No audio segments found!')
NotImplementedError: No audio segments found!
Traceback (most recent call last):
  File "/home/ubuntu/OpenVoice/job.py", line 334, in <module>
    clone_voice(f"./projects/{i}/{j}")
  File "/home/ubuntu/OpenVoice/job.py", line 201, in clone_voice
    return(convert_color(projectfolder))
  File "/home/ubuntu/OpenVoice/job.py", line 277, in convert_color
    target_se, audio_name = se_extractor.get_se(ref_audio_path, tone_color_converter, vad=False)
  File "/home/ubuntu/OpenVoice/openvoice/se_extractor.py", line 150, in get_se
    raise NotImplementedError('No audio segments found!')
NotImplementedError: No audio segments found!
Traceback (most recent call last):
  File "/home/ubuntu/miniconda3/envs/openvoice/lib/python3.9/site-packages/librosa/core/audio.py", line 155, in load
    context = sf.SoundFile(path)
  File "/home/ubuntu/miniconda3/envs/openvoice/lib/python3.9/site-packages/soundfile.py", line 658, in __init__
    self._file = self._open(file, mode_int, closefd)
  File "/home/ubuntu/miniconda3/envs/openvoice/lib/python3.9/site-packages/soundfile.py", line 1216, in _open
    raise LibsndfileError(err, prefix="Error opening {0!r}: ".format(self.name))
soundfile.LibsndfileError: Error opening './projects/9a9eb1aa-7141-45d8-8b54-9b27cbb638e4/0/3_clone_Instant#en-IN-RehaanNeural.mp3': File does not exist or is not a regular file (possibly a pipe?).

During handling of the above exception, another exception occurred:

Traceback (most recent call last):
  File "/home/ubuntu/OpenVoice/job.py", line 334, in <module>
    clone_voice(f"./projects/{i}/{j}")
  File "/home/ubuntu/OpenVoice/job.py", line 201, in clone_voice
    return(convert_color(projectfolder))
  File "/home/ubuntu/OpenVoice/job.py", line 314, in convert_color
    tone_color_converter.convert(
  File "/home/ubuntu/OpenVoice/openvoice/api.py", line 144, in convert
    audio, sample_rate = librosa.load(audio_src_path, sr=hps.data.sampling_rate)
  File "/home/ubuntu/miniconda3/envs/openvoice/lib/python3.9/site-packages/librosa/util/decorators.py", line 88, in inner_f
    return f(*args, **kwargs)
  File "/home/ubuntu/miniconda3/envs/openvoice/lib/python3.9/site-packages/librosa/core/audio.py", line 174, in load
    y, sr_native = __audioread_load(path, offset, duration, dtype)
  File "/home/ubuntu/miniconda3/envs/openvoice/lib/python3.9/site-packages/librosa/core/audio.py", line 198, in __audioread_load
    with audioread.audio_open(path) as input_file:
  File "/home/ubuntu/miniconda3/envs/openvoice/lib/python3.9/site-packages/audioread/__init__.py", line 127, in audio_open
    return BackendClass(path)
  File "/home/ubuntu/miniconda3/envs/openvoice/lib/python3.9/site-packages/audioread/rawread.py", line 62, in __init__
    self._file = aifc.open(self._fh)
  File "/home/ubuntu/miniconda3/envs/openvoice/lib/python3.9/aifc.py", line 917, in open
    return Aifc_read(f)
  File "/home/ubuntu/miniconda3/envs/openvoice/lib/python3.9/aifc.py", line 358, in __init__
    self.initfp(f)
  File "/home/ubuntu/miniconda3/envs/openvoice/lib/python3.9/aifc.py", line 314, in initfp
    chunk = Chunk(file)
  File "/home/ubuntu/miniconda3/envs/openvoice/lib/python3.9/chunk.py", line 63, in __init__
    raise EOFError
EOFError
Traceback (most recent call last):
  File "/home/ubuntu/OpenVoice/job.py", line 334, in <module>
    clone_voice(f"./projects/{i}/{j}")
  File "/home/ubuntu/OpenVoice/job.py", line 201, in clone_voice
    return(convert_color(projectfolder))
  File "/home/ubuntu/OpenVoice/job.py", line 277, in convert_color
    target_se, audio_name = se_extractor.get_se(ref_audio_path, tone_color_converter, vad=False)
  File "/home/ubuntu/OpenVoice/openvoice/se_extractor.py", line 150, in get_se
    raise NotImplementedError('No audio segments found!')
NotImplementedError: No audio segments found!
Traceback (most recent call last):
  File "/home/ubuntu/OpenVoice/job.py", line 334, in <module>
    clone_voice(f"./projects/{i}/{j}")
  File "/home/ubuntu/OpenVoice/job.py", line 201, in clone_voice
    return(convert_color(projectfolder))
  File "/home/ubuntu/OpenVoice/job.py", line 277, in convert_color
    target_se, audio_name = se_extractor.get_se(ref_audio_path, tone_color_converter, vad=False)
  File "/home/ubuntu/OpenVoice/openvoice/se_extractor.py", line 150, in get_se
    raise NotImplementedError('No audio segments found!')
NotImplementedError: No audio segments found!
Traceback (most recent call last):
  File "/home/ubuntu/OpenVoice/job.py", line 334, in <module>
    clone_voice(f"./projects/{i}/{j}")
  File "/home/ubuntu/OpenVoice/job.py", line 201, in clone_voice
    return(convert_color(projectfolder))
  File "/home/ubuntu/OpenVoice/job.py", line 277, in convert_color
    target_se, audio_name = se_extractor.get_se(ref_audio_path, tone_color_converter, vad=False)
  File "/home/ubuntu/OpenVoice/openvoice/se_extractor.py", line 150, in get_se
    raise NotImplementedError('No audio segments found!')
NotImplementedError: No audio segments found!
Traceback (most recent call last):
  File "/home/ubuntu/OpenVoice/job.py", line 334, in <module>
    clone_voice(f"./projects/{i}/{j}")
  File "/home/ubuntu/OpenVoice/job.py", line 201, in clone_voice
    return(convert_color(projectfolder))
  File "/home/ubuntu/OpenVoice/job.py", line 277, in convert_color
    target_se, audio_name = se_extractor.get_se(ref_audio_path, tone_color_converter, vad=False)
  File "/home/ubuntu/OpenVoice/openvoice/se_extractor.py", line 150, in get_se
    raise NotImplementedError('No audio segments found!')
NotImplementedError: No audio segments found!
Traceback (most recent call last):
  File "/home/ubuntu/OpenVoice/job.py", line 334, in <module>
    clone_voice(f"./projects/{i}/{j}")
  File "/home/ubuntu/OpenVoice/job.py", line 201, in clone_voice
    return(convert_color(projectfolder))
  File "/home/ubuntu/OpenVoice/job.py", line 277, in convert_color
    target_se, audio_name = se_extractor.get_se(ref_audio_path, tone_color_converter, vad=False)
  File "/home/ubuntu/OpenVoice/openvoice/se_extractor.py", line 150, in get_se
    raise NotImplementedError('No audio segments found!')
NotImplementedError: No audio segments found!
Traceback (most recent call last):
  File "/home/ubuntu/OpenVoice/job.py", line 334, in <module>
    clone_voice(f"./projects/{i}/{j}")
  File "/home/ubuntu/OpenVoice/job.py", line 201, in clone_voice
    return(convert_color(projectfolder))
  File "/home/ubuntu/OpenVoice/job.py", line 277, in convert_color
    target_se, audio_name = se_extractor.get_se(ref_audio_path, tone_color_converter, vad=False)
  File "/home/ubuntu/OpenVoice/openvoice/se_extractor.py", line 150, in get_se
    raise NotImplementedError('No audio segments found!')
NotImplementedError: No audio segments found!
Traceback (most recent call last):
  File "/home/ubuntu/OpenVoice/job.py", line 334, in <module>
    clone_voice(f"./projects/{i}/{j}")
  File "/home/ubuntu/OpenVoice/job.py", line 201, in clone_voice
    return(convert_color(projectfolder))
  File "/home/ubuntu/OpenVoice/job.py", line 277, in convert_color
    target_se, audio_name = se_extractor.get_se(ref_audio_path, tone_color_converter, vad=False)
  File "/home/ubuntu/OpenVoice/openvoice/se_extractor.py", line 150, in get_se
    raise NotImplementedError('No audio segments found!')
NotImplementedError: No audio segments found!
Traceback (most recent call last):
  File "/home/ubuntu/miniconda3/envs/openvoice/lib/python3.9/site-packages/librosa/core/audio.py", line 155, in load
    context = sf.SoundFile(path)
  File "/home/ubuntu/miniconda3/envs/openvoice/lib/python3.9/site-packages/soundfile.py", line 658, in __init__
    self._file = self._open(file, mode_int, closefd)
  File "/home/ubuntu/miniconda3/envs/openvoice/lib/python3.9/site-packages/soundfile.py", line 1216, in _open
    raise LibsndfileError(err, prefix="Error opening {0!r}: ".format(self.name))
soundfile.LibsndfileError: Error opening './projects/dd9ddc9e-0cad-43a8-bdbe-3bff9d00cd5a/0/120_clone_Instant#km-KH-PisethNeural.mp3': File does not exist or is not a regular file (possibly a pipe?).

During handling of the above exception, another exception occurred:

Traceback (most recent call last):
  File "/home/ubuntu/OpenVoice/job.py", line 334, in <module>
    clone_voice(f"./projects/{i}/{j}")
  File "/home/ubuntu/OpenVoice/job.py", line 201, in clone_voice
    return(convert_color(projectfolder))
  File "/home/ubuntu/OpenVoice/job.py", line 314, in convert_color
    tone_color_converter.convert(
  File "/home/ubuntu/OpenVoice/openvoice/api.py", line 144, in convert
    audio, sample_rate = librosa.load(audio_src_path, sr=hps.data.sampling_rate)
  File "/home/ubuntu/miniconda3/envs/openvoice/lib/python3.9/site-packages/librosa/util/decorators.py", line 88, in inner_f
    return f(*args, **kwargs)
  File "/home/ubuntu/miniconda3/envs/openvoice/lib/python3.9/site-packages/librosa/core/audio.py", line 174, in load
    y, sr_native = __audioread_load(path, offset, duration, dtype)
  File "/home/ubuntu/miniconda3/envs/openvoice/lib/python3.9/site-packages/librosa/core/audio.py", line 198, in __audioread_load
    with audioread.audio_open(path) as input_file:
  File "/home/ubuntu/miniconda3/envs/openvoice/lib/python3.9/site-packages/audioread/__init__.py", line 127, in audio_open
    return BackendClass(path)
  File "/home/ubuntu/miniconda3/envs/openvoice/lib/python3.9/site-packages/audioread/rawread.py", line 62, in __init__
    self._file = aifc.open(self._fh)
  File "/home/ubuntu/miniconda3/envs/openvoice/lib/python3.9/aifc.py", line 917, in open
    return Aifc_read(f)
  File "/home/ubuntu/miniconda3/envs/openvoice/lib/python3.9/aifc.py", line 358, in __init__
    self.initfp(f)
  File "/home/ubuntu/miniconda3/envs/openvoice/lib/python3.9/aifc.py", line 314, in initfp
    chunk = Chunk(file)
  File "/home/ubuntu/miniconda3/envs/openvoice/lib/python3.9/chunk.py", line 63, in __init__
    raise EOFError
EOFError
Traceback (most recent call last):
  File "/home/ubuntu/miniconda3/envs/openvoice/lib/python3.9/site-packages/librosa/core/audio.py", line 155, in load
    context = sf.SoundFile(path)
  File "/home/ubuntu/miniconda3/envs/openvoice/lib/python3.9/site-packages/soundfile.py", line 658, in __init__
    self._file = self._open(file, mode_int, closefd)
  File "/home/ubuntu/miniconda3/envs/openvoice/lib/python3.9/site-packages/soundfile.py", line 1216, in _open
    raise LibsndfileError(err, prefix="Error opening {0!r}: ".format(self.name))
soundfile.LibsndfileError: Error opening './projects/2014c551-0cff-4e39-9752-cc576e41a68f/0/571_clone_Instant#km-KH-PisethNeural.mp3': File does not exist or is not a regular file (possibly a pipe?).

During handling of the above exception, another exception occurred:

Traceback (most recent call last):
  File "/home/ubuntu/OpenVoice/job.py", line 334, in <module>
    clone_voice(f"./projects/{i}/{j}")
  File "/home/ubuntu/OpenVoice/job.py", line 201, in clone_voice
    return(convert_color(projectfolder))
  File "/home/ubuntu/OpenVoice/job.py", line 314, in convert_color
    tone_color_converter.convert(
  File "/home/ubuntu/OpenVoice/openvoice/api.py", line 144, in convert
    audio, sample_rate = librosa.load(audio_src_path, sr=hps.data.sampling_rate)
  File "/home/ubuntu/miniconda3/envs/openvoice/lib/python3.9/site-packages/librosa/util/decorators.py", line 88, in inner_f
    return f(*args, **kwargs)
  File "/home/ubuntu/miniconda3/envs/openvoice/lib/python3.9/site-packages/librosa/core/audio.py", line 174, in load
    y, sr_native = __audioread_load(path, offset, duration, dtype)
  File "/home/ubuntu/miniconda3/envs/openvoice/lib/python3.9/site-packages/librosa/core/audio.py", line 198, in __audioread_load
    with audioread.audio_open(path) as input_file:
  File "/home/ubuntu/miniconda3/envs/openvoice/lib/python3.9/site-packages/audioread/__init__.py", line 127, in audio_open
    return BackendClass(path)
  File "/home/ubuntu/miniconda3/envs/openvoice/lib/python3.9/site-packages/audioread/rawread.py", line 62, in __init__
    self._file = aifc.open(self._fh)
  File "/home/ubuntu/miniconda3/envs/openvoice/lib/python3.9/aifc.py", line 917, in open
    return Aifc_read(f)
  File "/home/ubuntu/miniconda3/envs/openvoice/lib/python3.9/aifc.py", line 358, in __init__
    self.initfp(f)
  File "/home/ubuntu/miniconda3/envs/openvoice/lib/python3.9/aifc.py", line 314, in initfp
    chunk = Chunk(file)
  File "/home/ubuntu/miniconda3/envs/openvoice/lib/python3.9/chunk.py", line 63, in __init__
    raise EOFError
EOFError
Traceback (most recent call last):
  File "/home/ubuntu/miniconda3/envs/openvoice/lib/python3.9/site-packages/librosa/core/audio.py", line 155, in load
    context = sf.SoundFile(path)
  File "/home/ubuntu/miniconda3/envs/openvoice/lib/python3.9/site-packages/soundfile.py", line 658, in __init__
    self._file = self._open(file, mode_int, closefd)
  File "/home/ubuntu/miniconda3/envs/openvoice/lib/python3.9/site-packages/soundfile.py", line 1216, in _open
    raise LibsndfileError(err, prefix="Error opening {0!r}: ".format(self.name))
soundfile.LibsndfileError: Error opening './projects/561c0ca0-3233-4694-9d30-c910467e5136/0/6_clone_Instant#km-KH-PisethNeural.mp3': File does not exist or is not a regular file (possibly a pipe?).

During handling of the above exception, another exception occurred:

Traceback (most recent call last):
  File "/home/ubuntu/OpenVoice/job.py", line 334, in <module>
    clone_voice(f"./projects/{i}/{j}")
  File "/home/ubuntu/OpenVoice/job.py", line 201, in clone_voice
    return(convert_color(projectfolder))
  File "/home/ubuntu/OpenVoice/job.py", line 314, in convert_color
    tone_color_converter.convert(
  File "/home/ubuntu/OpenVoice/openvoice/api.py", line 144, in convert
    audio, sample_rate = librosa.load(audio_src_path, sr=hps.data.sampling_rate)
  File "/home/ubuntu/miniconda3/envs/openvoice/lib/python3.9/site-packages/librosa/util/decorators.py", line 88, in inner_f
    return f(*args, **kwargs)
  File "/home/ubuntu/miniconda3/envs/openvoice/lib/python3.9/site-packages/librosa/core/audio.py", line 174, in load
    y, sr_native = __audioread_load(path, offset, duration, dtype)
  File "/home/ubuntu/miniconda3/envs/openvoice/lib/python3.9/site-packages/librosa/core/audio.py", line 198, in __audioread_load
    with audioread.audio_open(path) as input_file:
  File "/home/ubuntu/miniconda3/envs/openvoice/lib/python3.9/site-packages/audioread/__init__.py", line 127, in audio_open
    return BackendClass(path)
  File "/home/ubuntu/miniconda3/envs/openvoice/lib/python3.9/site-packages/audioread/rawread.py", line 62, in __init__
    self._file = aifc.open(self._fh)
  File "/home/ubuntu/miniconda3/envs/openvoice/lib/python3.9/aifc.py", line 917, in open
    return Aifc_read(f)
  File "/home/ubuntu/miniconda3/envs/openvoice/lib/python3.9/aifc.py", line 358, in __init__
    self.initfp(f)
  File "/home/ubuntu/miniconda3/envs/openvoice/lib/python3.9/aifc.py", line 314, in initfp
    chunk = Chunk(file)
  File "/home/ubuntu/miniconda3/envs/openvoice/lib/python3.9/chunk.py", line 63, in __init__
    raise EOFError
EOFError
Traceback (most recent call last):
  File "/home/ubuntu/miniconda3/envs/openvoice/lib/python3.9/site-packages/librosa/core/audio.py", line 155, in load
    context = sf.SoundFile(path)
  File "/home/ubuntu/miniconda3/envs/openvoice/lib/python3.9/site-packages/soundfile.py", line 658, in __init__
    self._file = self._open(file, mode_int, closefd)
  File "/home/ubuntu/miniconda3/envs/openvoice/lib/python3.9/site-packages/soundfile.py", line 1216, in _open
    raise LibsndfileError(err, prefix="Error opening {0!r}: ".format(self.name))
soundfile.LibsndfileError: Error opening './projects/6063fa82-20d8-47c9-b44e-6f90353f0d5b/0/2_clone_Instant#hi-IN-RehaanNeural.mp3': File does not exist or is not a regular file (possibly a pipe?).

During handling of the above exception, another exception occurred:

Traceback (most recent call last):
  File "/home/ubuntu/OpenVoice/job.py", line 334, in <module>
    clone_voice(f"./projects/{i}/{j}")
  File "/home/ubuntu/OpenVoice/job.py", line 201, in clone_voice
    return(convert_color(projectfolder))
  File "/home/ubuntu/OpenVoice/job.py", line 314, in convert_color
    tone_color_converter.convert(
  File "/home/ubuntu/OpenVoice/openvoice/api.py", line 144, in convert
    audio, sample_rate = librosa.load(audio_src_path, sr=hps.data.sampling_rate)
  File "/home/ubuntu/miniconda3/envs/openvoice/lib/python3.9/site-packages/librosa/util/decorators.py", line 88, in inner_f
    return f(*args, **kwargs)
  File "/home/ubuntu/miniconda3/envs/openvoice/lib/python3.9/site-packages/librosa/core/audio.py", line 174, in load
    y, sr_native = __audioread_load(path, offset, duration, dtype)
  File "/home/ubuntu/miniconda3/envs/openvoice/lib/python3.9/site-packages/librosa/core/audio.py", line 198, in __audioread_load
    with audioread.audio_open(path) as input_file:
  File "/home/ubuntu/miniconda3/envs/openvoice/lib/python3.9/site-packages/audioread/__init__.py", line 127, in audio_open
    return BackendClass(path)
  File "/home/ubuntu/miniconda3/envs/openvoice/lib/python3.9/site-packages/audioread/rawread.py", line 62, in __init__
    self._file = aifc.open(self._fh)
  File "/home/ubuntu/miniconda3/envs/openvoice/lib/python3.9/aifc.py", line 917, in open
    return Aifc_read(f)
  File "/home/ubuntu/miniconda3/envs/openvoice/lib/python3.9/aifc.py", line 358, in __init__
    self.initfp(f)
  File "/home/ubuntu/miniconda3/envs/openvoice/lib/python3.9/aifc.py", line 314, in initfp
    chunk = Chunk(file)
  File "/home/ubuntu/miniconda3/envs/openvoice/lib/python3.9/chunk.py", line 63, in __init__
    raise EOFError
EOFError
Traceback (most recent call last):
  File "/home/ubuntu/OpenVoice/job.py", line 334, in <module>
    clone_voice(f"./projects/{i}/{j}")
  File "/home/ubuntu/OpenVoice/job.py", line 201, in clone_voice
    return(convert_color(projectfolder))
  File "/home/ubuntu/OpenVoice/job.py", line 277, in convert_color
    target_se, audio_name = se_extractor.get_se(ref_audio_path, tone_color_converter, vad=False)
  File "/home/ubuntu/OpenVoice/openvoice/se_extractor.py", line 150, in get_se
    raise NotImplementedError('No audio segments found!')
NotImplementedError: No audio segments found!
Traceback (most recent call last):
  File "/home/ubuntu/OpenVoice/job.py", line 334, in <module>
    clone_voice(f"./projects/{i}/{j}")
  File "/home/ubuntu/OpenVoice/job.py", line 201, in clone_voice
    return(convert_color(projectfolder))
  File "/home/ubuntu/OpenVoice/job.py", line 277, in convert_color
    target_se, audio_name = se_extractor.get_se(ref_audio_path, tone_color_converter, vad=False)
  File "/home/ubuntu/OpenVoice/openvoice/se_extractor.py", line 150, in get_se
    raise NotImplementedError('No audio segments found!')
NotImplementedError: No audio segments found!
Traceback (most recent call last):
  File "/home/ubuntu/OpenVoice/job.py", line 334, in <module>
    clone_voice(f"./projects/{i}/{j}")
  File "/home/ubuntu/OpenVoice/job.py", line 201, in clone_voice
    return(convert_color(projectfolder))
  File "/home/ubuntu/OpenVoice/job.py", line 277, in convert_color
    target_se, audio_name = se_extractor.get_se(ref_audio_path, tone_color_converter, vad=False)
  File "/home/ubuntu/OpenVoice/openvoice/se_extractor.py", line 150, in get_se
    raise NotImplementedError('No audio segments found!')
NotImplementedError: No audio segments found!
Traceback (most recent call last):
  File "/home/ubuntu/OpenVoice/job.py", line 334, in <module>
    clone_voice(f"./projects/{i}/{j}")
  File "/home/ubuntu/OpenVoice/job.py", line 201, in clone_voice
    return(convert_color(projectfolder))
  File "/home/ubuntu/OpenVoice/job.py", line 277, in convert_color
    target_se, audio_name = se_extractor.get_se(ref_audio_path, tone_color_converter, vad=False)
  File "/home/ubuntu/OpenVoice/openvoice/se_extractor.py", line 150, in get_se
    raise NotImplementedError('No audio segments found!')
NotImplementedError: No audio segments found!
Traceback (most recent call last):
  File "/home/ubuntu/OpenVoice/job.py", line 334, in <module>
    clone_voice(f"./projects/{i}/{j}")
  File "/home/ubuntu/OpenVoice/job.py", line 201, in clone_voice
    return(convert_color(projectfolder))
  File "/home/ubuntu/OpenVoice/job.py", line 277, in convert_color
    target_se, audio_name = se_extractor.get_se(ref_audio_path, tone_color_converter, vad=False)
  File "/home/ubuntu/OpenVoice/openvoice/se_extractor.py", line 150, in get_se
    raise NotImplementedError('No audio segments found!')
NotImplementedError: No audio segments found!
Traceback (most recent call last):
  File "/home/ubuntu/OpenVoice/job.py", line 334, in <module>
    clone_voice(f"./projects/{i}/{j}")
  File "/home/ubuntu/OpenVoice/job.py", line 201, in clone_voice
    return(convert_color(projectfolder))
  File "/home/ubuntu/OpenVoice/job.py", line 277, in convert_color
    target_se, audio_name = se_extractor.get_se(ref_audio_path, tone_color_converter, vad=False)
  File "/home/ubuntu/OpenVoice/openvoice/se_extractor.py", line 150, in get_se
    raise NotImplementedError('No audio segments found!')
NotImplementedError: No audio segments found!
Traceback (most recent call last):
  File "/home/ubuntu/OpenVoice/job.py", line 334, in <module>
    clone_voice(f"./projects/{i}/{j}")
  File "/home/ubuntu/OpenVoice/job.py", line 201, in clone_voice
    return(convert_color(projectfolder))
  File "/home/ubuntu/OpenVoice/job.py", line 277, in convert_color
    target_se, audio_name = se_extractor.get_se(ref_audio_path, tone_color_converter, vad=False)
  File "/home/ubuntu/OpenVoice/openvoice/se_extractor.py", line 150, in get_se
    raise NotImplementedError('No audio segments found!')
NotImplementedError: No audio segments found!
Traceback (most recent call last):
  File "/home/ubuntu/OpenVoice/job.py", line 279, in convert_color
    source_se = torch.load(f'checkpoints_v2/google_base_speakers/models/{voicecode}.pth', map_location=device)
  File "/home/ubuntu/miniconda3/envs/openvoice/lib/python3.9/site-packages/torch/serialization.py", line 997, in load
    with _open_file_like(f, 'rb') as opened_file:
  File "/home/ubuntu/miniconda3/envs/openvoice/lib/python3.9/site-packages/torch/serialization.py", line 444, in _open_file_like
    return _open_file(name_or_buffer, mode)
  File "/home/ubuntu/miniconda3/envs/openvoice/lib/python3.9/site-packages/torch/serialization.py", line 425, in __init__
    super().__init__(open(name, mode))
FileNotFoundError: [Errno 2] No such file or directory: 'checkpoints_v2/google_base_speakers/models/en-US-ShimmerMultilingualNeural.pth'

During handling of the above exception, another exception occurred:

Traceback (most recent call last):
  File "/home/ubuntu/miniconda3/envs/openvoice/lib/python3.9/site-packages/librosa/core/audio.py", line 155, in load
    context = sf.SoundFile(path)
  File "/home/ubuntu/miniconda3/envs/openvoice/lib/python3.9/site-packages/soundfile.py", line 658, in __init__
    self._file = self._open(file, mode_int, closefd)
  File "/home/ubuntu/miniconda3/envs/openvoice/lib/python3.9/site-packages/soundfile.py", line 1216, in _open
    raise LibsndfileError(err, prefix="Error opening {0!r}: ".format(self.name))
soundfile.LibsndfileError: Error opening 'checkpoints_v2/google_base_speakers/src/en-US-ShimmerMultilingualNeural.mp3': File does not exist or is not a regular file (possibly a pipe?).

During handling of the above exception, another exception occurred:

Traceback (most recent call last):
  File "/home/ubuntu/OpenVoice/job.py", line 334, in <module>
    clone_voice(f"./projects/{i}/{j}")
  File "/home/ubuntu/OpenVoice/job.py", line 201, in clone_voice
    return(convert_color(projectfolder))
  File "/home/ubuntu/OpenVoice/job.py", line 301, in convert_color
    source_se, audio_name = se_extractor.get_se(f"checkpoints_v2/google_base_speakers/src/{voicecode}.mp3", tone_color_converter, vad=True)
  File "/home/ubuntu/OpenVoice/openvoice/se_extractor.py", line 134, in get_se
    audio_name = f"{os.path.basename(audio_path).rsplit('.', 1)[0]}_{version}_{hash_numpy_array(audio_path)}"
  File "/home/ubuntu/OpenVoice/openvoice/se_extractor.py", line 119, in hash_numpy_array
    array, _ = librosa.load(audio_path, sr=None, mono=True)
  File "/home/ubuntu/miniconda3/envs/openvoice/lib/python3.9/site-packages/librosa/util/decorators.py", line 88, in inner_f
    return f(*args, **kwargs)
  File "/home/ubuntu/miniconda3/envs/openvoice/lib/python3.9/site-packages/librosa/core/audio.py", line 174, in load
    y, sr_native = __audioread_load(path, offset, duration, dtype)
  File "/home/ubuntu/miniconda3/envs/openvoice/lib/python3.9/site-packages/librosa/core/audio.py", line 198, in __audioread_load
    with audioread.audio_open(path) as input_file:
  File "/home/ubuntu/miniconda3/envs/openvoice/lib/python3.9/site-packages/audioread/__init__.py", line 127, in audio_open
    return BackendClass(path)
  File "/home/ubuntu/miniconda3/envs/openvoice/lib/python3.9/site-packages/audioread/rawread.py", line 62, in __init__
    self._file = aifc.open(self._fh)
  File "/home/ubuntu/miniconda3/envs/openvoice/lib/python3.9/aifc.py", line 917, in open
    return Aifc_read(f)
  File "/home/ubuntu/miniconda3/envs/openvoice/lib/python3.9/aifc.py", line 358, in __init__
    self.initfp(f)
  File "/home/ubuntu/miniconda3/envs/openvoice/lib/python3.9/aifc.py", line 314, in initfp
    chunk = Chunk(file)
  File "/home/ubuntu/miniconda3/envs/openvoice/lib/python3.9/chunk.py", line 63, in __init__
    raise EOFError
EOFError
Traceback (most recent call last):
  File "/home/ubuntu/OpenVoice/job.py", line 334, in <module>
    clone_voice(f"./projects/{i}/{j}")
  File "/home/ubuntu/OpenVoice/job.py", line 201, in clone_voice
    return(convert_color(projectfolder))
  File "/home/ubuntu/OpenVoice/job.py", line 277, in convert_color
    target_se, audio_name = se_extractor.get_se(ref_audio_path, tone_color_converter, vad=False)
  File "/home/ubuntu/OpenVoice/openvoice/se_extractor.py", line 150, in get_se
    raise NotImplementedError('No audio segments found!')
NotImplementedError: No audio segments found!
Traceback (most recent call last):
  File "/home/ubuntu/OpenVoice/job.py", line 334, in <module>
    clone_voice(f"./projects/{i}/{j}")
  File "/home/ubuntu/OpenVoice/job.py", line 201, in clone_voice
    return(convert_color(projectfolder))
  File "/home/ubuntu/OpenVoice/job.py", line 277, in convert_color
    target_se, audio_name = se_extractor.get_se(ref_audio_path, tone_color_converter, vad=False)
  File "/home/ubuntu/OpenVoice/openvoice/se_extractor.py", line 150, in get_se
    raise NotImplementedError('No audio segments found!')
NotImplementedError: No audio segments found!
Traceback (most recent call last):
  File "/home/ubuntu/OpenVoice/job.py", line 334, in <module>
    clone_voice(f"./projects/{i}/{j}")
  File "/home/ubuntu/OpenVoice/job.py", line 201, in clone_voice
    return(convert_color(projectfolder))
  File "/home/ubuntu/OpenVoice/job.py", line 277, in convert_color
    target_se, audio_name = se_extractor.get_se(ref_audio_path, tone_color_converter, vad=False)
  File "/home/ubuntu/OpenVoice/openvoice/se_extractor.py", line 150, in get_se
    raise NotImplementedError('No audio segments found!')
NotImplementedError: No audio segments found!
Traceback (most recent call last):
  File "/home/ubuntu/OpenVoice/job.py", line 334, in <module>
    clone_voice(f"./projects/{i}/{j}")
  File "/home/ubuntu/OpenVoice/job.py", line 201, in clone_voice
    return(convert_color(projectfolder))
  File "/home/ubuntu/OpenVoice/job.py", line 277, in convert_color
    target_se, audio_name = se_extractor.get_se(ref_audio_path, tone_color_converter, vad=False)
  File "/home/ubuntu/OpenVoice/openvoice/se_extractor.py", line 150, in get_se
    raise NotImplementedError('No audio segments found!')
NotImplementedError: No audio segments found!
Traceback (most recent call last):
  File "/home/ubuntu/OpenVoice/job.py", line 334, in <module>
    clone_voice(f"./projects/{i}/{j}")
  File "/home/ubuntu/OpenVoice/job.py", line 201, in clone_voice
    return(convert_color(projectfolder))
  File "/home/ubuntu/OpenVoice/job.py", line 277, in convert_color
    target_se, audio_name = se_extractor.get_se(ref_audio_path, tone_color_converter, vad=False)
  File "/home/ubuntu/OpenVoice/openvoice/se_extractor.py", line 150, in get_se
    raise NotImplementedError('No audio segments found!')
NotImplementedError: No audio segments found!
Traceback (most recent call last):
  File "/home/ubuntu/OpenVoice/job.py", line 334, in <module>
    clone_voice(f"./projects/{i}/{j}")
  File "/home/ubuntu/OpenVoice/job.py", line 201, in clone_voice
    return(convert_color(projectfolder))
  File "/home/ubuntu/OpenVoice/job.py", line 277, in convert_color
    target_se, audio_name = se_extractor.get_se(ref_audio_path, tone_color_converter, vad=False)
  File "/home/ubuntu/OpenVoice/openvoice/se_extractor.py", line 150, in get_se
    raise NotImplementedError('No audio segments found!')
NotImplementedError: No audio segments found!
Traceback (most recent call last):
  File "/home/ubuntu/OpenVoice/job.py", line 334, in <module>
    clone_voice(f"./projects/{i}/{j}")
  File "/home/ubuntu/OpenVoice/job.py", line 201, in clone_voice
    return(convert_color(projectfolder))
  File "/home/ubuntu/OpenVoice/job.py", line 277, in convert_color
    target_se, audio_name = se_extractor.get_se(ref_audio_path, tone_color_converter, vad=False)
  File "/home/ubuntu/OpenVoice/openvoice/se_extractor.py", line 150, in get_se
    raise NotImplementedError('No audio segments found!')
NotImplementedError: No audio segments found!
Traceback (most recent call last):
  File "/home/ubuntu/miniconda3/envs/openvoice/lib/python3.9/site-packages/librosa/core/audio.py", line 155, in load
    context = sf.SoundFile(path)
  File "/home/ubuntu/miniconda3/envs/openvoice/lib/python3.9/site-packages/soundfile.py", line 658, in __init__
    self._file = self._open(file, mode_int, closefd)
  File "/home/ubuntu/miniconda3/envs/openvoice/lib/python3.9/site-packages/soundfile.py", line 1216, in _open
    raise LibsndfileError(err, prefix="Error opening {0!r}: ".format(self.name))
soundfile.LibsndfileError: Error opening './projects/9f300a6a-3f0a-4462-af99-8438b6b587ad/1/10_clone_Instant#fa-IR-DilaraNeural.mp3': File does not exist or is not a regular file (possibly a pipe?).

During handling of the above exception, another exception occurred:

Traceback (most recent call last):
  File "/home/ubuntu/OpenVoice/job.py", line 334, in <module>
    clone_voice(f"./projects/{i}/{j}")
  File "/home/ubuntu/OpenVoice/job.py", line 201, in clone_voice
    return(convert_color(projectfolder))
  File "/home/ubuntu/OpenVoice/job.py", line 314, in convert_color
    tone_color_converter.convert(
  File "/home/ubuntu/OpenVoice/openvoice/api.py", line 144, in convert
    audio, sample_rate = librosa.load(audio_src_path, sr=hps.data.sampling_rate)
  File "/home/ubuntu/miniconda3/envs/openvoice/lib/python3.9/site-packages/librosa/util/decorators.py", line 88, in inner_f
    return f(*args, **kwargs)
  File "/home/ubuntu/miniconda3/envs/openvoice/lib/python3.9/site-packages/librosa/core/audio.py", line 174, in load
    y, sr_native = __audioread_load(path, offset, duration, dtype)
  File "/home/ubuntu/miniconda3/envs/openvoice/lib/python3.9/site-packages/librosa/core/audio.py", line 198, in __audioread_load
    with audioread.audio_open(path) as input_file:
  File "/home/ubuntu/miniconda3/envs/openvoice/lib/python3.9/site-packages/audioread/__init__.py", line 127, in audio_open
    return BackendClass(path)
  File "/home/ubuntu/miniconda3/envs/openvoice/lib/python3.9/site-packages/audioread/rawread.py", line 62, in __init__
    self._file = aifc.open(self._fh)
  File "/home/ubuntu/miniconda3/envs/openvoice/lib/python3.9/aifc.py", line 917, in open
    return Aifc_read(f)
  File "/home/ubuntu/miniconda3/envs/openvoice/lib/python3.9/aifc.py", line 358, in __init__
    self.initfp(f)
  File "/home/ubuntu/miniconda3/envs/openvoice/lib/python3.9/aifc.py", line 314, in initfp
    chunk = Chunk(file)
  File "/home/ubuntu/miniconda3/envs/openvoice/lib/python3.9/chunk.py", line 63, in __init__
    raise EOFError
EOFError
Traceback (most recent call last):
  File "/home/ubuntu/OpenVoice/job.py", line 334, in <module>
    clone_voice(f"./projects/{i}/{j}")
  File "/home/ubuntu/OpenVoice/job.py", line 201, in clone_voice
    return(convert_color(projectfolder))
  File "/home/ubuntu/OpenVoice/job.py", line 277, in convert_color
    target_se, audio_name = se_extractor.get_se(ref_audio_path, tone_color_converter, vad=False)
  File "/home/ubuntu/OpenVoice/openvoice/se_extractor.py", line 150, in get_se
    raise NotImplementedError('No audio segments found!')
NotImplementedError: No audio segments found!
Traceback (most recent call last):
  File "/home/ubuntu/miniconda3/envs/openvoice/lib/python3.9/site-packages/librosa/core/audio.py", line 155, in load
    context = sf.SoundFile(path)
  File "/home/ubuntu/miniconda3/envs/openvoice/lib/python3.9/site-packages/soundfile.py", line 658, in __init__
    self._file = self._open(file, mode_int, closefd)
  File "/home/ubuntu/miniconda3/envs/openvoice/lib/python3.9/site-packages/soundfile.py", line 1216, in _open
    raise LibsndfileError(err, prefix="Error opening {0!r}: ".format(self.name))
soundfile.LibsndfileError: Error opening './projects/601683a1-70cc-48b9-920c-16934fee5a9e/0/0_clone_Instant#ta-IN-ValluvarNeural.mp3': File does not exist or is not a regular file (possibly a pipe?).

During handling of the above exception, another exception occurred:

Traceback (most recent call last):
  File "/home/ubuntu/OpenVoice/job.py", line 334, in <module>
    clone_voice(f"./projects/{i}/{j}")
  File "/home/ubuntu/OpenVoice/job.py", line 201, in clone_voice
    return(convert_color(projectfolder))
  File "/home/ubuntu/OpenVoice/job.py", line 314, in convert_color
    tone_color_converter.convert(
  File "/home/ubuntu/OpenVoice/openvoice/api.py", line 144, in convert
    audio, sample_rate = librosa.load(audio_src_path, sr=hps.data.sampling_rate)
  File "/home/ubuntu/miniconda3/envs/openvoice/lib/python3.9/site-packages/librosa/util/decorators.py", line 88, in inner_f
    return f(*args, **kwargs)
  File "/home/ubuntu/miniconda3/envs/openvoice/lib/python3.9/site-packages/librosa/core/audio.py", line 174, in load
    y, sr_native = __audioread_load(path, offset, duration, dtype)
  File "/home/ubuntu/miniconda3/envs/openvoice/lib/python3.9/site-packages/librosa/core/audio.py", line 198, in __audioread_load
    with audioread.audio_open(path) as input_file:
  File "/home/ubuntu/miniconda3/envs/openvoice/lib/python3.9/site-packages/audioread/__init__.py", line 127, in audio_open
    return BackendClass(path)
  File "/home/ubuntu/miniconda3/envs/openvoice/lib/python3.9/site-packages/audioread/rawread.py", line 62, in __init__
    self._file = aifc.open(self._fh)
  File "/home/ubuntu/miniconda3/envs/openvoice/lib/python3.9/aifc.py", line 917, in open
    return Aifc_read(f)
  File "/home/ubuntu/miniconda3/envs/openvoice/lib/python3.9/aifc.py", line 358, in __init__
    self.initfp(f)
  File "/home/ubuntu/miniconda3/envs/openvoice/lib/python3.9/aifc.py", line 314, in initfp
    chunk = Chunk(file)
  File "/home/ubuntu/miniconda3/envs/openvoice/lib/python3.9/chunk.py", line 63, in __init__
    raise EOFError
EOFError
Traceback (most recent call last):
  File "/home/ubuntu/OpenVoice/job.py", line 334, in <module>
    clone_voice(f"./projects/{i}/{j}")
  File "/home/ubuntu/OpenVoice/job.py", line 201, in clone_voice
    return(convert_color(projectfolder))
  File "/home/ubuntu/OpenVoice/job.py", line 277, in convert_color
    target_se, audio_name = se_extractor.get_se(ref_audio_path, tone_color_converter, vad=False)
  File "/home/ubuntu/OpenVoice/openvoice/se_extractor.py", line 150, in get_se
    raise NotImplementedError('No audio segments found!')
NotImplementedError: No audio segments found!
Traceback (most recent call last):
  File "/home/ubuntu/OpenVoice/job.py", line 334, in <module>
    clone_voice(f"./projects/{i}/{j}")
  File "/home/ubuntu/OpenVoice/job.py", line 201, in clone_voice
    return(convert_color(projectfolder))
  File "/home/ubuntu/OpenVoice/job.py", line 277, in convert_color
    target_se, audio_name = se_extractor.get_se(ref_audio_path, tone_color_converter, vad=False)
  File "/home/ubuntu/OpenVoice/openvoice/se_extractor.py", line 150, in get_se
    raise NotImplementedError('No audio segments found!')
NotImplementedError: No audio segments found!
Traceback (most recent call last):
  File "/home/ubuntu/OpenVoice/job.py", line 334, in <module>
    clone_voice(f"./projects/{i}/{j}")
  File "/home/ubuntu/OpenVoice/job.py", line 201, in clone_voice
    return(convert_color(projectfolder))
  File "/home/ubuntu/OpenVoice/job.py", line 277, in convert_color
    target_se, audio_name = se_extractor.get_se(ref_audio_path, tone_color_converter, vad=False)
  File "/home/ubuntu/OpenVoice/openvoice/se_extractor.py", line 150, in get_se
    raise NotImplementedError('No audio segments found!')
NotImplementedError: No audio segments found!
Traceback (most recent call last):
  File "/home/ubuntu/OpenVoice/job.py", line 334, in <module>
    clone_voice(f"./projects/{i}/{j}")
  File "/home/ubuntu/OpenVoice/job.py", line 201, in clone_voice
    return(convert_color(projectfolder))
  File "/home/ubuntu/OpenVoice/job.py", line 277, in convert_color
    target_se, audio_name = se_extractor.get_se(ref_audio_path, tone_color_converter, vad=False)
  File "/home/ubuntu/OpenVoice/openvoice/se_extractor.py", line 150, in get_se
    raise NotImplementedError('No audio segments found!')
NotImplementedError: No audio segments found!
Traceback (most recent call last):
  File "/home/ubuntu/OpenVoice/job.py", line 334, in <module>
    clone_voice(f"./projects/{i}/{j}")
  File "/home/ubuntu/OpenVoice/job.py", line 201, in clone_voice
    return(convert_color(projectfolder))
  File "/home/ubuntu/OpenVoice/job.py", line 277, in convert_color
    target_se, audio_name = se_extractor.get_se(ref_audio_path, tone_color_converter, vad=False)
  File "/home/ubuntu/OpenVoice/openvoice/se_extractor.py", line 150, in get_se
    raise NotImplementedError('No audio segments found!')
NotImplementedError: No audio segments found!
Traceback (most recent call last):
  File "/home/ubuntu/miniconda3/envs/openvoice/lib/python3.9/site-packages/librosa/core/audio.py", line 155, in load
    context = sf.SoundFile(path)
  File "/home/ubuntu/miniconda3/envs/openvoice/lib/python3.9/site-packages/soundfile.py", line 658, in __init__
    self._file = self._open(file, mode_int, closefd)
  File "/home/ubuntu/miniconda3/envs/openvoice/lib/python3.9/site-packages/soundfile.py", line 1216, in _open
    raise LibsndfileError(err, prefix="Error opening {0!r}: ".format(self.name))
soundfile.LibsndfileError: Error opening './projects/07161c02-9de2-4923-a7bd-23f87fabb682/1/1_clone_Instant#hi-IN-KavyaNeural.mp3': File does not exist or is not a regular file (possibly a pipe?).

During handling of the above exception, another exception occurred:

Traceback (most recent call last):
  File "/home/ubuntu/OpenVoice/job.py", line 334, in <module>
    clone_voice(f"./projects/{i}/{j}")
  File "/home/ubuntu/OpenVoice/job.py", line 201, in clone_voice
    return(convert_color(projectfolder))
  File "/home/ubuntu/OpenVoice/job.py", line 314, in convert_color
    tone_color_converter.convert(
  File "/home/ubuntu/OpenVoice/openvoice/api.py", line 144, in convert
    audio, sample_rate = librosa.load(audio_src_path, sr=hps.data.sampling_rate)
  File "/home/ubuntu/miniconda3/envs/openvoice/lib/python3.9/site-packages/librosa/util/decorators.py", line 88, in inner_f
    return f(*args, **kwargs)
  File "/home/ubuntu/miniconda3/envs/openvoice/lib/python3.9/site-packages/librosa/core/audio.py", line 174, in load
    y, sr_native = __audioread_load(path, offset, duration, dtype)
  File "/home/ubuntu/miniconda3/envs/openvoice/lib/python3.9/site-packages/librosa/core/audio.py", line 198, in __audioread_load
    with audioread.audio_open(path) as input_file:
  File "/home/ubuntu/miniconda3/envs/openvoice/lib/python3.9/site-packages/audioread/__init__.py", line 127, in audio_open
    return BackendClass(path)
  File "/home/ubuntu/miniconda3/envs/openvoice/lib/python3.9/site-packages/audioread/rawread.py", line 62, in __init__
    self._file = aifc.open(self._fh)
  File "/home/ubuntu/miniconda3/envs/openvoice/lib/python3.9/aifc.py", line 917, in open
    return Aifc_read(f)
  File "/home/ubuntu/miniconda3/envs/openvoice/lib/python3.9/aifc.py", line 358, in __init__
    self.initfp(f)
  File "/home/ubuntu/miniconda3/envs/openvoice/lib/python3.9/aifc.py", line 314, in initfp
    chunk = Chunk(file)
  File "/home/ubuntu/miniconda3/envs/openvoice/lib/python3.9/chunk.py", line 63, in __init__
    raise EOFError
EOFError
Traceback (most recent call last):
  File "/home/ubuntu/OpenVoice/job.py", line 334, in <module>
    clone_voice(f"./projects/{i}/{j}")
  File "/home/ubuntu/OpenVoice/job.py", line 201, in clone_voice
    return(convert_color(projectfolder))
  File "/home/ubuntu/OpenVoice/job.py", line 277, in convert_color
    target_se, audio_name = se_extractor.get_se(ref_audio_path, tone_color_converter, vad=False)
  File "/home/ubuntu/OpenVoice/openvoice/se_extractor.py", line 150, in get_se
    raise NotImplementedError('No audio segments found!')
NotImplementedError: No audio segments found!
Traceback (most recent call last):
  File "/home/ubuntu/OpenVoice/job.py", line 334, in <module>
    clone_voice(f"./projects/{i}/{j}")
  File "/home/ubuntu/OpenVoice/job.py", line 201, in clone_voice
    return(convert_color(projectfolder))
  File "/home/ubuntu/OpenVoice/job.py", line 277, in convert_color
    target_se, audio_name = se_extractor.get_se(ref_audio_path, tone_color_converter, vad=False)
  File "/home/ubuntu/OpenVoice/openvoice/se_extractor.py", line 150, in get_se
    raise NotImplementedError('No audio segments found!')
NotImplementedError: No audio segments found!
Traceback (most recent call last):
  File "/home/ubuntu/OpenVoice/job.py", line 334, in <module>
    clone_voice(f"./projects/{i}/{j}")
  File "/home/ubuntu/OpenVoice/job.py", line 201, in clone_voice
    return(convert_color(projectfolder))
  File "/home/ubuntu/OpenVoice/job.py", line 277, in convert_color
    target_se, audio_name = se_extractor.get_se(ref_audio_path, tone_color_converter, vad=False)
  File "/home/ubuntu/OpenVoice/openvoice/se_extractor.py", line 150, in get_se
    raise NotImplementedError('No audio segments found!')
NotImplementedError: No audio segments found!
Traceback (most recent call last):
  File "/home/ubuntu/OpenVoice/job.py", line 334, in <module>
    clone_voice(f"./projects/{i}/{j}")
  File "/home/ubuntu/OpenVoice/job.py", line 201, in clone_voice
    return(convert_color(projectfolder))
  File "/home/ubuntu/OpenVoice/job.py", line 277, in convert_color
    target_se, audio_name = se_extractor.get_se(ref_audio_path, tone_color_converter, vad=False)
  File "/home/ubuntu/OpenVoice/openvoice/se_extractor.py", line 150, in get_se
    raise NotImplementedError('No audio segments found!')
NotImplementedError: No audio segments found!
Traceback (most recent call last):
  File "/home/ubuntu/OpenVoice/job.py", line 334, in <module>
    clone_voice(f"./projects/{i}/{j}")
  File "/home/ubuntu/OpenVoice/job.py", line 201, in clone_voice
    return(convert_color(projectfolder))
  File "/home/ubuntu/OpenVoice/job.py", line 277, in convert_color
    target_se, audio_name = se_extractor.get_se(ref_audio_path, tone_color_converter, vad=False)
  File "/home/ubuntu/OpenVoice/openvoice/se_extractor.py", line 150, in get_se
    raise NotImplementedError('No audio segments found!')
NotImplementedError: No audio segments found!
Traceback (most recent call last):
  File "/home/ubuntu/OpenVoice/job.py", line 334, in <module>
    clone_voice(f"./projects/{i}/{j}")
  File "/home/ubuntu/OpenVoice/job.py", line 201, in clone_voice
    return(convert_color(projectfolder))
  File "/home/ubuntu/OpenVoice/job.py", line 277, in convert_color
    target_se, audio_name = se_extractor.get_se(ref_audio_path, tone_color_converter, vad=False)
  File "/home/ubuntu/OpenVoice/openvoice/se_extractor.py", line 150, in get_se
    raise NotImplementedError('No audio segments found!')
NotImplementedError: No audio segments found!
Traceback (most recent call last):
  File "/home/ubuntu/OpenVoice/job.py", line 334, in <module>
    clone_voice(f"./projects/{i}/{j}")
  File "/home/ubuntu/OpenVoice/job.py", line 201, in clone_voice
    return(convert_color(projectfolder))
  File "/home/ubuntu/OpenVoice/job.py", line 277, in convert_color
    target_se, audio_name = se_extractor.get_se(ref_audio_path, tone_color_converter, vad=False)
  File "/home/ubuntu/OpenVoice/openvoice/se_extractor.py", line 150, in get_se
    raise NotImplementedError('No audio segments found!')
NotImplementedError: No audio segments found!
Traceback (most recent call last):
  File "/home/ubuntu/OpenVoice/job.py", line 334, in <module>
    clone_voice(f"./projects/{i}/{j}")
  File "/home/ubuntu/OpenVoice/job.py", line 201, in clone_voice
    return(convert_color(projectfolder))
  File "/home/ubuntu/OpenVoice/job.py", line 277, in convert_color
    target_se, audio_name = se_extractor.get_se(ref_audio_path, tone_color_converter, vad=False)
  File "/home/ubuntu/OpenVoice/openvoice/se_extractor.py", line 150, in get_se
    raise NotImplementedError('No audio segments found!')
NotImplementedError: No audio segments found!
Traceback (most recent call last):
  File "/home/ubuntu/OpenVoice/job.py", line 279, in convert_color
    source_se = torch.load(f'checkpoints_v2/google_base_speakers/models/{voicecode}.pth', map_location=device)
  File "/home/ubuntu/miniconda3/envs/openvoice/lib/python3.9/site-packages/torch/serialization.py", line 997, in load
    with _open_file_like(f, 'rb') as opened_file:
  File "/home/ubuntu/miniconda3/envs/openvoice/lib/python3.9/site-packages/torch/serialization.py", line 444, in _open_file_like
    return _open_file(name_or_buffer, mode)
  File "/home/ubuntu/miniconda3/envs/openvoice/lib/python3.9/site-packages/torch/serialization.py", line 425, in __init__
    super().__init__(open(name, mode))
FileNotFoundError: [Errno 2] No such file or directory: 'checkpoints_v2/google_base_speakers/models/en-US-NovaMultilingualNeuralHD.pth'

During handling of the above exception, another exception occurred:

Traceback (most recent call last):
  File "/home/ubuntu/miniconda3/envs/openvoice/lib/python3.9/site-packages/librosa/core/audio.py", line 155, in load
    context = sf.SoundFile(path)
  File "/home/ubuntu/miniconda3/envs/openvoice/lib/python3.9/site-packages/soundfile.py", line 658, in __init__
    self._file = self._open(file, mode_int, closefd)
  File "/home/ubuntu/miniconda3/envs/openvoice/lib/python3.9/site-packages/soundfile.py", line 1216, in _open
    raise LibsndfileError(err, prefix="Error opening {0!r}: ".format(self.name))
soundfile.LibsndfileError: Error opening 'checkpoints_v2/google_base_speakers/src/en-US-NovaMultilingualNeuralHD.mp3': File does not exist or is not a regular file (possibly a pipe?).

During handling of the above exception, another exception occurred:

Traceback (most recent call last):
  File "/home/ubuntu/OpenVoice/job.py", line 334, in <module>
    clone_voice(f"./projects/{i}/{j}")
  File "/home/ubuntu/OpenVoice/job.py", line 201, in clone_voice
    return(convert_color(projectfolder))
  File "/home/ubuntu/OpenVoice/job.py", line 301, in convert_color
    source_se, audio_name = se_extractor.get_se(f"checkpoints_v2/google_base_speakers/src/{voicecode}.mp3", tone_color_converter, vad=True)
  File "/home/ubuntu/OpenVoice/openvoice/se_extractor.py", line 134, in get_se
    audio_name = f"{os.path.basename(audio_path).rsplit('.', 1)[0]}_{version}_{hash_numpy_array(audio_path)}"
  File "/home/ubuntu/OpenVoice/openvoice/se_extractor.py", line 119, in hash_numpy_array
    array, _ = librosa.load(audio_path, sr=None, mono=True)
  File "/home/ubuntu/miniconda3/envs/openvoice/lib/python3.9/site-packages/librosa/util/decorators.py", line 88, in inner_f
    return f(*args, **kwargs)
  File "/home/ubuntu/miniconda3/envs/openvoice/lib/python3.9/site-packages/librosa/core/audio.py", line 174, in load
    y, sr_native = __audioread_load(path, offset, duration, dtype)
  File "/home/ubuntu/miniconda3/envs/openvoice/lib/python3.9/site-packages/librosa/core/audio.py", line 198, in __audioread_load
    with audioread.audio_open(path) as input_file:
  File "/home/ubuntu/miniconda3/envs/openvoice/lib/python3.9/site-packages/audioread/__init__.py", line 127, in audio_open
    return BackendClass(path)
  File "/home/ubuntu/miniconda3/envs/openvoice/lib/python3.9/site-packages/audioread/rawread.py", line 62, in __init__
    self._file = aifc.open(self._fh)
  File "/home/ubuntu/miniconda3/envs/openvoice/lib/python3.9/aifc.py", line 917, in open
    return Aifc_read(f)
  File "/home/ubuntu/miniconda3/envs/openvoice/lib/python3.9/aifc.py", line 358, in __init__
    self.initfp(f)
  File "/home/ubuntu/miniconda3/envs/openvoice/lib/python3.9/aifc.py", line 314, in initfp
    chunk = Chunk(file)
  File "/home/ubuntu/miniconda3/envs/openvoice/lib/python3.9/chunk.py", line 63, in __init__
    raise EOFError
EOFError
Traceback (most recent call last):
  File "/home/ubuntu/OpenVoice/job.py", line 334, in <module>
    clone_voice(f"./projects/{i}/{j}")
  File "/home/ubuntu/OpenVoice/job.py", line 201, in clone_voice
    return(convert_color(projectfolder))
  File "/home/ubuntu/OpenVoice/job.py", line 277, in convert_color
    target_se, audio_name = se_extractor.get_se(ref_audio_path, tone_color_converter, vad=False)
  File "/home/ubuntu/OpenVoice/openvoice/se_extractor.py", line 150, in get_se
    raise NotImplementedError('No audio segments found!')
NotImplementedError: No audio segments found!
Traceback (most recent call last):
  File "/home/ubuntu/OpenVoice/job.py", line 334, in <module>
    clone_voice(f"./projects/{i}/{j}")
  File "/home/ubuntu/OpenVoice/job.py", line 201, in clone_voice
    return(convert_color(projectfolder))
  File "/home/ubuntu/OpenVoice/job.py", line 277, in convert_color
    target_se, audio_name = se_extractor.get_se(ref_audio_path, tone_color_converter, vad=False)
  File "/home/ubuntu/OpenVoice/openvoice/se_extractor.py", line 150, in get_se
    raise NotImplementedError('No audio segments found!')
NotImplementedError: No audio segments found!
Traceback (most recent call last):
  File "/home/ubuntu/OpenVoice/job.py", line 334, in <module>
    clone_voice(f"./projects/{i}/{j}")
  File "/home/ubuntu/OpenVoice/job.py", line 201, in clone_voice
    return(convert_color(projectfolder))
  File "/home/ubuntu/OpenVoice/job.py", line 277, in convert_color
    target_se, audio_name = se_extractor.get_se(ref_audio_path, tone_color_converter, vad=False)
  File "/home/ubuntu/OpenVoice/openvoice/se_extractor.py", line 150, in get_se
    raise NotImplementedError('No audio segments found!')
NotImplementedError: No audio segments found!
Traceback (most recent call last):
  File "/home/ubuntu/OpenVoice/job.py", line 334, in <module>
    clone_voice(f"./projects/{i}/{j}")
  File "/home/ubuntu/OpenVoice/job.py", line 201, in clone_voice
    return(convert_color(projectfolder))
  File "/home/ubuntu/OpenVoice/job.py", line 277, in convert_color
    target_se, audio_name = se_extractor.get_se(ref_audio_path, tone_color_converter, vad=False)
  File "/home/ubuntu/OpenVoice/openvoice/se_extractor.py", line 150, in get_se
    raise NotImplementedError('No audio segments found!')
NotImplementedError: No audio segments found!
Traceback (most recent call last):
  File "/home/ubuntu/miniconda3/envs/openvoice/lib/python3.9/site-packages/librosa/core/audio.py", line 155, in load
    context = sf.SoundFile(path)
  File "/home/ubuntu/miniconda3/envs/openvoice/lib/python3.9/site-packages/soundfile.py", line 658, in __init__
    self._file = self._open(file, mode_int, closefd)
  File "/home/ubuntu/miniconda3/envs/openvoice/lib/python3.9/site-packages/soundfile.py", line 1216, in _open
    raise LibsndfileError(err, prefix="Error opening {0!r}: ".format(self.name))
soundfile.LibsndfileError: Error opening './projects/a94215e0-c801-4b83-9ff4-d0db8b5f717a/0/5_clone_Instant#ur-PK-AsadNeural.mp3': File does not exist or is not a regular file (possibly a pipe?).

During handling of the above exception, another exception occurred:

Traceback (most recent call last):
  File "/home/ubuntu/OpenVoice/job.py", line 334, in <module>
    clone_voice(f"./projects/{i}/{j}")
  File "/home/ubuntu/OpenVoice/job.py", line 201, in clone_voice
    return(convert_color(projectfolder))
  File "/home/ubuntu/OpenVoice/job.py", line 314, in convert_color
    tone_color_converter.convert(
  File "/home/ubuntu/OpenVoice/openvoice/api.py", line 144, in convert
    audio, sample_rate = librosa.load(audio_src_path, sr=hps.data.sampling_rate)
  File "/home/ubuntu/miniconda3/envs/openvoice/lib/python3.9/site-packages/librosa/util/decorators.py", line 88, in inner_f
    return f(*args, **kwargs)
  File "/home/ubuntu/miniconda3/envs/openvoice/lib/python3.9/site-packages/librosa/core/audio.py", line 174, in load
    y, sr_native = __audioread_load(path, offset, duration, dtype)
  File "/home/ubuntu/miniconda3/envs/openvoice/lib/python3.9/site-packages/librosa/core/audio.py", line 198, in __audioread_load
    with audioread.audio_open(path) as input_file:
  File "/home/ubuntu/miniconda3/envs/openvoice/lib/python3.9/site-packages/audioread/__init__.py", line 127, in audio_open
    return BackendClass(path)
  File "/home/ubuntu/miniconda3/envs/openvoice/lib/python3.9/site-packages/audioread/rawread.py", line 62, in __init__
    self._file = aifc.open(self._fh)
  File "/home/ubuntu/miniconda3/envs/openvoice/lib/python3.9/aifc.py", line 917, in open
    return Aifc_read(f)
  File "/home/ubuntu/miniconda3/envs/openvoice/lib/python3.9/aifc.py", line 358, in __init__
    self.initfp(f)
  File "/home/ubuntu/miniconda3/envs/openvoice/lib/python3.9/aifc.py", line 314, in initfp
    chunk = Chunk(file)
  File "/home/ubuntu/miniconda3/envs/openvoice/lib/python3.9/chunk.py", line 63, in __init__
    raise EOFError
EOFError
Traceback (most recent call last):
  File "/home/ubuntu/OpenVoice/job.py", line 334, in <module>
    clone_voice(f"./projects/{i}/{j}")
  File "/home/ubuntu/OpenVoice/job.py", line 201, in clone_voice
    return(convert_color(projectfolder))
  File "/home/ubuntu/OpenVoice/job.py", line 277, in convert_color
    target_se, audio_name = se_extractor.get_se(ref_audio_path, tone_color_converter, vad=False)
  File "/home/ubuntu/OpenVoice/openvoice/se_extractor.py", line 150, in get_se
    raise NotImplementedError('No audio segments found!')
NotImplementedError: No audio segments found!
Traceback (most recent call last):
  File "/home/ubuntu/OpenVoice/job.py", line 334, in <module>
    clone_voice(f"./projects/{i}/{j}")
  File "/home/ubuntu/OpenVoice/job.py", line 201, in clone_voice
    return(convert_color(projectfolder))
  File "/home/ubuntu/OpenVoice/job.py", line 277, in convert_color
    target_se, audio_name = se_extractor.get_se(ref_audio_path, tone_color_converter, vad=False)
  File "/home/ubuntu/OpenVoice/openvoice/se_extractor.py", line 150, in get_se
    raise NotImplementedError('No audio segments found!')
NotImplementedError: No audio segments found!
Traceback (most recent call last):
  File "/home/ubuntu/OpenVoice/job.py", line 334, in <module>
    clone_voice(f"./projects/{i}/{j}")
  File "/home/ubuntu/OpenVoice/job.py", line 201, in clone_voice
    return(convert_color(projectfolder))
  File "/home/ubuntu/OpenVoice/job.py", line 277, in convert_color
    target_se, audio_name = se_extractor.get_se(ref_audio_path, tone_color_converter, vad=False)
  File "/home/ubuntu/OpenVoice/openvoice/se_extractor.py", line 150, in get_se
    raise NotImplementedError('No audio segments found!')
NotImplementedError: No audio segments found!
Traceback (most recent call last):
  File "/home/ubuntu/OpenVoice/job.py", line 334, in <module>
    clone_voice(f"./projects/{i}/{j}")
  File "/home/ubuntu/OpenVoice/job.py", line 201, in clone_voice
    return(convert_color(projectfolder))
  File "/home/ubuntu/OpenVoice/job.py", line 277, in convert_color
    target_se, audio_name = se_extractor.get_se(ref_audio_path, tone_color_converter, vad=False)
  File "/home/ubuntu/OpenVoice/openvoice/se_extractor.py", line 150, in get_se
    raise NotImplementedError('No audio segments found!')
NotImplementedError: No audio segments found!
Traceback (most recent call last):
  File "/home/ubuntu/OpenVoice/job.py", line 334, in <module>
    clone_voice(f"./projects/{i}/{j}")
  File "/home/ubuntu/OpenVoice/job.py", line 201, in clone_voice
    return(convert_color(projectfolder))
  File "/home/ubuntu/OpenVoice/job.py", line 277, in convert_color
    target_se, audio_name = se_extractor.get_se(ref_audio_path, tone_color_converter, vad=False)
  File "/home/ubuntu/OpenVoice/openvoice/se_extractor.py", line 150, in get_se
    raise NotImplementedError('No audio segments found!')
NotImplementedError: No audio segments found!
Traceback (most recent call last):
  File "/home/ubuntu/OpenVoice/job.py", line 334, in <module>
    clone_voice(f"./projects/{i}/{j}")
  File "/home/ubuntu/OpenVoice/job.py", line 201, in clone_voice
    return(convert_color(projectfolder))
  File "/home/ubuntu/OpenVoice/job.py", line 277, in convert_color
    target_se, audio_name = se_extractor.get_se(ref_audio_path, tone_color_converter, vad=False)
  File "/home/ubuntu/OpenVoice/openvoice/se_extractor.py", line 150, in get_se
    raise NotImplementedError('No audio segments found!')
NotImplementedError: No audio segments found!
Traceback (most recent call last):
  File "/home/ubuntu/miniconda3/envs/openvoice/lib/python3.9/site-packages/librosa/core/audio.py", line 155, in load
    context = sf.SoundFile(path)
  File "/home/ubuntu/miniconda3/envs/openvoice/lib/python3.9/site-packages/soundfile.py", line 658, in __init__
    self._file = self._open(file, mode_int, closefd)
  File "/home/ubuntu/miniconda3/envs/openvoice/lib/python3.9/site-packages/soundfile.py", line 1216, in _open
    raise LibsndfileError(err, prefix="Error opening {0!r}: ".format(self.name))
soundfile.LibsndfileError: Error opening './projects/adfca6ec-b900-4c94-8138-fa01d829351b/0/0_clone_Instant#ur-PK-AsadNeural.mp3': File does not exist or is not a regular file (possibly a pipe?).

During handling of the above exception, another exception occurred:

Traceback (most recent call last):
  File "/home/ubuntu/OpenVoice/job.py", line 334, in <module>
    clone_voice(f"./projects/{i}/{j}")
  File "/home/ubuntu/OpenVoice/job.py", line 201, in clone_voice
    return(convert_color(projectfolder))
  File "/home/ubuntu/OpenVoice/job.py", line 314, in convert_color
    tone_color_converter.convert(
  File "/home/ubuntu/OpenVoice/openvoice/api.py", line 144, in convert
    audio, sample_rate = librosa.load(audio_src_path, sr=hps.data.sampling_rate)
  File "/home/ubuntu/miniconda3/envs/openvoice/lib/python3.9/site-packages/librosa/util/decorators.py", line 88, in inner_f
    return f(*args, **kwargs)
  File "/home/ubuntu/miniconda3/envs/openvoice/lib/python3.9/site-packages/librosa/core/audio.py", line 174, in load
    y, sr_native = __audioread_load(path, offset, duration, dtype)
  File "/home/ubuntu/miniconda3/envs/openvoice/lib/python3.9/site-packages/librosa/core/audio.py", line 198, in __audioread_load
    with audioread.audio_open(path) as input_file:
  File "/home/ubuntu/miniconda3/envs/openvoice/lib/python3.9/site-packages/audioread/__init__.py", line 127, in audio_open
    return BackendClass(path)
  File "/home/ubuntu/miniconda3/envs/openvoice/lib/python3.9/site-packages/audioread/rawread.py", line 62, in __init__
    self._file = aifc.open(self._fh)
  File "/home/ubuntu/miniconda3/envs/openvoice/lib/python3.9/aifc.py", line 917, in open
    return Aifc_read(f)
  File "/home/ubuntu/miniconda3/envs/openvoice/lib/python3.9/aifc.py", line 358, in __init__
    self.initfp(f)
  File "/home/ubuntu/miniconda3/envs/openvoice/lib/python3.9/aifc.py", line 314, in initfp
    chunk = Chunk(file)
  File "/home/ubuntu/miniconda3/envs/openvoice/lib/python3.9/chunk.py", line 63, in __init__
    raise EOFError
EOFError
Traceback (most recent call last):
  File "/home/ubuntu/OpenVoice/job.py", line 334, in <module>
    clone_voice(f"./projects/{i}/{j}")
  File "/home/ubuntu/OpenVoice/job.py", line 201, in clone_voice
    return(convert_color(projectfolder))
  File "/home/ubuntu/OpenVoice/job.py", line 277, in convert_color
    target_se, audio_name = se_extractor.get_se(ref_audio_path, tone_color_converter, vad=False)
  File "/home/ubuntu/OpenVoice/openvoice/se_extractor.py", line 150, in get_se
    raise NotImplementedError('No audio segments found!')
NotImplementedError: No audio segments found!
Traceback (most recent call last):
  File "/home/ubuntu/OpenVoice/job.py", line 334, in <module>
    clone_voice(f"./projects/{i}/{j}")
  File "/home/ubuntu/OpenVoice/job.py", line 201, in clone_voice
    return(convert_color(projectfolder))
  File "/home/ubuntu/OpenVoice/job.py", line 277, in convert_color
    target_se, audio_name = se_extractor.get_se(ref_audio_path, tone_color_converter, vad=False)
  File "/home/ubuntu/OpenVoice/openvoice/se_extractor.py", line 150, in get_se
    raise NotImplementedError('No audio segments found!')
NotImplementedError: No audio segments found!
Traceback (most recent call last):
  File "/home/ubuntu/OpenVoice/job.py", line 334, in <module>
    clone_voice(f"./projects/{i}/{j}")
  File "/home/ubuntu/OpenVoice/job.py", line 201, in clone_voice
    return(convert_color(projectfolder))
  File "/home/ubuntu/OpenVoice/job.py", line 277, in convert_color
    target_se, audio_name = se_extractor.get_se(ref_audio_path, tone_color_converter, vad=False)
  File "/home/ubuntu/OpenVoice/openvoice/se_extractor.py", line 150, in get_se
    raise NotImplementedError('No audio segments found!')
NotImplementedError: No audio segments found!
Traceback (most recent call last):
  File "/home/ubuntu/OpenVoice/job.py", line 334, in <module>
    clone_voice(f"./projects/{i}/{j}")
  File "/home/ubuntu/OpenVoice/job.py", line 201, in clone_voice
    return(convert_color(projectfolder))
  File "/home/ubuntu/OpenVoice/job.py", line 277, in convert_color
    target_se, audio_name = se_extractor.get_se(ref_audio_path, tone_color_converter, vad=False)
  File "/home/ubuntu/OpenVoice/openvoice/se_extractor.py", line 150, in get_se
    raise NotImplementedError('No audio segments found!')
NotImplementedError: No audio segments found!
Traceback (most recent call last):
  File "/home/ubuntu/OpenVoice/job.py", line 334, in <module>
    clone_voice(f"./projects/{i}/{j}")
  File "/home/ubuntu/OpenVoice/job.py", line 201, in clone_voice
    return(convert_color(projectfolder))
  File "/home/ubuntu/OpenVoice/job.py", line 277, in convert_color
    target_se, audio_name = se_extractor.get_se(ref_audio_path, tone_color_converter, vad=False)
  File "/home/ubuntu/OpenVoice/openvoice/se_extractor.py", line 150, in get_se
    raise NotImplementedError('No audio segments found!')
NotImplementedError: No audio segments found!
Traceback (most recent call last):
  File "/home/ubuntu/OpenVoice/job.py", line 334, in <module>
    clone_voice(f"./projects/{i}/{j}")
  File "/home/ubuntu/OpenVoice/job.py", line 201, in clone_voice
    return(convert_color(projectfolder))
  File "/home/ubuntu/OpenVoice/job.py", line 277, in convert_color
    target_se, audio_name = se_extractor.get_se(ref_audio_path, tone_color_converter, vad=False)
  File "/home/ubuntu/OpenVoice/openvoice/se_extractor.py", line 150, in get_se
    raise NotImplementedError('No audio segments found!')
NotImplementedError: No audio segments found!
Traceback (most recent call last):
  File "/home/ubuntu/OpenVoice/job.py", line 334, in <module>
    clone_voice(f"./projects/{i}/{j}")
  File "/home/ubuntu/OpenVoice/job.py", line 201, in clone_voice
    return(convert_color(projectfolder))
  File "/home/ubuntu/OpenVoice/job.py", line 277, in convert_color
    target_se, audio_name = se_extractor.get_se(ref_audio_path, tone_color_converter, vad=False)
  File "/home/ubuntu/OpenVoice/openvoice/se_extractor.py", line 150, in get_se
    raise NotImplementedError('No audio segments found!')
NotImplementedError: No audio segments found!
Traceback (most recent call last):
  File "/home/ubuntu/OpenVoice/job.py", line 334, in <module>
    clone_voice(f"./projects/{i}/{j}")
  File "/home/ubuntu/OpenVoice/job.py", line 201, in clone_voice
    return(convert_color(projectfolder))
  File "/home/ubuntu/OpenVoice/job.py", line 277, in convert_color
    target_se, audio_name = se_extractor.get_se(ref_audio_path, tone_color_converter, vad=False)
  File "/home/ubuntu/OpenVoice/openvoice/se_extractor.py", line 150, in get_se
    raise NotImplementedError('No audio segments found!')
NotImplementedError: No audio segments found!
Traceback (most recent call last):
  File "/home/ubuntu/OpenVoice/job.py", line 334, in <module>
    clone_voice(f"./projects/{i}/{j}")
  File "/home/ubuntu/OpenVoice/job.py", line 201, in clone_voice
    return(convert_color(projectfolder))
  File "/home/ubuntu/OpenVoice/job.py", line 277, in convert_color
    target_se, audio_name = se_extractor.get_se(ref_audio_path, tone_color_converter, vad=False)
  File "/home/ubuntu/OpenVoice/openvoice/se_extractor.py", line 150, in get_se
    raise NotImplementedError('No audio segments found!')
NotImplementedError: No audio segments found!
Traceback (most recent call last):
  File "/home/ubuntu/OpenVoice/job.py", line 334, in <module>
    clone_voice(f"./projects/{i}/{j}")
  File "/home/ubuntu/OpenVoice/job.py", line 201, in clone_voice
    return(convert_color(projectfolder))
  File "/home/ubuntu/OpenVoice/job.py", line 277, in convert_color
    target_se, audio_name = se_extractor.get_se(ref_audio_path, tone_color_converter, vad=False)
  File "/home/ubuntu/OpenVoice/openvoice/se_extractor.py", line 150, in get_se
    raise NotImplementedError('No audio segments found!')
NotImplementedError: No audio segments found!
Traceback (most recent call last):
  File "/home/ubuntu/OpenVoice/job.py", line 334, in <module>
    clone_voice(f"./projects/{i}/{j}")
  File "/home/ubuntu/OpenVoice/job.py", line 201, in clone_voice
    return(convert_color(projectfolder))
  File "/home/ubuntu/OpenVoice/job.py", line 277, in convert_color
    target_se, audio_name = se_extractor.get_se(ref_audio_path, tone_color_converter, vad=False)
  File "/home/ubuntu/OpenVoice/openvoice/se_extractor.py", line 150, in get_se
    raise NotImplementedError('No audio segments found!')
NotImplementedError: No audio segments found!
Traceback (most recent call last):
  File "/home/ubuntu/OpenVoice/job.py", line 334, in <module>
    clone_voice(f"./projects/{i}/{j}")
  File "/home/ubuntu/OpenVoice/job.py", line 201, in clone_voice
    return(convert_color(projectfolder))
  File "/home/ubuntu/OpenVoice/job.py", line 277, in convert_color
    target_se, audio_name = se_extractor.get_se(ref_audio_path, tone_color_converter, vad=False)
  File "/home/ubuntu/OpenVoice/openvoice/se_extractor.py", line 150, in get_se
    raise NotImplementedError('No audio segments found!')
NotImplementedError: No audio segments found!
Traceback (most recent call last):
  File "/home/ubuntu/OpenVoice/job.py", line 334, in <module>
    clone_voice(f"./projects/{i}/{j}")
  File "/home/ubuntu/OpenVoice/job.py", line 201, in clone_voice
    return(convert_color(projectfolder))
  File "/home/ubuntu/OpenVoice/job.py", line 277, in convert_color
    target_se, audio_name = se_extractor.get_se(ref_audio_path, tone_color_converter, vad=False)
  File "/home/ubuntu/OpenVoice/openvoice/se_extractor.py", line 150, in get_se
    raise NotImplementedError('No audio segments found!')
NotImplementedError: No audio segments found!
Traceback (most recent call last):
  File "/home/ubuntu/OpenVoice/job.py", line 334, in <module>
    clone_voice(f"./projects/{i}/{j}")
  File "/home/ubuntu/OpenVoice/job.py", line 201, in clone_voice
    return(convert_color(projectfolder))
  File "/home/ubuntu/OpenVoice/job.py", line 277, in convert_color
    target_se, audio_name = se_extractor.get_se(ref_audio_path, tone_color_converter, vad=False)
  File "/home/ubuntu/OpenVoice/openvoice/se_extractor.py", line 150, in get_se
    raise NotImplementedError('No audio segments found!')
NotImplementedError: No audio segments found!
Traceback (most recent call last):
  File "/home/ubuntu/OpenVoice/job.py", line 334, in <module>
    clone_voice(f"./projects/{i}/{j}")
  File "/home/ubuntu/OpenVoice/job.py", line 201, in clone_voice
    return(convert_color(projectfolder))
  File "/home/ubuntu/OpenVoice/job.py", line 277, in convert_color
    target_se, audio_name = se_extractor.get_se(ref_audio_path, tone_color_converter, vad=False)
  File "/home/ubuntu/OpenVoice/openvoice/se_extractor.py", line 150, in get_se
    raise NotImplementedError('No audio segments found!')
NotImplementedError: No audio segments found!
Traceback (most recent call last):
  File "/home/ubuntu/OpenVoice/job.py", line 334, in <module>
    clone_voice(f"./projects/{i}/{j}")
  File "/home/ubuntu/OpenVoice/job.py", line 201, in clone_voice
    return(convert_color(projectfolder))
  File "/home/ubuntu/OpenVoice/job.py", line 277, in convert_color
    target_se, audio_name = se_extractor.get_se(ref_audio_path, tone_color_converter, vad=False)
  File "/home/ubuntu/OpenVoice/openvoice/se_extractor.py", line 150, in get_se
    raise NotImplementedError('No audio segments found!')
NotImplementedError: No audio segments found!
Traceback (most recent call last):
  File "/home/ubuntu/OpenVoice/job.py", line 334, in <module>
    clone_voice(f"./projects/{i}/{j}")
  File "/home/ubuntu/OpenVoice/job.py", line 201, in clone_voice
    return(convert_color(projectfolder))
  File "/home/ubuntu/OpenVoice/job.py", line 277, in convert_color
    target_se, audio_name = se_extractor.get_se(ref_audio_path, tone_color_converter, vad=False)
  File "/home/ubuntu/OpenVoice/openvoice/se_extractor.py", line 150, in get_se
    raise NotImplementedError('No audio segments found!')
NotImplementedError: No audio segments found!
Traceback (most recent call last):
  File "/home/ubuntu/OpenVoice/job.py", line 334, in <module>
    clone_voice(f"./projects/{i}/{j}")
  File "/home/ubuntu/OpenVoice/job.py", line 201, in clone_voice
    return(convert_color(projectfolder))
  File "/home/ubuntu/OpenVoice/job.py", line 277, in convert_color
    target_se, audio_name = se_extractor.get_se(ref_audio_path, tone_color_converter, vad=False)
  File "/home/ubuntu/OpenVoice/openvoice/se_extractor.py", line 150, in get_se
    raise NotImplementedError('No audio segments found!')
NotImplementedError: No audio segments found!
Traceback (most recent call last):
  File "/home/ubuntu/OpenVoice/job.py", line 334, in <module>
    clone_voice(f"./projects/{i}/{j}")
  File "/home/ubuntu/OpenVoice/job.py", line 201, in clone_voice
    return(convert_color(projectfolder))
  File "/home/ubuntu/OpenVoice/job.py", line 277, in convert_color
    target_se, audio_name = se_extractor.get_se(ref_audio_path, tone_color_converter, vad=False)
  File "/home/ubuntu/OpenVoice/openvoice/se_extractor.py", line 150, in get_se
    raise NotImplementedError('No audio segments found!')
NotImplementedError: No audio segments found!
Traceback (most recent call last):
  File "/home/ubuntu/OpenVoice/job.py", line 334, in <module>
    clone_voice(f"./projects/{i}/{j}")
  File "/home/ubuntu/OpenVoice/job.py", line 201, in clone_voice
    return(convert_color(projectfolder))
  File "/home/ubuntu/OpenVoice/job.py", line 277, in convert_color
    target_se, audio_name = se_extractor.get_se(ref_audio_path, tone_color_converter, vad=False)
  File "/home/ubuntu/OpenVoice/openvoice/se_extractor.py", line 150, in get_se
    raise NotImplementedError('No audio segments found!')
NotImplementedError: No audio segments found!
Traceback (most recent call last):
  File "/home/ubuntu/OpenVoice/job.py", line 334, in <module>
    clone_voice(f"./projects/{i}/{j}")
  File "/home/ubuntu/OpenVoice/job.py", line 201, in clone_voice
    return(convert_color(projectfolder))
  File "/home/ubuntu/OpenVoice/job.py", line 277, in convert_color
    target_se, audio_name = se_extractor.get_se(ref_audio_path, tone_color_converter, vad=False)
  File "/home/ubuntu/OpenVoice/openvoice/se_extractor.py", line 150, in get_se
    raise NotImplementedError('No audio segments found!')
NotImplementedError: No audio segments found!
Traceback (most recent call last):
  File "/home/ubuntu/OpenVoice/job.py", line 334, in <module>
    clone_voice(f"./projects/{i}/{j}")
  File "/home/ubuntu/OpenVoice/job.py", line 201, in clone_voice
    return(convert_color(projectfolder))
  File "/home/ubuntu/OpenVoice/job.py", line 277, in convert_color
    target_se, audio_name = se_extractor.get_se(ref_audio_path, tone_color_converter, vad=False)
  File "/home/ubuntu/OpenVoice/openvoice/se_extractor.py", line 150, in get_se
    raise NotImplementedError('No audio segments found!')
NotImplementedError: No audio segments found!
Traceback (most recent call last):
  File "/home/ubuntu/OpenVoice/job.py", line 334, in <module>
    clone_voice(f"./projects/{i}/{j}")
  File "/home/ubuntu/OpenVoice/job.py", line 201, in clone_voice
    return(convert_color(projectfolder))
  File "/home/ubuntu/OpenVoice/job.py", line 277, in convert_color
    target_se, audio_name = se_extractor.get_se(ref_audio_path, tone_color_converter, vad=False)
  File "/home/ubuntu/OpenVoice/openvoice/se_extractor.py", line 150, in get_se
    raise NotImplementedError('No audio segments found!')
NotImplementedError: No audio segments found!
Traceback (most recent call last):
  File "/home/ubuntu/miniconda3/envs/openvoice/lib/python3.9/site-packages/librosa/core/audio.py", line 155, in load
    context = sf.SoundFile(path)
  File "/home/ubuntu/miniconda3/envs/openvoice/lib/python3.9/site-packages/soundfile.py", line 658, in __init__
    self._file = self._open(file, mode_int, closefd)
  File "/home/ubuntu/miniconda3/envs/openvoice/lib/python3.9/site-packages/soundfile.py", line 1216, in _open
    raise LibsndfileError(err, prefix="Error opening {0!r}: ".format(self.name))
soundfile.LibsndfileError: Error opening './projects/739edb35-af72-4975-8379-21aeb0988036/1/9_clone_Instant#hi-IN-KunalNeural.mp3': File does not exist or is not a regular file (possibly a pipe?).

During handling of the above exception, another exception occurred:

Traceback (most recent call last):
  File "/home/ubuntu/OpenVoice/job.py", line 334, in <module>
    clone_voice(f"./projects/{i}/{j}")
  File "/home/ubuntu/OpenVoice/job.py", line 201, in clone_voice
    return(convert_color(projectfolder))
  File "/home/ubuntu/OpenVoice/job.py", line 314, in convert_color
    tone_color_converter.convert(
  File "/home/ubuntu/OpenVoice/openvoice/api.py", line 144, in convert
    audio, sample_rate = librosa.load(audio_src_path, sr=hps.data.sampling_rate)
  File "/home/ubuntu/miniconda3/envs/openvoice/lib/python3.9/site-packages/librosa/util/decorators.py", line 88, in inner_f
    return f(*args, **kwargs)
  File "/home/ubuntu/miniconda3/envs/openvoice/lib/python3.9/site-packages/librosa/core/audio.py", line 174, in load
    y, sr_native = __audioread_load(path, offset, duration, dtype)
  File "/home/ubuntu/miniconda3/envs/openvoice/lib/python3.9/site-packages/librosa/core/audio.py", line 198, in __audioread_load
    with audioread.audio_open(path) as input_file:
  File "/home/ubuntu/miniconda3/envs/openvoice/lib/python3.9/site-packages/audioread/__init__.py", line 127, in audio_open
    return BackendClass(path)
  File "/home/ubuntu/miniconda3/envs/openvoice/lib/python3.9/site-packages/audioread/rawread.py", line 62, in __init__
    self._file = aifc.open(self._fh)
  File "/home/ubuntu/miniconda3/envs/openvoice/lib/python3.9/aifc.py", line 917, in open
    return Aifc_read(f)
  File "/home/ubuntu/miniconda3/envs/openvoice/lib/python3.9/aifc.py", line 358, in __init__
    self.initfp(f)
  File "/home/ubuntu/miniconda3/envs/openvoice/lib/python3.9/aifc.py", line 314, in initfp
    chunk = Chunk(file)
  File "/home/ubuntu/miniconda3/envs/openvoice/lib/python3.9/chunk.py", line 63, in __init__
    raise EOFError
EOFError
Traceback (most recent call last):
  File "/home/ubuntu/OpenVoice/job.py", line 334, in <module>
    clone_voice(f"./projects/{i}/{j}")
  File "/home/ubuntu/OpenVoice/job.py", line 201, in clone_voice
    return(convert_color(projectfolder))
  File "/home/ubuntu/OpenVoice/job.py", line 277, in convert_color
    target_se, audio_name = se_extractor.get_se(ref_audio_path, tone_color_converter, vad=False)
  File "/home/ubuntu/OpenVoice/openvoice/se_extractor.py", line 150, in get_se
    raise NotImplementedError('No audio segments found!')
NotImplementedError: No audio segments found!
Traceback (most recent call last):
  File "/home/ubuntu/OpenVoice/job.py", line 334, in <module>
    clone_voice(f"./projects/{i}/{j}")
  File "/home/ubuntu/OpenVoice/job.py", line 201, in clone_voice
    return(convert_color(projectfolder))
  File "/home/ubuntu/OpenVoice/job.py", line 277, in convert_color
    target_se, audio_name = se_extractor.get_se(ref_audio_path, tone_color_converter, vad=False)
  File "/home/ubuntu/OpenVoice/openvoice/se_extractor.py", line 150, in get_se
    raise NotImplementedError('No audio segments found!')
NotImplementedError: No audio segments found!
Traceback (most recent call last):
  File "/home/ubuntu/OpenVoice/job.py", line 334, in <module>
    clone_voice(f"./projects/{i}/{j}")
  File "/home/ubuntu/OpenVoice/job.py", line 201, in clone_voice
    return(convert_color(projectfolder))
  File "/home/ubuntu/OpenVoice/job.py", line 277, in convert_color
    target_se, audio_name = se_extractor.get_se(ref_audio_path, tone_color_converter, vad=False)
  File "/home/ubuntu/OpenVoice/openvoice/se_extractor.py", line 150, in get_se
    raise NotImplementedError('No audio segments found!')
NotImplementedError: No audio segments found!
Traceback (most recent call last):
  File "/home/ubuntu/OpenVoice/job.py", line 334, in <module>
    clone_voice(f"./projects/{i}/{j}")
  File "/home/ubuntu/OpenVoice/job.py", line 201, in clone_voice
    return(convert_color(projectfolder))
  File "/home/ubuntu/OpenVoice/job.py", line 277, in convert_color
    target_se, audio_name = se_extractor.get_se(ref_audio_path, tone_color_converter, vad=False)
  File "/home/ubuntu/OpenVoice/openvoice/se_extractor.py", line 150, in get_se
    raise NotImplementedError('No audio segments found!')
NotImplementedError: No audio segments found!
Traceback (most recent call last):
  File "/home/ubuntu/miniconda3/envs/openvoice/lib/python3.9/site-packages/librosa/core/audio.py", line 155, in load
    context = sf.SoundFile(path)
  File "/home/ubuntu/miniconda3/envs/openvoice/lib/python3.9/site-packages/soundfile.py", line 658, in __init__
    self._file = self._open(file, mode_int, closefd)
  File "/home/ubuntu/miniconda3/envs/openvoice/lib/python3.9/site-packages/soundfile.py", line 1216, in _open
    raise LibsndfileError(err, prefix="Error opening {0!r}: ".format(self.name))
soundfile.LibsndfileError: Error opening './projects/291f210d-7525-465b-864d-d1d97d12c65d/0/15_clone_Instant#as-IN-PriyomNeural.mp3': File does not exist or is not a regular file (possibly a pipe?).

During handling of the above exception, another exception occurred:

Traceback (most recent call last):
  File "/home/ubuntu/OpenVoice/job.py", line 334, in <module>
    clone_voice(f"./projects/{i}/{j}")
  File "/home/ubuntu/OpenVoice/job.py", line 201, in clone_voice
    return(convert_color(projectfolder))
  File "/home/ubuntu/OpenVoice/job.py", line 314, in convert_color
    tone_color_converter.convert(
  File "/home/ubuntu/OpenVoice/openvoice/api.py", line 144, in convert
    audio, sample_rate = librosa.load(audio_src_path, sr=hps.data.sampling_rate)
  File "/home/ubuntu/miniconda3/envs/openvoice/lib/python3.9/site-packages/librosa/util/decorators.py", line 88, in inner_f
    return f(*args, **kwargs)
  File "/home/ubuntu/miniconda3/envs/openvoice/lib/python3.9/site-packages/librosa/core/audio.py", line 174, in load
    y, sr_native = __audioread_load(path, offset, duration, dtype)
  File "/home/ubuntu/miniconda3/envs/openvoice/lib/python3.9/site-packages/librosa/core/audio.py", line 198, in __audioread_load
    with audioread.audio_open(path) as input_file:
  File "/home/ubuntu/miniconda3/envs/openvoice/lib/python3.9/site-packages/audioread/__init__.py", line 127, in audio_open
    return BackendClass(path)
  File "/home/ubuntu/miniconda3/envs/openvoice/lib/python3.9/site-packages/audioread/rawread.py", line 62, in __init__
    self._file = aifc.open(self._fh)
  File "/home/ubuntu/miniconda3/envs/openvoice/lib/python3.9/aifc.py", line 917, in open
    return Aifc_read(f)
  File "/home/ubuntu/miniconda3/envs/openvoice/lib/python3.9/aifc.py", line 358, in __init__
    self.initfp(f)
  File "/home/ubuntu/miniconda3/envs/openvoice/lib/python3.9/aifc.py", line 314, in initfp
    chunk = Chunk(file)
  File "/home/ubuntu/miniconda3/envs/openvoice/lib/python3.9/chunk.py", line 63, in __init__
    raise EOFError
EOFError
Traceback (most recent call last):
  File "/home/ubuntu/OpenVoice/job.py", line 334, in <module>
    clone_voice(f"./projects/{i}/{j}")
  File "/home/ubuntu/OpenVoice/job.py", line 201, in clone_voice
    return(convert_color(projectfolder))
  File "/home/ubuntu/OpenVoice/job.py", line 277, in convert_color
    target_se, audio_name = se_extractor.get_se(ref_audio_path, tone_color_converter, vad=False)
  File "/home/ubuntu/OpenVoice/openvoice/se_extractor.py", line 150, in get_se
    raise NotImplementedError('No audio segments found!')
NotImplementedError: No audio segments found!
Traceback (most recent call last):
  File "/home/ubuntu/OpenVoice/job.py", line 334, in <module>
    clone_voice(f"./projects/{i}/{j}")
  File "/home/ubuntu/OpenVoice/job.py", line 201, in clone_voice
    return(convert_color(projectfolder))
  File "/home/ubuntu/OpenVoice/job.py", line 277, in convert_color
    target_se, audio_name = se_extractor.get_se(ref_audio_path, tone_color_converter, vad=False)
  File "/home/ubuntu/OpenVoice/openvoice/se_extractor.py", line 150, in get_se
    raise NotImplementedError('No audio segments found!')
NotImplementedError: No audio segments found!
Traceback (most recent call last):
  File "/home/ubuntu/OpenVoice/job.py", line 334, in <module>
    clone_voice(f"./projects/{i}/{j}")
  File "/home/ubuntu/OpenVoice/job.py", line 201, in clone_voice
    return(convert_color(projectfolder))
  File "/home/ubuntu/OpenVoice/job.py", line 277, in convert_color
    target_se, audio_name = se_extractor.get_se(ref_audio_path, tone_color_converter, vad=False)
  File "/home/ubuntu/OpenVoice/openvoice/se_extractor.py", line 150, in get_se
    raise NotImplementedError('No audio segments found!')
NotImplementedError: No audio segments found!
Traceback (most recent call last):
  File "/home/ubuntu/OpenVoice/job.py", line 334, in <module>
    clone_voice(f"./projects/{i}/{j}")
  File "/home/ubuntu/OpenVoice/job.py", line 201, in clone_voice
    return(convert_color(projectfolder))
  File "/home/ubuntu/OpenVoice/job.py", line 277, in convert_color
    target_se, audio_name = se_extractor.get_se(ref_audio_path, tone_color_converter, vad=False)
  File "/home/ubuntu/OpenVoice/openvoice/se_extractor.py", line 150, in get_se
    raise NotImplementedError('No audio segments found!')
NotImplementedError: No audio segments found!
Traceback (most recent call last):
  File "/home/ubuntu/OpenVoice/job.py", line 334, in <module>
    clone_voice(f"./projects/{i}/{j}")
  File "/home/ubuntu/OpenVoice/job.py", line 201, in clone_voice
    return(convert_color(projectfolder))
  File "/home/ubuntu/OpenVoice/job.py", line 277, in convert_color
    target_se, audio_name = se_extractor.get_se(ref_audio_path, tone_color_converter, vad=False)
  File "/home/ubuntu/OpenVoice/openvoice/se_extractor.py", line 150, in get_se
    raise NotImplementedError('No audio segments found!')
NotImplementedError: No audio segments found!
Traceback (most recent call last):
  File "/home/ubuntu/OpenVoice/job.py", line 334, in <module>
    clone_voice(f"./projects/{i}/{j}")
  File "/home/ubuntu/OpenVoice/job.py", line 201, in clone_voice
    return(convert_color(projectfolder))
  File "/home/ubuntu/OpenVoice/job.py", line 277, in convert_color
    target_se, audio_name = se_extractor.get_se(ref_audio_path, tone_color_converter, vad=False)
  File "/home/ubuntu/OpenVoice/openvoice/se_extractor.py", line 150, in get_se
    raise NotImplementedError('No audio segments found!')
NotImplementedError: No audio segments found!
Traceback (most recent call last):
  File "/home/ubuntu/OpenVoice/job.py", line 334, in <module>
    clone_voice(f"./projects/{i}/{j}")
  File "/home/ubuntu/OpenVoice/job.py", line 201, in clone_voice
    return(convert_color(projectfolder))
  File "/home/ubuntu/OpenVoice/job.py", line 277, in convert_color
    target_se, audio_name = se_extractor.get_se(ref_audio_path, tone_color_converter, vad=False)
  File "/home/ubuntu/OpenVoice/openvoice/se_extractor.py", line 150, in get_se
    raise NotImplementedError('No audio segments found!')
NotImplementedError: No audio segments found!
Traceback (most recent call last):
  File "/home/ubuntu/OpenVoice/job.py", line 334, in <module>
    clone_voice(f"./projects/{i}/{j}")
  File "/home/ubuntu/OpenVoice/job.py", line 201, in clone_voice
    return(convert_color(projectfolder))
  File "/home/ubuntu/OpenVoice/job.py", line 277, in convert_color
    target_se, audio_name = se_extractor.get_se(ref_audio_path, tone_color_converter, vad=False)
  File "/home/ubuntu/OpenVoice/openvoice/se_extractor.py", line 150, in get_se
    raise NotImplementedError('No audio segments found!')
NotImplementedError: No audio segments found!
Traceback (most recent call last):
  File "/home/ubuntu/OpenVoice/job.py", line 334, in <module>
    clone_voice(f"./projects/{i}/{j}")
  File "/home/ubuntu/OpenVoice/job.py", line 201, in clone_voice
    return(convert_color(projectfolder))
  File "/home/ubuntu/OpenVoice/job.py", line 277, in convert_color
    target_se, audio_name = se_extractor.get_se(ref_audio_path, tone_color_converter, vad=False)
  File "/home/ubuntu/OpenVoice/openvoice/se_extractor.py", line 150, in get_se
    raise NotImplementedError('No audio segments found!')
NotImplementedError: No audio segments found!
Traceback (most recent call last):
  File "/home/ubuntu/OpenVoice/job.py", line 334, in <module>
    clone_voice(f"./projects/{i}/{j}")
  File "/home/ubuntu/OpenVoice/job.py", line 201, in clone_voice
    return(convert_color(projectfolder))
  File "/home/ubuntu/OpenVoice/job.py", line 277, in convert_color
    target_se, audio_name = se_extractor.get_se(ref_audio_path, tone_color_converter, vad=False)
  File "/home/ubuntu/OpenVoice/openvoice/se_extractor.py", line 150, in get_se
    raise NotImplementedError('No audio segments found!')
NotImplementedError: No audio segments found!
Traceback (most recent call last):
  File "/home/ubuntu/OpenVoice/job.py", line 334, in <module>
    clone_voice(f"./projects/{i}/{j}")
  File "/home/ubuntu/OpenVoice/job.py", line 201, in clone_voice
    return(convert_color(projectfolder))
  File "/home/ubuntu/OpenVoice/job.py", line 277, in convert_color
    target_se, audio_name = se_extractor.get_se(ref_audio_path, tone_color_converter, vad=False)
  File "/home/ubuntu/OpenVoice/openvoice/se_extractor.py", line 150, in get_se
    raise NotImplementedError('No audio segments found!')
NotImplementedError: No audio segments found!
Traceback (most recent call last):
  File "/home/ubuntu/OpenVoice/job.py", line 334, in <module>
    clone_voice(f"./projects/{i}/{j}")
  File "/home/ubuntu/OpenVoice/job.py", line 201, in clone_voice
    return(convert_color(projectfolder))
  File "/home/ubuntu/OpenVoice/job.py", line 277, in convert_color
    target_se, audio_name = se_extractor.get_se(ref_audio_path, tone_color_converter, vad=False)
  File "/home/ubuntu/OpenVoice/openvoice/se_extractor.py", line 150, in get_se
    raise NotImplementedError('No audio segments found!')
NotImplementedError: No audio segments found!
Traceback (most recent call last):
  File "/home/ubuntu/OpenVoice/job.py", line 334, in <module>
    clone_voice(f"./projects/{i}/{j}")
  File "/home/ubuntu/OpenVoice/job.py", line 201, in clone_voice
    return(convert_color(projectfolder))
  File "/home/ubuntu/OpenVoice/job.py", line 277, in convert_color
    target_se, audio_name = se_extractor.get_se(ref_audio_path, tone_color_converter, vad=False)
  File "/home/ubuntu/OpenVoice/openvoice/se_extractor.py", line 150, in get_se
    raise NotImplementedError('No audio segments found!')
NotImplementedError: No audio segments found!
Traceback (most recent call last):
  File "/home/ubuntu/OpenVoice/job.py", line 334, in <module>
    clone_voice(f"./projects/{i}/{j}")
  File "/home/ubuntu/OpenVoice/job.py", line 201, in clone_voice
    return(convert_color(projectfolder))
  File "/home/ubuntu/OpenVoice/job.py", line 277, in convert_color
    target_se, audio_name = se_extractor.get_se(ref_audio_path, tone_color_converter, vad=False)
  File "/home/ubuntu/OpenVoice/openvoice/se_extractor.py", line 150, in get_se
    raise NotImplementedError('No audio segments found!')
NotImplementedError: No audio segments found!
Traceback (most recent call last):
  File "/home/ubuntu/OpenVoice/job.py", line 279, in convert_color
    source_se = torch.load(f'checkpoints_v2/google_base_speakers/models/{voicecode}.pth', map_location=device)
  File "/home/ubuntu/miniconda3/envs/openvoice/lib/python3.9/site-packages/torch/serialization.py", line 997, in load
    with _open_file_like(f, 'rb') as opened_file:
  File "/home/ubuntu/miniconda3/envs/openvoice/lib/python3.9/site-packages/torch/serialization.py", line 444, in _open_file_like
    return _open_file(name_or_buffer, mode)
  File "/home/ubuntu/miniconda3/envs/openvoice/lib/python3.9/site-packages/torch/serialization.py", line 425, in __init__
    super().__init__(open(name, mode))
FileNotFoundError: [Errno 2] No such file or directory: 'checkpoints_v2/google_base_speakers/models/cmn-CN-Wavenet-C.pth'

During handling of the above exception, another exception occurred:

Traceback (most recent call last):
  File "/home/ubuntu/OpenVoice/job.py", line 288, in convert_color
    synthesis_input = texttospeech.SynthesisInput(text=texts_[voicecode[:2]])
KeyError: 'cm'

During handling of the above exception, another exception occurred:

Traceback (most recent call last):
  File "/home/ubuntu/OpenVoice/job.py", line 334, in <module>
    clone_voice(f"./projects/{i}/{j}")
  File "/home/ubuntu/OpenVoice/job.py", line 201, in clone_voice
    return(convert_color(projectfolder))
  File "/home/ubuntu/OpenVoice/job.py", line 296, in convert_color
    create_speech_azure(texts_[voicecode[:2]],f"checkpoints_v2/google_base_speakers/src/{voicecode}.mp3",voicecode)
KeyError: 'cm'
Traceback (most recent call last):
  File "/home/ubuntu/OpenVoice/job.py", line 334, in <module>
    clone_voice(f"./projects/{i}/{j}")
  File "/home/ubuntu/OpenVoice/job.py", line 201, in clone_voice
    return(convert_color(projectfolder))
  File "/home/ubuntu/OpenVoice/job.py", line 277, in convert_color
    target_se, audio_name = se_extractor.get_se(ref_audio_path, tone_color_converter, vad=False)
  File "/home/ubuntu/OpenVoice/openvoice/se_extractor.py", line 150, in get_se
    raise NotImplementedError('No audio segments found!')
NotImplementedError: No audio segments found!
Traceback (most recent call last):
  File "/home/ubuntu/OpenVoice/job.py", line 334, in <module>
    clone_voice(f"./projects/{i}/{j}")
  File "/home/ubuntu/OpenVoice/job.py", line 201, in clone_voice
    return(convert_color(projectfolder))
  File "/home/ubuntu/OpenVoice/job.py", line 277, in convert_color
    target_se, audio_name = se_extractor.get_se(ref_audio_path, tone_color_converter, vad=False)
  File "/home/ubuntu/OpenVoice/openvoice/se_extractor.py", line 150, in get_se
    raise NotImplementedError('No audio segments found!')
NotImplementedError: No audio segments found!
Traceback (most recent call last):
  File "/home/ubuntu/OpenVoice/job.py", line 334, in <module>
    clone_voice(f"./projects/{i}/{j}")
  File "/home/ubuntu/OpenVoice/job.py", line 201, in clone_voice
    return(convert_color(projectfolder))
  File "/home/ubuntu/OpenVoice/job.py", line 277, in convert_color
    target_se, audio_name = se_extractor.get_se(ref_audio_path, tone_color_converter, vad=False)
  File "/home/ubuntu/OpenVoice/openvoice/se_extractor.py", line 150, in get_se
    raise NotImplementedError('No audio segments found!')
NotImplementedError: No audio segments found!
Traceback (most recent call last):
  File "/home/ubuntu/OpenVoice/job.py", line 334, in <module>
    clone_voice(f"./projects/{i}/{j}")
  File "/home/ubuntu/OpenVoice/job.py", line 201, in clone_voice
    return(convert_color(projectfolder))
  File "/home/ubuntu/OpenVoice/job.py", line 277, in convert_color
    target_se, audio_name = se_extractor.get_se(ref_audio_path, tone_color_converter, vad=False)
  File "/home/ubuntu/OpenVoice/openvoice/se_extractor.py", line 150, in get_se
    raise NotImplementedError('No audio segments found!')
NotImplementedError: No audio segments found!
Traceback (most recent call last):
  File "/home/ubuntu/OpenVoice/job.py", line 334, in <module>
    clone_voice(f"./projects/{i}/{j}")
  File "/home/ubuntu/OpenVoice/job.py", line 201, in clone_voice
    return(convert_color(projectfolder))
  File "/home/ubuntu/OpenVoice/job.py", line 277, in convert_color
    target_se, audio_name = se_extractor.get_se(ref_audio_path, tone_color_converter, vad=False)
  File "/home/ubuntu/OpenVoice/openvoice/se_extractor.py", line 150, in get_se
    raise NotImplementedError('No audio segments found!')
NotImplementedError: No audio segments found!
Traceback (most recent call last):
  File "/home/ubuntu/OpenVoice/job.py", line 334, in <module>
    clone_voice(f"./projects/{i}/{j}")
  File "/home/ubuntu/OpenVoice/job.py", line 201, in clone_voice
    return(convert_color(projectfolder))
  File "/home/ubuntu/OpenVoice/job.py", line 277, in convert_color
    target_se, audio_name = se_extractor.get_se(ref_audio_path, tone_color_converter, vad=False)
  File "/home/ubuntu/OpenVoice/openvoice/se_extractor.py", line 150, in get_se
    raise NotImplementedError('No audio segments found!')
NotImplementedError: No audio segments found!
Traceback (most recent call last):
  File "/home/ubuntu/OpenVoice/job.py", line 334, in <module>
    clone_voice(f"./projects/{i}/{j}")
  File "/home/ubuntu/OpenVoice/job.py", line 201, in clone_voice
    return(convert_color(projectfolder))
  File "/home/ubuntu/OpenVoice/job.py", line 277, in convert_color
    target_se, audio_name = se_extractor.get_se(ref_audio_path, tone_color_converter, vad=False)
  File "/home/ubuntu/OpenVoice/openvoice/se_extractor.py", line 150, in get_se
    raise NotImplementedError('No audio segments found!')
NotImplementedError: No audio segments found!
Traceback (most recent call last):
  File "/home/ubuntu/OpenVoice/job.py", line 334, in <module>
    clone_voice(f"./projects/{i}/{j}")
  File "/home/ubuntu/OpenVoice/job.py", line 201, in clone_voice
    return(convert_color(projectfolder))
  File "/home/ubuntu/OpenVoice/job.py", line 277, in convert_color
    target_se, audio_name = se_extractor.get_se(ref_audio_path, tone_color_converter, vad=False)
  File "/home/ubuntu/OpenVoice/openvoice/se_extractor.py", line 150, in get_se
    raise NotImplementedError('No audio segments found!')
NotImplementedError: No audio segments found!
Traceback (most recent call last):
  File "/home/ubuntu/OpenVoice/job.py", line 334, in <module>
    clone_voice(f"./projects/{i}/{j}")
  File "/home/ubuntu/OpenVoice/job.py", line 201, in clone_voice
    return(convert_color(projectfolder))
  File "/home/ubuntu/OpenVoice/job.py", line 277, in convert_color
    target_se, audio_name = se_extractor.get_se(ref_audio_path, tone_color_converter, vad=False)
  File "/home/ubuntu/OpenVoice/openvoice/se_extractor.py", line 150, in get_se
    raise NotImplementedError('No audio segments found!')
NotImplementedError: No audio segments found!
Traceback (most recent call last):
  File "/home/ubuntu/OpenVoice/job.py", line 334, in <module>
    clone_voice(f"./projects/{i}/{j}")
  File "/home/ubuntu/OpenVoice/job.py", line 201, in clone_voice
    return(convert_color(projectfolder))
  File "/home/ubuntu/OpenVoice/job.py", line 277, in convert_color
    target_se, audio_name = se_extractor.get_se(ref_audio_path, tone_color_converter, vad=False)
  File "/home/ubuntu/OpenVoice/openvoice/se_extractor.py", line 150, in get_se
    raise NotImplementedError('No audio segments found!')
NotImplementedError: No audio segments found!
Traceback (most recent call last):
  File "/home/ubuntu/OpenVoice/job.py", line 334, in <module>
    clone_voice(f"./projects/{i}/{j}")
  File "/home/ubuntu/OpenVoice/job.py", line 201, in clone_voice
    return(convert_color(projectfolder))
  File "/home/ubuntu/OpenVoice/job.py", line 277, in convert_color
    target_se, audio_name = se_extractor.get_se(ref_audio_path, tone_color_converter, vad=False)
  File "/home/ubuntu/OpenVoice/openvoice/se_extractor.py", line 146, in get_se
    wavs_folder = split_audio_whisper(audio_path, target_dir=target_dir, audio_name=audio_name)
  File "/home/ubuntu/OpenVoice/openvoice/se_extractor.py", line 29, in split_audio_whisper
    segments = list(segments)
  File "/home/ubuntu/miniconda3/envs/openvoice/lib/python3.9/site-packages/faster_whisper/transcribe.py", line 433, in generate_segments
    ) = self.generate_with_fallback(encoder_output, prompt, tokenizer, options)
  File "/home/ubuntu/miniconda3/envs/openvoice/lib/python3.9/site-packages/faster_whisper/transcribe.py", line 641, in generate_with_fallback
    result = self.model.generate(
RuntimeError: CUDA failed with error out of memory
Traceback (most recent call last):
  File "/home/ubuntu/OpenVoice/job.py", line 334, in <module>
    clone_voice(f"./projects/{i}/{j}")
  File "/home/ubuntu/OpenVoice/job.py", line 201, in clone_voice
    return(convert_color(projectfolder))
  File "/home/ubuntu/OpenVoice/job.py", line 277, in convert_color
    target_se, audio_name = se_extractor.get_se(ref_audio_path, tone_color_converter, vad=False)
  File "/home/ubuntu/OpenVoice/openvoice/se_extractor.py", line 146, in get_se
    wavs_folder = split_audio_whisper(audio_path, target_dir=target_dir, audio_name=audio_name)
  File "/home/ubuntu/OpenVoice/openvoice/se_extractor.py", line 29, in split_audio_whisper
    segments = list(segments)
  File "/home/ubuntu/miniconda3/envs/openvoice/lib/python3.9/site-packages/faster_whisper/transcribe.py", line 433, in generate_segments
    ) = self.generate_with_fallback(encoder_output, prompt, tokenizer, options)
  File "/home/ubuntu/miniconda3/envs/openvoice/lib/python3.9/site-packages/faster_whisper/transcribe.py", line 641, in generate_with_fallback
    result = self.model.generate(
RuntimeError: CUDA failed with error out of memory
Traceback (most recent call last):
  File "/home/ubuntu/OpenVoice/job.py", line 334, in <module>
    clone_voice(f"./projects/{i}/{j}")
  File "/home/ubuntu/OpenVoice/job.py", line 201, in clone_voice
    return(convert_color(projectfolder))
  File "/home/ubuntu/OpenVoice/job.py", line 277, in convert_color
    target_se, audio_name = se_extractor.get_se(ref_audio_path, tone_color_converter, vad=False)
  File "/home/ubuntu/OpenVoice/openvoice/se_extractor.py", line 150, in get_se
    raise NotImplementedError('No audio segments found!')
NotImplementedError: No audio segments found!
Traceback (most recent call last):
  File "/home/ubuntu/OpenVoice/job.py", line 334, in <module>
    clone_voice(f"./projects/{i}/{j}")
  File "/home/ubuntu/OpenVoice/job.py", line 201, in clone_voice
    return(convert_color(projectfolder))
  File "/home/ubuntu/OpenVoice/job.py", line 277, in convert_color
    target_se, audio_name = se_extractor.get_se(ref_audio_path, tone_color_converter, vad=False)
  File "/home/ubuntu/OpenVoice/openvoice/se_extractor.py", line 150, in get_se
    raise NotImplementedError('No audio segments found!')
NotImplementedError: No audio segments found!
Traceback (most recent call last):
  File "/home/ubuntu/OpenVoice/job.py", line 334, in <module>
    clone_voice(f"./projects/{i}/{j}")
  File "/home/ubuntu/OpenVoice/job.py", line 201, in clone_voice
    return(convert_color(projectfolder))
  File "/home/ubuntu/OpenVoice/job.py", line 277, in convert_color
    target_se, audio_name = se_extractor.get_se(ref_audio_path, tone_color_converter, vad=False)
  File "/home/ubuntu/OpenVoice/openvoice/se_extractor.py", line 146, in get_se
    wavs_folder = split_audio_whisper(audio_path, target_dir=target_dir, audio_name=audio_name)
  File "/home/ubuntu/OpenVoice/openvoice/se_extractor.py", line 29, in split_audio_whisper
    segments = list(segments)
  File "/home/ubuntu/miniconda3/envs/openvoice/lib/python3.9/site-packages/faster_whisper/transcribe.py", line 433, in generate_segments
    ) = self.generate_with_fallback(encoder_output, prompt, tokenizer, options)
  File "/home/ubuntu/miniconda3/envs/openvoice/lib/python3.9/site-packages/faster_whisper/transcribe.py", line 641, in generate_with_fallback
    result = self.model.generate(
RuntimeError: CUDA failed with error out of memory
Traceback (most recent call last):
  File "/home/ubuntu/OpenVoice/job.py", line 334, in <module>
    clone_voice(f"./projects/{i}/{j}")
  File "/home/ubuntu/OpenVoice/job.py", line 201, in clone_voice
    return(convert_color(projectfolder))
  File "/home/ubuntu/OpenVoice/job.py", line 277, in convert_color
    target_se, audio_name = se_extractor.get_se(ref_audio_path, tone_color_converter, vad=False)
  File "/home/ubuntu/OpenVoice/openvoice/se_extractor.py", line 150, in get_se
    raise NotImplementedError('No audio segments found!')
NotImplementedError: No audio segments found!
Traceback (most recent call last):
  File "/home/ubuntu/OpenVoice/job.py", line 334, in <module>
    clone_voice(f"./projects/{i}/{j}")
  File "/home/ubuntu/OpenVoice/job.py", line 201, in clone_voice
    return(convert_color(projectfolder))
  File "/home/ubuntu/OpenVoice/job.py", line 277, in convert_color
    target_se, audio_name = se_extractor.get_se(ref_audio_path, tone_color_converter, vad=False)
  File "/home/ubuntu/OpenVoice/openvoice/se_extractor.py", line 150, in get_se
    raise NotImplementedError('No audio segments found!')
NotImplementedError: No audio segments found!
Traceback (most recent call last):
  File "/home/ubuntu/OpenVoice/job.py", line 334, in <module>
    clone_voice(f"./projects/{i}/{j}")
  File "/home/ubuntu/OpenVoice/job.py", line 201, in clone_voice
    return(convert_color(projectfolder))
  File "/home/ubuntu/OpenVoice/job.py", line 277, in convert_color
    target_se, audio_name = se_extractor.get_se(ref_audio_path, tone_color_converter, vad=False)
  File "/home/ubuntu/OpenVoice/openvoice/se_extractor.py", line 146, in get_se
    wavs_folder = split_audio_whisper(audio_path, target_dir=target_dir, audio_name=audio_name)
  File "/home/ubuntu/OpenVoice/openvoice/se_extractor.py", line 29, in split_audio_whisper
    segments = list(segments)
  File "/home/ubuntu/miniconda3/envs/openvoice/lib/python3.9/site-packages/faster_whisper/transcribe.py", line 433, in generate_segments
    ) = self.generate_with_fallback(encoder_output, prompt, tokenizer, options)
  File "/home/ubuntu/miniconda3/envs/openvoice/lib/python3.9/site-packages/faster_whisper/transcribe.py", line 641, in generate_with_fallback
    result = self.model.generate(
RuntimeError: CUDA failed with error out of memory
Traceback (most recent call last):
  File "/home/ubuntu/OpenVoice/job.py", line 334, in <module>
    clone_voice(f"./projects/{i}/{j}")
  File "/home/ubuntu/OpenVoice/job.py", line 201, in clone_voice
    return(convert_color(projectfolder))
  File "/home/ubuntu/OpenVoice/job.py", line 277, in convert_color
    target_se, audio_name = se_extractor.get_se(ref_audio_path, tone_color_converter, vad=False)
  File "/home/ubuntu/OpenVoice/openvoice/se_extractor.py", line 146, in get_se
    wavs_folder = split_audio_whisper(audio_path, target_dir=target_dir, audio_name=audio_name)
  File "/home/ubuntu/OpenVoice/openvoice/se_extractor.py", line 29, in split_audio_whisper
    segments = list(segments)
  File "/home/ubuntu/miniconda3/envs/openvoice/lib/python3.9/site-packages/faster_whisper/transcribe.py", line 433, in generate_segments
    ) = self.generate_with_fallback(encoder_output, prompt, tokenizer, options)
  File "/home/ubuntu/miniconda3/envs/openvoice/lib/python3.9/site-packages/faster_whisper/transcribe.py", line 641, in generate_with_fallback
    result = self.model.generate(
RuntimeError: CUDA failed with error out of memory
Traceback (most recent call last):
  File "/home/ubuntu/OpenVoice/job.py", line 334, in <module>
    clone_voice(f"./projects/{i}/{j}")
  File "/home/ubuntu/OpenVoice/job.py", line 201, in clone_voice
    return(convert_color(projectfolder))
  File "/home/ubuntu/OpenVoice/job.py", line 277, in convert_color
    target_se, audio_name = se_extractor.get_se(ref_audio_path, tone_color_converter, vad=False)
  File "/home/ubuntu/OpenVoice/openvoice/se_extractor.py", line 146, in get_se
    wavs_folder = split_audio_whisper(audio_path, target_dir=target_dir, audio_name=audio_name)
  File "/home/ubuntu/OpenVoice/openvoice/se_extractor.py", line 29, in split_audio_whisper
    segments = list(segments)
  File "/home/ubuntu/miniconda3/envs/openvoice/lib/python3.9/site-packages/faster_whisper/transcribe.py", line 433, in generate_segments
    ) = self.generate_with_fallback(encoder_output, prompt, tokenizer, options)
  File "/home/ubuntu/miniconda3/envs/openvoice/lib/python3.9/site-packages/faster_whisper/transcribe.py", line 641, in generate_with_fallback
    result = self.model.generate(
RuntimeError: CUDA failed with error out of memory
Traceback (most recent call last):
  File "/home/ubuntu/OpenVoice/job.py", line 334, in <module>
    clone_voice(f"./projects/{i}/{j}")
  File "/home/ubuntu/OpenVoice/job.py", line 201, in clone_voice
    return(convert_color(projectfolder))
  File "/home/ubuntu/OpenVoice/job.py", line 277, in convert_color
    target_se, audio_name = se_extractor.get_se(ref_audio_path, tone_color_converter, vad=False)
  File "/home/ubuntu/OpenVoice/openvoice/se_extractor.py", line 146, in get_se
    wavs_folder = split_audio_whisper(audio_path, target_dir=target_dir, audio_name=audio_name)
  File "/home/ubuntu/OpenVoice/openvoice/se_extractor.py", line 29, in split_audio_whisper
    segments = list(segments)
  File "/home/ubuntu/miniconda3/envs/openvoice/lib/python3.9/site-packages/faster_whisper/transcribe.py", line 433, in generate_segments
    ) = self.generate_with_fallback(encoder_output, prompt, tokenizer, options)
  File "/home/ubuntu/miniconda3/envs/openvoice/lib/python3.9/site-packages/faster_whisper/transcribe.py", line 641, in generate_with_fallback
    result = self.model.generate(
RuntimeError: CUDA failed with error out of memory
Traceback (most recent call last):
  File "/home/ubuntu/OpenVoice/job.py", line 334, in <module>
    clone_voice(f"./projects/{i}/{j}")
  File "/home/ubuntu/OpenVoice/job.py", line 201, in clone_voice
    return(convert_color(projectfolder))
  File "/home/ubuntu/OpenVoice/job.py", line 277, in convert_color
    target_se, audio_name = se_extractor.get_se(ref_audio_path, tone_color_converter, vad=False)
  File "/home/ubuntu/OpenVoice/openvoice/se_extractor.py", line 146, in get_se
    wavs_folder = split_audio_whisper(audio_path, target_dir=target_dir, audio_name=audio_name)
  File "/home/ubuntu/OpenVoice/openvoice/se_extractor.py", line 29, in split_audio_whisper
    segments = list(segments)
  File "/home/ubuntu/miniconda3/envs/openvoice/lib/python3.9/site-packages/faster_whisper/transcribe.py", line 433, in generate_segments
    ) = self.generate_with_fallback(encoder_output, prompt, tokenizer, options)
  File "/home/ubuntu/miniconda3/envs/openvoice/lib/python3.9/site-packages/faster_whisper/transcribe.py", line 641, in generate_with_fallback
    result = self.model.generate(
RuntimeError: CUDA failed with error out of memory
Traceback (most recent call last):
  File "/home/ubuntu/OpenVoice/job.py", line 334, in <module>
    clone_voice(f"./projects/{i}/{j}")
  File "/home/ubuntu/OpenVoice/job.py", line 201, in clone_voice
    return(convert_color(projectfolder))
  File "/home/ubuntu/OpenVoice/job.py", line 277, in convert_color
    target_se, audio_name = se_extractor.get_se(ref_audio_path, tone_color_converter, vad=False)
  File "/home/ubuntu/OpenVoice/openvoice/se_extractor.py", line 150, in get_se
    raise NotImplementedError('No audio segments found!')
NotImplementedError: No audio segments found!
Traceback (most recent call last):
  File "/home/ubuntu/OpenVoice/job.py", line 334, in <module>
    clone_voice(f"./projects/{i}/{j}")
  File "/home/ubuntu/OpenVoice/job.py", line 201, in clone_voice
    return(convert_color(projectfolder))
  File "/home/ubuntu/OpenVoice/job.py", line 277, in convert_color
    target_se, audio_name = se_extractor.get_se(ref_audio_path, tone_color_converter, vad=False)
  File "/home/ubuntu/OpenVoice/openvoice/se_extractor.py", line 146, in get_se
    wavs_folder = split_audio_whisper(audio_path, target_dir=target_dir, audio_name=audio_name)
  File "/home/ubuntu/OpenVoice/openvoice/se_extractor.py", line 29, in split_audio_whisper
    segments = list(segments)
  File "/home/ubuntu/miniconda3/envs/openvoice/lib/python3.9/site-packages/faster_whisper/transcribe.py", line 433, in generate_segments
    ) = self.generate_with_fallback(encoder_output, prompt, tokenizer, options)
  File "/home/ubuntu/miniconda3/envs/openvoice/lib/python3.9/site-packages/faster_whisper/transcribe.py", line 641, in generate_with_fallback
    result = self.model.generate(
RuntimeError: CUDA failed with error out of memory
Traceback (most recent call last):
  File "/home/ubuntu/OpenVoice/job.py", line 334, in <module>
    clone_voice(f"./projects/{i}/{j}")
  File "/home/ubuntu/OpenVoice/job.py", line 201, in clone_voice
    return(convert_color(projectfolder))
  File "/home/ubuntu/OpenVoice/job.py", line 277, in convert_color
    target_se, audio_name = se_extractor.get_se(ref_audio_path, tone_color_converter, vad=False)
  File "/home/ubuntu/OpenVoice/openvoice/se_extractor.py", line 150, in get_se
    raise NotImplementedError('No audio segments found!')
NotImplementedError: No audio segments found!
Traceback (most recent call last):
  File "/home/ubuntu/OpenVoice/job.py", line 334, in <module>
    clone_voice(f"./projects/{i}/{j}")
  File "/home/ubuntu/OpenVoice/job.py", line 201, in clone_voice
    return(convert_color(projectfolder))
  File "/home/ubuntu/OpenVoice/job.py", line 277, in convert_color
    target_se, audio_name = se_extractor.get_se(ref_audio_path, tone_color_converter, vad=False)
  File "/home/ubuntu/OpenVoice/openvoice/se_extractor.py", line 146, in get_se
    wavs_folder = split_audio_whisper(audio_path, target_dir=target_dir, audio_name=audio_name)
  File "/home/ubuntu/OpenVoice/openvoice/se_extractor.py", line 29, in split_audio_whisper
    segments = list(segments)
  File "/home/ubuntu/miniconda3/envs/openvoice/lib/python3.9/site-packages/faster_whisper/transcribe.py", line 433, in generate_segments
    ) = self.generate_with_fallback(encoder_output, prompt, tokenizer, options)
  File "/home/ubuntu/miniconda3/envs/openvoice/lib/python3.9/site-packages/faster_whisper/transcribe.py", line 641, in generate_with_fallback
    result = self.model.generate(
RuntimeError: CUDA failed with error out of memory
Traceback (most recent call last):
  File "/home/ubuntu/OpenVoice/job.py", line 334, in <module>
    clone_voice(f"./projects/{i}/{j}")
  File "/home/ubuntu/OpenVoice/job.py", line 201, in clone_voice
    return(convert_color(projectfolder))
  File "/home/ubuntu/OpenVoice/job.py", line 277, in convert_color
    target_se, audio_name = se_extractor.get_se(ref_audio_path, tone_color_converter, vad=False)
  File "/home/ubuntu/OpenVoice/openvoice/se_extractor.py", line 150, in get_se
    raise NotImplementedError('No audio segments found!')
NotImplementedError: No audio segments found!
Traceback (most recent call last):
  File "/home/ubuntu/OpenVoice/job.py", line 334, in <module>
    clone_voice(f"./projects/{i}/{j}")
  File "/home/ubuntu/OpenVoice/job.py", line 201, in clone_voice
    return(convert_color(projectfolder))
  File "/home/ubuntu/OpenVoice/job.py", line 277, in convert_color
    target_se, audio_name = se_extractor.get_se(ref_audio_path, tone_color_converter, vad=False)
  File "/home/ubuntu/OpenVoice/openvoice/se_extractor.py", line 146, in get_se
    wavs_folder = split_audio_whisper(audio_path, target_dir=target_dir, audio_name=audio_name)
  File "/home/ubuntu/OpenVoice/openvoice/se_extractor.py", line 29, in split_audio_whisper
    segments = list(segments)
  File "/home/ubuntu/miniconda3/envs/openvoice/lib/python3.9/site-packages/faster_whisper/transcribe.py", line 433, in generate_segments
    ) = self.generate_with_fallback(encoder_output, prompt, tokenizer, options)
  File "/home/ubuntu/miniconda3/envs/openvoice/lib/python3.9/site-packages/faster_whisper/transcribe.py", line 641, in generate_with_fallback
    result = self.model.generate(
RuntimeError: CUDA failed with error out of memory
Traceback (most recent call last):
  File "/home/ubuntu/OpenVoice/job.py", line 334, in <module>
    clone_voice(f"./projects/{i}/{j}")
  File "/home/ubuntu/OpenVoice/job.py", line 201, in clone_voice
    return(convert_color(projectfolder))
  File "/home/ubuntu/OpenVoice/job.py", line 277, in convert_color
    target_se, audio_name = se_extractor.get_se(ref_audio_path, tone_color_converter, vad=False)
  File "/home/ubuntu/OpenVoice/openvoice/se_extractor.py", line 150, in get_se
    raise NotImplementedError('No audio segments found!')
NotImplementedError: No audio segments found!
Traceback (most recent call last):
  File "/home/ubuntu/OpenVoice/job.py", line 334, in <module>
    clone_voice(f"./projects/{i}/{j}")
  File "/home/ubuntu/OpenVoice/job.py", line 201, in clone_voice
    return(convert_color(projectfolder))
  File "/home/ubuntu/OpenVoice/job.py", line 277, in convert_color
    target_se, audio_name = se_extractor.get_se(ref_audio_path, tone_color_converter, vad=False)
  File "/home/ubuntu/OpenVoice/openvoice/se_extractor.py", line 146, in get_se
    wavs_folder = split_audio_whisper(audio_path, target_dir=target_dir, audio_name=audio_name)
  File "/home/ubuntu/OpenVoice/openvoice/se_extractor.py", line 29, in split_audio_whisper
    segments = list(segments)
  File "/home/ubuntu/miniconda3/envs/openvoice/lib/python3.9/site-packages/faster_whisper/transcribe.py", line 433, in generate_segments
    ) = self.generate_with_fallback(encoder_output, prompt, tokenizer, options)
  File "/home/ubuntu/miniconda3/envs/openvoice/lib/python3.9/site-packages/faster_whisper/transcribe.py", line 641, in generate_with_fallback
    result = self.model.generate(
RuntimeError: CUDA failed with error out of memory
Traceback (most recent call last):
  File "/home/ubuntu/OpenVoice/job.py", line 334, in <module>
    clone_voice(f"./projects/{i}/{j}")
  File "/home/ubuntu/OpenVoice/job.py", line 201, in clone_voice
    return(convert_color(projectfolder))
  File "/home/ubuntu/OpenVoice/job.py", line 277, in convert_color
    target_se, audio_name = se_extractor.get_se(ref_audio_path, tone_color_converter, vad=False)
  File "/home/ubuntu/OpenVoice/openvoice/se_extractor.py", line 146, in get_se
    wavs_folder = split_audio_whisper(audio_path, target_dir=target_dir, audio_name=audio_name)
  File "/home/ubuntu/OpenVoice/openvoice/se_extractor.py", line 29, in split_audio_whisper
    segments = list(segments)
  File "/home/ubuntu/miniconda3/envs/openvoice/lib/python3.9/site-packages/faster_whisper/transcribe.py", line 433, in generate_segments
    ) = self.generate_with_fallback(encoder_output, prompt, tokenizer, options)
  File "/home/ubuntu/miniconda3/envs/openvoice/lib/python3.9/site-packages/faster_whisper/transcribe.py", line 641, in generate_with_fallback
    result = self.model.generate(
RuntimeError: CUDA failed with error out of memory
Traceback (most recent call last):
  File "/home/ubuntu/OpenVoice/job.py", line 334, in <module>
    clone_voice(f"./projects/{i}/{j}")
  File "/home/ubuntu/OpenVoice/job.py", line 201, in clone_voice
    return(convert_color(projectfolder))
  File "/home/ubuntu/OpenVoice/job.py", line 277, in convert_color
    target_se, audio_name = se_extractor.get_se(ref_audio_path, tone_color_converter, vad=False)
  File "/home/ubuntu/OpenVoice/openvoice/se_extractor.py", line 150, in get_se
    raise NotImplementedError('No audio segments found!')
NotImplementedError: No audio segments found!
Traceback (most recent call last):
  File "/home/ubuntu/OpenVoice/job.py", line 334, in <module>
    clone_voice(f"./projects/{i}/{j}")
  File "/home/ubuntu/OpenVoice/job.py", line 201, in clone_voice
    return(convert_color(projectfolder))
  File "/home/ubuntu/OpenVoice/job.py", line 277, in convert_color
    target_se, audio_name = se_extractor.get_se(ref_audio_path, tone_color_converter, vad=False)
  File "/home/ubuntu/OpenVoice/openvoice/se_extractor.py", line 146, in get_se
    wavs_folder = split_audio_whisper(audio_path, target_dir=target_dir, audio_name=audio_name)
  File "/home/ubuntu/OpenVoice/openvoice/se_extractor.py", line 29, in split_audio_whisper
    segments = list(segments)
  File "/home/ubuntu/miniconda3/envs/openvoice/lib/python3.9/site-packages/faster_whisper/transcribe.py", line 433, in generate_segments
    ) = self.generate_with_fallback(encoder_output, prompt, tokenizer, options)
  File "/home/ubuntu/miniconda3/envs/openvoice/lib/python3.9/site-packages/faster_whisper/transcribe.py", line 641, in generate_with_fallback
    result = self.model.generate(
RuntimeError: CUDA failed with error out of memory
Traceback (most recent call last):
  File "/home/ubuntu/OpenVoice/job.py", line 334, in <module>
    clone_voice(f"./projects/{i}/{j}")
  File "/home/ubuntu/OpenVoice/job.py", line 201, in clone_voice
    return(convert_color(projectfolder))
  File "/home/ubuntu/OpenVoice/job.py", line 277, in convert_color
    target_se, audio_name = se_extractor.get_se(ref_audio_path, tone_color_converter, vad=False)
  File "/home/ubuntu/OpenVoice/openvoice/se_extractor.py", line 146, in get_se
    wavs_folder = split_audio_whisper(audio_path, target_dir=target_dir, audio_name=audio_name)
  File "/home/ubuntu/OpenVoice/openvoice/se_extractor.py", line 29, in split_audio_whisper
    segments = list(segments)
  File "/home/ubuntu/miniconda3/envs/openvoice/lib/python3.9/site-packages/faster_whisper/transcribe.py", line 433, in generate_segments
    ) = self.generate_with_fallback(encoder_output, prompt, tokenizer, options)
  File "/home/ubuntu/miniconda3/envs/openvoice/lib/python3.9/site-packages/faster_whisper/transcribe.py", line 641, in generate_with_fallback
    result = self.model.generate(
RuntimeError: CUDA failed with error out of memory
Traceback (most recent call last):
  File "/home/ubuntu/OpenVoice/job.py", line 334, in <module>
    clone_voice(f"./projects/{i}/{j}")
  File "/home/ubuntu/OpenVoice/job.py", line 201, in clone_voice
    return(convert_color(projectfolder))
  File "/home/ubuntu/OpenVoice/job.py", line 277, in convert_color
    target_se, audio_name = se_extractor.get_se(ref_audio_path, tone_color_converter, vad=False)
  File "/home/ubuntu/OpenVoice/openvoice/se_extractor.py", line 150, in get_se
    raise NotImplementedError('No audio segments found!')
NotImplementedError: No audio segments found!
Traceback (most recent call last):
  File "/home/ubuntu/OpenVoice/job.py", line 334, in <module>
    clone_voice(f"./projects/{i}/{j}")
  File "/home/ubuntu/OpenVoice/job.py", line 201, in clone_voice
    return(convert_color(projectfolder))
  File "/home/ubuntu/OpenVoice/job.py", line 277, in convert_color
    target_se, audio_name = se_extractor.get_se(ref_audio_path, tone_color_converter, vad=False)
  File "/home/ubuntu/OpenVoice/openvoice/se_extractor.py", line 146, in get_se
    wavs_folder = split_audio_whisper(audio_path, target_dir=target_dir, audio_name=audio_name)
  File "/home/ubuntu/OpenVoice/openvoice/se_extractor.py", line 29, in split_audio_whisper
    segments = list(segments)
  File "/home/ubuntu/miniconda3/envs/openvoice/lib/python3.9/site-packages/faster_whisper/transcribe.py", line 433, in generate_segments
    ) = self.generate_with_fallback(encoder_output, prompt, tokenizer, options)
  File "/home/ubuntu/miniconda3/envs/openvoice/lib/python3.9/site-packages/faster_whisper/transcribe.py", line 641, in generate_with_fallback
    result = self.model.generate(
RuntimeError: CUDA failed with error out of memory
Traceback (most recent call last):
  File "/home/ubuntu/OpenVoice/job.py", line 334, in <module>
    clone_voice(f"./projects/{i}/{j}")
  File "/home/ubuntu/OpenVoice/job.py", line 201, in clone_voice
    return(convert_color(projectfolder))
  File "/home/ubuntu/OpenVoice/job.py", line 277, in convert_color
    target_se, audio_name = se_extractor.get_se(ref_audio_path, tone_color_converter, vad=False)
  File "/home/ubuntu/OpenVoice/openvoice/se_extractor.py", line 150, in get_se
    raise NotImplementedError('No audio segments found!')
NotImplementedError: No audio segments found!
Traceback (most recent call last):
  File "/home/ubuntu/OpenVoice/job.py", line 334, in <module>
    clone_voice(f"./projects/{i}/{j}")
  File "/home/ubuntu/OpenVoice/job.py", line 201, in clone_voice
    return(convert_color(projectfolder))
  File "/home/ubuntu/OpenVoice/job.py", line 277, in convert_color
    target_se, audio_name = se_extractor.get_se(ref_audio_path, tone_color_converter, vad=False)
  File "/home/ubuntu/OpenVoice/openvoice/se_extractor.py", line 150, in get_se
    raise NotImplementedError('No audio segments found!')
NotImplementedError: No audio segments found!
Traceback (most recent call last):
  File "/home/ubuntu/OpenVoice/job.py", line 334, in <module>
    clone_voice(f"./projects/{i}/{j}")
  File "/home/ubuntu/OpenVoice/job.py", line 201, in clone_voice
    return(convert_color(projectfolder))
  File "/home/ubuntu/OpenVoice/job.py", line 277, in convert_color
    target_se, audio_name = se_extractor.get_se(ref_audio_path, tone_color_converter, vad=False)
  File "/home/ubuntu/OpenVoice/openvoice/se_extractor.py", line 150, in get_se
    raise NotImplementedError('No audio segments found!')
NotImplementedError: No audio segments found!
Traceback (most recent call last):
  File "/home/ubuntu/OpenVoice/job.py", line 334, in <module>
    clone_voice(f"./projects/{i}/{j}")
  File "/home/ubuntu/OpenVoice/job.py", line 201, in clone_voice
    return(convert_color(projectfolder))
  File "/home/ubuntu/OpenVoice/job.py", line 277, in convert_color
    target_se, audio_name = se_extractor.get_se(ref_audio_path, tone_color_converter, vad=False)
  File "/home/ubuntu/OpenVoice/openvoice/se_extractor.py", line 150, in get_se
    raise NotImplementedError('No audio segments found!')
NotImplementedError: No audio segments found!
Traceback (most recent call last):
  File "/home/ubuntu/OpenVoice/job.py", line 334, in <module>
    clone_voice(f"./projects/{i}/{j}")
  File "/home/ubuntu/OpenVoice/job.py", line 201, in clone_voice
    return(convert_color(projectfolder))
  File "/home/ubuntu/OpenVoice/job.py", line 277, in convert_color
    target_se, audio_name = se_extractor.get_se(ref_audio_path, tone_color_converter, vad=False)
  File "/home/ubuntu/OpenVoice/openvoice/se_extractor.py", line 150, in get_se
    raise NotImplementedError('No audio segments found!')
NotImplementedError: No audio segments found!
Traceback (most recent call last):
  File "/home/ubuntu/OpenVoice/job.py", line 334, in <module>
    clone_voice(f"./projects/{i}/{j}")
  File "/home/ubuntu/OpenVoice/job.py", line 201, in clone_voice
    return(convert_color(projectfolder))
  File "/home/ubuntu/OpenVoice/job.py", line 277, in convert_color
    target_se, audio_name = se_extractor.get_se(ref_audio_path, tone_color_converter, vad=False)
  File "/home/ubuntu/OpenVoice/openvoice/se_extractor.py", line 146, in get_se
    wavs_folder = split_audio_whisper(audio_path, target_dir=target_dir, audio_name=audio_name)
  File "/home/ubuntu/OpenVoice/openvoice/se_extractor.py", line 29, in split_audio_whisper
    segments = list(segments)
  File "/home/ubuntu/miniconda3/envs/openvoice/lib/python3.9/site-packages/faster_whisper/transcribe.py", line 433, in generate_segments
    ) = self.generate_with_fallback(encoder_output, prompt, tokenizer, options)
  File "/home/ubuntu/miniconda3/envs/openvoice/lib/python3.9/site-packages/faster_whisper/transcribe.py", line 641, in generate_with_fallback
    result = self.model.generate(
RuntimeError: CUDA failed with error out of memory
Traceback (most recent call last):
  File "/home/ubuntu/OpenVoice/job.py", line 334, in <module>
    clone_voice(f"./projects/{i}/{j}")
  File "/home/ubuntu/OpenVoice/job.py", line 201, in clone_voice
    return(convert_color(projectfolder))
  File "/home/ubuntu/OpenVoice/job.py", line 277, in convert_color
    target_se, audio_name = se_extractor.get_se(ref_audio_path, tone_color_converter, vad=False)
  File "/home/ubuntu/OpenVoice/openvoice/se_extractor.py", line 146, in get_se
    wavs_folder = split_audio_whisper(audio_path, target_dir=target_dir, audio_name=audio_name)
  File "/home/ubuntu/OpenVoice/openvoice/se_extractor.py", line 29, in split_audio_whisper
    segments = list(segments)
  File "/home/ubuntu/miniconda3/envs/openvoice/lib/python3.9/site-packages/faster_whisper/transcribe.py", line 433, in generate_segments
    ) = self.generate_with_fallback(encoder_output, prompt, tokenizer, options)
  File "/home/ubuntu/miniconda3/envs/openvoice/lib/python3.9/site-packages/faster_whisper/transcribe.py", line 641, in generate_with_fallback
    result = self.model.generate(
RuntimeError: CUDA failed with error out of memory
Traceback (most recent call last):
  File "/home/ubuntu/OpenVoice/job.py", line 334, in <module>
    clone_voice(f"./projects/{i}/{j}")
  File "/home/ubuntu/OpenVoice/job.py", line 201, in clone_voice
    return(convert_color(projectfolder))
  File "/home/ubuntu/OpenVoice/job.py", line 277, in convert_color
    target_se, audio_name = se_extractor.get_se(ref_audio_path, tone_color_converter, vad=False)
  File "/home/ubuntu/OpenVoice/openvoice/se_extractor.py", line 146, in get_se
    wavs_folder = split_audio_whisper(audio_path, target_dir=target_dir, audio_name=audio_name)
  File "/home/ubuntu/OpenVoice/openvoice/se_extractor.py", line 29, in split_audio_whisper
    segments = list(segments)
  File "/home/ubuntu/miniconda3/envs/openvoice/lib/python3.9/site-packages/faster_whisper/transcribe.py", line 433, in generate_segments
    ) = self.generate_with_fallback(encoder_output, prompt, tokenizer, options)
  File "/home/ubuntu/miniconda3/envs/openvoice/lib/python3.9/site-packages/faster_whisper/transcribe.py", line 641, in generate_with_fallback
    result = self.model.generate(
RuntimeError: CUDA failed with error out of memory
Traceback (most recent call last):
  File "/home/ubuntu/OpenVoice/job.py", line 334, in <module>
    clone_voice(f"./projects/{i}/{j}")
  File "/home/ubuntu/OpenVoice/job.py", line 201, in clone_voice
    return(convert_color(projectfolder))
  File "/home/ubuntu/OpenVoice/job.py", line 277, in convert_color
    target_se, audio_name = se_extractor.get_se(ref_audio_path, tone_color_converter, vad=False)
  File "/home/ubuntu/OpenVoice/openvoice/se_extractor.py", line 146, in get_se
    wavs_folder = split_audio_whisper(audio_path, target_dir=target_dir, audio_name=audio_name)
  File "/home/ubuntu/OpenVoice/openvoice/se_extractor.py", line 29, in split_audio_whisper
    segments = list(segments)
  File "/home/ubuntu/miniconda3/envs/openvoice/lib/python3.9/site-packages/faster_whisper/transcribe.py", line 433, in generate_segments
    ) = self.generate_with_fallback(encoder_output, prompt, tokenizer, options)
  File "/home/ubuntu/miniconda3/envs/openvoice/lib/python3.9/site-packages/faster_whisper/transcribe.py", line 641, in generate_with_fallback
    result = self.model.generate(
RuntimeError: CUDA failed with error out of memory
Traceback (most recent call last):
  File "/home/ubuntu/OpenVoice/job.py", line 334, in <module>
    clone_voice(f"./projects/{i}/{j}")
  File "/home/ubuntu/OpenVoice/job.py", line 201, in clone_voice
    return(convert_color(projectfolder))
  File "/home/ubuntu/OpenVoice/job.py", line 277, in convert_color
    target_se, audio_name = se_extractor.get_se(ref_audio_path, tone_color_converter, vad=False)
  File "/home/ubuntu/OpenVoice/openvoice/se_extractor.py", line 150, in get_se
    raise NotImplementedError('No audio segments found!')
NotImplementedError: No audio segments found!
Traceback (most recent call last):
  File "/home/ubuntu/OpenVoice/job.py", line 334, in <module>
    clone_voice(f"./projects/{i}/{j}")
  File "/home/ubuntu/OpenVoice/job.py", line 201, in clone_voice
    return(convert_color(projectfolder))
  File "/home/ubuntu/OpenVoice/job.py", line 277, in convert_color
    target_se, audio_name = se_extractor.get_se(ref_audio_path, tone_color_converter, vad=False)
  File "/home/ubuntu/OpenVoice/openvoice/se_extractor.py", line 150, in get_se
    raise NotImplementedError('No audio segments found!')
NotImplementedError: No audio segments found!
Traceback (most recent call last):
  File "/home/ubuntu/OpenVoice/job.py", line 334, in <module>
    clone_voice(f"./projects/{i}/{j}")
  File "/home/ubuntu/OpenVoice/job.py", line 201, in clone_voice
    return(convert_color(projectfolder))
  File "/home/ubuntu/OpenVoice/job.py", line 277, in convert_color
    target_se, audio_name = se_extractor.get_se(ref_audio_path, tone_color_converter, vad=False)
  File "/home/ubuntu/OpenVoice/openvoice/se_extractor.py", line 146, in get_se
    wavs_folder = split_audio_whisper(audio_path, target_dir=target_dir, audio_name=audio_name)
  File "/home/ubuntu/OpenVoice/openvoice/se_extractor.py", line 29, in split_audio_whisper
    segments = list(segments)
  File "/home/ubuntu/miniconda3/envs/openvoice/lib/python3.9/site-packages/faster_whisper/transcribe.py", line 433, in generate_segments
    ) = self.generate_with_fallback(encoder_output, prompt, tokenizer, options)
  File "/home/ubuntu/miniconda3/envs/openvoice/lib/python3.9/site-packages/faster_whisper/transcribe.py", line 641, in generate_with_fallback
    result = self.model.generate(
RuntimeError: CUDA failed with error out of memory
Traceback (most recent call last):
  File "/home/ubuntu/OpenVoice/job.py", line 334, in <module>
    clone_voice(f"./projects/{i}/{j}")
  File "/home/ubuntu/OpenVoice/job.py", line 201, in clone_voice
    return(convert_color(projectfolder))
  File "/home/ubuntu/OpenVoice/job.py", line 277, in convert_color
    target_se, audio_name = se_extractor.get_se(ref_audio_path, tone_color_converter, vad=False)
  File "/home/ubuntu/OpenVoice/openvoice/se_extractor.py", line 146, in get_se
    wavs_folder = split_audio_whisper(audio_path, target_dir=target_dir, audio_name=audio_name)
  File "/home/ubuntu/OpenVoice/openvoice/se_extractor.py", line 29, in split_audio_whisper
    segments = list(segments)
  File "/home/ubuntu/miniconda3/envs/openvoice/lib/python3.9/site-packages/faster_whisper/transcribe.py", line 433, in generate_segments
    ) = self.generate_with_fallback(encoder_output, prompt, tokenizer, options)
  File "/home/ubuntu/miniconda3/envs/openvoice/lib/python3.9/site-packages/faster_whisper/transcribe.py", line 641, in generate_with_fallback
    result = self.model.generate(
RuntimeError: CUDA failed with error out of memory
Traceback (most recent call last):
  File "/home/ubuntu/OpenVoice/job.py", line 334, in <module>
    clone_voice(f"./projects/{i}/{j}")
  File "/home/ubuntu/OpenVoice/job.py", line 201, in clone_voice
    return(convert_color(projectfolder))
  File "/home/ubuntu/OpenVoice/job.py", line 277, in convert_color
    target_se, audio_name = se_extractor.get_se(ref_audio_path, tone_color_converter, vad=False)
  File "/home/ubuntu/OpenVoice/openvoice/se_extractor.py", line 146, in get_se
    wavs_folder = split_audio_whisper(audio_path, target_dir=target_dir, audio_name=audio_name)
  File "/home/ubuntu/OpenVoice/openvoice/se_extractor.py", line 29, in split_audio_whisper
    segments = list(segments)
  File "/home/ubuntu/miniconda3/envs/openvoice/lib/python3.9/site-packages/faster_whisper/transcribe.py", line 433, in generate_segments
    ) = self.generate_with_fallback(encoder_output, prompt, tokenizer, options)
  File "/home/ubuntu/miniconda3/envs/openvoice/lib/python3.9/site-packages/faster_whisper/transcribe.py", line 641, in generate_with_fallback
    result = self.model.generate(
RuntimeError: CUDA failed with error out of memory
Traceback (most recent call last):
  File "/home/ubuntu/OpenVoice/job.py", line 334, in <module>
    clone_voice(f"./projects/{i}/{j}")
  File "/home/ubuntu/OpenVoice/job.py", line 201, in clone_voice
    return(convert_color(projectfolder))
  File "/home/ubuntu/OpenVoice/job.py", line 277, in convert_color
    target_se, audio_name = se_extractor.get_se(ref_audio_path, tone_color_converter, vad=False)
  File "/home/ubuntu/OpenVoice/openvoice/se_extractor.py", line 146, in get_se
    wavs_folder = split_audio_whisper(audio_path, target_dir=target_dir, audio_name=audio_name)
  File "/home/ubuntu/OpenVoice/openvoice/se_extractor.py", line 29, in split_audio_whisper
    segments = list(segments)
  File "/home/ubuntu/miniconda3/envs/openvoice/lib/python3.9/site-packages/faster_whisper/transcribe.py", line 433, in generate_segments
    ) = self.generate_with_fallback(encoder_output, prompt, tokenizer, options)
  File "/home/ubuntu/miniconda3/envs/openvoice/lib/python3.9/site-packages/faster_whisper/transcribe.py", line 641, in generate_with_fallback
    result = self.model.generate(
RuntimeError: CUDA failed with error out of memory
Traceback (most recent call last):
  File "/home/ubuntu/OpenVoice/job.py", line 334, in <module>
    clone_voice(f"./projects/{i}/{j}")
  File "/home/ubuntu/OpenVoice/job.py", line 201, in clone_voice
    return(convert_color(projectfolder))
  File "/home/ubuntu/OpenVoice/job.py", line 277, in convert_color
    target_se, audio_name = se_extractor.get_se(ref_audio_path, tone_color_converter, vad=False)
  File "/home/ubuntu/OpenVoice/openvoice/se_extractor.py", line 150, in get_se
    raise NotImplementedError('No audio segments found!')
NotImplementedError: No audio segments found!
Traceback (most recent call last):
  File "/home/ubuntu/OpenVoice/job.py", line 334, in <module>
    clone_voice(f"./projects/{i}/{j}")
  File "/home/ubuntu/OpenVoice/job.py", line 201, in clone_voice
    return(convert_color(projectfolder))
  File "/home/ubuntu/OpenVoice/job.py", line 277, in convert_color
    target_se, audio_name = se_extractor.get_se(ref_audio_path, tone_color_converter, vad=False)
  File "/home/ubuntu/OpenVoice/openvoice/se_extractor.py", line 150, in get_se
    raise NotImplementedError('No audio segments found!')
NotImplementedError: No audio segments found!
Traceback (most recent call last):
  File "/home/ubuntu/OpenVoice/job.py", line 334, in <module>
    clone_voice(f"./projects/{i}/{j}")
  File "/home/ubuntu/OpenVoice/job.py", line 201, in clone_voice
    return(convert_color(projectfolder))
  File "/home/ubuntu/OpenVoice/job.py", line 277, in convert_color
    target_se, audio_name = se_extractor.get_se(ref_audio_path, tone_color_converter, vad=False)
  File "/home/ubuntu/OpenVoice/openvoice/se_extractor.py", line 146, in get_se
    wavs_folder = split_audio_whisper(audio_path, target_dir=target_dir, audio_name=audio_name)
  File "/home/ubuntu/OpenVoice/openvoice/se_extractor.py", line 29, in split_audio_whisper
    segments = list(segments)
  File "/home/ubuntu/miniconda3/envs/openvoice/lib/python3.9/site-packages/faster_whisper/transcribe.py", line 433, in generate_segments
    ) = self.generate_with_fallback(encoder_output, prompt, tokenizer, options)
  File "/home/ubuntu/miniconda3/envs/openvoice/lib/python3.9/site-packages/faster_whisper/transcribe.py", line 641, in generate_with_fallback
    result = self.model.generate(
RuntimeError: CUDA failed with error out of memory
Traceback (most recent call last):
  File "/home/ubuntu/OpenVoice/job.py", line 334, in <module>
    clone_voice(f"./projects/{i}/{j}")
  File "/home/ubuntu/OpenVoice/job.py", line 201, in clone_voice
    return(convert_color(projectfolder))
  File "/home/ubuntu/OpenVoice/job.py", line 277, in convert_color
    target_se, audio_name = se_extractor.get_se(ref_audio_path, tone_color_converter, vad=False)
  File "/home/ubuntu/OpenVoice/openvoice/se_extractor.py", line 146, in get_se
    wavs_folder = split_audio_whisper(audio_path, target_dir=target_dir, audio_name=audio_name)
  File "/home/ubuntu/OpenVoice/openvoice/se_extractor.py", line 29, in split_audio_whisper
    segments = list(segments)
  File "/home/ubuntu/miniconda3/envs/openvoice/lib/python3.9/site-packages/faster_whisper/transcribe.py", line 433, in generate_segments
    ) = self.generate_with_fallback(encoder_output, prompt, tokenizer, options)
  File "/home/ubuntu/miniconda3/envs/openvoice/lib/python3.9/site-packages/faster_whisper/transcribe.py", line 641, in generate_with_fallback
    result = self.model.generate(
RuntimeError: CUDA failed with error out of memory
Traceback (most recent call last):
  File "/home/ubuntu/OpenVoice/job.py", line 334, in <module>
    clone_voice(f"./projects/{i}/{j}")
  File "/home/ubuntu/OpenVoice/job.py", line 201, in clone_voice
    return(convert_color(projectfolder))
  File "/home/ubuntu/OpenVoice/job.py", line 277, in convert_color
    target_se, audio_name = se_extractor.get_se(ref_audio_path, tone_color_converter, vad=False)
  File "/home/ubuntu/OpenVoice/openvoice/se_extractor.py", line 146, in get_se
    wavs_folder = split_audio_whisper(audio_path, target_dir=target_dir, audio_name=audio_name)
  File "/home/ubuntu/OpenVoice/openvoice/se_extractor.py", line 29, in split_audio_whisper
    segments = list(segments)
  File "/home/ubuntu/miniconda3/envs/openvoice/lib/python3.9/site-packages/faster_whisper/transcribe.py", line 433, in generate_segments
    ) = self.generate_with_fallback(encoder_output, prompt, tokenizer, options)
  File "/home/ubuntu/miniconda3/envs/openvoice/lib/python3.9/site-packages/faster_whisper/transcribe.py", line 641, in generate_with_fallback
    result = self.model.generate(
RuntimeError: CUDA failed with error out of memory
Traceback (most recent call last):
  File "/home/ubuntu/OpenVoice/job.py", line 334, in <module>
    clone_voice(f"./projects/{i}/{j}")
  File "/home/ubuntu/OpenVoice/job.py", line 201, in clone_voice
    return(convert_color(projectfolder))
  File "/home/ubuntu/OpenVoice/job.py", line 277, in convert_color
    target_se, audio_name = se_extractor.get_se(ref_audio_path, tone_color_converter, vad=False)
  File "/home/ubuntu/OpenVoice/openvoice/se_extractor.py", line 150, in get_se
    raise NotImplementedError('No audio segments found!')
NotImplementedError: No audio segments found!
Traceback (most recent call last):
  File "/home/ubuntu/OpenVoice/job.py", line 334, in <module>
    clone_voice(f"./projects/{i}/{j}")
  File "/home/ubuntu/OpenVoice/job.py", line 201, in clone_voice
    return(convert_color(projectfolder))
  File "/home/ubuntu/OpenVoice/job.py", line 277, in convert_color
    target_se, audio_name = se_extractor.get_se(ref_audio_path, tone_color_converter, vad=False)
  File "/home/ubuntu/OpenVoice/openvoice/se_extractor.py", line 150, in get_se
    raise NotImplementedError('No audio segments found!')
NotImplementedError: No audio segments found!
Traceback (most recent call last):
  File "/home/ubuntu/OpenVoice/job.py", line 334, in <module>
    clone_voice(f"./projects/{i}/{j}")
  File "/home/ubuntu/OpenVoice/job.py", line 201, in clone_voice
    return(convert_color(projectfolder))
  File "/home/ubuntu/OpenVoice/job.py", line 277, in convert_color
    target_se, audio_name = se_extractor.get_se(ref_audio_path, tone_color_converter, vad=False)
  File "/home/ubuntu/OpenVoice/openvoice/se_extractor.py", line 146, in get_se
    wavs_folder = split_audio_whisper(audio_path, target_dir=target_dir, audio_name=audio_name)
  File "/home/ubuntu/OpenVoice/openvoice/se_extractor.py", line 29, in split_audio_whisper
    segments = list(segments)
  File "/home/ubuntu/miniconda3/envs/openvoice/lib/python3.9/site-packages/faster_whisper/transcribe.py", line 433, in generate_segments
    ) = self.generate_with_fallback(encoder_output, prompt, tokenizer, options)
  File "/home/ubuntu/miniconda3/envs/openvoice/lib/python3.9/site-packages/faster_whisper/transcribe.py", line 641, in generate_with_fallback
    result = self.model.generate(
RuntimeError: CUDA failed with error out of memory
Traceback (most recent call last):
  File "/home/ubuntu/OpenVoice/job.py", line 334, in <module>
    clone_voice(f"./projects/{i}/{j}")
  File "/home/ubuntu/OpenVoice/job.py", line 201, in clone_voice
    return(convert_color(projectfolder))
  File "/home/ubuntu/OpenVoice/job.py", line 277, in convert_color
    target_se, audio_name = se_extractor.get_se(ref_audio_path, tone_color_converter, vad=False)
  File "/home/ubuntu/OpenVoice/openvoice/se_extractor.py", line 150, in get_se
    raise NotImplementedError('No audio segments found!')
NotImplementedError: No audio segments found!
Traceback (most recent call last):
  File "/home/ubuntu/OpenVoice/job.py", line 334, in <module>
    clone_voice(f"./projects/{i}/{j}")
  File "/home/ubuntu/OpenVoice/job.py", line 201, in clone_voice
    return(convert_color(projectfolder))
  File "/home/ubuntu/OpenVoice/job.py", line 277, in convert_color
    target_se, audio_name = se_extractor.get_se(ref_audio_path, tone_color_converter, vad=False)
  File "/home/ubuntu/OpenVoice/openvoice/se_extractor.py", line 146, in get_se
    wavs_folder = split_audio_whisper(audio_path, target_dir=target_dir, audio_name=audio_name)
  File "/home/ubuntu/OpenVoice/openvoice/se_extractor.py", line 29, in split_audio_whisper
    segments = list(segments)
  File "/home/ubuntu/miniconda3/envs/openvoice/lib/python3.9/site-packages/faster_whisper/transcribe.py", line 433, in generate_segments
    ) = self.generate_with_fallback(encoder_output, prompt, tokenizer, options)
  File "/home/ubuntu/miniconda3/envs/openvoice/lib/python3.9/site-packages/faster_whisper/transcribe.py", line 641, in generate_with_fallback
    result = self.model.generate(
RuntimeError: CUDA failed with error out of memory
Traceback (most recent call last):
  File "/home/ubuntu/OpenVoice/job.py", line 334, in <module>
    clone_voice(f"./projects/{i}/{j}")
  File "/home/ubuntu/OpenVoice/job.py", line 201, in clone_voice
    return(convert_color(projectfolder))
  File "/home/ubuntu/OpenVoice/job.py", line 277, in convert_color
    target_se, audio_name = se_extractor.get_se(ref_audio_path, tone_color_converter, vad=False)
  File "/home/ubuntu/OpenVoice/openvoice/se_extractor.py", line 146, in get_se
    wavs_folder = split_audio_whisper(audio_path, target_dir=target_dir, audio_name=audio_name)
  File "/home/ubuntu/OpenVoice/openvoice/se_extractor.py", line 29, in split_audio_whisper
    segments = list(segments)
  File "/home/ubuntu/miniconda3/envs/openvoice/lib/python3.9/site-packages/faster_whisper/transcribe.py", line 433, in generate_segments
    ) = self.generate_with_fallback(encoder_output, prompt, tokenizer, options)
  File "/home/ubuntu/miniconda3/envs/openvoice/lib/python3.9/site-packages/faster_whisper/transcribe.py", line 641, in generate_with_fallback
    result = self.model.generate(
RuntimeError: CUDA failed with error out of memory
Traceback (most recent call last):
  File "/home/ubuntu/OpenVoice/job.py", line 334, in <module>
    clone_voice(f"./projects/{i}/{j}")
  File "/home/ubuntu/OpenVoice/job.py", line 201, in clone_voice
    return(convert_color(projectfolder))
  File "/home/ubuntu/OpenVoice/job.py", line 277, in convert_color
    target_se, audio_name = se_extractor.get_se(ref_audio_path, tone_color_converter, vad=False)
  File "/home/ubuntu/OpenVoice/openvoice/se_extractor.py", line 146, in get_se
    wavs_folder = split_audio_whisper(audio_path, target_dir=target_dir, audio_name=audio_name)
  File "/home/ubuntu/OpenVoice/openvoice/se_extractor.py", line 29, in split_audio_whisper
    segments = list(segments)
  File "/home/ubuntu/miniconda3/envs/openvoice/lib/python3.9/site-packages/faster_whisper/transcribe.py", line 433, in generate_segments
    ) = self.generate_with_fallback(encoder_output, prompt, tokenizer, options)
  File "/home/ubuntu/miniconda3/envs/openvoice/lib/python3.9/site-packages/faster_whisper/transcribe.py", line 641, in generate_with_fallback
    result = self.model.generate(
RuntimeError: CUDA failed with error out of memory
Traceback (most recent call last):
  File "/home/ubuntu/OpenVoice/job.py", line 334, in <module>
    clone_voice(f"./projects/{i}/{j}")
  File "/home/ubuntu/OpenVoice/job.py", line 201, in clone_voice
    return(convert_color(projectfolder))
  File "/home/ubuntu/OpenVoice/job.py", line 277, in convert_color
    target_se, audio_name = se_extractor.get_se(ref_audio_path, tone_color_converter, vad=False)
  File "/home/ubuntu/OpenVoice/openvoice/se_extractor.py", line 146, in get_se
    wavs_folder = split_audio_whisper(audio_path, target_dir=target_dir, audio_name=audio_name)
  File "/home/ubuntu/OpenVoice/openvoice/se_extractor.py", line 29, in split_audio_whisper
    segments = list(segments)
  File "/home/ubuntu/miniconda3/envs/openvoice/lib/python3.9/site-packages/faster_whisper/transcribe.py", line 433, in generate_segments
    ) = self.generate_with_fallback(encoder_output, prompt, tokenizer, options)
  File "/home/ubuntu/miniconda3/envs/openvoice/lib/python3.9/site-packages/faster_whisper/transcribe.py", line 641, in generate_with_fallback
    result = self.model.generate(
RuntimeError: CUDA failed with error out of memory
Traceback (most recent call last):
  File "/home/ubuntu/OpenVoice/job.py", line 334, in <module>
    clone_voice(f"./projects/{i}/{j}")
  File "/home/ubuntu/OpenVoice/job.py", line 201, in clone_voice
    return(convert_color(projectfolder))
  File "/home/ubuntu/OpenVoice/job.py", line 277, in convert_color
    target_se, audio_name = se_extractor.get_se(ref_audio_path, tone_color_converter, vad=False)
  File "/home/ubuntu/OpenVoice/openvoice/se_extractor.py", line 150, in get_se
    raise NotImplementedError('No audio segments found!')
NotImplementedError: No audio segments found!
Traceback (most recent call last):
  File "/home/ubuntu/OpenVoice/job.py", line 334, in <module>
    clone_voice(f"./projects/{i}/{j}")
  File "/home/ubuntu/OpenVoice/job.py", line 201, in clone_voice
    return(convert_color(projectfolder))
  File "/home/ubuntu/OpenVoice/job.py", line 277, in convert_color
    target_se, audio_name = se_extractor.get_se(ref_audio_path, tone_color_converter, vad=False)
  File "/home/ubuntu/OpenVoice/openvoice/se_extractor.py", line 146, in get_se
    wavs_folder = split_audio_whisper(audio_path, target_dir=target_dir, audio_name=audio_name)
  File "/home/ubuntu/OpenVoice/openvoice/se_extractor.py", line 29, in split_audio_whisper
    segments = list(segments)
  File "/home/ubuntu/miniconda3/envs/openvoice/lib/python3.9/site-packages/faster_whisper/transcribe.py", line 433, in generate_segments
    ) = self.generate_with_fallback(encoder_output, prompt, tokenizer, options)
  File "/home/ubuntu/miniconda3/envs/openvoice/lib/python3.9/site-packages/faster_whisper/transcribe.py", line 641, in generate_with_fallback
    result = self.model.generate(
RuntimeError: CUDA failed with error out of memory
Traceback (most recent call last):
  File "/home/ubuntu/OpenVoice/job.py", line 334, in <module>
    clone_voice(f"./projects/{i}/{j}")
  File "/home/ubuntu/OpenVoice/job.py", line 201, in clone_voice
    return(convert_color(projectfolder))
  File "/home/ubuntu/OpenVoice/job.py", line 277, in convert_color
    target_se, audio_name = se_extractor.get_se(ref_audio_path, tone_color_converter, vad=False)
  File "/home/ubuntu/OpenVoice/openvoice/se_extractor.py", line 146, in get_se
    wavs_folder = split_audio_whisper(audio_path, target_dir=target_dir, audio_name=audio_name)
  File "/home/ubuntu/OpenVoice/openvoice/se_extractor.py", line 29, in split_audio_whisper
    segments = list(segments)
  File "/home/ubuntu/miniconda3/envs/openvoice/lib/python3.9/site-packages/faster_whisper/transcribe.py", line 433, in generate_segments
    ) = self.generate_with_fallback(encoder_output, prompt, tokenizer, options)
  File "/home/ubuntu/miniconda3/envs/openvoice/lib/python3.9/site-packages/faster_whisper/transcribe.py", line 641, in generate_with_fallback
    result = self.model.generate(
RuntimeError: CUDA failed with error out of memory
Traceback (most recent call last):
  File "/home/ubuntu/OpenVoice/job.py", line 334, in <module>
    clone_voice(f"./projects/{i}/{j}")
  File "/home/ubuntu/OpenVoice/job.py", line 201, in clone_voice
    return(convert_color(projectfolder))
  File "/home/ubuntu/OpenVoice/job.py", line 277, in convert_color
    target_se, audio_name = se_extractor.get_se(ref_audio_path, tone_color_converter, vad=False)
  File "/home/ubuntu/OpenVoice/openvoice/se_extractor.py", line 146, in get_se
    wavs_folder = split_audio_whisper(audio_path, target_dir=target_dir, audio_name=audio_name)
  File "/home/ubuntu/OpenVoice/openvoice/se_extractor.py", line 29, in split_audio_whisper
    segments = list(segments)
  File "/home/ubuntu/miniconda3/envs/openvoice/lib/python3.9/site-packages/faster_whisper/transcribe.py", line 433, in generate_segments
    ) = self.generate_with_fallback(encoder_output, prompt, tokenizer, options)
  File "/home/ubuntu/miniconda3/envs/openvoice/lib/python3.9/site-packages/faster_whisper/transcribe.py", line 641, in generate_with_fallback
    result = self.model.generate(
RuntimeError: CUDA failed with error out of memory
Traceback (most recent call last):
  File "/home/ubuntu/OpenVoice/job.py", line 334, in <module>
    clone_voice(f"./projects/{i}/{j}")
  File "/home/ubuntu/OpenVoice/job.py", line 201, in clone_voice
    return(convert_color(projectfolder))
  File "/home/ubuntu/OpenVoice/job.py", line 277, in convert_color
    target_se, audio_name = se_extractor.get_se(ref_audio_path, tone_color_converter, vad=False)
  File "/home/ubuntu/OpenVoice/openvoice/se_extractor.py", line 146, in get_se
    wavs_folder = split_audio_whisper(audio_path, target_dir=target_dir, audio_name=audio_name)
  File "/home/ubuntu/OpenVoice/openvoice/se_extractor.py", line 29, in split_audio_whisper
    segments = list(segments)
  File "/home/ubuntu/miniconda3/envs/openvoice/lib/python3.9/site-packages/faster_whisper/transcribe.py", line 433, in generate_segments
    ) = self.generate_with_fallback(encoder_output, prompt, tokenizer, options)
  File "/home/ubuntu/miniconda3/envs/openvoice/lib/python3.9/site-packages/faster_whisper/transcribe.py", line 641, in generate_with_fallback
    result = self.model.generate(
RuntimeError: CUDA failed with error out of memory
Traceback (most recent call last):
  File "/home/ubuntu/OpenVoice/job.py", line 334, in <module>
    clone_voice(f"./projects/{i}/{j}")
  File "/home/ubuntu/OpenVoice/job.py", line 201, in clone_voice
    return(convert_color(projectfolder))
  File "/home/ubuntu/OpenVoice/job.py", line 277, in convert_color
    target_se, audio_name = se_extractor.get_se(ref_audio_path, tone_color_converter, vad=False)
  File "/home/ubuntu/OpenVoice/openvoice/se_extractor.py", line 146, in get_se
    wavs_folder = split_audio_whisper(audio_path, target_dir=target_dir, audio_name=audio_name)
  File "/home/ubuntu/OpenVoice/openvoice/se_extractor.py", line 29, in split_audio_whisper
    segments = list(segments)
  File "/home/ubuntu/miniconda3/envs/openvoice/lib/python3.9/site-packages/faster_whisper/transcribe.py", line 433, in generate_segments
    ) = self.generate_with_fallback(encoder_output, prompt, tokenizer, options)
  File "/home/ubuntu/miniconda3/envs/openvoice/lib/python3.9/site-packages/faster_whisper/transcribe.py", line 641, in generate_with_fallback
    result = self.model.generate(
RuntimeError: CUDA failed with error out of memory
Traceback (most recent call last):
  File "/home/ubuntu/OpenVoice/job.py", line 334, in <module>
    clone_voice(f"./projects/{i}/{j}")
  File "/home/ubuntu/OpenVoice/job.py", line 201, in clone_voice
    return(convert_color(projectfolder))
  File "/home/ubuntu/OpenVoice/job.py", line 277, in convert_color
    target_se, audio_name = se_extractor.get_se(ref_audio_path, tone_color_converter, vad=False)
  File "/home/ubuntu/OpenVoice/openvoice/se_extractor.py", line 150, in get_se
    raise NotImplementedError('No audio segments found!')
NotImplementedError: No audio segments found!
Traceback (most recent call last):
  File "/home/ubuntu/OpenVoice/job.py", line 334, in <module>
    clone_voice(f"./projects/{i}/{j}")
  File "/home/ubuntu/OpenVoice/job.py", line 201, in clone_voice
    return(convert_color(projectfolder))
  File "/home/ubuntu/OpenVoice/job.py", line 277, in convert_color
    target_se, audio_name = se_extractor.get_se(ref_audio_path, tone_color_converter, vad=False)
  File "/home/ubuntu/OpenVoice/openvoice/se_extractor.py", line 150, in get_se
    raise NotImplementedError('No audio segments found!')
NotImplementedError: No audio segments found!
Traceback (most recent call last):
  File "/home/ubuntu/OpenVoice/job.py", line 334, in <module>
    clone_voice(f"./projects/{i}/{j}")
  File "/home/ubuntu/OpenVoice/job.py", line 201, in clone_voice
    return(convert_color(projectfolder))
  File "/home/ubuntu/OpenVoice/job.py", line 277, in convert_color
    target_se, audio_name = se_extractor.get_se(ref_audio_path, tone_color_converter, vad=False)
  File "/home/ubuntu/OpenVoice/openvoice/se_extractor.py", line 150, in get_se
    raise NotImplementedError('No audio segments found!')
NotImplementedError: No audio segments found!
Traceback (most recent call last):
  File "/home/ubuntu/OpenVoice/job.py", line 334, in <module>
    clone_voice(f"./projects/{i}/{j}")
  File "/home/ubuntu/OpenVoice/job.py", line 201, in clone_voice
    return(convert_color(projectfolder))
  File "/home/ubuntu/OpenVoice/job.py", line 277, in convert_color
    target_se, audio_name = se_extractor.get_se(ref_audio_path, tone_color_converter, vad=False)
  File "/home/ubuntu/OpenVoice/openvoice/se_extractor.py", line 150, in get_se
    raise NotImplementedError('No audio segments found!')
NotImplementedError: No audio segments found!
Traceback (most recent call last):
  File "/home/ubuntu/OpenVoice/job.py", line 334, in <module>
    clone_voice(f"./projects/{i}/{j}")
  File "/home/ubuntu/OpenVoice/job.py", line 201, in clone_voice
    return(convert_color(projectfolder))
  File "/home/ubuntu/OpenVoice/job.py", line 277, in convert_color
    target_se, audio_name = se_extractor.get_se(ref_audio_path, tone_color_converter, vad=False)
  File "/home/ubuntu/OpenVoice/openvoice/se_extractor.py", line 146, in get_se
    wavs_folder = split_audio_whisper(audio_path, target_dir=target_dir, audio_name=audio_name)
  File "/home/ubuntu/OpenVoice/openvoice/se_extractor.py", line 29, in split_audio_whisper
    segments = list(segments)
  File "/home/ubuntu/miniconda3/envs/openvoice/lib/python3.9/site-packages/faster_whisper/transcribe.py", line 433, in generate_segments
    ) = self.generate_with_fallback(encoder_output, prompt, tokenizer, options)
  File "/home/ubuntu/miniconda3/envs/openvoice/lib/python3.9/site-packages/faster_whisper/transcribe.py", line 641, in generate_with_fallback
    result = self.model.generate(
RuntimeError: CUDA failed with error out of memory
Traceback (most recent call last):
  File "/home/ubuntu/OpenVoice/job.py", line 334, in <module>
    clone_voice(f"./projects/{i}/{j}")
  File "/home/ubuntu/OpenVoice/job.py", line 201, in clone_voice
    return(convert_color(projectfolder))
  File "/home/ubuntu/OpenVoice/job.py", line 277, in convert_color
    target_se, audio_name = se_extractor.get_se(ref_audio_path, tone_color_converter, vad=False)
  File "/home/ubuntu/OpenVoice/openvoice/se_extractor.py", line 146, in get_se
    wavs_folder = split_audio_whisper(audio_path, target_dir=target_dir, audio_name=audio_name)
  File "/home/ubuntu/OpenVoice/openvoice/se_extractor.py", line 29, in split_audio_whisper
    segments = list(segments)
  File "/home/ubuntu/miniconda3/envs/openvoice/lib/python3.9/site-packages/faster_whisper/transcribe.py", line 433, in generate_segments
    ) = self.generate_with_fallback(encoder_output, prompt, tokenizer, options)
  File "/home/ubuntu/miniconda3/envs/openvoice/lib/python3.9/site-packages/faster_whisper/transcribe.py", line 641, in generate_with_fallback
    result = self.model.generate(
RuntimeError: CUDA failed with error out of memory
Traceback (most recent call last):
  File "/home/ubuntu/OpenVoice/job.py", line 334, in <module>
    clone_voice(f"./projects/{i}/{j}")
  File "/home/ubuntu/OpenVoice/job.py", line 201, in clone_voice
    return(convert_color(projectfolder))
  File "/home/ubuntu/OpenVoice/job.py", line 277, in convert_color
    target_se, audio_name = se_extractor.get_se(ref_audio_path, tone_color_converter, vad=False)
  File "/home/ubuntu/OpenVoice/openvoice/se_extractor.py", line 150, in get_se
    raise NotImplementedError('No audio segments found!')
NotImplementedError: No audio segments found!
Traceback (most recent call last):
  File "/home/ubuntu/OpenVoice/job.py", line 334, in <module>
    clone_voice(f"./projects/{i}/{j}")
  File "/home/ubuntu/OpenVoice/job.py", line 201, in clone_voice
    return(convert_color(projectfolder))
  File "/home/ubuntu/OpenVoice/job.py", line 277, in convert_color
    target_se, audio_name = se_extractor.get_se(ref_audio_path, tone_color_converter, vad=False)
  File "/home/ubuntu/OpenVoice/openvoice/se_extractor.py", line 146, in get_se
    wavs_folder = split_audio_whisper(audio_path, target_dir=target_dir, audio_name=audio_name)
  File "/home/ubuntu/OpenVoice/openvoice/se_extractor.py", line 29, in split_audio_whisper
    segments = list(segments)
  File "/home/ubuntu/miniconda3/envs/openvoice/lib/python3.9/site-packages/faster_whisper/transcribe.py", line 433, in generate_segments
    ) = self.generate_with_fallback(encoder_output, prompt, tokenizer, options)
  File "/home/ubuntu/miniconda3/envs/openvoice/lib/python3.9/site-packages/faster_whisper/transcribe.py", line 641, in generate_with_fallback
    result = self.model.generate(
RuntimeError: CUDA failed with error out of memory
Traceback (most recent call last):
  File "/home/ubuntu/OpenVoice/job.py", line 334, in <module>
    clone_voice(f"./projects/{i}/{j}")
  File "/home/ubuntu/OpenVoice/job.py", line 201, in clone_voice
    return(convert_color(projectfolder))
  File "/home/ubuntu/OpenVoice/job.py", line 277, in convert_color
    target_se, audio_name = se_extractor.get_se(ref_audio_path, tone_color_converter, vad=False)
  File "/home/ubuntu/OpenVoice/openvoice/se_extractor.py", line 146, in get_se
    wavs_folder = split_audio_whisper(audio_path, target_dir=target_dir, audio_name=audio_name)
  File "/home/ubuntu/OpenVoice/openvoice/se_extractor.py", line 29, in split_audio_whisper
    segments = list(segments)
  File "/home/ubuntu/miniconda3/envs/openvoice/lib/python3.9/site-packages/faster_whisper/transcribe.py", line 433, in generate_segments
    ) = self.generate_with_fallback(encoder_output, prompt, tokenizer, options)
  File "/home/ubuntu/miniconda3/envs/openvoice/lib/python3.9/site-packages/faster_whisper/transcribe.py", line 641, in generate_with_fallback
    result = self.model.generate(
RuntimeError: CUDA failed with error out of memory
Traceback (most recent call last):
  File "/home/ubuntu/OpenVoice/job.py", line 334, in <module>
    clone_voice(f"./projects/{i}/{j}")
  File "/home/ubuntu/OpenVoice/job.py", line 201, in clone_voice
    return(convert_color(projectfolder))
  File "/home/ubuntu/OpenVoice/job.py", line 277, in convert_color
    target_se, audio_name = se_extractor.get_se(ref_audio_path, tone_color_converter, vad=False)
  File "/home/ubuntu/OpenVoice/openvoice/se_extractor.py", line 146, in get_se
    wavs_folder = split_audio_whisper(audio_path, target_dir=target_dir, audio_name=audio_name)
  File "/home/ubuntu/OpenVoice/openvoice/se_extractor.py", line 29, in split_audio_whisper
    segments = list(segments)
  File "/home/ubuntu/miniconda3/envs/openvoice/lib/python3.9/site-packages/faster_whisper/transcribe.py", line 433, in generate_segments
    ) = self.generate_with_fallback(encoder_output, prompt, tokenizer, options)
  File "/home/ubuntu/miniconda3/envs/openvoice/lib/python3.9/site-packages/faster_whisper/transcribe.py", line 641, in generate_with_fallback
    result = self.model.generate(
RuntimeError: CUDA failed with error out of memory
Traceback (most recent call last):
  File "/home/ubuntu/OpenVoice/job.py", line 334, in <module>
    clone_voice(f"./projects/{i}/{j}")
  File "/home/ubuntu/OpenVoice/job.py", line 201, in clone_voice
    return(convert_color(projectfolder))
  File "/home/ubuntu/OpenVoice/job.py", line 277, in convert_color
    target_se, audio_name = se_extractor.get_se(ref_audio_path, tone_color_converter, vad=False)
  File "/home/ubuntu/OpenVoice/openvoice/se_extractor.py", line 150, in get_se
    raise NotImplementedError('No audio segments found!')
NotImplementedError: No audio segments found!
Traceback (most recent call last):
  File "/home/ubuntu/OpenVoice/job.py", line 334, in <module>
    clone_voice(f"./projects/{i}/{j}")
  File "/home/ubuntu/OpenVoice/job.py", line 201, in clone_voice
    return(convert_color(projectfolder))
  File "/home/ubuntu/OpenVoice/job.py", line 277, in convert_color
    target_se, audio_name = se_extractor.get_se(ref_audio_path, tone_color_converter, vad=False)
  File "/home/ubuntu/OpenVoice/openvoice/se_extractor.py", line 146, in get_se
    wavs_folder = split_audio_whisper(audio_path, target_dir=target_dir, audio_name=audio_name)
  File "/home/ubuntu/OpenVoice/openvoice/se_extractor.py", line 29, in split_audio_whisper
    segments = list(segments)
  File "/home/ubuntu/miniconda3/envs/openvoice/lib/python3.9/site-packages/faster_whisper/transcribe.py", line 433, in generate_segments
    ) = self.generate_with_fallback(encoder_output, prompt, tokenizer, options)
  File "/home/ubuntu/miniconda3/envs/openvoice/lib/python3.9/site-packages/faster_whisper/transcribe.py", line 641, in generate_with_fallback
    result = self.model.generate(
RuntimeError: CUDA failed with error out of memory
Traceback (most recent call last):
  File "/home/ubuntu/OpenVoice/job.py", line 334, in <module>
    clone_voice(f"./projects/{i}/{j}")
  File "/home/ubuntu/OpenVoice/job.py", line 201, in clone_voice
    return(convert_color(projectfolder))
  File "/home/ubuntu/OpenVoice/job.py", line 277, in convert_color
    target_se, audio_name = se_extractor.get_se(ref_audio_path, tone_color_converter, vad=False)
  File "/home/ubuntu/OpenVoice/openvoice/se_extractor.py", line 146, in get_se
    wavs_folder = split_audio_whisper(audio_path, target_dir=target_dir, audio_name=audio_name)
  File "/home/ubuntu/OpenVoice/openvoice/se_extractor.py", line 29, in split_audio_whisper
    segments = list(segments)
  File "/home/ubuntu/miniconda3/envs/openvoice/lib/python3.9/site-packages/faster_whisper/transcribe.py", line 433, in generate_segments
    ) = self.generate_with_fallback(encoder_output, prompt, tokenizer, options)
  File "/home/ubuntu/miniconda3/envs/openvoice/lib/python3.9/site-packages/faster_whisper/transcribe.py", line 641, in generate_with_fallback
    result = self.model.generate(
RuntimeError: CUDA failed with error out of memory
Traceback (most recent call last):
  File "/home/ubuntu/OpenVoice/job.py", line 334, in <module>
    clone_voice(f"./projects/{i}/{j}")
  File "/home/ubuntu/OpenVoice/job.py", line 201, in clone_voice
    return(convert_color(projectfolder))
  File "/home/ubuntu/OpenVoice/job.py", line 277, in convert_color
    target_se, audio_name = se_extractor.get_se(ref_audio_path, tone_color_converter, vad=False)
  File "/home/ubuntu/OpenVoice/openvoice/se_extractor.py", line 150, in get_se
    raise NotImplementedError('No audio segments found!')
NotImplementedError: No audio segments found!
Traceback (most recent call last):
  File "/home/ubuntu/OpenVoice/job.py", line 334, in <module>
    clone_voice(f"./projects/{i}/{j}")
  File "/home/ubuntu/OpenVoice/job.py", line 201, in clone_voice
    return(convert_color(projectfolder))
  File "/home/ubuntu/OpenVoice/job.py", line 277, in convert_color
    target_se, audio_name = se_extractor.get_se(ref_audio_path, tone_color_converter, vad=False)
  File "/home/ubuntu/OpenVoice/openvoice/se_extractor.py", line 150, in get_se
    raise NotImplementedError('No audio segments found!')
NotImplementedError: No audio segments found!
Traceback (most recent call last):
  File "/home/ubuntu/OpenVoice/job.py", line 334, in <module>
    clone_voice(f"./projects/{i}/{j}")
  File "/home/ubuntu/OpenVoice/job.py", line 201, in clone_voice
    return(convert_color(projectfolder))
  File "/home/ubuntu/OpenVoice/job.py", line 277, in convert_color
    target_se, audio_name = se_extractor.get_se(ref_audio_path, tone_color_converter, vad=False)
  File "/home/ubuntu/OpenVoice/openvoice/se_extractor.py", line 146, in get_se
    wavs_folder = split_audio_whisper(audio_path, target_dir=target_dir, audio_name=audio_name)
  File "/home/ubuntu/OpenVoice/openvoice/se_extractor.py", line 29, in split_audio_whisper
    segments = list(segments)
  File "/home/ubuntu/miniconda3/envs/openvoice/lib/python3.9/site-packages/faster_whisper/transcribe.py", line 433, in generate_segments
    ) = self.generate_with_fallback(encoder_output, prompt, tokenizer, options)
  File "/home/ubuntu/miniconda3/envs/openvoice/lib/python3.9/site-packages/faster_whisper/transcribe.py", line 641, in generate_with_fallback
    result = self.model.generate(
RuntimeError: CUDA failed with error out of memory
Traceback (most recent call last):
  File "/home/ubuntu/OpenVoice/job.py", line 334, in <module>
    clone_voice(f"./projects/{i}/{j}")
  File "/home/ubuntu/OpenVoice/job.py", line 201, in clone_voice
    return(convert_color(projectfolder))
  File "/home/ubuntu/OpenVoice/job.py", line 277, in convert_color
    target_se, audio_name = se_extractor.get_se(ref_audio_path, tone_color_converter, vad=False)
  File "/home/ubuntu/OpenVoice/openvoice/se_extractor.py", line 146, in get_se
    wavs_folder = split_audio_whisper(audio_path, target_dir=target_dir, audio_name=audio_name)
  File "/home/ubuntu/OpenVoice/openvoice/se_extractor.py", line 29, in split_audio_whisper
    segments = list(segments)
  File "/home/ubuntu/miniconda3/envs/openvoice/lib/python3.9/site-packages/faster_whisper/transcribe.py", line 433, in generate_segments
    ) = self.generate_with_fallback(encoder_output, prompt, tokenizer, options)
  File "/home/ubuntu/miniconda3/envs/openvoice/lib/python3.9/site-packages/faster_whisper/transcribe.py", line 641, in generate_with_fallback
    result = self.model.generate(
RuntimeError: CUDA failed with error out of memory
Traceback (most recent call last):
  File "/home/ubuntu/OpenVoice/job.py", line 334, in <module>
    clone_voice(f"./projects/{i}/{j}")
  File "/home/ubuntu/OpenVoice/job.py", line 201, in clone_voice
    return(convert_color(projectfolder))
  File "/home/ubuntu/OpenVoice/job.py", line 277, in convert_color
    target_se, audio_name = se_extractor.get_se(ref_audio_path, tone_color_converter, vad=False)
  File "/home/ubuntu/OpenVoice/openvoice/se_extractor.py", line 146, in get_se
    wavs_folder = split_audio_whisper(audio_path, target_dir=target_dir, audio_name=audio_name)
  File "/home/ubuntu/OpenVoice/openvoice/se_extractor.py", line 29, in split_audio_whisper
    segments = list(segments)
  File "/home/ubuntu/miniconda3/envs/openvoice/lib/python3.9/site-packages/faster_whisper/transcribe.py", line 433, in generate_segments
    ) = self.generate_with_fallback(encoder_output, prompt, tokenizer, options)
  File "/home/ubuntu/miniconda3/envs/openvoice/lib/python3.9/site-packages/faster_whisper/transcribe.py", line 641, in generate_with_fallback
    result = self.model.generate(
RuntimeError: CUDA failed with error out of memory
Traceback (most recent call last):
  File "/home/ubuntu/OpenVoice/job.py", line 334, in <module>
    clone_voice(f"./projects/{i}/{j}")
  File "/home/ubuntu/OpenVoice/job.py", line 201, in clone_voice
    return(convert_color(projectfolder))
  File "/home/ubuntu/OpenVoice/job.py", line 277, in convert_color
    target_se, audio_name = se_extractor.get_se(ref_audio_path, tone_color_converter, vad=False)
  File "/home/ubuntu/OpenVoice/openvoice/se_extractor.py", line 146, in get_se
    wavs_folder = split_audio_whisper(audio_path, target_dir=target_dir, audio_name=audio_name)
  File "/home/ubuntu/OpenVoice/openvoice/se_extractor.py", line 29, in split_audio_whisper
    segments = list(segments)
  File "/home/ubuntu/miniconda3/envs/openvoice/lib/python3.9/site-packages/faster_whisper/transcribe.py", line 433, in generate_segments
    ) = self.generate_with_fallback(encoder_output, prompt, tokenizer, options)
  File "/home/ubuntu/miniconda3/envs/openvoice/lib/python3.9/site-packages/faster_whisper/transcribe.py", line 641, in generate_with_fallback
    result = self.model.generate(
RuntimeError: CUDA failed with error out of memory
Traceback (most recent call last):
  File "/home/ubuntu/OpenVoice/job.py", line 334, in <module>
    clone_voice(f"./projects/{i}/{j}")
  File "/home/ubuntu/OpenVoice/job.py", line 201, in clone_voice
    return(convert_color(projectfolder))
  File "/home/ubuntu/OpenVoice/job.py", line 277, in convert_color
    target_se, audio_name = se_extractor.get_se(ref_audio_path, tone_color_converter, vad=False)
  File "/home/ubuntu/OpenVoice/openvoice/se_extractor.py", line 150, in get_se
    raise NotImplementedError('No audio segments found!')
NotImplementedError: No audio segments found!
Traceback (most recent call last):
  File "/home/ubuntu/OpenVoice/job.py", line 334, in <module>
    clone_voice(f"./projects/{i}/{j}")
  File "/home/ubuntu/OpenVoice/job.py", line 201, in clone_voice
    return(convert_color(projectfolder))
  File "/home/ubuntu/OpenVoice/job.py", line 277, in convert_color
    target_se, audio_name = se_extractor.get_se(ref_audio_path, tone_color_converter, vad=False)
  File "/home/ubuntu/OpenVoice/openvoice/se_extractor.py", line 146, in get_se
    wavs_folder = split_audio_whisper(audio_path, target_dir=target_dir, audio_name=audio_name)
  File "/home/ubuntu/OpenVoice/openvoice/se_extractor.py", line 29, in split_audio_whisper
    segments = list(segments)
  File "/home/ubuntu/miniconda3/envs/openvoice/lib/python3.9/site-packages/faster_whisper/transcribe.py", line 433, in generate_segments
    ) = self.generate_with_fallback(encoder_output, prompt, tokenizer, options)
  File "/home/ubuntu/miniconda3/envs/openvoice/lib/python3.9/site-packages/faster_whisper/transcribe.py", line 641, in generate_with_fallback
    result = self.model.generate(
RuntimeError: CUDA failed with error out of memory
Traceback (most recent call last):
  File "/home/ubuntu/OpenVoice/job.py", line 334, in <module>
    clone_voice(f"./projects/{i}/{j}")
  File "/home/ubuntu/OpenVoice/job.py", line 201, in clone_voice
    return(convert_color(projectfolder))
  File "/home/ubuntu/OpenVoice/job.py", line 277, in convert_color
    target_se, audio_name = se_extractor.get_se(ref_audio_path, tone_color_converter, vad=False)
  File "/home/ubuntu/OpenVoice/openvoice/se_extractor.py", line 150, in get_se
    raise NotImplementedError('No audio segments found!')
NotImplementedError: No audio segments found!
Traceback (most recent call last):
  File "/home/ubuntu/OpenVoice/job.py", line 334, in <module>
    clone_voice(f"./projects/{i}/{j}")
  File "/home/ubuntu/OpenVoice/job.py", line 201, in clone_voice
    return(convert_color(projectfolder))
  File "/home/ubuntu/OpenVoice/job.py", line 277, in convert_color
    target_se, audio_name = se_extractor.get_se(ref_audio_path, tone_color_converter, vad=False)
  File "/home/ubuntu/OpenVoice/openvoice/se_extractor.py", line 150, in get_se
    raise NotImplementedError('No audio segments found!')
NotImplementedError: No audio segments found!
Traceback (most recent call last):
  File "/home/ubuntu/miniconda3/envs/openvoice/lib/python3.9/site-packages/librosa/core/audio.py", line 155, in load
    context = sf.SoundFile(path)
  File "/home/ubuntu/miniconda3/envs/openvoice/lib/python3.9/site-packages/soundfile.py", line 658, in __init__
    self._file = self._open(file, mode_int, closefd)
  File "/home/ubuntu/miniconda3/envs/openvoice/lib/python3.9/site-packages/soundfile.py", line 1216, in _open
    raise LibsndfileError(err, prefix="Error opening {0!r}: ".format(self.name))
soundfile.LibsndfileError: Error opening './projects/4826d113-af21-42ac-a12f-1fffac43d2da/0/9_clone_Instant#bn-BD-PradeepNeural.mp3': File does not exist or is not a regular file (possibly a pipe?).

During handling of the above exception, another exception occurred:

Traceback (most recent call last):
  File "/home/ubuntu/OpenVoice/job.py", line 334, in <module>
    clone_voice(f"./projects/{i}/{j}")
  File "/home/ubuntu/OpenVoice/job.py", line 201, in clone_voice
    return(convert_color(projectfolder))
  File "/home/ubuntu/OpenVoice/job.py", line 314, in convert_color
    tone_color_converter.convert(
  File "/home/ubuntu/OpenVoice/openvoice/api.py", line 144, in convert
    audio, sample_rate = librosa.load(audio_src_path, sr=hps.data.sampling_rate)
  File "/home/ubuntu/miniconda3/envs/openvoice/lib/python3.9/site-packages/librosa/util/decorators.py", line 88, in inner_f
    return f(*args, **kwargs)
  File "/home/ubuntu/miniconda3/envs/openvoice/lib/python3.9/site-packages/librosa/core/audio.py", line 174, in load
    y, sr_native = __audioread_load(path, offset, duration, dtype)
  File "/home/ubuntu/miniconda3/envs/openvoice/lib/python3.9/site-packages/librosa/core/audio.py", line 198, in __audioread_load
    with audioread.audio_open(path) as input_file:
  File "/home/ubuntu/miniconda3/envs/openvoice/lib/python3.9/site-packages/audioread/__init__.py", line 127, in audio_open
    return BackendClass(path)
  File "/home/ubuntu/miniconda3/envs/openvoice/lib/python3.9/site-packages/audioread/rawread.py", line 62, in __init__
    self._file = aifc.open(self._fh)
  File "/home/ubuntu/miniconda3/envs/openvoice/lib/python3.9/aifc.py", line 917, in open
    return Aifc_read(f)
  File "/home/ubuntu/miniconda3/envs/openvoice/lib/python3.9/aifc.py", line 358, in __init__
    self.initfp(f)
  File "/home/ubuntu/miniconda3/envs/openvoice/lib/python3.9/aifc.py", line 314, in initfp
    chunk = Chunk(file)
  File "/home/ubuntu/miniconda3/envs/openvoice/lib/python3.9/chunk.py", line 63, in __init__
    raise EOFError
EOFError
Traceback (most recent call last):
  File "/home/ubuntu/OpenVoice/job.py", line 334, in <module>
    clone_voice(f"./projects/{i}/{j}")
  File "/home/ubuntu/OpenVoice/job.py", line 201, in clone_voice
    return(convert_color(projectfolder))
  File "/home/ubuntu/OpenVoice/job.py", line 277, in convert_color
    target_se, audio_name = se_extractor.get_se(ref_audio_path, tone_color_converter, vad=False)
  File "/home/ubuntu/OpenVoice/openvoice/se_extractor.py", line 146, in get_se
    wavs_folder = split_audio_whisper(audio_path, target_dir=target_dir, audio_name=audio_name)
  File "/home/ubuntu/OpenVoice/openvoice/se_extractor.py", line 29, in split_audio_whisper
    segments = list(segments)
  File "/home/ubuntu/miniconda3/envs/openvoice/lib/python3.9/site-packages/faster_whisper/transcribe.py", line 433, in generate_segments
    ) = self.generate_with_fallback(encoder_output, prompt, tokenizer, options)
  File "/home/ubuntu/miniconda3/envs/openvoice/lib/python3.9/site-packages/faster_whisper/transcribe.py", line 641, in generate_with_fallback
    result = self.model.generate(
RuntimeError: CUDA failed with error out of memory
Traceback (most recent call last):
  File "/home/ubuntu/OpenVoice/job.py", line 334, in <module>
    clone_voice(f"./projects/{i}/{j}")
  File "/home/ubuntu/OpenVoice/job.py", line 201, in clone_voice
    return(convert_color(projectfolder))
  File "/home/ubuntu/OpenVoice/job.py", line 277, in convert_color
    target_se, audio_name = se_extractor.get_se(ref_audio_path, tone_color_converter, vad=False)
  File "/home/ubuntu/OpenVoice/openvoice/se_extractor.py", line 146, in get_se
    wavs_folder = split_audio_whisper(audio_path, target_dir=target_dir, audio_name=audio_name)
  File "/home/ubuntu/OpenVoice/openvoice/se_extractor.py", line 29, in split_audio_whisper
    segments = list(segments)
  File "/home/ubuntu/miniconda3/envs/openvoice/lib/python3.9/site-packages/faster_whisper/transcribe.py", line 433, in generate_segments
    ) = self.generate_with_fallback(encoder_output, prompt, tokenizer, options)
  File "/home/ubuntu/miniconda3/envs/openvoice/lib/python3.9/site-packages/faster_whisper/transcribe.py", line 641, in generate_with_fallback
    result = self.model.generate(
RuntimeError: CUDA failed with error out of memory
Traceback (most recent call last):
  File "/home/ubuntu/OpenVoice/job.py", line 334, in <module>
    clone_voice(f"./projects/{i}/{j}")
  File "/home/ubuntu/OpenVoice/job.py", line 201, in clone_voice
    return(convert_color(projectfolder))
  File "/home/ubuntu/OpenVoice/job.py", line 277, in convert_color
    target_se, audio_name = se_extractor.get_se(ref_audio_path, tone_color_converter, vad=False)
  File "/home/ubuntu/OpenVoice/openvoice/se_extractor.py", line 146, in get_se
    wavs_folder = split_audio_whisper(audio_path, target_dir=target_dir, audio_name=audio_name)
  File "/home/ubuntu/OpenVoice/openvoice/se_extractor.py", line 29, in split_audio_whisper
    segments = list(segments)
  File "/home/ubuntu/miniconda3/envs/openvoice/lib/python3.9/site-packages/faster_whisper/transcribe.py", line 433, in generate_segments
    ) = self.generate_with_fallback(encoder_output, prompt, tokenizer, options)
  File "/home/ubuntu/miniconda3/envs/openvoice/lib/python3.9/site-packages/faster_whisper/transcribe.py", line 641, in generate_with_fallback
    result = self.model.generate(
RuntimeError: CUDA failed with error out of memory
Traceback (most recent call last):
  File "/home/ubuntu/OpenVoice/job.py", line 334, in <module>
    clone_voice(f"./projects/{i}/{j}")
  File "/home/ubuntu/OpenVoice/job.py", line 201, in clone_voice
    return(convert_color(projectfolder))
  File "/home/ubuntu/OpenVoice/job.py", line 277, in convert_color
    target_se, audio_name = se_extractor.get_se(ref_audio_path, tone_color_converter, vad=False)
  File "/home/ubuntu/OpenVoice/openvoice/se_extractor.py", line 146, in get_se
    wavs_folder = split_audio_whisper(audio_path, target_dir=target_dir, audio_name=audio_name)
  File "/home/ubuntu/OpenVoice/openvoice/se_extractor.py", line 29, in split_audio_whisper
    segments = list(segments)
  File "/home/ubuntu/miniconda3/envs/openvoice/lib/python3.9/site-packages/faster_whisper/transcribe.py", line 433, in generate_segments
    ) = self.generate_with_fallback(encoder_output, prompt, tokenizer, options)
  File "/home/ubuntu/miniconda3/envs/openvoice/lib/python3.9/site-packages/faster_whisper/transcribe.py", line 641, in generate_with_fallback
    result = self.model.generate(
RuntimeError: CUDA failed with error out of memory
Traceback (most recent call last):
  File "/home/ubuntu/OpenVoice/job.py", line 334, in <module>
    clone_voice(f"./projects/{i}/{j}")
  File "/home/ubuntu/OpenVoice/job.py", line 201, in clone_voice
    return(convert_color(projectfolder))
  File "/home/ubuntu/OpenVoice/job.py", line 277, in convert_color
    target_se, audio_name = se_extractor.get_se(ref_audio_path, tone_color_converter, vad=False)
  File "/home/ubuntu/OpenVoice/openvoice/se_extractor.py", line 146, in get_se
    wavs_folder = split_audio_whisper(audio_path, target_dir=target_dir, audio_name=audio_name)
  File "/home/ubuntu/OpenVoice/openvoice/se_extractor.py", line 29, in split_audio_whisper
    segments = list(segments)
  File "/home/ubuntu/miniconda3/envs/openvoice/lib/python3.9/site-packages/faster_whisper/transcribe.py", line 433, in generate_segments
    ) = self.generate_with_fallback(encoder_output, prompt, tokenizer, options)
  File "/home/ubuntu/miniconda3/envs/openvoice/lib/python3.9/site-packages/faster_whisper/transcribe.py", line 641, in generate_with_fallback
    result = self.model.generate(
RuntimeError: CUDA failed with error out of memory
Traceback (most recent call last):
  File "/home/ubuntu/OpenVoice/job.py", line 334, in <module>
    clone_voice(f"./projects/{i}/{j}")
  File "/home/ubuntu/OpenVoice/job.py", line 201, in clone_voice
    return(convert_color(projectfolder))
  File "/home/ubuntu/OpenVoice/job.py", line 277, in convert_color
    target_se, audio_name = se_extractor.get_se(ref_audio_path, tone_color_converter, vad=False)
  File "/home/ubuntu/OpenVoice/openvoice/se_extractor.py", line 146, in get_se
    wavs_folder = split_audio_whisper(audio_path, target_dir=target_dir, audio_name=audio_name)
  File "/home/ubuntu/OpenVoice/openvoice/se_extractor.py", line 29, in split_audio_whisper
    segments = list(segments)
  File "/home/ubuntu/miniconda3/envs/openvoice/lib/python3.9/site-packages/faster_whisper/transcribe.py", line 433, in generate_segments
    ) = self.generate_with_fallback(encoder_output, prompt, tokenizer, options)
  File "/home/ubuntu/miniconda3/envs/openvoice/lib/python3.9/site-packages/faster_whisper/transcribe.py", line 641, in generate_with_fallback
    result = self.model.generate(
RuntimeError: CUDA failed with error out of memory
Traceback (most recent call last):
  File "/home/ubuntu/OpenVoice/job.py", line 334, in <module>
    clone_voice(f"./projects/{i}/{j}")
  File "/home/ubuntu/OpenVoice/job.py", line 201, in clone_voice
    return(convert_color(projectfolder))
  File "/home/ubuntu/OpenVoice/job.py", line 277, in convert_color
    target_se, audio_name = se_extractor.get_se(ref_audio_path, tone_color_converter, vad=False)
  File "/home/ubuntu/OpenVoice/openvoice/se_extractor.py", line 146, in get_se
    wavs_folder = split_audio_whisper(audio_path, target_dir=target_dir, audio_name=audio_name)
  File "/home/ubuntu/OpenVoice/openvoice/se_extractor.py", line 29, in split_audio_whisper
    segments = list(segments)
  File "/home/ubuntu/miniconda3/envs/openvoice/lib/python3.9/site-packages/faster_whisper/transcribe.py", line 433, in generate_segments
    ) = self.generate_with_fallback(encoder_output, prompt, tokenizer, options)
  File "/home/ubuntu/miniconda3/envs/openvoice/lib/python3.9/site-packages/faster_whisper/transcribe.py", line 641, in generate_with_fallback
    result = self.model.generate(
RuntimeError: CUDA failed with error out of memory
Traceback (most recent call last):
  File "/home/ubuntu/OpenVoice/job.py", line 334, in <module>
    clone_voice(f"./projects/{i}/{j}")
  File "/home/ubuntu/OpenVoice/job.py", line 201, in clone_voice
    return(convert_color(projectfolder))
  File "/home/ubuntu/OpenVoice/job.py", line 277, in convert_color
    target_se, audio_name = se_extractor.get_se(ref_audio_path, tone_color_converter, vad=False)
  File "/home/ubuntu/OpenVoice/openvoice/se_extractor.py", line 146, in get_se
    wavs_folder = split_audio_whisper(audio_path, target_dir=target_dir, audio_name=audio_name)
  File "/home/ubuntu/OpenVoice/openvoice/se_extractor.py", line 29, in split_audio_whisper
    segments = list(segments)
  File "/home/ubuntu/miniconda3/envs/openvoice/lib/python3.9/site-packages/faster_whisper/transcribe.py", line 433, in generate_segments
    ) = self.generate_with_fallback(encoder_output, prompt, tokenizer, options)
  File "/home/ubuntu/miniconda3/envs/openvoice/lib/python3.9/site-packages/faster_whisper/transcribe.py", line 641, in generate_with_fallback
    result = self.model.generate(
RuntimeError: CUDA failed with error out of memory
Traceback (most recent call last):
  File "/home/ubuntu/OpenVoice/job.py", line 334, in <module>
    clone_voice(f"./projects/{i}/{j}")
  File "/home/ubuntu/OpenVoice/job.py", line 201, in clone_voice
    return(convert_color(projectfolder))
  File "/home/ubuntu/OpenVoice/job.py", line 277, in convert_color
    target_se, audio_name = se_extractor.get_se(ref_audio_path, tone_color_converter, vad=False)
  File "/home/ubuntu/OpenVoice/openvoice/se_extractor.py", line 146, in get_se
    wavs_folder = split_audio_whisper(audio_path, target_dir=target_dir, audio_name=audio_name)
  File "/home/ubuntu/OpenVoice/openvoice/se_extractor.py", line 29, in split_audio_whisper
    segments = list(segments)
  File "/home/ubuntu/miniconda3/envs/openvoice/lib/python3.9/site-packages/faster_whisper/transcribe.py", line 433, in generate_segments
    ) = self.generate_with_fallback(encoder_output, prompt, tokenizer, options)
  File "/home/ubuntu/miniconda3/envs/openvoice/lib/python3.9/site-packages/faster_whisper/transcribe.py", line 641, in generate_with_fallback
    result = self.model.generate(
RuntimeError: CUDA failed with error out of memory
Traceback (most recent call last):
  File "/home/ubuntu/OpenVoice/job.py", line 334, in <module>
    clone_voice(f"./projects/{i}/{j}")
  File "/home/ubuntu/OpenVoice/job.py", line 201, in clone_voice
    return(convert_color(projectfolder))
  File "/home/ubuntu/OpenVoice/job.py", line 277, in convert_color
    target_se, audio_name = se_extractor.get_se(ref_audio_path, tone_color_converter, vad=False)
  File "/home/ubuntu/OpenVoice/openvoice/se_extractor.py", line 146, in get_se
    wavs_folder = split_audio_whisper(audio_path, target_dir=target_dir, audio_name=audio_name)
  File "/home/ubuntu/OpenVoice/openvoice/se_extractor.py", line 29, in split_audio_whisper
    segments = list(segments)
  File "/home/ubuntu/miniconda3/envs/openvoice/lib/python3.9/site-packages/faster_whisper/transcribe.py", line 433, in generate_segments
    ) = self.generate_with_fallback(encoder_output, prompt, tokenizer, options)
  File "/home/ubuntu/miniconda3/envs/openvoice/lib/python3.9/site-packages/faster_whisper/transcribe.py", line 641, in generate_with_fallback
    result = self.model.generate(
RuntimeError: CUDA failed with error out of memory
Traceback (most recent call last):
  File "/home/ubuntu/OpenVoice/job.py", line 334, in <module>
    clone_voice(f"./projects/{i}/{j}")
  File "/home/ubuntu/OpenVoice/job.py", line 201, in clone_voice
    return(convert_color(projectfolder))
  File "/home/ubuntu/OpenVoice/job.py", line 277, in convert_color
    target_se, audio_name = se_extractor.get_se(ref_audio_path, tone_color_converter, vad=False)
  File "/home/ubuntu/OpenVoice/openvoice/se_extractor.py", line 146, in get_se
    wavs_folder = split_audio_whisper(audio_path, target_dir=target_dir, audio_name=audio_name)
  File "/home/ubuntu/OpenVoice/openvoice/se_extractor.py", line 29, in split_audio_whisper
    segments = list(segments)
  File "/home/ubuntu/miniconda3/envs/openvoice/lib/python3.9/site-packages/faster_whisper/transcribe.py", line 433, in generate_segments
    ) = self.generate_with_fallback(encoder_output, prompt, tokenizer, options)
  File "/home/ubuntu/miniconda3/envs/openvoice/lib/python3.9/site-packages/faster_whisper/transcribe.py", line 641, in generate_with_fallback
    result = self.model.generate(
RuntimeError: CUDA failed with error out of memory
Traceback (most recent call last):
  File "/home/ubuntu/OpenVoice/job.py", line 334, in <module>
    clone_voice(f"./projects/{i}/{j}")
  File "/home/ubuntu/OpenVoice/job.py", line 201, in clone_voice
    return(convert_color(projectfolder))
  File "/home/ubuntu/OpenVoice/job.py", line 277, in convert_color
    target_se, audio_name = se_extractor.get_se(ref_audio_path, tone_color_converter, vad=False)
  File "/home/ubuntu/OpenVoice/openvoice/se_extractor.py", line 146, in get_se
    wavs_folder = split_audio_whisper(audio_path, target_dir=target_dir, audio_name=audio_name)
  File "/home/ubuntu/OpenVoice/openvoice/se_extractor.py", line 29, in split_audio_whisper
    segments = list(segments)
  File "/home/ubuntu/miniconda3/envs/openvoice/lib/python3.9/site-packages/faster_whisper/transcribe.py", line 433, in generate_segments
    ) = self.generate_with_fallback(encoder_output, prompt, tokenizer, options)
  File "/home/ubuntu/miniconda3/envs/openvoice/lib/python3.9/site-packages/faster_whisper/transcribe.py", line 641, in generate_with_fallback
    result = self.model.generate(
RuntimeError: CUDA failed with error out of memory
Traceback (most recent call last):
  File "/home/ubuntu/OpenVoice/job.py", line 334, in <module>
    clone_voice(f"./projects/{i}/{j}")
  File "/home/ubuntu/OpenVoice/job.py", line 201, in clone_voice
    return(convert_color(projectfolder))
  File "/home/ubuntu/OpenVoice/job.py", line 277, in convert_color
    target_se, audio_name = se_extractor.get_se(ref_audio_path, tone_color_converter, vad=False)
  File "/home/ubuntu/OpenVoice/openvoice/se_extractor.py", line 150, in get_se
    raise NotImplementedError('No audio segments found!')
NotImplementedError: No audio segments found!
Traceback (most recent call last):
  File "/home/ubuntu/OpenVoice/job.py", line 334, in <module>
    clone_voice(f"./projects/{i}/{j}")
  File "/home/ubuntu/OpenVoice/job.py", line 201, in clone_voice
    return(convert_color(projectfolder))
  File "/home/ubuntu/OpenVoice/job.py", line 277, in convert_color
    target_se, audio_name = se_extractor.get_se(ref_audio_path, tone_color_converter, vad=False)
  File "/home/ubuntu/OpenVoice/openvoice/se_extractor.py", line 146, in get_se
    wavs_folder = split_audio_whisper(audio_path, target_dir=target_dir, audio_name=audio_name)
  File "/home/ubuntu/OpenVoice/openvoice/se_extractor.py", line 29, in split_audio_whisper
    segments = list(segments)
  File "/home/ubuntu/miniconda3/envs/openvoice/lib/python3.9/site-packages/faster_whisper/transcribe.py", line 433, in generate_segments
    ) = self.generate_with_fallback(encoder_output, prompt, tokenizer, options)
  File "/home/ubuntu/miniconda3/envs/openvoice/lib/python3.9/site-packages/faster_whisper/transcribe.py", line 641, in generate_with_fallback
    result = self.model.generate(
RuntimeError: CUDA failed with error out of memory
Traceback (most recent call last):
  File "/home/ubuntu/OpenVoice/job.py", line 334, in <module>
    clone_voice(f"./projects/{i}/{j}")
  File "/home/ubuntu/OpenVoice/job.py", line 201, in clone_voice
    return(convert_color(projectfolder))
  File "/home/ubuntu/OpenVoice/job.py", line 277, in convert_color
    target_se, audio_name = se_extractor.get_se(ref_audio_path, tone_color_converter, vad=False)
  File "/home/ubuntu/OpenVoice/openvoice/se_extractor.py", line 150, in get_se
    raise NotImplementedError('No audio segments found!')
NotImplementedError: No audio segments found!
Traceback (most recent call last):
  File "/home/ubuntu/OpenVoice/job.py", line 334, in <module>
    clone_voice(f"./projects/{i}/{j}")
  File "/home/ubuntu/OpenVoice/job.py", line 201, in clone_voice
    return(convert_color(projectfolder))
  File "/home/ubuntu/OpenVoice/job.py", line 277, in convert_color
    target_se, audio_name = se_extractor.get_se(ref_audio_path, tone_color_converter, vad=False)
  File "/home/ubuntu/OpenVoice/openvoice/se_extractor.py", line 150, in get_se
    raise NotImplementedError('No audio segments found!')
NotImplementedError: No audio segments found!
Traceback (most recent call last):
  File "/home/ubuntu/OpenVoice/job.py", line 334, in <module>
    clone_voice(f"./projects/{i}/{j}")
  File "/home/ubuntu/OpenVoice/job.py", line 201, in clone_voice
    return(convert_color(projectfolder))
  File "/home/ubuntu/OpenVoice/job.py", line 277, in convert_color
    target_se, audio_name = se_extractor.get_se(ref_audio_path, tone_color_converter, vad=False)
  File "/home/ubuntu/OpenVoice/openvoice/se_extractor.py", line 150, in get_se
    raise NotImplementedError('No audio segments found!')
NotImplementedError: No audio segments found!
Traceback (most recent call last):
  File "/home/ubuntu/OpenVoice/job.py", line 334, in <module>
    clone_voice(f"./projects/{i}/{j}")
  File "/home/ubuntu/OpenVoice/job.py", line 201, in clone_voice
    return(convert_color(projectfolder))
  File "/home/ubuntu/OpenVoice/job.py", line 277, in convert_color
    target_se, audio_name = se_extractor.get_se(ref_audio_path, tone_color_converter, vad=False)
  File "/home/ubuntu/OpenVoice/openvoice/se_extractor.py", line 146, in get_se
    wavs_folder = split_audio_whisper(audio_path, target_dir=target_dir, audio_name=audio_name)
  File "/home/ubuntu/OpenVoice/openvoice/se_extractor.py", line 29, in split_audio_whisper
    segments = list(segments)
  File "/home/ubuntu/miniconda3/envs/openvoice/lib/python3.9/site-packages/faster_whisper/transcribe.py", line 433, in generate_segments
    ) = self.generate_with_fallback(encoder_output, prompt, tokenizer, options)
  File "/home/ubuntu/miniconda3/envs/openvoice/lib/python3.9/site-packages/faster_whisper/transcribe.py", line 641, in generate_with_fallback
    result = self.model.generate(
RuntimeError: CUDA failed with error out of memory
Traceback (most recent call last):
  File "/home/ubuntu/OpenVoice/job.py", line 334, in <module>
    clone_voice(f"./projects/{i}/{j}")
  File "/home/ubuntu/OpenVoice/job.py", line 201, in clone_voice
    return(convert_color(projectfolder))
  File "/home/ubuntu/OpenVoice/job.py", line 277, in convert_color
    target_se, audio_name = se_extractor.get_se(ref_audio_path, tone_color_converter, vad=False)
  File "/home/ubuntu/OpenVoice/openvoice/se_extractor.py", line 146, in get_se
    wavs_folder = split_audio_whisper(audio_path, target_dir=target_dir, audio_name=audio_name)
  File "/home/ubuntu/OpenVoice/openvoice/se_extractor.py", line 29, in split_audio_whisper
    segments = list(segments)
  File "/home/ubuntu/miniconda3/envs/openvoice/lib/python3.9/site-packages/faster_whisper/transcribe.py", line 433, in generate_segments
    ) = self.generate_with_fallback(encoder_output, prompt, tokenizer, options)
  File "/home/ubuntu/miniconda3/envs/openvoice/lib/python3.9/site-packages/faster_whisper/transcribe.py", line 641, in generate_with_fallback
    result = self.model.generate(
RuntimeError: CUDA failed with error out of memory
Traceback (most recent call last):
  File "/home/ubuntu/OpenVoice/job.py", line 334, in <module>
    clone_voice(f"./projects/{i}/{j}")
  File "/home/ubuntu/OpenVoice/job.py", line 201, in clone_voice
    return(convert_color(projectfolder))
  File "/home/ubuntu/OpenVoice/job.py", line 277, in convert_color
    target_se, audio_name = se_extractor.get_se(ref_audio_path, tone_color_converter, vad=False)
  File "/home/ubuntu/OpenVoice/openvoice/se_extractor.py", line 146, in get_se
    wavs_folder = split_audio_whisper(audio_path, target_dir=target_dir, audio_name=audio_name)
  File "/home/ubuntu/OpenVoice/openvoice/se_extractor.py", line 29, in split_audio_whisper
    segments = list(segments)
  File "/home/ubuntu/miniconda3/envs/openvoice/lib/python3.9/site-packages/faster_whisper/transcribe.py", line 433, in generate_segments
    ) = self.generate_with_fallback(encoder_output, prompt, tokenizer, options)
  File "/home/ubuntu/miniconda3/envs/openvoice/lib/python3.9/site-packages/faster_whisper/transcribe.py", line 641, in generate_with_fallback
    result = self.model.generate(
RuntimeError: CUDA failed with error out of memory
Traceback (most recent call last):
  File "/home/ubuntu/OpenVoice/job.py", line 334, in <module>
    clone_voice(f"./projects/{i}/{j}")
  File "/home/ubuntu/OpenVoice/job.py", line 201, in clone_voice
    return(convert_color(projectfolder))
  File "/home/ubuntu/OpenVoice/job.py", line 277, in convert_color
    target_se, audio_name = se_extractor.get_se(ref_audio_path, tone_color_converter, vad=False)
  File "/home/ubuntu/OpenVoice/openvoice/se_extractor.py", line 150, in get_se
    raise NotImplementedError('No audio segments found!')
NotImplementedError: No audio segments found!
Traceback (most recent call last):
  File "/home/ubuntu/OpenVoice/job.py", line 334, in <module>
    clone_voice(f"./projects/{i}/{j}")
  File "/home/ubuntu/OpenVoice/job.py", line 201, in clone_voice
    return(convert_color(projectfolder))
  File "/home/ubuntu/OpenVoice/job.py", line 277, in convert_color
    target_se, audio_name = se_extractor.get_se(ref_audio_path, tone_color_converter, vad=False)
  File "/home/ubuntu/OpenVoice/openvoice/se_extractor.py", line 146, in get_se
    wavs_folder = split_audio_whisper(audio_path, target_dir=target_dir, audio_name=audio_name)
  File "/home/ubuntu/OpenVoice/openvoice/se_extractor.py", line 29, in split_audio_whisper
    segments = list(segments)
  File "/home/ubuntu/miniconda3/envs/openvoice/lib/python3.9/site-packages/faster_whisper/transcribe.py", line 433, in generate_segments
    ) = self.generate_with_fallback(encoder_output, prompt, tokenizer, options)
  File "/home/ubuntu/miniconda3/envs/openvoice/lib/python3.9/site-packages/faster_whisper/transcribe.py", line 641, in generate_with_fallback
    result = self.model.generate(
RuntimeError: CUDA failed with error out of memory
Traceback (most recent call last):
  File "/home/ubuntu/OpenVoice/job.py", line 334, in <module>
    clone_voice(f"./projects/{i}/{j}")
  File "/home/ubuntu/OpenVoice/job.py", line 201, in clone_voice
    return(convert_color(projectfolder))
  File "/home/ubuntu/OpenVoice/job.py", line 277, in convert_color
    target_se, audio_name = se_extractor.get_se(ref_audio_path, tone_color_converter, vad=False)
  File "/home/ubuntu/OpenVoice/openvoice/se_extractor.py", line 150, in get_se
    raise NotImplementedError('No audio segments found!')
NotImplementedError: No audio segments found!
Traceback (most recent call last):
  File "/home/ubuntu/OpenVoice/job.py", line 334, in <module>
    clone_voice(f"./projects/{i}/{j}")
  File "/home/ubuntu/OpenVoice/job.py", line 201, in clone_voice
    return(convert_color(projectfolder))
  File "/home/ubuntu/OpenVoice/job.py", line 277, in convert_color
    target_se, audio_name = se_extractor.get_se(ref_audio_path, tone_color_converter, vad=False)
  File "/home/ubuntu/OpenVoice/openvoice/se_extractor.py", line 146, in get_se
    wavs_folder = split_audio_whisper(audio_path, target_dir=target_dir, audio_name=audio_name)
  File "/home/ubuntu/OpenVoice/openvoice/se_extractor.py", line 29, in split_audio_whisper
    segments = list(segments)
  File "/home/ubuntu/miniconda3/envs/openvoice/lib/python3.9/site-packages/faster_whisper/transcribe.py", line 433, in generate_segments
    ) = self.generate_with_fallback(encoder_output, prompt, tokenizer, options)
  File "/home/ubuntu/miniconda3/envs/openvoice/lib/python3.9/site-packages/faster_whisper/transcribe.py", line 641, in generate_with_fallback
    result = self.model.generate(
RuntimeError: CUDA failed with error out of memory
Traceback (most recent call last):
  File "/home/ubuntu/OpenVoice/job.py", line 334, in <module>
    clone_voice(f"./projects/{i}/{j}")
  File "/home/ubuntu/OpenVoice/job.py", line 201, in clone_voice
    return(convert_color(projectfolder))
  File "/home/ubuntu/OpenVoice/job.py", line 277, in convert_color
    target_se, audio_name = se_extractor.get_se(ref_audio_path, tone_color_converter, vad=False)
  File "/home/ubuntu/OpenVoice/openvoice/se_extractor.py", line 146, in get_se
    wavs_folder = split_audio_whisper(audio_path, target_dir=target_dir, audio_name=audio_name)
  File "/home/ubuntu/OpenVoice/openvoice/se_extractor.py", line 29, in split_audio_whisper
    segments = list(segments)
  File "/home/ubuntu/miniconda3/envs/openvoice/lib/python3.9/site-packages/faster_whisper/transcribe.py", line 433, in generate_segments
    ) = self.generate_with_fallback(encoder_output, prompt, tokenizer, options)
  File "/home/ubuntu/miniconda3/envs/openvoice/lib/python3.9/site-packages/faster_whisper/transcribe.py", line 641, in generate_with_fallback
    result = self.model.generate(
RuntimeError: CUDA failed with error out of memory
Traceback (most recent call last):
  File "/home/ubuntu/OpenVoice/job.py", line 334, in <module>
    clone_voice(f"./projects/{i}/{j}")
  File "/home/ubuntu/OpenVoice/job.py", line 201, in clone_voice
    return(convert_color(projectfolder))
  File "/home/ubuntu/OpenVoice/job.py", line 277, in convert_color
    target_se, audio_name = se_extractor.get_se(ref_audio_path, tone_color_converter, vad=False)
  File "/home/ubuntu/OpenVoice/openvoice/se_extractor.py", line 146, in get_se
    wavs_folder = split_audio_whisper(audio_path, target_dir=target_dir, audio_name=audio_name)
  File "/home/ubuntu/OpenVoice/openvoice/se_extractor.py", line 29, in split_audio_whisper
    segments = list(segments)
  File "/home/ubuntu/miniconda3/envs/openvoice/lib/python3.9/site-packages/faster_whisper/transcribe.py", line 433, in generate_segments
    ) = self.generate_with_fallback(encoder_output, prompt, tokenizer, options)
  File "/home/ubuntu/miniconda3/envs/openvoice/lib/python3.9/site-packages/faster_whisper/transcribe.py", line 641, in generate_with_fallback
    result = self.model.generate(
RuntimeError: CUDA failed with error out of memory
Traceback (most recent call last):
  File "/home/ubuntu/OpenVoice/job.py", line 334, in <module>
    clone_voice(f"./projects/{i}/{j}")
  File "/home/ubuntu/OpenVoice/job.py", line 201, in clone_voice
    return(convert_color(projectfolder))
  File "/home/ubuntu/OpenVoice/job.py", line 277, in convert_color
    target_se, audio_name = se_extractor.get_se(ref_audio_path, tone_color_converter, vad=False)
  File "/home/ubuntu/OpenVoice/openvoice/se_extractor.py", line 146, in get_se
    wavs_folder = split_audio_whisper(audio_path, target_dir=target_dir, audio_name=audio_name)
  File "/home/ubuntu/OpenVoice/openvoice/se_extractor.py", line 29, in split_audio_whisper
    segments = list(segments)
  File "/home/ubuntu/miniconda3/envs/openvoice/lib/python3.9/site-packages/faster_whisper/transcribe.py", line 433, in generate_segments
    ) = self.generate_with_fallback(encoder_output, prompt, tokenizer, options)
  File "/home/ubuntu/miniconda3/envs/openvoice/lib/python3.9/site-packages/faster_whisper/transcribe.py", line 641, in generate_with_fallback
    result = self.model.generate(
RuntimeError: CUDA failed with error out of memory
Traceback (most recent call last):
  File "/home/ubuntu/OpenVoice/job.py", line 334, in <module>
    clone_voice(f"./projects/{i}/{j}")
  File "/home/ubuntu/OpenVoice/job.py", line 201, in clone_voice
    return(convert_color(projectfolder))
  File "/home/ubuntu/OpenVoice/job.py", line 277, in convert_color
    target_se, audio_name = se_extractor.get_se(ref_audio_path, tone_color_converter, vad=False)
  File "/home/ubuntu/OpenVoice/openvoice/se_extractor.py", line 146, in get_se
    wavs_folder = split_audio_whisper(audio_path, target_dir=target_dir, audio_name=audio_name)
  File "/home/ubuntu/OpenVoice/openvoice/se_extractor.py", line 29, in split_audio_whisper
    segments = list(segments)
  File "/home/ubuntu/miniconda3/envs/openvoice/lib/python3.9/site-packages/faster_whisper/transcribe.py", line 433, in generate_segments
    ) = self.generate_with_fallback(encoder_output, prompt, tokenizer, options)
  File "/home/ubuntu/miniconda3/envs/openvoice/lib/python3.9/site-packages/faster_whisper/transcribe.py", line 641, in generate_with_fallback
    result = self.model.generate(
RuntimeError: CUDA failed with error out of memory
Traceback (most recent call last):
  File "/home/ubuntu/OpenVoice/job.py", line 334, in <module>
    clone_voice(f"./projects/{i}/{j}")
  File "/home/ubuntu/OpenVoice/job.py", line 201, in clone_voice
    return(convert_color(projectfolder))
  File "/home/ubuntu/OpenVoice/job.py", line 277, in convert_color
    target_se, audio_name = se_extractor.get_se(ref_audio_path, tone_color_converter, vad=False)
  File "/home/ubuntu/OpenVoice/openvoice/se_extractor.py", line 146, in get_se
    wavs_folder = split_audio_whisper(audio_path, target_dir=target_dir, audio_name=audio_name)
  File "/home/ubuntu/OpenVoice/openvoice/se_extractor.py", line 29, in split_audio_whisper
    segments = list(segments)
  File "/home/ubuntu/miniconda3/envs/openvoice/lib/python3.9/site-packages/faster_whisper/transcribe.py", line 433, in generate_segments
    ) = self.generate_with_fallback(encoder_output, prompt, tokenizer, options)
  File "/home/ubuntu/miniconda3/envs/openvoice/lib/python3.9/site-packages/faster_whisper/transcribe.py", line 641, in generate_with_fallback
    result = self.model.generate(
RuntimeError: CUDA failed with error out of memory
Traceback (most recent call last):
  File "/home/ubuntu/OpenVoice/job.py", line 334, in <module>
    clone_voice(f"./projects/{i}/{j}")
  File "/home/ubuntu/OpenVoice/job.py", line 201, in clone_voice
    return(convert_color(projectfolder))
  File "/home/ubuntu/OpenVoice/job.py", line 277, in convert_color
    target_se, audio_name = se_extractor.get_se(ref_audio_path, tone_color_converter, vad=False)
  File "/home/ubuntu/OpenVoice/openvoice/se_extractor.py", line 146, in get_se
    wavs_folder = split_audio_whisper(audio_path, target_dir=target_dir, audio_name=audio_name)
  File "/home/ubuntu/OpenVoice/openvoice/se_extractor.py", line 29, in split_audio_whisper
    segments = list(segments)
  File "/home/ubuntu/miniconda3/envs/openvoice/lib/python3.9/site-packages/faster_whisper/transcribe.py", line 433, in generate_segments
    ) = self.generate_with_fallback(encoder_output, prompt, tokenizer, options)
  File "/home/ubuntu/miniconda3/envs/openvoice/lib/python3.9/site-packages/faster_whisper/transcribe.py", line 641, in generate_with_fallback
    result = self.model.generate(
RuntimeError: CUDA failed with error out of memory
Traceback (most recent call last):
  File "/home/ubuntu/OpenVoice/job.py", line 334, in <module>
    clone_voice(f"./projects/{i}/{j}")
  File "/home/ubuntu/OpenVoice/job.py", line 201, in clone_voice
    return(convert_color(projectfolder))
  File "/home/ubuntu/OpenVoice/job.py", line 277, in convert_color
    target_se, audio_name = se_extractor.get_se(ref_audio_path, tone_color_converter, vad=False)
  File "/home/ubuntu/OpenVoice/openvoice/se_extractor.py", line 146, in get_se
    wavs_folder = split_audio_whisper(audio_path, target_dir=target_dir, audio_name=audio_name)
  File "/home/ubuntu/OpenVoice/openvoice/se_extractor.py", line 29, in split_audio_whisper
    segments = list(segments)
  File "/home/ubuntu/miniconda3/envs/openvoice/lib/python3.9/site-packages/faster_whisper/transcribe.py", line 433, in generate_segments
    ) = self.generate_with_fallback(encoder_output, prompt, tokenizer, options)
  File "/home/ubuntu/miniconda3/envs/openvoice/lib/python3.9/site-packages/faster_whisper/transcribe.py", line 641, in generate_with_fallback
    result = self.model.generate(
RuntimeError: CUDA failed with error out of memory
Traceback (most recent call last):
  File "/home/ubuntu/OpenVoice/job.py", line 334, in <module>
    clone_voice(f"./projects/{i}/{j}")
  File "/home/ubuntu/OpenVoice/job.py", line 201, in clone_voice
    return(convert_color(projectfolder))
  File "/home/ubuntu/OpenVoice/job.py", line 277, in convert_color
    target_se, audio_name = se_extractor.get_se(ref_audio_path, tone_color_converter, vad=False)
  File "/home/ubuntu/OpenVoice/openvoice/se_extractor.py", line 146, in get_se
    wavs_folder = split_audio_whisper(audio_path, target_dir=target_dir, audio_name=audio_name)
  File "/home/ubuntu/OpenVoice/openvoice/se_extractor.py", line 68, in split_audio_whisper
    audio_seg.export(output_file, format='wav')
  File "/home/ubuntu/miniconda3/envs/openvoice/lib/python3.9/site-packages/pydub/audio_segment.py", line 895, in export
    wave_data.writeframesraw(pcm_for_wav)
  File "/home/ubuntu/miniconda3/envs/openvoice/lib/python3.9/wave.py", line 432, in writeframesraw
    self._file.write(data)
OSError: [Errno 28] No space left on device
Traceback (most recent call last):
  File "/home/ubuntu/miniconda3/envs/openvoice/lib/python3.9/site-packages/librosa/core/audio.py", line 155, in load
    context = sf.SoundFile(path)
  File "/home/ubuntu/miniconda3/envs/openvoice/lib/python3.9/site-packages/soundfile.py", line 658, in __init__
    self._file = self._open(file, mode_int, closefd)
  File "/home/ubuntu/miniconda3/envs/openvoice/lib/python3.9/site-packages/soundfile.py", line 1216, in _open
    raise LibsndfileError(err, prefix="Error opening {0!r}: ".format(self.name))
soundfile.LibsndfileError: Error opening './projects/9b9db242-e4cc-47a3-9d8d-a1c54cdf5060/0/ref.mp3': System error.

During handling of the above exception, another exception occurred:

Traceback (most recent call last):
  File "/home/ubuntu/OpenVoice/job.py", line 334, in <module>
    clone_voice(f"./projects/{i}/{j}")
  File "/home/ubuntu/OpenVoice/job.py", line 201, in clone_voice
    return(convert_color(projectfolder))
  File "/home/ubuntu/OpenVoice/job.py", line 277, in convert_color
    target_se, audio_name = se_extractor.get_se(ref_audio_path, tone_color_converter, vad=False)
  File "/home/ubuntu/OpenVoice/openvoice/se_extractor.py", line 134, in get_se
    audio_name = f"{os.path.basename(audio_path).rsplit('.', 1)[0]}_{version}_{hash_numpy_array(audio_path)}"
  File "/home/ubuntu/OpenVoice/openvoice/se_extractor.py", line 119, in hash_numpy_array
    array, _ = librosa.load(audio_path, sr=None, mono=True)
  File "/home/ubuntu/miniconda3/envs/openvoice/lib/python3.9/site-packages/librosa/util/decorators.py", line 88, in inner_f
    return f(*args, **kwargs)
  File "/home/ubuntu/miniconda3/envs/openvoice/lib/python3.9/site-packages/librosa/core/audio.py", line 174, in load
    y, sr_native = __audioread_load(path, offset, duration, dtype)
  File "/home/ubuntu/miniconda3/envs/openvoice/lib/python3.9/site-packages/librosa/core/audio.py", line 198, in __audioread_load
    with audioread.audio_open(path) as input_file:
  File "/home/ubuntu/miniconda3/envs/openvoice/lib/python3.9/site-packages/audioread/__init__.py", line 127, in audio_open
    return BackendClass(path)
  File "/home/ubuntu/miniconda3/envs/openvoice/lib/python3.9/site-packages/audioread/rawread.py", line 59, in __init__
    self._fh = open(filename, 'rb')
FileNotFoundError: [Errno 2] No such file or directory: './projects/9b9db242-e4cc-47a3-9d8d-a1c54cdf5060/0/ref.mp3'
Traceback (most recent call last):
  File "/home/ubuntu/miniconda3/envs/openvoice/lib/python3.9/site-packages/librosa/core/audio.py", line 155, in load
    context = sf.SoundFile(path)
  File "/home/ubuntu/miniconda3/envs/openvoice/lib/python3.9/site-packages/soundfile.py", line 658, in __init__
    self._file = self._open(file, mode_int, closefd)
  File "/home/ubuntu/miniconda3/envs/openvoice/lib/python3.9/site-packages/soundfile.py", line 1216, in _open
    raise LibsndfileError(err, prefix="Error opening {0!r}: ".format(self.name))
soundfile.LibsndfileError: Error opening './projects/a94d6959-2730-4e30-b99f-fa578486c468/0/ref.mp3': System error.

During handling of the above exception, another exception occurred:

Traceback (most recent call last):
  File "/home/ubuntu/OpenVoice/job.py", line 334, in <module>
    clone_voice(f"./projects/{i}/{j}")
  File "/home/ubuntu/OpenVoice/job.py", line 201, in clone_voice
    return(convert_color(projectfolder))
  File "/home/ubuntu/OpenVoice/job.py", line 277, in convert_color
    target_se, audio_name = se_extractor.get_se(ref_audio_path, tone_color_converter, vad=False)
  File "/home/ubuntu/OpenVoice/openvoice/se_extractor.py", line 134, in get_se
    audio_name = f"{os.path.basename(audio_path).rsplit('.', 1)[0]}_{version}_{hash_numpy_array(audio_path)}"
  File "/home/ubuntu/OpenVoice/openvoice/se_extractor.py", line 119, in hash_numpy_array
    array, _ = librosa.load(audio_path, sr=None, mono=True)
  File "/home/ubuntu/miniconda3/envs/openvoice/lib/python3.9/site-packages/librosa/util/decorators.py", line 88, in inner_f
    return f(*args, **kwargs)
  File "/home/ubuntu/miniconda3/envs/openvoice/lib/python3.9/site-packages/librosa/core/audio.py", line 174, in load
    y, sr_native = __audioread_load(path, offset, duration, dtype)
  File "/home/ubuntu/miniconda3/envs/openvoice/lib/python3.9/site-packages/librosa/core/audio.py", line 198, in __audioread_load
    with audioread.audio_open(path) as input_file:
  File "/home/ubuntu/miniconda3/envs/openvoice/lib/python3.9/site-packages/audioread/__init__.py", line 127, in audio_open
    return BackendClass(path)
  File "/home/ubuntu/miniconda3/envs/openvoice/lib/python3.9/site-packages/audioread/rawread.py", line 59, in __init__
    self._fh = open(filename, 'rb')
FileNotFoundError: [Errno 2] No such file or directory: './projects/a94d6959-2730-4e30-b99f-fa578486c468/0/ref.mp3'
Traceback (most recent call last):
  File "/home/ubuntu/OpenVoice/job.py", line 334, in <module>
    clone_voice(f"./projects/{i}/{j}")
  File "/home/ubuntu/OpenVoice/job.py", line 198, in clone_voice
    with open(f'{projectfolder}/data.json',"r") as f:
FileNotFoundError: [Errno 2] No such file or directory: './projects/1d44ba1a-2b88-4247-9c85-08604c01b372/0/data.json'
Traceback (most recent call last):
  File "/home/ubuntu/OpenVoice/job.py", line 334, in <module>
    clone_voice(f"./projects/{i}/{j}")
  File "/home/ubuntu/OpenVoice/job.py", line 198, in clone_voice
    with open(f'{projectfolder}/data.json',"r") as f:
FileNotFoundError: [Errno 2] No such file or directory: './projects/323a0107-962b-4b16-af62-be795f927065/0/data.json'
Traceback (most recent call last):
  File "/home/ubuntu/OpenVoice/job.py", line 334, in <module>
    clone_voice(f"./projects/{i}/{j}")
  File "/home/ubuntu/OpenVoice/job.py", line 198, in clone_voice
    with open(f'{projectfolder}/data.json',"r") as f:
FileNotFoundError: [Errno 2] No such file or directory: './projects/2fb70389-9e2a-4d07-b392-be2406ca7951/0/data.json'
Traceback (most recent call last):
  File "/home/ubuntu/OpenVoice/job.py", line 334, in <module>
    clone_voice(f"./projects/{i}/{j}")
  File "/home/ubuntu/OpenVoice/job.py", line 198, in clone_voice
    with open(f'{projectfolder}/data.json',"r") as f:
FileNotFoundError: [Errno 2] No such file or directory: './projects/64a7ac47-532e-4de8-a1bd-cfe86118bd04/0/data.json'
Traceback (most recent call last):
  File "/home/ubuntu/OpenVoice/job.py", line 334, in <module>
    clone_voice(f"./projects/{i}/{j}")
  File "/home/ubuntu/OpenVoice/job.py", line 198, in clone_voice
    with open(f'{projectfolder}/data.json',"r") as f:
FileNotFoundError: [Errno 2] No such file or directory: './projects/f430bca5-6378-4716-98fe-52e1dd81c4f0/0/data.json'
Traceback (most recent call last):
  File "/home/ubuntu/OpenVoice/job.py", line 334, in <module>
    clone_voice(f"./projects/{i}/{j}")
  File "/home/ubuntu/OpenVoice/job.py", line 198, in clone_voice
    with open(f'{projectfolder}/data.json',"r") as f:
FileNotFoundError: [Errno 2] No such file or directory: './projects/ca1117cb-9609-4a20-8f81-16ae2af2920c/0/data.json'
Traceback (most recent call last):
  File "/home/ubuntu/OpenVoice/job.py", line 334, in <module>
    clone_voice(f"./projects/{i}/{j}")
  File "/home/ubuntu/OpenVoice/job.py", line 201, in clone_voice
    return(convert_color(projectfolder))
  File "/home/ubuntu/OpenVoice/job.py", line 277, in convert_color
    target_se, audio_name = se_extractor.get_se(ref_audio_path, tone_color_converter, vad=False)
  File "/home/ubuntu/OpenVoice/openvoice/se_extractor.py", line 146, in get_se
    wavs_folder = split_audio_whisper(audio_path, target_dir=target_dir, audio_name=audio_name)
  File "/home/ubuntu/OpenVoice/openvoice/se_extractor.py", line 29, in split_audio_whisper
    segments = list(segments)
  File "/home/ubuntu/miniconda3/envs/openvoice/lib/python3.9/site-packages/faster_whisper/transcribe.py", line 433, in generate_segments
    ) = self.generate_with_fallback(encoder_output, prompt, tokenizer, options)
  File "/home/ubuntu/miniconda3/envs/openvoice/lib/python3.9/site-packages/faster_whisper/transcribe.py", line 641, in generate_with_fallback
    result = self.model.generate(
RuntimeError: CUDA failed with error out of memory
Traceback (most recent call last):
  File "/home/ubuntu/OpenVoice/job.py", line 334, in <module>
    clone_voice(f"./projects/{i}/{j}")
  File "/home/ubuntu/OpenVoice/job.py", line 201, in clone_voice
    return(convert_color(projectfolder))
  File "/home/ubuntu/OpenVoice/job.py", line 277, in convert_color
    target_se, audio_name = se_extractor.get_se(ref_audio_path, tone_color_converter, vad=False)
  File "/home/ubuntu/OpenVoice/openvoice/se_extractor.py", line 146, in get_se
    wavs_folder = split_audio_whisper(audio_path, target_dir=target_dir, audio_name=audio_name)
  File "/home/ubuntu/OpenVoice/openvoice/se_extractor.py", line 29, in split_audio_whisper
    segments = list(segments)
  File "/home/ubuntu/miniconda3/envs/openvoice/lib/python3.9/site-packages/faster_whisper/transcribe.py", line 433, in generate_segments
    ) = self.generate_with_fallback(encoder_output, prompt, tokenizer, options)
  File "/home/ubuntu/miniconda3/envs/openvoice/lib/python3.9/site-packages/faster_whisper/transcribe.py", line 641, in generate_with_fallback
    result = self.model.generate(
RuntimeError: CUDA failed with error out of memory
Traceback (most recent call last):
  File "/home/ubuntu/OpenVoice/job.py", line 334, in <module>
    clone_voice(f"./projects/{i}/{j}")
  File "/home/ubuntu/OpenVoice/job.py", line 201, in clone_voice
    return(convert_color(projectfolder))
  File "/home/ubuntu/OpenVoice/job.py", line 277, in convert_color
    target_se, audio_name = se_extractor.get_se(ref_audio_path, tone_color_converter, vad=False)
  File "/home/ubuntu/OpenVoice/openvoice/se_extractor.py", line 146, in get_se
    wavs_folder = split_audio_whisper(audio_path, target_dir=target_dir, audio_name=audio_name)
  File "/home/ubuntu/OpenVoice/openvoice/se_extractor.py", line 29, in split_audio_whisper
    segments = list(segments)
  File "/home/ubuntu/miniconda3/envs/openvoice/lib/python3.9/site-packages/faster_whisper/transcribe.py", line 433, in generate_segments
    ) = self.generate_with_fallback(encoder_output, prompt, tokenizer, options)
  File "/home/ubuntu/miniconda3/envs/openvoice/lib/python3.9/site-packages/faster_whisper/transcribe.py", line 641, in generate_with_fallback
    result = self.model.generate(
RuntimeError: CUDA failed with error out of memory
Traceback (most recent call last):
  File "/home/ubuntu/OpenVoice/job.py", line 334, in <module>
    clone_voice(f"./projects/{i}/{j}")
  File "/home/ubuntu/OpenVoice/job.py", line 201, in clone_voice
    return(convert_color(projectfolder))
  File "/home/ubuntu/OpenVoice/job.py", line 277, in convert_color
    target_se, audio_name = se_extractor.get_se(ref_audio_path, tone_color_converter, vad=False)
  File "/home/ubuntu/OpenVoice/openvoice/se_extractor.py", line 146, in get_se
    wavs_folder = split_audio_whisper(audio_path, target_dir=target_dir, audio_name=audio_name)
  File "/home/ubuntu/OpenVoice/openvoice/se_extractor.py", line 29, in split_audio_whisper
    segments = list(segments)
  File "/home/ubuntu/miniconda3/envs/openvoice/lib/python3.9/site-packages/faster_whisper/transcribe.py", line 433, in generate_segments
    ) = self.generate_with_fallback(encoder_output, prompt, tokenizer, options)
  File "/home/ubuntu/miniconda3/envs/openvoice/lib/python3.9/site-packages/faster_whisper/transcribe.py", line 641, in generate_with_fallback
    result = self.model.generate(
RuntimeError: CUDA failed with error out of memory
Traceback (most recent call last):
  File "/home/ubuntu/OpenVoice/job.py", line 334, in <module>
    clone_voice(f"./projects/{i}/{j}")
  File "/home/ubuntu/OpenVoice/job.py", line 201, in clone_voice
    return(convert_color(projectfolder))
  File "/home/ubuntu/OpenVoice/job.py", line 277, in convert_color
    target_se, audio_name = se_extractor.get_se(ref_audio_path, tone_color_converter, vad=False)
  File "/home/ubuntu/OpenVoice/openvoice/se_extractor.py", line 146, in get_se
    wavs_folder = split_audio_whisper(audio_path, target_dir=target_dir, audio_name=audio_name)
  File "/home/ubuntu/OpenVoice/openvoice/se_extractor.py", line 29, in split_audio_whisper
    segments = list(segments)
  File "/home/ubuntu/miniconda3/envs/openvoice/lib/python3.9/site-packages/faster_whisper/transcribe.py", line 433, in generate_segments
    ) = self.generate_with_fallback(encoder_output, prompt, tokenizer, options)
  File "/home/ubuntu/miniconda3/envs/openvoice/lib/python3.9/site-packages/faster_whisper/transcribe.py", line 641, in generate_with_fallback
    result = self.model.generate(
RuntimeError: CUDA failed with error out of memory
Traceback (most recent call last):
  File "/home/ubuntu/OpenVoice/job.py", line 334, in <module>
    clone_voice(f"./projects/{i}/{j}")
  File "/home/ubuntu/OpenVoice/job.py", line 201, in clone_voice
    return(convert_color(projectfolder))
  File "/home/ubuntu/OpenVoice/job.py", line 277, in convert_color
    target_se, audio_name = se_extractor.get_se(ref_audio_path, tone_color_converter, vad=False)
  File "/home/ubuntu/OpenVoice/openvoice/se_extractor.py", line 150, in get_se
    raise NotImplementedError('No audio segments found!')
NotImplementedError: No audio segments found!
Traceback (most recent call last):
  File "/home/ubuntu/OpenVoice/job.py", line 334, in <module>
    clone_voice(f"./projects/{i}/{j}")
  File "/home/ubuntu/OpenVoice/job.py", line 201, in clone_voice
    return(convert_color(projectfolder))
  File "/home/ubuntu/OpenVoice/job.py", line 277, in convert_color
    target_se, audio_name = se_extractor.get_se(ref_audio_path, tone_color_converter, vad=False)
  File "/home/ubuntu/OpenVoice/openvoice/se_extractor.py", line 146, in get_se
    wavs_folder = split_audio_whisper(audio_path, target_dir=target_dir, audio_name=audio_name)
  File "/home/ubuntu/OpenVoice/openvoice/se_extractor.py", line 29, in split_audio_whisper
    segments = list(segments)
  File "/home/ubuntu/miniconda3/envs/openvoice/lib/python3.9/site-packages/faster_whisper/transcribe.py", line 433, in generate_segments
    ) = self.generate_with_fallback(encoder_output, prompt, tokenizer, options)
  File "/home/ubuntu/miniconda3/envs/openvoice/lib/python3.9/site-packages/faster_whisper/transcribe.py", line 641, in generate_with_fallback
    result = self.model.generate(
RuntimeError: CUDA failed with error out of memory
Traceback (most recent call last):
  File "/home/ubuntu/OpenVoice/job.py", line 334, in <module>
    clone_voice(f"./projects/{i}/{j}")
  File "/home/ubuntu/OpenVoice/job.py", line 201, in clone_voice
    return(convert_color(projectfolder))
  File "/home/ubuntu/OpenVoice/job.py", line 277, in convert_color
    target_se, audio_name = se_extractor.get_se(ref_audio_path, tone_color_converter, vad=False)
  File "/home/ubuntu/OpenVoice/openvoice/se_extractor.py", line 150, in get_se
    raise NotImplementedError('No audio segments found!')
NotImplementedError: No audio segments found!
Traceback (most recent call last):
  File "/home/ubuntu/OpenVoice/job.py", line 334, in <module>
    clone_voice(f"./projects/{i}/{j}")
  File "/home/ubuntu/OpenVoice/job.py", line 201, in clone_voice
    return(convert_color(projectfolder))
  File "/home/ubuntu/OpenVoice/job.py", line 277, in convert_color
    target_se, audio_name = se_extractor.get_se(ref_audio_path, tone_color_converter, vad=False)
  File "/home/ubuntu/OpenVoice/openvoice/se_extractor.py", line 146, in get_se
    wavs_folder = split_audio_whisper(audio_path, target_dir=target_dir, audio_name=audio_name)
  File "/home/ubuntu/OpenVoice/openvoice/se_extractor.py", line 29, in split_audio_whisper
    segments = list(segments)
  File "/home/ubuntu/miniconda3/envs/openvoice/lib/python3.9/site-packages/faster_whisper/transcribe.py", line 433, in generate_segments
    ) = self.generate_with_fallback(encoder_output, prompt, tokenizer, options)
  File "/home/ubuntu/miniconda3/envs/openvoice/lib/python3.9/site-packages/faster_whisper/transcribe.py", line 641, in generate_with_fallback
    result = self.model.generate(
RuntimeError: CUDA failed with error out of memory
Traceback (most recent call last):
  File "/home/ubuntu/OpenVoice/job.py", line 334, in <module>
    clone_voice(f"./projects/{i}/{j}")
  File "/home/ubuntu/OpenVoice/job.py", line 201, in clone_voice
    return(convert_color(projectfolder))
  File "/home/ubuntu/OpenVoice/job.py", line 277, in convert_color
    target_se, audio_name = se_extractor.get_se(ref_audio_path, tone_color_converter, vad=False)
  File "/home/ubuntu/OpenVoice/openvoice/se_extractor.py", line 146, in get_se
    wavs_folder = split_audio_whisper(audio_path, target_dir=target_dir, audio_name=audio_name)
  File "/home/ubuntu/OpenVoice/openvoice/se_extractor.py", line 29, in split_audio_whisper
    segments = list(segments)
  File "/home/ubuntu/miniconda3/envs/openvoice/lib/python3.9/site-packages/faster_whisper/transcribe.py", line 433, in generate_segments
    ) = self.generate_with_fallback(encoder_output, prompt, tokenizer, options)
  File "/home/ubuntu/miniconda3/envs/openvoice/lib/python3.9/site-packages/faster_whisper/transcribe.py", line 641, in generate_with_fallback
    result = self.model.generate(
RuntimeError: CUDA failed with error out of memory
Traceback (most recent call last):
  File "/home/ubuntu/OpenVoice/job.py", line 334, in <module>
    clone_voice(f"./projects/{i}/{j}")
  File "/home/ubuntu/OpenVoice/job.py", line 201, in clone_voice
    return(convert_color(projectfolder))
  File "/home/ubuntu/OpenVoice/job.py", line 277, in convert_color
    target_se, audio_name = se_extractor.get_se(ref_audio_path, tone_color_converter, vad=False)
  File "/home/ubuntu/OpenVoice/openvoice/se_extractor.py", line 150, in get_se
    raise NotImplementedError('No audio segments found!')
NotImplementedError: No audio segments found!
Traceback (most recent call last):
  File "/home/ubuntu/OpenVoice/job.py", line 334, in <module>
    clone_voice(f"./projects/{i}/{j}")
  File "/home/ubuntu/OpenVoice/job.py", line 201, in clone_voice
    return(convert_color(projectfolder))
  File "/home/ubuntu/OpenVoice/job.py", line 277, in convert_color
    target_se, audio_name = se_extractor.get_se(ref_audio_path, tone_color_converter, vad=False)
  File "/home/ubuntu/OpenVoice/openvoice/se_extractor.py", line 146, in get_se
    wavs_folder = split_audio_whisper(audio_path, target_dir=target_dir, audio_name=audio_name)
  File "/home/ubuntu/OpenVoice/openvoice/se_extractor.py", line 29, in split_audio_whisper
    segments = list(segments)
  File "/home/ubuntu/miniconda3/envs/openvoice/lib/python3.9/site-packages/faster_whisper/transcribe.py", line 433, in generate_segments
    ) = self.generate_with_fallback(encoder_output, prompt, tokenizer, options)
  File "/home/ubuntu/miniconda3/envs/openvoice/lib/python3.9/site-packages/faster_whisper/transcribe.py", line 641, in generate_with_fallback
    result = self.model.generate(
RuntimeError: CUDA failed with error out of memory
Traceback (most recent call last):
  File "/home/ubuntu/OpenVoice/job.py", line 334, in <module>
    clone_voice(f"./projects/{i}/{j}")
  File "/home/ubuntu/OpenVoice/job.py", line 201, in clone_voice
    return(convert_color(projectfolder))
  File "/home/ubuntu/OpenVoice/job.py", line 277, in convert_color
    target_se, audio_name = se_extractor.get_se(ref_audio_path, tone_color_converter, vad=False)
  File "/home/ubuntu/OpenVoice/openvoice/se_extractor.py", line 146, in get_se
    wavs_folder = split_audio_whisper(audio_path, target_dir=target_dir, audio_name=audio_name)
  File "/home/ubuntu/OpenVoice/openvoice/se_extractor.py", line 29, in split_audio_whisper
    segments = list(segments)
  File "/home/ubuntu/miniconda3/envs/openvoice/lib/python3.9/site-packages/faster_whisper/transcribe.py", line 433, in generate_segments
    ) = self.generate_with_fallback(encoder_output, prompt, tokenizer, options)
  File "/home/ubuntu/miniconda3/envs/openvoice/lib/python3.9/site-packages/faster_whisper/transcribe.py", line 641, in generate_with_fallback
    result = self.model.generate(
RuntimeError: CUDA failed with error out of memory
Traceback (most recent call last):
  File "/home/ubuntu/OpenVoice/job.py", line 334, in <module>
    clone_voice(f"./projects/{i}/{j}")
  File "/home/ubuntu/OpenVoice/job.py", line 201, in clone_voice
    return(convert_color(projectfolder))
  File "/home/ubuntu/OpenVoice/job.py", line 277, in convert_color
    target_se, audio_name = se_extractor.get_se(ref_audio_path, tone_color_converter, vad=False)
  File "/home/ubuntu/OpenVoice/openvoice/se_extractor.py", line 146, in get_se
    wavs_folder = split_audio_whisper(audio_path, target_dir=target_dir, audio_name=audio_name)
  File "/home/ubuntu/OpenVoice/openvoice/se_extractor.py", line 29, in split_audio_whisper
    segments = list(segments)
  File "/home/ubuntu/miniconda3/envs/openvoice/lib/python3.9/site-packages/faster_whisper/transcribe.py", line 433, in generate_segments
    ) = self.generate_with_fallback(encoder_output, prompt, tokenizer, options)
  File "/home/ubuntu/miniconda3/envs/openvoice/lib/python3.9/site-packages/faster_whisper/transcribe.py", line 641, in generate_with_fallback
    result = self.model.generate(
RuntimeError: CUDA failed with error out of memory
Traceback (most recent call last):
  File "/home/ubuntu/OpenVoice/job.py", line 334, in <module>
    clone_voice(f"./projects/{i}/{j}")
  File "/home/ubuntu/OpenVoice/job.py", line 201, in clone_voice
    return(convert_color(projectfolder))
  File "/home/ubuntu/OpenVoice/job.py", line 277, in convert_color
    target_se, audio_name = se_extractor.get_se(ref_audio_path, tone_color_converter, vad=False)
  File "/home/ubuntu/OpenVoice/openvoice/se_extractor.py", line 150, in get_se
    raise NotImplementedError('No audio segments found!')
NotImplementedError: No audio segments found!
Traceback (most recent call last):
  File "/home/ubuntu/OpenVoice/job.py", line 334, in <module>
    clone_voice(f"./projects/{i}/{j}")
  File "/home/ubuntu/OpenVoice/job.py", line 201, in clone_voice
    return(convert_color(projectfolder))
  File "/home/ubuntu/OpenVoice/job.py", line 277, in convert_color
    target_se, audio_name = se_extractor.get_se(ref_audio_path, tone_color_converter, vad=False)
  File "/home/ubuntu/OpenVoice/openvoice/se_extractor.py", line 146, in get_se
    wavs_folder = split_audio_whisper(audio_path, target_dir=target_dir, audio_name=audio_name)
  File "/home/ubuntu/OpenVoice/openvoice/se_extractor.py", line 29, in split_audio_whisper
    segments = list(segments)
  File "/home/ubuntu/miniconda3/envs/openvoice/lib/python3.9/site-packages/faster_whisper/transcribe.py", line 433, in generate_segments
    ) = self.generate_with_fallback(encoder_output, prompt, tokenizer, options)
  File "/home/ubuntu/miniconda3/envs/openvoice/lib/python3.9/site-packages/faster_whisper/transcribe.py", line 641, in generate_with_fallback
    result = self.model.generate(
RuntimeError: CUDA failed with error out of memory
Traceback (most recent call last):
  File "/home/ubuntu/OpenVoice/job.py", line 334, in <module>
    clone_voice(f"./projects/{i}/{j}")
  File "/home/ubuntu/OpenVoice/job.py", line 201, in clone_voice
    return(convert_color(projectfolder))
  File "/home/ubuntu/OpenVoice/job.py", line 277, in convert_color
    target_se, audio_name = se_extractor.get_se(ref_audio_path, tone_color_converter, vad=False)
  File "/home/ubuntu/OpenVoice/openvoice/se_extractor.py", line 146, in get_se
    wavs_folder = split_audio_whisper(audio_path, target_dir=target_dir, audio_name=audio_name)
  File "/home/ubuntu/OpenVoice/openvoice/se_extractor.py", line 29, in split_audio_whisper
    segments = list(segments)
  File "/home/ubuntu/miniconda3/envs/openvoice/lib/python3.9/site-packages/faster_whisper/transcribe.py", line 433, in generate_segments
    ) = self.generate_with_fallback(encoder_output, prompt, tokenizer, options)
  File "/home/ubuntu/miniconda3/envs/openvoice/lib/python3.9/site-packages/faster_whisper/transcribe.py", line 641, in generate_with_fallback
    result = self.model.generate(
RuntimeError: CUDA failed with error out of memory
Traceback (most recent call last):
  File "/home/ubuntu/OpenVoice/job.py", line 334, in <module>
    clone_voice(f"./projects/{i}/{j}")
  File "/home/ubuntu/OpenVoice/job.py", line 201, in clone_voice
    return(convert_color(projectfolder))
  File "/home/ubuntu/OpenVoice/job.py", line 277, in convert_color
    target_se, audio_name = se_extractor.get_se(ref_audio_path, tone_color_converter, vad=False)
  File "/home/ubuntu/OpenVoice/openvoice/se_extractor.py", line 150, in get_se
    raise NotImplementedError('No audio segments found!')
NotImplementedError: No audio segments found!
Traceback (most recent call last):
  File "/home/ubuntu/OpenVoice/job.py", line 334, in <module>
    clone_voice(f"./projects/{i}/{j}")
  File "/home/ubuntu/OpenVoice/job.py", line 201, in clone_voice
    return(convert_color(projectfolder))
  File "/home/ubuntu/OpenVoice/job.py", line 277, in convert_color
    target_se, audio_name = se_extractor.get_se(ref_audio_path, tone_color_converter, vad=False)
  File "/home/ubuntu/OpenVoice/openvoice/se_extractor.py", line 150, in get_se
    raise NotImplementedError('No audio segments found!')
NotImplementedError: No audio segments found!
Traceback (most recent call last):
  File "/home/ubuntu/OpenVoice/job.py", line 334, in <module>
    clone_voice(f"./projects/{i}/{j}")
  File "/home/ubuntu/OpenVoice/job.py", line 201, in clone_voice
    return(convert_color(projectfolder))
  File "/home/ubuntu/OpenVoice/job.py", line 277, in convert_color
    target_se, audio_name = se_extractor.get_se(ref_audio_path, tone_color_converter, vad=False)
  File "/home/ubuntu/OpenVoice/openvoice/se_extractor.py", line 150, in get_se
    raise NotImplementedError('No audio segments found!')
NotImplementedError: No audio segments found!
Traceback (most recent call last):
  File "/home/ubuntu/OpenVoice/job.py", line 334, in <module>
    clone_voice(f"./projects/{i}/{j}")
  File "/home/ubuntu/OpenVoice/job.py", line 201, in clone_voice
    return(convert_color(projectfolder))
  File "/home/ubuntu/OpenVoice/job.py", line 277, in convert_color
    target_se, audio_name = se_extractor.get_se(ref_audio_path, tone_color_converter, vad=False)
  File "/home/ubuntu/OpenVoice/openvoice/se_extractor.py", line 146, in get_se
    wavs_folder = split_audio_whisper(audio_path, target_dir=target_dir, audio_name=audio_name)
  File "/home/ubuntu/OpenVoice/openvoice/se_extractor.py", line 29, in split_audio_whisper
    segments = list(segments)
  File "/home/ubuntu/miniconda3/envs/openvoice/lib/python3.9/site-packages/faster_whisper/transcribe.py", line 433, in generate_segments
    ) = self.generate_with_fallback(encoder_output, prompt, tokenizer, options)
  File "/home/ubuntu/miniconda3/envs/openvoice/lib/python3.9/site-packages/faster_whisper/transcribe.py", line 641, in generate_with_fallback
    result = self.model.generate(
RuntimeError: CUDA failed with error out of memory
Traceback (most recent call last):
  File "/home/ubuntu/OpenVoice/job.py", line 334, in <module>
    clone_voice(f"./projects/{i}/{j}")
  File "/home/ubuntu/OpenVoice/job.py", line 201, in clone_voice
    return(convert_color(projectfolder))
  File "/home/ubuntu/OpenVoice/job.py", line 277, in convert_color
    target_se, audio_name = se_extractor.get_se(ref_audio_path, tone_color_converter, vad=False)
  File "/home/ubuntu/OpenVoice/openvoice/se_extractor.py", line 146, in get_se
    wavs_folder = split_audio_whisper(audio_path, target_dir=target_dir, audio_name=audio_name)
  File "/home/ubuntu/OpenVoice/openvoice/se_extractor.py", line 29, in split_audio_whisper
    segments = list(segments)
  File "/home/ubuntu/miniconda3/envs/openvoice/lib/python3.9/site-packages/faster_whisper/transcribe.py", line 433, in generate_segments
    ) = self.generate_with_fallback(encoder_output, prompt, tokenizer, options)
  File "/home/ubuntu/miniconda3/envs/openvoice/lib/python3.9/site-packages/faster_whisper/transcribe.py", line 641, in generate_with_fallback
    result = self.model.generate(
RuntimeError: CUDA failed with error out of memory
Traceback (most recent call last):
  File "/home/ubuntu/OpenVoice/job.py", line 334, in <module>
    clone_voice(f"./projects/{i}/{j}")
  File "/home/ubuntu/OpenVoice/job.py", line 201, in clone_voice
    return(convert_color(projectfolder))
  File "/home/ubuntu/OpenVoice/job.py", line 277, in convert_color
    target_se, audio_name = se_extractor.get_se(ref_audio_path, tone_color_converter, vad=False)
  File "/home/ubuntu/OpenVoice/openvoice/se_extractor.py", line 150, in get_se
    raise NotImplementedError('No audio segments found!')
NotImplementedError: No audio segments found!
Traceback (most recent call last):
  File "/home/ubuntu/OpenVoice/job.py", line 334, in <module>
    clone_voice(f"./projects/{i}/{j}")
  File "/home/ubuntu/OpenVoice/job.py", line 201, in clone_voice
    return(convert_color(projectfolder))
  File "/home/ubuntu/OpenVoice/job.py", line 277, in convert_color
    target_se, audio_name = se_extractor.get_se(ref_audio_path, tone_color_converter, vad=False)
  File "/home/ubuntu/OpenVoice/openvoice/se_extractor.py", line 146, in get_se
    wavs_folder = split_audio_whisper(audio_path, target_dir=target_dir, audio_name=audio_name)
  File "/home/ubuntu/OpenVoice/openvoice/se_extractor.py", line 29, in split_audio_whisper
    segments = list(segments)
  File "/home/ubuntu/miniconda3/envs/openvoice/lib/python3.9/site-packages/faster_whisper/transcribe.py", line 433, in generate_segments
    ) = self.generate_with_fallback(encoder_output, prompt, tokenizer, options)
  File "/home/ubuntu/miniconda3/envs/openvoice/lib/python3.9/site-packages/faster_whisper/transcribe.py", line 641, in generate_with_fallback
    result = self.model.generate(
RuntimeError: CUDA failed with error out of memory
Traceback (most recent call last):
  File "/home/ubuntu/OpenVoice/job.py", line 334, in <module>
    clone_voice(f"./projects/{i}/{j}")
  File "/home/ubuntu/OpenVoice/job.py", line 201, in clone_voice
    return(convert_color(projectfolder))
  File "/home/ubuntu/OpenVoice/job.py", line 277, in convert_color
    target_se, audio_name = se_extractor.get_se(ref_audio_path, tone_color_converter, vad=False)
  File "/home/ubuntu/OpenVoice/openvoice/se_extractor.py", line 150, in get_se
    raise NotImplementedError('No audio segments found!')
NotImplementedError: No audio segments found!
Traceback (most recent call last):
  File "/home/ubuntu/OpenVoice/job.py", line 334, in <module>
    clone_voice(f"./projects/{i}/{j}")
  File "/home/ubuntu/OpenVoice/job.py", line 201, in clone_voice
    return(convert_color(projectfolder))
  File "/home/ubuntu/OpenVoice/job.py", line 277, in convert_color
    target_se, audio_name = se_extractor.get_se(ref_audio_path, tone_color_converter, vad=False)
  File "/home/ubuntu/OpenVoice/openvoice/se_extractor.py", line 146, in get_se
    wavs_folder = split_audio_whisper(audio_path, target_dir=target_dir, audio_name=audio_name)
  File "/home/ubuntu/OpenVoice/openvoice/se_extractor.py", line 29, in split_audio_whisper
    segments = list(segments)
  File "/home/ubuntu/miniconda3/envs/openvoice/lib/python3.9/site-packages/faster_whisper/transcribe.py", line 433, in generate_segments
    ) = self.generate_with_fallback(encoder_output, prompt, tokenizer, options)
  File "/home/ubuntu/miniconda3/envs/openvoice/lib/python3.9/site-packages/faster_whisper/transcribe.py", line 641, in generate_with_fallback
    result = self.model.generate(
RuntimeError: CUDA failed with error out of memory
Traceback (most recent call last):
  File "/home/ubuntu/OpenVoice/job.py", line 334, in <module>
    clone_voice(f"./projects/{i}/{j}")
  File "/home/ubuntu/OpenVoice/job.py", line 201, in clone_voice
    return(convert_color(projectfolder))
  File "/home/ubuntu/OpenVoice/job.py", line 277, in convert_color
    target_se, audio_name = se_extractor.get_se(ref_audio_path, tone_color_converter, vad=False)
  File "/home/ubuntu/OpenVoice/openvoice/se_extractor.py", line 146, in get_se
    wavs_folder = split_audio_whisper(audio_path, target_dir=target_dir, audio_name=audio_name)
  File "/home/ubuntu/OpenVoice/openvoice/se_extractor.py", line 29, in split_audio_whisper
    segments = list(segments)
  File "/home/ubuntu/miniconda3/envs/openvoice/lib/python3.9/site-packages/faster_whisper/transcribe.py", line 433, in generate_segments
    ) = self.generate_with_fallback(encoder_output, prompt, tokenizer, options)
  File "/home/ubuntu/miniconda3/envs/openvoice/lib/python3.9/site-packages/faster_whisper/transcribe.py", line 641, in generate_with_fallback
    result = self.model.generate(
RuntimeError: CUDA failed with error out of memory
Traceback (most recent call last):
  File "/home/ubuntu/OpenVoice/job.py", line 334, in <module>
    clone_voice(f"./projects/{i}/{j}")
  File "/home/ubuntu/OpenVoice/job.py", line 201, in clone_voice
    return(convert_color(projectfolder))
  File "/home/ubuntu/OpenVoice/job.py", line 277, in convert_color
    target_se, audio_name = se_extractor.get_se(ref_audio_path, tone_color_converter, vad=False)
  File "/home/ubuntu/OpenVoice/openvoice/se_extractor.py", line 150, in get_se
    raise NotImplementedError('No audio segments found!')
NotImplementedError: No audio segments found!
Traceback (most recent call last):
  File "/home/ubuntu/OpenVoice/job.py", line 334, in <module>
    clone_voice(f"./projects/{i}/{j}")
  File "/home/ubuntu/OpenVoice/job.py", line 201, in clone_voice
    return(convert_color(projectfolder))
  File "/home/ubuntu/OpenVoice/job.py", line 277, in convert_color
    target_se, audio_name = se_extractor.get_se(ref_audio_path, tone_color_converter, vad=False)
  File "/home/ubuntu/OpenVoice/openvoice/se_extractor.py", line 146, in get_se
    wavs_folder = split_audio_whisper(audio_path, target_dir=target_dir, audio_name=audio_name)
  File "/home/ubuntu/OpenVoice/openvoice/se_extractor.py", line 29, in split_audio_whisper
    segments = list(segments)
  File "/home/ubuntu/miniconda3/envs/openvoice/lib/python3.9/site-packages/faster_whisper/transcribe.py", line 433, in generate_segments
    ) = self.generate_with_fallback(encoder_output, prompt, tokenizer, options)
  File "/home/ubuntu/miniconda3/envs/openvoice/lib/python3.9/site-packages/faster_whisper/transcribe.py", line 641, in generate_with_fallback
    result = self.model.generate(
RuntimeError: CUDA failed with error out of memory
Traceback (most recent call last):
  File "/home/ubuntu/OpenVoice/job.py", line 334, in <module>
    clone_voice(f"./projects/{i}/{j}")
  File "/home/ubuntu/OpenVoice/job.py", line 201, in clone_voice
    return(convert_color(projectfolder))
  File "/home/ubuntu/OpenVoice/job.py", line 277, in convert_color
    target_se, audio_name = se_extractor.get_se(ref_audio_path, tone_color_converter, vad=False)
  File "/home/ubuntu/OpenVoice/openvoice/se_extractor.py", line 146, in get_se
    wavs_folder = split_audio_whisper(audio_path, target_dir=target_dir, audio_name=audio_name)
  File "/home/ubuntu/OpenVoice/openvoice/se_extractor.py", line 29, in split_audio_whisper
    segments = list(segments)
  File "/home/ubuntu/miniconda3/envs/openvoice/lib/python3.9/site-packages/faster_whisper/transcribe.py", line 433, in generate_segments
    ) = self.generate_with_fallback(encoder_output, prompt, tokenizer, options)
  File "/home/ubuntu/miniconda3/envs/openvoice/lib/python3.9/site-packages/faster_whisper/transcribe.py", line 641, in generate_with_fallback
    result = self.model.generate(
RuntimeError: CUDA failed with error out of memory
Traceback (most recent call last):
  File "/home/ubuntu/OpenVoice/job.py", line 334, in <module>
    clone_voice(f"./projects/{i}/{j}")
  File "/home/ubuntu/OpenVoice/job.py", line 201, in clone_voice
    return(convert_color(projectfolder))
  File "/home/ubuntu/OpenVoice/job.py", line 277, in convert_color
    target_se, audio_name = se_extractor.get_se(ref_audio_path, tone_color_converter, vad=False)
  File "/home/ubuntu/OpenVoice/openvoice/se_extractor.py", line 146, in get_se
    wavs_folder = split_audio_whisper(audio_path, target_dir=target_dir, audio_name=audio_name)
  File "/home/ubuntu/OpenVoice/openvoice/se_extractor.py", line 29, in split_audio_whisper
    segments = list(segments)
  File "/home/ubuntu/miniconda3/envs/openvoice/lib/python3.9/site-packages/faster_whisper/transcribe.py", line 433, in generate_segments
    ) = self.generate_with_fallback(encoder_output, prompt, tokenizer, options)
  File "/home/ubuntu/miniconda3/envs/openvoice/lib/python3.9/site-packages/faster_whisper/transcribe.py", line 641, in generate_with_fallback
    result = self.model.generate(
RuntimeError: CUDA failed with error out of memory
Traceback (most recent call last):
  File "/home/ubuntu/OpenVoice/job.py", line 334, in <module>
    clone_voice(f"./projects/{i}/{j}")
  File "/home/ubuntu/OpenVoice/job.py", line 201, in clone_voice
    return(convert_color(projectfolder))
  File "/home/ubuntu/OpenVoice/job.py", line 277, in convert_color
    target_se, audio_name = se_extractor.get_se(ref_audio_path, tone_color_converter, vad=False)
  File "/home/ubuntu/OpenVoice/openvoice/se_extractor.py", line 146, in get_se
    wavs_folder = split_audio_whisper(audio_path, target_dir=target_dir, audio_name=audio_name)
  File "/home/ubuntu/OpenVoice/openvoice/se_extractor.py", line 29, in split_audio_whisper
    segments = list(segments)
  File "/home/ubuntu/miniconda3/envs/openvoice/lib/python3.9/site-packages/faster_whisper/transcribe.py", line 433, in generate_segments
    ) = self.generate_with_fallback(encoder_output, prompt, tokenizer, options)
  File "/home/ubuntu/miniconda3/envs/openvoice/lib/python3.9/site-packages/faster_whisper/transcribe.py", line 641, in generate_with_fallback
    result = self.model.generate(
RuntimeError: CUDA failed with error out of memory
Traceback (most recent call last):
  File "/home/ubuntu/OpenVoice/job.py", line 334, in <module>
    clone_voice(f"./projects/{i}/{j}")
  File "/home/ubuntu/OpenVoice/job.py", line 201, in clone_voice
    return(convert_color(projectfolder))
  File "/home/ubuntu/OpenVoice/job.py", line 277, in convert_color
    target_se, audio_name = se_extractor.get_se(ref_audio_path, tone_color_converter, vad=False)
  File "/home/ubuntu/OpenVoice/openvoice/se_extractor.py", line 146, in get_se
    wavs_folder = split_audio_whisper(audio_path, target_dir=target_dir, audio_name=audio_name)
  File "/home/ubuntu/OpenVoice/openvoice/se_extractor.py", line 29, in split_audio_whisper
    segments = list(segments)
  File "/home/ubuntu/miniconda3/envs/openvoice/lib/python3.9/site-packages/faster_whisper/transcribe.py", line 433, in generate_segments
    ) = self.generate_with_fallback(encoder_output, prompt, tokenizer, options)
  File "/home/ubuntu/miniconda3/envs/openvoice/lib/python3.9/site-packages/faster_whisper/transcribe.py", line 641, in generate_with_fallback
    result = self.model.generate(
RuntimeError: CUDA failed with error out of memory
Traceback (most recent call last):
  File "/home/ubuntu/OpenVoice/job.py", line 334, in <module>
    clone_voice(f"./projects/{i}/{j}")
  File "/home/ubuntu/OpenVoice/job.py", line 201, in clone_voice
    return(convert_color(projectfolder))
  File "/home/ubuntu/OpenVoice/job.py", line 277, in convert_color
    target_se, audio_name = se_extractor.get_se(ref_audio_path, tone_color_converter, vad=False)
  File "/home/ubuntu/OpenVoice/openvoice/se_extractor.py", line 146, in get_se
    wavs_folder = split_audio_whisper(audio_path, target_dir=target_dir, audio_name=audio_name)
  File "/home/ubuntu/OpenVoice/openvoice/se_extractor.py", line 29, in split_audio_whisper
    segments = list(segments)
  File "/home/ubuntu/miniconda3/envs/openvoice/lib/python3.9/site-packages/faster_whisper/transcribe.py", line 433, in generate_segments
    ) = self.generate_with_fallback(encoder_output, prompt, tokenizer, options)
  File "/home/ubuntu/miniconda3/envs/openvoice/lib/python3.9/site-packages/faster_whisper/transcribe.py", line 641, in generate_with_fallback
    result = self.model.generate(
RuntimeError: CUDA failed with error out of memory
Traceback (most recent call last):
  File "/home/ubuntu/miniconda3/envs/openvoice/lib/python3.9/site-packages/librosa/core/audio.py", line 155, in load
    context = sf.SoundFile(path)
  File "/home/ubuntu/miniconda3/envs/openvoice/lib/python3.9/site-packages/soundfile.py", line 658, in __init__
    self._file = self._open(file, mode_int, closefd)
  File "/home/ubuntu/miniconda3/envs/openvoice/lib/python3.9/site-packages/soundfile.py", line 1216, in _open
    raise LibsndfileError(err, prefix="Error opening {0!r}: ".format(self.name))
soundfile.LibsndfileError: Error opening './projects/cc4f637f-4bb3-4420-82cf-efad478db092/0/3_clone_Instant#ta-IN-ValluvarNeural.mp3': File does not exist or is not a regular file (possibly a pipe?).

During handling of the above exception, another exception occurred:

Traceback (most recent call last):
  File "/home/ubuntu/OpenVoice/job.py", line 334, in <module>
    clone_voice(f"./projects/{i}/{j}")
  File "/home/ubuntu/OpenVoice/job.py", line 201, in clone_voice
    return(convert_color(projectfolder))
  File "/home/ubuntu/OpenVoice/job.py", line 314, in convert_color
    tone_color_converter.convert(
  File "/home/ubuntu/OpenVoice/openvoice/api.py", line 144, in convert
    audio, sample_rate = librosa.load(audio_src_path, sr=hps.data.sampling_rate)
  File "/home/ubuntu/miniconda3/envs/openvoice/lib/python3.9/site-packages/librosa/util/decorators.py", line 88, in inner_f
    return f(*args, **kwargs)
  File "/home/ubuntu/miniconda3/envs/openvoice/lib/python3.9/site-packages/librosa/core/audio.py", line 174, in load
    y, sr_native = __audioread_load(path, offset, duration, dtype)
  File "/home/ubuntu/miniconda3/envs/openvoice/lib/python3.9/site-packages/librosa/core/audio.py", line 198, in __audioread_load
    with audioread.audio_open(path) as input_file:
  File "/home/ubuntu/miniconda3/envs/openvoice/lib/python3.9/site-packages/audioread/__init__.py", line 127, in audio_open
    return BackendClass(path)
  File "/home/ubuntu/miniconda3/envs/openvoice/lib/python3.9/site-packages/audioread/rawread.py", line 62, in __init__
    self._file = aifc.open(self._fh)
  File "/home/ubuntu/miniconda3/envs/openvoice/lib/python3.9/aifc.py", line 917, in open
    return Aifc_read(f)
  File "/home/ubuntu/miniconda3/envs/openvoice/lib/python3.9/aifc.py", line 358, in __init__
    self.initfp(f)
  File "/home/ubuntu/miniconda3/envs/openvoice/lib/python3.9/aifc.py", line 314, in initfp
    chunk = Chunk(file)
  File "/home/ubuntu/miniconda3/envs/openvoice/lib/python3.9/chunk.py", line 63, in __init__
    raise EOFError
EOFError
Traceback (most recent call last):
  File "/home/ubuntu/OpenVoice/job.py", line 334, in <module>
    clone_voice(f"./projects/{i}/{j}")
  File "/home/ubuntu/OpenVoice/job.py", line 201, in clone_voice
    return(convert_color(projectfolder))
  File "/home/ubuntu/OpenVoice/job.py", line 277, in convert_color
    target_se, audio_name = se_extractor.get_se(ref_audio_path, tone_color_converter, vad=False)
  File "/home/ubuntu/OpenVoice/openvoice/se_extractor.py", line 146, in get_se
    wavs_folder = split_audio_whisper(audio_path, target_dir=target_dir, audio_name=audio_name)
  File "/home/ubuntu/OpenVoice/openvoice/se_extractor.py", line 29, in split_audio_whisper
    segments = list(segments)
  File "/home/ubuntu/miniconda3/envs/openvoice/lib/python3.9/site-packages/faster_whisper/transcribe.py", line 433, in generate_segments
    ) = self.generate_with_fallback(encoder_output, prompt, tokenizer, options)
  File "/home/ubuntu/miniconda3/envs/openvoice/lib/python3.9/site-packages/faster_whisper/transcribe.py", line 641, in generate_with_fallback
    result = self.model.generate(
RuntimeError: CUDA failed with error out of memory
Traceback (most recent call last):
  File "/home/ubuntu/OpenVoice/job.py", line 334, in <module>
    clone_voice(f"./projects/{i}/{j}")
  File "/home/ubuntu/OpenVoice/job.py", line 201, in clone_voice
    return(convert_color(projectfolder))
  File "/home/ubuntu/OpenVoice/job.py", line 277, in convert_color
    target_se, audio_name = se_extractor.get_se(ref_audio_path, tone_color_converter, vad=False)
  File "/home/ubuntu/OpenVoice/openvoice/se_extractor.py", line 146, in get_se
    wavs_folder = split_audio_whisper(audio_path, target_dir=target_dir, audio_name=audio_name)
  File "/home/ubuntu/OpenVoice/openvoice/se_extractor.py", line 29, in split_audio_whisper
    segments = list(segments)
  File "/home/ubuntu/miniconda3/envs/openvoice/lib/python3.9/site-packages/faster_whisper/transcribe.py", line 433, in generate_segments
    ) = self.generate_with_fallback(encoder_output, prompt, tokenizer, options)
  File "/home/ubuntu/miniconda3/envs/openvoice/lib/python3.9/site-packages/faster_whisper/transcribe.py", line 641, in generate_with_fallback
    result = self.model.generate(
RuntimeError: CUDA failed with error out of memory
Traceback (most recent call last):
  File "/home/ubuntu/OpenVoice/job.py", line 334, in <module>
    clone_voice(f"./projects/{i}/{j}")
  File "/home/ubuntu/OpenVoice/job.py", line 201, in clone_voice
    return(convert_color(projectfolder))
  File "/home/ubuntu/OpenVoice/job.py", line 277, in convert_color
    target_se, audio_name = se_extractor.get_se(ref_audio_path, tone_color_converter, vad=False)
  File "/home/ubuntu/OpenVoice/openvoice/se_extractor.py", line 146, in get_se
    wavs_folder = split_audio_whisper(audio_path, target_dir=target_dir, audio_name=audio_name)
  File "/home/ubuntu/OpenVoice/openvoice/se_extractor.py", line 29, in split_audio_whisper
    segments = list(segments)
  File "/home/ubuntu/miniconda3/envs/openvoice/lib/python3.9/site-packages/faster_whisper/transcribe.py", line 433, in generate_segments
    ) = self.generate_with_fallback(encoder_output, prompt, tokenizer, options)
  File "/home/ubuntu/miniconda3/envs/openvoice/lib/python3.9/site-packages/faster_whisper/transcribe.py", line 641, in generate_with_fallback
    result = self.model.generate(
RuntimeError: CUDA failed with error out of memory
Traceback (most recent call last):
  File "/home/ubuntu/OpenVoice/job.py", line 334, in <module>
    clone_voice(f"./projects/{i}/{j}")
  File "/home/ubuntu/OpenVoice/job.py", line 201, in clone_voice
    return(convert_color(projectfolder))
  File "/home/ubuntu/OpenVoice/job.py", line 277, in convert_color
    target_se, audio_name = se_extractor.get_se(ref_audio_path, tone_color_converter, vad=False)
  File "/home/ubuntu/OpenVoice/openvoice/se_extractor.py", line 146, in get_se
    wavs_folder = split_audio_whisper(audio_path, target_dir=target_dir, audio_name=audio_name)
  File "/home/ubuntu/OpenVoice/openvoice/se_extractor.py", line 29, in split_audio_whisper
    segments = list(segments)
  File "/home/ubuntu/miniconda3/envs/openvoice/lib/python3.9/site-packages/faster_whisper/transcribe.py", line 433, in generate_segments
    ) = self.generate_with_fallback(encoder_output, prompt, tokenizer, options)
  File "/home/ubuntu/miniconda3/envs/openvoice/lib/python3.9/site-packages/faster_whisper/transcribe.py", line 641, in generate_with_fallback
    result = self.model.generate(
RuntimeError: CUDA failed with error out of memory
Traceback (most recent call last):
  File "/home/ubuntu/OpenVoice/job.py", line 334, in <module>
    clone_voice(f"./projects/{i}/{j}")
  File "/home/ubuntu/OpenVoice/job.py", line 201, in clone_voice
    return(convert_color(projectfolder))
  File "/home/ubuntu/OpenVoice/job.py", line 277, in convert_color
    target_se, audio_name = se_extractor.get_se(ref_audio_path, tone_color_converter, vad=False)
  File "/home/ubuntu/OpenVoice/openvoice/se_extractor.py", line 150, in get_se
    raise NotImplementedError('No audio segments found!')
NotImplementedError: No audio segments found!
Traceback (most recent call last):
  File "/home/ubuntu/OpenVoice/job.py", line 334, in <module>
    clone_voice(f"./projects/{i}/{j}")
  File "/home/ubuntu/OpenVoice/job.py", line 201, in clone_voice
    return(convert_color(projectfolder))
  File "/home/ubuntu/OpenVoice/job.py", line 277, in convert_color
    target_se, audio_name = se_extractor.get_se(ref_audio_path, tone_color_converter, vad=False)
  File "/home/ubuntu/OpenVoice/openvoice/se_extractor.py", line 150, in get_se
    raise NotImplementedError('No audio segments found!')
NotImplementedError: No audio segments found!
Traceback (most recent call last):
  File "/home/ubuntu/OpenVoice/job.py", line 334, in <module>
    clone_voice(f"./projects/{i}/{j}")
  File "/home/ubuntu/OpenVoice/job.py", line 201, in clone_voice
    return(convert_color(projectfolder))
  File "/home/ubuntu/OpenVoice/job.py", line 277, in convert_color
    target_se, audio_name = se_extractor.get_se(ref_audio_path, tone_color_converter, vad=False)
  File "/home/ubuntu/OpenVoice/openvoice/se_extractor.py", line 150, in get_se
    raise NotImplementedError('No audio segments found!')
NotImplementedError: No audio segments found!
Traceback (most recent call last):
  File "/home/ubuntu/OpenVoice/job.py", line 334, in <module>
    clone_voice(f"./projects/{i}/{j}")
  File "/home/ubuntu/OpenVoice/job.py", line 201, in clone_voice
    return(convert_color(projectfolder))
  File "/home/ubuntu/OpenVoice/job.py", line 277, in convert_color
    target_se, audio_name = se_extractor.get_se(ref_audio_path, tone_color_converter, vad=False)
  File "/home/ubuntu/OpenVoice/openvoice/se_extractor.py", line 146, in get_se
    wavs_folder = split_audio_whisper(audio_path, target_dir=target_dir, audio_name=audio_name)
  File "/home/ubuntu/OpenVoice/openvoice/se_extractor.py", line 29, in split_audio_whisper
    segments = list(segments)
  File "/home/ubuntu/miniconda3/envs/openvoice/lib/python3.9/site-packages/faster_whisper/transcribe.py", line 433, in generate_segments
    ) = self.generate_with_fallback(encoder_output, prompt, tokenizer, options)
  File "/home/ubuntu/miniconda3/envs/openvoice/lib/python3.9/site-packages/faster_whisper/transcribe.py", line 641, in generate_with_fallback
    result = self.model.generate(
RuntimeError: CUDA failed with error out of memory
Traceback (most recent call last):
  File "/home/ubuntu/OpenVoice/job.py", line 334, in <module>
    clone_voice(f"./projects/{i}/{j}")
  File "/home/ubuntu/OpenVoice/job.py", line 201, in clone_voice
    return(convert_color(projectfolder))
  File "/home/ubuntu/OpenVoice/job.py", line 277, in convert_color
    target_se, audio_name = se_extractor.get_se(ref_audio_path, tone_color_converter, vad=False)
  File "/home/ubuntu/OpenVoice/openvoice/se_extractor.py", line 146, in get_se
    wavs_folder = split_audio_whisper(audio_path, target_dir=target_dir, audio_name=audio_name)
  File "/home/ubuntu/OpenVoice/openvoice/se_extractor.py", line 29, in split_audio_whisper
    segments = list(segments)
  File "/home/ubuntu/miniconda3/envs/openvoice/lib/python3.9/site-packages/faster_whisper/transcribe.py", line 433, in generate_segments
    ) = self.generate_with_fallback(encoder_output, prompt, tokenizer, options)
  File "/home/ubuntu/miniconda3/envs/openvoice/lib/python3.9/site-packages/faster_whisper/transcribe.py", line 641, in generate_with_fallback
    result = self.model.generate(
RuntimeError: CUDA failed with error out of memory
Traceback (most recent call last):
  File "/home/ubuntu/OpenVoice/job.py", line 334, in <module>
    clone_voice(f"./projects/{i}/{j}")
  File "/home/ubuntu/OpenVoice/job.py", line 201, in clone_voice
    return(convert_color(projectfolder))
  File "/home/ubuntu/OpenVoice/job.py", line 277, in convert_color
    target_se, audio_name = se_extractor.get_se(ref_audio_path, tone_color_converter, vad=False)
  File "/home/ubuntu/OpenVoice/openvoice/se_extractor.py", line 150, in get_se
    raise NotImplementedError('No audio segments found!')
NotImplementedError: No audio segments found!
Traceback (most recent call last):
  File "/home/ubuntu/OpenVoice/job.py", line 334, in <module>
    clone_voice(f"./projects/{i}/{j}")
  File "/home/ubuntu/OpenVoice/job.py", line 201, in clone_voice
    return(convert_color(projectfolder))
  File "/home/ubuntu/OpenVoice/job.py", line 277, in convert_color
    target_se, audio_name = se_extractor.get_se(ref_audio_path, tone_color_converter, vad=False)
  File "/home/ubuntu/OpenVoice/openvoice/se_extractor.py", line 150, in get_se
    raise NotImplementedError('No audio segments found!')
NotImplementedError: No audio segments found!
Traceback (most recent call last):
  File "/home/ubuntu/OpenVoice/job.py", line 334, in <module>
    clone_voice(f"./projects/{i}/{j}")
  File "/home/ubuntu/OpenVoice/job.py", line 201, in clone_voice
    return(convert_color(projectfolder))
  File "/home/ubuntu/OpenVoice/job.py", line 277, in convert_color
    target_se, audio_name = se_extractor.get_se(ref_audio_path, tone_color_converter, vad=False)
  File "/home/ubuntu/OpenVoice/openvoice/se_extractor.py", line 146, in get_se
    wavs_folder = split_audio_whisper(audio_path, target_dir=target_dir, audio_name=audio_name)
  File "/home/ubuntu/OpenVoice/openvoice/se_extractor.py", line 29, in split_audio_whisper
    segments = list(segments)
  File "/home/ubuntu/miniconda3/envs/openvoice/lib/python3.9/site-packages/faster_whisper/transcribe.py", line 433, in generate_segments
    ) = self.generate_with_fallback(encoder_output, prompt, tokenizer, options)
  File "/home/ubuntu/miniconda3/envs/openvoice/lib/python3.9/site-packages/faster_whisper/transcribe.py", line 641, in generate_with_fallback
    result = self.model.generate(
RuntimeError: CUDA failed with error out of memory
Traceback (most recent call last):
  File "/home/ubuntu/OpenVoice/job.py", line 334, in <module>
    clone_voice(f"./projects/{i}/{j}")
  File "/home/ubuntu/OpenVoice/job.py", line 201, in clone_voice
    return(convert_color(projectfolder))
  File "/home/ubuntu/OpenVoice/job.py", line 277, in convert_color
    target_se, audio_name = se_extractor.get_se(ref_audio_path, tone_color_converter, vad=False)
  File "/home/ubuntu/OpenVoice/openvoice/se_extractor.py", line 150, in get_se
    raise NotImplementedError('No audio segments found!')
NotImplementedError: No audio segments found!
Traceback (most recent call last):
  File "/home/ubuntu/OpenVoice/job.py", line 334, in <module>
    clone_voice(f"./projects/{i}/{j}")
  File "/home/ubuntu/OpenVoice/job.py", line 201, in clone_voice
    return(convert_color(projectfolder))
  File "/home/ubuntu/OpenVoice/job.py", line 277, in convert_color
    target_se, audio_name = se_extractor.get_se(ref_audio_path, tone_color_converter, vad=False)
  File "/home/ubuntu/OpenVoice/openvoice/se_extractor.py", line 146, in get_se
    wavs_folder = split_audio_whisper(audio_path, target_dir=target_dir, audio_name=audio_name)
  File "/home/ubuntu/OpenVoice/openvoice/se_extractor.py", line 29, in split_audio_whisper
    segments = list(segments)
  File "/home/ubuntu/miniconda3/envs/openvoice/lib/python3.9/site-packages/faster_whisper/transcribe.py", line 433, in generate_segments
    ) = self.generate_with_fallback(encoder_output, prompt, tokenizer, options)
  File "/home/ubuntu/miniconda3/envs/openvoice/lib/python3.9/site-packages/faster_whisper/transcribe.py", line 641, in generate_with_fallback
    result = self.model.generate(
RuntimeError: CUDA failed with error out of memory
Traceback (most recent call last):
  File "/home/ubuntu/OpenVoice/job.py", line 334, in <module>
    clone_voice(f"./projects/{i}/{j}")
  File "/home/ubuntu/OpenVoice/job.py", line 201, in clone_voice
    return(convert_color(projectfolder))
  File "/home/ubuntu/OpenVoice/job.py", line 277, in convert_color
    target_se, audio_name = se_extractor.get_se(ref_audio_path, tone_color_converter, vad=False)
  File "/home/ubuntu/OpenVoice/openvoice/se_extractor.py", line 146, in get_se
    wavs_folder = split_audio_whisper(audio_path, target_dir=target_dir, audio_name=audio_name)
  File "/home/ubuntu/OpenVoice/openvoice/se_extractor.py", line 29, in split_audio_whisper
    segments = list(segments)
  File "/home/ubuntu/miniconda3/envs/openvoice/lib/python3.9/site-packages/faster_whisper/transcribe.py", line 433, in generate_segments
    ) = self.generate_with_fallback(encoder_output, prompt, tokenizer, options)
  File "/home/ubuntu/miniconda3/envs/openvoice/lib/python3.9/site-packages/faster_whisper/transcribe.py", line 641, in generate_with_fallback
    result = self.model.generate(
RuntimeError: CUDA failed with error out of memory
Traceback (most recent call last):
  File "/home/ubuntu/OpenVoice/job.py", line 334, in <module>
    clone_voice(f"./projects/{i}/{j}")
  File "/home/ubuntu/OpenVoice/job.py", line 201, in clone_voice
    return(convert_color(projectfolder))
  File "/home/ubuntu/OpenVoice/job.py", line 277, in convert_color
    target_se, audio_name = se_extractor.get_se(ref_audio_path, tone_color_converter, vad=False)
  File "/home/ubuntu/OpenVoice/openvoice/se_extractor.py", line 146, in get_se
    wavs_folder = split_audio_whisper(audio_path, target_dir=target_dir, audio_name=audio_name)
  File "/home/ubuntu/OpenVoice/openvoice/se_extractor.py", line 29, in split_audio_whisper
    segments = list(segments)
  File "/home/ubuntu/miniconda3/envs/openvoice/lib/python3.9/site-packages/faster_whisper/transcribe.py", line 433, in generate_segments
    ) = self.generate_with_fallback(encoder_output, prompt, tokenizer, options)
  File "/home/ubuntu/miniconda3/envs/openvoice/lib/python3.9/site-packages/faster_whisper/transcribe.py", line 641, in generate_with_fallback
    result = self.model.generate(
RuntimeError: CUDA failed with error out of memory
Traceback (most recent call last):
  File "/home/ubuntu/OpenVoice/job.py", line 334, in <module>
    clone_voice(f"./projects/{i}/{j}")
  File "/home/ubuntu/OpenVoice/job.py", line 201, in clone_voice
    return(convert_color(projectfolder))
  File "/home/ubuntu/OpenVoice/job.py", line 277, in convert_color
    target_se, audio_name = se_extractor.get_se(ref_audio_path, tone_color_converter, vad=False)
  File "/home/ubuntu/OpenVoice/openvoice/se_extractor.py", line 150, in get_se
    raise NotImplementedError('No audio segments found!')
NotImplementedError: No audio segments found!
Traceback (most recent call last):
  File "/home/ubuntu/OpenVoice/job.py", line 334, in <module>
    clone_voice(f"./projects/{i}/{j}")
  File "/home/ubuntu/OpenVoice/job.py", line 201, in clone_voice
    return(convert_color(projectfolder))
  File "/home/ubuntu/OpenVoice/job.py", line 277, in convert_color
    target_se, audio_name = se_extractor.get_se(ref_audio_path, tone_color_converter, vad=False)
  File "/home/ubuntu/OpenVoice/openvoice/se_extractor.py", line 146, in get_se
    wavs_folder = split_audio_whisper(audio_path, target_dir=target_dir, audio_name=audio_name)
  File "/home/ubuntu/OpenVoice/openvoice/se_extractor.py", line 29, in split_audio_whisper
    segments = list(segments)
  File "/home/ubuntu/miniconda3/envs/openvoice/lib/python3.9/site-packages/faster_whisper/transcribe.py", line 433, in generate_segments
    ) = self.generate_with_fallback(encoder_output, prompt, tokenizer, options)
  File "/home/ubuntu/miniconda3/envs/openvoice/lib/python3.9/site-packages/faster_whisper/transcribe.py", line 641, in generate_with_fallback
    result = self.model.generate(
RuntimeError: CUDA failed with error out of memory
Traceback (most recent call last):
  File "/home/ubuntu/OpenVoice/job.py", line 334, in <module>
    clone_voice(f"./projects/{i}/{j}")
  File "/home/ubuntu/OpenVoice/job.py", line 201, in clone_voice
    return(convert_color(projectfolder))
  File "/home/ubuntu/OpenVoice/job.py", line 277, in convert_color
    target_se, audio_name = se_extractor.get_se(ref_audio_path, tone_color_converter, vad=False)
  File "/home/ubuntu/OpenVoice/openvoice/se_extractor.py", line 146, in get_se
    wavs_folder = split_audio_whisper(audio_path, target_dir=target_dir, audio_name=audio_name)
  File "/home/ubuntu/OpenVoice/openvoice/se_extractor.py", line 29, in split_audio_whisper
    segments = list(segments)
  File "/home/ubuntu/miniconda3/envs/openvoice/lib/python3.9/site-packages/faster_whisper/transcribe.py", line 433, in generate_segments
    ) = self.generate_with_fallback(encoder_output, prompt, tokenizer, options)
  File "/home/ubuntu/miniconda3/envs/openvoice/lib/python3.9/site-packages/faster_whisper/transcribe.py", line 641, in generate_with_fallback
    result = self.model.generate(
RuntimeError: CUDA failed with error out of memory
Traceback (most recent call last):
  File "/home/ubuntu/OpenVoice/job.py", line 334, in <module>
    clone_voice(f"./projects/{i}/{j}")
  File "/home/ubuntu/OpenVoice/job.py", line 201, in clone_voice
    return(convert_color(projectfolder))
  File "/home/ubuntu/OpenVoice/job.py", line 277, in convert_color
    target_se, audio_name = se_extractor.get_se(ref_audio_path, tone_color_converter, vad=False)
  File "/home/ubuntu/OpenVoice/openvoice/se_extractor.py", line 150, in get_se
    raise NotImplementedError('No audio segments found!')
NotImplementedError: No audio segments found!
Traceback (most recent call last):
  File "/home/ubuntu/OpenVoice/job.py", line 334, in <module>
    clone_voice(f"./projects/{i}/{j}")
  File "/home/ubuntu/OpenVoice/job.py", line 201, in clone_voice
    return(convert_color(projectfolder))
  File "/home/ubuntu/OpenVoice/job.py", line 277, in convert_color
    target_se, audio_name = se_extractor.get_se(ref_audio_path, tone_color_converter, vad=False)
  File "/home/ubuntu/OpenVoice/openvoice/se_extractor.py", line 146, in get_se
    wavs_folder = split_audio_whisper(audio_path, target_dir=target_dir, audio_name=audio_name)
  File "/home/ubuntu/OpenVoice/openvoice/se_extractor.py", line 29, in split_audio_whisper
    segments = list(segments)
  File "/home/ubuntu/miniconda3/envs/openvoice/lib/python3.9/site-packages/faster_whisper/transcribe.py", line 433, in generate_segments
    ) = self.generate_with_fallback(encoder_output, prompt, tokenizer, options)
  File "/home/ubuntu/miniconda3/envs/openvoice/lib/python3.9/site-packages/faster_whisper/transcribe.py", line 641, in generate_with_fallback
    result = self.model.generate(
RuntimeError: CUDA failed with error out of memory
Traceback (most recent call last):
  File "/home/ubuntu/OpenVoice/job.py", line 334, in <module>
    clone_voice(f"./projects/{i}/{j}")
  File "/home/ubuntu/OpenVoice/job.py", line 201, in clone_voice
    return(convert_color(projectfolder))
  File "/home/ubuntu/OpenVoice/job.py", line 277, in convert_color
    target_se, audio_name = se_extractor.get_se(ref_audio_path, tone_color_converter, vad=False)
  File "/home/ubuntu/OpenVoice/openvoice/se_extractor.py", line 146, in get_se
    wavs_folder = split_audio_whisper(audio_path, target_dir=target_dir, audio_name=audio_name)
  File "/home/ubuntu/OpenVoice/openvoice/se_extractor.py", line 29, in split_audio_whisper
    segments = list(segments)
  File "/home/ubuntu/miniconda3/envs/openvoice/lib/python3.9/site-packages/faster_whisper/transcribe.py", line 433, in generate_segments
    ) = self.generate_with_fallback(encoder_output, prompt, tokenizer, options)
  File "/home/ubuntu/miniconda3/envs/openvoice/lib/python3.9/site-packages/faster_whisper/transcribe.py", line 641, in generate_with_fallback
    result = self.model.generate(
RuntimeError: CUDA failed with error out of memory
Traceback (most recent call last):
  File "/home/ubuntu/OpenVoice/job.py", line 334, in <module>
    clone_voice(f"./projects/{i}/{j}")
  File "/home/ubuntu/OpenVoice/job.py", line 201, in clone_voice
    return(convert_color(projectfolder))
  File "/home/ubuntu/OpenVoice/job.py", line 277, in convert_color
    target_se, audio_name = se_extractor.get_se(ref_audio_path, tone_color_converter, vad=False)
  File "/home/ubuntu/OpenVoice/openvoice/se_extractor.py", line 150, in get_se
    raise NotImplementedError('No audio segments found!')
NotImplementedError: No audio segments found!
Traceback (most recent call last):
  File "/home/ubuntu/OpenVoice/job.py", line 334, in <module>
    clone_voice(f"./projects/{i}/{j}")
  File "/home/ubuntu/OpenVoice/job.py", line 201, in clone_voice
    return(convert_color(projectfolder))
  File "/home/ubuntu/OpenVoice/job.py", line 277, in convert_color
    target_se, audio_name = se_extractor.get_se(ref_audio_path, tone_color_converter, vad=False)
  File "/home/ubuntu/OpenVoice/openvoice/se_extractor.py", line 146, in get_se
    wavs_folder = split_audio_whisper(audio_path, target_dir=target_dir, audio_name=audio_name)
  File "/home/ubuntu/OpenVoice/openvoice/se_extractor.py", line 29, in split_audio_whisper
    segments = list(segments)
  File "/home/ubuntu/miniconda3/envs/openvoice/lib/python3.9/site-packages/faster_whisper/transcribe.py", line 433, in generate_segments
    ) = self.generate_with_fallback(encoder_output, prompt, tokenizer, options)
  File "/home/ubuntu/miniconda3/envs/openvoice/lib/python3.9/site-packages/faster_whisper/transcribe.py", line 641, in generate_with_fallback
    result = self.model.generate(
RuntimeError: CUDA failed with error out of memory
Traceback (most recent call last):
  File "/home/ubuntu/OpenVoice/job.py", line 334, in <module>
    clone_voice(f"./projects/{i}/{j}")
  File "/home/ubuntu/OpenVoice/job.py", line 201, in clone_voice
    return(convert_color(projectfolder))
  File "/home/ubuntu/OpenVoice/job.py", line 277, in convert_color
    target_se, audio_name = se_extractor.get_se(ref_audio_path, tone_color_converter, vad=False)
  File "/home/ubuntu/OpenVoice/openvoice/se_extractor.py", line 146, in get_se
    wavs_folder = split_audio_whisper(audio_path, target_dir=target_dir, audio_name=audio_name)
  File "/home/ubuntu/OpenVoice/openvoice/se_extractor.py", line 29, in split_audio_whisper
    segments = list(segments)
  File "/home/ubuntu/miniconda3/envs/openvoice/lib/python3.9/site-packages/faster_whisper/transcribe.py", line 433, in generate_segments
    ) = self.generate_with_fallback(encoder_output, prompt, tokenizer, options)
  File "/home/ubuntu/miniconda3/envs/openvoice/lib/python3.9/site-packages/faster_whisper/transcribe.py", line 641, in generate_with_fallback
    result = self.model.generate(
RuntimeError: CUDA failed with error out of memory
Traceback (most recent call last):
  File "/home/ubuntu/OpenVoice/job.py", line 334, in <module>
    clone_voice(f"./projects/{i}/{j}")
  File "/home/ubuntu/OpenVoice/job.py", line 201, in clone_voice
    return(convert_color(projectfolder))
  File "/home/ubuntu/OpenVoice/job.py", line 277, in convert_color
    target_se, audio_name = se_extractor.get_se(ref_audio_path, tone_color_converter, vad=False)
  File "/home/ubuntu/OpenVoice/openvoice/se_extractor.py", line 146, in get_se
    wavs_folder = split_audio_whisper(audio_path, target_dir=target_dir, audio_name=audio_name)
  File "/home/ubuntu/OpenVoice/openvoice/se_extractor.py", line 29, in split_audio_whisper
    segments = list(segments)
  File "/home/ubuntu/miniconda3/envs/openvoice/lib/python3.9/site-packages/faster_whisper/transcribe.py", line 433, in generate_segments
    ) = self.generate_with_fallback(encoder_output, prompt, tokenizer, options)
  File "/home/ubuntu/miniconda3/envs/openvoice/lib/python3.9/site-packages/faster_whisper/transcribe.py", line 641, in generate_with_fallback
    result = self.model.generate(
RuntimeError: CUDA failed with error out of memory
Traceback (most recent call last):
  File "/home/ubuntu/OpenVoice/job.py", line 334, in <module>
    clone_voice(f"./projects/{i}/{j}")
  File "/home/ubuntu/OpenVoice/job.py", line 201, in clone_voice
    return(convert_color(projectfolder))
  File "/home/ubuntu/OpenVoice/job.py", line 277, in convert_color
    target_se, audio_name = se_extractor.get_se(ref_audio_path, tone_color_converter, vad=False)
  File "/home/ubuntu/OpenVoice/openvoice/se_extractor.py", line 146, in get_se
    wavs_folder = split_audio_whisper(audio_path, target_dir=target_dir, audio_name=audio_name)
  File "/home/ubuntu/OpenVoice/openvoice/se_extractor.py", line 29, in split_audio_whisper
    segments = list(segments)
  File "/home/ubuntu/miniconda3/envs/openvoice/lib/python3.9/site-packages/faster_whisper/transcribe.py", line 433, in generate_segments
    ) = self.generate_with_fallback(encoder_output, prompt, tokenizer, options)
  File "/home/ubuntu/miniconda3/envs/openvoice/lib/python3.9/site-packages/faster_whisper/transcribe.py", line 641, in generate_with_fallback
    result = self.model.generate(
RuntimeError: CUDA failed with error out of memory
Traceback (most recent call last):
  File "/home/ubuntu/OpenVoice/job.py", line 334, in <module>
    clone_voice(f"./projects/{i}/{j}")
  File "/home/ubuntu/OpenVoice/job.py", line 201, in clone_voice
    return(convert_color(projectfolder))
  File "/home/ubuntu/OpenVoice/job.py", line 277, in convert_color
    target_se, audio_name = se_extractor.get_se(ref_audio_path, tone_color_converter, vad=False)
  File "/home/ubuntu/OpenVoice/openvoice/se_extractor.py", line 146, in get_se
    wavs_folder = split_audio_whisper(audio_path, target_dir=target_dir, audio_name=audio_name)
  File "/home/ubuntu/OpenVoice/openvoice/se_extractor.py", line 29, in split_audio_whisper
    segments = list(segments)
  File "/home/ubuntu/miniconda3/envs/openvoice/lib/python3.9/site-packages/faster_whisper/transcribe.py", line 433, in generate_segments
    ) = self.generate_with_fallback(encoder_output, prompt, tokenizer, options)
  File "/home/ubuntu/miniconda3/envs/openvoice/lib/python3.9/site-packages/faster_whisper/transcribe.py", line 641, in generate_with_fallback
    result = self.model.generate(
RuntimeError: CUDA failed with error out of memory
Traceback (most recent call last):
  File "/home/ubuntu/OpenVoice/job.py", line 334, in <module>
    clone_voice(f"./projects/{i}/{j}")
  File "/home/ubuntu/OpenVoice/job.py", line 201, in clone_voice
    return(convert_color(projectfolder))
  File "/home/ubuntu/OpenVoice/job.py", line 277, in convert_color
    target_se, audio_name = se_extractor.get_se(ref_audio_path, tone_color_converter, vad=False)
  File "/home/ubuntu/OpenVoice/openvoice/se_extractor.py", line 146, in get_se
    wavs_folder = split_audio_whisper(audio_path, target_dir=target_dir, audio_name=audio_name)
  File "/home/ubuntu/OpenVoice/openvoice/se_extractor.py", line 29, in split_audio_whisper
    segments = list(segments)
  File "/home/ubuntu/miniconda3/envs/openvoice/lib/python3.9/site-packages/faster_whisper/transcribe.py", line 433, in generate_segments
    ) = self.generate_with_fallback(encoder_output, prompt, tokenizer, options)
  File "/home/ubuntu/miniconda3/envs/openvoice/lib/python3.9/site-packages/faster_whisper/transcribe.py", line 641, in generate_with_fallback
    result = self.model.generate(
RuntimeError: CUDA failed with error out of memory
Traceback (most recent call last):
  File "/home/ubuntu/OpenVoice/job.py", line 279, in convert_color
    source_se = torch.load(f'checkpoints_v2/google_base_speakers/models/{voicecode}.pth', map_location=device)
  File "/home/ubuntu/miniconda3/envs/openvoice/lib/python3.9/site-packages/torch/serialization.py", line 997, in load
    with _open_file_like(f, 'rb') as opened_file:
  File "/home/ubuntu/miniconda3/envs/openvoice/lib/python3.9/site-packages/torch/serialization.py", line 444, in _open_file_like
    return _open_file(name_or_buffer, mode)
  File "/home/ubuntu/miniconda3/envs/openvoice/lib/python3.9/site-packages/torch/serialization.py", line 425, in __init__
    super().__init__(open(name, mode))
FileNotFoundError: [Errno 2] No such file or directory: 'checkpoints_v2/google_base_speakers/models/sr-Latn-RS-NicholasNeural.pth'

During handling of the above exception, another exception occurred:

Traceback (most recent call last):
  File "/home/ubuntu/miniconda3/envs/openvoice/lib/python3.9/site-packages/librosa/core/audio.py", line 155, in load
    context = sf.SoundFile(path)
  File "/home/ubuntu/miniconda3/envs/openvoice/lib/python3.9/site-packages/soundfile.py", line 658, in __init__
    self._file = self._open(file, mode_int, closefd)
  File "/home/ubuntu/miniconda3/envs/openvoice/lib/python3.9/site-packages/soundfile.py", line 1216, in _open
    raise LibsndfileError(err, prefix="Error opening {0!r}: ".format(self.name))
soundfile.LibsndfileError: Error opening 'checkpoints_v2/google_base_speakers/src/sr-Latn-RS-NicholasNeural.mp3': File does not exist or is not a regular file (possibly a pipe?).

During handling of the above exception, another exception occurred:

Traceback (most recent call last):
  File "/home/ubuntu/OpenVoice/job.py", line 334, in <module>
    clone_voice(f"./projects/{i}/{j}")
  File "/home/ubuntu/OpenVoice/job.py", line 201, in clone_voice
    return(convert_color(projectfolder))
  File "/home/ubuntu/OpenVoice/job.py", line 301, in convert_color
    source_se, audio_name = se_extractor.get_se(f"checkpoints_v2/google_base_speakers/src/{voicecode}.mp3", tone_color_converter, vad=True)
  File "/home/ubuntu/OpenVoice/openvoice/se_extractor.py", line 134, in get_se
    audio_name = f"{os.path.basename(audio_path).rsplit('.', 1)[0]}_{version}_{hash_numpy_array(audio_path)}"
  File "/home/ubuntu/OpenVoice/openvoice/se_extractor.py", line 119, in hash_numpy_array
    array, _ = librosa.load(audio_path, sr=None, mono=True)
  File "/home/ubuntu/miniconda3/envs/openvoice/lib/python3.9/site-packages/librosa/util/decorators.py", line 88, in inner_f
    return f(*args, **kwargs)
  File "/home/ubuntu/miniconda3/envs/openvoice/lib/python3.9/site-packages/librosa/core/audio.py", line 174, in load
    y, sr_native = __audioread_load(path, offset, duration, dtype)
  File "/home/ubuntu/miniconda3/envs/openvoice/lib/python3.9/site-packages/librosa/core/audio.py", line 198, in __audioread_load
    with audioread.audio_open(path) as input_file:
  File "/home/ubuntu/miniconda3/envs/openvoice/lib/python3.9/site-packages/audioread/__init__.py", line 127, in audio_open
    return BackendClass(path)
  File "/home/ubuntu/miniconda3/envs/openvoice/lib/python3.9/site-packages/audioread/rawread.py", line 62, in __init__
    self._file = aifc.open(self._fh)
  File "/home/ubuntu/miniconda3/envs/openvoice/lib/python3.9/aifc.py", line 917, in open
    return Aifc_read(f)
  File "/home/ubuntu/miniconda3/envs/openvoice/lib/python3.9/aifc.py", line 358, in __init__
    self.initfp(f)
  File "/home/ubuntu/miniconda3/envs/openvoice/lib/python3.9/aifc.py", line 314, in initfp
    chunk = Chunk(file)
  File "/home/ubuntu/miniconda3/envs/openvoice/lib/python3.9/chunk.py", line 63, in __init__
    raise EOFError
EOFError
Traceback (most recent call last):
  File "/home/ubuntu/OpenVoice/job.py", line 334, in <module>
    clone_voice(f"./projects/{i}/{j}")
  File "/home/ubuntu/OpenVoice/job.py", line 201, in clone_voice
    return(convert_color(projectfolder))
  File "/home/ubuntu/OpenVoice/job.py", line 277, in convert_color
    target_se, audio_name = se_extractor.get_se(ref_audio_path, tone_color_converter, vad=False)
  File "/home/ubuntu/OpenVoice/openvoice/se_extractor.py", line 146, in get_se
    wavs_folder = split_audio_whisper(audio_path, target_dir=target_dir, audio_name=audio_name)
  File "/home/ubuntu/OpenVoice/openvoice/se_extractor.py", line 29, in split_audio_whisper
    segments = list(segments)
  File "/home/ubuntu/miniconda3/envs/openvoice/lib/python3.9/site-packages/faster_whisper/transcribe.py", line 433, in generate_segments
    ) = self.generate_with_fallback(encoder_output, prompt, tokenizer, options)
  File "/home/ubuntu/miniconda3/envs/openvoice/lib/python3.9/site-packages/faster_whisper/transcribe.py", line 641, in generate_with_fallback
    result = self.model.generate(
RuntimeError: CUDA failed with error out of memory
Traceback (most recent call last):
  File "/home/ubuntu/OpenVoice/job.py", line 334, in <module>
    clone_voice(f"./projects/{i}/{j}")
  File "/home/ubuntu/OpenVoice/job.py", line 201, in clone_voice
    return(convert_color(projectfolder))
  File "/home/ubuntu/OpenVoice/job.py", line 277, in convert_color
    target_se, audio_name = se_extractor.get_se(ref_audio_path, tone_color_converter, vad=False)
  File "/home/ubuntu/OpenVoice/openvoice/se_extractor.py", line 146, in get_se
    wavs_folder = split_audio_whisper(audio_path, target_dir=target_dir, audio_name=audio_name)
  File "/home/ubuntu/OpenVoice/openvoice/se_extractor.py", line 29, in split_audio_whisper
    segments = list(segments)
  File "/home/ubuntu/miniconda3/envs/openvoice/lib/python3.9/site-packages/faster_whisper/transcribe.py", line 433, in generate_segments
    ) = self.generate_with_fallback(encoder_output, prompt, tokenizer, options)
  File "/home/ubuntu/miniconda3/envs/openvoice/lib/python3.9/site-packages/faster_whisper/transcribe.py", line 641, in generate_with_fallback
    result = self.model.generate(
RuntimeError: CUDA failed with error out of memory
Traceback (most recent call last):
  File "/home/ubuntu/OpenVoice/job.py", line 334, in <module>
    clone_voice(f"./projects/{i}/{j}")
  File "/home/ubuntu/OpenVoice/job.py", line 201, in clone_voice
    return(convert_color(projectfolder))
  File "/home/ubuntu/OpenVoice/job.py", line 277, in convert_color
    target_se, audio_name = se_extractor.get_se(ref_audio_path, tone_color_converter, vad=False)
  File "/home/ubuntu/OpenVoice/openvoice/se_extractor.py", line 146, in get_se
    wavs_folder = split_audio_whisper(audio_path, target_dir=target_dir, audio_name=audio_name)
  File "/home/ubuntu/OpenVoice/openvoice/se_extractor.py", line 29, in split_audio_whisper
    segments = list(segments)
  File "/home/ubuntu/miniconda3/envs/openvoice/lib/python3.9/site-packages/faster_whisper/transcribe.py", line 433, in generate_segments
    ) = self.generate_with_fallback(encoder_output, prompt, tokenizer, options)
  File "/home/ubuntu/miniconda3/envs/openvoice/lib/python3.9/site-packages/faster_whisper/transcribe.py", line 641, in generate_with_fallback
    result = self.model.generate(
RuntimeError: CUDA failed with error out of memory
Traceback (most recent call last):
  File "/home/ubuntu/OpenVoice/job.py", line 334, in <module>
    clone_voice(f"./projects/{i}/{j}")
  File "/home/ubuntu/OpenVoice/job.py", line 201, in clone_voice
    return(convert_color(projectfolder))
  File "/home/ubuntu/OpenVoice/job.py", line 277, in convert_color
    target_se, audio_name = se_extractor.get_se(ref_audio_path, tone_color_converter, vad=False)
  File "/home/ubuntu/OpenVoice/openvoice/se_extractor.py", line 150, in get_se
    raise NotImplementedError('No audio segments found!')
NotImplementedError: No audio segments found!
Traceback (most recent call last):
  File "/home/ubuntu/OpenVoice/job.py", line 334, in <module>
    clone_voice(f"./projects/{i}/{j}")
  File "/home/ubuntu/OpenVoice/job.py", line 201, in clone_voice
    return(convert_color(projectfolder))
  File "/home/ubuntu/OpenVoice/job.py", line 277, in convert_color
    target_se, audio_name = se_extractor.get_se(ref_audio_path, tone_color_converter, vad=False)
  File "/home/ubuntu/OpenVoice/openvoice/se_extractor.py", line 146, in get_se
    wavs_folder = split_audio_whisper(audio_path, target_dir=target_dir, audio_name=audio_name)
  File "/home/ubuntu/OpenVoice/openvoice/se_extractor.py", line 29, in split_audio_whisper
    segments = list(segments)
  File "/home/ubuntu/miniconda3/envs/openvoice/lib/python3.9/site-packages/faster_whisper/transcribe.py", line 433, in generate_segments
    ) = self.generate_with_fallback(encoder_output, prompt, tokenizer, options)
  File "/home/ubuntu/miniconda3/envs/openvoice/lib/python3.9/site-packages/faster_whisper/transcribe.py", line 641, in generate_with_fallback
    result = self.model.generate(
RuntimeError: CUDA failed with error out of memory
Traceback (most recent call last):
  File "/home/ubuntu/OpenVoice/job.py", line 334, in <module>
    clone_voice(f"./projects/{i}/{j}")
  File "/home/ubuntu/OpenVoice/job.py", line 201, in clone_voice
    return(convert_color(projectfolder))
  File "/home/ubuntu/OpenVoice/job.py", line 277, in convert_color
    target_se, audio_name = se_extractor.get_se(ref_audio_path, tone_color_converter, vad=False)
  File "/home/ubuntu/OpenVoice/openvoice/se_extractor.py", line 146, in get_se
    wavs_folder = split_audio_whisper(audio_path, target_dir=target_dir, audio_name=audio_name)
  File "/home/ubuntu/OpenVoice/openvoice/se_extractor.py", line 29, in split_audio_whisper
    segments = list(segments)
  File "/home/ubuntu/miniconda3/envs/openvoice/lib/python3.9/site-packages/faster_whisper/transcribe.py", line 433, in generate_segments
    ) = self.generate_with_fallback(encoder_output, prompt, tokenizer, options)
  File "/home/ubuntu/miniconda3/envs/openvoice/lib/python3.9/site-packages/faster_whisper/transcribe.py", line 641, in generate_with_fallback
    result = self.model.generate(
RuntimeError: CUDA failed with error out of memory
Traceback (most recent call last):
  File "/home/ubuntu/OpenVoice/job.py", line 334, in <module>
    clone_voice(f"./projects/{i}/{j}")
  File "/home/ubuntu/OpenVoice/job.py", line 201, in clone_voice
    return(convert_color(projectfolder))
  File "/home/ubuntu/OpenVoice/job.py", line 277, in convert_color
    target_se, audio_name = se_extractor.get_se(ref_audio_path, tone_color_converter, vad=False)
  File "/home/ubuntu/OpenVoice/openvoice/se_extractor.py", line 150, in get_se
    raise NotImplementedError('No audio segments found!')
NotImplementedError: No audio segments found!
Traceback (most recent call last):
  File "/home/ubuntu/OpenVoice/job.py", line 334, in <module>
    clone_voice(f"./projects/{i}/{j}")
  File "/home/ubuntu/OpenVoice/job.py", line 201, in clone_voice
    return(convert_color(projectfolder))
  File "/home/ubuntu/OpenVoice/job.py", line 277, in convert_color
    target_se, audio_name = se_extractor.get_se(ref_audio_path, tone_color_converter, vad=False)
  File "/home/ubuntu/OpenVoice/openvoice/se_extractor.py", line 150, in get_se
    raise NotImplementedError('No audio segments found!')
NotImplementedError: No audio segments found!
Traceback (most recent call last):
  File "/home/ubuntu/OpenVoice/job.py", line 334, in <module>
    clone_voice(f"./projects/{i}/{j}")
  File "/home/ubuntu/OpenVoice/job.py", line 201, in clone_voice
    return(convert_color(projectfolder))
  File "/home/ubuntu/OpenVoice/job.py", line 277, in convert_color
    target_se, audio_name = se_extractor.get_se(ref_audio_path, tone_color_converter, vad=False)
  File "/home/ubuntu/OpenVoice/openvoice/se_extractor.py", line 146, in get_se
    wavs_folder = split_audio_whisper(audio_path, target_dir=target_dir, audio_name=audio_name)
  File "/home/ubuntu/OpenVoice/openvoice/se_extractor.py", line 29, in split_audio_whisper
    segments = list(segments)
  File "/home/ubuntu/miniconda3/envs/openvoice/lib/python3.9/site-packages/faster_whisper/transcribe.py", line 433, in generate_segments
    ) = self.generate_with_fallback(encoder_output, prompt, tokenizer, options)
  File "/home/ubuntu/miniconda3/envs/openvoice/lib/python3.9/site-packages/faster_whisper/transcribe.py", line 641, in generate_with_fallback
    result = self.model.generate(
RuntimeError: CUDA failed with error out of memory
Traceback (most recent call last):
  File "/home/ubuntu/miniconda3/envs/openvoice/lib/python3.9/site-packages/librosa/core/audio.py", line 155, in load
    context = sf.SoundFile(path)
  File "/home/ubuntu/miniconda3/envs/openvoice/lib/python3.9/site-packages/soundfile.py", line 658, in __init__
    self._file = self._open(file, mode_int, closefd)
  File "/home/ubuntu/miniconda3/envs/openvoice/lib/python3.9/site-packages/soundfile.py", line 1216, in _open
    raise LibsndfileError(err, prefix="Error opening {0!r}: ".format(self.name))
soundfile.LibsndfileError: Error opening './projects/d1c9a275-1cbe-4508-9b88-b4f4105bfb07/0/3_clone_Instant#hi-IN-RehaanNeural.mp3': File does not exist or is not a regular file (possibly a pipe?).

During handling of the above exception, another exception occurred:

Traceback (most recent call last):
  File "/home/ubuntu/OpenVoice/job.py", line 334, in <module>
    clone_voice(f"./projects/{i}/{j}")
  File "/home/ubuntu/OpenVoice/job.py", line 201, in clone_voice
    return(convert_color(projectfolder))
  File "/home/ubuntu/OpenVoice/job.py", line 314, in convert_color
    tone_color_converter.convert(
  File "/home/ubuntu/OpenVoice/openvoice/api.py", line 144, in convert
    audio, sample_rate = librosa.load(audio_src_path, sr=hps.data.sampling_rate)
  File "/home/ubuntu/miniconda3/envs/openvoice/lib/python3.9/site-packages/librosa/util/decorators.py", line 88, in inner_f
    return f(*args, **kwargs)
  File "/home/ubuntu/miniconda3/envs/openvoice/lib/python3.9/site-packages/librosa/core/audio.py", line 174, in load
    y, sr_native = __audioread_load(path, offset, duration, dtype)
  File "/home/ubuntu/miniconda3/envs/openvoice/lib/python3.9/site-packages/librosa/core/audio.py", line 198, in __audioread_load
    with audioread.audio_open(path) as input_file:
  File "/home/ubuntu/miniconda3/envs/openvoice/lib/python3.9/site-packages/audioread/__init__.py", line 127, in audio_open
    return BackendClass(path)
  File "/home/ubuntu/miniconda3/envs/openvoice/lib/python3.9/site-packages/audioread/rawread.py", line 62, in __init__
    self._file = aifc.open(self._fh)
  File "/home/ubuntu/miniconda3/envs/openvoice/lib/python3.9/aifc.py", line 917, in open
    return Aifc_read(f)
  File "/home/ubuntu/miniconda3/envs/openvoice/lib/python3.9/aifc.py", line 358, in __init__
    self.initfp(f)
  File "/home/ubuntu/miniconda3/envs/openvoice/lib/python3.9/aifc.py", line 314, in initfp
    chunk = Chunk(file)
  File "/home/ubuntu/miniconda3/envs/openvoice/lib/python3.9/chunk.py", line 63, in __init__
    raise EOFError
EOFError
Traceback (most recent call last):
  File "/home/ubuntu/OpenVoice/job.py", line 334, in <module>
    clone_voice(f"./projects/{i}/{j}")
  File "/home/ubuntu/OpenVoice/job.py", line 201, in clone_voice
    return(convert_color(projectfolder))
  File "/home/ubuntu/OpenVoice/job.py", line 277, in convert_color
    target_se, audio_name = se_extractor.get_se(ref_audio_path, tone_color_converter, vad=False)
  File "/home/ubuntu/OpenVoice/openvoice/se_extractor.py", line 150, in get_se
    raise NotImplementedError('No audio segments found!')
NotImplementedError: No audio segments found!
Traceback (most recent call last):
  File "/home/ubuntu/OpenVoice/job.py", line 334, in <module>
    clone_voice(f"./projects/{i}/{j}")
  File "/home/ubuntu/OpenVoice/job.py", line 201, in clone_voice
    return(convert_color(projectfolder))
  File "/home/ubuntu/OpenVoice/job.py", line 277, in convert_color
    target_se, audio_name = se_extractor.get_se(ref_audio_path, tone_color_converter, vad=False)
  File "/home/ubuntu/OpenVoice/openvoice/se_extractor.py", line 150, in get_se
    raise NotImplementedError('No audio segments found!')
NotImplementedError: No audio segments found!
Traceback (most recent call last):
  File "/home/ubuntu/OpenVoice/job.py", line 334, in <module>
    clone_voice(f"./projects/{i}/{j}")
  File "/home/ubuntu/OpenVoice/job.py", line 201, in clone_voice
    return(convert_color(projectfolder))
  File "/home/ubuntu/OpenVoice/job.py", line 277, in convert_color
    target_se, audio_name = se_extractor.get_se(ref_audio_path, tone_color_converter, vad=False)
  File "/home/ubuntu/OpenVoice/openvoice/se_extractor.py", line 150, in get_se
    raise NotImplementedError('No audio segments found!')
NotImplementedError: No audio segments found!
Traceback (most recent call last):
  File "/home/ubuntu/OpenVoice/job.py", line 334, in <module>
    clone_voice(f"./projects/{i}/{j}")
  File "/home/ubuntu/OpenVoice/job.py", line 201, in clone_voice
    return(convert_color(projectfolder))
  File "/home/ubuntu/OpenVoice/job.py", line 277, in convert_color
    target_se, audio_name = se_extractor.get_se(ref_audio_path, tone_color_converter, vad=False)
  File "/home/ubuntu/OpenVoice/openvoice/se_extractor.py", line 146, in get_se
    wavs_folder = split_audio_whisper(audio_path, target_dir=target_dir, audio_name=audio_name)
  File "/home/ubuntu/OpenVoice/openvoice/se_extractor.py", line 29, in split_audio_whisper
    segments = list(segments)
  File "/home/ubuntu/miniconda3/envs/openvoice/lib/python3.9/site-packages/faster_whisper/transcribe.py", line 433, in generate_segments
    ) = self.generate_with_fallback(encoder_output, prompt, tokenizer, options)
  File "/home/ubuntu/miniconda3/envs/openvoice/lib/python3.9/site-packages/faster_whisper/transcribe.py", line 641, in generate_with_fallback
    result = self.model.generate(
RuntimeError: CUDA failed with error out of memory
Traceback (most recent call last):
  File "/home/ubuntu/OpenVoice/job.py", line 334, in <module>
    clone_voice(f"./projects/{i}/{j}")
  File "/home/ubuntu/OpenVoice/job.py", line 201, in clone_voice
    return(convert_color(projectfolder))
  File "/home/ubuntu/OpenVoice/job.py", line 277, in convert_color
    target_se, audio_name = se_extractor.get_se(ref_audio_path, tone_color_converter, vad=False)
  File "/home/ubuntu/OpenVoice/openvoice/se_extractor.py", line 150, in get_se
    raise NotImplementedError('No audio segments found!')
NotImplementedError: No audio segments found!
Traceback (most recent call last):
  File "/home/ubuntu/OpenVoice/job.py", line 334, in <module>
    clone_voice(f"./projects/{i}/{j}")
  File "/home/ubuntu/OpenVoice/job.py", line 201, in clone_voice
    return(convert_color(projectfolder))
  File "/home/ubuntu/OpenVoice/job.py", line 277, in convert_color
    target_se, audio_name = se_extractor.get_se(ref_audio_path, tone_color_converter, vad=False)
  File "/home/ubuntu/OpenVoice/openvoice/se_extractor.py", line 150, in get_se
    raise NotImplementedError('No audio segments found!')
NotImplementedError: No audio segments found!
Traceback (most recent call last):
  File "/home/ubuntu/OpenVoice/job.py", line 334, in <module>
    clone_voice(f"./projects/{i}/{j}")
  File "/home/ubuntu/OpenVoice/job.py", line 201, in clone_voice
    return(convert_color(projectfolder))
  File "/home/ubuntu/OpenVoice/job.py", line 277, in convert_color
    target_se, audio_name = se_extractor.get_se(ref_audio_path, tone_color_converter, vad=False)
  File "/home/ubuntu/OpenVoice/openvoice/se_extractor.py", line 150, in get_se
    raise NotImplementedError('No audio segments found!')
NotImplementedError: No audio segments found!
Traceback (most recent call last):
  File "/home/ubuntu/OpenVoice/job.py", line 334, in <module>
    clone_voice(f"./projects/{i}/{j}")
  File "/home/ubuntu/OpenVoice/job.py", line 201, in clone_voice
    return(convert_color(projectfolder))
  File "/home/ubuntu/OpenVoice/job.py", line 277, in convert_color
    target_se, audio_name = se_extractor.get_se(ref_audio_path, tone_color_converter, vad=False)
  File "/home/ubuntu/OpenVoice/openvoice/se_extractor.py", line 150, in get_se
    raise NotImplementedError('No audio segments found!')
NotImplementedError: No audio segments found!
Traceback (most recent call last):
  File "/home/ubuntu/OpenVoice/job.py", line 334, in <module>
    clone_voice(f"./projects/{i}/{j}")
  File "/home/ubuntu/OpenVoice/job.py", line 201, in clone_voice
    return(convert_color(projectfolder))
  File "/home/ubuntu/OpenVoice/job.py", line 277, in convert_color
    target_se, audio_name = se_extractor.get_se(ref_audio_path, tone_color_converter, vad=False)
  File "/home/ubuntu/OpenVoice/openvoice/se_extractor.py", line 150, in get_se
    raise NotImplementedError('No audio segments found!')
NotImplementedError: No audio segments found!
Traceback (most recent call last):
  File "/home/ubuntu/OpenVoice/job.py", line 334, in <module>
    clone_voice(f"./projects/{i}/{j}")
  File "/home/ubuntu/OpenVoice/job.py", line 201, in clone_voice
    return(convert_color(projectfolder))
  File "/home/ubuntu/OpenVoice/job.py", line 277, in convert_color
    target_se, audio_name = se_extractor.get_se(ref_audio_path, tone_color_converter, vad=False)
  File "/home/ubuntu/OpenVoice/openvoice/se_extractor.py", line 150, in get_se
    raise NotImplementedError('No audio segments found!')
NotImplementedError: No audio segments found!
Traceback (most recent call last):
  File "/home/ubuntu/OpenVoice/job.py", line 334, in <module>
    clone_voice(f"./projects/{i}/{j}")
  File "/home/ubuntu/OpenVoice/job.py", line 201, in clone_voice
    return(convert_color(projectfolder))
  File "/home/ubuntu/OpenVoice/job.py", line 277, in convert_color
    target_se, audio_name = se_extractor.get_se(ref_audio_path, tone_color_converter, vad=False)
  File "/home/ubuntu/OpenVoice/openvoice/se_extractor.py", line 150, in get_se
    raise NotImplementedError('No audio segments found!')
NotImplementedError: No audio segments found!
Traceback (most recent call last):
  File "/home/ubuntu/OpenVoice/job.py", line 334, in <module>
    clone_voice(f"./projects/{i}/{j}")
  File "/home/ubuntu/OpenVoice/job.py", line 201, in clone_voice
    return(convert_color(projectfolder))
  File "/home/ubuntu/OpenVoice/job.py", line 277, in convert_color
    target_se, audio_name = se_extractor.get_se(ref_audio_path, tone_color_converter, vad=False)
  File "/home/ubuntu/OpenVoice/openvoice/se_extractor.py", line 146, in get_se
    wavs_folder = split_audio_whisper(audio_path, target_dir=target_dir, audio_name=audio_name)
  File "/home/ubuntu/OpenVoice/openvoice/se_extractor.py", line 29, in split_audio_whisper
    segments = list(segments)
  File "/home/ubuntu/miniconda3/envs/openvoice/lib/python3.9/site-packages/faster_whisper/transcribe.py", line 433, in generate_segments
    ) = self.generate_with_fallback(encoder_output, prompt, tokenizer, options)
  File "/home/ubuntu/miniconda3/envs/openvoice/lib/python3.9/site-packages/faster_whisper/transcribe.py", line 641, in generate_with_fallback
    result = self.model.generate(
RuntimeError: CUDA failed with error out of memory
Traceback (most recent call last):
  File "/home/ubuntu/OpenVoice/job.py", line 334, in <module>
    clone_voice(f"./projects/{i}/{j}")
  File "/home/ubuntu/OpenVoice/job.py", line 201, in clone_voice
    return(convert_color(projectfolder))
  File "/home/ubuntu/OpenVoice/job.py", line 277, in convert_color
    target_se, audio_name = se_extractor.get_se(ref_audio_path, tone_color_converter, vad=False)
  File "/home/ubuntu/OpenVoice/openvoice/se_extractor.py", line 146, in get_se
    wavs_folder = split_audio_whisper(audio_path, target_dir=target_dir, audio_name=audio_name)
  File "/home/ubuntu/OpenVoice/openvoice/se_extractor.py", line 29, in split_audio_whisper
    segments = list(segments)
  File "/home/ubuntu/miniconda3/envs/openvoice/lib/python3.9/site-packages/faster_whisper/transcribe.py", line 433, in generate_segments
    ) = self.generate_with_fallback(encoder_output, prompt, tokenizer, options)
  File "/home/ubuntu/miniconda3/envs/openvoice/lib/python3.9/site-packages/faster_whisper/transcribe.py", line 641, in generate_with_fallback
    result = self.model.generate(
RuntimeError: CUDA failed with error out of memory
Traceback (most recent call last):
  File "/home/ubuntu/OpenVoice/job.py", line 334, in <module>
    clone_voice(f"./projects/{i}/{j}")
  File "/home/ubuntu/OpenVoice/job.py", line 201, in clone_voice
    return(convert_color(projectfolder))
  File "/home/ubuntu/OpenVoice/job.py", line 277, in convert_color
    target_se, audio_name = se_extractor.get_se(ref_audio_path, tone_color_converter, vad=False)
  File "/home/ubuntu/OpenVoice/openvoice/se_extractor.py", line 146, in get_se
    wavs_folder = split_audio_whisper(audio_path, target_dir=target_dir, audio_name=audio_name)
  File "/home/ubuntu/OpenVoice/openvoice/se_extractor.py", line 29, in split_audio_whisper
    segments = list(segments)
  File "/home/ubuntu/miniconda3/envs/openvoice/lib/python3.9/site-packages/faster_whisper/transcribe.py", line 433, in generate_segments
    ) = self.generate_with_fallback(encoder_output, prompt, tokenizer, options)
  File "/home/ubuntu/miniconda3/envs/openvoice/lib/python3.9/site-packages/faster_whisper/transcribe.py", line 641, in generate_with_fallback
    result = self.model.generate(
RuntimeError: CUDA failed with error out of memory
Traceback (most recent call last):
  File "/home/ubuntu/OpenVoice/job.py", line 334, in <module>
    clone_voice(f"./projects/{i}/{j}")
  File "/home/ubuntu/OpenVoice/job.py", line 201, in clone_voice
    return(convert_color(projectfolder))
  File "/home/ubuntu/OpenVoice/job.py", line 277, in convert_color
    target_se, audio_name = se_extractor.get_se(ref_audio_path, tone_color_converter, vad=False)
  File "/home/ubuntu/OpenVoice/openvoice/se_extractor.py", line 150, in get_se
    raise NotImplementedError('No audio segments found!')
NotImplementedError: No audio segments found!
Traceback (most recent call last):
  File "/home/ubuntu/OpenVoice/job.py", line 334, in <module>
    clone_voice(f"./projects/{i}/{j}")
  File "/home/ubuntu/OpenVoice/job.py", line 201, in clone_voice
    return(convert_color(projectfolder))
  File "/home/ubuntu/OpenVoice/job.py", line 277, in convert_color
    target_se, audio_name = se_extractor.get_se(ref_audio_path, tone_color_converter, vad=False)
  File "/home/ubuntu/OpenVoice/openvoice/se_extractor.py", line 146, in get_se
    wavs_folder = split_audio_whisper(audio_path, target_dir=target_dir, audio_name=audio_name)
  File "/home/ubuntu/OpenVoice/openvoice/se_extractor.py", line 29, in split_audio_whisper
    segments = list(segments)
  File "/home/ubuntu/miniconda3/envs/openvoice/lib/python3.9/site-packages/faster_whisper/transcribe.py", line 433, in generate_segments
    ) = self.generate_with_fallback(encoder_output, prompt, tokenizer, options)
  File "/home/ubuntu/miniconda3/envs/openvoice/lib/python3.9/site-packages/faster_whisper/transcribe.py", line 641, in generate_with_fallback
    result = self.model.generate(
RuntimeError: CUDA failed with error out of memory
Traceback (most recent call last):
  File "/home/ubuntu/OpenVoice/job.py", line 334, in <module>
    clone_voice(f"./projects/{i}/{j}")
  File "/home/ubuntu/OpenVoice/job.py", line 201, in clone_voice
    return(convert_color(projectfolder))
  File "/home/ubuntu/OpenVoice/job.py", line 277, in convert_color
    target_se, audio_name = se_extractor.get_se(ref_audio_path, tone_color_converter, vad=False)
  File "/home/ubuntu/OpenVoice/openvoice/se_extractor.py", line 150, in get_se
    raise NotImplementedError('No audio segments found!')
NotImplementedError: No audio segments found!
Traceback (most recent call last):
  File "/home/ubuntu/OpenVoice/job.py", line 334, in <module>
    clone_voice(f"./projects/{i}/{j}")
  File "/home/ubuntu/OpenVoice/job.py", line 201, in clone_voice
    return(convert_color(projectfolder))
  File "/home/ubuntu/OpenVoice/job.py", line 277, in convert_color
    target_se, audio_name = se_extractor.get_se(ref_audio_path, tone_color_converter, vad=False)
  File "/home/ubuntu/OpenVoice/openvoice/se_extractor.py", line 150, in get_se
    raise NotImplementedError('No audio segments found!')
NotImplementedError: No audio segments found!
Traceback (most recent call last):
  File "/home/ubuntu/OpenVoice/job.py", line 334, in <module>
    clone_voice(f"./projects/{i}/{j}")
  File "/home/ubuntu/OpenVoice/job.py", line 201, in clone_voice
    return(convert_color(projectfolder))
  File "/home/ubuntu/OpenVoice/job.py", line 277, in convert_color
    target_se, audio_name = se_extractor.get_se(ref_audio_path, tone_color_converter, vad=False)
  File "/home/ubuntu/OpenVoice/openvoice/se_extractor.py", line 146, in get_se
    wavs_folder = split_audio_whisper(audio_path, target_dir=target_dir, audio_name=audio_name)
  File "/home/ubuntu/OpenVoice/openvoice/se_extractor.py", line 29, in split_audio_whisper
    segments = list(segments)
  File "/home/ubuntu/miniconda3/envs/openvoice/lib/python3.9/site-packages/faster_whisper/transcribe.py", line 433, in generate_segments
    ) = self.generate_with_fallback(encoder_output, prompt, tokenizer, options)
  File "/home/ubuntu/miniconda3/envs/openvoice/lib/python3.9/site-packages/faster_whisper/transcribe.py", line 641, in generate_with_fallback
    result = self.model.generate(
RuntimeError: CUDA failed with error out of memory
Traceback (most recent call last):
  File "/home/ubuntu/OpenVoice/job.py", line 334, in <module>
    clone_voice(f"./projects/{i}/{j}")
  File "/home/ubuntu/OpenVoice/job.py", line 201, in clone_voice
    return(convert_color(projectfolder))
  File "/home/ubuntu/OpenVoice/job.py", line 277, in convert_color
    target_se, audio_name = se_extractor.get_se(ref_audio_path, tone_color_converter, vad=False)
  File "/home/ubuntu/OpenVoice/openvoice/se_extractor.py", line 146, in get_se
    wavs_folder = split_audio_whisper(audio_path, target_dir=target_dir, audio_name=audio_name)
  File "/home/ubuntu/OpenVoice/openvoice/se_extractor.py", line 29, in split_audio_whisper
    segments = list(segments)
  File "/home/ubuntu/miniconda3/envs/openvoice/lib/python3.9/site-packages/faster_whisper/transcribe.py", line 433, in generate_segments
    ) = self.generate_with_fallback(encoder_output, prompt, tokenizer, options)
  File "/home/ubuntu/miniconda3/envs/openvoice/lib/python3.9/site-packages/faster_whisper/transcribe.py", line 641, in generate_with_fallback
    result = self.model.generate(
RuntimeError: CUDA failed with error out of memory
Traceback (most recent call last):
  File "/home/ubuntu/OpenVoice/job.py", line 334, in <module>
    clone_voice(f"./projects/{i}/{j}")
  File "/home/ubuntu/OpenVoice/job.py", line 201, in clone_voice
    return(convert_color(projectfolder))
  File "/home/ubuntu/OpenVoice/job.py", line 277, in convert_color
    target_se, audio_name = se_extractor.get_se(ref_audio_path, tone_color_converter, vad=False)
  File "/home/ubuntu/OpenVoice/openvoice/se_extractor.py", line 146, in get_se
    wavs_folder = split_audio_whisper(audio_path, target_dir=target_dir, audio_name=audio_name)
  File "/home/ubuntu/OpenVoice/openvoice/se_extractor.py", line 29, in split_audio_whisper
    segments = list(segments)
  File "/home/ubuntu/miniconda3/envs/openvoice/lib/python3.9/site-packages/faster_whisper/transcribe.py", line 433, in generate_segments
    ) = self.generate_with_fallback(encoder_output, prompt, tokenizer, options)
  File "/home/ubuntu/miniconda3/envs/openvoice/lib/python3.9/site-packages/faster_whisper/transcribe.py", line 641, in generate_with_fallback
    result = self.model.generate(
RuntimeError: CUDA failed with error out of memory
Traceback (most recent call last):
  File "/home/ubuntu/OpenVoice/job.py", line 334, in <module>
    clone_voice(f"./projects/{i}/{j}")
  File "/home/ubuntu/OpenVoice/job.py", line 201, in clone_voice
    return(convert_color(projectfolder))
  File "/home/ubuntu/OpenVoice/job.py", line 277, in convert_color
    target_se, audio_name = se_extractor.get_se(ref_audio_path, tone_color_converter, vad=False)
  File "/home/ubuntu/OpenVoice/openvoice/se_extractor.py", line 150, in get_se
    raise NotImplementedError('No audio segments found!')
NotImplementedError: No audio segments found!
Traceback (most recent call last):
  File "/home/ubuntu/OpenVoice/job.py", line 334, in <module>
    clone_voice(f"./projects/{i}/{j}")
  File "/home/ubuntu/OpenVoice/job.py", line 201, in clone_voice
    return(convert_color(projectfolder))
  File "/home/ubuntu/OpenVoice/job.py", line 277, in convert_color
    target_se, audio_name = se_extractor.get_se(ref_audio_path, tone_color_converter, vad=False)
  File "/home/ubuntu/OpenVoice/openvoice/se_extractor.py", line 146, in get_se
    wavs_folder = split_audio_whisper(audio_path, target_dir=target_dir, audio_name=audio_name)
  File "/home/ubuntu/OpenVoice/openvoice/se_extractor.py", line 29, in split_audio_whisper
    segments = list(segments)
  File "/home/ubuntu/miniconda3/envs/openvoice/lib/python3.9/site-packages/faster_whisper/transcribe.py", line 433, in generate_segments
    ) = self.generate_with_fallback(encoder_output, prompt, tokenizer, options)
  File "/home/ubuntu/miniconda3/envs/openvoice/lib/python3.9/site-packages/faster_whisper/transcribe.py", line 641, in generate_with_fallback
    result = self.model.generate(
RuntimeError: CUDA failed with error out of memory
Traceback (most recent call last):
  File "/home/ubuntu/OpenVoice/job.py", line 334, in <module>
    clone_voice(f"./projects/{i}/{j}")
  File "/home/ubuntu/OpenVoice/job.py", line 201, in clone_voice
    return(convert_color(projectfolder))
  File "/home/ubuntu/OpenVoice/job.py", line 277, in convert_color
    target_se, audio_name = se_extractor.get_se(ref_audio_path, tone_color_converter, vad=False)
  File "/home/ubuntu/OpenVoice/openvoice/se_extractor.py", line 150, in get_se
    raise NotImplementedError('No audio segments found!')
NotImplementedError: No audio segments found!
Traceback (most recent call last):
  File "/home/ubuntu/OpenVoice/job.py", line 334, in <module>
    clone_voice(f"./projects/{i}/{j}")
  File "/home/ubuntu/OpenVoice/job.py", line 201, in clone_voice
    return(convert_color(projectfolder))
  File "/home/ubuntu/OpenVoice/job.py", line 277, in convert_color
    target_se, audio_name = se_extractor.get_se(ref_audio_path, tone_color_converter, vad=False)
  File "/home/ubuntu/OpenVoice/openvoice/se_extractor.py", line 146, in get_se
    wavs_folder = split_audio_whisper(audio_path, target_dir=target_dir, audio_name=audio_name)
  File "/home/ubuntu/OpenVoice/openvoice/se_extractor.py", line 29, in split_audio_whisper
    segments = list(segments)
  File "/home/ubuntu/miniconda3/envs/openvoice/lib/python3.9/site-packages/faster_whisper/transcribe.py", line 433, in generate_segments
    ) = self.generate_with_fallback(encoder_output, prompt, tokenizer, options)
  File "/home/ubuntu/miniconda3/envs/openvoice/lib/python3.9/site-packages/faster_whisper/transcribe.py", line 641, in generate_with_fallback
    result = self.model.generate(
RuntimeError: CUDA failed with error out of memory
Traceback (most recent call last):
  File "/home/ubuntu/OpenVoice/job.py", line 334, in <module>
    clone_voice(f"./projects/{i}/{j}")
  File "/home/ubuntu/OpenVoice/job.py", line 201, in clone_voice
    return(convert_color(projectfolder))
  File "/home/ubuntu/OpenVoice/job.py", line 277, in convert_color
    target_se, audio_name = se_extractor.get_se(ref_audio_path, tone_color_converter, vad=False)
  File "/home/ubuntu/OpenVoice/openvoice/se_extractor.py", line 150, in get_se
    raise NotImplementedError('No audio segments found!')
NotImplementedError: No audio segments found!
Traceback (most recent call last):
  File "/home/ubuntu/OpenVoice/job.py", line 334, in <module>
    clone_voice(f"./projects/{i}/{j}")
  File "/home/ubuntu/OpenVoice/job.py", line 201, in clone_voice
    return(convert_color(projectfolder))
  File "/home/ubuntu/OpenVoice/job.py", line 277, in convert_color
    target_se, audio_name = se_extractor.get_se(ref_audio_path, tone_color_converter, vad=False)
  File "/home/ubuntu/OpenVoice/openvoice/se_extractor.py", line 146, in get_se
    wavs_folder = split_audio_whisper(audio_path, target_dir=target_dir, audio_name=audio_name)
  File "/home/ubuntu/OpenVoice/openvoice/se_extractor.py", line 29, in split_audio_whisper
    segments = list(segments)
  File "/home/ubuntu/miniconda3/envs/openvoice/lib/python3.9/site-packages/faster_whisper/transcribe.py", line 433, in generate_segments
    ) = self.generate_with_fallback(encoder_output, prompt, tokenizer, options)
  File "/home/ubuntu/miniconda3/envs/openvoice/lib/python3.9/site-packages/faster_whisper/transcribe.py", line 641, in generate_with_fallback
    result = self.model.generate(
RuntimeError: CUDA failed with error out of memory
Traceback (most recent call last):
  File "/home/ubuntu/OpenVoice/job.py", line 334, in <module>
    clone_voice(f"./projects/{i}/{j}")
  File "/home/ubuntu/OpenVoice/job.py", line 201, in clone_voice
    return(convert_color(projectfolder))
  File "/home/ubuntu/OpenVoice/job.py", line 277, in convert_color
    target_se, audio_name = se_extractor.get_se(ref_audio_path, tone_color_converter, vad=False)
  File "/home/ubuntu/OpenVoice/openvoice/se_extractor.py", line 146, in get_se
    wavs_folder = split_audio_whisper(audio_path, target_dir=target_dir, audio_name=audio_name)
  File "/home/ubuntu/OpenVoice/openvoice/se_extractor.py", line 29, in split_audio_whisper
    segments = list(segments)
  File "/home/ubuntu/miniconda3/envs/openvoice/lib/python3.9/site-packages/faster_whisper/transcribe.py", line 433, in generate_segments
    ) = self.generate_with_fallback(encoder_output, prompt, tokenizer, options)
  File "/home/ubuntu/miniconda3/envs/openvoice/lib/python3.9/site-packages/faster_whisper/transcribe.py", line 641, in generate_with_fallback
    result = self.model.generate(
RuntimeError: CUDA failed with error out of memory
Traceback (most recent call last):
  File "/home/ubuntu/OpenVoice/job.py", line 334, in <module>
    clone_voice(f"./projects/{i}/{j}")
  File "/home/ubuntu/OpenVoice/job.py", line 201, in clone_voice
    return(convert_color(projectfolder))
  File "/home/ubuntu/OpenVoice/job.py", line 277, in convert_color
    target_se, audio_name = se_extractor.get_se(ref_audio_path, tone_color_converter, vad=False)
  File "/home/ubuntu/OpenVoice/openvoice/se_extractor.py", line 150, in get_se
    raise NotImplementedError('No audio segments found!')
NotImplementedError: No audio segments found!
Traceback (most recent call last):
  File "/home/ubuntu/OpenVoice/job.py", line 334, in <module>
    clone_voice(f"./projects/{i}/{j}")
  File "/home/ubuntu/OpenVoice/job.py", line 201, in clone_voice
    return(convert_color(projectfolder))
  File "/home/ubuntu/OpenVoice/job.py", line 277, in convert_color
    target_se, audio_name = se_extractor.get_se(ref_audio_path, tone_color_converter, vad=False)
  File "/home/ubuntu/OpenVoice/openvoice/se_extractor.py", line 150, in get_se
    raise NotImplementedError('No audio segments found!')
NotImplementedError: No audio segments found!
Traceback (most recent call last):
  File "/home/ubuntu/OpenVoice/job.py", line 334, in <module>
    clone_voice(f"./projects/{i}/{j}")
  File "/home/ubuntu/OpenVoice/job.py", line 201, in clone_voice
    return(convert_color(projectfolder))
  File "/home/ubuntu/OpenVoice/job.py", line 277, in convert_color
    target_se, audio_name = se_extractor.get_se(ref_audio_path, tone_color_converter, vad=False)
  File "/home/ubuntu/OpenVoice/openvoice/se_extractor.py", line 150, in get_se
    raise NotImplementedError('No audio segments found!')
NotImplementedError: No audio segments found!
Traceback (most recent call last):
  File "/home/ubuntu/OpenVoice/job.py", line 334, in <module>
    clone_voice(f"./projects/{i}/{j}")
  File "/home/ubuntu/OpenVoice/job.py", line 201, in clone_voice
    return(convert_color(projectfolder))
  File "/home/ubuntu/OpenVoice/job.py", line 277, in convert_color
    target_se, audio_name = se_extractor.get_se(ref_audio_path, tone_color_converter, vad=False)
  File "/home/ubuntu/OpenVoice/openvoice/se_extractor.py", line 146, in get_se
    wavs_folder = split_audio_whisper(audio_path, target_dir=target_dir, audio_name=audio_name)
  File "/home/ubuntu/OpenVoice/openvoice/se_extractor.py", line 29, in split_audio_whisper
    segments = list(segments)
  File "/home/ubuntu/miniconda3/envs/openvoice/lib/python3.9/site-packages/faster_whisper/transcribe.py", line 433, in generate_segments
    ) = self.generate_with_fallback(encoder_output, prompt, tokenizer, options)
  File "/home/ubuntu/miniconda3/envs/openvoice/lib/python3.9/site-packages/faster_whisper/transcribe.py", line 641, in generate_with_fallback
    result = self.model.generate(
RuntimeError: CUDA failed with error out of memory
Traceback (most recent call last):
  File "/home/ubuntu/OpenVoice/job.py", line 334, in <module>
    clone_voice(f"./projects/{i}/{j}")
  File "/home/ubuntu/OpenVoice/job.py", line 201, in clone_voice
    return(convert_color(projectfolder))
  File "/home/ubuntu/OpenVoice/job.py", line 277, in convert_color
    target_se, audio_name = se_extractor.get_se(ref_audio_path, tone_color_converter, vad=False)
  File "/home/ubuntu/OpenVoice/openvoice/se_extractor.py", line 150, in get_se
    raise NotImplementedError('No audio segments found!')
NotImplementedError: No audio segments found!
Traceback (most recent call last):
  File "/home/ubuntu/OpenVoice/job.py", line 334, in <module>
    clone_voice(f"./projects/{i}/{j}")
  File "/home/ubuntu/OpenVoice/job.py", line 201, in clone_voice
    return(convert_color(projectfolder))
  File "/home/ubuntu/OpenVoice/job.py", line 277, in convert_color
    target_se, audio_name = se_extractor.get_se(ref_audio_path, tone_color_converter, vad=False)
  File "/home/ubuntu/OpenVoice/openvoice/se_extractor.py", line 146, in get_se
    wavs_folder = split_audio_whisper(audio_path, target_dir=target_dir, audio_name=audio_name)
  File "/home/ubuntu/OpenVoice/openvoice/se_extractor.py", line 29, in split_audio_whisper
    segments = list(segments)
  File "/home/ubuntu/miniconda3/envs/openvoice/lib/python3.9/site-packages/faster_whisper/transcribe.py", line 433, in generate_segments
    ) = self.generate_with_fallback(encoder_output, prompt, tokenizer, options)
  File "/home/ubuntu/miniconda3/envs/openvoice/lib/python3.9/site-packages/faster_whisper/transcribe.py", line 641, in generate_with_fallback
    result = self.model.generate(
RuntimeError: CUDA failed with error out of memory
Traceback (most recent call last):
  File "/home/ubuntu/OpenVoice/job.py", line 334, in <module>
    clone_voice(f"./projects/{i}/{j}")
  File "/home/ubuntu/OpenVoice/job.py", line 201, in clone_voice
    return(convert_color(projectfolder))
  File "/home/ubuntu/OpenVoice/job.py", line 277, in convert_color
    target_se, audio_name = se_extractor.get_se(ref_audio_path, tone_color_converter, vad=False)
  File "/home/ubuntu/OpenVoice/openvoice/se_extractor.py", line 150, in get_se
    raise NotImplementedError('No audio segments found!')
NotImplementedError: No audio segments found!
Traceback (most recent call last):
  File "/home/ubuntu/miniconda3/envs/openvoice/lib/python3.9/site-packages/librosa/core/audio.py", line 155, in load
    context = sf.SoundFile(path)
  File "/home/ubuntu/miniconda3/envs/openvoice/lib/python3.9/site-packages/soundfile.py", line 658, in __init__
    self._file = self._open(file, mode_int, closefd)
  File "/home/ubuntu/miniconda3/envs/openvoice/lib/python3.9/site-packages/soundfile.py", line 1216, in _open
    raise LibsndfileError(err, prefix="Error opening {0!r}: ".format(self.name))
soundfile.LibsndfileError: Error opening './projects/c501a927-6cd1-48cc-b075-5520c96c30f6/1/1_clone_Pro_Hewittuniquespaceitoutb6dd643c-3ef4-422d-b257-6513f8f39a5b#km-KH-SreymomNeural.mp3': File does not exist or is not a regular file (possibly a pipe?).

During handling of the above exception, another exception occurred:

Traceback (most recent call last):
  File "/home/ubuntu/OpenVoice/job.py", line 334, in <module>
    clone_voice(f"./projects/{i}/{j}")
  File "/home/ubuntu/OpenVoice/job.py", line 201, in clone_voice
    return(convert_color(projectfolder))
  File "/home/ubuntu/OpenVoice/job.py", line 314, in convert_color
    tone_color_converter.convert(
  File "/home/ubuntu/OpenVoice/openvoice/api.py", line 144, in convert
    audio, sample_rate = librosa.load(audio_src_path, sr=hps.data.sampling_rate)
  File "/home/ubuntu/miniconda3/envs/openvoice/lib/python3.9/site-packages/librosa/util/decorators.py", line 88, in inner_f
    return f(*args, **kwargs)
  File "/home/ubuntu/miniconda3/envs/openvoice/lib/python3.9/site-packages/librosa/core/audio.py", line 174, in load
    y, sr_native = __audioread_load(path, offset, duration, dtype)
  File "/home/ubuntu/miniconda3/envs/openvoice/lib/python3.9/site-packages/librosa/core/audio.py", line 198, in __audioread_load
    with audioread.audio_open(path) as input_file:
  File "/home/ubuntu/miniconda3/envs/openvoice/lib/python3.9/site-packages/audioread/__init__.py", line 127, in audio_open
    return BackendClass(path)
  File "/home/ubuntu/miniconda3/envs/openvoice/lib/python3.9/site-packages/audioread/rawread.py", line 62, in __init__
    self._file = aifc.open(self._fh)
  File "/home/ubuntu/miniconda3/envs/openvoice/lib/python3.9/aifc.py", line 917, in open
    return Aifc_read(f)
  File "/home/ubuntu/miniconda3/envs/openvoice/lib/python3.9/aifc.py", line 358, in __init__
    self.initfp(f)
  File "/home/ubuntu/miniconda3/envs/openvoice/lib/python3.9/aifc.py", line 314, in initfp
    chunk = Chunk(file)
  File "/home/ubuntu/miniconda3/envs/openvoice/lib/python3.9/chunk.py", line 63, in __init__
    raise EOFError
EOFError
Traceback (most recent call last):
  File "/home/ubuntu/miniconda3/envs/openvoice/lib/python3.9/site-packages/librosa/core/audio.py", line 155, in load
    context = sf.SoundFile(path)
  File "/home/ubuntu/miniconda3/envs/openvoice/lib/python3.9/site-packages/soundfile.py", line 658, in __init__
    self._file = self._open(file, mode_int, closefd)
  File "/home/ubuntu/miniconda3/envs/openvoice/lib/python3.9/site-packages/soundfile.py", line 1216, in _open
    raise LibsndfileError(err, prefix="Error opening {0!r}: ".format(self.name))
soundfile.LibsndfileError: Error opening './projects/7532dbe3-4706-467b-a664-dd212cde0f35/0/4_clone_Instant#km-KH-PisethNeural.mp3': File does not exist or is not a regular file (possibly a pipe?).

During handling of the above exception, another exception occurred:

Traceback (most recent call last):
  File "/home/ubuntu/OpenVoice/job.py", line 334, in <module>
    clone_voice(f"./projects/{i}/{j}")
  File "/home/ubuntu/OpenVoice/job.py", line 201, in clone_voice
    return(convert_color(projectfolder))
  File "/home/ubuntu/OpenVoice/job.py", line 314, in convert_color
    tone_color_converter.convert(
  File "/home/ubuntu/OpenVoice/openvoice/api.py", line 144, in convert
    audio, sample_rate = librosa.load(audio_src_path, sr=hps.data.sampling_rate)
  File "/home/ubuntu/miniconda3/envs/openvoice/lib/python3.9/site-packages/librosa/util/decorators.py", line 88, in inner_f
    return f(*args, **kwargs)
  File "/home/ubuntu/miniconda3/envs/openvoice/lib/python3.9/site-packages/librosa/core/audio.py", line 174, in load
    y, sr_native = __audioread_load(path, offset, duration, dtype)
  File "/home/ubuntu/miniconda3/envs/openvoice/lib/python3.9/site-packages/librosa/core/audio.py", line 198, in __audioread_load
    with audioread.audio_open(path) as input_file:
  File "/home/ubuntu/miniconda3/envs/openvoice/lib/python3.9/site-packages/audioread/__init__.py", line 127, in audio_open
    return BackendClass(path)
  File "/home/ubuntu/miniconda3/envs/openvoice/lib/python3.9/site-packages/audioread/rawread.py", line 62, in __init__
    self._file = aifc.open(self._fh)
  File "/home/ubuntu/miniconda3/envs/openvoice/lib/python3.9/aifc.py", line 917, in open
    return Aifc_read(f)
  File "/home/ubuntu/miniconda3/envs/openvoice/lib/python3.9/aifc.py", line 358, in __init__
    self.initfp(f)
  File "/home/ubuntu/miniconda3/envs/openvoice/lib/python3.9/aifc.py", line 314, in initfp
    chunk = Chunk(file)
  File "/home/ubuntu/miniconda3/envs/openvoice/lib/python3.9/chunk.py", line 63, in __init__
    raise EOFError
EOFError
Traceback (most recent call last):
  File "/home/ubuntu/OpenVoice/job.py", line 334, in <module>
    clone_voice(f"./projects/{i}/{j}")
  File "/home/ubuntu/OpenVoice/job.py", line 201, in clone_voice
    return(convert_color(projectfolder))
  File "/home/ubuntu/OpenVoice/job.py", line 277, in convert_color
    target_se, audio_name = se_extractor.get_se(ref_audio_path, tone_color_converter, vad=False)
  File "/home/ubuntu/OpenVoice/openvoice/se_extractor.py", line 150, in get_se
    raise NotImplementedError('No audio segments found!')
NotImplementedError: No audio segments found!
Traceback (most recent call last):
  File "/home/ubuntu/OpenVoice/job.py", line 334, in <module>
    clone_voice(f"./projects/{i}/{j}")
  File "/home/ubuntu/OpenVoice/job.py", line 201, in clone_voice
    return(convert_color(projectfolder))
  File "/home/ubuntu/OpenVoice/job.py", line 277, in convert_color
    target_se, audio_name = se_extractor.get_se(ref_audio_path, tone_color_converter, vad=False)
  File "/home/ubuntu/OpenVoice/openvoice/se_extractor.py", line 150, in get_se
    raise NotImplementedError('No audio segments found!')
NotImplementedError: No audio segments found!
Traceback (most recent call last):
  File "/home/ubuntu/OpenVoice/job.py", line 334, in <module>
    clone_voice(f"./projects/{i}/{j}")
  File "/home/ubuntu/OpenVoice/job.py", line 201, in clone_voice
    return(convert_color(projectfolder))
  File "/home/ubuntu/OpenVoice/job.py", line 277, in convert_color
    target_se, audio_name = se_extractor.get_se(ref_audio_path, tone_color_converter, vad=False)
  File "/home/ubuntu/OpenVoice/openvoice/se_extractor.py", line 146, in get_se
    wavs_folder = split_audio_whisper(audio_path, target_dir=target_dir, audio_name=audio_name)
  File "/home/ubuntu/OpenVoice/openvoice/se_extractor.py", line 29, in split_audio_whisper
    segments = list(segments)
  File "/home/ubuntu/miniconda3/envs/openvoice/lib/python3.9/site-packages/faster_whisper/transcribe.py", line 433, in generate_segments
    ) = self.generate_with_fallback(encoder_output, prompt, tokenizer, options)
  File "/home/ubuntu/miniconda3/envs/openvoice/lib/python3.9/site-packages/faster_whisper/transcribe.py", line 641, in generate_with_fallback
    result = self.model.generate(
RuntimeError: CUDA failed with error out of memory
Traceback (most recent call last):
  File "/home/ubuntu/OpenVoice/job.py", line 334, in <module>
    clone_voice(f"./projects/{i}/{j}")
  File "/home/ubuntu/OpenVoice/job.py", line 201, in clone_voice
    return(convert_color(projectfolder))
  File "/home/ubuntu/OpenVoice/job.py", line 277, in convert_color
    target_se, audio_name = se_extractor.get_se(ref_audio_path, tone_color_converter, vad=False)
  File "/home/ubuntu/OpenVoice/openvoice/se_extractor.py", line 146, in get_se
    wavs_folder = split_audio_whisper(audio_path, target_dir=target_dir, audio_name=audio_name)
  File "/home/ubuntu/OpenVoice/openvoice/se_extractor.py", line 29, in split_audio_whisper
    segments = list(segments)
  File "/home/ubuntu/miniconda3/envs/openvoice/lib/python3.9/site-packages/faster_whisper/transcribe.py", line 433, in generate_segments
    ) = self.generate_with_fallback(encoder_output, prompt, tokenizer, options)
  File "/home/ubuntu/miniconda3/envs/openvoice/lib/python3.9/site-packages/faster_whisper/transcribe.py", line 641, in generate_with_fallback
    result = self.model.generate(
RuntimeError: CUDA failed with error out of memory
Traceback (most recent call last):
  File "/home/ubuntu/OpenVoice/job.py", line 334, in <module>
    clone_voice(f"./projects/{i}/{j}")
  File "/home/ubuntu/OpenVoice/job.py", line 201, in clone_voice
    return(convert_color(projectfolder))
  File "/home/ubuntu/OpenVoice/job.py", line 277, in convert_color
    target_se, audio_name = se_extractor.get_se(ref_audio_path, tone_color_converter, vad=False)
  File "/home/ubuntu/OpenVoice/openvoice/se_extractor.py", line 146, in get_se
    wavs_folder = split_audio_whisper(audio_path, target_dir=target_dir, audio_name=audio_name)
  File "/home/ubuntu/OpenVoice/openvoice/se_extractor.py", line 29, in split_audio_whisper
    segments = list(segments)
  File "/home/ubuntu/miniconda3/envs/openvoice/lib/python3.9/site-packages/faster_whisper/transcribe.py", line 433, in generate_segments
    ) = self.generate_with_fallback(encoder_output, prompt, tokenizer, options)
  File "/home/ubuntu/miniconda3/envs/openvoice/lib/python3.9/site-packages/faster_whisper/transcribe.py", line 641, in generate_with_fallback
    result = self.model.generate(
RuntimeError: CUDA failed with error out of memory
Traceback (most recent call last):
  File "/home/ubuntu/OpenVoice/job.py", line 334, in <module>
    clone_voice(f"./projects/{i}/{j}")
  File "/home/ubuntu/OpenVoice/job.py", line 201, in clone_voice
    return(convert_color(projectfolder))
  File "/home/ubuntu/OpenVoice/job.py", line 277, in convert_color
    target_se, audio_name = se_extractor.get_se(ref_audio_path, tone_color_converter, vad=False)
  File "/home/ubuntu/OpenVoice/openvoice/se_extractor.py", line 146, in get_se
    wavs_folder = split_audio_whisper(audio_path, target_dir=target_dir, audio_name=audio_name)
  File "/home/ubuntu/OpenVoice/openvoice/se_extractor.py", line 29, in split_audio_whisper
    segments = list(segments)
  File "/home/ubuntu/miniconda3/envs/openvoice/lib/python3.9/site-packages/faster_whisper/transcribe.py", line 433, in generate_segments
    ) = self.generate_with_fallback(encoder_output, prompt, tokenizer, options)
  File "/home/ubuntu/miniconda3/envs/openvoice/lib/python3.9/site-packages/faster_whisper/transcribe.py", line 641, in generate_with_fallback
    result = self.model.generate(
RuntimeError: CUDA failed with error out of memory
Traceback (most recent call last):
  File "/home/ubuntu/OpenVoice/job.py", line 334, in <module>
    clone_voice(f"./projects/{i}/{j}")
  File "/home/ubuntu/OpenVoice/job.py", line 201, in clone_voice
    return(convert_color(projectfolder))
  File "/home/ubuntu/OpenVoice/job.py", line 277, in convert_color
    target_se, audio_name = se_extractor.get_se(ref_audio_path, tone_color_converter, vad=False)
  File "/home/ubuntu/OpenVoice/openvoice/se_extractor.py", line 146, in get_se
    wavs_folder = split_audio_whisper(audio_path, target_dir=target_dir, audio_name=audio_name)
  File "/home/ubuntu/OpenVoice/openvoice/se_extractor.py", line 29, in split_audio_whisper
    segments = list(segments)
  File "/home/ubuntu/miniconda3/envs/openvoice/lib/python3.9/site-packages/faster_whisper/transcribe.py", line 433, in generate_segments
    ) = self.generate_with_fallback(encoder_output, prompt, tokenizer, options)
  File "/home/ubuntu/miniconda3/envs/openvoice/lib/python3.9/site-packages/faster_whisper/transcribe.py", line 641, in generate_with_fallback
    result = self.model.generate(
RuntimeError: CUDA failed with error out of memory
Traceback (most recent call last):
  File "/home/ubuntu/miniconda3/envs/openvoice/lib/python3.9/site-packages/librosa/core/audio.py", line 155, in load
    context = sf.SoundFile(path)
  File "/home/ubuntu/miniconda3/envs/openvoice/lib/python3.9/site-packages/soundfile.py", line 658, in __init__
    self._file = self._open(file, mode_int, closefd)
  File "/home/ubuntu/miniconda3/envs/openvoice/lib/python3.9/site-packages/soundfile.py", line 1216, in _open
    raise LibsndfileError(err, prefix="Error opening {0!r}: ".format(self.name))
soundfile.LibsndfileError: Error opening './projects/9b872e10-1a3b-4baa-a257-8dc34c332a1d/2/4_clone_Instant#hi-IN-AaravNeural.mp3': File does not exist or is not a regular file (possibly a pipe?).

During handling of the above exception, another exception occurred:

Traceback (most recent call last):
  File "/home/ubuntu/OpenVoice/job.py", line 334, in <module>
    clone_voice(f"./projects/{i}/{j}")
  File "/home/ubuntu/OpenVoice/job.py", line 201, in clone_voice
    return(convert_color(projectfolder))
  File "/home/ubuntu/OpenVoice/job.py", line 314, in convert_color
    tone_color_converter.convert(
  File "/home/ubuntu/OpenVoice/openvoice/api.py", line 144, in convert
    audio, sample_rate = librosa.load(audio_src_path, sr=hps.data.sampling_rate)
  File "/home/ubuntu/miniconda3/envs/openvoice/lib/python3.9/site-packages/librosa/util/decorators.py", line 88, in inner_f
    return f(*args, **kwargs)
  File "/home/ubuntu/miniconda3/envs/openvoice/lib/python3.9/site-packages/librosa/core/audio.py", line 174, in load
    y, sr_native = __audioread_load(path, offset, duration, dtype)
  File "/home/ubuntu/miniconda3/envs/openvoice/lib/python3.9/site-packages/librosa/core/audio.py", line 198, in __audioread_load
    with audioread.audio_open(path) as input_file:
  File "/home/ubuntu/miniconda3/envs/openvoice/lib/python3.9/site-packages/audioread/__init__.py", line 127, in audio_open
    return BackendClass(path)
  File "/home/ubuntu/miniconda3/envs/openvoice/lib/python3.9/site-packages/audioread/rawread.py", line 62, in __init__
    self._file = aifc.open(self._fh)
  File "/home/ubuntu/miniconda3/envs/openvoice/lib/python3.9/aifc.py", line 917, in open
    return Aifc_read(f)
  File "/home/ubuntu/miniconda3/envs/openvoice/lib/python3.9/aifc.py", line 358, in __init__
    self.initfp(f)
  File "/home/ubuntu/miniconda3/envs/openvoice/lib/python3.9/aifc.py", line 314, in initfp
    chunk = Chunk(file)
  File "/home/ubuntu/miniconda3/envs/openvoice/lib/python3.9/chunk.py", line 63, in __init__
    raise EOFError
EOFError
Traceback (most recent call last):
  File "/home/ubuntu/OpenVoice/job.py", line 334, in <module>
    clone_voice(f"./projects/{i}/{j}")
  File "/home/ubuntu/OpenVoice/job.py", line 201, in clone_voice
    return(convert_color(projectfolder))
  File "/home/ubuntu/OpenVoice/job.py", line 277, in convert_color
    target_se, audio_name = se_extractor.get_se(ref_audio_path, tone_color_converter, vad=False)
  File "/home/ubuntu/OpenVoice/openvoice/se_extractor.py", line 146, in get_se
    wavs_folder = split_audio_whisper(audio_path, target_dir=target_dir, audio_name=audio_name)
  File "/home/ubuntu/OpenVoice/openvoice/se_extractor.py", line 29, in split_audio_whisper
    segments = list(segments)
  File "/home/ubuntu/miniconda3/envs/openvoice/lib/python3.9/site-packages/faster_whisper/transcribe.py", line 433, in generate_segments
    ) = self.generate_with_fallback(encoder_output, prompt, tokenizer, options)
  File "/home/ubuntu/miniconda3/envs/openvoice/lib/python3.9/site-packages/faster_whisper/transcribe.py", line 641, in generate_with_fallback
    result = self.model.generate(
RuntimeError: CUDA failed with error out of memory
Traceback (most recent call last):
  File "/home/ubuntu/OpenVoice/job.py", line 334, in <module>
    clone_voice(f"./projects/{i}/{j}")
  File "/home/ubuntu/OpenVoice/job.py", line 201, in clone_voice
    return(convert_color(projectfolder))
  File "/home/ubuntu/OpenVoice/job.py", line 277, in convert_color
    target_se, audio_name = se_extractor.get_se(ref_audio_path, tone_color_converter, vad=False)
  File "/home/ubuntu/OpenVoice/openvoice/se_extractor.py", line 146, in get_se
    wavs_folder = split_audio_whisper(audio_path, target_dir=target_dir, audio_name=audio_name)
  File "/home/ubuntu/OpenVoice/openvoice/se_extractor.py", line 29, in split_audio_whisper
    segments = list(segments)
  File "/home/ubuntu/miniconda3/envs/openvoice/lib/python3.9/site-packages/faster_whisper/transcribe.py", line 433, in generate_segments
    ) = self.generate_with_fallback(encoder_output, prompt, tokenizer, options)
  File "/home/ubuntu/miniconda3/envs/openvoice/lib/python3.9/site-packages/faster_whisper/transcribe.py", line 641, in generate_with_fallback
    result = self.model.generate(
RuntimeError: CUDA failed with error out of memory
Traceback (most recent call last):
  File "/home/ubuntu/OpenVoice/job.py", line 334, in <module>
    clone_voice(f"./projects/{i}/{j}")
  File "/home/ubuntu/OpenVoice/job.py", line 201, in clone_voice
    return(convert_color(projectfolder))
  File "/home/ubuntu/OpenVoice/job.py", line 277, in convert_color
    target_se, audio_name = se_extractor.get_se(ref_audio_path, tone_color_converter, vad=False)
  File "/home/ubuntu/OpenVoice/openvoice/se_extractor.py", line 146, in get_se
    wavs_folder = split_audio_whisper(audio_path, target_dir=target_dir, audio_name=audio_name)
  File "/home/ubuntu/OpenVoice/openvoice/se_extractor.py", line 29, in split_audio_whisper
    segments = list(segments)
  File "/home/ubuntu/miniconda3/envs/openvoice/lib/python3.9/site-packages/faster_whisper/transcribe.py", line 433, in generate_segments
    ) = self.generate_with_fallback(encoder_output, prompt, tokenizer, options)
  File "/home/ubuntu/miniconda3/envs/openvoice/lib/python3.9/site-packages/faster_whisper/transcribe.py", line 641, in generate_with_fallback
    result = self.model.generate(
RuntimeError: CUDA failed with error out of memory
Traceback (most recent call last):
  File "/home/ubuntu/OpenVoice/job.py", line 334, in <module>
    clone_voice(f"./projects/{i}/{j}")
  File "/home/ubuntu/OpenVoice/job.py", line 201, in clone_voice
    return(convert_color(projectfolder))
  File "/home/ubuntu/OpenVoice/job.py", line 277, in convert_color
    target_se, audio_name = se_extractor.get_se(ref_audio_path, tone_color_converter, vad=False)
  File "/home/ubuntu/OpenVoice/openvoice/se_extractor.py", line 146, in get_se
    wavs_folder = split_audio_whisper(audio_path, target_dir=target_dir, audio_name=audio_name)
  File "/home/ubuntu/OpenVoice/openvoice/se_extractor.py", line 29, in split_audio_whisper
    segments = list(segments)
  File "/home/ubuntu/miniconda3/envs/openvoice/lib/python3.9/site-packages/faster_whisper/transcribe.py", line 433, in generate_segments
    ) = self.generate_with_fallback(encoder_output, prompt, tokenizer, options)
  File "/home/ubuntu/miniconda3/envs/openvoice/lib/python3.9/site-packages/faster_whisper/transcribe.py", line 641, in generate_with_fallback
    result = self.model.generate(
RuntimeError: CUDA failed with error out of memory
Traceback (most recent call last):
  File "/home/ubuntu/OpenVoice/job.py", line 334, in <module>
    clone_voice(f"./projects/{i}/{j}")
  File "/home/ubuntu/OpenVoice/job.py", line 201, in clone_voice
    return(convert_color(projectfolder))
  File "/home/ubuntu/OpenVoice/job.py", line 277, in convert_color
    target_se, audio_name = se_extractor.get_se(ref_audio_path, tone_color_converter, vad=False)
  File "/home/ubuntu/OpenVoice/openvoice/se_extractor.py", line 150, in get_se
    raise NotImplementedError('No audio segments found!')
NotImplementedError: No audio segments found!
Traceback (most recent call last):
  File "/home/ubuntu/OpenVoice/job.py", line 334, in <module>
    clone_voice(f"./projects/{i}/{j}")
  File "/home/ubuntu/OpenVoice/job.py", line 201, in clone_voice
    return(convert_color(projectfolder))
  File "/home/ubuntu/OpenVoice/job.py", line 277, in convert_color
    target_se, audio_name = se_extractor.get_se(ref_audio_path, tone_color_converter, vad=False)
  File "/home/ubuntu/OpenVoice/openvoice/se_extractor.py", line 146, in get_se
    wavs_folder = split_audio_whisper(audio_path, target_dir=target_dir, audio_name=audio_name)
  File "/home/ubuntu/OpenVoice/openvoice/se_extractor.py", line 29, in split_audio_whisper
    segments = list(segments)
  File "/home/ubuntu/miniconda3/envs/openvoice/lib/python3.9/site-packages/faster_whisper/transcribe.py", line 433, in generate_segments
    ) = self.generate_with_fallback(encoder_output, prompt, tokenizer, options)
  File "/home/ubuntu/miniconda3/envs/openvoice/lib/python3.9/site-packages/faster_whisper/transcribe.py", line 641, in generate_with_fallback
    result = self.model.generate(
RuntimeError: CUDA failed with error out of memory
Traceback (most recent call last):
  File "/home/ubuntu/OpenVoice/job.py", line 334, in <module>
    clone_voice(f"./projects/{i}/{j}")
  File "/home/ubuntu/OpenVoice/job.py", line 201, in clone_voice
    return(convert_color(projectfolder))
  File "/home/ubuntu/OpenVoice/job.py", line 277, in convert_color
    target_se, audio_name = se_extractor.get_se(ref_audio_path, tone_color_converter, vad=False)
  File "/home/ubuntu/OpenVoice/openvoice/se_extractor.py", line 146, in get_se
    wavs_folder = split_audio_whisper(audio_path, target_dir=target_dir, audio_name=audio_name)
  File "/home/ubuntu/OpenVoice/openvoice/se_extractor.py", line 29, in split_audio_whisper
    segments = list(segments)
  File "/home/ubuntu/miniconda3/envs/openvoice/lib/python3.9/site-packages/faster_whisper/transcribe.py", line 433, in generate_segments
    ) = self.generate_with_fallback(encoder_output, prompt, tokenizer, options)
  File "/home/ubuntu/miniconda3/envs/openvoice/lib/python3.9/site-packages/faster_whisper/transcribe.py", line 641, in generate_with_fallback
    result = self.model.generate(
RuntimeError: CUDA failed with error out of memory
Traceback (most recent call last):
  File "/home/ubuntu/OpenVoice/job.py", line 334, in <module>
    clone_voice(f"./projects/{i}/{j}")
  File "/home/ubuntu/OpenVoice/job.py", line 201, in clone_voice
    return(convert_color(projectfolder))
  File "/home/ubuntu/OpenVoice/job.py", line 277, in convert_color
    target_se, audio_name = se_extractor.get_se(ref_audio_path, tone_color_converter, vad=False)
  File "/home/ubuntu/OpenVoice/openvoice/se_extractor.py", line 146, in get_se
    wavs_folder = split_audio_whisper(audio_path, target_dir=target_dir, audio_name=audio_name)
  File "/home/ubuntu/OpenVoice/openvoice/se_extractor.py", line 29, in split_audio_whisper
    segments = list(segments)
  File "/home/ubuntu/miniconda3/envs/openvoice/lib/python3.9/site-packages/faster_whisper/transcribe.py", line 433, in generate_segments
    ) = self.generate_with_fallback(encoder_output, prompt, tokenizer, options)
  File "/home/ubuntu/miniconda3/envs/openvoice/lib/python3.9/site-packages/faster_whisper/transcribe.py", line 641, in generate_with_fallback
    result = self.model.generate(
RuntimeError: CUDA failed with error out of memory
Traceback (most recent call last):
  File "/home/ubuntu/OpenVoice/job.py", line 334, in <module>
    clone_voice(f"./projects/{i}/{j}")
  File "/home/ubuntu/OpenVoice/job.py", line 201, in clone_voice
    return(convert_color(projectfolder))
  File "/home/ubuntu/OpenVoice/job.py", line 277, in convert_color
    target_se, audio_name = se_extractor.get_se(ref_audio_path, tone_color_converter, vad=False)
  File "/home/ubuntu/OpenVoice/openvoice/se_extractor.py", line 146, in get_se
    wavs_folder = split_audio_whisper(audio_path, target_dir=target_dir, audio_name=audio_name)
  File "/home/ubuntu/OpenVoice/openvoice/se_extractor.py", line 29, in split_audio_whisper
    segments = list(segments)
  File "/home/ubuntu/miniconda3/envs/openvoice/lib/python3.9/site-packages/faster_whisper/transcribe.py", line 433, in generate_segments
    ) = self.generate_with_fallback(encoder_output, prompt, tokenizer, options)
  File "/home/ubuntu/miniconda3/envs/openvoice/lib/python3.9/site-packages/faster_whisper/transcribe.py", line 641, in generate_with_fallback
    result = self.model.generate(
RuntimeError: CUDA failed with error out of memory
Traceback (most recent call last):
  File "/home/ubuntu/OpenVoice/job.py", line 334, in <module>
    clone_voice(f"./projects/{i}/{j}")
  File "/home/ubuntu/OpenVoice/job.py", line 201, in clone_voice
    return(convert_color(projectfolder))
  File "/home/ubuntu/OpenVoice/job.py", line 277, in convert_color
    target_se, audio_name = se_extractor.get_se(ref_audio_path, tone_color_converter, vad=False)
  File "/home/ubuntu/OpenVoice/openvoice/se_extractor.py", line 146, in get_se
    wavs_folder = split_audio_whisper(audio_path, target_dir=target_dir, audio_name=audio_name)
  File "/home/ubuntu/OpenVoice/openvoice/se_extractor.py", line 29, in split_audio_whisper
    segments = list(segments)
  File "/home/ubuntu/miniconda3/envs/openvoice/lib/python3.9/site-packages/faster_whisper/transcribe.py", line 433, in generate_segments
    ) = self.generate_with_fallback(encoder_output, prompt, tokenizer, options)
  File "/home/ubuntu/miniconda3/envs/openvoice/lib/python3.9/site-packages/faster_whisper/transcribe.py", line 641, in generate_with_fallback
    result = self.model.generate(
RuntimeError: CUDA failed with error out of memory
Traceback (most recent call last):
  File "/home/ubuntu/miniconda3/envs/openvoice/lib/python3.9/site-packages/librosa/core/audio.py", line 155, in load
    context = sf.SoundFile(path)
  File "/home/ubuntu/miniconda3/envs/openvoice/lib/python3.9/site-packages/soundfile.py", line 658, in __init__
    self._file = self._open(file, mode_int, closefd)
  File "/home/ubuntu/miniconda3/envs/openvoice/lib/python3.9/site-packages/soundfile.py", line 1216, in _open
    raise LibsndfileError(err, prefix="Error opening {0!r}: ".format(self.name))
soundfile.LibsndfileError: Error opening './projects/ab1ae84e-94a8-4932-8dcf-115169b5e304/0/5_clone_Instant#en-GB-ThomasNeural.mp3': File does not exist or is not a regular file (possibly a pipe?).

During handling of the above exception, another exception occurred:

Traceback (most recent call last):
  File "/home/ubuntu/OpenVoice/job.py", line 334, in <module>
    clone_voice(f"./projects/{i}/{j}")
  File "/home/ubuntu/OpenVoice/job.py", line 201, in clone_voice
    return(convert_color(projectfolder))
  File "/home/ubuntu/OpenVoice/job.py", line 314, in convert_color
    tone_color_converter.convert(
  File "/home/ubuntu/OpenVoice/openvoice/api.py", line 144, in convert
    audio, sample_rate = librosa.load(audio_src_path, sr=hps.data.sampling_rate)
  File "/home/ubuntu/miniconda3/envs/openvoice/lib/python3.9/site-packages/librosa/util/decorators.py", line 88, in inner_f
    return f(*args, **kwargs)
  File "/home/ubuntu/miniconda3/envs/openvoice/lib/python3.9/site-packages/librosa/core/audio.py", line 174, in load
    y, sr_native = __audioread_load(path, offset, duration, dtype)
  File "/home/ubuntu/miniconda3/envs/openvoice/lib/python3.9/site-packages/librosa/core/audio.py", line 198, in __audioread_load
    with audioread.audio_open(path) as input_file:
  File "/home/ubuntu/miniconda3/envs/openvoice/lib/python3.9/site-packages/audioread/__init__.py", line 127, in audio_open
    return BackendClass(path)
  File "/home/ubuntu/miniconda3/envs/openvoice/lib/python3.9/site-packages/audioread/rawread.py", line 62, in __init__
    self._file = aifc.open(self._fh)
  File "/home/ubuntu/miniconda3/envs/openvoice/lib/python3.9/aifc.py", line 917, in open
    return Aifc_read(f)
  File "/home/ubuntu/miniconda3/envs/openvoice/lib/python3.9/aifc.py", line 358, in __init__
    self.initfp(f)
  File "/home/ubuntu/miniconda3/envs/openvoice/lib/python3.9/aifc.py", line 314, in initfp
    chunk = Chunk(file)
  File "/home/ubuntu/miniconda3/envs/openvoice/lib/python3.9/chunk.py", line 63, in __init__
    raise EOFError
EOFError
Traceback (most recent call last):
  File "/home/ubuntu/OpenVoice/job.py", line 334, in <module>
    clone_voice(f"./projects/{i}/{j}")
  File "/home/ubuntu/OpenVoice/job.py", line 201, in clone_voice
    return(convert_color(projectfolder))
  File "/home/ubuntu/OpenVoice/job.py", line 277, in convert_color
    target_se, audio_name = se_extractor.get_se(ref_audio_path, tone_color_converter, vad=False)
  File "/home/ubuntu/OpenVoice/openvoice/se_extractor.py", line 146, in get_se
    wavs_folder = split_audio_whisper(audio_path, target_dir=target_dir, audio_name=audio_name)
  File "/home/ubuntu/OpenVoice/openvoice/se_extractor.py", line 29, in split_audio_whisper
    segments = list(segments)
  File "/home/ubuntu/miniconda3/envs/openvoice/lib/python3.9/site-packages/faster_whisper/transcribe.py", line 433, in generate_segments
    ) = self.generate_with_fallback(encoder_output, prompt, tokenizer, options)
  File "/home/ubuntu/miniconda3/envs/openvoice/lib/python3.9/site-packages/faster_whisper/transcribe.py", line 641, in generate_with_fallback
    result = self.model.generate(
RuntimeError: CUDA failed with error out of memory
Traceback (most recent call last):
  File "/home/ubuntu/OpenVoice/job.py", line 334, in <module>
    clone_voice(f"./projects/{i}/{j}")
  File "/home/ubuntu/OpenVoice/job.py", line 201, in clone_voice
    return(convert_color(projectfolder))
  File "/home/ubuntu/OpenVoice/job.py", line 277, in convert_color
    target_se, audio_name = se_extractor.get_se(ref_audio_path, tone_color_converter, vad=False)
  File "/home/ubuntu/OpenVoice/openvoice/se_extractor.py", line 146, in get_se
    wavs_folder = split_audio_whisper(audio_path, target_dir=target_dir, audio_name=audio_name)
  File "/home/ubuntu/OpenVoice/openvoice/se_extractor.py", line 29, in split_audio_whisper
    segments = list(segments)
  File "/home/ubuntu/miniconda3/envs/openvoice/lib/python3.9/site-packages/faster_whisper/transcribe.py", line 433, in generate_segments
    ) = self.generate_with_fallback(encoder_output, prompt, tokenizer, options)
  File "/home/ubuntu/miniconda3/envs/openvoice/lib/python3.9/site-packages/faster_whisper/transcribe.py", line 641, in generate_with_fallback
    result = self.model.generate(
RuntimeError: CUDA failed with error out of memory
Traceback (most recent call last):
  File "/home/ubuntu/OpenVoice/job.py", line 334, in <module>
    clone_voice(f"./projects/{i}/{j}")
  File "/home/ubuntu/OpenVoice/job.py", line 201, in clone_voice
    return(convert_color(projectfolder))
  File "/home/ubuntu/OpenVoice/job.py", line 277, in convert_color
    target_se, audio_name = se_extractor.get_se(ref_audio_path, tone_color_converter, vad=False)
  File "/home/ubuntu/OpenVoice/openvoice/se_extractor.py", line 146, in get_se
    wavs_folder = split_audio_whisper(audio_path, target_dir=target_dir, audio_name=audio_name)
  File "/home/ubuntu/OpenVoice/openvoice/se_extractor.py", line 29, in split_audio_whisper
    segments = list(segments)
  File "/home/ubuntu/miniconda3/envs/openvoice/lib/python3.9/site-packages/faster_whisper/transcribe.py", line 433, in generate_segments
    ) = self.generate_with_fallback(encoder_output, prompt, tokenizer, options)
  File "/home/ubuntu/miniconda3/envs/openvoice/lib/python3.9/site-packages/faster_whisper/transcribe.py", line 641, in generate_with_fallback
    result = self.model.generate(
RuntimeError: CUDA failed with error out of memory
Traceback (most recent call last):
  File "/home/ubuntu/OpenVoice/job.py", line 334, in <module>
    clone_voice(f"./projects/{i}/{j}")
  File "/home/ubuntu/OpenVoice/job.py", line 201, in clone_voice
    return(convert_color(projectfolder))
  File "/home/ubuntu/OpenVoice/job.py", line 277, in convert_color
    target_se, audio_name = se_extractor.get_se(ref_audio_path, tone_color_converter, vad=False)
  File "/home/ubuntu/OpenVoice/openvoice/se_extractor.py", line 146, in get_se
    wavs_folder = split_audio_whisper(audio_path, target_dir=target_dir, audio_name=audio_name)
  File "/home/ubuntu/OpenVoice/openvoice/se_extractor.py", line 29, in split_audio_whisper
    segments = list(segments)
  File "/home/ubuntu/miniconda3/envs/openvoice/lib/python3.9/site-packages/faster_whisper/transcribe.py", line 433, in generate_segments
    ) = self.generate_with_fallback(encoder_output, prompt, tokenizer, options)
  File "/home/ubuntu/miniconda3/envs/openvoice/lib/python3.9/site-packages/faster_whisper/transcribe.py", line 641, in generate_with_fallback
    result = self.model.generate(
RuntimeError: CUDA failed with error out of memory
Traceback (most recent call last):
  File "/home/ubuntu/OpenVoice/job.py", line 334, in <module>
    clone_voice(f"./projects/{i}/{j}")
  File "/home/ubuntu/OpenVoice/job.py", line 201, in clone_voice
    return(convert_color(projectfolder))
  File "/home/ubuntu/OpenVoice/job.py", line 277, in convert_color
    target_se, audio_name = se_extractor.get_se(ref_audio_path, tone_color_converter, vad=False)
  File "/home/ubuntu/OpenVoice/openvoice/se_extractor.py", line 150, in get_se
    raise NotImplementedError('No audio segments found!')
NotImplementedError: No audio segments found!
Traceback (most recent call last):
  File "/home/ubuntu/miniconda3/envs/openvoice/lib/python3.9/site-packages/librosa/core/audio.py", line 155, in load
    context = sf.SoundFile(path)
  File "/home/ubuntu/miniconda3/envs/openvoice/lib/python3.9/site-packages/soundfile.py", line 658, in __init__
    self._file = self._open(file, mode_int, closefd)
  File "/home/ubuntu/miniconda3/envs/openvoice/lib/python3.9/site-packages/soundfile.py", line 1216, in _open
    raise LibsndfileError(err, prefix="Error opening {0!r}: ".format(self.name))
soundfile.LibsndfileError: Error opening './projects/1c3aaab7-9746-467b-b4b4-0b1e6d9937e7/0/14_clone_Instant#hi-IN-SwaraNeural.mp3': File does not exist or is not a regular file (possibly a pipe?).

During handling of the above exception, another exception occurred:

Traceback (most recent call last):
  File "/home/ubuntu/OpenVoice/job.py", line 334, in <module>
    clone_voice(f"./projects/{i}/{j}")
  File "/home/ubuntu/OpenVoice/job.py", line 201, in clone_voice
    return(convert_color(projectfolder))
  File "/home/ubuntu/OpenVoice/job.py", line 314, in convert_color
    tone_color_converter.convert(
  File "/home/ubuntu/OpenVoice/openvoice/api.py", line 144, in convert
    audio, sample_rate = librosa.load(audio_src_path, sr=hps.data.sampling_rate)
  File "/home/ubuntu/miniconda3/envs/openvoice/lib/python3.9/site-packages/librosa/util/decorators.py", line 88, in inner_f
    return f(*args, **kwargs)
  File "/home/ubuntu/miniconda3/envs/openvoice/lib/python3.9/site-packages/librosa/core/audio.py", line 174, in load
    y, sr_native = __audioread_load(path, offset, duration, dtype)
  File "/home/ubuntu/miniconda3/envs/openvoice/lib/python3.9/site-packages/librosa/core/audio.py", line 198, in __audioread_load
    with audioread.audio_open(path) as input_file:
  File "/home/ubuntu/miniconda3/envs/openvoice/lib/python3.9/site-packages/audioread/__init__.py", line 127, in audio_open
    return BackendClass(path)
  File "/home/ubuntu/miniconda3/envs/openvoice/lib/python3.9/site-packages/audioread/rawread.py", line 62, in __init__
    self._file = aifc.open(self._fh)
  File "/home/ubuntu/miniconda3/envs/openvoice/lib/python3.9/aifc.py", line 917, in open
    return Aifc_read(f)
  File "/home/ubuntu/miniconda3/envs/openvoice/lib/python3.9/aifc.py", line 358, in __init__
    self.initfp(f)
  File "/home/ubuntu/miniconda3/envs/openvoice/lib/python3.9/aifc.py", line 314, in initfp
    chunk = Chunk(file)
  File "/home/ubuntu/miniconda3/envs/openvoice/lib/python3.9/chunk.py", line 63, in __init__
    raise EOFError
EOFError
Traceback (most recent call last):
  File "/home/ubuntu/OpenVoice/job.py", line 334, in <module>
    clone_voice(f"./projects/{i}/{j}")
  File "/home/ubuntu/OpenVoice/job.py", line 201, in clone_voice
    return(convert_color(projectfolder))
  File "/home/ubuntu/OpenVoice/job.py", line 277, in convert_color
    target_se, audio_name = se_extractor.get_se(ref_audio_path, tone_color_converter, vad=False)
  File "/home/ubuntu/OpenVoice/openvoice/se_extractor.py", line 146, in get_se
    wavs_folder = split_audio_whisper(audio_path, target_dir=target_dir, audio_name=audio_name)
  File "/home/ubuntu/OpenVoice/openvoice/se_extractor.py", line 29, in split_audio_whisper
    segments = list(segments)
  File "/home/ubuntu/miniconda3/envs/openvoice/lib/python3.9/site-packages/faster_whisper/transcribe.py", line 433, in generate_segments
    ) = self.generate_with_fallback(encoder_output, prompt, tokenizer, options)
  File "/home/ubuntu/miniconda3/envs/openvoice/lib/python3.9/site-packages/faster_whisper/transcribe.py", line 641, in generate_with_fallback
    result = self.model.generate(
RuntimeError: CUDA failed with error out of memory
Traceback (most recent call last):
  File "/home/ubuntu/OpenVoice/job.py", line 334, in <module>
    clone_voice(f"./projects/{i}/{j}")
  File "/home/ubuntu/OpenVoice/job.py", line 201, in clone_voice
    return(convert_color(projectfolder))
  File "/home/ubuntu/OpenVoice/job.py", line 277, in convert_color
    target_se, audio_name = se_extractor.get_se(ref_audio_path, tone_color_converter, vad=False)
  File "/home/ubuntu/OpenVoice/openvoice/se_extractor.py", line 146, in get_se
    wavs_folder = split_audio_whisper(audio_path, target_dir=target_dir, audio_name=audio_name)
  File "/home/ubuntu/OpenVoice/openvoice/se_extractor.py", line 29, in split_audio_whisper
    segments = list(segments)
  File "/home/ubuntu/miniconda3/envs/openvoice/lib/python3.9/site-packages/faster_whisper/transcribe.py", line 433, in generate_segments
    ) = self.generate_with_fallback(encoder_output, prompt, tokenizer, options)
  File "/home/ubuntu/miniconda3/envs/openvoice/lib/python3.9/site-packages/faster_whisper/transcribe.py", line 641, in generate_with_fallback
    result = self.model.generate(
RuntimeError: CUDA failed with error out of memory
Traceback (most recent call last):
  File "/home/ubuntu/OpenVoice/job.py", line 334, in <module>
    clone_voice(f"./projects/{i}/{j}")
  File "/home/ubuntu/OpenVoice/job.py", line 201, in clone_voice
    return(convert_color(projectfolder))
  File "/home/ubuntu/OpenVoice/job.py", line 277, in convert_color
    target_se, audio_name = se_extractor.get_se(ref_audio_path, tone_color_converter, vad=False)
  File "/home/ubuntu/OpenVoice/openvoice/se_extractor.py", line 150, in get_se
    raise NotImplementedError('No audio segments found!')
NotImplementedError: No audio segments found!
Traceback (most recent call last):
  File "/home/ubuntu/OpenVoice/job.py", line 334, in <module>
    clone_voice(f"./projects/{i}/{j}")
  File "/home/ubuntu/OpenVoice/job.py", line 201, in clone_voice
    return(convert_color(projectfolder))
  File "/home/ubuntu/OpenVoice/job.py", line 277, in convert_color
    target_se, audio_name = se_extractor.get_se(ref_audio_path, tone_color_converter, vad=False)
  File "/home/ubuntu/OpenVoice/openvoice/se_extractor.py", line 146, in get_se
    wavs_folder = split_audio_whisper(audio_path, target_dir=target_dir, audio_name=audio_name)
  File "/home/ubuntu/OpenVoice/openvoice/se_extractor.py", line 29, in split_audio_whisper
    segments = list(segments)
  File "/home/ubuntu/miniconda3/envs/openvoice/lib/python3.9/site-packages/faster_whisper/transcribe.py", line 433, in generate_segments
    ) = self.generate_with_fallback(encoder_output, prompt, tokenizer, options)
  File "/home/ubuntu/miniconda3/envs/openvoice/lib/python3.9/site-packages/faster_whisper/transcribe.py", line 641, in generate_with_fallback
    result = self.model.generate(
RuntimeError: CUDA failed with error out of memory
Traceback (most recent call last):
  File "/home/ubuntu/OpenVoice/job.py", line 334, in <module>
    clone_voice(f"./projects/{i}/{j}")
  File "/home/ubuntu/OpenVoice/job.py", line 201, in clone_voice
    return(convert_color(projectfolder))
  File "/home/ubuntu/OpenVoice/job.py", line 277, in convert_color
    target_se, audio_name = se_extractor.get_se(ref_audio_path, tone_color_converter, vad=False)
  File "/home/ubuntu/OpenVoice/openvoice/se_extractor.py", line 146, in get_se
    wavs_folder = split_audio_whisper(audio_path, target_dir=target_dir, audio_name=audio_name)
  File "/home/ubuntu/OpenVoice/openvoice/se_extractor.py", line 29, in split_audio_whisper
    segments = list(segments)
  File "/home/ubuntu/miniconda3/envs/openvoice/lib/python3.9/site-packages/faster_whisper/transcribe.py", line 433, in generate_segments
    ) = self.generate_with_fallback(encoder_output, prompt, tokenizer, options)
  File "/home/ubuntu/miniconda3/envs/openvoice/lib/python3.9/site-packages/faster_whisper/transcribe.py", line 641, in generate_with_fallback
    result = self.model.generate(
RuntimeError: CUDA failed with error out of memory
Traceback (most recent call last):
  File "/home/ubuntu/OpenVoice/job.py", line 334, in <module>
    clone_voice(f"./projects/{i}/{j}")
  File "/home/ubuntu/OpenVoice/job.py", line 201, in clone_voice
    return(convert_color(projectfolder))
  File "/home/ubuntu/OpenVoice/job.py", line 277, in convert_color
    target_se, audio_name = se_extractor.get_se(ref_audio_path, tone_color_converter, vad=False)
  File "/home/ubuntu/OpenVoice/openvoice/se_extractor.py", line 146, in get_se
    wavs_folder = split_audio_whisper(audio_path, target_dir=target_dir, audio_name=audio_name)
  File "/home/ubuntu/OpenVoice/openvoice/se_extractor.py", line 29, in split_audio_whisper
    segments = list(segments)
  File "/home/ubuntu/miniconda3/envs/openvoice/lib/python3.9/site-packages/faster_whisper/transcribe.py", line 433, in generate_segments
    ) = self.generate_with_fallback(encoder_output, prompt, tokenizer, options)
  File "/home/ubuntu/miniconda3/envs/openvoice/lib/python3.9/site-packages/faster_whisper/transcribe.py", line 641, in generate_with_fallback
    result = self.model.generate(
RuntimeError: CUDA failed with error out of memory
Traceback (most recent call last):
  File "/home/ubuntu/OpenVoice/job.py", line 334, in <module>
    clone_voice(f"./projects/{i}/{j}")
  File "/home/ubuntu/OpenVoice/job.py", line 201, in clone_voice
    return(convert_color(projectfolder))
  File "/home/ubuntu/OpenVoice/job.py", line 277, in convert_color
    target_se, audio_name = se_extractor.get_se(ref_audio_path, tone_color_converter, vad=False)
  File "/home/ubuntu/OpenVoice/openvoice/se_extractor.py", line 146, in get_se
    wavs_folder = split_audio_whisper(audio_path, target_dir=target_dir, audio_name=audio_name)
  File "/home/ubuntu/OpenVoice/openvoice/se_extractor.py", line 29, in split_audio_whisper
    segments = list(segments)
  File "/home/ubuntu/miniconda3/envs/openvoice/lib/python3.9/site-packages/faster_whisper/transcribe.py", line 433, in generate_segments
    ) = self.generate_with_fallback(encoder_output, prompt, tokenizer, options)
  File "/home/ubuntu/miniconda3/envs/openvoice/lib/python3.9/site-packages/faster_whisper/transcribe.py", line 641, in generate_with_fallback
    result = self.model.generate(
RuntimeError: CUDA failed with error out of memory
Traceback (most recent call last):
  File "/home/ubuntu/OpenVoice/job.py", line 334, in <module>
    clone_voice(f"./projects/{i}/{j}")
  File "/home/ubuntu/OpenVoice/job.py", line 201, in clone_voice
    return(convert_color(projectfolder))
  File "/home/ubuntu/OpenVoice/job.py", line 277, in convert_color
    target_se, audio_name = se_extractor.get_se(ref_audio_path, tone_color_converter, vad=False)
  File "/home/ubuntu/OpenVoice/openvoice/se_extractor.py", line 146, in get_se
    wavs_folder = split_audio_whisper(audio_path, target_dir=target_dir, audio_name=audio_name)
  File "/home/ubuntu/OpenVoice/openvoice/se_extractor.py", line 29, in split_audio_whisper
    segments = list(segments)
  File "/home/ubuntu/miniconda3/envs/openvoice/lib/python3.9/site-packages/faster_whisper/transcribe.py", line 433, in generate_segments
    ) = self.generate_with_fallback(encoder_output, prompt, tokenizer, options)
  File "/home/ubuntu/miniconda3/envs/openvoice/lib/python3.9/site-packages/faster_whisper/transcribe.py", line 641, in generate_with_fallback
    result = self.model.generate(
RuntimeError: CUDA failed with error out of memory
Traceback (most recent call last):
  File "/home/ubuntu/OpenVoice/job.py", line 334, in <module>
    clone_voice(f"./projects/{i}/{j}")
  File "/home/ubuntu/OpenVoice/job.py", line 201, in clone_voice
    return(convert_color(projectfolder))
  File "/home/ubuntu/OpenVoice/job.py", line 277, in convert_color
    target_se, audio_name = se_extractor.get_se(ref_audio_path, tone_color_converter, vad=False)
  File "/home/ubuntu/OpenVoice/openvoice/se_extractor.py", line 150, in get_se
    raise NotImplementedError('No audio segments found!')
NotImplementedError: No audio segments found!
Traceback (most recent call last):
  File "/home/ubuntu/OpenVoice/job.py", line 334, in <module>
    clone_voice(f"./projects/{i}/{j}")
  File "/home/ubuntu/OpenVoice/job.py", line 201, in clone_voice
    return(convert_color(projectfolder))
  File "/home/ubuntu/OpenVoice/job.py", line 277, in convert_color
    target_se, audio_name = se_extractor.get_se(ref_audio_path, tone_color_converter, vad=False)
  File "/home/ubuntu/OpenVoice/openvoice/se_extractor.py", line 150, in get_se
    raise NotImplementedError('No audio segments found!')
NotImplementedError: No audio segments found!
Traceback (most recent call last):
  File "/home/ubuntu/OpenVoice/job.py", line 334, in <module>
    clone_voice(f"./projects/{i}/{j}")
  File "/home/ubuntu/OpenVoice/job.py", line 201, in clone_voice
    return(convert_color(projectfolder))
  File "/home/ubuntu/OpenVoice/job.py", line 277, in convert_color
    target_se, audio_name = se_extractor.get_se(ref_audio_path, tone_color_converter, vad=False)
  File "/home/ubuntu/OpenVoice/openvoice/se_extractor.py", line 146, in get_se
    wavs_folder = split_audio_whisper(audio_path, target_dir=target_dir, audio_name=audio_name)
  File "/home/ubuntu/OpenVoice/openvoice/se_extractor.py", line 29, in split_audio_whisper
    segments = list(segments)
  File "/home/ubuntu/miniconda3/envs/openvoice/lib/python3.9/site-packages/faster_whisper/transcribe.py", line 433, in generate_segments
    ) = self.generate_with_fallback(encoder_output, prompt, tokenizer, options)
  File "/home/ubuntu/miniconda3/envs/openvoice/lib/python3.9/site-packages/faster_whisper/transcribe.py", line 641, in generate_with_fallback
    result = self.model.generate(
RuntimeError: CUDA failed with error out of memory
Traceback (most recent call last):
  File "/home/ubuntu/OpenVoice/job.py", line 334, in <module>
    clone_voice(f"./projects/{i}/{j}")
  File "/home/ubuntu/OpenVoice/job.py", line 201, in clone_voice
    return(convert_color(projectfolder))
  File "/home/ubuntu/OpenVoice/job.py", line 277, in convert_color
    target_se, audio_name = se_extractor.get_se(ref_audio_path, tone_color_converter, vad=False)
  File "/home/ubuntu/OpenVoice/openvoice/se_extractor.py", line 150, in get_se
    raise NotImplementedError('No audio segments found!')
NotImplementedError: No audio segments found!
Traceback (most recent call last):
  File "/home/ubuntu/OpenVoice/job.py", line 334, in <module>
    clone_voice(f"./projects/{i}/{j}")
  File "/home/ubuntu/OpenVoice/job.py", line 201, in clone_voice
    return(convert_color(projectfolder))
  File "/home/ubuntu/OpenVoice/job.py", line 277, in convert_color
    target_se, audio_name = se_extractor.get_se(ref_audio_path, tone_color_converter, vad=False)
  File "/home/ubuntu/OpenVoice/openvoice/se_extractor.py", line 146, in get_se
    wavs_folder = split_audio_whisper(audio_path, target_dir=target_dir, audio_name=audio_name)
  File "/home/ubuntu/OpenVoice/openvoice/se_extractor.py", line 29, in split_audio_whisper
    segments = list(segments)
  File "/home/ubuntu/miniconda3/envs/openvoice/lib/python3.9/site-packages/faster_whisper/transcribe.py", line 433, in generate_segments
    ) = self.generate_with_fallback(encoder_output, prompt, tokenizer, options)
  File "/home/ubuntu/miniconda3/envs/openvoice/lib/python3.9/site-packages/faster_whisper/transcribe.py", line 641, in generate_with_fallback
    result = self.model.generate(
RuntimeError: CUDA failed with error out of memory
Traceback (most recent call last):
  File "/home/ubuntu/OpenVoice/job.py", line 334, in <module>
    clone_voice(f"./projects/{i}/{j}")
  File "/home/ubuntu/OpenVoice/job.py", line 201, in clone_voice
    return(convert_color(projectfolder))
  File "/home/ubuntu/OpenVoice/job.py", line 277, in convert_color
    target_se, audio_name = se_extractor.get_se(ref_audio_path, tone_color_converter, vad=False)
  File "/home/ubuntu/OpenVoice/openvoice/se_extractor.py", line 150, in get_se
    raise NotImplementedError('No audio segments found!')
NotImplementedError: No audio segments found!
Traceback (most recent call last):
  File "/home/ubuntu/OpenVoice/job.py", line 334, in <module>
    clone_voice(f"./projects/{i}/{j}")
  File "/home/ubuntu/OpenVoice/job.py", line 201, in clone_voice
    return(convert_color(projectfolder))
  File "/home/ubuntu/OpenVoice/job.py", line 277, in convert_color
    target_se, audio_name = se_extractor.get_se(ref_audio_path, tone_color_converter, vad=False)
  File "/home/ubuntu/OpenVoice/openvoice/se_extractor.py", line 146, in get_se
    wavs_folder = split_audio_whisper(audio_path, target_dir=target_dir, audio_name=audio_name)
  File "/home/ubuntu/OpenVoice/openvoice/se_extractor.py", line 29, in split_audio_whisper
    segments = list(segments)
  File "/home/ubuntu/miniconda3/envs/openvoice/lib/python3.9/site-packages/faster_whisper/transcribe.py", line 433, in generate_segments
    ) = self.generate_with_fallback(encoder_output, prompt, tokenizer, options)
  File "/home/ubuntu/miniconda3/envs/openvoice/lib/python3.9/site-packages/faster_whisper/transcribe.py", line 641, in generate_with_fallback
    result = self.model.generate(
RuntimeError: CUDA failed with error out of memory
Traceback (most recent call last):
  File "/home/ubuntu/OpenVoice/job.py", line 334, in <module>
    clone_voice(f"./projects/{i}/{j}")
  File "/home/ubuntu/OpenVoice/job.py", line 201, in clone_voice
    return(convert_color(projectfolder))
  File "/home/ubuntu/OpenVoice/job.py", line 277, in convert_color
    target_se, audio_name = se_extractor.get_se(ref_audio_path, tone_color_converter, vad=False)
  File "/home/ubuntu/OpenVoice/openvoice/se_extractor.py", line 150, in get_se
    raise NotImplementedError('No audio segments found!')
NotImplementedError: No audio segments found!
Traceback (most recent call last):
  File "/home/ubuntu/OpenVoice/job.py", line 334, in <module>
    clone_voice(f"./projects/{i}/{j}")
  File "/home/ubuntu/OpenVoice/job.py", line 201, in clone_voice
    return(convert_color(projectfolder))
  File "/home/ubuntu/OpenVoice/job.py", line 277, in convert_color
    target_se, audio_name = se_extractor.get_se(ref_audio_path, tone_color_converter, vad=False)
  File "/home/ubuntu/OpenVoice/openvoice/se_extractor.py", line 146, in get_se
    wavs_folder = split_audio_whisper(audio_path, target_dir=target_dir, audio_name=audio_name)
  File "/home/ubuntu/OpenVoice/openvoice/se_extractor.py", line 29, in split_audio_whisper
    segments = list(segments)
  File "/home/ubuntu/miniconda3/envs/openvoice/lib/python3.9/site-packages/faster_whisper/transcribe.py", line 433, in generate_segments
    ) = self.generate_with_fallback(encoder_output, prompt, tokenizer, options)
  File "/home/ubuntu/miniconda3/envs/openvoice/lib/python3.9/site-packages/faster_whisper/transcribe.py", line 641, in generate_with_fallback
    result = self.model.generate(
RuntimeError: CUDA failed with error out of memory
Traceback (most recent call last):
  File "/home/ubuntu/OpenVoice/job.py", line 334, in <module>
    clone_voice(f"./projects/{i}/{j}")
  File "/home/ubuntu/OpenVoice/job.py", line 201, in clone_voice
    return(convert_color(projectfolder))
  File "/home/ubuntu/OpenVoice/job.py", line 277, in convert_color
    target_se, audio_name = se_extractor.get_se(ref_audio_path, tone_color_converter, vad=False)
  File "/home/ubuntu/OpenVoice/openvoice/se_extractor.py", line 150, in get_se
    raise NotImplementedError('No audio segments found!')
NotImplementedError: No audio segments found!
Traceback (most recent call last):
  File "/home/ubuntu/OpenVoice/job.py", line 334, in <module>
    clone_voice(f"./projects/{i}/{j}")
  File "/home/ubuntu/OpenVoice/job.py", line 201, in clone_voice
    return(convert_color(projectfolder))
  File "/home/ubuntu/OpenVoice/job.py", line 277, in convert_color
    target_se, audio_name = se_extractor.get_se(ref_audio_path, tone_color_converter, vad=False)
  File "/home/ubuntu/OpenVoice/openvoice/se_extractor.py", line 146, in get_se
    wavs_folder = split_audio_whisper(audio_path, target_dir=target_dir, audio_name=audio_name)
  File "/home/ubuntu/OpenVoice/openvoice/se_extractor.py", line 29, in split_audio_whisper
    segments = list(segments)
  File "/home/ubuntu/miniconda3/envs/openvoice/lib/python3.9/site-packages/faster_whisper/transcribe.py", line 433, in generate_segments
    ) = self.generate_with_fallback(encoder_output, prompt, tokenizer, options)
  File "/home/ubuntu/miniconda3/envs/openvoice/lib/python3.9/site-packages/faster_whisper/transcribe.py", line 641, in generate_with_fallback
    result = self.model.generate(
RuntimeError: CUDA failed with error out of memory
Traceback (most recent call last):
  File "/home/ubuntu/OpenVoice/job.py", line 334, in <module>
    clone_voice(f"./projects/{i}/{j}")
  File "/home/ubuntu/OpenVoice/job.py", line 201, in clone_voice
    return(convert_color(projectfolder))
  File "/home/ubuntu/OpenVoice/job.py", line 277, in convert_color
    target_se, audio_name = se_extractor.get_se(ref_audio_path, tone_color_converter, vad=False)
  File "/home/ubuntu/OpenVoice/openvoice/se_extractor.py", line 150, in get_se
    raise NotImplementedError('No audio segments found!')
NotImplementedError: No audio segments found!
Traceback (most recent call last):
  File "/home/ubuntu/OpenVoice/job.py", line 334, in <module>
    clone_voice(f"./projects/{i}/{j}")
  File "/home/ubuntu/OpenVoice/job.py", line 201, in clone_voice
    return(convert_color(projectfolder))
  File "/home/ubuntu/OpenVoice/job.py", line 277, in convert_color
    target_se, audio_name = se_extractor.get_se(ref_audio_path, tone_color_converter, vad=False)
  File "/home/ubuntu/OpenVoice/openvoice/se_extractor.py", line 150, in get_se
    raise NotImplementedError('No audio segments found!')
NotImplementedError: No audio segments found!
Traceback (most recent call last):
  File "/home/ubuntu/OpenVoice/job.py", line 334, in <module>
    clone_voice(f"./projects/{i}/{j}")
  File "/home/ubuntu/OpenVoice/job.py", line 201, in clone_voice
    return(convert_color(projectfolder))
  File "/home/ubuntu/OpenVoice/job.py", line 277, in convert_color
    target_se, audio_name = se_extractor.get_se(ref_audio_path, tone_color_converter, vad=False)
  File "/home/ubuntu/OpenVoice/openvoice/se_extractor.py", line 146, in get_se
    wavs_folder = split_audio_whisper(audio_path, target_dir=target_dir, audio_name=audio_name)
  File "/home/ubuntu/OpenVoice/openvoice/se_extractor.py", line 29, in split_audio_whisper
    segments = list(segments)
  File "/home/ubuntu/miniconda3/envs/openvoice/lib/python3.9/site-packages/faster_whisper/transcribe.py", line 433, in generate_segments
    ) = self.generate_with_fallback(encoder_output, prompt, tokenizer, options)
  File "/home/ubuntu/miniconda3/envs/openvoice/lib/python3.9/site-packages/faster_whisper/transcribe.py", line 641, in generate_with_fallback
    result = self.model.generate(
RuntimeError: CUDA failed with error out of memory
Traceback (most recent call last):
  File "/home/ubuntu/OpenVoice/job.py", line 334, in <module>
    clone_voice(f"./projects/{i}/{j}")
  File "/home/ubuntu/OpenVoice/job.py", line 201, in clone_voice
    return(convert_color(projectfolder))
  File "/home/ubuntu/OpenVoice/job.py", line 277, in convert_color
    target_se, audio_name = se_extractor.get_se(ref_audio_path, tone_color_converter, vad=False)
  File "/home/ubuntu/OpenVoice/openvoice/se_extractor.py", line 146, in get_se
    wavs_folder = split_audio_whisper(audio_path, target_dir=target_dir, audio_name=audio_name)
  File "/home/ubuntu/OpenVoice/openvoice/se_extractor.py", line 29, in split_audio_whisper
    segments = list(segments)
  File "/home/ubuntu/miniconda3/envs/openvoice/lib/python3.9/site-packages/faster_whisper/transcribe.py", line 433, in generate_segments
    ) = self.generate_with_fallback(encoder_output, prompt, tokenizer, options)
  File "/home/ubuntu/miniconda3/envs/openvoice/lib/python3.9/site-packages/faster_whisper/transcribe.py", line 641, in generate_with_fallback
    result = self.model.generate(
RuntimeError: CUDA failed with error out of memory
Traceback (most recent call last):
  File "/home/ubuntu/OpenVoice/job.py", line 334, in <module>
    clone_voice(f"./projects/{i}/{j}")
  File "/home/ubuntu/OpenVoice/job.py", line 201, in clone_voice
    return(convert_color(projectfolder))
  File "/home/ubuntu/OpenVoice/job.py", line 277, in convert_color
    target_se, audio_name = se_extractor.get_se(ref_audio_path, tone_color_converter, vad=False)
  File "/home/ubuntu/OpenVoice/openvoice/se_extractor.py", line 150, in get_se
    raise NotImplementedError('No audio segments found!')
NotImplementedError: No audio segments found!
Traceback (most recent call last):
  File "/home/ubuntu/OpenVoice/job.py", line 334, in <module>
    clone_voice(f"./projects/{i}/{j}")
  File "/home/ubuntu/OpenVoice/job.py", line 201, in clone_voice
    return(convert_color(projectfolder))
  File "/home/ubuntu/OpenVoice/job.py", line 277, in convert_color
    target_se, audio_name = se_extractor.get_se(ref_audio_path, tone_color_converter, vad=False)
  File "/home/ubuntu/OpenVoice/openvoice/se_extractor.py", line 146, in get_se
    wavs_folder = split_audio_whisper(audio_path, target_dir=target_dir, audio_name=audio_name)
  File "/home/ubuntu/OpenVoice/openvoice/se_extractor.py", line 29, in split_audio_whisper
    segments = list(segments)
  File "/home/ubuntu/miniconda3/envs/openvoice/lib/python3.9/site-packages/faster_whisper/transcribe.py", line 433, in generate_segments
    ) = self.generate_with_fallback(encoder_output, prompt, tokenizer, options)
  File "/home/ubuntu/miniconda3/envs/openvoice/lib/python3.9/site-packages/faster_whisper/transcribe.py", line 641, in generate_with_fallback
    result = self.model.generate(
RuntimeError: CUDA failed with error out of memory
Traceback (most recent call last):
  File "/home/ubuntu/OpenVoice/job.py", line 334, in <module>
    clone_voice(f"./projects/{i}/{j}")
  File "/home/ubuntu/OpenVoice/job.py", line 201, in clone_voice
    return(convert_color(projectfolder))
  File "/home/ubuntu/OpenVoice/job.py", line 277, in convert_color
    target_se, audio_name = se_extractor.get_se(ref_audio_path, tone_color_converter, vad=False)
  File "/home/ubuntu/OpenVoice/openvoice/se_extractor.py", line 150, in get_se
    raise NotImplementedError('No audio segments found!')
NotImplementedError: No audio segments found!
Traceback (most recent call last):
  File "/home/ubuntu/OpenVoice/job.py", line 334, in <module>
    clone_voice(f"./projects/{i}/{j}")
  File "/home/ubuntu/OpenVoice/job.py", line 201, in clone_voice
    return(convert_color(projectfolder))
  File "/home/ubuntu/OpenVoice/job.py", line 277, in convert_color
    target_se, audio_name = se_extractor.get_se(ref_audio_path, tone_color_converter, vad=False)
  File "/home/ubuntu/OpenVoice/openvoice/se_extractor.py", line 150, in get_se
    raise NotImplementedError('No audio segments found!')
NotImplementedError: No audio segments found!
Traceback (most recent call last):
  File "/home/ubuntu/OpenVoice/job.py", line 334, in <module>
    clone_voice(f"./projects/{i}/{j}")
  File "/home/ubuntu/OpenVoice/job.py", line 201, in clone_voice
    return(convert_color(projectfolder))
  File "/home/ubuntu/OpenVoice/job.py", line 277, in convert_color
    target_se, audio_name = se_extractor.get_se(ref_audio_path, tone_color_converter, vad=False)
  File "/home/ubuntu/OpenVoice/openvoice/se_extractor.py", line 146, in get_se
    wavs_folder = split_audio_whisper(audio_path, target_dir=target_dir, audio_name=audio_name)
  File "/home/ubuntu/OpenVoice/openvoice/se_extractor.py", line 29, in split_audio_whisper
    segments = list(segments)
  File "/home/ubuntu/miniconda3/envs/openvoice/lib/python3.9/site-packages/faster_whisper/transcribe.py", line 433, in generate_segments
    ) = self.generate_with_fallback(encoder_output, prompt, tokenizer, options)
  File "/home/ubuntu/miniconda3/envs/openvoice/lib/python3.9/site-packages/faster_whisper/transcribe.py", line 641, in generate_with_fallback
    result = self.model.generate(
RuntimeError: CUDA failed with error out of memory
Traceback (most recent call last):
  File "/home/ubuntu/OpenVoice/job.py", line 334, in <module>
    clone_voice(f"./projects/{i}/{j}")
  File "/home/ubuntu/OpenVoice/job.py", line 201, in clone_voice
    return(convert_color(projectfolder))
  File "/home/ubuntu/OpenVoice/job.py", line 277, in convert_color
    target_se, audio_name = se_extractor.get_se(ref_audio_path, tone_color_converter, vad=False)
  File "/home/ubuntu/OpenVoice/openvoice/se_extractor.py", line 146, in get_se
    wavs_folder = split_audio_whisper(audio_path, target_dir=target_dir, audio_name=audio_name)
  File "/home/ubuntu/OpenVoice/openvoice/se_extractor.py", line 29, in split_audio_whisper
    segments = list(segments)
  File "/home/ubuntu/miniconda3/envs/openvoice/lib/python3.9/site-packages/faster_whisper/transcribe.py", line 433, in generate_segments
    ) = self.generate_with_fallback(encoder_output, prompt, tokenizer, options)
  File "/home/ubuntu/miniconda3/envs/openvoice/lib/python3.9/site-packages/faster_whisper/transcribe.py", line 641, in generate_with_fallback
    result = self.model.generate(
RuntimeError: CUDA failed with error out of memory
Traceback (most recent call last):
  File "/home/ubuntu/OpenVoice/job.py", line 334, in <module>
    clone_voice(f"./projects/{i}/{j}")
  File "/home/ubuntu/OpenVoice/job.py", line 201, in clone_voice
    return(convert_color(projectfolder))
  File "/home/ubuntu/OpenVoice/job.py", line 277, in convert_color
    target_se, audio_name = se_extractor.get_se(ref_audio_path, tone_color_converter, vad=False)
  File "/home/ubuntu/OpenVoice/openvoice/se_extractor.py", line 146, in get_se
    wavs_folder = split_audio_whisper(audio_path, target_dir=target_dir, audio_name=audio_name)
  File "/home/ubuntu/OpenVoice/openvoice/se_extractor.py", line 29, in split_audio_whisper
    segments = list(segments)
  File "/home/ubuntu/miniconda3/envs/openvoice/lib/python3.9/site-packages/faster_whisper/transcribe.py", line 433, in generate_segments
    ) = self.generate_with_fallback(encoder_output, prompt, tokenizer, options)
  File "/home/ubuntu/miniconda3/envs/openvoice/lib/python3.9/site-packages/faster_whisper/transcribe.py", line 641, in generate_with_fallback
    result = self.model.generate(
RuntimeError: CUDA failed with error out of memory
Traceback (most recent call last):
  File "/home/ubuntu/OpenVoice/job.py", line 334, in <module>
    clone_voice(f"./projects/{i}/{j}")
  File "/home/ubuntu/OpenVoice/job.py", line 201, in clone_voice
    return(convert_color(projectfolder))
  File "/home/ubuntu/OpenVoice/job.py", line 277, in convert_color
    target_se, audio_name = se_extractor.get_se(ref_audio_path, tone_color_converter, vad=False)
  File "/home/ubuntu/OpenVoice/openvoice/se_extractor.py", line 150, in get_se
    raise NotImplementedError('No audio segments found!')
NotImplementedError: No audio segments found!
Traceback (most recent call last):
  File "/home/ubuntu/OpenVoice/job.py", line 334, in <module>
    clone_voice(f"./projects/{i}/{j}")
  File "/home/ubuntu/OpenVoice/job.py", line 201, in clone_voice
    return(convert_color(projectfolder))
  File "/home/ubuntu/OpenVoice/job.py", line 277, in convert_color
    target_se, audio_name = se_extractor.get_se(ref_audio_path, tone_color_converter, vad=False)
  File "/home/ubuntu/OpenVoice/openvoice/se_extractor.py", line 146, in get_se
    wavs_folder = split_audio_whisper(audio_path, target_dir=target_dir, audio_name=audio_name)
  File "/home/ubuntu/OpenVoice/openvoice/se_extractor.py", line 29, in split_audio_whisper
    segments = list(segments)
  File "/home/ubuntu/miniconda3/envs/openvoice/lib/python3.9/site-packages/faster_whisper/transcribe.py", line 433, in generate_segments
    ) = self.generate_with_fallback(encoder_output, prompt, tokenizer, options)
  File "/home/ubuntu/miniconda3/envs/openvoice/lib/python3.9/site-packages/faster_whisper/transcribe.py", line 641, in generate_with_fallback
    result = self.model.generate(
RuntimeError: CUDA failed with error out of memory
Traceback (most recent call last):
  File "/home/ubuntu/OpenVoice/job.py", line 334, in <module>
    clone_voice(f"./projects/{i}/{j}")
  File "/home/ubuntu/OpenVoice/job.py", line 201, in clone_voice
    return(convert_color(projectfolder))
  File "/home/ubuntu/OpenVoice/job.py", line 277, in convert_color
    target_se, audio_name = se_extractor.get_se(ref_audio_path, tone_color_converter, vad=False)
  File "/home/ubuntu/OpenVoice/openvoice/se_extractor.py", line 146, in get_se
    wavs_folder = split_audio_whisper(audio_path, target_dir=target_dir, audio_name=audio_name)
  File "/home/ubuntu/OpenVoice/openvoice/se_extractor.py", line 29, in split_audio_whisper
    segments = list(segments)
  File "/home/ubuntu/miniconda3/envs/openvoice/lib/python3.9/site-packages/faster_whisper/transcribe.py", line 433, in generate_segments
    ) = self.generate_with_fallback(encoder_output, prompt, tokenizer, options)
  File "/home/ubuntu/miniconda3/envs/openvoice/lib/python3.9/site-packages/faster_whisper/transcribe.py", line 641, in generate_with_fallback
    result = self.model.generate(
RuntimeError: CUDA failed with error out of memory
Traceback (most recent call last):
  File "/home/ubuntu/OpenVoice/job.py", line 334, in <module>
    clone_voice(f"./projects/{i}/{j}")
  File "/home/ubuntu/OpenVoice/job.py", line 201, in clone_voice
    return(convert_color(projectfolder))
  File "/home/ubuntu/OpenVoice/job.py", line 277, in convert_color
    target_se, audio_name = se_extractor.get_se(ref_audio_path, tone_color_converter, vad=False)
  File "/home/ubuntu/OpenVoice/openvoice/se_extractor.py", line 150, in get_se
    raise NotImplementedError('No audio segments found!')
NotImplementedError: No audio segments found!
Traceback (most recent call last):
  File "/home/ubuntu/OpenVoice/job.py", line 334, in <module>
    clone_voice(f"./projects/{i}/{j}")
  File "/home/ubuntu/OpenVoice/job.py", line 201, in clone_voice
    return(convert_color(projectfolder))
  File "/home/ubuntu/OpenVoice/job.py", line 277, in convert_color
    target_se, audio_name = se_extractor.get_se(ref_audio_path, tone_color_converter, vad=False)
  File "/home/ubuntu/OpenVoice/openvoice/se_extractor.py", line 146, in get_se
    wavs_folder = split_audio_whisper(audio_path, target_dir=target_dir, audio_name=audio_name)
  File "/home/ubuntu/OpenVoice/openvoice/se_extractor.py", line 29, in split_audio_whisper
    segments = list(segments)
  File "/home/ubuntu/miniconda3/envs/openvoice/lib/python3.9/site-packages/faster_whisper/transcribe.py", line 433, in generate_segments
    ) = self.generate_with_fallback(encoder_output, prompt, tokenizer, options)
  File "/home/ubuntu/miniconda3/envs/openvoice/lib/python3.9/site-packages/faster_whisper/transcribe.py", line 641, in generate_with_fallback
    result = self.model.generate(
RuntimeError: CUDA failed with error out of memory
Traceback (most recent call last):
  File "/home/ubuntu/OpenVoice/job.py", line 334, in <module>
    clone_voice(f"./projects/{i}/{j}")
  File "/home/ubuntu/OpenVoice/job.py", line 201, in clone_voice
    return(convert_color(projectfolder))
  File "/home/ubuntu/OpenVoice/job.py", line 277, in convert_color
    target_se, audio_name = se_extractor.get_se(ref_audio_path, tone_color_converter, vad=False)
  File "/home/ubuntu/OpenVoice/openvoice/se_extractor.py", line 146, in get_se
    wavs_folder = split_audio_whisper(audio_path, target_dir=target_dir, audio_name=audio_name)
  File "/home/ubuntu/OpenVoice/openvoice/se_extractor.py", line 29, in split_audio_whisper
    segments = list(segments)
  File "/home/ubuntu/miniconda3/envs/openvoice/lib/python3.9/site-packages/faster_whisper/transcribe.py", line 433, in generate_segments
    ) = self.generate_with_fallback(encoder_output, prompt, tokenizer, options)
  File "/home/ubuntu/miniconda3/envs/openvoice/lib/python3.9/site-packages/faster_whisper/transcribe.py", line 641, in generate_with_fallback
    result = self.model.generate(
RuntimeError: CUDA failed with error out of memory
Traceback (most recent call last):
  File "/home/ubuntu/OpenVoice/job.py", line 334, in <module>
    clone_voice(f"./projects/{i}/{j}")
  File "/home/ubuntu/OpenVoice/job.py", line 201, in clone_voice
    return(convert_color(projectfolder))
  File "/home/ubuntu/OpenVoice/job.py", line 277, in convert_color
    target_se, audio_name = se_extractor.get_se(ref_audio_path, tone_color_converter, vad=False)
  File "/home/ubuntu/OpenVoice/openvoice/se_extractor.py", line 146, in get_se
    wavs_folder = split_audio_whisper(audio_path, target_dir=target_dir, audio_name=audio_name)
  File "/home/ubuntu/OpenVoice/openvoice/se_extractor.py", line 29, in split_audio_whisper
    segments = list(segments)
  File "/home/ubuntu/miniconda3/envs/openvoice/lib/python3.9/site-packages/faster_whisper/transcribe.py", line 433, in generate_segments
    ) = self.generate_with_fallback(encoder_output, prompt, tokenizer, options)
  File "/home/ubuntu/miniconda3/envs/openvoice/lib/python3.9/site-packages/faster_whisper/transcribe.py", line 641, in generate_with_fallback
    result = self.model.generate(
RuntimeError: CUDA failed with error out of memory
Traceback (most recent call last):
  File "/home/ubuntu/OpenVoice/job.py", line 334, in <module>
    clone_voice(f"./projects/{i}/{j}")
  File "/home/ubuntu/OpenVoice/job.py", line 201, in clone_voice
    return(convert_color(projectfolder))
  File "/home/ubuntu/OpenVoice/job.py", line 277, in convert_color
    target_se, audio_name = se_extractor.get_se(ref_audio_path, tone_color_converter, vad=False)
  File "/home/ubuntu/OpenVoice/openvoice/se_extractor.py", line 150, in get_se
    raise NotImplementedError('No audio segments found!')
NotImplementedError: No audio segments found!
Traceback (most recent call last):
  File "/home/ubuntu/OpenVoice/job.py", line 334, in <module>
    clone_voice(f"./projects/{i}/{j}")
  File "/home/ubuntu/OpenVoice/job.py", line 201, in clone_voice
    return(convert_color(projectfolder))
  File "/home/ubuntu/OpenVoice/job.py", line 277, in convert_color
    target_se, audio_name = se_extractor.get_se(ref_audio_path, tone_color_converter, vad=False)
  File "/home/ubuntu/OpenVoice/openvoice/se_extractor.py", line 150, in get_se
    raise NotImplementedError('No audio segments found!')
NotImplementedError: No audio segments found!
Traceback (most recent call last):
  File "/home/ubuntu/OpenVoice/job.py", line 334, in <module>
    clone_voice(f"./projects/{i}/{j}")
  File "/home/ubuntu/OpenVoice/job.py", line 201, in clone_voice
    return(convert_color(projectfolder))
  File "/home/ubuntu/OpenVoice/job.py", line 277, in convert_color
    target_se, audio_name = se_extractor.get_se(ref_audio_path, tone_color_converter, vad=False)
  File "/home/ubuntu/OpenVoice/openvoice/se_extractor.py", line 150, in get_se
    raise NotImplementedError('No audio segments found!')
NotImplementedError: No audio segments found!
Traceback (most recent call last):
  File "/home/ubuntu/OpenVoice/job.py", line 279, in convert_color
    source_se = torch.load(f'checkpoints_v2/google_base_speakers/models/{voicecode}.pth', map_location=device)
  File "/home/ubuntu/miniconda3/envs/openvoice/lib/python3.9/site-packages/torch/serialization.py", line 997, in load
    with _open_file_like(f, 'rb') as opened_file:
  File "/home/ubuntu/miniconda3/envs/openvoice/lib/python3.9/site-packages/torch/serialization.py", line 444, in _open_file_like
    return _open_file(name_or_buffer, mode)
  File "/home/ubuntu/miniconda3/envs/openvoice/lib/python3.9/site-packages/torch/serialization.py", line 425, in __init__
    super().__init__(open(name, mode))
FileNotFoundError: [Errno 2] No such file or directory: 'checkpoints_v2/google_base_speakers/models/sr-Latn-RS-NicholasNeural.pth'

During handling of the above exception, another exception occurred:

Traceback (most recent call last):
  File "/home/ubuntu/miniconda3/envs/openvoice/lib/python3.9/site-packages/librosa/core/audio.py", line 155, in load
    context = sf.SoundFile(path)
  File "/home/ubuntu/miniconda3/envs/openvoice/lib/python3.9/site-packages/soundfile.py", line 658, in __init__
    self._file = self._open(file, mode_int, closefd)
  File "/home/ubuntu/miniconda3/envs/openvoice/lib/python3.9/site-packages/soundfile.py", line 1216, in _open
    raise LibsndfileError(err, prefix="Error opening {0!r}: ".format(self.name))
soundfile.LibsndfileError: Error opening 'checkpoints_v2/google_base_speakers/src/sr-Latn-RS-NicholasNeural.mp3': File does not exist or is not a regular file (possibly a pipe?).

During handling of the above exception, another exception occurred:

Traceback (most recent call last):
  File "/home/ubuntu/OpenVoice/job.py", line 334, in <module>
    clone_voice(f"./projects/{i}/{j}")
  File "/home/ubuntu/OpenVoice/job.py", line 201, in clone_voice
    return(convert_color(projectfolder))
  File "/home/ubuntu/OpenVoice/job.py", line 301, in convert_color
    source_se, audio_name = se_extractor.get_se(f"checkpoints_v2/google_base_speakers/src/{voicecode}.mp3", tone_color_converter, vad=True)
  File "/home/ubuntu/OpenVoice/openvoice/se_extractor.py", line 134, in get_se
    audio_name = f"{os.path.basename(audio_path).rsplit('.', 1)[0]}_{version}_{hash_numpy_array(audio_path)}"
  File "/home/ubuntu/OpenVoice/openvoice/se_extractor.py", line 119, in hash_numpy_array
    array, _ = librosa.load(audio_path, sr=None, mono=True)
  File "/home/ubuntu/miniconda3/envs/openvoice/lib/python3.9/site-packages/librosa/util/decorators.py", line 88, in inner_f
    return f(*args, **kwargs)
  File "/home/ubuntu/miniconda3/envs/openvoice/lib/python3.9/site-packages/librosa/core/audio.py", line 174, in load
    y, sr_native = __audioread_load(path, offset, duration, dtype)
  File "/home/ubuntu/miniconda3/envs/openvoice/lib/python3.9/site-packages/librosa/core/audio.py", line 198, in __audioread_load
    with audioread.audio_open(path) as input_file:
  File "/home/ubuntu/miniconda3/envs/openvoice/lib/python3.9/site-packages/audioread/__init__.py", line 127, in audio_open
    return BackendClass(path)
  File "/home/ubuntu/miniconda3/envs/openvoice/lib/python3.9/site-packages/audioread/rawread.py", line 62, in __init__
    self._file = aifc.open(self._fh)
  File "/home/ubuntu/miniconda3/envs/openvoice/lib/python3.9/aifc.py", line 917, in open
    return Aifc_read(f)
  File "/home/ubuntu/miniconda3/envs/openvoice/lib/python3.9/aifc.py", line 358, in __init__
    self.initfp(f)
  File "/home/ubuntu/miniconda3/envs/openvoice/lib/python3.9/aifc.py", line 314, in initfp
    chunk = Chunk(file)
  File "/home/ubuntu/miniconda3/envs/openvoice/lib/python3.9/chunk.py", line 63, in __init__
    raise EOFError
EOFError
Traceback (most recent call last):
  File "/home/ubuntu/OpenVoice/job.py", line 334, in <module>
    clone_voice(f"./projects/{i}/{j}")
  File "/home/ubuntu/OpenVoice/job.py", line 201, in clone_voice
    return(convert_color(projectfolder))
  File "/home/ubuntu/OpenVoice/job.py", line 277, in convert_color
    target_se, audio_name = se_extractor.get_se(ref_audio_path, tone_color_converter, vad=False)
  File "/home/ubuntu/OpenVoice/openvoice/se_extractor.py", line 150, in get_se
    raise NotImplementedError('No audio segments found!')
NotImplementedError: No audio segments found!
Traceback (most recent call last):
  File "/home/ubuntu/OpenVoice/job.py", line 334, in <module>
    clone_voice(f"./projects/{i}/{j}")
  File "/home/ubuntu/OpenVoice/job.py", line 201, in clone_voice
    return(convert_color(projectfolder))
  File "/home/ubuntu/OpenVoice/job.py", line 277, in convert_color
    target_se, audio_name = se_extractor.get_se(ref_audio_path, tone_color_converter, vad=False)
  File "/home/ubuntu/OpenVoice/openvoice/se_extractor.py", line 146, in get_se
    wavs_folder = split_audio_whisper(audio_path, target_dir=target_dir, audio_name=audio_name)
  File "/home/ubuntu/OpenVoice/openvoice/se_extractor.py", line 29, in split_audio_whisper
    segments = list(segments)
  File "/home/ubuntu/miniconda3/envs/openvoice/lib/python3.9/site-packages/faster_whisper/transcribe.py", line 433, in generate_segments
    ) = self.generate_with_fallback(encoder_output, prompt, tokenizer, options)
  File "/home/ubuntu/miniconda3/envs/openvoice/lib/python3.9/site-packages/faster_whisper/transcribe.py", line 641, in generate_with_fallback
    result = self.model.generate(
RuntimeError: CUDA failed with error out of memory
Traceback (most recent call last):
  File "/home/ubuntu/OpenVoice/job.py", line 334, in <module>
    clone_voice(f"./projects/{i}/{j}")
  File "/home/ubuntu/OpenVoice/job.py", line 201, in clone_voice
    return(convert_color(projectfolder))
  File "/home/ubuntu/OpenVoice/job.py", line 277, in convert_color
    target_se, audio_name = se_extractor.get_se(ref_audio_path, tone_color_converter, vad=False)
  File "/home/ubuntu/OpenVoice/openvoice/se_extractor.py", line 150, in get_se
    raise NotImplementedError('No audio segments found!')
NotImplementedError: No audio segments found!
Traceback (most recent call last):
  File "/home/ubuntu/OpenVoice/job.py", line 334, in <module>
    clone_voice(f"./projects/{i}/{j}")
  File "/home/ubuntu/OpenVoice/job.py", line 201, in clone_voice
    return(convert_color(projectfolder))
  File "/home/ubuntu/OpenVoice/job.py", line 277, in convert_color
    target_se, audio_name = se_extractor.get_se(ref_audio_path, tone_color_converter, vad=False)
  File "/home/ubuntu/OpenVoice/openvoice/se_extractor.py", line 146, in get_se
    wavs_folder = split_audio_whisper(audio_path, target_dir=target_dir, audio_name=audio_name)
  File "/home/ubuntu/OpenVoice/openvoice/se_extractor.py", line 29, in split_audio_whisper
    segments = list(segments)
  File "/home/ubuntu/miniconda3/envs/openvoice/lib/python3.9/site-packages/faster_whisper/transcribe.py", line 433, in generate_segments
    ) = self.generate_with_fallback(encoder_output, prompt, tokenizer, options)
  File "/home/ubuntu/miniconda3/envs/openvoice/lib/python3.9/site-packages/faster_whisper/transcribe.py", line 641, in generate_with_fallback
    result = self.model.generate(
RuntimeError: CUDA failed with error out of memory
Traceback (most recent call last):
  File "/home/ubuntu/OpenVoice/job.py", line 334, in <module>
    clone_voice(f"./projects/{i}/{j}")
  File "/home/ubuntu/OpenVoice/job.py", line 201, in clone_voice
    return(convert_color(projectfolder))
  File "/home/ubuntu/OpenVoice/job.py", line 277, in convert_color
    target_se, audio_name = se_extractor.get_se(ref_audio_path, tone_color_converter, vad=False)
  File "/home/ubuntu/OpenVoice/openvoice/se_extractor.py", line 150, in get_se
    raise NotImplementedError('No audio segments found!')
NotImplementedError: No audio segments found!
Traceback (most recent call last):
  File "/home/ubuntu/OpenVoice/job.py", line 334, in <module>
    clone_voice(f"./projects/{i}/{j}")
  File "/home/ubuntu/OpenVoice/job.py", line 201, in clone_voice
    return(convert_color(projectfolder))
  File "/home/ubuntu/OpenVoice/job.py", line 277, in convert_color
    target_se, audio_name = se_extractor.get_se(ref_audio_path, tone_color_converter, vad=False)
  File "/home/ubuntu/OpenVoice/openvoice/se_extractor.py", line 146, in get_se
    wavs_folder = split_audio_whisper(audio_path, target_dir=target_dir, audio_name=audio_name)
  File "/home/ubuntu/OpenVoice/openvoice/se_extractor.py", line 29, in split_audio_whisper
    segments = list(segments)
  File "/home/ubuntu/miniconda3/envs/openvoice/lib/python3.9/site-packages/faster_whisper/transcribe.py", line 433, in generate_segments
    ) = self.generate_with_fallback(encoder_output, prompt, tokenizer, options)
  File "/home/ubuntu/miniconda3/envs/openvoice/lib/python3.9/site-packages/faster_whisper/transcribe.py", line 641, in generate_with_fallback
    result = self.model.generate(
RuntimeError: CUDA failed with error out of memory
Traceback (most recent call last):
  File "/home/ubuntu/OpenVoice/job.py", line 334, in <module>
    clone_voice(f"./projects/{i}/{j}")
  File "/home/ubuntu/OpenVoice/job.py", line 201, in clone_voice
    return(convert_color(projectfolder))
  File "/home/ubuntu/OpenVoice/job.py", line 277, in convert_color
    target_se, audio_name = se_extractor.get_se(ref_audio_path, tone_color_converter, vad=False)
  File "/home/ubuntu/OpenVoice/openvoice/se_extractor.py", line 150, in get_se
    raise NotImplementedError('No audio segments found!')
NotImplementedError: No audio segments found!
Traceback (most recent call last):
  File "/home/ubuntu/OpenVoice/job.py", line 334, in <module>
    clone_voice(f"./projects/{i}/{j}")
  File "/home/ubuntu/OpenVoice/job.py", line 201, in clone_voice
    return(convert_color(projectfolder))
  File "/home/ubuntu/OpenVoice/job.py", line 277, in convert_color
    target_se, audio_name = se_extractor.get_se(ref_audio_path, tone_color_converter, vad=False)
  File "/home/ubuntu/OpenVoice/openvoice/se_extractor.py", line 150, in get_se
    raise NotImplementedError('No audio segments found!')
NotImplementedError: No audio segments found!
Traceback (most recent call last):
  File "/home/ubuntu/OpenVoice/job.py", line 334, in <module>
    clone_voice(f"./projects/{i}/{j}")
  File "/home/ubuntu/OpenVoice/job.py", line 201, in clone_voice
    return(convert_color(projectfolder))
  File "/home/ubuntu/OpenVoice/job.py", line 277, in convert_color
    target_se, audio_name = se_extractor.get_se(ref_audio_path, tone_color_converter, vad=False)
  File "/home/ubuntu/OpenVoice/openvoice/se_extractor.py", line 150, in get_se
    raise NotImplementedError('No audio segments found!')
NotImplementedError: No audio segments found!
Traceback (most recent call last):
  File "/home/ubuntu/OpenVoice/job.py", line 334, in <module>
    clone_voice(f"./projects/{i}/{j}")
  File "/home/ubuntu/OpenVoice/job.py", line 201, in clone_voice
    return(convert_color(projectfolder))
  File "/home/ubuntu/OpenVoice/job.py", line 277, in convert_color
    target_se, audio_name = se_extractor.get_se(ref_audio_path, tone_color_converter, vad=False)
  File "/home/ubuntu/OpenVoice/openvoice/se_extractor.py", line 150, in get_se
    raise NotImplementedError('No audio segments found!')
NotImplementedError: No audio segments found!
Traceback (most recent call last):
  File "/home/ubuntu/OpenVoice/job.py", line 334, in <module>
    clone_voice(f"./projects/{i}/{j}")
  File "/home/ubuntu/OpenVoice/job.py", line 201, in clone_voice
    return(convert_color(projectfolder))
  File "/home/ubuntu/OpenVoice/job.py", line 277, in convert_color
    target_se, audio_name = se_extractor.get_se(ref_audio_path, tone_color_converter, vad=False)
  File "/home/ubuntu/OpenVoice/openvoice/se_extractor.py", line 150, in get_se
    raise NotImplementedError('No audio segments found!')
NotImplementedError: No audio segments found!
Traceback (most recent call last):
  File "/home/ubuntu/OpenVoice/job.py", line 334, in <module>
    clone_voice(f"./projects/{i}/{j}")
  File "/home/ubuntu/OpenVoice/job.py", line 201, in clone_voice
    return(convert_color(projectfolder))
  File "/home/ubuntu/OpenVoice/job.py", line 277, in convert_color
    target_se, audio_name = se_extractor.get_se(ref_audio_path, tone_color_converter, vad=False)
  File "/home/ubuntu/OpenVoice/openvoice/se_extractor.py", line 150, in get_se
    raise NotImplementedError('No audio segments found!')
NotImplementedError: No audio segments found!
Traceback (most recent call last):
  File "/home/ubuntu/OpenVoice/job.py", line 334, in <module>
    clone_voice(f"./projects/{i}/{j}")
  File "/home/ubuntu/OpenVoice/job.py", line 201, in clone_voice
    return(convert_color(projectfolder))
  File "/home/ubuntu/OpenVoice/job.py", line 277, in convert_color
    target_se, audio_name = se_extractor.get_se(ref_audio_path, tone_color_converter, vad=False)
  File "/home/ubuntu/OpenVoice/openvoice/se_extractor.py", line 150, in get_se
    raise NotImplementedError('No audio segments found!')
NotImplementedError: No audio segments found!
Traceback (most recent call last):
  File "/home/ubuntu/OpenVoice/job.py", line 334, in <module>
    clone_voice(f"./projects/{i}/{j}")
  File "/home/ubuntu/OpenVoice/job.py", line 201, in clone_voice
    return(convert_color(projectfolder))
  File "/home/ubuntu/OpenVoice/job.py", line 277, in convert_color
    target_se, audio_name = se_extractor.get_se(ref_audio_path, tone_color_converter, vad=False)
  File "/home/ubuntu/OpenVoice/openvoice/se_extractor.py", line 150, in get_se
    raise NotImplementedError('No audio segments found!')
NotImplementedError: No audio segments found!
Traceback (most recent call last):
  File "/home/ubuntu/OpenVoice/job.py", line 334, in <module>
    clone_voice(f"./projects/{i}/{j}")
  File "/home/ubuntu/OpenVoice/job.py", line 201, in clone_voice
    return(convert_color(projectfolder))
  File "/home/ubuntu/OpenVoice/job.py", line 277, in convert_color
    target_se, audio_name = se_extractor.get_se(ref_audio_path, tone_color_converter, vad=False)
  File "/home/ubuntu/OpenVoice/openvoice/se_extractor.py", line 150, in get_se
    raise NotImplementedError('No audio segments found!')
NotImplementedError: No audio segments found!
Traceback (most recent call last):
  File "/home/ubuntu/OpenVoice/job.py", line 334, in <module>
    clone_voice(f"./projects/{i}/{j}")
  File "/home/ubuntu/OpenVoice/job.py", line 201, in clone_voice
    return(convert_color(projectfolder))
  File "/home/ubuntu/OpenVoice/job.py", line 277, in convert_color
    target_se, audio_name = se_extractor.get_se(ref_audio_path, tone_color_converter, vad=False)
  File "/home/ubuntu/OpenVoice/openvoice/se_extractor.py", line 150, in get_se
    raise NotImplementedError('No audio segments found!')
NotImplementedError: No audio segments found!
Traceback (most recent call last):
  File "/home/ubuntu/OpenVoice/job.py", line 334, in <module>
    clone_voice(f"./projects/{i}/{j}")
  File "/home/ubuntu/OpenVoice/job.py", line 201, in clone_voice
    return(convert_color(projectfolder))
  File "/home/ubuntu/OpenVoice/job.py", line 277, in convert_color
    target_se, audio_name = se_extractor.get_se(ref_audio_path, tone_color_converter, vad=False)
  File "/home/ubuntu/OpenVoice/openvoice/se_extractor.py", line 150, in get_se
    raise NotImplementedError('No audio segments found!')
NotImplementedError: No audio segments found!
Traceback (most recent call last):
  File "/home/ubuntu/OpenVoice/job.py", line 334, in <module>
    clone_voice(f"./projects/{i}/{j}")
  File "/home/ubuntu/OpenVoice/job.py", line 201, in clone_voice
    return(convert_color(projectfolder))
  File "/home/ubuntu/OpenVoice/job.py", line 277, in convert_color
    target_se, audio_name = se_extractor.get_se(ref_audio_path, tone_color_converter, vad=False)
  File "/home/ubuntu/OpenVoice/openvoice/se_extractor.py", line 150, in get_se
    raise NotImplementedError('No audio segments found!')
NotImplementedError: No audio segments found!
Traceback (most recent call last):
  File "/home/ubuntu/OpenVoice/job.py", line 334, in <module>
    clone_voice(f"./projects/{i}/{j}")
  File "/home/ubuntu/OpenVoice/job.py", line 201, in clone_voice
    return(convert_color(projectfolder))
  File "/home/ubuntu/OpenVoice/job.py", line 277, in convert_color
    target_se, audio_name = se_extractor.get_se(ref_audio_path, tone_color_converter, vad=False)
  File "/home/ubuntu/OpenVoice/openvoice/se_extractor.py", line 146, in get_se
    wavs_folder = split_audio_whisper(audio_path, target_dir=target_dir, audio_name=audio_name)
  File "/home/ubuntu/OpenVoice/openvoice/se_extractor.py", line 29, in split_audio_whisper
    segments = list(segments)
  File "/home/ubuntu/miniconda3/envs/openvoice/lib/python3.9/site-packages/faster_whisper/transcribe.py", line 433, in generate_segments
    ) = self.generate_with_fallback(encoder_output, prompt, tokenizer, options)
  File "/home/ubuntu/miniconda3/envs/openvoice/lib/python3.9/site-packages/faster_whisper/transcribe.py", line 641, in generate_with_fallback
    result = self.model.generate(
RuntimeError: CUDA failed with error out of memory
Traceback (most recent call last):
  File "/home/ubuntu/OpenVoice/job.py", line 334, in <module>
    clone_voice(f"./projects/{i}/{j}")
  File "/home/ubuntu/OpenVoice/job.py", line 201, in clone_voice
    return(convert_color(projectfolder))
  File "/home/ubuntu/OpenVoice/job.py", line 277, in convert_color
    target_se, audio_name = se_extractor.get_se(ref_audio_path, tone_color_converter, vad=False)
  File "/home/ubuntu/OpenVoice/openvoice/se_extractor.py", line 150, in get_se
    raise NotImplementedError('No audio segments found!')
NotImplementedError: No audio segments found!
Traceback (most recent call last):
  File "/home/ubuntu/miniconda3/envs/openvoice/lib/python3.9/site-packages/librosa/core/audio.py", line 155, in load
    context = sf.SoundFile(path)
  File "/home/ubuntu/miniconda3/envs/openvoice/lib/python3.9/site-packages/soundfile.py", line 658, in __init__
    self._file = self._open(file, mode_int, closefd)
  File "/home/ubuntu/miniconda3/envs/openvoice/lib/python3.9/site-packages/soundfile.py", line 1216, in _open
    raise LibsndfileError(err, prefix="Error opening {0!r}: ".format(self.name))
soundfile.LibsndfileError: Error opening './projects/07f84592-1043-488c-a1d2-7faff027212c/0/1_clone_Instant#ru-RU-DariyaNeural.mp3': File does not exist or is not a regular file (possibly a pipe?).

During handling of the above exception, another exception occurred:

Traceback (most recent call last):
  File "/home/ubuntu/OpenVoice/job.py", line 334, in <module>
    clone_voice(f"./projects/{i}/{j}")
  File "/home/ubuntu/OpenVoice/job.py", line 201, in clone_voice
    return(convert_color(projectfolder))
  File "/home/ubuntu/OpenVoice/job.py", line 314, in convert_color
    tone_color_converter.convert(
  File "/home/ubuntu/OpenVoice/openvoice/api.py", line 144, in convert
    audio, sample_rate = librosa.load(audio_src_path, sr=hps.data.sampling_rate)
  File "/home/ubuntu/miniconda3/envs/openvoice/lib/python3.9/site-packages/librosa/util/decorators.py", line 88, in inner_f
    return f(*args, **kwargs)
  File "/home/ubuntu/miniconda3/envs/openvoice/lib/python3.9/site-packages/librosa/core/audio.py", line 174, in load
    y, sr_native = __audioread_load(path, offset, duration, dtype)
  File "/home/ubuntu/miniconda3/envs/openvoice/lib/python3.9/site-packages/librosa/core/audio.py", line 198, in __audioread_load
    with audioread.audio_open(path) as input_file:
  File "/home/ubuntu/miniconda3/envs/openvoice/lib/python3.9/site-packages/audioread/__init__.py", line 127, in audio_open
    return BackendClass(path)
  File "/home/ubuntu/miniconda3/envs/openvoice/lib/python3.9/site-packages/audioread/rawread.py", line 62, in __init__
    self._file = aifc.open(self._fh)
  File "/home/ubuntu/miniconda3/envs/openvoice/lib/python3.9/aifc.py", line 917, in open
    return Aifc_read(f)
  File "/home/ubuntu/miniconda3/envs/openvoice/lib/python3.9/aifc.py", line 358, in __init__
    self.initfp(f)
  File "/home/ubuntu/miniconda3/envs/openvoice/lib/python3.9/aifc.py", line 314, in initfp
    chunk = Chunk(file)
  File "/home/ubuntu/miniconda3/envs/openvoice/lib/python3.9/chunk.py", line 63, in __init__
    raise EOFError
EOFError
Traceback (most recent call last):
  File "/home/ubuntu/miniconda3/envs/openvoice/lib/python3.9/site-packages/librosa/core/audio.py", line 155, in load
    context = sf.SoundFile(path)
  File "/home/ubuntu/miniconda3/envs/openvoice/lib/python3.9/site-packages/soundfile.py", line 658, in __init__
    self._file = self._open(file, mode_int, closefd)
  File "/home/ubuntu/miniconda3/envs/openvoice/lib/python3.9/site-packages/soundfile.py", line 1216, in _open
    raise LibsndfileError(err, prefix="Error opening {0!r}: ".format(self.name))
soundfile.LibsndfileError: Error opening './projects/e504fc51-4578-409f-97a6-d2448318c970/0/8_clone_Instant#ru-RU-DariyaNeural.mp3': File does not exist or is not a regular file (possibly a pipe?).

During handling of the above exception, another exception occurred:

Traceback (most recent call last):
  File "/home/ubuntu/OpenVoice/job.py", line 334, in <module>
    clone_voice(f"./projects/{i}/{j}")
  File "/home/ubuntu/OpenVoice/job.py", line 201, in clone_voice
    return(convert_color(projectfolder))
  File "/home/ubuntu/OpenVoice/job.py", line 314, in convert_color
    tone_color_converter.convert(
  File "/home/ubuntu/OpenVoice/openvoice/api.py", line 144, in convert
    audio, sample_rate = librosa.load(audio_src_path, sr=hps.data.sampling_rate)
  File "/home/ubuntu/miniconda3/envs/openvoice/lib/python3.9/site-packages/librosa/util/decorators.py", line 88, in inner_f
    return f(*args, **kwargs)
  File "/home/ubuntu/miniconda3/envs/openvoice/lib/python3.9/site-packages/librosa/core/audio.py", line 174, in load
    y, sr_native = __audioread_load(path, offset, duration, dtype)
  File "/home/ubuntu/miniconda3/envs/openvoice/lib/python3.9/site-packages/librosa/core/audio.py", line 198, in __audioread_load
    with audioread.audio_open(path) as input_file:
  File "/home/ubuntu/miniconda3/envs/openvoice/lib/python3.9/site-packages/audioread/__init__.py", line 127, in audio_open
    return BackendClass(path)
  File "/home/ubuntu/miniconda3/envs/openvoice/lib/python3.9/site-packages/audioread/rawread.py", line 62, in __init__
    self._file = aifc.open(self._fh)
  File "/home/ubuntu/miniconda3/envs/openvoice/lib/python3.9/aifc.py", line 917, in open
    return Aifc_read(f)
  File "/home/ubuntu/miniconda3/envs/openvoice/lib/python3.9/aifc.py", line 358, in __init__
    self.initfp(f)
  File "/home/ubuntu/miniconda3/envs/openvoice/lib/python3.9/aifc.py", line 314, in initfp
    chunk = Chunk(file)
  File "/home/ubuntu/miniconda3/envs/openvoice/lib/python3.9/chunk.py", line 63, in __init__
    raise EOFError
EOFError
Traceback (most recent call last):
  File "/home/ubuntu/miniconda3/envs/openvoice/lib/python3.9/site-packages/librosa/core/audio.py", line 155, in load
    context = sf.SoundFile(path)
  File "/home/ubuntu/miniconda3/envs/openvoice/lib/python3.9/site-packages/soundfile.py", line 658, in __init__
    self._file = self._open(file, mode_int, closefd)
  File "/home/ubuntu/miniconda3/envs/openvoice/lib/python3.9/site-packages/soundfile.py", line 1216, in _open
    raise LibsndfileError(err, prefix="Error opening {0!r}: ".format(self.name))
soundfile.LibsndfileError: Error opening './projects/9f885336-32f4-4d7a-aded-aefd7e2758aa/0/1_clone_Instant#hi-IN-RehaanNeural.mp3': File does not exist or is not a regular file (possibly a pipe?).

During handling of the above exception, another exception occurred:

Traceback (most recent call last):
  File "/home/ubuntu/OpenVoice/job.py", line 334, in <module>
    clone_voice(f"./projects/{i}/{j}")
  File "/home/ubuntu/OpenVoice/job.py", line 201, in clone_voice
    return(convert_color(projectfolder))
  File "/home/ubuntu/OpenVoice/job.py", line 314, in convert_color
    tone_color_converter.convert(
  File "/home/ubuntu/OpenVoice/openvoice/api.py", line 144, in convert
    audio, sample_rate = librosa.load(audio_src_path, sr=hps.data.sampling_rate)
  File "/home/ubuntu/miniconda3/envs/openvoice/lib/python3.9/site-packages/librosa/util/decorators.py", line 88, in inner_f
    return f(*args, **kwargs)
  File "/home/ubuntu/miniconda3/envs/openvoice/lib/python3.9/site-packages/librosa/core/audio.py", line 174, in load
    y, sr_native = __audioread_load(path, offset, duration, dtype)
  File "/home/ubuntu/miniconda3/envs/openvoice/lib/python3.9/site-packages/librosa/core/audio.py", line 198, in __audioread_load
    with audioread.audio_open(path) as input_file:
  File "/home/ubuntu/miniconda3/envs/openvoice/lib/python3.9/site-packages/audioread/__init__.py", line 127, in audio_open
    return BackendClass(path)
  File "/home/ubuntu/miniconda3/envs/openvoice/lib/python3.9/site-packages/audioread/rawread.py", line 62, in __init__
    self._file = aifc.open(self._fh)
  File "/home/ubuntu/miniconda3/envs/openvoice/lib/python3.9/aifc.py", line 917, in open
    return Aifc_read(f)
  File "/home/ubuntu/miniconda3/envs/openvoice/lib/python3.9/aifc.py", line 358, in __init__
    self.initfp(f)
  File "/home/ubuntu/miniconda3/envs/openvoice/lib/python3.9/aifc.py", line 314, in initfp
    chunk = Chunk(file)
  File "/home/ubuntu/miniconda3/envs/openvoice/lib/python3.9/chunk.py", line 63, in __init__
    raise EOFError
EOFError
Traceback (most recent call last):
  File "/home/ubuntu/OpenVoice/job.py", line 334, in <module>
    clone_voice(f"./projects/{i}/{j}")
  File "/home/ubuntu/OpenVoice/job.py", line 201, in clone_voice
    return(convert_color(projectfolder))
  File "/home/ubuntu/OpenVoice/job.py", line 277, in convert_color
    target_se, audio_name = se_extractor.get_se(ref_audio_path, tone_color_converter, vad=False)
  File "/home/ubuntu/OpenVoice/openvoice/se_extractor.py", line 150, in get_se
    raise NotImplementedError('No audio segments found!')
NotImplementedError: No audio segments found!
Traceback (most recent call last):
  File "/home/ubuntu/miniconda3/envs/openvoice/lib/python3.9/site-packages/librosa/core/audio.py", line 155, in load
    context = sf.SoundFile(path)
  File "/home/ubuntu/miniconda3/envs/openvoice/lib/python3.9/site-packages/soundfile.py", line 658, in __init__
    self._file = self._open(file, mode_int, closefd)
  File "/home/ubuntu/miniconda3/envs/openvoice/lib/python3.9/site-packages/soundfile.py", line 1216, in _open
    raise LibsndfileError(err, prefix="Error opening {0!r}: ".format(self.name))
soundfile.LibsndfileError: Error opening './projects/9bac6ae9-e330-416b-9534-fa0578478ccc/0/13_clone_Instant#ru-RU-SvetlanaNeural.mp3': File does not exist or is not a regular file (possibly a pipe?).

During handling of the above exception, another exception occurred:

Traceback (most recent call last):
  File "/home/ubuntu/OpenVoice/job.py", line 334, in <module>
    clone_voice(f"./projects/{i}/{j}")
  File "/home/ubuntu/OpenVoice/job.py", line 201, in clone_voice
    return(convert_color(projectfolder))
  File "/home/ubuntu/OpenVoice/job.py", line 314, in convert_color
    tone_color_converter.convert(
  File "/home/ubuntu/OpenVoice/openvoice/api.py", line 144, in convert
    audio, sample_rate = librosa.load(audio_src_path, sr=hps.data.sampling_rate)
  File "/home/ubuntu/miniconda3/envs/openvoice/lib/python3.9/site-packages/librosa/util/decorators.py", line 88, in inner_f
    return f(*args, **kwargs)
  File "/home/ubuntu/miniconda3/envs/openvoice/lib/python3.9/site-packages/librosa/core/audio.py", line 174, in load
    y, sr_native = __audioread_load(path, offset, duration, dtype)
  File "/home/ubuntu/miniconda3/envs/openvoice/lib/python3.9/site-packages/librosa/core/audio.py", line 198, in __audioread_load
    with audioread.audio_open(path) as input_file:
  File "/home/ubuntu/miniconda3/envs/openvoice/lib/python3.9/site-packages/audioread/__init__.py", line 127, in audio_open
    return BackendClass(path)
  File "/home/ubuntu/miniconda3/envs/openvoice/lib/python3.9/site-packages/audioread/rawread.py", line 62, in __init__
    self._file = aifc.open(self._fh)
  File "/home/ubuntu/miniconda3/envs/openvoice/lib/python3.9/aifc.py", line 917, in open
    return Aifc_read(f)
  File "/home/ubuntu/miniconda3/envs/openvoice/lib/python3.9/aifc.py", line 358, in __init__
    self.initfp(f)
  File "/home/ubuntu/miniconda3/envs/openvoice/lib/python3.9/aifc.py", line 314, in initfp
    chunk = Chunk(file)
  File "/home/ubuntu/miniconda3/envs/openvoice/lib/python3.9/chunk.py", line 63, in __init__
    raise EOFError
EOFError
Traceback (most recent call last):
  File "/home/ubuntu/miniconda3/envs/openvoice/lib/python3.9/site-packages/librosa/core/audio.py", line 155, in load
    context = sf.SoundFile(path)
  File "/home/ubuntu/miniconda3/envs/openvoice/lib/python3.9/site-packages/soundfile.py", line 658, in __init__
    self._file = self._open(file, mode_int, closefd)
  File "/home/ubuntu/miniconda3/envs/openvoice/lib/python3.9/site-packages/soundfile.py", line 1216, in _open
    raise LibsndfileError(err, prefix="Error opening {0!r}: ".format(self.name))
soundfile.LibsndfileError: Error opening './projects/d67c3250-507c-474e-bea3-a17ed22cc97c/0/27_clone_Instant#ru-RU-SvetlanaNeural.mp3': File does not exist or is not a regular file (possibly a pipe?).

During handling of the above exception, another exception occurred:

Traceback (most recent call last):
  File "/home/ubuntu/OpenVoice/job.py", line 334, in <module>
    clone_voice(f"./projects/{i}/{j}")
  File "/home/ubuntu/OpenVoice/job.py", line 201, in clone_voice
    return(convert_color(projectfolder))
  File "/home/ubuntu/OpenVoice/job.py", line 314, in convert_color
    tone_color_converter.convert(
  File "/home/ubuntu/OpenVoice/openvoice/api.py", line 144, in convert
    audio, sample_rate = librosa.load(audio_src_path, sr=hps.data.sampling_rate)
  File "/home/ubuntu/miniconda3/envs/openvoice/lib/python3.9/site-packages/librosa/util/decorators.py", line 88, in inner_f
    return f(*args, **kwargs)
  File "/home/ubuntu/miniconda3/envs/openvoice/lib/python3.9/site-packages/librosa/core/audio.py", line 174, in load
    y, sr_native = __audioread_load(path, offset, duration, dtype)
  File "/home/ubuntu/miniconda3/envs/openvoice/lib/python3.9/site-packages/librosa/core/audio.py", line 198, in __audioread_load
    with audioread.audio_open(path) as input_file:
  File "/home/ubuntu/miniconda3/envs/openvoice/lib/python3.9/site-packages/audioread/__init__.py", line 127, in audio_open
    return BackendClass(path)
  File "/home/ubuntu/miniconda3/envs/openvoice/lib/python3.9/site-packages/audioread/rawread.py", line 62, in __init__
    self._file = aifc.open(self._fh)
  File "/home/ubuntu/miniconda3/envs/openvoice/lib/python3.9/aifc.py", line 917, in open
    return Aifc_read(f)
  File "/home/ubuntu/miniconda3/envs/openvoice/lib/python3.9/aifc.py", line 358, in __init__
    self.initfp(f)
  File "/home/ubuntu/miniconda3/envs/openvoice/lib/python3.9/aifc.py", line 314, in initfp
    chunk = Chunk(file)
  File "/home/ubuntu/miniconda3/envs/openvoice/lib/python3.9/chunk.py", line 63, in __init__
    raise EOFError
EOFError
Traceback (most recent call last):
  File "/home/ubuntu/OpenVoice/job.py", line 334, in <module>
    clone_voice(f"./projects/{i}/{j}")
  File "/home/ubuntu/OpenVoice/job.py", line 201, in clone_voice
    return(convert_color(projectfolder))
  File "/home/ubuntu/OpenVoice/job.py", line 277, in convert_color
    target_se, audio_name = se_extractor.get_se(ref_audio_path, tone_color_converter, vad=False)
  File "/home/ubuntu/OpenVoice/openvoice/se_extractor.py", line 150, in get_se
    raise NotImplementedError('No audio segments found!')
NotImplementedError: No audio segments found!
Traceback (most recent call last):
  File "/home/ubuntu/OpenVoice/job.py", line 334, in <module>
    clone_voice(f"./projects/{i}/{j}")
  File "/home/ubuntu/OpenVoice/job.py", line 201, in clone_voice
    return(convert_color(projectfolder))
  File "/home/ubuntu/OpenVoice/job.py", line 277, in convert_color
    target_se, audio_name = se_extractor.get_se(ref_audio_path, tone_color_converter, vad=False)
  File "/home/ubuntu/OpenVoice/openvoice/se_extractor.py", line 150, in get_se
    raise NotImplementedError('No audio segments found!')
NotImplementedError: No audio segments found!
Traceback (most recent call last):
  File "/home/ubuntu/OpenVoice/job.py", line 334, in <module>
    clone_voice(f"./projects/{i}/{j}")
  File "/home/ubuntu/OpenVoice/job.py", line 201, in clone_voice
    return(convert_color(projectfolder))
  File "/home/ubuntu/OpenVoice/job.py", line 277, in convert_color
    target_se, audio_name = se_extractor.get_se(ref_audio_path, tone_color_converter, vad=False)
  File "/home/ubuntu/OpenVoice/openvoice/se_extractor.py", line 150, in get_se
    raise NotImplementedError('No audio segments found!')
NotImplementedError: No audio segments found!
Traceback (most recent call last):
  File "/home/ubuntu/OpenVoice/job.py", line 334, in <module>
    clone_voice(f"./projects/{i}/{j}")
  File "/home/ubuntu/OpenVoice/job.py", line 201, in clone_voice
    return(convert_color(projectfolder))
  File "/home/ubuntu/OpenVoice/job.py", line 277, in convert_color
    target_se, audio_name = se_extractor.get_se(ref_audio_path, tone_color_converter, vad=False)
  File "/home/ubuntu/OpenVoice/openvoice/se_extractor.py", line 146, in get_se
    wavs_folder = split_audio_whisper(audio_path, target_dir=target_dir, audio_name=audio_name)
  File "/home/ubuntu/OpenVoice/openvoice/se_extractor.py", line 29, in split_audio_whisper
    segments = list(segments)
  File "/home/ubuntu/miniconda3/envs/openvoice/lib/python3.9/site-packages/faster_whisper/transcribe.py", line 433, in generate_segments
    ) = self.generate_with_fallback(encoder_output, prompt, tokenizer, options)
  File "/home/ubuntu/miniconda3/envs/openvoice/lib/python3.9/site-packages/faster_whisper/transcribe.py", line 641, in generate_with_fallback
    result = self.model.generate(
RuntimeError: CUDA failed with error out of memory
Traceback (most recent call last):
  File "/home/ubuntu/OpenVoice/job.py", line 334, in <module>
    clone_voice(f"./projects/{i}/{j}")
  File "/home/ubuntu/OpenVoice/job.py", line 201, in clone_voice
    return(convert_color(projectfolder))
  File "/home/ubuntu/OpenVoice/job.py", line 277, in convert_color
    target_se, audio_name = se_extractor.get_se(ref_audio_path, tone_color_converter, vad=False)
  File "/home/ubuntu/OpenVoice/openvoice/se_extractor.py", line 146, in get_se
    wavs_folder = split_audio_whisper(audio_path, target_dir=target_dir, audio_name=audio_name)
  File "/home/ubuntu/OpenVoice/openvoice/se_extractor.py", line 29, in split_audio_whisper
    segments = list(segments)
  File "/home/ubuntu/miniconda3/envs/openvoice/lib/python3.9/site-packages/faster_whisper/transcribe.py", line 433, in generate_segments
    ) = self.generate_with_fallback(encoder_output, prompt, tokenizer, options)
  File "/home/ubuntu/miniconda3/envs/openvoice/lib/python3.9/site-packages/faster_whisper/transcribe.py", line 641, in generate_with_fallback
    result = self.model.generate(
RuntimeError: CUDA failed with error out of memory
Traceback (most recent call last):
  File "/home/ubuntu/OpenVoice/job.py", line 334, in <module>
    clone_voice(f"./projects/{i}/{j}")
  File "/home/ubuntu/OpenVoice/job.py", line 201, in clone_voice
    return(convert_color(projectfolder))
  File "/home/ubuntu/OpenVoice/job.py", line 277, in convert_color
    target_se, audio_name = se_extractor.get_se(ref_audio_path, tone_color_converter, vad=False)
  File "/home/ubuntu/OpenVoice/openvoice/se_extractor.py", line 146, in get_se
    wavs_folder = split_audio_whisper(audio_path, target_dir=target_dir, audio_name=audio_name)
  File "/home/ubuntu/OpenVoice/openvoice/se_extractor.py", line 29, in split_audio_whisper
    segments = list(segments)
  File "/home/ubuntu/miniconda3/envs/openvoice/lib/python3.9/site-packages/faster_whisper/transcribe.py", line 433, in generate_segments
    ) = self.generate_with_fallback(encoder_output, prompt, tokenizer, options)
  File "/home/ubuntu/miniconda3/envs/openvoice/lib/python3.9/site-packages/faster_whisper/transcribe.py", line 641, in generate_with_fallback
    result = self.model.generate(
RuntimeError: CUDA failed with error out of memory
Traceback (most recent call last):
  File "/home/ubuntu/OpenVoice/job.py", line 334, in <module>
    clone_voice(f"./projects/{i}/{j}")
  File "/home/ubuntu/OpenVoice/job.py", line 201, in clone_voice
    return(convert_color(projectfolder))
  File "/home/ubuntu/OpenVoice/job.py", line 277, in convert_color
    target_se, audio_name = se_extractor.get_se(ref_audio_path, tone_color_converter, vad=False)
  File "/home/ubuntu/OpenVoice/openvoice/se_extractor.py", line 146, in get_se
    wavs_folder = split_audio_whisper(audio_path, target_dir=target_dir, audio_name=audio_name)
  File "/home/ubuntu/OpenVoice/openvoice/se_extractor.py", line 29, in split_audio_whisper
    segments = list(segments)
  File "/home/ubuntu/miniconda3/envs/openvoice/lib/python3.9/site-packages/faster_whisper/transcribe.py", line 433, in generate_segments
    ) = self.generate_with_fallback(encoder_output, prompt, tokenizer, options)
  File "/home/ubuntu/miniconda3/envs/openvoice/lib/python3.9/site-packages/faster_whisper/transcribe.py", line 641, in generate_with_fallback
    result = self.model.generate(
RuntimeError: CUDA failed with error out of memory
Traceback (most recent call last):
  File "/home/ubuntu/OpenVoice/job.py", line 334, in <module>
    clone_voice(f"./projects/{i}/{j}")
  File "/home/ubuntu/OpenVoice/job.py", line 201, in clone_voice
    return(convert_color(projectfolder))
  File "/home/ubuntu/OpenVoice/job.py", line 277, in convert_color
    target_se, audio_name = se_extractor.get_se(ref_audio_path, tone_color_converter, vad=False)
  File "/home/ubuntu/OpenVoice/openvoice/se_extractor.py", line 150, in get_se
    raise NotImplementedError('No audio segments found!')
NotImplementedError: No audio segments found!
Traceback (most recent call last):
  File "/home/ubuntu/OpenVoice/job.py", line 334, in <module>
    clone_voice(f"./projects/{i}/{j}")
  File "/home/ubuntu/OpenVoice/job.py", line 201, in clone_voice
    return(convert_color(projectfolder))
  File "/home/ubuntu/OpenVoice/job.py", line 277, in convert_color
    target_se, audio_name = se_extractor.get_se(ref_audio_path, tone_color_converter, vad=False)
  File "/home/ubuntu/OpenVoice/openvoice/se_extractor.py", line 150, in get_se
    raise NotImplementedError('No audio segments found!')
NotImplementedError: No audio segments found!
Traceback (most recent call last):
  File "/home/ubuntu/OpenVoice/job.py", line 334, in <module>
    clone_voice(f"./projects/{i}/{j}")
  File "/home/ubuntu/OpenVoice/job.py", line 201, in clone_voice
    return(convert_color(projectfolder))
  File "/home/ubuntu/OpenVoice/job.py", line 277, in convert_color
    target_se, audio_name = se_extractor.get_se(ref_audio_path, tone_color_converter, vad=False)
  File "/home/ubuntu/OpenVoice/openvoice/se_extractor.py", line 150, in get_se
    raise NotImplementedError('No audio segments found!')
NotImplementedError: No audio segments found!
Traceback (most recent call last):
  File "/home/ubuntu/OpenVoice/job.py", line 334, in <module>
    clone_voice(f"./projects/{i}/{j}")
  File "/home/ubuntu/OpenVoice/job.py", line 201, in clone_voice
    return(convert_color(projectfolder))
  File "/home/ubuntu/OpenVoice/job.py", line 277, in convert_color
    target_se, audio_name = se_extractor.get_se(ref_audio_path, tone_color_converter, vad=False)
  File "/home/ubuntu/OpenVoice/openvoice/se_extractor.py", line 150, in get_se
    raise NotImplementedError('No audio segments found!')
NotImplementedError: No audio segments found!
Traceback (most recent call last):
  File "/home/ubuntu/OpenVoice/job.py", line 334, in <module>
    clone_voice(f"./projects/{i}/{j}")
  File "/home/ubuntu/OpenVoice/job.py", line 201, in clone_voice
    return(convert_color(projectfolder))
  File "/home/ubuntu/OpenVoice/job.py", line 277, in convert_color
    target_se, audio_name = se_extractor.get_se(ref_audio_path, tone_color_converter, vad=False)
  File "/home/ubuntu/OpenVoice/openvoice/se_extractor.py", line 150, in get_se
    raise NotImplementedError('No audio segments found!')
NotImplementedError: No audio segments found!
Traceback (most recent call last):
  File "/home/ubuntu/OpenVoice/job.py", line 334, in <module>
    clone_voice(f"./projects/{i}/{j}")
  File "/home/ubuntu/OpenVoice/job.py", line 201, in clone_voice
    return(convert_color(projectfolder))
  File "/home/ubuntu/OpenVoice/job.py", line 277, in convert_color
    target_se, audio_name = se_extractor.get_se(ref_audio_path, tone_color_converter, vad=False)
  File "/home/ubuntu/OpenVoice/openvoice/se_extractor.py", line 150, in get_se
    raise NotImplementedError('No audio segments found!')
NotImplementedError: No audio segments found!
Traceback (most recent call last):
  File "/home/ubuntu/OpenVoice/job.py", line 334, in <module>
    clone_voice(f"./projects/{i}/{j}")
  File "/home/ubuntu/OpenVoice/job.py", line 201, in clone_voice
    return(convert_color(projectfolder))
  File "/home/ubuntu/OpenVoice/job.py", line 277, in convert_color
    target_se, audio_name = se_extractor.get_se(ref_audio_path, tone_color_converter, vad=False)
  File "/home/ubuntu/OpenVoice/openvoice/se_extractor.py", line 146, in get_se
    wavs_folder = split_audio_whisper(audio_path, target_dir=target_dir, audio_name=audio_name)
  File "/home/ubuntu/OpenVoice/openvoice/se_extractor.py", line 29, in split_audio_whisper
    segments = list(segments)
  File "/home/ubuntu/miniconda3/envs/openvoice/lib/python3.9/site-packages/faster_whisper/transcribe.py", line 433, in generate_segments
    ) = self.generate_with_fallback(encoder_output, prompt, tokenizer, options)
  File "/home/ubuntu/miniconda3/envs/openvoice/lib/python3.9/site-packages/faster_whisper/transcribe.py", line 641, in generate_with_fallback
    result = self.model.generate(
RuntimeError: CUDA failed with error out of memory
Traceback (most recent call last):
  File "/home/ubuntu/OpenVoice/job.py", line 334, in <module>
    clone_voice(f"./projects/{i}/{j}")
  File "/home/ubuntu/OpenVoice/job.py", line 201, in clone_voice
    return(convert_color(projectfolder))
  File "/home/ubuntu/OpenVoice/job.py", line 277, in convert_color
    target_se, audio_name = se_extractor.get_se(ref_audio_path, tone_color_converter, vad=False)
  File "/home/ubuntu/OpenVoice/openvoice/se_extractor.py", line 146, in get_se
    wavs_folder = split_audio_whisper(audio_path, target_dir=target_dir, audio_name=audio_name)
  File "/home/ubuntu/OpenVoice/openvoice/se_extractor.py", line 29, in split_audio_whisper
    segments = list(segments)
  File "/home/ubuntu/miniconda3/envs/openvoice/lib/python3.9/site-packages/faster_whisper/transcribe.py", line 433, in generate_segments
    ) = self.generate_with_fallback(encoder_output, prompt, tokenizer, options)
  File "/home/ubuntu/miniconda3/envs/openvoice/lib/python3.9/site-packages/faster_whisper/transcribe.py", line 641, in generate_with_fallback
    result = self.model.generate(
RuntimeError: CUDA failed with error out of memory
Traceback (most recent call last):
  File "/home/ubuntu/OpenVoice/job.py", line 334, in <module>
    clone_voice(f"./projects/{i}/{j}")
  File "/home/ubuntu/OpenVoice/job.py", line 201, in clone_voice
    return(convert_color(projectfolder))
  File "/home/ubuntu/OpenVoice/job.py", line 277, in convert_color
    target_se, audio_name = se_extractor.get_se(ref_audio_path, tone_color_converter, vad=False)
  File "/home/ubuntu/OpenVoice/openvoice/se_extractor.py", line 150, in get_se
    raise NotImplementedError('No audio segments found!')
NotImplementedError: No audio segments found!
Traceback (most recent call last):
  File "/home/ubuntu/OpenVoice/job.py", line 334, in <module>
    clone_voice(f"./projects/{i}/{j}")
  File "/home/ubuntu/OpenVoice/job.py", line 201, in clone_voice
    return(convert_color(projectfolder))
  File "/home/ubuntu/OpenVoice/job.py", line 277, in convert_color
    target_se, audio_name = se_extractor.get_se(ref_audio_path, tone_color_converter, vad=False)
  File "/home/ubuntu/OpenVoice/openvoice/se_extractor.py", line 146, in get_se
    wavs_folder = split_audio_whisper(audio_path, target_dir=target_dir, audio_name=audio_name)
  File "/home/ubuntu/OpenVoice/openvoice/se_extractor.py", line 29, in split_audio_whisper
    segments = list(segments)
  File "/home/ubuntu/miniconda3/envs/openvoice/lib/python3.9/site-packages/faster_whisper/transcribe.py", line 433, in generate_segments
    ) = self.generate_with_fallback(encoder_output, prompt, tokenizer, options)
  File "/home/ubuntu/miniconda3/envs/openvoice/lib/python3.9/site-packages/faster_whisper/transcribe.py", line 641, in generate_with_fallback
    result = self.model.generate(
RuntimeError: CUDA failed with error out of memory
Traceback (most recent call last):
  File "/home/ubuntu/OpenVoice/job.py", line 334, in <module>
    clone_voice(f"./projects/{i}/{j}")
  File "/home/ubuntu/OpenVoice/job.py", line 201, in clone_voice
    return(convert_color(projectfolder))
  File "/home/ubuntu/OpenVoice/job.py", line 277, in convert_color
    target_se, audio_name = se_extractor.get_se(ref_audio_path, tone_color_converter, vad=False)
  File "/home/ubuntu/OpenVoice/openvoice/se_extractor.py", line 150, in get_se
    raise NotImplementedError('No audio segments found!')
NotImplementedError: No audio segments found!
Traceback (most recent call last):
  File "/home/ubuntu/OpenVoice/job.py", line 334, in <module>
    clone_voice(f"./projects/{i}/{j}")
  File "/home/ubuntu/OpenVoice/job.py", line 201, in clone_voice
    return(convert_color(projectfolder))
  File "/home/ubuntu/OpenVoice/job.py", line 277, in convert_color
    target_se, audio_name = se_extractor.get_se(ref_audio_path, tone_color_converter, vad=False)
  File "/home/ubuntu/OpenVoice/openvoice/se_extractor.py", line 146, in get_se
    wavs_folder = split_audio_whisper(audio_path, target_dir=target_dir, audio_name=audio_name)
  File "/home/ubuntu/OpenVoice/openvoice/se_extractor.py", line 29, in split_audio_whisper
    segments = list(segments)
  File "/home/ubuntu/miniconda3/envs/openvoice/lib/python3.9/site-packages/faster_whisper/transcribe.py", line 433, in generate_segments
    ) = self.generate_with_fallback(encoder_output, prompt, tokenizer, options)
  File "/home/ubuntu/miniconda3/envs/openvoice/lib/python3.9/site-packages/faster_whisper/transcribe.py", line 641, in generate_with_fallback
    result = self.model.generate(
RuntimeError: CUDA failed with error out of memory
Traceback (most recent call last):
  File "/home/ubuntu/OpenVoice/job.py", line 334, in <module>
    clone_voice(f"./projects/{i}/{j}")
  File "/home/ubuntu/OpenVoice/job.py", line 201, in clone_voice
    return(convert_color(projectfolder))
  File "/home/ubuntu/OpenVoice/job.py", line 277, in convert_color
    target_se, audio_name = se_extractor.get_se(ref_audio_path, tone_color_converter, vad=False)
  File "/home/ubuntu/OpenVoice/openvoice/se_extractor.py", line 150, in get_se
    raise NotImplementedError('No audio segments found!')
NotImplementedError: No audio segments found!
Traceback (most recent call last):
  File "/home/ubuntu/OpenVoice/job.py", line 334, in <module>
    clone_voice(f"./projects/{i}/{j}")
  File "/home/ubuntu/OpenVoice/job.py", line 201, in clone_voice
    return(convert_color(projectfolder))
  File "/home/ubuntu/OpenVoice/job.py", line 277, in convert_color
    target_se, audio_name = se_extractor.get_se(ref_audio_path, tone_color_converter, vad=False)
  File "/home/ubuntu/OpenVoice/openvoice/se_extractor.py", line 150, in get_se
    raise NotImplementedError('No audio segments found!')
NotImplementedError: No audio segments found!
Traceback (most recent call last):
  File "/home/ubuntu/OpenVoice/job.py", line 334, in <module>
    clone_voice(f"./projects/{i}/{j}")
  File "/home/ubuntu/OpenVoice/job.py", line 201, in clone_voice
    return(convert_color(projectfolder))
  File "/home/ubuntu/OpenVoice/job.py", line 277, in convert_color
    target_se, audio_name = se_extractor.get_se(ref_audio_path, tone_color_converter, vad=False)
  File "/home/ubuntu/OpenVoice/openvoice/se_extractor.py", line 150, in get_se
    raise NotImplementedError('No audio segments found!')
NotImplementedError: No audio segments found!
Traceback (most recent call last):
  File "/home/ubuntu/OpenVoice/job.py", line 334, in <module>
    clone_voice(f"./projects/{i}/{j}")
  File "/home/ubuntu/OpenVoice/job.py", line 201, in clone_voice
    return(convert_color(projectfolder))
  File "/home/ubuntu/OpenVoice/job.py", line 277, in convert_color
    target_se, audio_name = se_extractor.get_se(ref_audio_path, tone_color_converter, vad=False)
  File "/home/ubuntu/OpenVoice/openvoice/se_extractor.py", line 146, in get_se
    wavs_folder = split_audio_whisper(audio_path, target_dir=target_dir, audio_name=audio_name)
  File "/home/ubuntu/OpenVoice/openvoice/se_extractor.py", line 29, in split_audio_whisper
    segments = list(segments)
  File "/home/ubuntu/miniconda3/envs/openvoice/lib/python3.9/site-packages/faster_whisper/transcribe.py", line 433, in generate_segments
    ) = self.generate_with_fallback(encoder_output, prompt, tokenizer, options)
  File "/home/ubuntu/miniconda3/envs/openvoice/lib/python3.9/site-packages/faster_whisper/transcribe.py", line 641, in generate_with_fallback
    result = self.model.generate(
RuntimeError: CUDA failed with error out of memory
Traceback (most recent call last):
  File "/home/ubuntu/OpenVoice/job.py", line 334, in <module>
    clone_voice(f"./projects/{i}/{j}")
  File "/home/ubuntu/OpenVoice/job.py", line 201, in clone_voice
    return(convert_color(projectfolder))
  File "/home/ubuntu/OpenVoice/job.py", line 277, in convert_color
    target_se, audio_name = se_extractor.get_se(ref_audio_path, tone_color_converter, vad=False)
  File "/home/ubuntu/OpenVoice/openvoice/se_extractor.py", line 146, in get_se
    wavs_folder = split_audio_whisper(audio_path, target_dir=target_dir, audio_name=audio_name)
  File "/home/ubuntu/OpenVoice/openvoice/se_extractor.py", line 29, in split_audio_whisper
    segments = list(segments)
  File "/home/ubuntu/miniconda3/envs/openvoice/lib/python3.9/site-packages/faster_whisper/transcribe.py", line 433, in generate_segments
    ) = self.generate_with_fallback(encoder_output, prompt, tokenizer, options)
  File "/home/ubuntu/miniconda3/envs/openvoice/lib/python3.9/site-packages/faster_whisper/transcribe.py", line 641, in generate_with_fallback
    result = self.model.generate(
RuntimeError: CUDA failed with error out of memory
Traceback (most recent call last):
  File "/home/ubuntu/OpenVoice/job.py", line 334, in <module>
    clone_voice(f"./projects/{i}/{j}")
  File "/home/ubuntu/OpenVoice/job.py", line 201, in clone_voice
    return(convert_color(projectfolder))
  File "/home/ubuntu/OpenVoice/job.py", line 277, in convert_color
    target_se, audio_name = se_extractor.get_se(ref_audio_path, tone_color_converter, vad=False)
  File "/home/ubuntu/OpenVoice/openvoice/se_extractor.py", line 150, in get_se
    raise NotImplementedError('No audio segments found!')
NotImplementedError: No audio segments found!
Traceback (most recent call last):
  File "/home/ubuntu/OpenVoice/job.py", line 334, in <module>
    clone_voice(f"./projects/{i}/{j}")
  File "/home/ubuntu/OpenVoice/job.py", line 201, in clone_voice
    return(convert_color(projectfolder))
  File "/home/ubuntu/OpenVoice/job.py", line 277, in convert_color
    target_se, audio_name = se_extractor.get_se(ref_audio_path, tone_color_converter, vad=False)
  File "/home/ubuntu/OpenVoice/openvoice/se_extractor.py", line 150, in get_se
    raise NotImplementedError('No audio segments found!')
NotImplementedError: No audio segments found!
Traceback (most recent call last):
  File "/home/ubuntu/OpenVoice/job.py", line 334, in <module>
    clone_voice(f"./projects/{i}/{j}")
  File "/home/ubuntu/OpenVoice/job.py", line 201, in clone_voice
    return(convert_color(projectfolder))
  File "/home/ubuntu/OpenVoice/job.py", line 277, in convert_color
    target_se, audio_name = se_extractor.get_se(ref_audio_path, tone_color_converter, vad=False)
  File "/home/ubuntu/OpenVoice/openvoice/se_extractor.py", line 146, in get_se
    wavs_folder = split_audio_whisper(audio_path, target_dir=target_dir, audio_name=audio_name)
  File "/home/ubuntu/OpenVoice/openvoice/se_extractor.py", line 29, in split_audio_whisper
    segments = list(segments)
  File "/home/ubuntu/miniconda3/envs/openvoice/lib/python3.9/site-packages/faster_whisper/transcribe.py", line 433, in generate_segments
    ) = self.generate_with_fallback(encoder_output, prompt, tokenizer, options)
  File "/home/ubuntu/miniconda3/envs/openvoice/lib/python3.9/site-packages/faster_whisper/transcribe.py", line 641, in generate_with_fallback
    result = self.model.generate(
RuntimeError: CUDA failed with error out of memory
Traceback (most recent call last):
  File "/home/ubuntu/OpenVoice/job.py", line 334, in <module>
    clone_voice(f"./projects/{i}/{j}")
  File "/home/ubuntu/OpenVoice/job.py", line 201, in clone_voice
    return(convert_color(projectfolder))
  File "/home/ubuntu/OpenVoice/job.py", line 277, in convert_color
    target_se, audio_name = se_extractor.get_se(ref_audio_path, tone_color_converter, vad=False)
  File "/home/ubuntu/OpenVoice/openvoice/se_extractor.py", line 146, in get_se
    wavs_folder = split_audio_whisper(audio_path, target_dir=target_dir, audio_name=audio_name)
  File "/home/ubuntu/OpenVoice/openvoice/se_extractor.py", line 29, in split_audio_whisper
    segments = list(segments)
  File "/home/ubuntu/miniconda3/envs/openvoice/lib/python3.9/site-packages/faster_whisper/transcribe.py", line 433, in generate_segments
    ) = self.generate_with_fallback(encoder_output, prompt, tokenizer, options)
  File "/home/ubuntu/miniconda3/envs/openvoice/lib/python3.9/site-packages/faster_whisper/transcribe.py", line 641, in generate_with_fallback
    result = self.model.generate(
RuntimeError: CUDA failed with error out of memory
Traceback (most recent call last):
  File "/home/ubuntu/OpenVoice/job.py", line 334, in <module>
    clone_voice(f"./projects/{i}/{j}")
  File "/home/ubuntu/OpenVoice/job.py", line 201, in clone_voice
    return(convert_color(projectfolder))
  File "/home/ubuntu/OpenVoice/job.py", line 277, in convert_color
    target_se, audio_name = se_extractor.get_se(ref_audio_path, tone_color_converter, vad=False)
  File "/home/ubuntu/OpenVoice/openvoice/se_extractor.py", line 146, in get_se
    wavs_folder = split_audio_whisper(audio_path, target_dir=target_dir, audio_name=audio_name)
  File "/home/ubuntu/OpenVoice/openvoice/se_extractor.py", line 29, in split_audio_whisper
    segments = list(segments)
  File "/home/ubuntu/miniconda3/envs/openvoice/lib/python3.9/site-packages/faster_whisper/transcribe.py", line 433, in generate_segments
    ) = self.generate_with_fallback(encoder_output, prompt, tokenizer, options)
  File "/home/ubuntu/miniconda3/envs/openvoice/lib/python3.9/site-packages/faster_whisper/transcribe.py", line 641, in generate_with_fallback
    result = self.model.generate(
RuntimeError: CUDA failed with error out of memory
Traceback (most recent call last):
  File "/home/ubuntu/OpenVoice/job.py", line 334, in <module>
    clone_voice(f"./projects/{i}/{j}")
  File "/home/ubuntu/OpenVoice/job.py", line 201, in clone_voice
    return(convert_color(projectfolder))
  File "/home/ubuntu/OpenVoice/job.py", line 277, in convert_color
    target_se, audio_name = se_extractor.get_se(ref_audio_path, tone_color_converter, vad=False)
  File "/home/ubuntu/OpenVoice/openvoice/se_extractor.py", line 146, in get_se
    wavs_folder = split_audio_whisper(audio_path, target_dir=target_dir, audio_name=audio_name)
  File "/home/ubuntu/OpenVoice/openvoice/se_extractor.py", line 29, in split_audio_whisper
    segments = list(segments)
  File "/home/ubuntu/miniconda3/envs/openvoice/lib/python3.9/site-packages/faster_whisper/transcribe.py", line 433, in generate_segments
    ) = self.generate_with_fallback(encoder_output, prompt, tokenizer, options)
  File "/home/ubuntu/miniconda3/envs/openvoice/lib/python3.9/site-packages/faster_whisper/transcribe.py", line 641, in generate_with_fallback
    result = self.model.generate(
RuntimeError: CUDA failed with error out of memory
Traceback (most recent call last):
  File "/home/ubuntu/OpenVoice/job.py", line 334, in <module>
    clone_voice(f"./projects/{i}/{j}")
  File "/home/ubuntu/OpenVoice/job.py", line 201, in clone_voice
    return(convert_color(projectfolder))
  File "/home/ubuntu/OpenVoice/job.py", line 277, in convert_color
    target_se, audio_name = se_extractor.get_se(ref_audio_path, tone_color_converter, vad=False)
  File "/home/ubuntu/OpenVoice/openvoice/se_extractor.py", line 146, in get_se
    wavs_folder = split_audio_whisper(audio_path, target_dir=target_dir, audio_name=audio_name)
  File "/home/ubuntu/OpenVoice/openvoice/se_extractor.py", line 29, in split_audio_whisper
    segments = list(segments)
  File "/home/ubuntu/miniconda3/envs/openvoice/lib/python3.9/site-packages/faster_whisper/transcribe.py", line 433, in generate_segments
    ) = self.generate_with_fallback(encoder_output, prompt, tokenizer, options)
  File "/home/ubuntu/miniconda3/envs/openvoice/lib/python3.9/site-packages/faster_whisper/transcribe.py", line 641, in generate_with_fallback
    result = self.model.generate(
RuntimeError: CUDA failed with error out of memory
Traceback (most recent call last):
  File "/home/ubuntu/OpenVoice/job.py", line 334, in <module>
    clone_voice(f"./projects/{i}/{j}")
  File "/home/ubuntu/OpenVoice/job.py", line 201, in clone_voice
    return(convert_color(projectfolder))
  File "/home/ubuntu/OpenVoice/job.py", line 277, in convert_color
    target_se, audio_name = se_extractor.get_se(ref_audio_path, tone_color_converter, vad=False)
  File "/home/ubuntu/OpenVoice/openvoice/se_extractor.py", line 146, in get_se
    wavs_folder = split_audio_whisper(audio_path, target_dir=target_dir, audio_name=audio_name)
  File "/home/ubuntu/OpenVoice/openvoice/se_extractor.py", line 29, in split_audio_whisper
    segments = list(segments)
  File "/home/ubuntu/miniconda3/envs/openvoice/lib/python3.9/site-packages/faster_whisper/transcribe.py", line 433, in generate_segments
    ) = self.generate_with_fallback(encoder_output, prompt, tokenizer, options)
  File "/home/ubuntu/miniconda3/envs/openvoice/lib/python3.9/site-packages/faster_whisper/transcribe.py", line 641, in generate_with_fallback
    result = self.model.generate(
RuntimeError: CUDA failed with error out of memory
Traceback (most recent call last):
  File "/home/ubuntu/OpenVoice/job.py", line 334, in <module>
    clone_voice(f"./projects/{i}/{j}")
  File "/home/ubuntu/OpenVoice/job.py", line 201, in clone_voice
    return(convert_color(projectfolder))
  File "/home/ubuntu/OpenVoice/job.py", line 277, in convert_color
    target_se, audio_name = se_extractor.get_se(ref_audio_path, tone_color_converter, vad=False)
  File "/home/ubuntu/OpenVoice/openvoice/se_extractor.py", line 150, in get_se
    raise NotImplementedError('No audio segments found!')
NotImplementedError: No audio segments found!
Traceback (most recent call last):
  File "/home/ubuntu/OpenVoice/job.py", line 334, in <module>
    clone_voice(f"./projects/{i}/{j}")
  File "/home/ubuntu/OpenVoice/job.py", line 201, in clone_voice
    return(convert_color(projectfolder))
  File "/home/ubuntu/OpenVoice/job.py", line 277, in convert_color
    target_se, audio_name = se_extractor.get_se(ref_audio_path, tone_color_converter, vad=False)
  File "/home/ubuntu/OpenVoice/openvoice/se_extractor.py", line 150, in get_se
    raise NotImplementedError('No audio segments found!')
NotImplementedError: No audio segments found!
Traceback (most recent call last):
  File "/home/ubuntu/OpenVoice/job.py", line 334, in <module>
    clone_voice(f"./projects/{i}/{j}")
  File "/home/ubuntu/OpenVoice/job.py", line 201, in clone_voice
    return(convert_color(projectfolder))
  File "/home/ubuntu/OpenVoice/job.py", line 277, in convert_color
    target_se, audio_name = se_extractor.get_se(ref_audio_path, tone_color_converter, vad=False)
  File "/home/ubuntu/OpenVoice/openvoice/se_extractor.py", line 146, in get_se
    wavs_folder = split_audio_whisper(audio_path, target_dir=target_dir, audio_name=audio_name)
  File "/home/ubuntu/OpenVoice/openvoice/se_extractor.py", line 29, in split_audio_whisper
    segments = list(segments)
  File "/home/ubuntu/miniconda3/envs/openvoice/lib/python3.9/site-packages/faster_whisper/transcribe.py", line 433, in generate_segments
    ) = self.generate_with_fallback(encoder_output, prompt, tokenizer, options)
  File "/home/ubuntu/miniconda3/envs/openvoice/lib/python3.9/site-packages/faster_whisper/transcribe.py", line 641, in generate_with_fallback
    result = self.model.generate(
RuntimeError: CUDA failed with error out of memory
Traceback (most recent call last):
  File "/home/ubuntu/OpenVoice/job.py", line 334, in <module>
    clone_voice(f"./projects/{i}/{j}")
  File "/home/ubuntu/OpenVoice/job.py", line 201, in clone_voice
    return(convert_color(projectfolder))
  File "/home/ubuntu/OpenVoice/job.py", line 277, in convert_color
    target_se, audio_name = se_extractor.get_se(ref_audio_path, tone_color_converter, vad=False)
  File "/home/ubuntu/OpenVoice/openvoice/se_extractor.py", line 146, in get_se
    wavs_folder = split_audio_whisper(audio_path, target_dir=target_dir, audio_name=audio_name)
  File "/home/ubuntu/OpenVoice/openvoice/se_extractor.py", line 29, in split_audio_whisper
    segments = list(segments)
  File "/home/ubuntu/miniconda3/envs/openvoice/lib/python3.9/site-packages/faster_whisper/transcribe.py", line 433, in generate_segments
    ) = self.generate_with_fallback(encoder_output, prompt, tokenizer, options)
  File "/home/ubuntu/miniconda3/envs/openvoice/lib/python3.9/site-packages/faster_whisper/transcribe.py", line 641, in generate_with_fallback
    result = self.model.generate(
RuntimeError: CUDA failed with error out of memory
Traceback (most recent call last):
  File "/home/ubuntu/OpenVoice/job.py", line 334, in <module>
    clone_voice(f"./projects/{i}/{j}")
  File "/home/ubuntu/OpenVoice/job.py", line 201, in clone_voice
    return(convert_color(projectfolder))
  File "/home/ubuntu/OpenVoice/job.py", line 277, in convert_color
    target_se, audio_name = se_extractor.get_se(ref_audio_path, tone_color_converter, vad=False)
  File "/home/ubuntu/OpenVoice/openvoice/se_extractor.py", line 150, in get_se
    raise NotImplementedError('No audio segments found!')
NotImplementedError: No audio segments found!
Traceback (most recent call last):
  File "/home/ubuntu/OpenVoice/job.py", line 334, in <module>
    clone_voice(f"./projects/{i}/{j}")
  File "/home/ubuntu/OpenVoice/job.py", line 201, in clone_voice
    return(convert_color(projectfolder))
  File "/home/ubuntu/OpenVoice/job.py", line 277, in convert_color
    target_se, audio_name = se_extractor.get_se(ref_audio_path, tone_color_converter, vad=False)
  File "/home/ubuntu/OpenVoice/openvoice/se_extractor.py", line 146, in get_se
    wavs_folder = split_audio_whisper(audio_path, target_dir=target_dir, audio_name=audio_name)
  File "/home/ubuntu/OpenVoice/openvoice/se_extractor.py", line 29, in split_audio_whisper
    segments = list(segments)
  File "/home/ubuntu/miniconda3/envs/openvoice/lib/python3.9/site-packages/faster_whisper/transcribe.py", line 433, in generate_segments
    ) = self.generate_with_fallback(encoder_output, prompt, tokenizer, options)
  File "/home/ubuntu/miniconda3/envs/openvoice/lib/python3.9/site-packages/faster_whisper/transcribe.py", line 641, in generate_with_fallback
    result = self.model.generate(
RuntimeError: CUDA failed with error out of memory
Traceback (most recent call last):
  File "/home/ubuntu/OpenVoice/job.py", line 334, in <module>
    clone_voice(f"./projects/{i}/{j}")
  File "/home/ubuntu/OpenVoice/job.py", line 201, in clone_voice
    return(convert_color(projectfolder))
  File "/home/ubuntu/OpenVoice/job.py", line 277, in convert_color
    target_se, audio_name = se_extractor.get_se(ref_audio_path, tone_color_converter, vad=False)
  File "/home/ubuntu/OpenVoice/openvoice/se_extractor.py", line 150, in get_se
    raise NotImplementedError('No audio segments found!')
NotImplementedError: No audio segments found!
Traceback (most recent call last):
  File "/home/ubuntu/OpenVoice/job.py", line 334, in <module>
    clone_voice(f"./projects/{i}/{j}")
  File "/home/ubuntu/OpenVoice/job.py", line 201, in clone_voice
    return(convert_color(projectfolder))
  File "/home/ubuntu/OpenVoice/job.py", line 277, in convert_color
    target_se, audio_name = se_extractor.get_se(ref_audio_path, tone_color_converter, vad=False)
  File "/home/ubuntu/OpenVoice/openvoice/se_extractor.py", line 150, in get_se
    raise NotImplementedError('No audio segments found!')
NotImplementedError: No audio segments found!
Traceback (most recent call last):
  File "/home/ubuntu/OpenVoice/job.py", line 334, in <module>
    clone_voice(f"./projects/{i}/{j}")
  File "/home/ubuntu/OpenVoice/job.py", line 201, in clone_voice
    return(convert_color(projectfolder))
  File "/home/ubuntu/OpenVoice/job.py", line 277, in convert_color
    target_se, audio_name = se_extractor.get_se(ref_audio_path, tone_color_converter, vad=False)
  File "/home/ubuntu/OpenVoice/openvoice/se_extractor.py", line 146, in get_se
    wavs_folder = split_audio_whisper(audio_path, target_dir=target_dir, audio_name=audio_name)
  File "/home/ubuntu/OpenVoice/openvoice/se_extractor.py", line 29, in split_audio_whisper
    segments = list(segments)
  File "/home/ubuntu/miniconda3/envs/openvoice/lib/python3.9/site-packages/faster_whisper/transcribe.py", line 433, in generate_segments
    ) = self.generate_with_fallback(encoder_output, prompt, tokenizer, options)
  File "/home/ubuntu/miniconda3/envs/openvoice/lib/python3.9/site-packages/faster_whisper/transcribe.py", line 641, in generate_with_fallback
    result = self.model.generate(
RuntimeError: CUDA failed with error out of memory
Traceback (most recent call last):
  File "/home/ubuntu/OpenVoice/job.py", line 334, in <module>
    clone_voice(f"./projects/{i}/{j}")
  File "/home/ubuntu/OpenVoice/job.py", line 201, in clone_voice
    return(convert_color(projectfolder))
  File "/home/ubuntu/OpenVoice/job.py", line 277, in convert_color
    target_se, audio_name = se_extractor.get_se(ref_audio_path, tone_color_converter, vad=False)
  File "/home/ubuntu/OpenVoice/openvoice/se_extractor.py", line 150, in get_se
    raise NotImplementedError('No audio segments found!')
NotImplementedError: No audio segments found!
Traceback (most recent call last):
  File "/home/ubuntu/OpenVoice/job.py", line 334, in <module>
    clone_voice(f"./projects/{i}/{j}")
  File "/home/ubuntu/OpenVoice/job.py", line 201, in clone_voice
    return(convert_color(projectfolder))
  File "/home/ubuntu/OpenVoice/job.py", line 277, in convert_color
    target_se, audio_name = se_extractor.get_se(ref_audio_path, tone_color_converter, vad=False)
  File "/home/ubuntu/OpenVoice/openvoice/se_extractor.py", line 150, in get_se
    raise NotImplementedError('No audio segments found!')
NotImplementedError: No audio segments found!
Traceback (most recent call last):
  File "/home/ubuntu/OpenVoice/job.py", line 334, in <module>
    clone_voice(f"./projects/{i}/{j}")
  File "/home/ubuntu/OpenVoice/job.py", line 201, in clone_voice
    return(convert_color(projectfolder))
  File "/home/ubuntu/OpenVoice/job.py", line 277, in convert_color
    target_se, audio_name = se_extractor.get_se(ref_audio_path, tone_color_converter, vad=False)
  File "/home/ubuntu/OpenVoice/openvoice/se_extractor.py", line 150, in get_se
    raise NotImplementedError('No audio segments found!')
NotImplementedError: No audio segments found!
Traceback (most recent call last):
  File "/home/ubuntu/OpenVoice/job.py", line 334, in <module>
    clone_voice(f"./projects/{i}/{j}")
  File "/home/ubuntu/OpenVoice/job.py", line 201, in clone_voice
    return(convert_color(projectfolder))
  File "/home/ubuntu/OpenVoice/job.py", line 277, in convert_color
    target_se, audio_name = se_extractor.get_se(ref_audio_path, tone_color_converter, vad=False)
  File "/home/ubuntu/OpenVoice/openvoice/se_extractor.py", line 150, in get_se
    raise NotImplementedError('No audio segments found!')
NotImplementedError: No audio segments found!
Traceback (most recent call last):
  File "/home/ubuntu/OpenVoice/job.py", line 334, in <module>
    clone_voice(f"./projects/{i}/{j}")
  File "/home/ubuntu/OpenVoice/job.py", line 201, in clone_voice
    return(convert_color(projectfolder))
  File "/home/ubuntu/OpenVoice/job.py", line 277, in convert_color
    target_se, audio_name = se_extractor.get_se(ref_audio_path, tone_color_converter, vad=False)
  File "/home/ubuntu/OpenVoice/openvoice/se_extractor.py", line 150, in get_se
    raise NotImplementedError('No audio segments found!')
NotImplementedError: No audio segments found!
Traceback (most recent call last):
  File "/home/ubuntu/OpenVoice/job.py", line 334, in <module>
    clone_voice(f"./projects/{i}/{j}")
  File "/home/ubuntu/OpenVoice/job.py", line 201, in clone_voice
    return(convert_color(projectfolder))
  File "/home/ubuntu/OpenVoice/job.py", line 277, in convert_color
    target_se, audio_name = se_extractor.get_se(ref_audio_path, tone_color_converter, vad=False)
  File "/home/ubuntu/OpenVoice/openvoice/se_extractor.py", line 150, in get_se
    raise NotImplementedError('No audio segments found!')
NotImplementedError: No audio segments found!
Traceback (most recent call last):
  File "/home/ubuntu/OpenVoice/job.py", line 334, in <module>
    clone_voice(f"./projects/{i}/{j}")
  File "/home/ubuntu/OpenVoice/job.py", line 201, in clone_voice
    return(convert_color(projectfolder))
  File "/home/ubuntu/OpenVoice/job.py", line 277, in convert_color
    target_se, audio_name = se_extractor.get_se(ref_audio_path, tone_color_converter, vad=False)
  File "/home/ubuntu/OpenVoice/openvoice/se_extractor.py", line 150, in get_se
    raise NotImplementedError('No audio segments found!')
NotImplementedError: No audio segments found!
Traceback (most recent call last):
  File "/home/ubuntu/OpenVoice/job.py", line 334, in <module>
    clone_voice(f"./projects/{i}/{j}")
  File "/home/ubuntu/OpenVoice/job.py", line 201, in clone_voice
    return(convert_color(projectfolder))
  File "/home/ubuntu/OpenVoice/job.py", line 277, in convert_color
    target_se, audio_name = se_extractor.get_se(ref_audio_path, tone_color_converter, vad=False)
  File "/home/ubuntu/OpenVoice/openvoice/se_extractor.py", line 150, in get_se
    raise NotImplementedError('No audio segments found!')
NotImplementedError: No audio segments found!
Traceback (most recent call last):
  File "/home/ubuntu/OpenVoice/job.py", line 334, in <module>
    clone_voice(f"./projects/{i}/{j}")
  File "/home/ubuntu/OpenVoice/job.py", line 201, in clone_voice
    return(convert_color(projectfolder))
  File "/home/ubuntu/OpenVoice/job.py", line 277, in convert_color
    target_se, audio_name = se_extractor.get_se(ref_audio_path, tone_color_converter, vad=False)
  File "/home/ubuntu/OpenVoice/openvoice/se_extractor.py", line 146, in get_se
    wavs_folder = split_audio_whisper(audio_path, target_dir=target_dir, audio_name=audio_name)
  File "/home/ubuntu/OpenVoice/openvoice/se_extractor.py", line 29, in split_audio_whisper
    segments = list(segments)
  File "/home/ubuntu/miniconda3/envs/openvoice/lib/python3.9/site-packages/faster_whisper/transcribe.py", line 433, in generate_segments
    ) = self.generate_with_fallback(encoder_output, prompt, tokenizer, options)
  File "/home/ubuntu/miniconda3/envs/openvoice/lib/python3.9/site-packages/faster_whisper/transcribe.py", line 641, in generate_with_fallback
    result = self.model.generate(
RuntimeError: CUDA failed with error out of memory
Traceback (most recent call last):
  File "/home/ubuntu/OpenVoice/job.py", line 334, in <module>
    clone_voice(f"./projects/{i}/{j}")
  File "/home/ubuntu/OpenVoice/job.py", line 201, in clone_voice
    return(convert_color(projectfolder))
  File "/home/ubuntu/OpenVoice/job.py", line 277, in convert_color
    target_se, audio_name = se_extractor.get_se(ref_audio_path, tone_color_converter, vad=False)
  File "/home/ubuntu/OpenVoice/openvoice/se_extractor.py", line 146, in get_se
    wavs_folder = split_audio_whisper(audio_path, target_dir=target_dir, audio_name=audio_name)
  File "/home/ubuntu/OpenVoice/openvoice/se_extractor.py", line 29, in split_audio_whisper
    segments = list(segments)
  File "/home/ubuntu/miniconda3/envs/openvoice/lib/python3.9/site-packages/faster_whisper/transcribe.py", line 433, in generate_segments
    ) = self.generate_with_fallback(encoder_output, prompt, tokenizer, options)
  File "/home/ubuntu/miniconda3/envs/openvoice/lib/python3.9/site-packages/faster_whisper/transcribe.py", line 641, in generate_with_fallback
    result = self.model.generate(
RuntimeError: CUDA failed with error out of memory
Traceback (most recent call last):
  File "/home/ubuntu/OpenVoice/job.py", line 334, in <module>
    clone_voice(f"./projects/{i}/{j}")
  File "/home/ubuntu/OpenVoice/job.py", line 201, in clone_voice
    return(convert_color(projectfolder))
  File "/home/ubuntu/OpenVoice/job.py", line 277, in convert_color
    target_se, audio_name = se_extractor.get_se(ref_audio_path, tone_color_converter, vad=False)
  File "/home/ubuntu/OpenVoice/openvoice/se_extractor.py", line 146, in get_se
    wavs_folder = split_audio_whisper(audio_path, target_dir=target_dir, audio_name=audio_name)
  File "/home/ubuntu/OpenVoice/openvoice/se_extractor.py", line 29, in split_audio_whisper
    segments = list(segments)
  File "/home/ubuntu/miniconda3/envs/openvoice/lib/python3.9/site-packages/faster_whisper/transcribe.py", line 433, in generate_segments
    ) = self.generate_with_fallback(encoder_output, prompt, tokenizer, options)
  File "/home/ubuntu/miniconda3/envs/openvoice/lib/python3.9/site-packages/faster_whisper/transcribe.py", line 641, in generate_with_fallback
    result = self.model.generate(
RuntimeError: CUDA failed with error out of memory
Traceback (most recent call last):
  File "/home/ubuntu/OpenVoice/job.py", line 334, in <module>
    clone_voice(f"./projects/{i}/{j}")
  File "/home/ubuntu/OpenVoice/job.py", line 201, in clone_voice
    return(convert_color(projectfolder))
  File "/home/ubuntu/OpenVoice/job.py", line 277, in convert_color
    target_se, audio_name = se_extractor.get_se(ref_audio_path, tone_color_converter, vad=False)
  File "/home/ubuntu/OpenVoice/openvoice/se_extractor.py", line 150, in get_se
    raise NotImplementedError('No audio segments found!')
NotImplementedError: No audio segments found!
Traceback (most recent call last):
  File "/home/ubuntu/OpenVoice/job.py", line 334, in <module>
    clone_voice(f"./projects/{i}/{j}")
  File "/home/ubuntu/OpenVoice/job.py", line 201, in clone_voice
    return(convert_color(projectfolder))
  File "/home/ubuntu/OpenVoice/job.py", line 277, in convert_color
    target_se, audio_name = se_extractor.get_se(ref_audio_path, tone_color_converter, vad=False)
  File "/home/ubuntu/OpenVoice/openvoice/se_extractor.py", line 146, in get_se
    wavs_folder = split_audio_whisper(audio_path, target_dir=target_dir, audio_name=audio_name)
  File "/home/ubuntu/OpenVoice/openvoice/se_extractor.py", line 29, in split_audio_whisper
    segments = list(segments)
  File "/home/ubuntu/miniconda3/envs/openvoice/lib/python3.9/site-packages/faster_whisper/transcribe.py", line 433, in generate_segments
    ) = self.generate_with_fallback(encoder_output, prompt, tokenizer, options)
  File "/home/ubuntu/miniconda3/envs/openvoice/lib/python3.9/site-packages/faster_whisper/transcribe.py", line 641, in generate_with_fallback
    result = self.model.generate(
RuntimeError: CUDA failed with error out of memory
Traceback (most recent call last):
  File "/home/ubuntu/OpenVoice/job.py", line 334, in <module>
    clone_voice(f"./projects/{i}/{j}")
  File "/home/ubuntu/OpenVoice/job.py", line 201, in clone_voice
    return(convert_color(projectfolder))
  File "/home/ubuntu/OpenVoice/job.py", line 277, in convert_color
    target_se, audio_name = se_extractor.get_se(ref_audio_path, tone_color_converter, vad=False)
  File "/home/ubuntu/OpenVoice/openvoice/se_extractor.py", line 150, in get_se
    raise NotImplementedError('No audio segments found!')
NotImplementedError: No audio segments found!
Traceback (most recent call last):
  File "/home/ubuntu/OpenVoice/job.py", line 334, in <module>
    clone_voice(f"./projects/{i}/{j}")
  File "/home/ubuntu/OpenVoice/job.py", line 201, in clone_voice
    return(convert_color(projectfolder))
  File "/home/ubuntu/OpenVoice/job.py", line 277, in convert_color
    target_se, audio_name = se_extractor.get_se(ref_audio_path, tone_color_converter, vad=False)
  File "/home/ubuntu/OpenVoice/openvoice/se_extractor.py", line 150, in get_se
    raise NotImplementedError('No audio segments found!')
NotImplementedError: No audio segments found!
Traceback (most recent call last):
  File "/home/ubuntu/OpenVoice/job.py", line 334, in <module>
    clone_voice(f"./projects/{i}/{j}")
  File "/home/ubuntu/OpenVoice/job.py", line 201, in clone_voice
    return(convert_color(projectfolder))
  File "/home/ubuntu/OpenVoice/job.py", line 277, in convert_color
    target_se, audio_name = se_extractor.get_se(ref_audio_path, tone_color_converter, vad=False)
  File "/home/ubuntu/OpenVoice/openvoice/se_extractor.py", line 146, in get_se
    wavs_folder = split_audio_whisper(audio_path, target_dir=target_dir, audio_name=audio_name)
  File "/home/ubuntu/OpenVoice/openvoice/se_extractor.py", line 29, in split_audio_whisper
    segments = list(segments)
  File "/home/ubuntu/miniconda3/envs/openvoice/lib/python3.9/site-packages/faster_whisper/transcribe.py", line 433, in generate_segments
    ) = self.generate_with_fallback(encoder_output, prompt, tokenizer, options)
  File "/home/ubuntu/miniconda3/envs/openvoice/lib/python3.9/site-packages/faster_whisper/transcribe.py", line 641, in generate_with_fallback
    result = self.model.generate(
RuntimeError: CUDA failed with error out of memory
Traceback (most recent call last):
  File "/home/ubuntu/OpenVoice/job.py", line 334, in <module>
    clone_voice(f"./projects/{i}/{j}")
  File "/home/ubuntu/OpenVoice/job.py", line 201, in clone_voice
    return(convert_color(projectfolder))
  File "/home/ubuntu/OpenVoice/job.py", line 277, in convert_color
    target_se, audio_name = se_extractor.get_se(ref_audio_path, tone_color_converter, vad=False)
  File "/home/ubuntu/OpenVoice/openvoice/se_extractor.py", line 146, in get_se
    wavs_folder = split_audio_whisper(audio_path, target_dir=target_dir, audio_name=audio_name)
  File "/home/ubuntu/OpenVoice/openvoice/se_extractor.py", line 29, in split_audio_whisper
    segments = list(segments)
  File "/home/ubuntu/miniconda3/envs/openvoice/lib/python3.9/site-packages/faster_whisper/transcribe.py", line 433, in generate_segments
    ) = self.generate_with_fallback(encoder_output, prompt, tokenizer, options)
  File "/home/ubuntu/miniconda3/envs/openvoice/lib/python3.9/site-packages/faster_whisper/transcribe.py", line 641, in generate_with_fallback
    result = self.model.generate(
RuntimeError: CUDA failed with error out of memory
Traceback (most recent call last):
  File "/home/ubuntu/OpenVoice/job.py", line 334, in <module>
    clone_voice(f"./projects/{i}/{j}")
  File "/home/ubuntu/OpenVoice/job.py", line 201, in clone_voice
    return(convert_color(projectfolder))
  File "/home/ubuntu/OpenVoice/job.py", line 277, in convert_color
    target_se, audio_name = se_extractor.get_se(ref_audio_path, tone_color_converter, vad=False)
  File "/home/ubuntu/OpenVoice/openvoice/se_extractor.py", line 146, in get_se
    wavs_folder = split_audio_whisper(audio_path, target_dir=target_dir, audio_name=audio_name)
  File "/home/ubuntu/OpenVoice/openvoice/se_extractor.py", line 29, in split_audio_whisper
    segments = list(segments)
  File "/home/ubuntu/miniconda3/envs/openvoice/lib/python3.9/site-packages/faster_whisper/transcribe.py", line 433, in generate_segments
    ) = self.generate_with_fallback(encoder_output, prompt, tokenizer, options)
  File "/home/ubuntu/miniconda3/envs/openvoice/lib/python3.9/site-packages/faster_whisper/transcribe.py", line 641, in generate_with_fallback
    result = self.model.generate(
RuntimeError: CUDA failed with error out of memory
Traceback (most recent call last):
  File "/home/ubuntu/OpenVoice/job.py", line 334, in <module>
    clone_voice(f"./projects/{i}/{j}")
  File "/home/ubuntu/OpenVoice/job.py", line 201, in clone_voice
    return(convert_color(projectfolder))
  File "/home/ubuntu/OpenVoice/job.py", line 277, in convert_color
    target_se, audio_name = se_extractor.get_se(ref_audio_path, tone_color_converter, vad=False)
  File "/home/ubuntu/OpenVoice/openvoice/se_extractor.py", line 146, in get_se
    wavs_folder = split_audio_whisper(audio_path, target_dir=target_dir, audio_name=audio_name)
  File "/home/ubuntu/OpenVoice/openvoice/se_extractor.py", line 29, in split_audio_whisper
    segments = list(segments)
  File "/home/ubuntu/miniconda3/envs/openvoice/lib/python3.9/site-packages/faster_whisper/transcribe.py", line 433, in generate_segments
    ) = self.generate_with_fallback(encoder_output, prompt, tokenizer, options)
  File "/home/ubuntu/miniconda3/envs/openvoice/lib/python3.9/site-packages/faster_whisper/transcribe.py", line 641, in generate_with_fallback
    result = self.model.generate(
RuntimeError: CUDA failed with error out of memory
Traceback (most recent call last):
  File "/home/ubuntu/OpenVoice/job.py", line 334, in <module>
    clone_voice(f"./projects/{i}/{j}")
  File "/home/ubuntu/OpenVoice/job.py", line 201, in clone_voice
    return(convert_color(projectfolder))
  File "/home/ubuntu/OpenVoice/job.py", line 277, in convert_color
    target_se, audio_name = se_extractor.get_se(ref_audio_path, tone_color_converter, vad=False)
  File "/home/ubuntu/OpenVoice/openvoice/se_extractor.py", line 146, in get_se
    wavs_folder = split_audio_whisper(audio_path, target_dir=target_dir, audio_name=audio_name)
  File "/home/ubuntu/OpenVoice/openvoice/se_extractor.py", line 29, in split_audio_whisper
    segments = list(segments)
  File "/home/ubuntu/miniconda3/envs/openvoice/lib/python3.9/site-packages/faster_whisper/transcribe.py", line 433, in generate_segments
    ) = self.generate_with_fallback(encoder_output, prompt, tokenizer, options)
  File "/home/ubuntu/miniconda3/envs/openvoice/lib/python3.9/site-packages/faster_whisper/transcribe.py", line 641, in generate_with_fallback
    result = self.model.generate(
RuntimeError: CUDA failed with error out of memory
Traceback (most recent call last):
  File "/home/ubuntu/OpenVoice/job.py", line 334, in <module>
    clone_voice(f"./projects/{i}/{j}")
  File "/home/ubuntu/OpenVoice/job.py", line 201, in clone_voice
    return(convert_color(projectfolder))
  File "/home/ubuntu/OpenVoice/job.py", line 277, in convert_color
    target_se, audio_name = se_extractor.get_se(ref_audio_path, tone_color_converter, vad=False)
  File "/home/ubuntu/OpenVoice/openvoice/se_extractor.py", line 146, in get_se
    wavs_folder = split_audio_whisper(audio_path, target_dir=target_dir, audio_name=audio_name)
  File "/home/ubuntu/OpenVoice/openvoice/se_extractor.py", line 29, in split_audio_whisper
    segments = list(segments)
  File "/home/ubuntu/miniconda3/envs/openvoice/lib/python3.9/site-packages/faster_whisper/transcribe.py", line 433, in generate_segments
    ) = self.generate_with_fallback(encoder_output, prompt, tokenizer, options)
  File "/home/ubuntu/miniconda3/envs/openvoice/lib/python3.9/site-packages/faster_whisper/transcribe.py", line 641, in generate_with_fallback
    result = self.model.generate(
RuntimeError: CUDA failed with error out of memory
Traceback (most recent call last):
  File "/home/ubuntu/OpenVoice/job.py", line 334, in <module>
    clone_voice(f"./projects/{i}/{j}")
  File "/home/ubuntu/OpenVoice/job.py", line 201, in clone_voice
    return(convert_color(projectfolder))
  File "/home/ubuntu/OpenVoice/job.py", line 277, in convert_color
    target_se, audio_name = se_extractor.get_se(ref_audio_path, tone_color_converter, vad=False)
  File "/home/ubuntu/OpenVoice/openvoice/se_extractor.py", line 146, in get_se
    wavs_folder = split_audio_whisper(audio_path, target_dir=target_dir, audio_name=audio_name)
  File "/home/ubuntu/OpenVoice/openvoice/se_extractor.py", line 29, in split_audio_whisper
    segments = list(segments)
  File "/home/ubuntu/miniconda3/envs/openvoice/lib/python3.9/site-packages/faster_whisper/transcribe.py", line 433, in generate_segments
    ) = self.generate_with_fallback(encoder_output, prompt, tokenizer, options)
  File "/home/ubuntu/miniconda3/envs/openvoice/lib/python3.9/site-packages/faster_whisper/transcribe.py", line 641, in generate_with_fallback
    result = self.model.generate(
RuntimeError: CUDA failed with error out of memory
Traceback (most recent call last):
  File "/home/ubuntu/OpenVoice/job.py", line 334, in <module>
    clone_voice(f"./projects/{i}/{j}")
  File "/home/ubuntu/OpenVoice/job.py", line 201, in clone_voice
    return(convert_color(projectfolder))
  File "/home/ubuntu/OpenVoice/job.py", line 277, in convert_color
    target_se, audio_name = se_extractor.get_se(ref_audio_path, tone_color_converter, vad=False)
  File "/home/ubuntu/OpenVoice/openvoice/se_extractor.py", line 150, in get_se
    raise NotImplementedError('No audio segments found!')
NotImplementedError: No audio segments found!
Traceback (most recent call last):
  File "/home/ubuntu/OpenVoice/job.py", line 334, in <module>
    clone_voice(f"./projects/{i}/{j}")
  File "/home/ubuntu/OpenVoice/job.py", line 201, in clone_voice
    return(convert_color(projectfolder))
  File "/home/ubuntu/OpenVoice/job.py", line 277, in convert_color
    target_se, audio_name = se_extractor.get_se(ref_audio_path, tone_color_converter, vad=False)
  File "/home/ubuntu/OpenVoice/openvoice/se_extractor.py", line 146, in get_se
    wavs_folder = split_audio_whisper(audio_path, target_dir=target_dir, audio_name=audio_name)
  File "/home/ubuntu/OpenVoice/openvoice/se_extractor.py", line 29, in split_audio_whisper
    segments = list(segments)
  File "/home/ubuntu/miniconda3/envs/openvoice/lib/python3.9/site-packages/faster_whisper/transcribe.py", line 433, in generate_segments
    ) = self.generate_with_fallback(encoder_output, prompt, tokenizer, options)
  File "/home/ubuntu/miniconda3/envs/openvoice/lib/python3.9/site-packages/faster_whisper/transcribe.py", line 641, in generate_with_fallback
    result = self.model.generate(
RuntimeError: CUDA failed with error out of memory
Traceback (most recent call last):
  File "/home/ubuntu/OpenVoice/job.py", line 334, in <module>
    clone_voice(f"./projects/{i}/{j}")
  File "/home/ubuntu/OpenVoice/job.py", line 201, in clone_voice
    return(convert_color(projectfolder))
  File "/home/ubuntu/OpenVoice/job.py", line 277, in convert_color
    target_se, audio_name = se_extractor.get_se(ref_audio_path, tone_color_converter, vad=False)
  File "/home/ubuntu/OpenVoice/openvoice/se_extractor.py", line 146, in get_se
    wavs_folder = split_audio_whisper(audio_path, target_dir=target_dir, audio_name=audio_name)
  File "/home/ubuntu/OpenVoice/openvoice/se_extractor.py", line 29, in split_audio_whisper
    segments = list(segments)
  File "/home/ubuntu/miniconda3/envs/openvoice/lib/python3.9/site-packages/faster_whisper/transcribe.py", line 433, in generate_segments
    ) = self.generate_with_fallback(encoder_output, prompt, tokenizer, options)
  File "/home/ubuntu/miniconda3/envs/openvoice/lib/python3.9/site-packages/faster_whisper/transcribe.py", line 641, in generate_with_fallback
    result = self.model.generate(
RuntimeError: CUDA failed with error out of memory
Traceback (most recent call last):
  File "/home/ubuntu/miniconda3/envs/openvoice/lib/python3.9/site-packages/librosa/core/audio.py", line 155, in load
    context = sf.SoundFile(path)
  File "/home/ubuntu/miniconda3/envs/openvoice/lib/python3.9/site-packages/soundfile.py", line 658, in __init__
    self._file = self._open(file, mode_int, closefd)
  File "/home/ubuntu/miniconda3/envs/openvoice/lib/python3.9/site-packages/soundfile.py", line 1216, in _open
    raise LibsndfileError(err, prefix="Error opening {0!r}: ".format(self.name))
soundfile.LibsndfileError: Error opening './projects/6c1fa93e-934f-4597-aa58-7fa2fa8e6aff/0/34_clone_Instant#en-US-BrandonNeural.mp3': File does not exist or is not a regular file (possibly a pipe?).

During handling of the above exception, another exception occurred:

Traceback (most recent call last):
  File "/home/ubuntu/OpenVoice/job.py", line 334, in <module>
    clone_voice(f"./projects/{i}/{j}")
  File "/home/ubuntu/OpenVoice/job.py", line 201, in clone_voice
    return(convert_color(projectfolder))
  File "/home/ubuntu/OpenVoice/job.py", line 314, in convert_color
    tone_color_converter.convert(
  File "/home/ubuntu/OpenVoice/openvoice/api.py", line 144, in convert
    audio, sample_rate = librosa.load(audio_src_path, sr=hps.data.sampling_rate)
  File "/home/ubuntu/miniconda3/envs/openvoice/lib/python3.9/site-packages/librosa/util/decorators.py", line 88, in inner_f
    return f(*args, **kwargs)
  File "/home/ubuntu/miniconda3/envs/openvoice/lib/python3.9/site-packages/librosa/core/audio.py", line 174, in load
    y, sr_native = __audioread_load(path, offset, duration, dtype)
  File "/home/ubuntu/miniconda3/envs/openvoice/lib/python3.9/site-packages/librosa/core/audio.py", line 198, in __audioread_load
    with audioread.audio_open(path) as input_file:
  File "/home/ubuntu/miniconda3/envs/openvoice/lib/python3.9/site-packages/audioread/__init__.py", line 127, in audio_open
    return BackendClass(path)
  File "/home/ubuntu/miniconda3/envs/openvoice/lib/python3.9/site-packages/audioread/rawread.py", line 62, in __init__
    self._file = aifc.open(self._fh)
  File "/home/ubuntu/miniconda3/envs/openvoice/lib/python3.9/aifc.py", line 917, in open
    return Aifc_read(f)
  File "/home/ubuntu/miniconda3/envs/openvoice/lib/python3.9/aifc.py", line 358, in __init__
    self.initfp(f)
  File "/home/ubuntu/miniconda3/envs/openvoice/lib/python3.9/aifc.py", line 314, in initfp
    chunk = Chunk(file)
  File "/home/ubuntu/miniconda3/envs/openvoice/lib/python3.9/chunk.py", line 63, in __init__
    raise EOFError
EOFError
Traceback (most recent call last):
  File "/home/ubuntu/OpenVoice/job.py", line 334, in <module>
    clone_voice(f"./projects/{i}/{j}")
  File "/home/ubuntu/OpenVoice/job.py", line 201, in clone_voice
    return(convert_color(projectfolder))
  File "/home/ubuntu/OpenVoice/job.py", line 277, in convert_color
    target_se, audio_name = se_extractor.get_se(ref_audio_path, tone_color_converter, vad=False)
  File "/home/ubuntu/OpenVoice/openvoice/se_extractor.py", line 146, in get_se
    wavs_folder = split_audio_whisper(audio_path, target_dir=target_dir, audio_name=audio_name)
  File "/home/ubuntu/OpenVoice/openvoice/se_extractor.py", line 29, in split_audio_whisper
    segments = list(segments)
  File "/home/ubuntu/miniconda3/envs/openvoice/lib/python3.9/site-packages/faster_whisper/transcribe.py", line 433, in generate_segments
    ) = self.generate_with_fallback(encoder_output, prompt, tokenizer, options)
  File "/home/ubuntu/miniconda3/envs/openvoice/lib/python3.9/site-packages/faster_whisper/transcribe.py", line 641, in generate_with_fallback
    result = self.model.generate(
RuntimeError: CUDA failed with error out of memory
Traceback (most recent call last):
  File "/home/ubuntu/OpenVoice/job.py", line 334, in <module>
    clone_voice(f"./projects/{i}/{j}")
  File "/home/ubuntu/OpenVoice/job.py", line 201, in clone_voice
    return(convert_color(projectfolder))
  File "/home/ubuntu/OpenVoice/job.py", line 277, in convert_color
    target_se, audio_name = se_extractor.get_se(ref_audio_path, tone_color_converter, vad=False)
  File "/home/ubuntu/OpenVoice/openvoice/se_extractor.py", line 146, in get_se
    wavs_folder = split_audio_whisper(audio_path, target_dir=target_dir, audio_name=audio_name)
  File "/home/ubuntu/OpenVoice/openvoice/se_extractor.py", line 29, in split_audio_whisper
    segments = list(segments)
  File "/home/ubuntu/miniconda3/envs/openvoice/lib/python3.9/site-packages/faster_whisper/transcribe.py", line 433, in generate_segments
    ) = self.generate_with_fallback(encoder_output, prompt, tokenizer, options)
  File "/home/ubuntu/miniconda3/envs/openvoice/lib/python3.9/site-packages/faster_whisper/transcribe.py", line 641, in generate_with_fallback
    result = self.model.generate(
RuntimeError: CUDA failed with error out of memory
Traceback (most recent call last):
  File "/home/ubuntu/OpenVoice/job.py", line 334, in <module>
    clone_voice(f"./projects/{i}/{j}")
  File "/home/ubuntu/OpenVoice/job.py", line 201, in clone_voice
    return(convert_color(projectfolder))
  File "/home/ubuntu/OpenVoice/job.py", line 277, in convert_color
    target_se, audio_name = se_extractor.get_se(ref_audio_path, tone_color_converter, vad=False)
  File "/home/ubuntu/OpenVoice/openvoice/se_extractor.py", line 150, in get_se
    raise NotImplementedError('No audio segments found!')
NotImplementedError: No audio segments found!
Traceback (most recent call last):
  File "/home/ubuntu/OpenVoice/job.py", line 334, in <module>
    clone_voice(f"./projects/{i}/{j}")
  File "/home/ubuntu/OpenVoice/job.py", line 201, in clone_voice
    return(convert_color(projectfolder))
  File "/home/ubuntu/OpenVoice/job.py", line 277, in convert_color
    target_se, audio_name = se_extractor.get_se(ref_audio_path, tone_color_converter, vad=False)
  File "/home/ubuntu/OpenVoice/openvoice/se_extractor.py", line 150, in get_se
    raise NotImplementedError('No audio segments found!')
NotImplementedError: No audio segments found!
Traceback (most recent call last):
  File "/home/ubuntu/OpenVoice/job.py", line 334, in <module>
    clone_voice(f"./projects/{i}/{j}")
  File "/home/ubuntu/OpenVoice/job.py", line 201, in clone_voice
    return(convert_color(projectfolder))
  File "/home/ubuntu/OpenVoice/job.py", line 277, in convert_color
    target_se, audio_name = se_extractor.get_se(ref_audio_path, tone_color_converter, vad=False)
  File "/home/ubuntu/OpenVoice/openvoice/se_extractor.py", line 150, in get_se
    raise NotImplementedError('No audio segments found!')
NotImplementedError: No audio segments found!
Traceback (most recent call last):
  File "/home/ubuntu/OpenVoice/job.py", line 334, in <module>
    clone_voice(f"./projects/{i}/{j}")
  File "/home/ubuntu/OpenVoice/job.py", line 201, in clone_voice
    return(convert_color(projectfolder))
  File "/home/ubuntu/OpenVoice/job.py", line 277, in convert_color
    target_se, audio_name = se_extractor.get_se(ref_audio_path, tone_color_converter, vad=False)
  File "/home/ubuntu/OpenVoice/openvoice/se_extractor.py", line 146, in get_se
    wavs_folder = split_audio_whisper(audio_path, target_dir=target_dir, audio_name=audio_name)
  File "/home/ubuntu/OpenVoice/openvoice/se_extractor.py", line 29, in split_audio_whisper
    segments = list(segments)
  File "/home/ubuntu/miniconda3/envs/openvoice/lib/python3.9/site-packages/faster_whisper/transcribe.py", line 433, in generate_segments
    ) = self.generate_with_fallback(encoder_output, prompt, tokenizer, options)
  File "/home/ubuntu/miniconda3/envs/openvoice/lib/python3.9/site-packages/faster_whisper/transcribe.py", line 641, in generate_with_fallback
    result = self.model.generate(
RuntimeError: CUDA failed with error out of memory
Traceback (most recent call last):
  File "/home/ubuntu/OpenVoice/job.py", line 334, in <module>
    clone_voice(f"./projects/{i}/{j}")
  File "/home/ubuntu/OpenVoice/job.py", line 201, in clone_voice
    return(convert_color(projectfolder))
  File "/home/ubuntu/OpenVoice/job.py", line 277, in convert_color
    target_se, audio_name = se_extractor.get_se(ref_audio_path, tone_color_converter, vad=False)
  File "/home/ubuntu/OpenVoice/openvoice/se_extractor.py", line 150, in get_se
    raise NotImplementedError('No audio segments found!')
NotImplementedError: No audio segments found!
Traceback (most recent call last):
  File "/home/ubuntu/OpenVoice/job.py", line 334, in <module>
    clone_voice(f"./projects/{i}/{j}")
  File "/home/ubuntu/OpenVoice/job.py", line 201, in clone_voice
    return(convert_color(projectfolder))
  File "/home/ubuntu/OpenVoice/job.py", line 277, in convert_color
    target_se, audio_name = se_extractor.get_se(ref_audio_path, tone_color_converter, vad=False)
  File "/home/ubuntu/OpenVoice/openvoice/se_extractor.py", line 150, in get_se
    raise NotImplementedError('No audio segments found!')
NotImplementedError: No audio segments found!
Traceback (most recent call last):
  File "/home/ubuntu/OpenVoice/job.py", line 334, in <module>
    clone_voice(f"./projects/{i}/{j}")
  File "/home/ubuntu/OpenVoice/job.py", line 201, in clone_voice
    return(convert_color(projectfolder))
  File "/home/ubuntu/OpenVoice/job.py", line 277, in convert_color
    target_se, audio_name = se_extractor.get_se(ref_audio_path, tone_color_converter, vad=False)
  File "/home/ubuntu/OpenVoice/openvoice/se_extractor.py", line 146, in get_se
    wavs_folder = split_audio_whisper(audio_path, target_dir=target_dir, audio_name=audio_name)
  File "/home/ubuntu/OpenVoice/openvoice/se_extractor.py", line 29, in split_audio_whisper
    segments = list(segments)
  File "/home/ubuntu/miniconda3/envs/openvoice/lib/python3.9/site-packages/faster_whisper/transcribe.py", line 433, in generate_segments
    ) = self.generate_with_fallback(encoder_output, prompt, tokenizer, options)
  File "/home/ubuntu/miniconda3/envs/openvoice/lib/python3.9/site-packages/faster_whisper/transcribe.py", line 641, in generate_with_fallback
    result = self.model.generate(
RuntimeError: CUDA failed with error out of memory
Traceback (most recent call last):
  File "/home/ubuntu/OpenVoice/job.py", line 334, in <module>
    clone_voice(f"./projects/{i}/{j}")
  File "/home/ubuntu/OpenVoice/job.py", line 201, in clone_voice
    return(convert_color(projectfolder))
  File "/home/ubuntu/OpenVoice/job.py", line 277, in convert_color
    target_se, audio_name = se_extractor.get_se(ref_audio_path, tone_color_converter, vad=False)
  File "/home/ubuntu/OpenVoice/openvoice/se_extractor.py", line 146, in get_se
    wavs_folder = split_audio_whisper(audio_path, target_dir=target_dir, audio_name=audio_name)
  File "/home/ubuntu/OpenVoice/openvoice/se_extractor.py", line 29, in split_audio_whisper
    segments = list(segments)
  File "/home/ubuntu/miniconda3/envs/openvoice/lib/python3.9/site-packages/faster_whisper/transcribe.py", line 433, in generate_segments
    ) = self.generate_with_fallback(encoder_output, prompt, tokenizer, options)
  File "/home/ubuntu/miniconda3/envs/openvoice/lib/python3.9/site-packages/faster_whisper/transcribe.py", line 641, in generate_with_fallback
    result = self.model.generate(
RuntimeError: CUDA failed with error out of memory
Traceback (most recent call last):
  File "/home/ubuntu/OpenVoice/job.py", line 334, in <module>
    clone_voice(f"./projects/{i}/{j}")
  File "/home/ubuntu/OpenVoice/job.py", line 201, in clone_voice
    return(convert_color(projectfolder))
  File "/home/ubuntu/OpenVoice/job.py", line 277, in convert_color
    target_se, audio_name = se_extractor.get_se(ref_audio_path, tone_color_converter, vad=False)
  File "/home/ubuntu/OpenVoice/openvoice/se_extractor.py", line 150, in get_se
    raise NotImplementedError('No audio segments found!')
NotImplementedError: No audio segments found!
Traceback (most recent call last):
  File "/home/ubuntu/OpenVoice/job.py", line 334, in <module>
    clone_voice(f"./projects/{i}/{j}")
  File "/home/ubuntu/OpenVoice/job.py", line 201, in clone_voice
    return(convert_color(projectfolder))
  File "/home/ubuntu/OpenVoice/job.py", line 277, in convert_color
    target_se, audio_name = se_extractor.get_se(ref_audio_path, tone_color_converter, vad=False)
  File "/home/ubuntu/OpenVoice/openvoice/se_extractor.py", line 150, in get_se
    raise NotImplementedError('No audio segments found!')
NotImplementedError: No audio segments found!
Traceback (most recent call last):
  File "/home/ubuntu/OpenVoice/job.py", line 334, in <module>
    clone_voice(f"./projects/{i}/{j}")
  File "/home/ubuntu/OpenVoice/job.py", line 201, in clone_voice
    return(convert_color(projectfolder))
  File "/home/ubuntu/OpenVoice/job.py", line 277, in convert_color
    target_se, audio_name = se_extractor.get_se(ref_audio_path, tone_color_converter, vad=False)
  File "/home/ubuntu/OpenVoice/openvoice/se_extractor.py", line 150, in get_se
    raise NotImplementedError('No audio segments found!')
NotImplementedError: No audio segments found!
Traceback (most recent call last):
  File "/home/ubuntu/OpenVoice/job.py", line 334, in <module>
    clone_voice(f"./projects/{i}/{j}")
  File "/home/ubuntu/OpenVoice/job.py", line 201, in clone_voice
    return(convert_color(projectfolder))
  File "/home/ubuntu/OpenVoice/job.py", line 277, in convert_color
    target_se, audio_name = se_extractor.get_se(ref_audio_path, tone_color_converter, vad=False)
  File "/home/ubuntu/OpenVoice/openvoice/se_extractor.py", line 146, in get_se
    wavs_folder = split_audio_whisper(audio_path, target_dir=target_dir, audio_name=audio_name)
  File "/home/ubuntu/OpenVoice/openvoice/se_extractor.py", line 29, in split_audio_whisper
    segments = list(segments)
  File "/home/ubuntu/miniconda3/envs/openvoice/lib/python3.9/site-packages/faster_whisper/transcribe.py", line 433, in generate_segments
    ) = self.generate_with_fallback(encoder_output, prompt, tokenizer, options)
  File "/home/ubuntu/miniconda3/envs/openvoice/lib/python3.9/site-packages/faster_whisper/transcribe.py", line 641, in generate_with_fallback
    result = self.model.generate(
RuntimeError: CUDA failed with error out of memory
Traceback (most recent call last):
  File "/home/ubuntu/OpenVoice/job.py", line 334, in <module>
    clone_voice(f"./projects/{i}/{j}")
  File "/home/ubuntu/OpenVoice/job.py", line 201, in clone_voice
    return(convert_color(projectfolder))
  File "/home/ubuntu/OpenVoice/job.py", line 277, in convert_color
    target_se, audio_name = se_extractor.get_se(ref_audio_path, tone_color_converter, vad=False)
  File "/home/ubuntu/OpenVoice/openvoice/se_extractor.py", line 146, in get_se
    wavs_folder = split_audio_whisper(audio_path, target_dir=target_dir, audio_name=audio_name)
  File "/home/ubuntu/OpenVoice/openvoice/se_extractor.py", line 29, in split_audio_whisper
    segments = list(segments)
  File "/home/ubuntu/miniconda3/envs/openvoice/lib/python3.9/site-packages/faster_whisper/transcribe.py", line 433, in generate_segments
    ) = self.generate_with_fallback(encoder_output, prompt, tokenizer, options)
  File "/home/ubuntu/miniconda3/envs/openvoice/lib/python3.9/site-packages/faster_whisper/transcribe.py", line 641, in generate_with_fallback
    result = self.model.generate(
RuntimeError: CUDA failed with error out of memory
Traceback (most recent call last):
  File "/home/ubuntu/OpenVoice/job.py", line 334, in <module>
    clone_voice(f"./projects/{i}/{j}")
  File "/home/ubuntu/OpenVoice/job.py", line 201, in clone_voice
    return(convert_color(projectfolder))
  File "/home/ubuntu/OpenVoice/job.py", line 277, in convert_color
    target_se, audio_name = se_extractor.get_se(ref_audio_path, tone_color_converter, vad=False)
  File "/home/ubuntu/OpenVoice/openvoice/se_extractor.py", line 150, in get_se
    raise NotImplementedError('No audio segments found!')
NotImplementedError: No audio segments found!
Traceback (most recent call last):
  File "/home/ubuntu/OpenVoice/job.py", line 334, in <module>
    clone_voice(f"./projects/{i}/{j}")
  File "/home/ubuntu/OpenVoice/job.py", line 201, in clone_voice
    return(convert_color(projectfolder))
  File "/home/ubuntu/OpenVoice/job.py", line 277, in convert_color
    target_se, audio_name = se_extractor.get_se(ref_audio_path, tone_color_converter, vad=False)
  File "/home/ubuntu/OpenVoice/openvoice/se_extractor.py", line 150, in get_se
    raise NotImplementedError('No audio segments found!')
NotImplementedError: No audio segments found!
Traceback (most recent call last):
  File "/home/ubuntu/OpenVoice/job.py", line 334, in <module>
    clone_voice(f"./projects/{i}/{j}")
  File "/home/ubuntu/OpenVoice/job.py", line 201, in clone_voice
    return(convert_color(projectfolder))
  File "/home/ubuntu/OpenVoice/job.py", line 277, in convert_color
    target_se, audio_name = se_extractor.get_se(ref_audio_path, tone_color_converter, vad=False)
  File "/home/ubuntu/OpenVoice/openvoice/se_extractor.py", line 150, in get_se
    raise NotImplementedError('No audio segments found!')
NotImplementedError: No audio segments found!
Traceback (most recent call last):
  File "/home/ubuntu/OpenVoice/job.py", line 334, in <module>
    clone_voice(f"./projects/{i}/{j}")
  File "/home/ubuntu/OpenVoice/job.py", line 201, in clone_voice
    return(convert_color(projectfolder))
  File "/home/ubuntu/OpenVoice/job.py", line 277, in convert_color
    target_se, audio_name = se_extractor.get_se(ref_audio_path, tone_color_converter, vad=False)
  File "/home/ubuntu/OpenVoice/openvoice/se_extractor.py", line 146, in get_se
    wavs_folder = split_audio_whisper(audio_path, target_dir=target_dir, audio_name=audio_name)
  File "/home/ubuntu/OpenVoice/openvoice/se_extractor.py", line 29, in split_audio_whisper
    segments = list(segments)
  File "/home/ubuntu/miniconda3/envs/openvoice/lib/python3.9/site-packages/faster_whisper/transcribe.py", line 433, in generate_segments
    ) = self.generate_with_fallback(encoder_output, prompt, tokenizer, options)
  File "/home/ubuntu/miniconda3/envs/openvoice/lib/python3.9/site-packages/faster_whisper/transcribe.py", line 641, in generate_with_fallback
    result = self.model.generate(
RuntimeError: CUDA failed with error out of memory
Traceback (most recent call last):
  File "/home/ubuntu/OpenVoice/job.py", line 334, in <module>
    clone_voice(f"./projects/{i}/{j}")
  File "/home/ubuntu/OpenVoice/job.py", line 201, in clone_voice
    return(convert_color(projectfolder))
  File "/home/ubuntu/OpenVoice/job.py", line 277, in convert_color
    target_se, audio_name = se_extractor.get_se(ref_audio_path, tone_color_converter, vad=False)
  File "/home/ubuntu/OpenVoice/openvoice/se_extractor.py", line 150, in get_se
    raise NotImplementedError('No audio segments found!')
NotImplementedError: No audio segments found!
Traceback (most recent call last):
  File "/home/ubuntu/OpenVoice/job.py", line 334, in <module>
    clone_voice(f"./projects/{i}/{j}")
  File "/home/ubuntu/OpenVoice/job.py", line 201, in clone_voice
    return(convert_color(projectfolder))
  File "/home/ubuntu/OpenVoice/job.py", line 277, in convert_color
    target_se, audio_name = se_extractor.get_se(ref_audio_path, tone_color_converter, vad=False)
  File "/home/ubuntu/OpenVoice/openvoice/se_extractor.py", line 146, in get_se
    wavs_folder = split_audio_whisper(audio_path, target_dir=target_dir, audio_name=audio_name)
  File "/home/ubuntu/OpenVoice/openvoice/se_extractor.py", line 29, in split_audio_whisper
    segments = list(segments)
  File "/home/ubuntu/miniconda3/envs/openvoice/lib/python3.9/site-packages/faster_whisper/transcribe.py", line 433, in generate_segments
    ) = self.generate_with_fallback(encoder_output, prompt, tokenizer, options)
  File "/home/ubuntu/miniconda3/envs/openvoice/lib/python3.9/site-packages/faster_whisper/transcribe.py", line 641, in generate_with_fallback
    result = self.model.generate(
RuntimeError: CUDA failed with error out of memory
Traceback (most recent call last):
  File "/home/ubuntu/OpenVoice/job.py", line 334, in <module>
    clone_voice(f"./projects/{i}/{j}")
  File "/home/ubuntu/OpenVoice/job.py", line 201, in clone_voice
    return(convert_color(projectfolder))
  File "/home/ubuntu/OpenVoice/job.py", line 277, in convert_color
    target_se, audio_name = se_extractor.get_se(ref_audio_path, tone_color_converter, vad=False)
  File "/home/ubuntu/OpenVoice/openvoice/se_extractor.py", line 150, in get_se
    raise NotImplementedError('No audio segments found!')
NotImplementedError: No audio segments found!
Traceback (most recent call last):
  File "/home/ubuntu/OpenVoice/job.py", line 334, in <module>
    clone_voice(f"./projects/{i}/{j}")
  File "/home/ubuntu/OpenVoice/job.py", line 201, in clone_voice
    return(convert_color(projectfolder))
  File "/home/ubuntu/OpenVoice/job.py", line 277, in convert_color
    target_se, audio_name = se_extractor.get_se(ref_audio_path, tone_color_converter, vad=False)
  File "/home/ubuntu/OpenVoice/openvoice/se_extractor.py", line 146, in get_se
    wavs_folder = split_audio_whisper(audio_path, target_dir=target_dir, audio_name=audio_name)
  File "/home/ubuntu/OpenVoice/openvoice/se_extractor.py", line 29, in split_audio_whisper
    segments = list(segments)
  File "/home/ubuntu/miniconda3/envs/openvoice/lib/python3.9/site-packages/faster_whisper/transcribe.py", line 433, in generate_segments
    ) = self.generate_with_fallback(encoder_output, prompt, tokenizer, options)
  File "/home/ubuntu/miniconda3/envs/openvoice/lib/python3.9/site-packages/faster_whisper/transcribe.py", line 641, in generate_with_fallback
    result = self.model.generate(
RuntimeError: CUDA failed with error out of memory
Traceback (most recent call last):
  File "/home/ubuntu/OpenVoice/job.py", line 334, in <module>
    clone_voice(f"./projects/{i}/{j}")
  File "/home/ubuntu/OpenVoice/job.py", line 201, in clone_voice
    return(convert_color(projectfolder))
  File "/home/ubuntu/OpenVoice/job.py", line 277, in convert_color
    target_se, audio_name = se_extractor.get_se(ref_audio_path, tone_color_converter, vad=False)
  File "/home/ubuntu/OpenVoice/openvoice/se_extractor.py", line 146, in get_se
    wavs_folder = split_audio_whisper(audio_path, target_dir=target_dir, audio_name=audio_name)
  File "/home/ubuntu/OpenVoice/openvoice/se_extractor.py", line 29, in split_audio_whisper
    segments = list(segments)
  File "/home/ubuntu/miniconda3/envs/openvoice/lib/python3.9/site-packages/faster_whisper/transcribe.py", line 433, in generate_segments
    ) = self.generate_with_fallback(encoder_output, prompt, tokenizer, options)
  File "/home/ubuntu/miniconda3/envs/openvoice/lib/python3.9/site-packages/faster_whisper/transcribe.py", line 641, in generate_with_fallback
    result = self.model.generate(
RuntimeError: CUDA failed with error out of memory
Traceback (most recent call last):
  File "/home/ubuntu/OpenVoice/job.py", line 334, in <module>
    clone_voice(f"./projects/{i}/{j}")
  File "/home/ubuntu/OpenVoice/job.py", line 201, in clone_voice
    return(convert_color(projectfolder))
  File "/home/ubuntu/OpenVoice/job.py", line 277, in convert_color
    target_se, audio_name = se_extractor.get_se(ref_audio_path, tone_color_converter, vad=False)
  File "/home/ubuntu/OpenVoice/openvoice/se_extractor.py", line 146, in get_se
    wavs_folder = split_audio_whisper(audio_path, target_dir=target_dir, audio_name=audio_name)
  File "/home/ubuntu/OpenVoice/openvoice/se_extractor.py", line 29, in split_audio_whisper
    segments = list(segments)
  File "/home/ubuntu/miniconda3/envs/openvoice/lib/python3.9/site-packages/faster_whisper/transcribe.py", line 433, in generate_segments
    ) = self.generate_with_fallback(encoder_output, prompt, tokenizer, options)
  File "/home/ubuntu/miniconda3/envs/openvoice/lib/python3.9/site-packages/faster_whisper/transcribe.py", line 641, in generate_with_fallback
    result = self.model.generate(
RuntimeError: CUDA failed with error out of memory
Traceback (most recent call last):
  File "/home/ubuntu/OpenVoice/job.py", line 334, in <module>
    clone_voice(f"./projects/{i}/{j}")
  File "/home/ubuntu/OpenVoice/job.py", line 201, in clone_voice
    return(convert_color(projectfolder))
  File "/home/ubuntu/OpenVoice/job.py", line 277, in convert_color
    target_se, audio_name = se_extractor.get_se(ref_audio_path, tone_color_converter, vad=False)
  File "/home/ubuntu/OpenVoice/openvoice/se_extractor.py", line 146, in get_se
    wavs_folder = split_audio_whisper(audio_path, target_dir=target_dir, audio_name=audio_name)
  File "/home/ubuntu/OpenVoice/openvoice/se_extractor.py", line 29, in split_audio_whisper
    segments = list(segments)
  File "/home/ubuntu/miniconda3/envs/openvoice/lib/python3.9/site-packages/faster_whisper/transcribe.py", line 433, in generate_segments
    ) = self.generate_with_fallback(encoder_output, prompt, tokenizer, options)
  File "/home/ubuntu/miniconda3/envs/openvoice/lib/python3.9/site-packages/faster_whisper/transcribe.py", line 641, in generate_with_fallback
    result = self.model.generate(
RuntimeError: CUDA failed with error out of memory
Traceback (most recent call last):
  File "/home/ubuntu/OpenVoice/job.py", line 334, in <module>
    clone_voice(f"./projects/{i}/{j}")
  File "/home/ubuntu/OpenVoice/job.py", line 201, in clone_voice
    return(convert_color(projectfolder))
  File "/home/ubuntu/OpenVoice/job.py", line 277, in convert_color
    target_se, audio_name = se_extractor.get_se(ref_audio_path, tone_color_converter, vad=False)
  File "/home/ubuntu/OpenVoice/openvoice/se_extractor.py", line 146, in get_se
    wavs_folder = split_audio_whisper(audio_path, target_dir=target_dir, audio_name=audio_name)
  File "/home/ubuntu/OpenVoice/openvoice/se_extractor.py", line 29, in split_audio_whisper
    segments = list(segments)
  File "/home/ubuntu/miniconda3/envs/openvoice/lib/python3.9/site-packages/faster_whisper/transcribe.py", line 433, in generate_segments
    ) = self.generate_with_fallback(encoder_output, prompt, tokenizer, options)
  File "/home/ubuntu/miniconda3/envs/openvoice/lib/python3.9/site-packages/faster_whisper/transcribe.py", line 641, in generate_with_fallback
    result = self.model.generate(
RuntimeError: CUDA failed with error out of memory
Traceback (most recent call last):
  File "/home/ubuntu/OpenVoice/job.py", line 334, in <module>
    clone_voice(f"./projects/{i}/{j}")
  File "/home/ubuntu/OpenVoice/job.py", line 201, in clone_voice
    return(convert_color(projectfolder))
  File "/home/ubuntu/OpenVoice/job.py", line 277, in convert_color
    target_se, audio_name = se_extractor.get_se(ref_audio_path, tone_color_converter, vad=False)
  File "/home/ubuntu/OpenVoice/openvoice/se_extractor.py", line 150, in get_se
    raise NotImplementedError('No audio segments found!')
NotImplementedError: No audio segments found!
Traceback (most recent call last):
  File "/home/ubuntu/OpenVoice/job.py", line 334, in <module>
    clone_voice(f"./projects/{i}/{j}")
  File "/home/ubuntu/OpenVoice/job.py", line 201, in clone_voice
    return(convert_color(projectfolder))
  File "/home/ubuntu/OpenVoice/job.py", line 277, in convert_color
    target_se, audio_name = se_extractor.get_se(ref_audio_path, tone_color_converter, vad=False)
  File "/home/ubuntu/OpenVoice/openvoice/se_extractor.py", line 146, in get_se
    wavs_folder = split_audio_whisper(audio_path, target_dir=target_dir, audio_name=audio_name)
  File "/home/ubuntu/OpenVoice/openvoice/se_extractor.py", line 29, in split_audio_whisper
    segments = list(segments)
  File "/home/ubuntu/miniconda3/envs/openvoice/lib/python3.9/site-packages/faster_whisper/transcribe.py", line 433, in generate_segments
    ) = self.generate_with_fallback(encoder_output, prompt, tokenizer, options)
  File "/home/ubuntu/miniconda3/envs/openvoice/lib/python3.9/site-packages/faster_whisper/transcribe.py", line 641, in generate_with_fallback
    result = self.model.generate(
RuntimeError: CUDA failed with error out of memory
Traceback (most recent call last):
  File "/home/ubuntu/OpenVoice/job.py", line 334, in <module>
    clone_voice(f"./projects/{i}/{j}")
  File "/home/ubuntu/OpenVoice/job.py", line 201, in clone_voice
    return(convert_color(projectfolder))
  File "/home/ubuntu/OpenVoice/job.py", line 277, in convert_color
    target_se, audio_name = se_extractor.get_se(ref_audio_path, tone_color_converter, vad=False)
  File "/home/ubuntu/OpenVoice/openvoice/se_extractor.py", line 146, in get_se
    wavs_folder = split_audio_whisper(audio_path, target_dir=target_dir, audio_name=audio_name)
  File "/home/ubuntu/OpenVoice/openvoice/se_extractor.py", line 29, in split_audio_whisper
    segments = list(segments)
  File "/home/ubuntu/miniconda3/envs/openvoice/lib/python3.9/site-packages/faster_whisper/transcribe.py", line 433, in generate_segments
    ) = self.generate_with_fallback(encoder_output, prompt, tokenizer, options)
  File "/home/ubuntu/miniconda3/envs/openvoice/lib/python3.9/site-packages/faster_whisper/transcribe.py", line 641, in generate_with_fallback
    result = self.model.generate(
RuntimeError: CUDA failed with error out of memory
Traceback (most recent call last):
  File "/home/ubuntu/OpenVoice/job.py", line 334, in <module>
    clone_voice(f"./projects/{i}/{j}")
  File "/home/ubuntu/OpenVoice/job.py", line 201, in clone_voice
    return(convert_color(projectfolder))
  File "/home/ubuntu/OpenVoice/job.py", line 277, in convert_color
    target_se, audio_name = se_extractor.get_se(ref_audio_path, tone_color_converter, vad=False)
  File "/home/ubuntu/OpenVoice/openvoice/se_extractor.py", line 150, in get_se
    raise NotImplementedError('No audio segments found!')
NotImplementedError: No audio segments found!
Traceback (most recent call last):
  File "/home/ubuntu/OpenVoice/job.py", line 334, in <module>
    clone_voice(f"./projects/{i}/{j}")
  File "/home/ubuntu/OpenVoice/job.py", line 201, in clone_voice
    return(convert_color(projectfolder))
  File "/home/ubuntu/OpenVoice/job.py", line 277, in convert_color
    target_se, audio_name = se_extractor.get_se(ref_audio_path, tone_color_converter, vad=False)
  File "/home/ubuntu/OpenVoice/openvoice/se_extractor.py", line 146, in get_se
    wavs_folder = split_audio_whisper(audio_path, target_dir=target_dir, audio_name=audio_name)
  File "/home/ubuntu/OpenVoice/openvoice/se_extractor.py", line 29, in split_audio_whisper
    segments = list(segments)
  File "/home/ubuntu/miniconda3/envs/openvoice/lib/python3.9/site-packages/faster_whisper/transcribe.py", line 433, in generate_segments
    ) = self.generate_with_fallback(encoder_output, prompt, tokenizer, options)
  File "/home/ubuntu/miniconda3/envs/openvoice/lib/python3.9/site-packages/faster_whisper/transcribe.py", line 641, in generate_with_fallback
    result = self.model.generate(
RuntimeError: CUDA failed with error out of memory
Traceback (most recent call last):
  File "/home/ubuntu/OpenVoice/job.py", line 334, in <module>
    clone_voice(f"./projects/{i}/{j}")
  File "/home/ubuntu/OpenVoice/job.py", line 201, in clone_voice
    return(convert_color(projectfolder))
  File "/home/ubuntu/OpenVoice/job.py", line 277, in convert_color
    target_se, audio_name = se_extractor.get_se(ref_audio_path, tone_color_converter, vad=False)
  File "/home/ubuntu/OpenVoice/openvoice/se_extractor.py", line 146, in get_se
    wavs_folder = split_audio_whisper(audio_path, target_dir=target_dir, audio_name=audio_name)
  File "/home/ubuntu/OpenVoice/openvoice/se_extractor.py", line 29, in split_audio_whisper
    segments = list(segments)
  File "/home/ubuntu/miniconda3/envs/openvoice/lib/python3.9/site-packages/faster_whisper/transcribe.py", line 433, in generate_segments
    ) = self.generate_with_fallback(encoder_output, prompt, tokenizer, options)
  File "/home/ubuntu/miniconda3/envs/openvoice/lib/python3.9/site-packages/faster_whisper/transcribe.py", line 641, in generate_with_fallback
    result = self.model.generate(
RuntimeError: CUDA failed with error out of memory
Traceback (most recent call last):
  File "/home/ubuntu/OpenVoice/job.py", line 334, in <module>
    clone_voice(f"./projects/{i}/{j}")
  File "/home/ubuntu/OpenVoice/job.py", line 201, in clone_voice
    return(convert_color(projectfolder))
  File "/home/ubuntu/OpenVoice/job.py", line 277, in convert_color
    target_se, audio_name = se_extractor.get_se(ref_audio_path, tone_color_converter, vad=False)
  File "/home/ubuntu/OpenVoice/openvoice/se_extractor.py", line 146, in get_se
    wavs_folder = split_audio_whisper(audio_path, target_dir=target_dir, audio_name=audio_name)
  File "/home/ubuntu/OpenVoice/openvoice/se_extractor.py", line 29, in split_audio_whisper
    segments = list(segments)
  File "/home/ubuntu/miniconda3/envs/openvoice/lib/python3.9/site-packages/faster_whisper/transcribe.py", line 433, in generate_segments
    ) = self.generate_with_fallback(encoder_output, prompt, tokenizer, options)
  File "/home/ubuntu/miniconda3/envs/openvoice/lib/python3.9/site-packages/faster_whisper/transcribe.py", line 641, in generate_with_fallback
    result = self.model.generate(
RuntimeError: CUDA failed with error out of memory
Traceback (most recent call last):
  File "/home/ubuntu/OpenVoice/job.py", line 334, in <module>
    clone_voice(f"./projects/{i}/{j}")
  File "/home/ubuntu/OpenVoice/job.py", line 201, in clone_voice
    return(convert_color(projectfolder))
  File "/home/ubuntu/OpenVoice/job.py", line 277, in convert_color
    target_se, audio_name = se_extractor.get_se(ref_audio_path, tone_color_converter, vad=False)
  File "/home/ubuntu/OpenVoice/openvoice/se_extractor.py", line 146, in get_se
    wavs_folder = split_audio_whisper(audio_path, target_dir=target_dir, audio_name=audio_name)
  File "/home/ubuntu/OpenVoice/openvoice/se_extractor.py", line 29, in split_audio_whisper
    segments = list(segments)
  File "/home/ubuntu/miniconda3/envs/openvoice/lib/python3.9/site-packages/faster_whisper/transcribe.py", line 433, in generate_segments
    ) = self.generate_with_fallback(encoder_output, prompt, tokenizer, options)
  File "/home/ubuntu/miniconda3/envs/openvoice/lib/python3.9/site-packages/faster_whisper/transcribe.py", line 641, in generate_with_fallback
    result = self.model.generate(
RuntimeError: CUDA failed with error out of memory
Traceback (most recent call last):
  File "/home/ubuntu/OpenVoice/job.py", line 334, in <module>
    clone_voice(f"./projects/{i}/{j}")
  File "/home/ubuntu/OpenVoice/job.py", line 201, in clone_voice
    return(convert_color(projectfolder))
  File "/home/ubuntu/OpenVoice/job.py", line 277, in convert_color
    target_se, audio_name = se_extractor.get_se(ref_audio_path, tone_color_converter, vad=False)
  File "/home/ubuntu/OpenVoice/openvoice/se_extractor.py", line 150, in get_se
    raise NotImplementedError('No audio segments found!')
NotImplementedError: No audio segments found!
Traceback (most recent call last):
  File "/home/ubuntu/miniconda3/envs/openvoice/lib/python3.9/site-packages/librosa/core/audio.py", line 155, in load
    context = sf.SoundFile(path)
  File "/home/ubuntu/miniconda3/envs/openvoice/lib/python3.9/site-packages/soundfile.py", line 658, in __init__
    self._file = self._open(file, mode_int, closefd)
  File "/home/ubuntu/miniconda3/envs/openvoice/lib/python3.9/site-packages/soundfile.py", line 1216, in _open
    raise LibsndfileError(err, prefix="Error opening {0!r}: ".format(self.name))
soundfile.LibsndfileError: Error opening './projects/1c0782f4-6ab1-4d74-b1e0-42abd586d28c/0/5_clone_Instant#hi-IN-AnanyaNeural.mp3': File does not exist or is not a regular file (possibly a pipe?).

During handling of the above exception, another exception occurred:

Traceback (most recent call last):
  File "/home/ubuntu/OpenVoice/job.py", line 334, in <module>
    clone_voice(f"./projects/{i}/{j}")
  File "/home/ubuntu/OpenVoice/job.py", line 201, in clone_voice
    return(convert_color(projectfolder))
  File "/home/ubuntu/OpenVoice/job.py", line 314, in convert_color
    tone_color_converter.convert(
  File "/home/ubuntu/OpenVoice/openvoice/api.py", line 144, in convert
    audio, sample_rate = librosa.load(audio_src_path, sr=hps.data.sampling_rate)
  File "/home/ubuntu/miniconda3/envs/openvoice/lib/python3.9/site-packages/librosa/util/decorators.py", line 88, in inner_f
    return f(*args, **kwargs)
  File "/home/ubuntu/miniconda3/envs/openvoice/lib/python3.9/site-packages/librosa/core/audio.py", line 174, in load
    y, sr_native = __audioread_load(path, offset, duration, dtype)
  File "/home/ubuntu/miniconda3/envs/openvoice/lib/python3.9/site-packages/librosa/core/audio.py", line 198, in __audioread_load
    with audioread.audio_open(path) as input_file:
  File "/home/ubuntu/miniconda3/envs/openvoice/lib/python3.9/site-packages/audioread/__init__.py", line 127, in audio_open
    return BackendClass(path)
  File "/home/ubuntu/miniconda3/envs/openvoice/lib/python3.9/site-packages/audioread/rawread.py", line 62, in __init__
    self._file = aifc.open(self._fh)
  File "/home/ubuntu/miniconda3/envs/openvoice/lib/python3.9/aifc.py", line 917, in open
    return Aifc_read(f)
  File "/home/ubuntu/miniconda3/envs/openvoice/lib/python3.9/aifc.py", line 358, in __init__
    self.initfp(f)
  File "/home/ubuntu/miniconda3/envs/openvoice/lib/python3.9/aifc.py", line 314, in initfp
    chunk = Chunk(file)
  File "/home/ubuntu/miniconda3/envs/openvoice/lib/python3.9/chunk.py", line 63, in __init__
    raise EOFError
EOFError
Traceback (most recent call last):
  File "/home/ubuntu/OpenVoice/job.py", line 334, in <module>
    clone_voice(f"./projects/{i}/{j}")
  File "/home/ubuntu/OpenVoice/job.py", line 201, in clone_voice
    return(convert_color(projectfolder))
  File "/home/ubuntu/OpenVoice/job.py", line 277, in convert_color
    target_se, audio_name = se_extractor.get_se(ref_audio_path, tone_color_converter, vad=False)
  File "/home/ubuntu/OpenVoice/openvoice/se_extractor.py", line 150, in get_se
    raise NotImplementedError('No audio segments found!')
NotImplementedError: No audio segments found!
Traceback (most recent call last):
  File "/home/ubuntu/OpenVoice/job.py", line 334, in <module>
    clone_voice(f"./projects/{i}/{j}")
  File "/home/ubuntu/OpenVoice/job.py", line 201, in clone_voice
    return(convert_color(projectfolder))
  File "/home/ubuntu/OpenVoice/job.py", line 277, in convert_color
    target_se, audio_name = se_extractor.get_se(ref_audio_path, tone_color_converter, vad=False)
  File "/home/ubuntu/OpenVoice/openvoice/se_extractor.py", line 146, in get_se
    wavs_folder = split_audio_whisper(audio_path, target_dir=target_dir, audio_name=audio_name)
  File "/home/ubuntu/OpenVoice/openvoice/se_extractor.py", line 29, in split_audio_whisper
    segments = list(segments)
  File "/home/ubuntu/miniconda3/envs/openvoice/lib/python3.9/site-packages/faster_whisper/transcribe.py", line 433, in generate_segments
    ) = self.generate_with_fallback(encoder_output, prompt, tokenizer, options)
  File "/home/ubuntu/miniconda3/envs/openvoice/lib/python3.9/site-packages/faster_whisper/transcribe.py", line 641, in generate_with_fallback
    result = self.model.generate(
RuntimeError: CUDA failed with error out of memory
Traceback (most recent call last):
  File "/home/ubuntu/OpenVoice/job.py", line 334, in <module>
    clone_voice(f"./projects/{i}/{j}")
  File "/home/ubuntu/OpenVoice/job.py", line 201, in clone_voice
    return(convert_color(projectfolder))
  File "/home/ubuntu/OpenVoice/job.py", line 277, in convert_color
    target_se, audio_name = se_extractor.get_se(ref_audio_path, tone_color_converter, vad=False)
  File "/home/ubuntu/OpenVoice/openvoice/se_extractor.py", line 150, in get_se
    raise NotImplementedError('No audio segments found!')
NotImplementedError: No audio segments found!
Traceback (most recent call last):
  File "/home/ubuntu/OpenVoice/job.py", line 334, in <module>
    clone_voice(f"./projects/{i}/{j}")
  File "/home/ubuntu/OpenVoice/job.py", line 201, in clone_voice
    return(convert_color(projectfolder))
  File "/home/ubuntu/OpenVoice/job.py", line 277, in convert_color
    target_se, audio_name = se_extractor.get_se(ref_audio_path, tone_color_converter, vad=False)
  File "/home/ubuntu/OpenVoice/openvoice/se_extractor.py", line 146, in get_se
    wavs_folder = split_audio_whisper(audio_path, target_dir=target_dir, audio_name=audio_name)
  File "/home/ubuntu/OpenVoice/openvoice/se_extractor.py", line 29, in split_audio_whisper
    segments = list(segments)
  File "/home/ubuntu/miniconda3/envs/openvoice/lib/python3.9/site-packages/faster_whisper/transcribe.py", line 433, in generate_segments
    ) = self.generate_with_fallback(encoder_output, prompt, tokenizer, options)
  File "/home/ubuntu/miniconda3/envs/openvoice/lib/python3.9/site-packages/faster_whisper/transcribe.py", line 641, in generate_with_fallback
    result = self.model.generate(
RuntimeError: CUDA failed with error out of memory
Traceback (most recent call last):
  File "/home/ubuntu/OpenVoice/job.py", line 334, in <module>
    clone_voice(f"./projects/{i}/{j}")
  File "/home/ubuntu/OpenVoice/job.py", line 201, in clone_voice
    return(convert_color(projectfolder))
  File "/home/ubuntu/OpenVoice/job.py", line 277, in convert_color
    target_se, audio_name = se_extractor.get_se(ref_audio_path, tone_color_converter, vad=False)
  File "/home/ubuntu/OpenVoice/openvoice/se_extractor.py", line 146, in get_se
    wavs_folder = split_audio_whisper(audio_path, target_dir=target_dir, audio_name=audio_name)
  File "/home/ubuntu/OpenVoice/openvoice/se_extractor.py", line 29, in split_audio_whisper
    segments = list(segments)
  File "/home/ubuntu/miniconda3/envs/openvoice/lib/python3.9/site-packages/faster_whisper/transcribe.py", line 433, in generate_segments
    ) = self.generate_with_fallback(encoder_output, prompt, tokenizer, options)
  File "/home/ubuntu/miniconda3/envs/openvoice/lib/python3.9/site-packages/faster_whisper/transcribe.py", line 641, in generate_with_fallback
    result = self.model.generate(
RuntimeError: CUDA failed with error out of memory
Traceback (most recent call last):
  File "/home/ubuntu/OpenVoice/job.py", line 334, in <module>
    clone_voice(f"./projects/{i}/{j}")
  File "/home/ubuntu/OpenVoice/job.py", line 201, in clone_voice
    return(convert_color(projectfolder))
  File "/home/ubuntu/OpenVoice/job.py", line 277, in convert_color
    target_se, audio_name = se_extractor.get_se(ref_audio_path, tone_color_converter, vad=False)
  File "/home/ubuntu/OpenVoice/openvoice/se_extractor.py", line 146, in get_se
    wavs_folder = split_audio_whisper(audio_path, target_dir=target_dir, audio_name=audio_name)
  File "/home/ubuntu/OpenVoice/openvoice/se_extractor.py", line 29, in split_audio_whisper
    segments = list(segments)
  File "/home/ubuntu/miniconda3/envs/openvoice/lib/python3.9/site-packages/faster_whisper/transcribe.py", line 433, in generate_segments
    ) = self.generate_with_fallback(encoder_output, prompt, tokenizer, options)
  File "/home/ubuntu/miniconda3/envs/openvoice/lib/python3.9/site-packages/faster_whisper/transcribe.py", line 641, in generate_with_fallback
    result = self.model.generate(
RuntimeError: CUDA failed with error out of memory
Traceback (most recent call last):
  File "/home/ubuntu/OpenVoice/job.py", line 334, in <module>
    clone_voice(f"./projects/{i}/{j}")
  File "/home/ubuntu/OpenVoice/job.py", line 201, in clone_voice
    return(convert_color(projectfolder))
  File "/home/ubuntu/OpenVoice/job.py", line 277, in convert_color
    target_se, audio_name = se_extractor.get_se(ref_audio_path, tone_color_converter, vad=False)
  File "/home/ubuntu/OpenVoice/openvoice/se_extractor.py", line 146, in get_se
    wavs_folder = split_audio_whisper(audio_path, target_dir=target_dir, audio_name=audio_name)
  File "/home/ubuntu/OpenVoice/openvoice/se_extractor.py", line 29, in split_audio_whisper
    segments = list(segments)
  File "/home/ubuntu/miniconda3/envs/openvoice/lib/python3.9/site-packages/faster_whisper/transcribe.py", line 433, in generate_segments
    ) = self.generate_with_fallback(encoder_output, prompt, tokenizer, options)
  File "/home/ubuntu/miniconda3/envs/openvoice/lib/python3.9/site-packages/faster_whisper/transcribe.py", line 641, in generate_with_fallback
    result = self.model.generate(
RuntimeError: CUDA failed with error out of memory
Traceback (most recent call last):
  File "/home/ubuntu/OpenVoice/job.py", line 334, in <module>
    clone_voice(f"./projects/{i}/{j}")
  File "/home/ubuntu/OpenVoice/job.py", line 201, in clone_voice
    return(convert_color(projectfolder))
  File "/home/ubuntu/OpenVoice/job.py", line 277, in convert_color
    target_se, audio_name = se_extractor.get_se(ref_audio_path, tone_color_converter, vad=False)
  File "/home/ubuntu/OpenVoice/openvoice/se_extractor.py", line 146, in get_se
    wavs_folder = split_audio_whisper(audio_path, target_dir=target_dir, audio_name=audio_name)
  File "/home/ubuntu/OpenVoice/openvoice/se_extractor.py", line 29, in split_audio_whisper
    segments = list(segments)
  File "/home/ubuntu/miniconda3/envs/openvoice/lib/python3.9/site-packages/faster_whisper/transcribe.py", line 433, in generate_segments
    ) = self.generate_with_fallback(encoder_output, prompt, tokenizer, options)
  File "/home/ubuntu/miniconda3/envs/openvoice/lib/python3.9/site-packages/faster_whisper/transcribe.py", line 641, in generate_with_fallback
    result = self.model.generate(
RuntimeError: CUDA failed with error out of memory
Traceback (most recent call last):
  File "/home/ubuntu/OpenVoice/job.py", line 334, in <module>
    clone_voice(f"./projects/{i}/{j}")
  File "/home/ubuntu/OpenVoice/job.py", line 201, in clone_voice
    return(convert_color(projectfolder))
  File "/home/ubuntu/OpenVoice/job.py", line 277, in convert_color
    target_se, audio_name = se_extractor.get_se(ref_audio_path, tone_color_converter, vad=False)
  File "/home/ubuntu/OpenVoice/openvoice/se_extractor.py", line 150, in get_se
    raise NotImplementedError('No audio segments found!')
NotImplementedError: No audio segments found!
Traceback (most recent call last):
  File "/home/ubuntu/OpenVoice/job.py", line 334, in <module>
    clone_voice(f"./projects/{i}/{j}")
  File "/home/ubuntu/OpenVoice/job.py", line 201, in clone_voice
    return(convert_color(projectfolder))
  File "/home/ubuntu/OpenVoice/job.py", line 277, in convert_color
    target_se, audio_name = se_extractor.get_se(ref_audio_path, tone_color_converter, vad=False)
  File "/home/ubuntu/OpenVoice/openvoice/se_extractor.py", line 146, in get_se
    wavs_folder = split_audio_whisper(audio_path, target_dir=target_dir, audio_name=audio_name)
  File "/home/ubuntu/OpenVoice/openvoice/se_extractor.py", line 29, in split_audio_whisper
    segments = list(segments)
  File "/home/ubuntu/miniconda3/envs/openvoice/lib/python3.9/site-packages/faster_whisper/transcribe.py", line 433, in generate_segments
    ) = self.generate_with_fallback(encoder_output, prompt, tokenizer, options)
  File "/home/ubuntu/miniconda3/envs/openvoice/lib/python3.9/site-packages/faster_whisper/transcribe.py", line 641, in generate_with_fallback
    result = self.model.generate(
RuntimeError: CUDA failed with error out of memory
Traceback (most recent call last):
  File "/home/ubuntu/OpenVoice/job.py", line 334, in <module>
    clone_voice(f"./projects/{i}/{j}")
  File "/home/ubuntu/OpenVoice/job.py", line 201, in clone_voice
    return(convert_color(projectfolder))
  File "/home/ubuntu/OpenVoice/job.py", line 277, in convert_color
    target_se, audio_name = se_extractor.get_se(ref_audio_path, tone_color_converter, vad=False)
  File "/home/ubuntu/OpenVoice/openvoice/se_extractor.py", line 146, in get_se
    wavs_folder = split_audio_whisper(audio_path, target_dir=target_dir, audio_name=audio_name)
  File "/home/ubuntu/OpenVoice/openvoice/se_extractor.py", line 29, in split_audio_whisper
    segments = list(segments)
  File "/home/ubuntu/miniconda3/envs/openvoice/lib/python3.9/site-packages/faster_whisper/transcribe.py", line 433, in generate_segments
    ) = self.generate_with_fallback(encoder_output, prompt, tokenizer, options)
  File "/home/ubuntu/miniconda3/envs/openvoice/lib/python3.9/site-packages/faster_whisper/transcribe.py", line 641, in generate_with_fallback
    result = self.model.generate(
RuntimeError: CUDA failed with error out of memory
Traceback (most recent call last):
  File "/home/ubuntu/OpenVoice/job.py", line 334, in <module>
    clone_voice(f"./projects/{i}/{j}")
  File "/home/ubuntu/OpenVoice/job.py", line 201, in clone_voice
    return(convert_color(projectfolder))
  File "/home/ubuntu/OpenVoice/job.py", line 277, in convert_color
    target_se, audio_name = se_extractor.get_se(ref_audio_path, tone_color_converter, vad=False)
  File "/home/ubuntu/OpenVoice/openvoice/se_extractor.py", line 146, in get_se
    wavs_folder = split_audio_whisper(audio_path, target_dir=target_dir, audio_name=audio_name)
  File "/home/ubuntu/OpenVoice/openvoice/se_extractor.py", line 29, in split_audio_whisper
    segments = list(segments)
  File "/home/ubuntu/miniconda3/envs/openvoice/lib/python3.9/site-packages/faster_whisper/transcribe.py", line 433, in generate_segments
    ) = self.generate_with_fallback(encoder_output, prompt, tokenizer, options)
  File "/home/ubuntu/miniconda3/envs/openvoice/lib/python3.9/site-packages/faster_whisper/transcribe.py", line 641, in generate_with_fallback
    result = self.model.generate(
RuntimeError: CUDA failed with error out of memory
Traceback (most recent call last):
  File "/home/ubuntu/OpenVoice/job.py", line 334, in <module>
    clone_voice(f"./projects/{i}/{j}")
  File "/home/ubuntu/OpenVoice/job.py", line 201, in clone_voice
    return(convert_color(projectfolder))
  File "/home/ubuntu/OpenVoice/job.py", line 277, in convert_color
    target_se, audio_name = se_extractor.get_se(ref_audio_path, tone_color_converter, vad=False)
  File "/home/ubuntu/OpenVoice/openvoice/se_extractor.py", line 150, in get_se
    raise NotImplementedError('No audio segments found!')
NotImplementedError: No audio segments found!
Traceback (most recent call last):
  File "/home/ubuntu/OpenVoice/job.py", line 334, in <module>
    clone_voice(f"./projects/{i}/{j}")
  File "/home/ubuntu/OpenVoice/job.py", line 201, in clone_voice
    return(convert_color(projectfolder))
  File "/home/ubuntu/OpenVoice/job.py", line 277, in convert_color
    target_se, audio_name = se_extractor.get_se(ref_audio_path, tone_color_converter, vad=False)
  File "/home/ubuntu/OpenVoice/openvoice/se_extractor.py", line 150, in get_se
    raise NotImplementedError('No audio segments found!')
NotImplementedError: No audio segments found!
Traceback (most recent call last):
  File "/home/ubuntu/OpenVoice/job.py", line 334, in <module>
    clone_voice(f"./projects/{i}/{j}")
  File "/home/ubuntu/OpenVoice/job.py", line 201, in clone_voice
    return(convert_color(projectfolder))
  File "/home/ubuntu/OpenVoice/job.py", line 277, in convert_color
    target_se, audio_name = se_extractor.get_se(ref_audio_path, tone_color_converter, vad=False)
  File "/home/ubuntu/OpenVoice/openvoice/se_extractor.py", line 150, in get_se
    raise NotImplementedError('No audio segments found!')
NotImplementedError: No audio segments found!
Traceback (most recent call last):
  File "/home/ubuntu/OpenVoice/job.py", line 334, in <module>
    clone_voice(f"./projects/{i}/{j}")
  File "/home/ubuntu/OpenVoice/job.py", line 201, in clone_voice
    return(convert_color(projectfolder))
  File "/home/ubuntu/OpenVoice/job.py", line 277, in convert_color
    target_se, audio_name = se_extractor.get_se(ref_audio_path, tone_color_converter, vad=False)
  File "/home/ubuntu/OpenVoice/openvoice/se_extractor.py", line 150, in get_se
    raise NotImplementedError('No audio segments found!')
NotImplementedError: No audio segments found!
Traceback (most recent call last):
  File "/home/ubuntu/OpenVoice/job.py", line 334, in <module>
    clone_voice(f"./projects/{i}/{j}")
  File "/home/ubuntu/OpenVoice/job.py", line 201, in clone_voice
    return(convert_color(projectfolder))
  File "/home/ubuntu/OpenVoice/job.py", line 277, in convert_color
    target_se, audio_name = se_extractor.get_se(ref_audio_path, tone_color_converter, vad=False)
  File "/home/ubuntu/OpenVoice/openvoice/se_extractor.py", line 146, in get_se
    wavs_folder = split_audio_whisper(audio_path, target_dir=target_dir, audio_name=audio_name)
  File "/home/ubuntu/OpenVoice/openvoice/se_extractor.py", line 29, in split_audio_whisper
    segments = list(segments)
  File "/home/ubuntu/miniconda3/envs/openvoice/lib/python3.9/site-packages/faster_whisper/transcribe.py", line 433, in generate_segments
    ) = self.generate_with_fallback(encoder_output, prompt, tokenizer, options)
  File "/home/ubuntu/miniconda3/envs/openvoice/lib/python3.9/site-packages/faster_whisper/transcribe.py", line 641, in generate_with_fallback
    result = self.model.generate(
RuntimeError: CUDA failed with error out of memory
Traceback (most recent call last):
  File "/home/ubuntu/OpenVoice/job.py", line 334, in <module>
    clone_voice(f"./projects/{i}/{j}")
  File "/home/ubuntu/OpenVoice/job.py", line 201, in clone_voice
    return(convert_color(projectfolder))
  File "/home/ubuntu/OpenVoice/job.py", line 277, in convert_color
    target_se, audio_name = se_extractor.get_se(ref_audio_path, tone_color_converter, vad=False)
  File "/home/ubuntu/OpenVoice/openvoice/se_extractor.py", line 150, in get_se
    raise NotImplementedError('No audio segments found!')
NotImplementedError: No audio segments found!
Traceback (most recent call last):
  File "/home/ubuntu/OpenVoice/job.py", line 334, in <module>
    clone_voice(f"./projects/{i}/{j}")
  File "/home/ubuntu/OpenVoice/job.py", line 201, in clone_voice
    return(convert_color(projectfolder))
  File "/home/ubuntu/OpenVoice/job.py", line 277, in convert_color
    target_se, audio_name = se_extractor.get_se(ref_audio_path, tone_color_converter, vad=False)
  File "/home/ubuntu/OpenVoice/openvoice/se_extractor.py", line 150, in get_se
    raise NotImplementedError('No audio segments found!')
NotImplementedError: No audio segments found!
Traceback (most recent call last):
  File "/home/ubuntu/OpenVoice/job.py", line 334, in <module>
    clone_voice(f"./projects/{i}/{j}")
  File "/home/ubuntu/OpenVoice/job.py", line 201, in clone_voice
    return(convert_color(projectfolder))
  File "/home/ubuntu/OpenVoice/job.py", line 277, in convert_color
    target_se, audio_name = se_extractor.get_se(ref_audio_path, tone_color_converter, vad=False)
  File "/home/ubuntu/OpenVoice/openvoice/se_extractor.py", line 150, in get_se
    raise NotImplementedError('No audio segments found!')
NotImplementedError: No audio segments found!
Traceback (most recent call last):
  File "/home/ubuntu/OpenVoice/job.py", line 334, in <module>
    clone_voice(f"./projects/{i}/{j}")
  File "/home/ubuntu/OpenVoice/job.py", line 201, in clone_voice
    return(convert_color(projectfolder))
  File "/home/ubuntu/OpenVoice/job.py", line 277, in convert_color
    target_se, audio_name = se_extractor.get_se(ref_audio_path, tone_color_converter, vad=False)
  File "/home/ubuntu/OpenVoice/openvoice/se_extractor.py", line 150, in get_se
    raise NotImplementedError('No audio segments found!')
NotImplementedError: No audio segments found!
Traceback (most recent call last):
  File "/home/ubuntu/OpenVoice/job.py", line 334, in <module>
    clone_voice(f"./projects/{i}/{j}")
  File "/home/ubuntu/OpenVoice/job.py", line 201, in clone_voice
    return(convert_color(projectfolder))
  File "/home/ubuntu/OpenVoice/job.py", line 277, in convert_color
    target_se, audio_name = se_extractor.get_se(ref_audio_path, tone_color_converter, vad=False)
  File "/home/ubuntu/OpenVoice/openvoice/se_extractor.py", line 150, in get_se
    raise NotImplementedError('No audio segments found!')
NotImplementedError: No audio segments found!
Traceback (most recent call last):
  File "/home/ubuntu/OpenVoice/job.py", line 334, in <module>
    clone_voice(f"./projects/{i}/{j}")
  File "/home/ubuntu/OpenVoice/job.py", line 201, in clone_voice
    return(convert_color(projectfolder))
  File "/home/ubuntu/OpenVoice/job.py", line 277, in convert_color
    target_se, audio_name = se_extractor.get_se(ref_audio_path, tone_color_converter, vad=False)
  File "/home/ubuntu/OpenVoice/openvoice/se_extractor.py", line 146, in get_se
    wavs_folder = split_audio_whisper(audio_path, target_dir=target_dir, audio_name=audio_name)
  File "/home/ubuntu/OpenVoice/openvoice/se_extractor.py", line 29, in split_audio_whisper
    segments = list(segments)
  File "/home/ubuntu/miniconda3/envs/openvoice/lib/python3.9/site-packages/faster_whisper/transcribe.py", line 433, in generate_segments
    ) = self.generate_with_fallback(encoder_output, prompt, tokenizer, options)
  File "/home/ubuntu/miniconda3/envs/openvoice/lib/python3.9/site-packages/faster_whisper/transcribe.py", line 641, in generate_with_fallback
    result = self.model.generate(
RuntimeError: CUDA failed with error out of memory
Traceback (most recent call last):
  File "/home/ubuntu/OpenVoice/job.py", line 334, in <module>
    clone_voice(f"./projects/{i}/{j}")
  File "/home/ubuntu/OpenVoice/job.py", line 201, in clone_voice
    return(convert_color(projectfolder))
  File "/home/ubuntu/OpenVoice/job.py", line 277, in convert_color
    target_se, audio_name = se_extractor.get_se(ref_audio_path, tone_color_converter, vad=False)
  File "/home/ubuntu/OpenVoice/openvoice/se_extractor.py", line 146, in get_se
    wavs_folder = split_audio_whisper(audio_path, target_dir=target_dir, audio_name=audio_name)
  File "/home/ubuntu/OpenVoice/openvoice/se_extractor.py", line 29, in split_audio_whisper
    segments = list(segments)
  File "/home/ubuntu/miniconda3/envs/openvoice/lib/python3.9/site-packages/faster_whisper/transcribe.py", line 433, in generate_segments
    ) = self.generate_with_fallback(encoder_output, prompt, tokenizer, options)
  File "/home/ubuntu/miniconda3/envs/openvoice/lib/python3.9/site-packages/faster_whisper/transcribe.py", line 641, in generate_with_fallback
    result = self.model.generate(
RuntimeError: CUDA failed with error out of memory
Traceback (most recent call last):
  File "/home/ubuntu/OpenVoice/job.py", line 334, in <module>
    clone_voice(f"./projects/{i}/{j}")
  File "/home/ubuntu/OpenVoice/job.py", line 201, in clone_voice
    return(convert_color(projectfolder))
  File "/home/ubuntu/OpenVoice/job.py", line 277, in convert_color
    target_se, audio_name = se_extractor.get_se(ref_audio_path, tone_color_converter, vad=False)
  File "/home/ubuntu/OpenVoice/openvoice/se_extractor.py", line 146, in get_se
    wavs_folder = split_audio_whisper(audio_path, target_dir=target_dir, audio_name=audio_name)
  File "/home/ubuntu/OpenVoice/openvoice/se_extractor.py", line 29, in split_audio_whisper
    segments = list(segments)
  File "/home/ubuntu/miniconda3/envs/openvoice/lib/python3.9/site-packages/faster_whisper/transcribe.py", line 433, in generate_segments
    ) = self.generate_with_fallback(encoder_output, prompt, tokenizer, options)
  File "/home/ubuntu/miniconda3/envs/openvoice/lib/python3.9/site-packages/faster_whisper/transcribe.py", line 641, in generate_with_fallback
    result = self.model.generate(
RuntimeError: CUDA failed with error out of memory
Traceback (most recent call last):
  File "/home/ubuntu/OpenVoice/job.py", line 334, in <module>
    clone_voice(f"./projects/{i}/{j}")
  File "/home/ubuntu/OpenVoice/job.py", line 201, in clone_voice
    return(convert_color(projectfolder))
  File "/home/ubuntu/OpenVoice/job.py", line 277, in convert_color
    target_se, audio_name = se_extractor.get_se(ref_audio_path, tone_color_converter, vad=False)
  File "/home/ubuntu/OpenVoice/openvoice/se_extractor.py", line 150, in get_se
    raise NotImplementedError('No audio segments found!')
NotImplementedError: No audio segments found!
Traceback (most recent call last):
  File "/home/ubuntu/OpenVoice/job.py", line 334, in <module>
    clone_voice(f"./projects/{i}/{j}")
  File "/home/ubuntu/OpenVoice/job.py", line 201, in clone_voice
    return(convert_color(projectfolder))
  File "/home/ubuntu/OpenVoice/job.py", line 277, in convert_color
    target_se, audio_name = se_extractor.get_se(ref_audio_path, tone_color_converter, vad=False)
  File "/home/ubuntu/OpenVoice/openvoice/se_extractor.py", line 150, in get_se
    raise NotImplementedError('No audio segments found!')
NotImplementedError: No audio segments found!
Traceback (most recent call last):
  File "/home/ubuntu/OpenVoice/job.py", line 334, in <module>
    clone_voice(f"./projects/{i}/{j}")
  File "/home/ubuntu/OpenVoice/job.py", line 201, in clone_voice
    return(convert_color(projectfolder))
  File "/home/ubuntu/OpenVoice/job.py", line 277, in convert_color
    target_se, audio_name = se_extractor.get_se(ref_audio_path, tone_color_converter, vad=False)
  File "/home/ubuntu/OpenVoice/openvoice/se_extractor.py", line 150, in get_se
    raise NotImplementedError('No audio segments found!')
NotImplementedError: No audio segments found!
Traceback (most recent call last):
  File "/home/ubuntu/OpenVoice/job.py", line 334, in <module>
    clone_voice(f"./projects/{i}/{j}")
  File "/home/ubuntu/OpenVoice/job.py", line 201, in clone_voice
    return(convert_color(projectfolder))
  File "/home/ubuntu/OpenVoice/job.py", line 277, in convert_color
    target_se, audio_name = se_extractor.get_se(ref_audio_path, tone_color_converter, vad=False)
  File "/home/ubuntu/OpenVoice/openvoice/se_extractor.py", line 146, in get_se
    wavs_folder = split_audio_whisper(audio_path, target_dir=target_dir, audio_name=audio_name)
  File "/home/ubuntu/OpenVoice/openvoice/se_extractor.py", line 29, in split_audio_whisper
    segments = list(segments)
  File "/home/ubuntu/miniconda3/envs/openvoice/lib/python3.9/site-packages/faster_whisper/transcribe.py", line 433, in generate_segments
    ) = self.generate_with_fallback(encoder_output, prompt, tokenizer, options)
  File "/home/ubuntu/miniconda3/envs/openvoice/lib/python3.9/site-packages/faster_whisper/transcribe.py", line 641, in generate_with_fallback
    result = self.model.generate(
RuntimeError: CUDA failed with error out of memory
Traceback (most recent call last):
  File "/home/ubuntu/OpenVoice/job.py", line 334, in <module>
    clone_voice(f"./projects/{i}/{j}")
  File "/home/ubuntu/OpenVoice/job.py", line 201, in clone_voice
    return(convert_color(projectfolder))
  File "/home/ubuntu/OpenVoice/job.py", line 277, in convert_color
    target_se, audio_name = se_extractor.get_se(ref_audio_path, tone_color_converter, vad=False)
  File "/home/ubuntu/OpenVoice/openvoice/se_extractor.py", line 146, in get_se
    wavs_folder = split_audio_whisper(audio_path, target_dir=target_dir, audio_name=audio_name)
  File "/home/ubuntu/OpenVoice/openvoice/se_extractor.py", line 29, in split_audio_whisper
    segments = list(segments)
  File "/home/ubuntu/miniconda3/envs/openvoice/lib/python3.9/site-packages/faster_whisper/transcribe.py", line 433, in generate_segments
    ) = self.generate_with_fallback(encoder_output, prompt, tokenizer, options)
  File "/home/ubuntu/miniconda3/envs/openvoice/lib/python3.9/site-packages/faster_whisper/transcribe.py", line 641, in generate_with_fallback
    result = self.model.generate(
RuntimeError: CUDA failed with error out of memory
Traceback (most recent call last):
  File "/home/ubuntu/OpenVoice/job.py", line 334, in <module>
    clone_voice(f"./projects/{i}/{j}")
  File "/home/ubuntu/OpenVoice/job.py", line 201, in clone_voice
    return(convert_color(projectfolder))
  File "/home/ubuntu/OpenVoice/job.py", line 277, in convert_color
    target_se, audio_name = se_extractor.get_se(ref_audio_path, tone_color_converter, vad=False)
  File "/home/ubuntu/OpenVoice/openvoice/se_extractor.py", line 146, in get_se
    wavs_folder = split_audio_whisper(audio_path, target_dir=target_dir, audio_name=audio_name)
  File "/home/ubuntu/OpenVoice/openvoice/se_extractor.py", line 29, in split_audio_whisper
    segments = list(segments)
  File "/home/ubuntu/miniconda3/envs/openvoice/lib/python3.9/site-packages/faster_whisper/transcribe.py", line 433, in generate_segments
    ) = self.generate_with_fallback(encoder_output, prompt, tokenizer, options)
  File "/home/ubuntu/miniconda3/envs/openvoice/lib/python3.9/site-packages/faster_whisper/transcribe.py", line 641, in generate_with_fallback
    result = self.model.generate(
RuntimeError: CUDA failed with error out of memory
Traceback (most recent call last):
  File "/home/ubuntu/OpenVoice/job.py", line 334, in <module>
    clone_voice(f"./projects/{i}/{j}")
  File "/home/ubuntu/OpenVoice/job.py", line 201, in clone_voice
    return(convert_color(projectfolder))
  File "/home/ubuntu/OpenVoice/job.py", line 277, in convert_color
    target_se, audio_name = se_extractor.get_se(ref_audio_path, tone_color_converter, vad=False)
  File "/home/ubuntu/OpenVoice/openvoice/se_extractor.py", line 150, in get_se
    raise NotImplementedError('No audio segments found!')
NotImplementedError: No audio segments found!
Traceback (most recent call last):
  File "/home/ubuntu/OpenVoice/job.py", line 334, in <module>
    clone_voice(f"./projects/{i}/{j}")
  File "/home/ubuntu/OpenVoice/job.py", line 201, in clone_voice
    return(convert_color(projectfolder))
  File "/home/ubuntu/OpenVoice/job.py", line 277, in convert_color
    target_se, audio_name = se_extractor.get_se(ref_audio_path, tone_color_converter, vad=False)
  File "/home/ubuntu/OpenVoice/openvoice/se_extractor.py", line 150, in get_se
    raise NotImplementedError('No audio segments found!')
NotImplementedError: No audio segments found!
Traceback (most recent call last):
  File "/home/ubuntu/OpenVoice/job.py", line 279, in convert_color
    source_se = torch.load(f'checkpoints_v2/google_base_speakers/models/{voicecode}.pth', map_location=device)
  File "/home/ubuntu/miniconda3/envs/openvoice/lib/python3.9/site-packages/torch/serialization.py", line 997, in load
    with _open_file_like(f, 'rb') as opened_file:
  File "/home/ubuntu/miniconda3/envs/openvoice/lib/python3.9/site-packages/torch/serialization.py", line 444, in _open_file_like
    return _open_file(name_or_buffer, mode)
  File "/home/ubuntu/miniconda3/envs/openvoice/lib/python3.9/site-packages/torch/serialization.py", line 425, in __init__
    super().__init__(open(name, mode))
FileNotFoundError: [Errno 2] No such file or directory: 'checkpoints_v2/google_base_speakers/models/cmn-CN-Wavenet-C.pth'

During handling of the above exception, another exception occurred:

Traceback (most recent call last):
  File "/home/ubuntu/OpenVoice/job.py", line 288, in convert_color
    synthesis_input = texttospeech.SynthesisInput(text=texts_[voicecode[:2]])
KeyError: 'cm'

During handling of the above exception, another exception occurred:

Traceback (most recent call last):
  File "/home/ubuntu/OpenVoice/job.py", line 334, in <module>
    clone_voice(f"./projects/{i}/{j}")
  File "/home/ubuntu/OpenVoice/job.py", line 201, in clone_voice
    return(convert_color(projectfolder))
  File "/home/ubuntu/OpenVoice/job.py", line 296, in convert_color
    create_speech_azure(texts_[voicecode[:2]],f"checkpoints_v2/google_base_speakers/src/{voicecode}.mp3",voicecode)
KeyError: 'cm'
Traceback (most recent call last):
  File "/home/ubuntu/OpenVoice/job.py", line 334, in <module>
    clone_voice(f"./projects/{i}/{j}")
  File "/home/ubuntu/OpenVoice/job.py", line 201, in clone_voice
    return(convert_color(projectfolder))
  File "/home/ubuntu/OpenVoice/job.py", line 277, in convert_color
    target_se, audio_name = se_extractor.get_se(ref_audio_path, tone_color_converter, vad=False)
  File "/home/ubuntu/OpenVoice/openvoice/se_extractor.py", line 150, in get_se
    raise NotImplementedError('No audio segments found!')
NotImplementedError: No audio segments found!
Traceback (most recent call last):
  File "/home/ubuntu/OpenVoice/job.py", line 334, in <module>
    clone_voice(f"./projects/{i}/{j}")
  File "/home/ubuntu/OpenVoice/job.py", line 201, in clone_voice
    return(convert_color(projectfolder))
  File "/home/ubuntu/OpenVoice/job.py", line 277, in convert_color
    target_se, audio_name = se_extractor.get_se(ref_audio_path, tone_color_converter, vad=False)
  File "/home/ubuntu/OpenVoice/openvoice/se_extractor.py", line 150, in get_se
    raise NotImplementedError('No audio segments found!')
NotImplementedError: No audio segments found!
Traceback (most recent call last):
  File "/home/ubuntu/OpenVoice/job.py", line 334, in <module>
    clone_voice(f"./projects/{i}/{j}")
  File "/home/ubuntu/OpenVoice/job.py", line 201, in clone_voice
    return(convert_color(projectfolder))
  File "/home/ubuntu/OpenVoice/job.py", line 277, in convert_color
    target_se, audio_name = se_extractor.get_se(ref_audio_path, tone_color_converter, vad=False)
  File "/home/ubuntu/OpenVoice/openvoice/se_extractor.py", line 150, in get_se
    raise NotImplementedError('No audio segments found!')
NotImplementedError: No audio segments found!
Traceback (most recent call last):
  File "/home/ubuntu/OpenVoice/job.py", line 334, in <module>
    clone_voice(f"./projects/{i}/{j}")
  File "/home/ubuntu/OpenVoice/job.py", line 201, in clone_voice
    return(convert_color(projectfolder))
  File "/home/ubuntu/OpenVoice/job.py", line 277, in convert_color
    target_se, audio_name = se_extractor.get_se(ref_audio_path, tone_color_converter, vad=False)
  File "/home/ubuntu/OpenVoice/openvoice/se_extractor.py", line 146, in get_se
    wavs_folder = split_audio_whisper(audio_path, target_dir=target_dir, audio_name=audio_name)
  File "/home/ubuntu/OpenVoice/openvoice/se_extractor.py", line 29, in split_audio_whisper
    segments = list(segments)
  File "/home/ubuntu/miniconda3/envs/openvoice/lib/python3.9/site-packages/faster_whisper/transcribe.py", line 433, in generate_segments
    ) = self.generate_with_fallback(encoder_output, prompt, tokenizer, options)
  File "/home/ubuntu/miniconda3/envs/openvoice/lib/python3.9/site-packages/faster_whisper/transcribe.py", line 641, in generate_with_fallback
    result = self.model.generate(
RuntimeError: CUDA failed with error out of memory
Traceback (most recent call last):
  File "/home/ubuntu/OpenVoice/job.py", line 334, in <module>
    clone_voice(f"./projects/{i}/{j}")
  File "/home/ubuntu/OpenVoice/job.py", line 201, in clone_voice
    return(convert_color(projectfolder))
  File "/home/ubuntu/OpenVoice/job.py", line 277, in convert_color
    target_se, audio_name = se_extractor.get_se(ref_audio_path, tone_color_converter, vad=False)
  File "/home/ubuntu/OpenVoice/openvoice/se_extractor.py", line 150, in get_se
    raise NotImplementedError('No audio segments found!')
NotImplementedError: No audio segments found!
Traceback (most recent call last):
  File "/home/ubuntu/OpenVoice/job.py", line 334, in <module>
    clone_voice(f"./projects/{i}/{j}")
  File "/home/ubuntu/OpenVoice/job.py", line 201, in clone_voice
    return(convert_color(projectfolder))
  File "/home/ubuntu/OpenVoice/job.py", line 277, in convert_color
    target_se, audio_name = se_extractor.get_se(ref_audio_path, tone_color_converter, vad=False)
  File "/home/ubuntu/OpenVoice/openvoice/se_extractor.py", line 150, in get_se
    raise NotImplementedError('No audio segments found!')
NotImplementedError: No audio segments found!
Traceback (most recent call last):
  File "/home/ubuntu/OpenVoice/job.py", line 334, in <module>
    clone_voice(f"./projects/{i}/{j}")
  File "/home/ubuntu/OpenVoice/job.py", line 201, in clone_voice
    return(convert_color(projectfolder))
  File "/home/ubuntu/OpenVoice/job.py", line 277, in convert_color
    target_se, audio_name = se_extractor.get_se(ref_audio_path, tone_color_converter, vad=False)
  File "/home/ubuntu/OpenVoice/openvoice/se_extractor.py", line 150, in get_se
    raise NotImplementedError('No audio segments found!')
NotImplementedError: No audio segments found!
Traceback (most recent call last):
  File "/home/ubuntu/OpenVoice/job.py", line 334, in <module>
    clone_voice(f"./projects/{i}/{j}")
  File "/home/ubuntu/OpenVoice/job.py", line 201, in clone_voice
    return(convert_color(projectfolder))
  File "/home/ubuntu/OpenVoice/job.py", line 277, in convert_color
    target_se, audio_name = se_extractor.get_se(ref_audio_path, tone_color_converter, vad=False)
  File "/home/ubuntu/OpenVoice/openvoice/se_extractor.py", line 150, in get_se
    raise NotImplementedError('No audio segments found!')
NotImplementedError: No audio segments found!
Traceback (most recent call last):
  File "/home/ubuntu/OpenVoice/job.py", line 334, in <module>
    clone_voice(f"./projects/{i}/{j}")
  File "/home/ubuntu/OpenVoice/job.py", line 201, in clone_voice
    return(convert_color(projectfolder))
  File "/home/ubuntu/OpenVoice/job.py", line 277, in convert_color
    target_se, audio_name = se_extractor.get_se(ref_audio_path, tone_color_converter, vad=False)
  File "/home/ubuntu/OpenVoice/openvoice/se_extractor.py", line 146, in get_se
    wavs_folder = split_audio_whisper(audio_path, target_dir=target_dir, audio_name=audio_name)
  File "/home/ubuntu/OpenVoice/openvoice/se_extractor.py", line 29, in split_audio_whisper
    segments = list(segments)
  File "/home/ubuntu/miniconda3/envs/openvoice/lib/python3.9/site-packages/faster_whisper/transcribe.py", line 433, in generate_segments
    ) = self.generate_with_fallback(encoder_output, prompt, tokenizer, options)
  File "/home/ubuntu/miniconda3/envs/openvoice/lib/python3.9/site-packages/faster_whisper/transcribe.py", line 641, in generate_with_fallback
    result = self.model.generate(
RuntimeError: CUDA failed with error out of memory
Traceback (most recent call last):
  File "/home/ubuntu/OpenVoice/job.py", line 334, in <module>
    clone_voice(f"./projects/{i}/{j}")
  File "/home/ubuntu/OpenVoice/job.py", line 201, in clone_voice
    return(convert_color(projectfolder))
  File "/home/ubuntu/OpenVoice/job.py", line 277, in convert_color
    target_se, audio_name = se_extractor.get_se(ref_audio_path, tone_color_converter, vad=False)
  File "/home/ubuntu/OpenVoice/openvoice/se_extractor.py", line 150, in get_se
    raise NotImplementedError('No audio segments found!')
NotImplementedError: No audio segments found!
Traceback (most recent call last):
  File "/home/ubuntu/OpenVoice/job.py", line 279, in convert_color
    source_se = torch.load(f'checkpoints_v2/google_base_speakers/models/{voicecode}.pth', map_location=device)
  File "/home/ubuntu/miniconda3/envs/openvoice/lib/python3.9/site-packages/torch/serialization.py", line 997, in load
    with _open_file_like(f, 'rb') as opened_file:
  File "/home/ubuntu/miniconda3/envs/openvoice/lib/python3.9/site-packages/torch/serialization.py", line 444, in _open_file_like
    return _open_file(name_or_buffer, mode)
  File "/home/ubuntu/miniconda3/envs/openvoice/lib/python3.9/site-packages/torch/serialization.py", line 425, in __init__
    super().__init__(open(name, mode))
FileNotFoundError: [Errno 2] No such file or directory: 'checkpoints_v2/google_base_speakers/models/cmn-CN-Wavenet-C.pth'

During handling of the above exception, another exception occurred:

Traceback (most recent call last):
  File "/home/ubuntu/OpenVoice/job.py", line 288, in convert_color
    synthesis_input = texttospeech.SynthesisInput(text=texts_[voicecode[:2]])
KeyError: 'cm'

During handling of the above exception, another exception occurred:

Traceback (most recent call last):
  File "/home/ubuntu/OpenVoice/job.py", line 334, in <module>
    clone_voice(f"./projects/{i}/{j}")
  File "/home/ubuntu/OpenVoice/job.py", line 201, in clone_voice
    return(convert_color(projectfolder))
  File "/home/ubuntu/OpenVoice/job.py", line 296, in convert_color
    create_speech_azure(texts_[voicecode[:2]],f"checkpoints_v2/google_base_speakers/src/{voicecode}.mp3",voicecode)
KeyError: 'cm'
Traceback (most recent call last):
  File "/home/ubuntu/OpenVoice/job.py", line 334, in <module>
    clone_voice(f"./projects/{i}/{j}")
  File "/home/ubuntu/OpenVoice/job.py", line 201, in clone_voice
    return(convert_color(projectfolder))
  File "/home/ubuntu/OpenVoice/job.py", line 277, in convert_color
    target_se, audio_name = se_extractor.get_se(ref_audio_path, tone_color_converter, vad=False)
  File "/home/ubuntu/OpenVoice/openvoice/se_extractor.py", line 146, in get_se
    wavs_folder = split_audio_whisper(audio_path, target_dir=target_dir, audio_name=audio_name)
  File "/home/ubuntu/OpenVoice/openvoice/se_extractor.py", line 29, in split_audio_whisper
    segments = list(segments)
  File "/home/ubuntu/miniconda3/envs/openvoice/lib/python3.9/site-packages/faster_whisper/transcribe.py", line 433, in generate_segments
    ) = self.generate_with_fallback(encoder_output, prompt, tokenizer, options)
  File "/home/ubuntu/miniconda3/envs/openvoice/lib/python3.9/site-packages/faster_whisper/transcribe.py", line 641, in generate_with_fallback
    result = self.model.generate(
RuntimeError: CUDA failed with error out of memory
Traceback (most recent call last):
  File "/home/ubuntu/OpenVoice/job.py", line 334, in <module>
    clone_voice(f"./projects/{i}/{j}")
  File "/home/ubuntu/OpenVoice/job.py", line 201, in clone_voice
    return(convert_color(projectfolder))
  File "/home/ubuntu/OpenVoice/job.py", line 277, in convert_color
    target_se, audio_name = se_extractor.get_se(ref_audio_path, tone_color_converter, vad=False)
  File "/home/ubuntu/OpenVoice/openvoice/se_extractor.py", line 146, in get_se
    wavs_folder = split_audio_whisper(audio_path, target_dir=target_dir, audio_name=audio_name)
  File "/home/ubuntu/OpenVoice/openvoice/se_extractor.py", line 29, in split_audio_whisper
    segments = list(segments)
  File "/home/ubuntu/miniconda3/envs/openvoice/lib/python3.9/site-packages/faster_whisper/transcribe.py", line 433, in generate_segments
    ) = self.generate_with_fallback(encoder_output, prompt, tokenizer, options)
  File "/home/ubuntu/miniconda3/envs/openvoice/lib/python3.9/site-packages/faster_whisper/transcribe.py", line 641, in generate_with_fallback
    result = self.model.generate(
RuntimeError: CUDA failed with error out of memory
Traceback (most recent call last):
  File "/home/ubuntu/OpenVoice/job.py", line 334, in <module>
    clone_voice(f"./projects/{i}/{j}")
  File "/home/ubuntu/OpenVoice/job.py", line 201, in clone_voice
    return(convert_color(projectfolder))
  File "/home/ubuntu/OpenVoice/job.py", line 277, in convert_color
    target_se, audio_name = se_extractor.get_se(ref_audio_path, tone_color_converter, vad=False)
  File "/home/ubuntu/OpenVoice/openvoice/se_extractor.py", line 146, in get_se
    wavs_folder = split_audio_whisper(audio_path, target_dir=target_dir, audio_name=audio_name)
  File "/home/ubuntu/OpenVoice/openvoice/se_extractor.py", line 29, in split_audio_whisper
    segments = list(segments)
  File "/home/ubuntu/miniconda3/envs/openvoice/lib/python3.9/site-packages/faster_whisper/transcribe.py", line 433, in generate_segments
    ) = self.generate_with_fallback(encoder_output, prompt, tokenizer, options)
  File "/home/ubuntu/miniconda3/envs/openvoice/lib/python3.9/site-packages/faster_whisper/transcribe.py", line 641, in generate_with_fallback
    result = self.model.generate(
RuntimeError: CUDA failed with error out of memory
Traceback (most recent call last):
  File "/home/ubuntu/OpenVoice/job.py", line 334, in <module>
    clone_voice(f"./projects/{i}/{j}")
  File "/home/ubuntu/OpenVoice/job.py", line 201, in clone_voice
    return(convert_color(projectfolder))
  File "/home/ubuntu/OpenVoice/job.py", line 277, in convert_color
    target_se, audio_name = se_extractor.get_se(ref_audio_path, tone_color_converter, vad=False)
  File "/home/ubuntu/OpenVoice/openvoice/se_extractor.py", line 146, in get_se
    wavs_folder = split_audio_whisper(audio_path, target_dir=target_dir, audio_name=audio_name)
  File "/home/ubuntu/OpenVoice/openvoice/se_extractor.py", line 29, in split_audio_whisper
    segments = list(segments)
  File "/home/ubuntu/miniconda3/envs/openvoice/lib/python3.9/site-packages/faster_whisper/transcribe.py", line 433, in generate_segments
    ) = self.generate_with_fallback(encoder_output, prompt, tokenizer, options)
  File "/home/ubuntu/miniconda3/envs/openvoice/lib/python3.9/site-packages/faster_whisper/transcribe.py", line 641, in generate_with_fallback
    result = self.model.generate(
RuntimeError: CUDA failed with error out of memory
Traceback (most recent call last):
  File "/home/ubuntu/OpenVoice/job.py", line 334, in <module>
    clone_voice(f"./projects/{i}/{j}")
  File "/home/ubuntu/OpenVoice/job.py", line 201, in clone_voice
    return(convert_color(projectfolder))
  File "/home/ubuntu/OpenVoice/job.py", line 277, in convert_color
    target_se, audio_name = se_extractor.get_se(ref_audio_path, tone_color_converter, vad=False)
  File "/home/ubuntu/OpenVoice/openvoice/se_extractor.py", line 150, in get_se
    raise NotImplementedError('No audio segments found!')
NotImplementedError: No audio segments found!
Traceback (most recent call last):
  File "/home/ubuntu/OpenVoice/job.py", line 334, in <module>
    clone_voice(f"./projects/{i}/{j}")
  File "/home/ubuntu/OpenVoice/job.py", line 201, in clone_voice
    return(convert_color(projectfolder))
  File "/home/ubuntu/OpenVoice/job.py", line 277, in convert_color
    target_se, audio_name = se_extractor.get_se(ref_audio_path, tone_color_converter, vad=False)
  File "/home/ubuntu/OpenVoice/openvoice/se_extractor.py", line 150, in get_se
    raise NotImplementedError('No audio segments found!')
NotImplementedError: No audio segments found!
Traceback (most recent call last):
  File "/home/ubuntu/OpenVoice/job.py", line 334, in <module>
    clone_voice(f"./projects/{i}/{j}")
  File "/home/ubuntu/OpenVoice/job.py", line 201, in clone_voice
    return(convert_color(projectfolder))
  File "/home/ubuntu/OpenVoice/job.py", line 277, in convert_color
    target_se, audio_name = se_extractor.get_se(ref_audio_path, tone_color_converter, vad=False)
  File "/home/ubuntu/OpenVoice/openvoice/se_extractor.py", line 150, in get_se
    raise NotImplementedError('No audio segments found!')
NotImplementedError: No audio segments found!
Traceback (most recent call last):
  File "/home/ubuntu/miniconda3/envs/openvoice/lib/python3.9/site-packages/librosa/core/audio.py", line 155, in load
    context = sf.SoundFile(path)
  File "/home/ubuntu/miniconda3/envs/openvoice/lib/python3.9/site-packages/soundfile.py", line 658, in __init__
    self._file = self._open(file, mode_int, closefd)
  File "/home/ubuntu/miniconda3/envs/openvoice/lib/python3.9/site-packages/soundfile.py", line 1216, in _open
    raise LibsndfileError(err, prefix="Error opening {0!r}: ".format(self.name))
soundfile.LibsndfileError: Error opening './projects/9c09d0e8-dc4d-450c-8532-c486c690d6f3/0/0_clone_Instant#en-IN-RehaanNeural.mp3': File does not exist or is not a regular file (possibly a pipe?).

During handling of the above exception, another exception occurred:

Traceback (most recent call last):
  File "/home/ubuntu/OpenVoice/job.py", line 334, in <module>
    clone_voice(f"./projects/{i}/{j}")
  File "/home/ubuntu/OpenVoice/job.py", line 201, in clone_voice
    return(convert_color(projectfolder))
  File "/home/ubuntu/OpenVoice/job.py", line 314, in convert_color
    tone_color_converter.convert(
  File "/home/ubuntu/OpenVoice/openvoice/api.py", line 144, in convert
    audio, sample_rate = librosa.load(audio_src_path, sr=hps.data.sampling_rate)
  File "/home/ubuntu/miniconda3/envs/openvoice/lib/python3.9/site-packages/librosa/util/decorators.py", line 88, in inner_f
    return f(*args, **kwargs)
  File "/home/ubuntu/miniconda3/envs/openvoice/lib/python3.9/site-packages/librosa/core/audio.py", line 174, in load
    y, sr_native = __audioread_load(path, offset, duration, dtype)
  File "/home/ubuntu/miniconda3/envs/openvoice/lib/python3.9/site-packages/librosa/core/audio.py", line 198, in __audioread_load
    with audioread.audio_open(path) as input_file:
  File "/home/ubuntu/miniconda3/envs/openvoice/lib/python3.9/site-packages/audioread/__init__.py", line 127, in audio_open
    return BackendClass(path)
  File "/home/ubuntu/miniconda3/envs/openvoice/lib/python3.9/site-packages/audioread/rawread.py", line 62, in __init__
    self._file = aifc.open(self._fh)
  File "/home/ubuntu/miniconda3/envs/openvoice/lib/python3.9/aifc.py", line 917, in open
    return Aifc_read(f)
  File "/home/ubuntu/miniconda3/envs/openvoice/lib/python3.9/aifc.py", line 358, in __init__
    self.initfp(f)
  File "/home/ubuntu/miniconda3/envs/openvoice/lib/python3.9/aifc.py", line 314, in initfp
    chunk = Chunk(file)
  File "/home/ubuntu/miniconda3/envs/openvoice/lib/python3.9/chunk.py", line 63, in __init__
    raise EOFError
EOFError
Traceback (most recent call last):
  File "/home/ubuntu/OpenVoice/job.py", line 334, in <module>
    clone_voice(f"./projects/{i}/{j}")
  File "/home/ubuntu/OpenVoice/job.py", line 201, in clone_voice
    return(convert_color(projectfolder))
  File "/home/ubuntu/OpenVoice/job.py", line 277, in convert_color
    target_se, audio_name = se_extractor.get_se(ref_audio_path, tone_color_converter, vad=False)
  File "/home/ubuntu/OpenVoice/openvoice/se_extractor.py", line 150, in get_se
    raise NotImplementedError('No audio segments found!')
NotImplementedError: No audio segments found!
Traceback (most recent call last):
  File "/home/ubuntu/OpenVoice/job.py", line 334, in <module>
    clone_voice(f"./projects/{i}/{j}")
  File "/home/ubuntu/OpenVoice/job.py", line 201, in clone_voice
    return(convert_color(projectfolder))
  File "/home/ubuntu/OpenVoice/job.py", line 277, in convert_color
    target_se, audio_name = se_extractor.get_se(ref_audio_path, tone_color_converter, vad=False)
  File "/home/ubuntu/OpenVoice/openvoice/se_extractor.py", line 146, in get_se
    wavs_folder = split_audio_whisper(audio_path, target_dir=target_dir, audio_name=audio_name)
  File "/home/ubuntu/OpenVoice/openvoice/se_extractor.py", line 29, in split_audio_whisper
    segments = list(segments)
  File "/home/ubuntu/miniconda3/envs/openvoice/lib/python3.9/site-packages/faster_whisper/transcribe.py", line 433, in generate_segments
    ) = self.generate_with_fallback(encoder_output, prompt, tokenizer, options)
  File "/home/ubuntu/miniconda3/envs/openvoice/lib/python3.9/site-packages/faster_whisper/transcribe.py", line 641, in generate_with_fallback
    result = self.model.generate(
RuntimeError: CUDA failed with error out of memory
Traceback (most recent call last):
  File "/home/ubuntu/OpenVoice/job.py", line 334, in <module>
    clone_voice(f"./projects/{i}/{j}")
  File "/home/ubuntu/OpenVoice/job.py", line 201, in clone_voice
    return(convert_color(projectfolder))
  File "/home/ubuntu/OpenVoice/job.py", line 277, in convert_color
    target_se, audio_name = se_extractor.get_se(ref_audio_path, tone_color_converter, vad=False)
  File "/home/ubuntu/OpenVoice/openvoice/se_extractor.py", line 146, in get_se
    wavs_folder = split_audio_whisper(audio_path, target_dir=target_dir, audio_name=audio_name)
  File "/home/ubuntu/OpenVoice/openvoice/se_extractor.py", line 29, in split_audio_whisper
    segments = list(segments)
  File "/home/ubuntu/miniconda3/envs/openvoice/lib/python3.9/site-packages/faster_whisper/transcribe.py", line 433, in generate_segments
    ) = self.generate_with_fallback(encoder_output, prompt, tokenizer, options)
  File "/home/ubuntu/miniconda3/envs/openvoice/lib/python3.9/site-packages/faster_whisper/transcribe.py", line 641, in generate_with_fallback
    result = self.model.generate(
RuntimeError: CUDA failed with error out of memory
Traceback (most recent call last):
  File "/home/ubuntu/OpenVoice/job.py", line 334, in <module>
    clone_voice(f"./projects/{i}/{j}")
  File "/home/ubuntu/OpenVoice/job.py", line 201, in clone_voice
    return(convert_color(projectfolder))
  File "/home/ubuntu/OpenVoice/job.py", line 277, in convert_color
    target_se, audio_name = se_extractor.get_se(ref_audio_path, tone_color_converter, vad=False)
  File "/home/ubuntu/OpenVoice/openvoice/se_extractor.py", line 146, in get_se
    wavs_folder = split_audio_whisper(audio_path, target_dir=target_dir, audio_name=audio_name)
  File "/home/ubuntu/OpenVoice/openvoice/se_extractor.py", line 29, in split_audio_whisper
    segments = list(segments)
  File "/home/ubuntu/miniconda3/envs/openvoice/lib/python3.9/site-packages/faster_whisper/transcribe.py", line 433, in generate_segments
    ) = self.generate_with_fallback(encoder_output, prompt, tokenizer, options)
  File "/home/ubuntu/miniconda3/envs/openvoice/lib/python3.9/site-packages/faster_whisper/transcribe.py", line 641, in generate_with_fallback
    result = self.model.generate(
RuntimeError: CUDA failed with error out of memory
Traceback (most recent call last):
  File "/home/ubuntu/OpenVoice/job.py", line 334, in <module>
    clone_voice(f"./projects/{i}/{j}")
  File "/home/ubuntu/OpenVoice/job.py", line 201, in clone_voice
    return(convert_color(projectfolder))
  File "/home/ubuntu/OpenVoice/job.py", line 277, in convert_color
    target_se, audio_name = se_extractor.get_se(ref_audio_path, tone_color_converter, vad=False)
  File "/home/ubuntu/OpenVoice/openvoice/se_extractor.py", line 150, in get_se
    raise NotImplementedError('No audio segments found!')
NotImplementedError: No audio segments found!
Traceback (most recent call last):
  File "/home/ubuntu/OpenVoice/job.py", line 334, in <module>
    clone_voice(f"./projects/{i}/{j}")
  File "/home/ubuntu/OpenVoice/job.py", line 201, in clone_voice
    return(convert_color(projectfolder))
  File "/home/ubuntu/OpenVoice/job.py", line 277, in convert_color
    target_se, audio_name = se_extractor.get_se(ref_audio_path, tone_color_converter, vad=False)
  File "/home/ubuntu/OpenVoice/openvoice/se_extractor.py", line 146, in get_se
    wavs_folder = split_audio_whisper(audio_path, target_dir=target_dir, audio_name=audio_name)
  File "/home/ubuntu/OpenVoice/openvoice/se_extractor.py", line 29, in split_audio_whisper
    segments = list(segments)
  File "/home/ubuntu/miniconda3/envs/openvoice/lib/python3.9/site-packages/faster_whisper/transcribe.py", line 433, in generate_segments
    ) = self.generate_with_fallback(encoder_output, prompt, tokenizer, options)
  File "/home/ubuntu/miniconda3/envs/openvoice/lib/python3.9/site-packages/faster_whisper/transcribe.py", line 641, in generate_with_fallback
    result = self.model.generate(
RuntimeError: CUDA failed with error out of memory
Traceback (most recent call last):
  File "/home/ubuntu/OpenVoice/job.py", line 334, in <module>
    clone_voice(f"./projects/{i}/{j}")
  File "/home/ubuntu/OpenVoice/job.py", line 201, in clone_voice
    return(convert_color(projectfolder))
  File "/home/ubuntu/OpenVoice/job.py", line 277, in convert_color
    target_se, audio_name = se_extractor.get_se(ref_audio_path, tone_color_converter, vad=False)
  File "/home/ubuntu/OpenVoice/openvoice/se_extractor.py", line 150, in get_se
    raise NotImplementedError('No audio segments found!')
NotImplementedError: No audio segments found!
Traceback (most recent call last):
  File "/home/ubuntu/OpenVoice/job.py", line 334, in <module>
    clone_voice(f"./projects/{i}/{j}")
  File "/home/ubuntu/OpenVoice/job.py", line 201, in clone_voice
    return(convert_color(projectfolder))
  File "/home/ubuntu/OpenVoice/job.py", line 277, in convert_color
    target_se, audio_name = se_extractor.get_se(ref_audio_path, tone_color_converter, vad=False)
  File "/home/ubuntu/OpenVoice/openvoice/se_extractor.py", line 146, in get_se
    wavs_folder = split_audio_whisper(audio_path, target_dir=target_dir, audio_name=audio_name)
  File "/home/ubuntu/OpenVoice/openvoice/se_extractor.py", line 29, in split_audio_whisper
    segments = list(segments)
  File "/home/ubuntu/miniconda3/envs/openvoice/lib/python3.9/site-packages/faster_whisper/transcribe.py", line 433, in generate_segments
    ) = self.generate_with_fallback(encoder_output, prompt, tokenizer, options)
  File "/home/ubuntu/miniconda3/envs/openvoice/lib/python3.9/site-packages/faster_whisper/transcribe.py", line 641, in generate_with_fallback
    result = self.model.generate(
RuntimeError: CUDA failed with error out of memory
Traceback (most recent call last):
  File "/home/ubuntu/OpenVoice/job.py", line 334, in <module>
    clone_voice(f"./projects/{i}/{j}")
  File "/home/ubuntu/OpenVoice/job.py", line 201, in clone_voice
    return(convert_color(projectfolder))
  File "/home/ubuntu/OpenVoice/job.py", line 277, in convert_color
    target_se, audio_name = se_extractor.get_se(ref_audio_path, tone_color_converter, vad=False)
  File "/home/ubuntu/OpenVoice/openvoice/se_extractor.py", line 146, in get_se
    wavs_folder = split_audio_whisper(audio_path, target_dir=target_dir, audio_name=audio_name)
  File "/home/ubuntu/OpenVoice/openvoice/se_extractor.py", line 29, in split_audio_whisper
    segments = list(segments)
  File "/home/ubuntu/miniconda3/envs/openvoice/lib/python3.9/site-packages/faster_whisper/transcribe.py", line 433, in generate_segments
    ) = self.generate_with_fallback(encoder_output, prompt, tokenizer, options)
  File "/home/ubuntu/miniconda3/envs/openvoice/lib/python3.9/site-packages/faster_whisper/transcribe.py", line 641, in generate_with_fallback
    result = self.model.generate(
RuntimeError: CUDA failed with error out of memory
Traceback (most recent call last):
  File "/home/ubuntu/OpenVoice/job.py", line 334, in <module>
    clone_voice(f"./projects/{i}/{j}")
  File "/home/ubuntu/OpenVoice/job.py", line 201, in clone_voice
    return(convert_color(projectfolder))
  File "/home/ubuntu/OpenVoice/job.py", line 277, in convert_color
    target_se, audio_name = se_extractor.get_se(ref_audio_path, tone_color_converter, vad=False)
  File "/home/ubuntu/OpenVoice/openvoice/se_extractor.py", line 146, in get_se
    wavs_folder = split_audio_whisper(audio_path, target_dir=target_dir, audio_name=audio_name)
  File "/home/ubuntu/OpenVoice/openvoice/se_extractor.py", line 29, in split_audio_whisper
    segments = list(segments)
  File "/home/ubuntu/miniconda3/envs/openvoice/lib/python3.9/site-packages/faster_whisper/transcribe.py", line 433, in generate_segments
    ) = self.generate_with_fallback(encoder_output, prompt, tokenizer, options)
  File "/home/ubuntu/miniconda3/envs/openvoice/lib/python3.9/site-packages/faster_whisper/transcribe.py", line 641, in generate_with_fallback
    result = self.model.generate(
RuntimeError: CUDA failed with error out of memory
Traceback (most recent call last):
  File "/home/ubuntu/OpenVoice/job.py", line 334, in <module>
    clone_voice(f"./projects/{i}/{j}")
  File "/home/ubuntu/OpenVoice/job.py", line 201, in clone_voice
    return(convert_color(projectfolder))
  File "/home/ubuntu/OpenVoice/job.py", line 277, in convert_color
    target_se, audio_name = se_extractor.get_se(ref_audio_path, tone_color_converter, vad=False)
  File "/home/ubuntu/OpenVoice/openvoice/se_extractor.py", line 146, in get_se
    wavs_folder = split_audio_whisper(audio_path, target_dir=target_dir, audio_name=audio_name)
  File "/home/ubuntu/OpenVoice/openvoice/se_extractor.py", line 29, in split_audio_whisper
    segments = list(segments)
  File "/home/ubuntu/miniconda3/envs/openvoice/lib/python3.9/site-packages/faster_whisper/transcribe.py", line 433, in generate_segments
    ) = self.generate_with_fallback(encoder_output, prompt, tokenizer, options)
  File "/home/ubuntu/miniconda3/envs/openvoice/lib/python3.9/site-packages/faster_whisper/transcribe.py", line 641, in generate_with_fallback
    result = self.model.generate(
RuntimeError: CUDA failed with error out of memory
Traceback (most recent call last):
  File "/home/ubuntu/OpenVoice/job.py", line 334, in <module>
    clone_voice(f"./projects/{i}/{j}")
  File "/home/ubuntu/OpenVoice/job.py", line 201, in clone_voice
    return(convert_color(projectfolder))
  File "/home/ubuntu/OpenVoice/job.py", line 277, in convert_color
    target_se, audio_name = se_extractor.get_se(ref_audio_path, tone_color_converter, vad=False)
  File "/home/ubuntu/OpenVoice/openvoice/se_extractor.py", line 146, in get_se
    wavs_folder = split_audio_whisper(audio_path, target_dir=target_dir, audio_name=audio_name)
  File "/home/ubuntu/OpenVoice/openvoice/se_extractor.py", line 29, in split_audio_whisper
    segments = list(segments)
  File "/home/ubuntu/miniconda3/envs/openvoice/lib/python3.9/site-packages/faster_whisper/transcribe.py", line 433, in generate_segments
    ) = self.generate_with_fallback(encoder_output, prompt, tokenizer, options)
  File "/home/ubuntu/miniconda3/envs/openvoice/lib/python3.9/site-packages/faster_whisper/transcribe.py", line 641, in generate_with_fallback
    result = self.model.generate(
RuntimeError: CUDA failed with error out of memory
Traceback (most recent call last):
  File "/home/ubuntu/OpenVoice/job.py", line 334, in <module>
    clone_voice(f"./projects/{i}/{j}")
  File "/home/ubuntu/OpenVoice/job.py", line 201, in clone_voice
    return(convert_color(projectfolder))
  File "/home/ubuntu/OpenVoice/job.py", line 277, in convert_color
    target_se, audio_name = se_extractor.get_se(ref_audio_path, tone_color_converter, vad=False)
  File "/home/ubuntu/OpenVoice/openvoice/se_extractor.py", line 146, in get_se
    wavs_folder = split_audio_whisper(audio_path, target_dir=target_dir, audio_name=audio_name)
  File "/home/ubuntu/OpenVoice/openvoice/se_extractor.py", line 29, in split_audio_whisper
    segments = list(segments)
  File "/home/ubuntu/miniconda3/envs/openvoice/lib/python3.9/site-packages/faster_whisper/transcribe.py", line 433, in generate_segments
    ) = self.generate_with_fallback(encoder_output, prompt, tokenizer, options)
  File "/home/ubuntu/miniconda3/envs/openvoice/lib/python3.9/site-packages/faster_whisper/transcribe.py", line 641, in generate_with_fallback
    result = self.model.generate(
RuntimeError: CUDA failed with error out of memory
Traceback (most recent call last):
  File "/home/ubuntu/OpenVoice/job.py", line 334, in <module>
    clone_voice(f"./projects/{i}/{j}")
  File "/home/ubuntu/OpenVoice/job.py", line 201, in clone_voice
    return(convert_color(projectfolder))
  File "/home/ubuntu/OpenVoice/job.py", line 277, in convert_color
    target_se, audio_name = se_extractor.get_se(ref_audio_path, tone_color_converter, vad=False)
  File "/home/ubuntu/OpenVoice/openvoice/se_extractor.py", line 146, in get_se
    wavs_folder = split_audio_whisper(audio_path, target_dir=target_dir, audio_name=audio_name)
  File "/home/ubuntu/OpenVoice/openvoice/se_extractor.py", line 29, in split_audio_whisper
    segments = list(segments)
  File "/home/ubuntu/miniconda3/envs/openvoice/lib/python3.9/site-packages/faster_whisper/transcribe.py", line 433, in generate_segments
    ) = self.generate_with_fallback(encoder_output, prompt, tokenizer, options)
  File "/home/ubuntu/miniconda3/envs/openvoice/lib/python3.9/site-packages/faster_whisper/transcribe.py", line 641, in generate_with_fallback
    result = self.model.generate(
RuntimeError: CUDA failed with error out of memory
Traceback (most recent call last):
  File "/home/ubuntu/OpenVoice/job.py", line 334, in <module>
    clone_voice(f"./projects/{i}/{j}")
  File "/home/ubuntu/OpenVoice/job.py", line 201, in clone_voice
    return(convert_color(projectfolder))
  File "/home/ubuntu/OpenVoice/job.py", line 277, in convert_color
    target_se, audio_name = se_extractor.get_se(ref_audio_path, tone_color_converter, vad=False)
  File "/home/ubuntu/OpenVoice/openvoice/se_extractor.py", line 146, in get_se
    wavs_folder = split_audio_whisper(audio_path, target_dir=target_dir, audio_name=audio_name)
  File "/home/ubuntu/OpenVoice/openvoice/se_extractor.py", line 29, in split_audio_whisper
    segments = list(segments)
  File "/home/ubuntu/miniconda3/envs/openvoice/lib/python3.9/site-packages/faster_whisper/transcribe.py", line 433, in generate_segments
    ) = self.generate_with_fallback(encoder_output, prompt, tokenizer, options)
  File "/home/ubuntu/miniconda3/envs/openvoice/lib/python3.9/site-packages/faster_whisper/transcribe.py", line 641, in generate_with_fallback
    result = self.model.generate(
RuntimeError: CUDA failed with error out of memory
Traceback (most recent call last):
  File "/home/ubuntu/OpenVoice/job.py", line 334, in <module>
    clone_voice(f"./projects/{i}/{j}")
  File "/home/ubuntu/OpenVoice/job.py", line 201, in clone_voice
    return(convert_color(projectfolder))
  File "/home/ubuntu/OpenVoice/job.py", line 277, in convert_color
    target_se, audio_name = se_extractor.get_se(ref_audio_path, tone_color_converter, vad=False)
  File "/home/ubuntu/OpenVoice/openvoice/se_extractor.py", line 146, in get_se
    wavs_folder = split_audio_whisper(audio_path, target_dir=target_dir, audio_name=audio_name)
  File "/home/ubuntu/OpenVoice/openvoice/se_extractor.py", line 29, in split_audio_whisper
    segments = list(segments)
  File "/home/ubuntu/miniconda3/envs/openvoice/lib/python3.9/site-packages/faster_whisper/transcribe.py", line 433, in generate_segments
    ) = self.generate_with_fallback(encoder_output, prompt, tokenizer, options)
  File "/home/ubuntu/miniconda3/envs/openvoice/lib/python3.9/site-packages/faster_whisper/transcribe.py", line 641, in generate_with_fallback
    result = self.model.generate(
RuntimeError: CUDA failed with error out of memory
Traceback (most recent call last):
  File "/home/ubuntu/OpenVoice/job.py", line 334, in <module>
    clone_voice(f"./projects/{i}/{j}")
  File "/home/ubuntu/OpenVoice/job.py", line 201, in clone_voice
    return(convert_color(projectfolder))
  File "/home/ubuntu/OpenVoice/job.py", line 277, in convert_color
    target_se, audio_name = se_extractor.get_se(ref_audio_path, tone_color_converter, vad=False)
  File "/home/ubuntu/OpenVoice/openvoice/se_extractor.py", line 146, in get_se
    wavs_folder = split_audio_whisper(audio_path, target_dir=target_dir, audio_name=audio_name)
  File "/home/ubuntu/OpenVoice/openvoice/se_extractor.py", line 29, in split_audio_whisper
    segments = list(segments)
  File "/home/ubuntu/miniconda3/envs/openvoice/lib/python3.9/site-packages/faster_whisper/transcribe.py", line 433, in generate_segments
    ) = self.generate_with_fallback(encoder_output, prompt, tokenizer, options)
  File "/home/ubuntu/miniconda3/envs/openvoice/lib/python3.9/site-packages/faster_whisper/transcribe.py", line 641, in generate_with_fallback
    result = self.model.generate(
RuntimeError: CUDA failed with error out of memory
Traceback (most recent call last):
  File "/home/ubuntu/OpenVoice/job.py", line 334, in <module>
    clone_voice(f"./projects/{i}/{j}")
  File "/home/ubuntu/OpenVoice/job.py", line 201, in clone_voice
    return(convert_color(projectfolder))
  File "/home/ubuntu/OpenVoice/job.py", line 277, in convert_color
    target_se, audio_name = se_extractor.get_se(ref_audio_path, tone_color_converter, vad=False)
  File "/home/ubuntu/OpenVoice/openvoice/se_extractor.py", line 146, in get_se
    wavs_folder = split_audio_whisper(audio_path, target_dir=target_dir, audio_name=audio_name)
  File "/home/ubuntu/OpenVoice/openvoice/se_extractor.py", line 29, in split_audio_whisper
    segments = list(segments)
  File "/home/ubuntu/miniconda3/envs/openvoice/lib/python3.9/site-packages/faster_whisper/transcribe.py", line 433, in generate_segments
    ) = self.generate_with_fallback(encoder_output, prompt, tokenizer, options)
  File "/home/ubuntu/miniconda3/envs/openvoice/lib/python3.9/site-packages/faster_whisper/transcribe.py", line 641, in generate_with_fallback
    result = self.model.generate(
RuntimeError: CUDA failed with error out of memory
Traceback (most recent call last):
  File "/home/ubuntu/OpenVoice/job.py", line 334, in <module>
    clone_voice(f"./projects/{i}/{j}")
  File "/home/ubuntu/OpenVoice/job.py", line 201, in clone_voice
    return(convert_color(projectfolder))
  File "/home/ubuntu/OpenVoice/job.py", line 277, in convert_color
    target_se, audio_name = se_extractor.get_se(ref_audio_path, tone_color_converter, vad=False)
  File "/home/ubuntu/OpenVoice/openvoice/se_extractor.py", line 150, in get_se
    raise NotImplementedError('No audio segments found!')
NotImplementedError: No audio segments found!
Traceback (most recent call last):
  File "/home/ubuntu/miniconda3/envs/openvoice/lib/python3.9/site-packages/librosa/core/audio.py", line 155, in load
    context = sf.SoundFile(path)
  File "/home/ubuntu/miniconda3/envs/openvoice/lib/python3.9/site-packages/soundfile.py", line 658, in __init__
    self._file = self._open(file, mode_int, closefd)
  File "/home/ubuntu/miniconda3/envs/openvoice/lib/python3.9/site-packages/soundfile.py", line 1216, in _open
    raise LibsndfileError(err, prefix="Error opening {0!r}: ".format(self.name))
soundfile.LibsndfileError: Error opening './projects/9e6d0bf4-d928-4e03-9933-0c227de9d395/1/1_clone_Instant#hi-IN-KunalNeural.mp3': File does not exist or is not a regular file (possibly a pipe?).

During handling of the above exception, another exception occurred:

Traceback (most recent call last):
  File "/home/ubuntu/OpenVoice/job.py", line 334, in <module>
    clone_voice(f"./projects/{i}/{j}")
  File "/home/ubuntu/OpenVoice/job.py", line 201, in clone_voice
    return(convert_color(projectfolder))
  File "/home/ubuntu/OpenVoice/job.py", line 314, in convert_color
    tone_color_converter.convert(
  File "/home/ubuntu/OpenVoice/openvoice/api.py", line 144, in convert
    audio, sample_rate = librosa.load(audio_src_path, sr=hps.data.sampling_rate)
  File "/home/ubuntu/miniconda3/envs/openvoice/lib/python3.9/site-packages/librosa/util/decorators.py", line 88, in inner_f
    return f(*args, **kwargs)
  File "/home/ubuntu/miniconda3/envs/openvoice/lib/python3.9/site-packages/librosa/core/audio.py", line 174, in load
    y, sr_native = __audioread_load(path, offset, duration, dtype)
  File "/home/ubuntu/miniconda3/envs/openvoice/lib/python3.9/site-packages/librosa/core/audio.py", line 198, in __audioread_load
    with audioread.audio_open(path) as input_file:
  File "/home/ubuntu/miniconda3/envs/openvoice/lib/python3.9/site-packages/audioread/__init__.py", line 127, in audio_open
    return BackendClass(path)
  File "/home/ubuntu/miniconda3/envs/openvoice/lib/python3.9/site-packages/audioread/rawread.py", line 62, in __init__
    self._file = aifc.open(self._fh)
  File "/home/ubuntu/miniconda3/envs/openvoice/lib/python3.9/aifc.py", line 917, in open
    return Aifc_read(f)
  File "/home/ubuntu/miniconda3/envs/openvoice/lib/python3.9/aifc.py", line 358, in __init__
    self.initfp(f)
  File "/home/ubuntu/miniconda3/envs/openvoice/lib/python3.9/aifc.py", line 314, in initfp
    chunk = Chunk(file)
  File "/home/ubuntu/miniconda3/envs/openvoice/lib/python3.9/chunk.py", line 63, in __init__
    raise EOFError
EOFError
Traceback (most recent call last):
  File "/home/ubuntu/OpenVoice/job.py", line 334, in <module>
    clone_voice(f"./projects/{i}/{j}")
  File "/home/ubuntu/OpenVoice/job.py", line 201, in clone_voice
    return(convert_color(projectfolder))
  File "/home/ubuntu/OpenVoice/job.py", line 277, in convert_color
    target_se, audio_name = se_extractor.get_se(ref_audio_path, tone_color_converter, vad=False)
  File "/home/ubuntu/OpenVoice/openvoice/se_extractor.py", line 146, in get_se
    wavs_folder = split_audio_whisper(audio_path, target_dir=target_dir, audio_name=audio_name)
  File "/home/ubuntu/OpenVoice/openvoice/se_extractor.py", line 29, in split_audio_whisper
    segments = list(segments)
  File "/home/ubuntu/miniconda3/envs/openvoice/lib/python3.9/site-packages/faster_whisper/transcribe.py", line 433, in generate_segments
    ) = self.generate_with_fallback(encoder_output, prompt, tokenizer, options)
  File "/home/ubuntu/miniconda3/envs/openvoice/lib/python3.9/site-packages/faster_whisper/transcribe.py", line 641, in generate_with_fallback
    result = self.model.generate(
RuntimeError: CUDA failed with error out of memory
Traceback (most recent call last):
  File "/home/ubuntu/OpenVoice/job.py", line 334, in <module>
    clone_voice(f"./projects/{i}/{j}")
  File "/home/ubuntu/OpenVoice/job.py", line 201, in clone_voice
    return(convert_color(projectfolder))
  File "/home/ubuntu/OpenVoice/job.py", line 277, in convert_color
    target_se, audio_name = se_extractor.get_se(ref_audio_path, tone_color_converter, vad=False)
  File "/home/ubuntu/OpenVoice/openvoice/se_extractor.py", line 146, in get_se
    wavs_folder = split_audio_whisper(audio_path, target_dir=target_dir, audio_name=audio_name)
  File "/home/ubuntu/OpenVoice/openvoice/se_extractor.py", line 29, in split_audio_whisper
    segments = list(segments)
  File "/home/ubuntu/miniconda3/envs/openvoice/lib/python3.9/site-packages/faster_whisper/transcribe.py", line 433, in generate_segments
    ) = self.generate_with_fallback(encoder_output, prompt, tokenizer, options)
  File "/home/ubuntu/miniconda3/envs/openvoice/lib/python3.9/site-packages/faster_whisper/transcribe.py", line 641, in generate_with_fallback
    result = self.model.generate(
RuntimeError: CUDA failed with error out of memory
Traceback (most recent call last):
  File "/home/ubuntu/OpenVoice/job.py", line 334, in <module>
    clone_voice(f"./projects/{i}/{j}")
  File "/home/ubuntu/OpenVoice/job.py", line 201, in clone_voice
    return(convert_color(projectfolder))
  File "/home/ubuntu/OpenVoice/job.py", line 277, in convert_color
    target_se, audio_name = se_extractor.get_se(ref_audio_path, tone_color_converter, vad=False)
  File "/home/ubuntu/OpenVoice/openvoice/se_extractor.py", line 146, in get_se
    wavs_folder = split_audio_whisper(audio_path, target_dir=target_dir, audio_name=audio_name)
  File "/home/ubuntu/OpenVoice/openvoice/se_extractor.py", line 29, in split_audio_whisper
    segments = list(segments)
  File "/home/ubuntu/miniconda3/envs/openvoice/lib/python3.9/site-packages/faster_whisper/transcribe.py", line 433, in generate_segments
    ) = self.generate_with_fallback(encoder_output, prompt, tokenizer, options)
  File "/home/ubuntu/miniconda3/envs/openvoice/lib/python3.9/site-packages/faster_whisper/transcribe.py", line 641, in generate_with_fallback
    result = self.model.generate(
RuntimeError: CUDA failed with error out of memory
Traceback (most recent call last):
  File "/home/ubuntu/OpenVoice/job.py", line 334, in <module>
    clone_voice(f"./projects/{i}/{j}")
  File "/home/ubuntu/OpenVoice/job.py", line 201, in clone_voice
    return(convert_color(projectfolder))
  File "/home/ubuntu/OpenVoice/job.py", line 277, in convert_color
    target_se, audio_name = se_extractor.get_se(ref_audio_path, tone_color_converter, vad=False)
  File "/home/ubuntu/OpenVoice/openvoice/se_extractor.py", line 146, in get_se
    wavs_folder = split_audio_whisper(audio_path, target_dir=target_dir, audio_name=audio_name)
  File "/home/ubuntu/OpenVoice/openvoice/se_extractor.py", line 29, in split_audio_whisper
    segments = list(segments)
  File "/home/ubuntu/miniconda3/envs/openvoice/lib/python3.9/site-packages/faster_whisper/transcribe.py", line 433, in generate_segments
    ) = self.generate_with_fallback(encoder_output, prompt, tokenizer, options)
  File "/home/ubuntu/miniconda3/envs/openvoice/lib/python3.9/site-packages/faster_whisper/transcribe.py", line 641, in generate_with_fallback
    result = self.model.generate(
RuntimeError: CUDA failed with error out of memory
Traceback (most recent call last):
  File "/home/ubuntu/OpenVoice/job.py", line 334, in <module>
    clone_voice(f"./projects/{i}/{j}")
  File "/home/ubuntu/OpenVoice/job.py", line 201, in clone_voice
    return(convert_color(projectfolder))
  File "/home/ubuntu/OpenVoice/job.py", line 277, in convert_color
    target_se, audio_name = se_extractor.get_se(ref_audio_path, tone_color_converter, vad=False)
  File "/home/ubuntu/OpenVoice/openvoice/se_extractor.py", line 146, in get_se
    wavs_folder = split_audio_whisper(audio_path, target_dir=target_dir, audio_name=audio_name)
  File "/home/ubuntu/OpenVoice/openvoice/se_extractor.py", line 29, in split_audio_whisper
    segments = list(segments)
  File "/home/ubuntu/miniconda3/envs/openvoice/lib/python3.9/site-packages/faster_whisper/transcribe.py", line 433, in generate_segments
    ) = self.generate_with_fallback(encoder_output, prompt, tokenizer, options)
  File "/home/ubuntu/miniconda3/envs/openvoice/lib/python3.9/site-packages/faster_whisper/transcribe.py", line 641, in generate_with_fallback
    result = self.model.generate(
RuntimeError: CUDA failed with error out of memory
Traceback (most recent call last):
  File "/home/ubuntu/OpenVoice/job.py", line 334, in <module>
    clone_voice(f"./projects/{i}/{j}")
  File "/home/ubuntu/OpenVoice/job.py", line 201, in clone_voice
    return(convert_color(projectfolder))
  File "/home/ubuntu/OpenVoice/job.py", line 277, in convert_color
    target_se, audio_name = se_extractor.get_se(ref_audio_path, tone_color_converter, vad=False)
  File "/home/ubuntu/OpenVoice/openvoice/se_extractor.py", line 146, in get_se
    wavs_folder = split_audio_whisper(audio_path, target_dir=target_dir, audio_name=audio_name)
  File "/home/ubuntu/OpenVoice/openvoice/se_extractor.py", line 29, in split_audio_whisper
    segments = list(segments)
  File "/home/ubuntu/miniconda3/envs/openvoice/lib/python3.9/site-packages/faster_whisper/transcribe.py", line 433, in generate_segments
    ) = self.generate_with_fallback(encoder_output, prompt, tokenizer, options)
  File "/home/ubuntu/miniconda3/envs/openvoice/lib/python3.9/site-packages/faster_whisper/transcribe.py", line 641, in generate_with_fallback
    result = self.model.generate(
RuntimeError: CUDA failed with error out of memory
Traceback (most recent call last):
  File "/home/ubuntu/OpenVoice/job.py", line 334, in <module>
    clone_voice(f"./projects/{i}/{j}")
  File "/home/ubuntu/OpenVoice/job.py", line 201, in clone_voice
    return(convert_color(projectfolder))
  File "/home/ubuntu/OpenVoice/job.py", line 277, in convert_color
    target_se, audio_name = se_extractor.get_se(ref_audio_path, tone_color_converter, vad=False)
  File "/home/ubuntu/OpenVoice/openvoice/se_extractor.py", line 146, in get_se
    wavs_folder = split_audio_whisper(audio_path, target_dir=target_dir, audio_name=audio_name)
  File "/home/ubuntu/OpenVoice/openvoice/se_extractor.py", line 29, in split_audio_whisper
    segments = list(segments)
  File "/home/ubuntu/miniconda3/envs/openvoice/lib/python3.9/site-packages/faster_whisper/transcribe.py", line 433, in generate_segments
    ) = self.generate_with_fallback(encoder_output, prompt, tokenizer, options)
  File "/home/ubuntu/miniconda3/envs/openvoice/lib/python3.9/site-packages/faster_whisper/transcribe.py", line 641, in generate_with_fallback
    result = self.model.generate(
RuntimeError: CUDA failed with error out of memory
Traceback (most recent call last):
  File "/home/ubuntu/OpenVoice/job.py", line 334, in <module>
    clone_voice(f"./projects/{i}/{j}")
  File "/home/ubuntu/OpenVoice/job.py", line 201, in clone_voice
    return(convert_color(projectfolder))
  File "/home/ubuntu/OpenVoice/job.py", line 277, in convert_color
    target_se, audio_name = se_extractor.get_se(ref_audio_path, tone_color_converter, vad=False)
  File "/home/ubuntu/OpenVoice/openvoice/se_extractor.py", line 146, in get_se
    wavs_folder = split_audio_whisper(audio_path, target_dir=target_dir, audio_name=audio_name)
  File "/home/ubuntu/OpenVoice/openvoice/se_extractor.py", line 29, in split_audio_whisper
    segments = list(segments)
  File "/home/ubuntu/miniconda3/envs/openvoice/lib/python3.9/site-packages/faster_whisper/transcribe.py", line 433, in generate_segments
    ) = self.generate_with_fallback(encoder_output, prompt, tokenizer, options)
  File "/home/ubuntu/miniconda3/envs/openvoice/lib/python3.9/site-packages/faster_whisper/transcribe.py", line 641, in generate_with_fallback
    result = self.model.generate(
RuntimeError: CUDA failed with error out of memory
Traceback (most recent call last):
  File "/home/ubuntu/OpenVoice/job.py", line 334, in <module>
    clone_voice(f"./projects/{i}/{j}")
  File "/home/ubuntu/OpenVoice/job.py", line 201, in clone_voice
    return(convert_color(projectfolder))
  File "/home/ubuntu/OpenVoice/job.py", line 277, in convert_color
    target_se, audio_name = se_extractor.get_se(ref_audio_path, tone_color_converter, vad=False)
  File "/home/ubuntu/OpenVoice/openvoice/se_extractor.py", line 146, in get_se
    wavs_folder = split_audio_whisper(audio_path, target_dir=target_dir, audio_name=audio_name)
  File "/home/ubuntu/OpenVoice/openvoice/se_extractor.py", line 29, in split_audio_whisper
    segments = list(segments)
  File "/home/ubuntu/miniconda3/envs/openvoice/lib/python3.9/site-packages/faster_whisper/transcribe.py", line 433, in generate_segments
    ) = self.generate_with_fallback(encoder_output, prompt, tokenizer, options)
  File "/home/ubuntu/miniconda3/envs/openvoice/lib/python3.9/site-packages/faster_whisper/transcribe.py", line 641, in generate_with_fallback
    result = self.model.generate(
RuntimeError: CUDA failed with error out of memory
Traceback (most recent call last):
  File "/home/ubuntu/OpenVoice/job.py", line 334, in <module>
    clone_voice(f"./projects/{i}/{j}")
  File "/home/ubuntu/OpenVoice/job.py", line 201, in clone_voice
    return(convert_color(projectfolder))
  File "/home/ubuntu/OpenVoice/job.py", line 277, in convert_color
    target_se, audio_name = se_extractor.get_se(ref_audio_path, tone_color_converter, vad=False)
  File "/home/ubuntu/OpenVoice/openvoice/se_extractor.py", line 146, in get_se
    wavs_folder = split_audio_whisper(audio_path, target_dir=target_dir, audio_name=audio_name)
  File "/home/ubuntu/OpenVoice/openvoice/se_extractor.py", line 29, in split_audio_whisper
    segments = list(segments)
  File "/home/ubuntu/miniconda3/envs/openvoice/lib/python3.9/site-packages/faster_whisper/transcribe.py", line 433, in generate_segments
    ) = self.generate_with_fallback(encoder_output, prompt, tokenizer, options)
  File "/home/ubuntu/miniconda3/envs/openvoice/lib/python3.9/site-packages/faster_whisper/transcribe.py", line 641, in generate_with_fallback
    result = self.model.generate(
RuntimeError: CUDA failed with error out of memory
Traceback (most recent call last):
  File "/home/ubuntu/OpenVoice/job.py", line 334, in <module>
    clone_voice(f"./projects/{i}/{j}")
  File "/home/ubuntu/OpenVoice/job.py", line 201, in clone_voice
    return(convert_color(projectfolder))
  File "/home/ubuntu/OpenVoice/job.py", line 277, in convert_color
    target_se, audio_name = se_extractor.get_se(ref_audio_path, tone_color_converter, vad=False)
  File "/home/ubuntu/OpenVoice/openvoice/se_extractor.py", line 146, in get_se
    wavs_folder = split_audio_whisper(audio_path, target_dir=target_dir, audio_name=audio_name)
  File "/home/ubuntu/OpenVoice/openvoice/se_extractor.py", line 29, in split_audio_whisper
    segments = list(segments)
  File "/home/ubuntu/miniconda3/envs/openvoice/lib/python3.9/site-packages/faster_whisper/transcribe.py", line 433, in generate_segments
    ) = self.generate_with_fallback(encoder_output, prompt, tokenizer, options)
  File "/home/ubuntu/miniconda3/envs/openvoice/lib/python3.9/site-packages/faster_whisper/transcribe.py", line 641, in generate_with_fallback
    result = self.model.generate(
RuntimeError: CUDA failed with error out of memory
Traceback (most recent call last):
  File "/home/ubuntu/OpenVoice/job.py", line 334, in <module>
    clone_voice(f"./projects/{i}/{j}")
  File "/home/ubuntu/OpenVoice/job.py", line 201, in clone_voice
    return(convert_color(projectfolder))
  File "/home/ubuntu/OpenVoice/job.py", line 277, in convert_color
    target_se, audio_name = se_extractor.get_se(ref_audio_path, tone_color_converter, vad=False)
  File "/home/ubuntu/OpenVoice/openvoice/se_extractor.py", line 146, in get_se
    wavs_folder = split_audio_whisper(audio_path, target_dir=target_dir, audio_name=audio_name)
  File "/home/ubuntu/OpenVoice/openvoice/se_extractor.py", line 29, in split_audio_whisper
    segments = list(segments)
  File "/home/ubuntu/miniconda3/envs/openvoice/lib/python3.9/site-packages/faster_whisper/transcribe.py", line 433, in generate_segments
    ) = self.generate_with_fallback(encoder_output, prompt, tokenizer, options)
  File "/home/ubuntu/miniconda3/envs/openvoice/lib/python3.9/site-packages/faster_whisper/transcribe.py", line 641, in generate_with_fallback
    result = self.model.generate(
RuntimeError: CUDA failed with error out of memory
Traceback (most recent call last):
  File "/home/ubuntu/OpenVoice/job.py", line 334, in <module>
    clone_voice(f"./projects/{i}/{j}")
  File "/home/ubuntu/OpenVoice/job.py", line 201, in clone_voice
    return(convert_color(projectfolder))
  File "/home/ubuntu/OpenVoice/job.py", line 277, in convert_color
    target_se, audio_name = se_extractor.get_se(ref_audio_path, tone_color_converter, vad=False)
  File "/home/ubuntu/OpenVoice/openvoice/se_extractor.py", line 146, in get_se
    wavs_folder = split_audio_whisper(audio_path, target_dir=target_dir, audio_name=audio_name)
  File "/home/ubuntu/OpenVoice/openvoice/se_extractor.py", line 29, in split_audio_whisper
    segments = list(segments)
  File "/home/ubuntu/miniconda3/envs/openvoice/lib/python3.9/site-packages/faster_whisper/transcribe.py", line 433, in generate_segments
    ) = self.generate_with_fallback(encoder_output, prompt, tokenizer, options)
  File "/home/ubuntu/miniconda3/envs/openvoice/lib/python3.9/site-packages/faster_whisper/transcribe.py", line 641, in generate_with_fallback
    result = self.model.generate(
RuntimeError: CUDA failed with error out of memory
Traceback (most recent call last):
  File "/home/ubuntu/OpenVoice/job.py", line 334, in <module>
    clone_voice(f"./projects/{i}/{j}")
  File "/home/ubuntu/OpenVoice/job.py", line 201, in clone_voice
    return(convert_color(projectfolder))
  File "/home/ubuntu/OpenVoice/job.py", line 277, in convert_color
    target_se, audio_name = se_extractor.get_se(ref_audio_path, tone_color_converter, vad=False)
  File "/home/ubuntu/OpenVoice/openvoice/se_extractor.py", line 146, in get_se
    wavs_folder = split_audio_whisper(audio_path, target_dir=target_dir, audio_name=audio_name)
  File "/home/ubuntu/OpenVoice/openvoice/se_extractor.py", line 29, in split_audio_whisper
    segments = list(segments)
  File "/home/ubuntu/miniconda3/envs/openvoice/lib/python3.9/site-packages/faster_whisper/transcribe.py", line 433, in generate_segments
    ) = self.generate_with_fallback(encoder_output, prompt, tokenizer, options)
  File "/home/ubuntu/miniconda3/envs/openvoice/lib/python3.9/site-packages/faster_whisper/transcribe.py", line 641, in generate_with_fallback
    result = self.model.generate(
RuntimeError: CUDA failed with error out of memory
Traceback (most recent call last):
  File "/home/ubuntu/OpenVoice/job.py", line 334, in <module>
    clone_voice(f"./projects/{i}/{j}")
  File "/home/ubuntu/OpenVoice/job.py", line 201, in clone_voice
    return(convert_color(projectfolder))
  File "/home/ubuntu/OpenVoice/job.py", line 277, in convert_color
    target_se, audio_name = se_extractor.get_se(ref_audio_path, tone_color_converter, vad=False)
  File "/home/ubuntu/OpenVoice/openvoice/se_extractor.py", line 146, in get_se
    wavs_folder = split_audio_whisper(audio_path, target_dir=target_dir, audio_name=audio_name)
  File "/home/ubuntu/OpenVoice/openvoice/se_extractor.py", line 29, in split_audio_whisper
    segments = list(segments)
  File "/home/ubuntu/miniconda3/envs/openvoice/lib/python3.9/site-packages/faster_whisper/transcribe.py", line 433, in generate_segments
    ) = self.generate_with_fallback(encoder_output, prompt, tokenizer, options)
  File "/home/ubuntu/miniconda3/envs/openvoice/lib/python3.9/site-packages/faster_whisper/transcribe.py", line 641, in generate_with_fallback
    result = self.model.generate(
RuntimeError: CUDA failed with error out of memory
Traceback (most recent call last):
  File "/home/ubuntu/OpenVoice/job.py", line 334, in <module>
    clone_voice(f"./projects/{i}/{j}")
  File "/home/ubuntu/OpenVoice/job.py", line 201, in clone_voice
    return(convert_color(projectfolder))
  File "/home/ubuntu/OpenVoice/job.py", line 277, in convert_color
    target_se, audio_name = se_extractor.get_se(ref_audio_path, tone_color_converter, vad=False)
  File "/home/ubuntu/OpenVoice/openvoice/se_extractor.py", line 146, in get_se
    wavs_folder = split_audio_whisper(audio_path, target_dir=target_dir, audio_name=audio_name)
  File "/home/ubuntu/OpenVoice/openvoice/se_extractor.py", line 29, in split_audio_whisper
    segments = list(segments)
  File "/home/ubuntu/miniconda3/envs/openvoice/lib/python3.9/site-packages/faster_whisper/transcribe.py", line 433, in generate_segments
    ) = self.generate_with_fallback(encoder_output, prompt, tokenizer, options)
  File "/home/ubuntu/miniconda3/envs/openvoice/lib/python3.9/site-packages/faster_whisper/transcribe.py", line 641, in generate_with_fallback
    result = self.model.generate(
RuntimeError: CUDA failed with error out of memory
Traceback (most recent call last):
  File "/home/ubuntu/OpenVoice/job.py", line 334, in <module>
    clone_voice(f"./projects/{i}/{j}")
  File "/home/ubuntu/OpenVoice/job.py", line 201, in clone_voice
    return(convert_color(projectfolder))
  File "/home/ubuntu/OpenVoice/job.py", line 277, in convert_color
    target_se, audio_name = se_extractor.get_se(ref_audio_path, tone_color_converter, vad=False)
  File "/home/ubuntu/OpenVoice/openvoice/se_extractor.py", line 150, in get_se
    raise NotImplementedError('No audio segments found!')
NotImplementedError: No audio segments found!
Traceback (most recent call last):
  File "/home/ubuntu/OpenVoice/job.py", line 334, in <module>
    clone_voice(f"./projects/{i}/{j}")
  File "/home/ubuntu/OpenVoice/job.py", line 201, in clone_voice
    return(convert_color(projectfolder))
  File "/home/ubuntu/OpenVoice/job.py", line 277, in convert_color
    target_se, audio_name = se_extractor.get_se(ref_audio_path, tone_color_converter, vad=False)
  File "/home/ubuntu/OpenVoice/openvoice/se_extractor.py", line 146, in get_se
    wavs_folder = split_audio_whisper(audio_path, target_dir=target_dir, audio_name=audio_name)
  File "/home/ubuntu/OpenVoice/openvoice/se_extractor.py", line 29, in split_audio_whisper
    segments = list(segments)
  File "/home/ubuntu/miniconda3/envs/openvoice/lib/python3.9/site-packages/faster_whisper/transcribe.py", line 433, in generate_segments
    ) = self.generate_with_fallback(encoder_output, prompt, tokenizer, options)
  File "/home/ubuntu/miniconda3/envs/openvoice/lib/python3.9/site-packages/faster_whisper/transcribe.py", line 641, in generate_with_fallback
    result = self.model.generate(
RuntimeError: CUDA failed with error out of memory
Traceback (most recent call last):
  File "/home/ubuntu/OpenVoice/job.py", line 334, in <module>
    clone_voice(f"./projects/{i}/{j}")
  File "/home/ubuntu/OpenVoice/job.py", line 201, in clone_voice
    return(convert_color(projectfolder))
  File "/home/ubuntu/OpenVoice/job.py", line 277, in convert_color
    target_se, audio_name = se_extractor.get_se(ref_audio_path, tone_color_converter, vad=False)
  File "/home/ubuntu/OpenVoice/openvoice/se_extractor.py", line 146, in get_se
    wavs_folder = split_audio_whisper(audio_path, target_dir=target_dir, audio_name=audio_name)
  File "/home/ubuntu/OpenVoice/openvoice/se_extractor.py", line 29, in split_audio_whisper
    segments = list(segments)
  File "/home/ubuntu/miniconda3/envs/openvoice/lib/python3.9/site-packages/faster_whisper/transcribe.py", line 433, in generate_segments
    ) = self.generate_with_fallback(encoder_output, prompt, tokenizer, options)
  File "/home/ubuntu/miniconda3/envs/openvoice/lib/python3.9/site-packages/faster_whisper/transcribe.py", line 641, in generate_with_fallback
    result = self.model.generate(
RuntimeError: CUDA failed with error out of memory
Traceback (most recent call last):
  File "/home/ubuntu/OpenVoice/job.py", line 334, in <module>
    clone_voice(f"./projects/{i}/{j}")
  File "/home/ubuntu/OpenVoice/job.py", line 201, in clone_voice
    return(convert_color(projectfolder))
  File "/home/ubuntu/OpenVoice/job.py", line 277, in convert_color
    target_se, audio_name = se_extractor.get_se(ref_audio_path, tone_color_converter, vad=False)
  File "/home/ubuntu/OpenVoice/openvoice/se_extractor.py", line 146, in get_se
    wavs_folder = split_audio_whisper(audio_path, target_dir=target_dir, audio_name=audio_name)
  File "/home/ubuntu/OpenVoice/openvoice/se_extractor.py", line 29, in split_audio_whisper
    segments = list(segments)
  File "/home/ubuntu/miniconda3/envs/openvoice/lib/python3.9/site-packages/faster_whisper/transcribe.py", line 433, in generate_segments
    ) = self.generate_with_fallback(encoder_output, prompt, tokenizer, options)
  File "/home/ubuntu/miniconda3/envs/openvoice/lib/python3.9/site-packages/faster_whisper/transcribe.py", line 641, in generate_with_fallback
    result = self.model.generate(
RuntimeError: CUDA failed with error out of memory
Traceback (most recent call last):
  File "/home/ubuntu/OpenVoice/job.py", line 334, in <module>
    clone_voice(f"./projects/{i}/{j}")
  File "/home/ubuntu/OpenVoice/job.py", line 201, in clone_voice
    return(convert_color(projectfolder))
  File "/home/ubuntu/OpenVoice/job.py", line 277, in convert_color
    target_se, audio_name = se_extractor.get_se(ref_audio_path, tone_color_converter, vad=False)
  File "/home/ubuntu/OpenVoice/openvoice/se_extractor.py", line 146, in get_se
    wavs_folder = split_audio_whisper(audio_path, target_dir=target_dir, audio_name=audio_name)
  File "/home/ubuntu/OpenVoice/openvoice/se_extractor.py", line 29, in split_audio_whisper
    segments = list(segments)
  File "/home/ubuntu/miniconda3/envs/openvoice/lib/python3.9/site-packages/faster_whisper/transcribe.py", line 433, in generate_segments
    ) = self.generate_with_fallback(encoder_output, prompt, tokenizer, options)
  File "/home/ubuntu/miniconda3/envs/openvoice/lib/python3.9/site-packages/faster_whisper/transcribe.py", line 641, in generate_with_fallback
    result = self.model.generate(
RuntimeError: CUDA failed with error out of memory
Traceback (most recent call last):
  File "/home/ubuntu/OpenVoice/job.py", line 334, in <module>
    clone_voice(f"./projects/{i}/{j}")
  File "/home/ubuntu/OpenVoice/job.py", line 201, in clone_voice
    return(convert_color(projectfolder))
  File "/home/ubuntu/OpenVoice/job.py", line 277, in convert_color
    target_se, audio_name = se_extractor.get_se(ref_audio_path, tone_color_converter, vad=False)
  File "/home/ubuntu/OpenVoice/openvoice/se_extractor.py", line 146, in get_se
    wavs_folder = split_audio_whisper(audio_path, target_dir=target_dir, audio_name=audio_name)
  File "/home/ubuntu/OpenVoice/openvoice/se_extractor.py", line 29, in split_audio_whisper
    segments = list(segments)
  File "/home/ubuntu/miniconda3/envs/openvoice/lib/python3.9/site-packages/faster_whisper/transcribe.py", line 433, in generate_segments
    ) = self.generate_with_fallback(encoder_output, prompt, tokenizer, options)
  File "/home/ubuntu/miniconda3/envs/openvoice/lib/python3.9/site-packages/faster_whisper/transcribe.py", line 641, in generate_with_fallback
    result = self.model.generate(
RuntimeError: CUDA failed with error out of memory
Traceback (most recent call last):
  File "/home/ubuntu/OpenVoice/job.py", line 334, in <module>
    clone_voice(f"./projects/{i}/{j}")
  File "/home/ubuntu/OpenVoice/job.py", line 201, in clone_voice
    return(convert_color(projectfolder))
  File "/home/ubuntu/OpenVoice/job.py", line 277, in convert_color
    target_se, audio_name = se_extractor.get_se(ref_audio_path, tone_color_converter, vad=False)
  File "/home/ubuntu/OpenVoice/openvoice/se_extractor.py", line 146, in get_se
    wavs_folder = split_audio_whisper(audio_path, target_dir=target_dir, audio_name=audio_name)
  File "/home/ubuntu/OpenVoice/openvoice/se_extractor.py", line 29, in split_audio_whisper
    segments = list(segments)
  File "/home/ubuntu/miniconda3/envs/openvoice/lib/python3.9/site-packages/faster_whisper/transcribe.py", line 433, in generate_segments
    ) = self.generate_with_fallback(encoder_output, prompt, tokenizer, options)
  File "/home/ubuntu/miniconda3/envs/openvoice/lib/python3.9/site-packages/faster_whisper/transcribe.py", line 641, in generate_with_fallback
    result = self.model.generate(
RuntimeError: CUDA failed with error out of memory
Traceback (most recent call last):
  File "/home/ubuntu/OpenVoice/job.py", line 279, in convert_color
    source_se = torch.load(f'checkpoints_v2/google_base_speakers/models/{voicecode}.pth', map_location=device)
  File "/home/ubuntu/miniconda3/envs/openvoice/lib/python3.9/site-packages/torch/serialization.py", line 997, in load
    with _open_file_like(f, 'rb') as opened_file:
  File "/home/ubuntu/miniconda3/envs/openvoice/lib/python3.9/site-packages/torch/serialization.py", line 444, in _open_file_like
    return _open_file(name_or_buffer, mode)
  File "/home/ubuntu/miniconda3/envs/openvoice/lib/python3.9/site-packages/torch/serialization.py", line 425, in __init__
    super().__init__(open(name, mode))
FileNotFoundError: [Errno 2] No such file or directory: 'checkpoints_v2/google_base_speakers/models/en-US-OnyxMultilingualNeural.pth'

During handling of the above exception, another exception occurred:

Traceback (most recent call last):
  File "/home/ubuntu/miniconda3/envs/openvoice/lib/python3.9/site-packages/librosa/core/audio.py", line 155, in load
    context = sf.SoundFile(path)
  File "/home/ubuntu/miniconda3/envs/openvoice/lib/python3.9/site-packages/soundfile.py", line 658, in __init__
    self._file = self._open(file, mode_int, closefd)
  File "/home/ubuntu/miniconda3/envs/openvoice/lib/python3.9/site-packages/soundfile.py", line 1216, in _open
    raise LibsndfileError(err, prefix="Error opening {0!r}: ".format(self.name))
soundfile.LibsndfileError: Error opening 'checkpoints_v2/google_base_speakers/src/en-US-OnyxMultilingualNeural.mp3': File does not exist or is not a regular file (possibly a pipe?).

During handling of the above exception, another exception occurred:

Traceback (most recent call last):
  File "/home/ubuntu/OpenVoice/job.py", line 334, in <module>
    clone_voice(f"./projects/{i}/{j}")
  File "/home/ubuntu/OpenVoice/job.py", line 201, in clone_voice
    return(convert_color(projectfolder))
  File "/home/ubuntu/OpenVoice/job.py", line 301, in convert_color
    source_se, audio_name = se_extractor.get_se(f"checkpoints_v2/google_base_speakers/src/{voicecode}.mp3", tone_color_converter, vad=True)
  File "/home/ubuntu/OpenVoice/openvoice/se_extractor.py", line 134, in get_se
    audio_name = f"{os.path.basename(audio_path).rsplit('.', 1)[0]}_{version}_{hash_numpy_array(audio_path)}"
  File "/home/ubuntu/OpenVoice/openvoice/se_extractor.py", line 119, in hash_numpy_array
    array, _ = librosa.load(audio_path, sr=None, mono=True)
  File "/home/ubuntu/miniconda3/envs/openvoice/lib/python3.9/site-packages/librosa/util/decorators.py", line 88, in inner_f
    return f(*args, **kwargs)
  File "/home/ubuntu/miniconda3/envs/openvoice/lib/python3.9/site-packages/librosa/core/audio.py", line 174, in load
    y, sr_native = __audioread_load(path, offset, duration, dtype)
  File "/home/ubuntu/miniconda3/envs/openvoice/lib/python3.9/site-packages/librosa/core/audio.py", line 198, in __audioread_load
    with audioread.audio_open(path) as input_file:
  File "/home/ubuntu/miniconda3/envs/openvoice/lib/python3.9/site-packages/audioread/__init__.py", line 127, in audio_open
    return BackendClass(path)
  File "/home/ubuntu/miniconda3/envs/openvoice/lib/python3.9/site-packages/audioread/rawread.py", line 62, in __init__
    self._file = aifc.open(self._fh)
  File "/home/ubuntu/miniconda3/envs/openvoice/lib/python3.9/aifc.py", line 917, in open
    return Aifc_read(f)
  File "/home/ubuntu/miniconda3/envs/openvoice/lib/python3.9/aifc.py", line 358, in __init__
    self.initfp(f)
  File "/home/ubuntu/miniconda3/envs/openvoice/lib/python3.9/aifc.py", line 314, in initfp
    chunk = Chunk(file)
  File "/home/ubuntu/miniconda3/envs/openvoice/lib/python3.9/chunk.py", line 63, in __init__
    raise EOFError
EOFError
Traceback (most recent call last):
  File "/home/ubuntu/OpenVoice/job.py", line 334, in <module>
    clone_voice(f"./projects/{i}/{j}")
  File "/home/ubuntu/OpenVoice/job.py", line 201, in clone_voice
    return(convert_color(projectfolder))
  File "/home/ubuntu/OpenVoice/job.py", line 277, in convert_color
    target_se, audio_name = se_extractor.get_se(ref_audio_path, tone_color_converter, vad=False)
  File "/home/ubuntu/OpenVoice/openvoice/se_extractor.py", line 150, in get_se
    raise NotImplementedError('No audio segments found!')
NotImplementedError: No audio segments found!
Traceback (most recent call last):
  File "/home/ubuntu/OpenVoice/job.py", line 334, in <module>
    clone_voice(f"./projects/{i}/{j}")
  File "/home/ubuntu/OpenVoice/job.py", line 201, in clone_voice
    return(convert_color(projectfolder))
  File "/home/ubuntu/OpenVoice/job.py", line 277, in convert_color
    target_se, audio_name = se_extractor.get_se(ref_audio_path, tone_color_converter, vad=False)
  File "/home/ubuntu/OpenVoice/openvoice/se_extractor.py", line 150, in get_se
    raise NotImplementedError('No audio segments found!')
NotImplementedError: No audio segments found!
Traceback (most recent call last):
  File "/home/ubuntu/OpenVoice/job.py", line 334, in <module>
    clone_voice(f"./projects/{i}/{j}")
  File "/home/ubuntu/OpenVoice/job.py", line 201, in clone_voice
    return(convert_color(projectfolder))
  File "/home/ubuntu/OpenVoice/job.py", line 277, in convert_color
    target_se, audio_name = se_extractor.get_se(ref_audio_path, tone_color_converter, vad=False)
  File "/home/ubuntu/OpenVoice/openvoice/se_extractor.py", line 150, in get_se
    raise NotImplementedError('No audio segments found!')
NotImplementedError: No audio segments found!
Traceback (most recent call last):
  File "/home/ubuntu/OpenVoice/job.py", line 334, in <module>
    clone_voice(f"./projects/{i}/{j}")
  File "/home/ubuntu/OpenVoice/job.py", line 201, in clone_voice
    return(convert_color(projectfolder))
  File "/home/ubuntu/OpenVoice/job.py", line 277, in convert_color
    target_se, audio_name = se_extractor.get_se(ref_audio_path, tone_color_converter, vad=False)
  File "/home/ubuntu/OpenVoice/openvoice/se_extractor.py", line 146, in get_se
    wavs_folder = split_audio_whisper(audio_path, target_dir=target_dir, audio_name=audio_name)
  File "/home/ubuntu/OpenVoice/openvoice/se_extractor.py", line 29, in split_audio_whisper
    segments = list(segments)
  File "/home/ubuntu/miniconda3/envs/openvoice/lib/python3.9/site-packages/faster_whisper/transcribe.py", line 433, in generate_segments
    ) = self.generate_with_fallback(encoder_output, prompt, tokenizer, options)
  File "/home/ubuntu/miniconda3/envs/openvoice/lib/python3.9/site-packages/faster_whisper/transcribe.py", line 641, in generate_with_fallback
    result = self.model.generate(
RuntimeError: CUDA failed with error out of memory
Traceback (most recent call last):
  File "/home/ubuntu/OpenVoice/job.py", line 334, in <module>
    clone_voice(f"./projects/{i}/{j}")
  File "/home/ubuntu/OpenVoice/job.py", line 201, in clone_voice
    return(convert_color(projectfolder))
  File "/home/ubuntu/OpenVoice/job.py", line 277, in convert_color
    target_se, audio_name = se_extractor.get_se(ref_audio_path, tone_color_converter, vad=False)
  File "/home/ubuntu/OpenVoice/openvoice/se_extractor.py", line 150, in get_se
    raise NotImplementedError('No audio segments found!')
NotImplementedError: No audio segments found!
Traceback (most recent call last):
  File "/home/ubuntu/OpenVoice/job.py", line 334, in <module>
    clone_voice(f"./projects/{i}/{j}")
  File "/home/ubuntu/OpenVoice/job.py", line 201, in clone_voice
    return(convert_color(projectfolder))
  File "/home/ubuntu/OpenVoice/job.py", line 277, in convert_color
    target_se, audio_name = se_extractor.get_se(ref_audio_path, tone_color_converter, vad=False)
  File "/home/ubuntu/OpenVoice/openvoice/se_extractor.py", line 146, in get_se
    wavs_folder = split_audio_whisper(audio_path, target_dir=target_dir, audio_name=audio_name)
  File "/home/ubuntu/OpenVoice/openvoice/se_extractor.py", line 29, in split_audio_whisper
    segments = list(segments)
  File "/home/ubuntu/miniconda3/envs/openvoice/lib/python3.9/site-packages/faster_whisper/transcribe.py", line 433, in generate_segments
    ) = self.generate_with_fallback(encoder_output, prompt, tokenizer, options)
  File "/home/ubuntu/miniconda3/envs/openvoice/lib/python3.9/site-packages/faster_whisper/transcribe.py", line 641, in generate_with_fallback
    result = self.model.generate(
RuntimeError: CUDA failed with error out of memory
Traceback (most recent call last):
  File "/home/ubuntu/OpenVoice/job.py", line 334, in <module>
    clone_voice(f"./projects/{i}/{j}")
  File "/home/ubuntu/OpenVoice/job.py", line 201, in clone_voice
    return(convert_color(projectfolder))
  File "/home/ubuntu/OpenVoice/job.py", line 277, in convert_color
    target_se, audio_name = se_extractor.get_se(ref_audio_path, tone_color_converter, vad=False)
  File "/home/ubuntu/OpenVoice/openvoice/se_extractor.py", line 150, in get_se
    raise NotImplementedError('No audio segments found!')
NotImplementedError: No audio segments found!
Traceback (most recent call last):
  File "/home/ubuntu/OpenVoice/job.py", line 334, in <module>
    clone_voice(f"./projects/{i}/{j}")
  File "/home/ubuntu/OpenVoice/job.py", line 201, in clone_voice
    return(convert_color(projectfolder))
  File "/home/ubuntu/OpenVoice/job.py", line 277, in convert_color
    target_se, audio_name = se_extractor.get_se(ref_audio_path, tone_color_converter, vad=False)
  File "/home/ubuntu/OpenVoice/openvoice/se_extractor.py", line 146, in get_se
    wavs_folder = split_audio_whisper(audio_path, target_dir=target_dir, audio_name=audio_name)
  File "/home/ubuntu/OpenVoice/openvoice/se_extractor.py", line 29, in split_audio_whisper
    segments = list(segments)
  File "/home/ubuntu/miniconda3/envs/openvoice/lib/python3.9/site-packages/faster_whisper/transcribe.py", line 433, in generate_segments
    ) = self.generate_with_fallback(encoder_output, prompt, tokenizer, options)
  File "/home/ubuntu/miniconda3/envs/openvoice/lib/python3.9/site-packages/faster_whisper/transcribe.py", line 641, in generate_with_fallback
    result = self.model.generate(
RuntimeError: CUDA failed with error out of memory
Traceback (most recent call last):
  File "/home/ubuntu/OpenVoice/job.py", line 334, in <module>
    clone_voice(f"./projects/{i}/{j}")
  File "/home/ubuntu/OpenVoice/job.py", line 201, in clone_voice
    return(convert_color(projectfolder))
  File "/home/ubuntu/OpenVoice/job.py", line 277, in convert_color
    target_se, audio_name = se_extractor.get_se(ref_audio_path, tone_color_converter, vad=False)
  File "/home/ubuntu/OpenVoice/openvoice/se_extractor.py", line 150, in get_se
    raise NotImplementedError('No audio segments found!')
NotImplementedError: No audio segments found!
Traceback (most recent call last):
  File "/home/ubuntu/OpenVoice/job.py", line 334, in <module>
    clone_voice(f"./projects/{i}/{j}")
  File "/home/ubuntu/OpenVoice/job.py", line 201, in clone_voice
    return(convert_color(projectfolder))
  File "/home/ubuntu/OpenVoice/job.py", line 277, in convert_color
    target_se, audio_name = se_extractor.get_se(ref_audio_path, tone_color_converter, vad=False)
  File "/home/ubuntu/OpenVoice/openvoice/se_extractor.py", line 150, in get_se
    raise NotImplementedError('No audio segments found!')
NotImplementedError: No audio segments found!
Traceback (most recent call last):
  File "/home/ubuntu/OpenVoice/job.py", line 334, in <module>
    clone_voice(f"./projects/{i}/{j}")
  File "/home/ubuntu/OpenVoice/job.py", line 201, in clone_voice
    return(convert_color(projectfolder))
  File "/home/ubuntu/OpenVoice/job.py", line 277, in convert_color
    target_se, audio_name = se_extractor.get_se(ref_audio_path, tone_color_converter, vad=False)
  File "/home/ubuntu/OpenVoice/openvoice/se_extractor.py", line 150, in get_se
    raise NotImplementedError('No audio segments found!')
NotImplementedError: No audio segments found!
Traceback (most recent call last):
  File "/home/ubuntu/OpenVoice/job.py", line 334, in <module>
    clone_voice(f"./projects/{i}/{j}")
  File "/home/ubuntu/OpenVoice/job.py", line 201, in clone_voice
    return(convert_color(projectfolder))
  File "/home/ubuntu/OpenVoice/job.py", line 277, in convert_color
    target_se, audio_name = se_extractor.get_se(ref_audio_path, tone_color_converter, vad=False)
  File "/home/ubuntu/OpenVoice/openvoice/se_extractor.py", line 150, in get_se
    raise NotImplementedError('No audio segments found!')
NotImplementedError: No audio segments found!
Traceback (most recent call last):
  File "/home/ubuntu/OpenVoice/job.py", line 334, in <module>
    clone_voice(f"./projects/{i}/{j}")
  File "/home/ubuntu/OpenVoice/job.py", line 201, in clone_voice
    return(convert_color(projectfolder))
  File "/home/ubuntu/OpenVoice/job.py", line 277, in convert_color
    target_se, audio_name = se_extractor.get_se(ref_audio_path, tone_color_converter, vad=False)
  File "/home/ubuntu/OpenVoice/openvoice/se_extractor.py", line 150, in get_se
    raise NotImplementedError('No audio segments found!')
NotImplementedError: No audio segments found!
Traceback (most recent call last):
  File "/home/ubuntu/OpenVoice/job.py", line 334, in <module>
    clone_voice(f"./projects/{i}/{j}")
  File "/home/ubuntu/OpenVoice/job.py", line 201, in clone_voice
    return(convert_color(projectfolder))
  File "/home/ubuntu/OpenVoice/job.py", line 277, in convert_color
    target_se, audio_name = se_extractor.get_se(ref_audio_path, tone_color_converter, vad=False)
  File "/home/ubuntu/OpenVoice/openvoice/se_extractor.py", line 150, in get_se
    raise NotImplementedError('No audio segments found!')
NotImplementedError: No audio segments found!
Traceback (most recent call last):
  File "/home/ubuntu/OpenVoice/job.py", line 334, in <module>
    clone_voice(f"./projects/{i}/{j}")
  File "/home/ubuntu/OpenVoice/job.py", line 201, in clone_voice
    return(convert_color(projectfolder))
  File "/home/ubuntu/OpenVoice/job.py", line 277, in convert_color
    target_se, audio_name = se_extractor.get_se(ref_audio_path, tone_color_converter, vad=False)
  File "/home/ubuntu/OpenVoice/openvoice/se_extractor.py", line 146, in get_se
    wavs_folder = split_audio_whisper(audio_path, target_dir=target_dir, audio_name=audio_name)
  File "/home/ubuntu/OpenVoice/openvoice/se_extractor.py", line 29, in split_audio_whisper
    segments = list(segments)
  File "/home/ubuntu/miniconda3/envs/openvoice/lib/python3.9/site-packages/faster_whisper/transcribe.py", line 433, in generate_segments
    ) = self.generate_with_fallback(encoder_output, prompt, tokenizer, options)
  File "/home/ubuntu/miniconda3/envs/openvoice/lib/python3.9/site-packages/faster_whisper/transcribe.py", line 641, in generate_with_fallback
    result = self.model.generate(
RuntimeError: CUDA failed with error out of memory
Traceback (most recent call last):
  File "/home/ubuntu/OpenVoice/job.py", line 334, in <module>
    clone_voice(f"./projects/{i}/{j}")
  File "/home/ubuntu/OpenVoice/job.py", line 201, in clone_voice
    return(convert_color(projectfolder))
  File "/home/ubuntu/OpenVoice/job.py", line 277, in convert_color
    target_se, audio_name = se_extractor.get_se(ref_audio_path, tone_color_converter, vad=False)
  File "/home/ubuntu/OpenVoice/openvoice/se_extractor.py", line 146, in get_se
    wavs_folder = split_audio_whisper(audio_path, target_dir=target_dir, audio_name=audio_name)
  File "/home/ubuntu/OpenVoice/openvoice/se_extractor.py", line 29, in split_audio_whisper
    segments = list(segments)
  File "/home/ubuntu/miniconda3/envs/openvoice/lib/python3.9/site-packages/faster_whisper/transcribe.py", line 433, in generate_segments
    ) = self.generate_with_fallback(encoder_output, prompt, tokenizer, options)
  File "/home/ubuntu/miniconda3/envs/openvoice/lib/python3.9/site-packages/faster_whisper/transcribe.py", line 641, in generate_with_fallback
    result = self.model.generate(
RuntimeError: CUDA failed with error out of memory
Traceback (most recent call last):
  File "/home/ubuntu/OpenVoice/job.py", line 334, in <module>
    clone_voice(f"./projects/{i}/{j}")
  File "/home/ubuntu/OpenVoice/job.py", line 201, in clone_voice
    return(convert_color(projectfolder))
  File "/home/ubuntu/OpenVoice/job.py", line 277, in convert_color
    target_se, audio_name = se_extractor.get_se(ref_audio_path, tone_color_converter, vad=False)
  File "/home/ubuntu/OpenVoice/openvoice/se_extractor.py", line 146, in get_se
    wavs_folder = split_audio_whisper(audio_path, target_dir=target_dir, audio_name=audio_name)
  File "/home/ubuntu/OpenVoice/openvoice/se_extractor.py", line 29, in split_audio_whisper
    segments = list(segments)
  File "/home/ubuntu/miniconda3/envs/openvoice/lib/python3.9/site-packages/faster_whisper/transcribe.py", line 433, in generate_segments
    ) = self.generate_with_fallback(encoder_output, prompt, tokenizer, options)
  File "/home/ubuntu/miniconda3/envs/openvoice/lib/python3.9/site-packages/faster_whisper/transcribe.py", line 641, in generate_with_fallback
    result = self.model.generate(
RuntimeError: CUDA failed with error out of memory
Traceback (most recent call last):
  File "/home/ubuntu/OpenVoice/job.py", line 334, in <module>
    clone_voice(f"./projects/{i}/{j}")
  File "/home/ubuntu/OpenVoice/job.py", line 201, in clone_voice
    return(convert_color(projectfolder))
  File "/home/ubuntu/OpenVoice/job.py", line 277, in convert_color
    target_se, audio_name = se_extractor.get_se(ref_audio_path, tone_color_converter, vad=False)
  File "/home/ubuntu/OpenVoice/openvoice/se_extractor.py", line 150, in get_se
    raise NotImplementedError('No audio segments found!')
NotImplementedError: No audio segments found!
Traceback (most recent call last):
  File "/home/ubuntu/OpenVoice/job.py", line 334, in <module>
    clone_voice(f"./projects/{i}/{j}")
  File "/home/ubuntu/OpenVoice/job.py", line 201, in clone_voice
    return(convert_color(projectfolder))
  File "/home/ubuntu/OpenVoice/job.py", line 277, in convert_color
    target_se, audio_name = se_extractor.get_se(ref_audio_path, tone_color_converter, vad=False)
  File "/home/ubuntu/OpenVoice/openvoice/se_extractor.py", line 150, in get_se
    raise NotImplementedError('No audio segments found!')
NotImplementedError: No audio segments found!
Traceback (most recent call last):
  File "/home/ubuntu/OpenVoice/job.py", line 334, in <module>
    clone_voice(f"./projects/{i}/{j}")
  File "/home/ubuntu/OpenVoice/job.py", line 201, in clone_voice
    return(convert_color(projectfolder))
  File "/home/ubuntu/OpenVoice/job.py", line 277, in convert_color
    target_se, audio_name = se_extractor.get_se(ref_audio_path, tone_color_converter, vad=False)
  File "/home/ubuntu/OpenVoice/openvoice/se_extractor.py", line 146, in get_se
    wavs_folder = split_audio_whisper(audio_path, target_dir=target_dir, audio_name=audio_name)
  File "/home/ubuntu/OpenVoice/openvoice/se_extractor.py", line 29, in split_audio_whisper
    segments = list(segments)
  File "/home/ubuntu/miniconda3/envs/openvoice/lib/python3.9/site-packages/faster_whisper/transcribe.py", line 433, in generate_segments
    ) = self.generate_with_fallback(encoder_output, prompt, tokenizer, options)
  File "/home/ubuntu/miniconda3/envs/openvoice/lib/python3.9/site-packages/faster_whisper/transcribe.py", line 641, in generate_with_fallback
    result = self.model.generate(
RuntimeError: CUDA failed with error out of memory
Traceback (most recent call last):
  File "/home/ubuntu/OpenVoice/job.py", line 334, in <module>
    clone_voice(f"./projects/{i}/{j}")
  File "/home/ubuntu/OpenVoice/job.py", line 201, in clone_voice
    return(convert_color(projectfolder))
  File "/home/ubuntu/OpenVoice/job.py", line 277, in convert_color
    target_se, audio_name = se_extractor.get_se(ref_audio_path, tone_color_converter, vad=False)
  File "/home/ubuntu/OpenVoice/openvoice/se_extractor.py", line 146, in get_se
    wavs_folder = split_audio_whisper(audio_path, target_dir=target_dir, audio_name=audio_name)
  File "/home/ubuntu/OpenVoice/openvoice/se_extractor.py", line 29, in split_audio_whisper
    segments = list(segments)
  File "/home/ubuntu/miniconda3/envs/openvoice/lib/python3.9/site-packages/faster_whisper/transcribe.py", line 433, in generate_segments
    ) = self.generate_with_fallback(encoder_output, prompt, tokenizer, options)
  File "/home/ubuntu/miniconda3/envs/openvoice/lib/python3.9/site-packages/faster_whisper/transcribe.py", line 641, in generate_with_fallback
    result = self.model.generate(
RuntimeError: CUDA failed with error out of memory
Traceback (most recent call last):
  File "/home/ubuntu/OpenVoice/job.py", line 334, in <module>
    clone_voice(f"./projects/{i}/{j}")
  File "/home/ubuntu/OpenVoice/job.py", line 201, in clone_voice
    return(convert_color(projectfolder))
  File "/home/ubuntu/OpenVoice/job.py", line 277, in convert_color
    target_se, audio_name = se_extractor.get_se(ref_audio_path, tone_color_converter, vad=False)
  File "/home/ubuntu/OpenVoice/openvoice/se_extractor.py", line 150, in get_se
    raise NotImplementedError('No audio segments found!')
NotImplementedError: No audio segments found!
Traceback (most recent call last):
  File "/home/ubuntu/OpenVoice/job.py", line 334, in <module>
    clone_voice(f"./projects/{i}/{j}")
  File "/home/ubuntu/OpenVoice/job.py", line 201, in clone_voice
    return(convert_color(projectfolder))
  File "/home/ubuntu/OpenVoice/job.py", line 277, in convert_color
    target_se, audio_name = se_extractor.get_se(ref_audio_path, tone_color_converter, vad=False)
  File "/home/ubuntu/OpenVoice/openvoice/se_extractor.py", line 146, in get_se
    wavs_folder = split_audio_whisper(audio_path, target_dir=target_dir, audio_name=audio_name)
  File "/home/ubuntu/OpenVoice/openvoice/se_extractor.py", line 29, in split_audio_whisper
    segments = list(segments)
  File "/home/ubuntu/miniconda3/envs/openvoice/lib/python3.9/site-packages/faster_whisper/transcribe.py", line 433, in generate_segments
    ) = self.generate_with_fallback(encoder_output, prompt, tokenizer, options)
  File "/home/ubuntu/miniconda3/envs/openvoice/lib/python3.9/site-packages/faster_whisper/transcribe.py", line 641, in generate_with_fallback
    result = self.model.generate(
RuntimeError: CUDA failed with error out of memory
Traceback (most recent call last):
  File "/home/ubuntu/OpenVoice/job.py", line 334, in <module>
    clone_voice(f"./projects/{i}/{j}")
  File "/home/ubuntu/OpenVoice/job.py", line 201, in clone_voice
    return(convert_color(projectfolder))
  File "/home/ubuntu/OpenVoice/job.py", line 277, in convert_color
    target_se, audio_name = se_extractor.get_se(ref_audio_path, tone_color_converter, vad=False)
  File "/home/ubuntu/OpenVoice/openvoice/se_extractor.py", line 146, in get_se
    wavs_folder = split_audio_whisper(audio_path, target_dir=target_dir, audio_name=audio_name)
  File "/home/ubuntu/OpenVoice/openvoice/se_extractor.py", line 29, in split_audio_whisper
    segments = list(segments)
  File "/home/ubuntu/miniconda3/envs/openvoice/lib/python3.9/site-packages/faster_whisper/transcribe.py", line 433, in generate_segments
    ) = self.generate_with_fallback(encoder_output, prompt, tokenizer, options)
  File "/home/ubuntu/miniconda3/envs/openvoice/lib/python3.9/site-packages/faster_whisper/transcribe.py", line 641, in generate_with_fallback
    result = self.model.generate(
RuntimeError: CUDA failed with error out of memory
Traceback (most recent call last):
  File "/home/ubuntu/miniconda3/envs/openvoice/lib/python3.9/site-packages/librosa/core/audio.py", line 155, in load
    context = sf.SoundFile(path)
  File "/home/ubuntu/miniconda3/envs/openvoice/lib/python3.9/site-packages/soundfile.py", line 658, in __init__
    self._file = self._open(file, mode_int, closefd)
  File "/home/ubuntu/miniconda3/envs/openvoice/lib/python3.9/site-packages/soundfile.py", line 1216, in _open
    raise LibsndfileError(err, prefix="Error opening {0!r}: ".format(self.name))
soundfile.LibsndfileError: Error opening './projects/e39becee-c1b3-409f-b442-79c400471606/0/3_clone_Instant#hi-IN-RehaanNeural.mp3': File does not exist or is not a regular file (possibly a pipe?).

During handling of the above exception, another exception occurred:

Traceback (most recent call last):
  File "/home/ubuntu/OpenVoice/job.py", line 334, in <module>
    clone_voice(f"./projects/{i}/{j}")
  File "/home/ubuntu/OpenVoice/job.py", line 201, in clone_voice
    return(convert_color(projectfolder))
  File "/home/ubuntu/OpenVoice/job.py", line 314, in convert_color
    tone_color_converter.convert(
  File "/home/ubuntu/OpenVoice/openvoice/api.py", line 144, in convert
    audio, sample_rate = librosa.load(audio_src_path, sr=hps.data.sampling_rate)
  File "/home/ubuntu/miniconda3/envs/openvoice/lib/python3.9/site-packages/librosa/util/decorators.py", line 88, in inner_f
    return f(*args, **kwargs)
  File "/home/ubuntu/miniconda3/envs/openvoice/lib/python3.9/site-packages/librosa/core/audio.py", line 174, in load
    y, sr_native = __audioread_load(path, offset, duration, dtype)
  File "/home/ubuntu/miniconda3/envs/openvoice/lib/python3.9/site-packages/librosa/core/audio.py", line 198, in __audioread_load
    with audioread.audio_open(path) as input_file:
  File "/home/ubuntu/miniconda3/envs/openvoice/lib/python3.9/site-packages/audioread/__init__.py", line 127, in audio_open
    return BackendClass(path)
  File "/home/ubuntu/miniconda3/envs/openvoice/lib/python3.9/site-packages/audioread/rawread.py", line 62, in __init__
    self._file = aifc.open(self._fh)
  File "/home/ubuntu/miniconda3/envs/openvoice/lib/python3.9/aifc.py", line 917, in open
    return Aifc_read(f)
  File "/home/ubuntu/miniconda3/envs/openvoice/lib/python3.9/aifc.py", line 358, in __init__
    self.initfp(f)
  File "/home/ubuntu/miniconda3/envs/openvoice/lib/python3.9/aifc.py", line 314, in initfp
    chunk = Chunk(file)
  File "/home/ubuntu/miniconda3/envs/openvoice/lib/python3.9/chunk.py", line 63, in __init__
    raise EOFError
EOFError
Traceback (most recent call last):
  File "/home/ubuntu/OpenVoice/job.py", line 334, in <module>
    clone_voice(f"./projects/{i}/{j}")
  File "/home/ubuntu/OpenVoice/job.py", line 201, in clone_voice
    return(convert_color(projectfolder))
  File "/home/ubuntu/OpenVoice/job.py", line 277, in convert_color
    target_se, audio_name = se_extractor.get_se(ref_audio_path, tone_color_converter, vad=False)
  File "/home/ubuntu/OpenVoice/openvoice/se_extractor.py", line 146, in get_se
    wavs_folder = split_audio_whisper(audio_path, target_dir=target_dir, audio_name=audio_name)
  File "/home/ubuntu/OpenVoice/openvoice/se_extractor.py", line 29, in split_audio_whisper
    segments = list(segments)
  File "/home/ubuntu/miniconda3/envs/openvoice/lib/python3.9/site-packages/faster_whisper/transcribe.py", line 433, in generate_segments
    ) = self.generate_with_fallback(encoder_output, prompt, tokenizer, options)
  File "/home/ubuntu/miniconda3/envs/openvoice/lib/python3.9/site-packages/faster_whisper/transcribe.py", line 641, in generate_with_fallback
    result = self.model.generate(
RuntimeError: CUDA failed with error out of memory
Traceback (most recent call last):
  File "/home/ubuntu/OpenVoice/job.py", line 334, in <module>
    clone_voice(f"./projects/{i}/{j}")
  File "/home/ubuntu/OpenVoice/job.py", line 201, in clone_voice
    return(convert_color(projectfolder))
  File "/home/ubuntu/OpenVoice/job.py", line 277, in convert_color
    target_se, audio_name = se_extractor.get_se(ref_audio_path, tone_color_converter, vad=False)
  File "/home/ubuntu/OpenVoice/openvoice/se_extractor.py", line 146, in get_se
    wavs_folder = split_audio_whisper(audio_path, target_dir=target_dir, audio_name=audio_name)
  File "/home/ubuntu/OpenVoice/openvoice/se_extractor.py", line 29, in split_audio_whisper
    segments = list(segments)
  File "/home/ubuntu/miniconda3/envs/openvoice/lib/python3.9/site-packages/faster_whisper/transcribe.py", line 433, in generate_segments
    ) = self.generate_with_fallback(encoder_output, prompt, tokenizer, options)
  File "/home/ubuntu/miniconda3/envs/openvoice/lib/python3.9/site-packages/faster_whisper/transcribe.py", line 641, in generate_with_fallback
    result = self.model.generate(
RuntimeError: CUDA failed with error out of memory
Traceback (most recent call last):
  File "/home/ubuntu/OpenVoice/job.py", line 334, in <module>
    clone_voice(f"./projects/{i}/{j}")
  File "/home/ubuntu/OpenVoice/job.py", line 201, in clone_voice
    return(convert_color(projectfolder))
  File "/home/ubuntu/OpenVoice/job.py", line 277, in convert_color
    target_se, audio_name = se_extractor.get_se(ref_audio_path, tone_color_converter, vad=False)
  File "/home/ubuntu/OpenVoice/openvoice/se_extractor.py", line 146, in get_se
    wavs_folder = split_audio_whisper(audio_path, target_dir=target_dir, audio_name=audio_name)
  File "/home/ubuntu/OpenVoice/openvoice/se_extractor.py", line 29, in split_audio_whisper
    segments = list(segments)
  File "/home/ubuntu/miniconda3/envs/openvoice/lib/python3.9/site-packages/faster_whisper/transcribe.py", line 433, in generate_segments
    ) = self.generate_with_fallback(encoder_output, prompt, tokenizer, options)
  File "/home/ubuntu/miniconda3/envs/openvoice/lib/python3.9/site-packages/faster_whisper/transcribe.py", line 641, in generate_with_fallback
    result = self.model.generate(
RuntimeError: CUDA failed with error out of memory
Traceback (most recent call last):
  File "/home/ubuntu/OpenVoice/job.py", line 334, in <module>
    clone_voice(f"./projects/{i}/{j}")
  File "/home/ubuntu/OpenVoice/job.py", line 201, in clone_voice
    return(convert_color(projectfolder))
  File "/home/ubuntu/OpenVoice/job.py", line 277, in convert_color
    target_se, audio_name = se_extractor.get_se(ref_audio_path, tone_color_converter, vad=False)
  File "/home/ubuntu/OpenVoice/openvoice/se_extractor.py", line 146, in get_se
    wavs_folder = split_audio_whisper(audio_path, target_dir=target_dir, audio_name=audio_name)
  File "/home/ubuntu/OpenVoice/openvoice/se_extractor.py", line 29, in split_audio_whisper
    segments = list(segments)
  File "/home/ubuntu/miniconda3/envs/openvoice/lib/python3.9/site-packages/faster_whisper/transcribe.py", line 433, in generate_segments
    ) = self.generate_with_fallback(encoder_output, prompt, tokenizer, options)
  File "/home/ubuntu/miniconda3/envs/openvoice/lib/python3.9/site-packages/faster_whisper/transcribe.py", line 641, in generate_with_fallback
    result = self.model.generate(
RuntimeError: CUDA failed with error out of memory
Traceback (most recent call last):
  File "/home/ubuntu/OpenVoice/job.py", line 334, in <module>
    clone_voice(f"./projects/{i}/{j}")
  File "/home/ubuntu/OpenVoice/job.py", line 201, in clone_voice
    return(convert_color(projectfolder))
  File "/home/ubuntu/OpenVoice/job.py", line 277, in convert_color
    target_se, audio_name = se_extractor.get_se(ref_audio_path, tone_color_converter, vad=False)
  File "/home/ubuntu/OpenVoice/openvoice/se_extractor.py", line 146, in get_se
    wavs_folder = split_audio_whisper(audio_path, target_dir=target_dir, audio_name=audio_name)
  File "/home/ubuntu/OpenVoice/openvoice/se_extractor.py", line 29, in split_audio_whisper
    segments = list(segments)
  File "/home/ubuntu/miniconda3/envs/openvoice/lib/python3.9/site-packages/faster_whisper/transcribe.py", line 433, in generate_segments
    ) = self.generate_with_fallback(encoder_output, prompt, tokenizer, options)
  File "/home/ubuntu/miniconda3/envs/openvoice/lib/python3.9/site-packages/faster_whisper/transcribe.py", line 641, in generate_with_fallback
    result = self.model.generate(
RuntimeError: CUDA failed with error out of memory
Traceback (most recent call last):
  File "/home/ubuntu/OpenVoice/job.py", line 334, in <module>
    clone_voice(f"./projects/{i}/{j}")
  File "/home/ubuntu/OpenVoice/job.py", line 201, in clone_voice
    return(convert_color(projectfolder))
  File "/home/ubuntu/OpenVoice/job.py", line 277, in convert_color
    target_se, audio_name = se_extractor.get_se(ref_audio_path, tone_color_converter, vad=False)
  File "/home/ubuntu/OpenVoice/openvoice/se_extractor.py", line 146, in get_se
    wavs_folder = split_audio_whisper(audio_path, target_dir=target_dir, audio_name=audio_name)
  File "/home/ubuntu/OpenVoice/openvoice/se_extractor.py", line 29, in split_audio_whisper
    segments = list(segments)
  File "/home/ubuntu/miniconda3/envs/openvoice/lib/python3.9/site-packages/faster_whisper/transcribe.py", line 433, in generate_segments
    ) = self.generate_with_fallback(encoder_output, prompt, tokenizer, options)
  File "/home/ubuntu/miniconda3/envs/openvoice/lib/python3.9/site-packages/faster_whisper/transcribe.py", line 641, in generate_with_fallback
    result = self.model.generate(
RuntimeError: CUDA failed with error out of memory
Traceback (most recent call last):
  File "/home/ubuntu/OpenVoice/job.py", line 334, in <module>
    clone_voice(f"./projects/{i}/{j}")
  File "/home/ubuntu/OpenVoice/job.py", line 201, in clone_voice
    return(convert_color(projectfolder))
  File "/home/ubuntu/OpenVoice/job.py", line 277, in convert_color
    target_se, audio_name = se_extractor.get_se(ref_audio_path, tone_color_converter, vad=False)
  File "/home/ubuntu/OpenVoice/openvoice/se_extractor.py", line 150, in get_se
    raise NotImplementedError('No audio segments found!')
NotImplementedError: No audio segments found!
Traceback (most recent call last):
  File "/home/ubuntu/OpenVoice/job.py", line 334, in <module>
    clone_voice(f"./projects/{i}/{j}")
  File "/home/ubuntu/OpenVoice/job.py", line 201, in clone_voice
    return(convert_color(projectfolder))
  File "/home/ubuntu/OpenVoice/job.py", line 277, in convert_color
    target_se, audio_name = se_extractor.get_se(ref_audio_path, tone_color_converter, vad=False)
  File "/home/ubuntu/OpenVoice/openvoice/se_extractor.py", line 146, in get_se
    wavs_folder = split_audio_whisper(audio_path, target_dir=target_dir, audio_name=audio_name)
  File "/home/ubuntu/OpenVoice/openvoice/se_extractor.py", line 29, in split_audio_whisper
    segments = list(segments)
  File "/home/ubuntu/miniconda3/envs/openvoice/lib/python3.9/site-packages/faster_whisper/transcribe.py", line 433, in generate_segments
    ) = self.generate_with_fallback(encoder_output, prompt, tokenizer, options)
  File "/home/ubuntu/miniconda3/envs/openvoice/lib/python3.9/site-packages/faster_whisper/transcribe.py", line 641, in generate_with_fallback
    result = self.model.generate(
RuntimeError: CUDA failed with error out of memory
Traceback (most recent call last):
  File "/home/ubuntu/OpenVoice/job.py", line 334, in <module>
    clone_voice(f"./projects/{i}/{j}")
  File "/home/ubuntu/OpenVoice/job.py", line 201, in clone_voice
    return(convert_color(projectfolder))
  File "/home/ubuntu/OpenVoice/job.py", line 277, in convert_color
    target_se, audio_name = se_extractor.get_se(ref_audio_path, tone_color_converter, vad=False)
  File "/home/ubuntu/OpenVoice/openvoice/se_extractor.py", line 146, in get_se
    wavs_folder = split_audio_whisper(audio_path, target_dir=target_dir, audio_name=audio_name)
  File "/home/ubuntu/OpenVoice/openvoice/se_extractor.py", line 29, in split_audio_whisper
    segments = list(segments)
  File "/home/ubuntu/miniconda3/envs/openvoice/lib/python3.9/site-packages/faster_whisper/transcribe.py", line 433, in generate_segments
    ) = self.generate_with_fallback(encoder_output, prompt, tokenizer, options)
  File "/home/ubuntu/miniconda3/envs/openvoice/lib/python3.9/site-packages/faster_whisper/transcribe.py", line 641, in generate_with_fallback
    result = self.model.generate(
RuntimeError: CUDA failed with error out of memory
Traceback (most recent call last):
  File "/home/ubuntu/OpenVoice/job.py", line 334, in <module>
    clone_voice(f"./projects/{i}/{j}")
  File "/home/ubuntu/OpenVoice/job.py", line 201, in clone_voice
    return(convert_color(projectfolder))
  File "/home/ubuntu/OpenVoice/job.py", line 277, in convert_color
    target_se, audio_name = se_extractor.get_se(ref_audio_path, tone_color_converter, vad=False)
  File "/home/ubuntu/OpenVoice/openvoice/se_extractor.py", line 150, in get_se
    raise NotImplementedError('No audio segments found!')
NotImplementedError: No audio segments found!
Traceback (most recent call last):
  File "/home/ubuntu/OpenVoice/job.py", line 334, in <module>
    clone_voice(f"./projects/{i}/{j}")
  File "/home/ubuntu/OpenVoice/job.py", line 201, in clone_voice
    return(convert_color(projectfolder))
  File "/home/ubuntu/OpenVoice/job.py", line 277, in convert_color
    target_se, audio_name = se_extractor.get_se(ref_audio_path, tone_color_converter, vad=False)
  File "/home/ubuntu/OpenVoice/openvoice/se_extractor.py", line 150, in get_se
    raise NotImplementedError('No audio segments found!')
NotImplementedError: No audio segments found!
Traceback (most recent call last):
  File "/home/ubuntu/OpenVoice/job.py", line 334, in <module>
    clone_voice(f"./projects/{i}/{j}")
  File "/home/ubuntu/OpenVoice/job.py", line 201, in clone_voice
    return(convert_color(projectfolder))
  File "/home/ubuntu/OpenVoice/job.py", line 277, in convert_color
    target_se, audio_name = se_extractor.get_se(ref_audio_path, tone_color_converter, vad=False)
  File "/home/ubuntu/OpenVoice/openvoice/se_extractor.py", line 146, in get_se
    wavs_folder = split_audio_whisper(audio_path, target_dir=target_dir, audio_name=audio_name)
  File "/home/ubuntu/OpenVoice/openvoice/se_extractor.py", line 29, in split_audio_whisper
    segments = list(segments)
  File "/home/ubuntu/miniconda3/envs/openvoice/lib/python3.9/site-packages/faster_whisper/transcribe.py", line 433, in generate_segments
    ) = self.generate_with_fallback(encoder_output, prompt, tokenizer, options)
  File "/home/ubuntu/miniconda3/envs/openvoice/lib/python3.9/site-packages/faster_whisper/transcribe.py", line 641, in generate_with_fallback
    result = self.model.generate(
RuntimeError: CUDA failed with error out of memory
Traceback (most recent call last):
  File "/home/ubuntu/OpenVoice/job.py", line 334, in <module>
    clone_voice(f"./projects/{i}/{j}")
  File "/home/ubuntu/OpenVoice/job.py", line 201, in clone_voice
    return(convert_color(projectfolder))
  File "/home/ubuntu/OpenVoice/job.py", line 277, in convert_color
    target_se, audio_name = se_extractor.get_se(ref_audio_path, tone_color_converter, vad=False)
  File "/home/ubuntu/OpenVoice/openvoice/se_extractor.py", line 146, in get_se
    wavs_folder = split_audio_whisper(audio_path, target_dir=target_dir, audio_name=audio_name)
  File "/home/ubuntu/OpenVoice/openvoice/se_extractor.py", line 29, in split_audio_whisper
    segments = list(segments)
  File "/home/ubuntu/miniconda3/envs/openvoice/lib/python3.9/site-packages/faster_whisper/transcribe.py", line 433, in generate_segments
    ) = self.generate_with_fallback(encoder_output, prompt, tokenizer, options)
  File "/home/ubuntu/miniconda3/envs/openvoice/lib/python3.9/site-packages/faster_whisper/transcribe.py", line 641, in generate_with_fallback
    result = self.model.generate(
RuntimeError: CUDA failed with error out of memory
Traceback (most recent call last):
  File "/home/ubuntu/OpenVoice/job.py", line 334, in <module>
    clone_voice(f"./projects/{i}/{j}")
  File "/home/ubuntu/OpenVoice/job.py", line 201, in clone_voice
    return(convert_color(projectfolder))
  File "/home/ubuntu/OpenVoice/job.py", line 277, in convert_color
    target_se, audio_name = se_extractor.get_se(ref_audio_path, tone_color_converter, vad=False)
  File "/home/ubuntu/OpenVoice/openvoice/se_extractor.py", line 150, in get_se
    raise NotImplementedError('No audio segments found!')
NotImplementedError: No audio segments found!
Traceback (most recent call last):
  File "/home/ubuntu/OpenVoice/job.py", line 334, in <module>
    clone_voice(f"./projects/{i}/{j}")
  File "/home/ubuntu/OpenVoice/job.py", line 201, in clone_voice
    return(convert_color(projectfolder))
  File "/home/ubuntu/OpenVoice/job.py", line 277, in convert_color
    target_se, audio_name = se_extractor.get_se(ref_audio_path, tone_color_converter, vad=False)
  File "/home/ubuntu/OpenVoice/openvoice/se_extractor.py", line 150, in get_se
    raise NotImplementedError('No audio segments found!')
NotImplementedError: No audio segments found!
Traceback (most recent call last):
  File "/home/ubuntu/OpenVoice/job.py", line 334, in <module>
    clone_voice(f"./projects/{i}/{j}")
  File "/home/ubuntu/OpenVoice/job.py", line 201, in clone_voice
    return(convert_color(projectfolder))
  File "/home/ubuntu/OpenVoice/job.py", line 277, in convert_color
    target_se, audio_name = se_extractor.get_se(ref_audio_path, tone_color_converter, vad=False)
  File "/home/ubuntu/OpenVoice/openvoice/se_extractor.py", line 150, in get_se
    raise NotImplementedError('No audio segments found!')
NotImplementedError: No audio segments found!
Traceback (most recent call last):
  File "/home/ubuntu/OpenVoice/job.py", line 334, in <module>
    clone_voice(f"./projects/{i}/{j}")
  File "/home/ubuntu/OpenVoice/job.py", line 201, in clone_voice
    return(convert_color(projectfolder))
  File "/home/ubuntu/OpenVoice/job.py", line 277, in convert_color
    target_se, audio_name = se_extractor.get_se(ref_audio_path, tone_color_converter, vad=False)
  File "/home/ubuntu/OpenVoice/openvoice/se_extractor.py", line 150, in get_se
    raise NotImplementedError('No audio segments found!')
NotImplementedError: No audio segments found!
Traceback (most recent call last):
  File "/home/ubuntu/miniconda3/envs/openvoice/lib/python3.9/site-packages/librosa/core/audio.py", line 155, in load
    context = sf.SoundFile(path)
  File "/home/ubuntu/miniconda3/envs/openvoice/lib/python3.9/site-packages/soundfile.py", line 658, in __init__
    self._file = self._open(file, mode_int, closefd)
  File "/home/ubuntu/miniconda3/envs/openvoice/lib/python3.9/site-packages/soundfile.py", line 1216, in _open
    raise LibsndfileError(err, prefix="Error opening {0!r}: ".format(self.name))
soundfile.LibsndfileError: Error opening './projects/f3561af1-c99d-4f39-9f7a-52be83f77186/0/3_clone_Instant#hi-IN-RehaanNeural.mp3': File does not exist or is not a regular file (possibly a pipe?).

During handling of the above exception, another exception occurred:

Traceback (most recent call last):
  File "/home/ubuntu/OpenVoice/job.py", line 334, in <module>
    clone_voice(f"./projects/{i}/{j}")
  File "/home/ubuntu/OpenVoice/job.py", line 201, in clone_voice
    return(convert_color(projectfolder))
  File "/home/ubuntu/OpenVoice/job.py", line 314, in convert_color
    tone_color_converter.convert(
  File "/home/ubuntu/OpenVoice/openvoice/api.py", line 144, in convert
    audio, sample_rate = librosa.load(audio_src_path, sr=hps.data.sampling_rate)
  File "/home/ubuntu/miniconda3/envs/openvoice/lib/python3.9/site-packages/librosa/util/decorators.py", line 88, in inner_f
    return f(*args, **kwargs)
  File "/home/ubuntu/miniconda3/envs/openvoice/lib/python3.9/site-packages/librosa/core/audio.py", line 174, in load
    y, sr_native = __audioread_load(path, offset, duration, dtype)
  File "/home/ubuntu/miniconda3/envs/openvoice/lib/python3.9/site-packages/librosa/core/audio.py", line 198, in __audioread_load
    with audioread.audio_open(path) as input_file:
  File "/home/ubuntu/miniconda3/envs/openvoice/lib/python3.9/site-packages/audioread/__init__.py", line 127, in audio_open
    return BackendClass(path)
  File "/home/ubuntu/miniconda3/envs/openvoice/lib/python3.9/site-packages/audioread/rawread.py", line 62, in __init__
    self._file = aifc.open(self._fh)
  File "/home/ubuntu/miniconda3/envs/openvoice/lib/python3.9/aifc.py", line 917, in open
    return Aifc_read(f)
  File "/home/ubuntu/miniconda3/envs/openvoice/lib/python3.9/aifc.py", line 358, in __init__
    self.initfp(f)
  File "/home/ubuntu/miniconda3/envs/openvoice/lib/python3.9/aifc.py", line 314, in initfp
    chunk = Chunk(file)
  File "/home/ubuntu/miniconda3/envs/openvoice/lib/python3.9/chunk.py", line 63, in __init__
    raise EOFError
EOFError
Traceback (most recent call last):
  File "/home/ubuntu/OpenVoice/job.py", line 334, in <module>
    clone_voice(f"./projects/{i}/{j}")
  File "/home/ubuntu/OpenVoice/job.py", line 201, in clone_voice
    return(convert_color(projectfolder))
  File "/home/ubuntu/OpenVoice/job.py", line 277, in convert_color
    target_se, audio_name = se_extractor.get_se(ref_audio_path, tone_color_converter, vad=False)
  File "/home/ubuntu/OpenVoice/openvoice/se_extractor.py", line 150, in get_se
    raise NotImplementedError('No audio segments found!')
NotImplementedError: No audio segments found!
Traceback (most recent call last):
  File "/home/ubuntu/OpenVoice/job.py", line 334, in <module>
    clone_voice(f"./projects/{i}/{j}")
  File "/home/ubuntu/OpenVoice/job.py", line 201, in clone_voice
    return(convert_color(projectfolder))
  File "/home/ubuntu/OpenVoice/job.py", line 277, in convert_color
    target_se, audio_name = se_extractor.get_se(ref_audio_path, tone_color_converter, vad=False)
  File "/home/ubuntu/OpenVoice/openvoice/se_extractor.py", line 150, in get_se
    raise NotImplementedError('No audio segments found!')
NotImplementedError: No audio segments found!
Traceback (most recent call last):
  File "/home/ubuntu/OpenVoice/job.py", line 334, in <module>
    clone_voice(f"./projects/{i}/{j}")
  File "/home/ubuntu/OpenVoice/job.py", line 201, in clone_voice
    return(convert_color(projectfolder))
  File "/home/ubuntu/OpenVoice/job.py", line 277, in convert_color
    target_se, audio_name = se_extractor.get_se(ref_audio_path, tone_color_converter, vad=False)
  File "/home/ubuntu/OpenVoice/openvoice/se_extractor.py", line 150, in get_se
    raise NotImplementedError('No audio segments found!')
NotImplementedError: No audio segments found!
Traceback (most recent call last):
  File "/home/ubuntu/OpenVoice/job.py", line 334, in <module>
    clone_voice(f"./projects/{i}/{j}")
  File "/home/ubuntu/OpenVoice/job.py", line 201, in clone_voice
    return(convert_color(projectfolder))
  File "/home/ubuntu/OpenVoice/job.py", line 277, in convert_color
    target_se, audio_name = se_extractor.get_se(ref_audio_path, tone_color_converter, vad=False)
  File "/home/ubuntu/OpenVoice/openvoice/se_extractor.py", line 150, in get_se
    raise NotImplementedError('No audio segments found!')
NotImplementedError: No audio segments found!
Traceback (most recent call last):
  File "/home/ubuntu/OpenVoice/job.py", line 334, in <module>
    clone_voice(f"./projects/{i}/{j}")
  File "/home/ubuntu/OpenVoice/job.py", line 201, in clone_voice
    return(convert_color(projectfolder))
  File "/home/ubuntu/OpenVoice/job.py", line 277, in convert_color
    target_se, audio_name = se_extractor.get_se(ref_audio_path, tone_color_converter, vad=False)
  File "/home/ubuntu/OpenVoice/openvoice/se_extractor.py", line 150, in get_se
    raise NotImplementedError('No audio segments found!')
NotImplementedError: No audio segments found!
Traceback (most recent call last):
  File "/home/ubuntu/OpenVoice/job.py", line 334, in <module>
    clone_voice(f"./projects/{i}/{j}")
  File "/home/ubuntu/OpenVoice/job.py", line 201, in clone_voice
    return(convert_color(projectfolder))
  File "/home/ubuntu/OpenVoice/job.py", line 277, in convert_color
    target_se, audio_name = se_extractor.get_se(ref_audio_path, tone_color_converter, vad=False)
  File "/home/ubuntu/OpenVoice/openvoice/se_extractor.py", line 150, in get_se
    raise NotImplementedError('No audio segments found!')
NotImplementedError: No audio segments found!
Traceback (most recent call last):
  File "/home/ubuntu/OpenVoice/job.py", line 334, in <module>
    clone_voice(f"./projects/{i}/{j}")
  File "/home/ubuntu/OpenVoice/job.py", line 201, in clone_voice
    return(convert_color(projectfolder))
  File "/home/ubuntu/OpenVoice/job.py", line 277, in convert_color
    target_se, audio_name = se_extractor.get_se(ref_audio_path, tone_color_converter, vad=False)
  File "/home/ubuntu/OpenVoice/openvoice/se_extractor.py", line 150, in get_se
    raise NotImplementedError('No audio segments found!')
NotImplementedError: No audio segments found!
